[2026-06-10T01:53:03.483+0000] {local_task_job_runner.py:120} INFO - ::group::Pre task execution logs
[2026-06-10T01:53:03.975+0000] {taskinstance.py:2073} INFO - Dependencies all met for dep_context=non-requeueable deps ti=<TaskInstance: e-commerce_kafka_streaming_pipeline_v10.run_bronze scheduled__2026-06-09T17:00:00+00:00 [queued]>
[2026-06-10T01:53:04.055+0000] {taskinstance.py:2073} INFO - Dependencies all met for dep_context=requeueable deps ti=<TaskInstance: e-commerce_kafka_streaming_pipeline_v10.run_bronze scheduled__2026-06-09T17:00:00+00:00 [queued]>
[2026-06-10T01:53:04.058+0000] {taskinstance.py:2303} INFO - Starting attempt 2 of 2
[2026-06-10T01:53:04.228+0000] {taskinstance.py:2327} INFO - Executing <Task(BashOperator): run_bronze> on 2026-06-09 17:00:00+00:00
[2026-06-10T01:53:04.293+0000] {standard_task_runner.py:90} INFO - Running: ['***', 'tasks', 'run', 'e-commerce_kafka_streaming_pipeline_v10', 'run_bronze', 'scheduled__2026-06-09T17:00:00+00:00', '--job-id', '121', '--raw', '--subdir', 'DAGS_FOLDER/sdp_pipeline_dag.py', '--cfg-path', '/tmp/tmpvhtedql2']
[2026-06-10T01:53:04.345+0000] {standard_task_runner.py:91} INFO - Job 121: Subtask run_bronze
[2026-06-10T01:53:04.402+0000] {logging_mixin.py:188} WARNING - /home/***/.local/lib/python3.12/site-packages/***/task/task_runner/standard_task_runner.py:61 DeprecationWarning: This process (pid=5849) is multi-threaded, use of fork() may lead to deadlocks in the child.
[2026-06-10T01:53:04.420+0000] {standard_task_runner.py:63} INFO - Started process 5858 to run task
[2026-06-10T01:53:05.004+0000] {task_command.py:426} INFO - Running <TaskInstance: e-commerce_kafka_streaming_pipeline_v10.run_bronze scheduled__2026-06-09T17:00:00+00:00 [running]> on host 19d9c0c71dcc
[2026-06-10T01:53:06.026+0000] {taskinstance.py:2644} INFO - Exporting env vars: AIRFLOW_CTX_DAG_OWNER='dev' AIRFLOW_CTX_DAG_ID='e-commerce_kafka_streaming_pipeline_v10' AIRFLOW_CTX_TASK_ID='run_bronze' AIRFLOW_CTX_EXECUTION_DATE='2026-06-09T17:00:00+00:00' AIRFLOW_CTX_TRY_NUMBER='2' AIRFLOW_CTX_DAG_RUN_ID='scheduled__2026-06-09T17:00:00+00:00'
[2026-06-10T01:53:06.035+0000] {taskinstance.py:430} INFO - ::endgroup::
[2026-06-10T01:53:06.221+0000] {subprocess.py:63} INFO - Tmp dir root location: /tmp
[2026-06-10T01:53:06.250+0000] {subprocess.py:75} INFO - Running command: ['/usr/bin/bash', '-c', 'timeout 120s docker run --rm --network streaming_kafka_project_sdp-net --volume /d/Streaming_kafka_project/pipelines:/opt/pipelines --volume /d/Streaming_kafka_project/data:/opt/data --volume /d/Streaming_kafka_project/checkpoints:/opt/checkpoints --volume /d/Streaming_kafka_project/jars:/opt/jars apache/spark:3.5.1 /opt/spark/bin/spark-submit --master spark://sdp-spark-master:7077 --executor-cores 1 --executor-memory 512m --total-executor-cores 3 --jars /opt/jars/delta-spark_2.12-3.2.0.jar,/opt/jars/delta-storage-3.2.0.jar,/opt/jars/spark-sql-kafka-0-10_2.12-3.5.1.jar,/opt/jars/kafka-clients-3.4.1.jar,/opt/jars/spark-token-provider-kafka-0-10_2.12-3.5.1.jar,/opt/jars/commons-pool2-2.11.1.jar --conf spark.sql.extensions=io.delta.sql.DeltaSparkSessionExtension --conf spark.sql.catalog.spark_catalog=org.apache.spark.sql.delta.catalog.DeltaCatalog  /opt/pipelines/bronze_runner.py']
[2026-06-10T01:53:06.375+0000] {subprocess.py:86} INFO - Output:
[2026-06-10T01:53:30.372+0000] {subprocess.py:93} INFO - 26/06/10 01:53:30 WARN NativeCodeLoader: Unable to load native-hadoop library for your platform... using builtin-java classes where applicable
[2026-06-10T01:53:36.465+0000] {subprocess.py:93} INFO - 26/06/10 01:53:36 INFO SparkContext: Running Spark version 3.5.1
[2026-06-10T01:53:36.470+0000] {subprocess.py:93} INFO - 26/06/10 01:53:36 INFO SparkContext: OS info Linux, 6.6.114.1-microsoft-standard-WSL2, amd64
[2026-06-10T01:53:36.486+0000] {subprocess.py:93} INFO - 26/06/10 01:53:36 INFO SparkContext: Java version 11.0.22
[2026-06-10T01:53:36.790+0000] {subprocess.py:93} INFO - 26/06/10 01:53:36 INFO ResourceUtils: ==============================================================
[2026-06-10T01:53:36.856+0000] {subprocess.py:93} INFO - 26/06/10 01:53:36 INFO ResourceUtils: No custom resources configured for spark.driver.
[2026-06-10T01:53:36.872+0000] {subprocess.py:93} INFO - 26/06/10 01:53:36 INFO ResourceUtils: ==============================================================
[2026-06-10T01:53:36.890+0000] {subprocess.py:93} INFO - 26/06/10 01:53:36 INFO SparkContext: Submitted application: SDP-Bronze
[2026-06-10T01:53:37.246+0000] {subprocess.py:93} INFO - 26/06/10 01:53:37 INFO ResourceProfile: Default ResourceProfile created, executor resources: Map(cores -> name: cores, amount: 1, script: , vendor: , memory -> name: memory, amount: 512, script: , vendor: , offHeap -> name: offHeap, amount: 0, script: , vendor: ), task resources: Map(cpus -> name: cpus, amount: 1.0)
[2026-06-10T01:53:37.361+0000] {subprocess.py:93} INFO - 26/06/10 01:53:37 INFO ResourceProfile: Limiting resource is cpus at 1 tasks per executor
[2026-06-10T01:53:37.398+0000] {subprocess.py:93} INFO - 26/06/10 01:53:37 INFO ResourceProfileManager: Added ResourceProfile id: 0
[2026-06-10T01:53:37.731+0000] {subprocess.py:93} INFO - 26/06/10 01:53:37 INFO SecurityManager: Changing view acls to: spark
[2026-06-10T01:53:37.754+0000] {subprocess.py:93} INFO - 26/06/10 01:53:37 INFO SecurityManager: Changing modify acls to: spark
[2026-06-10T01:53:37.755+0000] {subprocess.py:93} INFO - 26/06/10 01:53:37 INFO SecurityManager: Changing view acls groups to:
[2026-06-10T01:53:37.760+0000] {subprocess.py:93} INFO - 26/06/10 01:53:37 INFO SecurityManager: Changing modify acls groups to:
[2026-06-10T01:53:37.762+0000] {subprocess.py:93} INFO - 26/06/10 01:53:37 INFO SecurityManager: SecurityManager: authentication disabled; ui acls disabled; users with view permissions: spark; groups with view permissions: EMPTY; users with modify permissions: spark; groups with modify permissions: EMPTY
[2026-06-10T01:53:40.400+0000] {subprocess.py:93} INFO - 26/06/10 01:53:40 INFO Utils: Successfully started service 'sparkDriver' on port 35215.
[2026-06-10T01:53:40.614+0000] {subprocess.py:93} INFO - 26/06/10 01:53:40 INFO SparkEnv: Registering MapOutputTracker
[2026-06-10T01:53:41.411+0000] {subprocess.py:93} INFO - 26/06/10 01:53:41 INFO SparkEnv: Registering BlockManagerMaster
[2026-06-10T01:53:41.782+0000] {subprocess.py:93} INFO - 26/06/10 01:53:41 INFO BlockManagerMasterEndpoint: Using org.apache.spark.storage.DefaultTopologyMapper for getting topology information
[2026-06-10T01:53:41.796+0000] {subprocess.py:93} INFO - 26/06/10 01:53:41 INFO BlockManagerMasterEndpoint: BlockManagerMasterEndpoint up
[2026-06-10T01:53:41.835+0000] {subprocess.py:93} INFO - 26/06/10 01:53:41 INFO SparkEnv: Registering BlockManagerMasterHeartbeat
[2026-06-10T01:53:42.131+0000] {subprocess.py:93} INFO - 26/06/10 01:53:42 INFO DiskBlockManager: Created local directory at /tmp/blockmgr-1d496a07-f264-45fb-aad0-085a26e80878
[2026-06-10T01:53:42.236+0000] {subprocess.py:93} INFO - 26/06/10 01:53:42 INFO MemoryStore: MemoryStore started with capacity 434.4 MiB
[2026-06-10T01:53:42.471+0000] {subprocess.py:93} INFO - 26/06/10 01:53:42 INFO SparkEnv: Registering OutputCommitCoordinator
[2026-06-10T01:53:43.546+0000] {subprocess.py:93} INFO - 26/06/10 01:53:43 INFO JettyUtils: Start Jetty 0.0.0.0:4040 for SparkUI
[2026-06-10T01:53:43.952+0000] {subprocess.py:93} INFO - 26/06/10 01:53:43 INFO Utils: Successfully started service 'SparkUI' on port 4040.
[2026-06-10T01:53:44.243+0000] {subprocess.py:93} INFO - 26/06/10 01:53:44 INFO SparkContext: Added JAR file:///opt/jars/delta-spark_2.12-3.2.0.jar at spark://0699e231d479:35215/jars/delta-spark_2.12-3.2.0.jar with timestamp 1781056416334
[2026-06-10T01:53:44.244+0000] {subprocess.py:93} INFO - 26/06/10 01:53:44 INFO SparkContext: Added JAR file:///opt/jars/delta-storage-3.2.0.jar at spark://0699e231d479:35215/jars/delta-storage-3.2.0.jar with timestamp 1781056416334
[2026-06-10T01:53:44.263+0000] {subprocess.py:93} INFO - 26/06/10 01:53:44 INFO SparkContext: Added JAR file:///opt/jars/spark-sql-kafka-0-10_2.12-3.5.1.jar at spark://0699e231d479:35215/jars/spark-sql-kafka-0-10_2.12-3.5.1.jar with timestamp 1781056416334
[2026-06-10T01:53:44.277+0000] {subprocess.py:93} INFO - 26/06/10 01:53:44 INFO SparkContext: Added JAR file:///opt/jars/kafka-clients-3.4.1.jar at spark://0699e231d479:35215/jars/kafka-clients-3.4.1.jar with timestamp 1781056416334
[2026-06-10T01:53:44.278+0000] {subprocess.py:93} INFO - 26/06/10 01:53:44 INFO SparkContext: Added JAR file:///opt/jars/spark-token-provider-kafka-0-10_2.12-3.5.1.jar at spark://0699e231d479:35215/jars/spark-token-provider-kafka-0-10_2.12-3.5.1.jar with timestamp 1781056416334
[2026-06-10T01:53:44.280+0000] {subprocess.py:93} INFO - 26/06/10 01:53:44 INFO SparkContext: Added JAR file:///opt/jars/commons-pool2-2.11.1.jar at spark://0699e231d479:35215/jars/commons-pool2-2.11.1.jar with timestamp 1781056416334
[2026-06-10T01:53:45.230+0000] {subprocess.py:93} INFO - 26/06/10 01:53:45 INFO StandaloneAppClient$ClientEndpoint: Connecting to master spark://sdp-spark-master:7077...
[2026-06-10T01:53:45.648+0000] {subprocess.py:93} INFO - 26/06/10 01:53:45 INFO TransportClientFactory: Successfully created connection to sdp-spark-master/172.18.0.4:7077 after 230 ms (0 ms spent in bootstraps)
[2026-06-10T01:53:46.483+0000] {subprocess.py:93} INFO - 26/06/10 01:53:46 INFO StandaloneSchedulerBackend: Connected to Spark cluster with app ID app-20260610015346-0052
[2026-06-10T01:53:46.531+0000] {subprocess.py:93} INFO - 26/06/10 01:53:46 INFO StandaloneAppClient$ClientEndpoint: Executor added: app-20260610015346-0052/0 on worker-20260608131402-172.18.0.6-44005 (172.18.0.6:44005) with 1 core(s)
[2026-06-10T01:53:46.571+0000] {subprocess.py:93} INFO - 26/06/10 01:53:46 INFO StandaloneSchedulerBackend: Granted executor ID app-20260610015346-0052/0 on hostPort 172.18.0.6:44005 with 1 core(s), 512.0 MiB RAM
[2026-06-10T01:53:46.602+0000] {subprocess.py:93} INFO - 26/06/10 01:53:46 INFO StandaloneAppClient$ClientEndpoint: Executor added: app-20260610015346-0052/1 on worker-20260608131402-172.18.0.6-44005 (172.18.0.6:44005) with 1 core(s)
[2026-06-10T01:53:46.611+0000] {subprocess.py:93} INFO - 26/06/10 01:53:46 INFO StandaloneSchedulerBackend: Granted executor ID app-20260610015346-0052/1 on hostPort 172.18.0.6:44005 with 1 core(s), 512.0 MiB RAM
[2026-06-10T01:53:46.615+0000] {subprocess.py:93} INFO - 26/06/10 01:53:46 INFO StandaloneAppClient$ClientEndpoint: Executor added: app-20260610015346-0052/2 on worker-20260608131402-172.18.0.5-38399 (172.18.0.5:38399) with 1 core(s)
[2026-06-10T01:53:46.617+0000] {subprocess.py:93} INFO - 26/06/10 01:53:46 INFO StandaloneSchedulerBackend: Granted executor ID app-20260610015346-0052/2 on hostPort 172.18.0.5:38399 with 1 core(s), 512.0 MiB RAM
[2026-06-10T01:53:46.730+0000] {subprocess.py:93} INFO - 26/06/10 01:53:46 INFO Utils: Successfully started service 'org.apache.spark.network.netty.NettyBlockTransferService' on port 42577.
[2026-06-10T01:53:46.732+0000] {subprocess.py:93} INFO - 26/06/10 01:53:46 INFO NettyBlockTransferService: Server created on 0699e231d479:42577
[2026-06-10T01:53:46.754+0000] {subprocess.py:93} INFO - 26/06/10 01:53:46 INFO BlockManager: Using org.apache.spark.storage.RandomBlockReplicationPolicy for block replication policy
[2026-06-10T01:53:46.833+0000] {subprocess.py:93} INFO - 26/06/10 01:53:46 INFO BlockManagerMaster: Registering BlockManager BlockManagerId(driver, 0699e231d479, 42577, None)
[2026-06-10T01:53:46.846+0000] {subprocess.py:93} INFO - 26/06/10 01:53:46 INFO BlockManagerMasterEndpoint: Registering block manager 0699e231d479:42577 with 434.4 MiB RAM, BlockManagerId(driver, 0699e231d479, 42577, None)
[2026-06-10T01:53:46.868+0000] {subprocess.py:93} INFO - 26/06/10 01:53:46 INFO BlockManagerMaster: Registered BlockManager BlockManagerId(driver, 0699e231d479, 42577, None)
[2026-06-10T01:53:46.881+0000] {subprocess.py:93} INFO - 26/06/10 01:53:46 INFO BlockManager: Initialized BlockManager: BlockManagerId(driver, 0699e231d479, 42577, None)
[2026-06-10T01:53:47.279+0000] {subprocess.py:93} INFO - 26/06/10 01:53:47 INFO StandaloneAppClient$ClientEndpoint: Executor updated: app-20260610015346-0052/1 is now RUNNING
[2026-06-10T01:53:47.280+0000] {subprocess.py:93} INFO - 26/06/10 01:53:47 INFO StandaloneAppClient$ClientEndpoint: Executor updated: app-20260610015346-0052/0 is now RUNNING
[2026-06-10T01:53:47.419+0000] {subprocess.py:93} INFO - 26/06/10 01:53:47 INFO StandaloneAppClient$ClientEndpoint: Executor updated: app-20260610015346-0052/2 is now RUNNING
[2026-06-10T01:53:50.185+0000] {subprocess.py:93} INFO - 26/06/10 01:53:50 INFO StandaloneSchedulerBackend: SchedulerBackend is ready for scheduling beginning after reached minRegisteredResourcesRatio: 0.0
[2026-06-10T01:53:54.100+0000] {subprocess.py:93} INFO - Starting stream: orders -> /opt/data/bronze/orders
[2026-06-10T01:55:13.787+0000] {subprocess.py:97} INFO - Command exited with return code 124
[2026-06-10T01:55:13.817+0000] {taskinstance.py:441} INFO - ::group::Post task execution logs
[2026-06-10T01:55:13.936+0000] {taskinstance.py:2890} ERROR - Task failed with exception
Traceback (most recent call last):
  File "/home/airflow/.local/lib/python3.12/site-packages/airflow/models/taskinstance.py", line 465, in _execute_task
    result = _execute_callable(context=context, **execute_callable_kwargs)
             ^^^^^^^^^^^^^^^^^^^^^^^^^^^^^^^^^^^^^^^^^^^^^^^^^^^^^^^^^^^^^
  File "/home/airflow/.local/lib/python3.12/site-packages/airflow/models/taskinstance.py", line 432, in _execute_callable
    return execute_callable(context=context, **execute_callable_kwargs)
           ^^^^^^^^^^^^^^^^^^^^^^^^^^^^^^^^^^^^^^^^^^^^^^^^^^^^^^^^^^^^
  File "/home/airflow/.local/lib/python3.12/site-packages/airflow/models/baseoperator.py", line 400, in wrapper
    return func(self, *args, **kwargs)
           ^^^^^^^^^^^^^^^^^^^^^^^^^^^
  File "/home/airflow/.local/lib/python3.12/site-packages/airflow/operators/bash.py", line 243, in execute
    raise AirflowException(
airflow.exceptions.AirflowException: Bash command failed. The command returned a non-zero exit code 124.
[2026-06-10T01:55:13.972+0000] {taskinstance.py:1205} INFO - Marking task as FAILED. dag_id=e-commerce_kafka_streaming_pipeline_v10, task_id=run_bronze, execution_date=20260609T170000, start_date=20260610T015303, end_date=20260610T015513
[2026-06-10T01:55:14.130+0000] {standard_task_runner.py:110} ERROR - Failed to execute job 121 for task run_bronze (Bash command failed. The command returned a non-zero exit code 124.; 5858)
[2026-06-10T01:55:14.282+0000] {local_task_job_runner.py:240} INFO - Task exited with return code 1
[2026-06-10T01:55:14.492+0000] {taskinstance.py:3482} INFO - 0 downstream tasks scheduled from follow-on schedule check
[2026-06-10T01:55:14.560+0000] {local_task_job_runner.py:222} INFO - ::endgroup::
