[2026-07-22T07:04:16.665+0000] {local_task_job_runner.py:120} INFO - ::group::Pre task execution logs
[2026-07-22T07:04:16.745+0000] {taskinstance.py:2073} INFO - Dependencies all met for dep_context=non-requeueable deps ti=<TaskInstance: e-commerce_kafka_streaming_pipeline_v1.run_gold scheduled__2026-07-22T06:00:00+00:00 [queued]>
[2026-07-22T07:04:16.766+0000] {taskinstance.py:2073} INFO - Dependencies all met for dep_context=requeueable deps ti=<TaskInstance: e-commerce_kafka_streaming_pipeline_v1.run_gold scheduled__2026-07-22T06:00:00+00:00 [queued]>
[2026-07-22T07:04:16.767+0000] {taskinstance.py:2303} INFO - Starting attempt 1 of 2
[2026-07-22T07:04:16.789+0000] {taskinstance.py:2327} INFO - Executing <Task(BashOperator): run_gold> on 2026-07-22 06:00:00+00:00
[2026-07-22T07:04:16.829+0000] {standard_task_runner.py:90} INFO - Running: ['***', 'tasks', 'run', 'e-commerce_kafka_streaming_pipeline_v1', 'run_gold', 'scheduled__2026-07-22T06:00:00+00:00', '--job-id', '351', '--raw', '--subdir', 'DAGS_FOLDER/sdp_pipeline_dag.py', '--cfg-path', '/tmp/tmp0m_5ea_g']
[2026-07-22T07:04:16.863+0000] {standard_task_runner.py:91} INFO - Job 351: Subtask run_gold
[2026-07-22T07:04:16.889+0000] {logging_mixin.py:188} WARNING - /home/***/.local/lib/python3.12/site-packages/***/task/task_runner/standard_task_runner.py:61 DeprecationWarning: This process (pid=18256) is multi-threaded, use of fork() may lead to deadlocks in the child.
[2026-07-22T07:04:16.891+0000] {standard_task_runner.py:63} INFO - Started process 18257 to run task
[2026-07-22T07:04:16.973+0000] {task_command.py:426} INFO - Running <TaskInstance: e-commerce_kafka_streaming_pipeline_v1.run_gold scheduled__2026-07-22T06:00:00+00:00 [running]> on host da27550080bf
[2026-07-22T07:04:17.105+0000] {taskinstance.py:2644} INFO - Exporting env vars: AIRFLOW_CTX_DAG_OWNER='dev' AIRFLOW_CTX_DAG_ID='e-commerce_kafka_streaming_pipeline_v1' AIRFLOW_CTX_TASK_ID='run_gold' AIRFLOW_CTX_EXECUTION_DATE='2026-07-22T06:00:00+00:00' AIRFLOW_CTX_TRY_NUMBER='1' AIRFLOW_CTX_DAG_RUN_ID='scheduled__2026-07-22T06:00:00+00:00'
[2026-07-22T07:04:17.107+0000] {taskinstance.py:430} INFO - ::endgroup::
[2026-07-22T07:04:17.136+0000] {subprocess.py:63} INFO - Tmp dir root location: /tmp
[2026-07-22T07:04:17.141+0000] {subprocess.py:75} INFO - Running command: ['/usr/bin/bash', '-c', 'docker run --rm --network streaming_kafka_project_sdp-net --volume /d/Streaming_kafka_project/pipelines:/opt/pipelines --volume /d/Streaming_kafka_project/data:/opt/data --volume /d/Streaming_kafka_project/checkpoints:/opt/checkpoints --volume /d/Streaming_kafka_project/jars:/opt/jars apache/spark:3.5.1 /opt/spark/bin/spark-submit --master spark://sdp-spark-master:7077 --executor-cores 1 --executor-memory 512m --total-executor-cores 3 --jars /opt/jars/delta-spark_2.12-3.2.0.jar,/opt/jars/delta-storage-3.2.0.jar,/opt/jars/spark-sql-kafka-0-10_2.12-3.5.1.jar,/opt/jars/kafka-clients-3.4.1.jar,/opt/jars/spark-token-provider-kafka-0-10_2.12-3.5.1.jar,/opt/jars/commons-pool2-2.11.1.jar --conf spark.sql.extensions=io.delta.sql.DeltaSparkSessionExtension --conf spark.sql.catalog.spark_catalog=org.apache.spark.sql.delta.catalog.DeltaCatalog  /opt/pipelines/gold_runner.py']
[2026-07-22T07:04:17.157+0000] {subprocess.py:86} INFO - Output:
[2026-07-22T07:04:19.987+0000] {subprocess.py:93} INFO - 26/07/22 07:04:19 WARN NativeCodeLoader: Unable to load native-hadoop library for your platform... using builtin-java classes where applicable
[2026-07-22T07:04:20.793+0000] {subprocess.py:93} INFO - 26/07/22 07:04:20 INFO SparkContext: Running Spark version 3.5.1
[2026-07-22T07:04:20.794+0000] {subprocess.py:93} INFO - 26/07/22 07:04:20 INFO SparkContext: OS info Linux, 6.18.33.2-microsoft-standard-WSL2, amd64
[2026-07-22T07:04:20.796+0000] {subprocess.py:93} INFO - 26/07/22 07:04:20 INFO SparkContext: Java version 11.0.22
[2026-07-22T07:04:20.836+0000] {subprocess.py:93} INFO - 26/07/22 07:04:20 INFO ResourceUtils: ==============================================================
[2026-07-22T07:04:20.838+0000] {subprocess.py:93} INFO - 26/07/22 07:04:20 INFO ResourceUtils: No custom resources configured for spark.driver.
[2026-07-22T07:04:20.839+0000] {subprocess.py:93} INFO - 26/07/22 07:04:20 INFO ResourceUtils: ==============================================================
[2026-07-22T07:04:20.840+0000] {subprocess.py:93} INFO - 26/07/22 07:04:20 INFO SparkContext: Submitted application: SDP-Gold
[2026-07-22T07:04:20.880+0000] {subprocess.py:93} INFO - 26/07/22 07:04:20 INFO ResourceProfile: Default ResourceProfile created, executor resources: Map(cores -> name: cores, amount: 1, script: , vendor: , memory -> name: memory, amount: 512, script: , vendor: , offHeap -> name: offHeap, amount: 0, script: , vendor: ), task resources: Map(cpus -> name: cpus, amount: 1.0)
[2026-07-22T07:04:20.905+0000] {subprocess.py:93} INFO - 26/07/22 07:04:20 INFO ResourceProfile: Limiting resource is cpus at 1 tasks per executor
[2026-07-22T07:04:20.909+0000] {subprocess.py:93} INFO - 26/07/22 07:04:20 INFO ResourceProfileManager: Added ResourceProfile id: 0
[2026-07-22T07:04:21.025+0000] {subprocess.py:93} INFO - 26/07/22 07:04:21 INFO SecurityManager: Changing view acls to: spark
[2026-07-22T07:04:21.027+0000] {subprocess.py:93} INFO - 26/07/22 07:04:21 INFO SecurityManager: Changing modify acls to: spark
[2026-07-22T07:04:21.028+0000] {subprocess.py:93} INFO - 26/07/22 07:04:21 INFO SecurityManager: Changing view acls groups to:
[2026-07-22T07:04:21.030+0000] {subprocess.py:93} INFO - 26/07/22 07:04:21 INFO SecurityManager: Changing modify acls groups to:
[2026-07-22T07:04:21.031+0000] {subprocess.py:93} INFO - 26/07/22 07:04:21 INFO SecurityManager: SecurityManager: authentication disabled; ui acls disabled; users with view permissions: spark; groups with view permissions: EMPTY; users with modify permissions: spark; groups with modify permissions: EMPTY
[2026-07-22T07:04:21.366+0000] {subprocess.py:93} INFO - 26/07/22 07:04:21 INFO Utils: Successfully started service 'sparkDriver' on port 34795.
[2026-07-22T07:04:21.401+0000] {subprocess.py:93} INFO - 26/07/22 07:04:21 INFO SparkEnv: Registering MapOutputTracker
[2026-07-22T07:04:21.442+0000] {subprocess.py:93} INFO - 26/07/22 07:04:21 INFO SparkEnv: Registering BlockManagerMaster
[2026-07-22T07:04:21.467+0000] {subprocess.py:93} INFO - 26/07/22 07:04:21 INFO BlockManagerMasterEndpoint: Using org.apache.spark.storage.DefaultTopologyMapper for getting topology information
[2026-07-22T07:04:21.469+0000] {subprocess.py:93} INFO - 26/07/22 07:04:21 INFO BlockManagerMasterEndpoint: BlockManagerMasterEndpoint up
[2026-07-22T07:04:21.475+0000] {subprocess.py:93} INFO - 26/07/22 07:04:21 INFO SparkEnv: Registering BlockManagerMasterHeartbeat
[2026-07-22T07:04:21.501+0000] {subprocess.py:93} INFO - 26/07/22 07:04:21 INFO DiskBlockManager: Created local directory at /tmp/blockmgr-6ca54e13-341e-4d6c-8330-035e7ff478fc
[2026-07-22T07:04:21.516+0000] {subprocess.py:93} INFO - 26/07/22 07:04:21 INFO MemoryStore: MemoryStore started with capacity 434.4 MiB
[2026-07-22T07:04:21.537+0000] {subprocess.py:93} INFO - 26/07/22 07:04:21 INFO SparkEnv: Registering OutputCommitCoordinator
[2026-07-22T07:04:21.700+0000] {subprocess.py:93} INFO - 26/07/22 07:04:21 INFO JettyUtils: Start Jetty 0.0.0.0:4040 for SparkUI
[2026-07-22T07:04:21.769+0000] {subprocess.py:93} INFO - 26/07/22 07:04:21 INFO Utils: Successfully started service 'SparkUI' on port 4040.
[2026-07-22T07:04:21.811+0000] {subprocess.py:93} INFO - 26/07/22 07:04:21 INFO SparkContext: Added JAR file:///opt/jars/delta-spark_2.12-3.2.0.jar at spark://cee59cb50499:34795/jars/delta-spark_2.12-3.2.0.jar with timestamp 1784703860779
[2026-07-22T07:04:21.813+0000] {subprocess.py:93} INFO - 26/07/22 07:04:21 INFO SparkContext: Added JAR file:///opt/jars/delta-storage-3.2.0.jar at spark://cee59cb50499:34795/jars/delta-storage-3.2.0.jar with timestamp 1784703860779
[2026-07-22T07:04:21.814+0000] {subprocess.py:93} INFO - 26/07/22 07:04:21 INFO SparkContext: Added JAR file:///opt/jars/spark-sql-kafka-0-10_2.12-3.5.1.jar at spark://cee59cb50499:34795/jars/spark-sql-kafka-0-10_2.12-3.5.1.jar with timestamp 1784703860779
[2026-07-22T07:04:21.816+0000] {subprocess.py:93} INFO - 26/07/22 07:04:21 INFO SparkContext: Added JAR file:///opt/jars/kafka-clients-3.4.1.jar at spark://cee59cb50499:34795/jars/kafka-clients-3.4.1.jar with timestamp 1784703860779
[2026-07-22T07:04:21.817+0000] {subprocess.py:93} INFO - 26/07/22 07:04:21 INFO SparkContext: Added JAR file:///opt/jars/spark-token-provider-kafka-0-10_2.12-3.5.1.jar at spark://cee59cb50499:34795/jars/spark-token-provider-kafka-0-10_2.12-3.5.1.jar with timestamp 1784703860779
[2026-07-22T07:04:21.818+0000] {subprocess.py:93} INFO - 26/07/22 07:04:21 INFO SparkContext: Added JAR file:///opt/jars/commons-pool2-2.11.1.jar at spark://cee59cb50499:34795/jars/commons-pool2-2.11.1.jar with timestamp 1784703860779
[2026-07-22T07:04:21.903+0000] {subprocess.py:93} INFO - 26/07/22 07:04:21 INFO StandaloneAppClient$ClientEndpoint: Connecting to master spark://sdp-spark-master:7077...
[2026-07-22T07:04:21.955+0000] {subprocess.py:93} INFO - 26/07/22 07:04:21 INFO TransportClientFactory: Successfully created connection to sdp-spark-master/172.18.0.4:7077 after 28 ms (0 ms spent in bootstraps)
[2026-07-22T07:04:22.050+0000] {subprocess.py:93} INFO - 26/07/22 07:04:22 INFO StandaloneSchedulerBackend: Connected to Spark cluster with app ID app-20260722070422-0165
[2026-07-22T07:04:22.053+0000] {subprocess.py:93} INFO - 26/07/22 07:04:22 INFO StandaloneAppClient$ClientEndpoint: Executor added: app-20260722070422-0165/0 on worker-20260716063602-172.18.0.5-44367 (172.18.0.5:44367) with 1 core(s)
[2026-07-22T07:04:22.056+0000] {subprocess.py:93} INFO - 26/07/22 07:04:22 INFO StandaloneSchedulerBackend: Granted executor ID app-20260722070422-0165/0 on hostPort 172.18.0.5:44367 with 1 core(s), 512.0 MiB RAM
[2026-07-22T07:04:22.057+0000] {subprocess.py:93} INFO - 26/07/22 07:04:22 INFO StandaloneAppClient$ClientEndpoint: Executor added: app-20260722070422-0165/1 on worker-20260716063602-172.18.0.5-44367 (172.18.0.5:44367) with 1 core(s)
[2026-07-22T07:04:22.058+0000] {subprocess.py:93} INFO - 26/07/22 07:04:22 INFO StandaloneSchedulerBackend: Granted executor ID app-20260722070422-0165/1 on hostPort 172.18.0.5:44367 with 1 core(s), 512.0 MiB RAM
[2026-07-22T07:04:22.060+0000] {subprocess.py:93} INFO - 26/07/22 07:04:22 INFO StandaloneAppClient$ClientEndpoint: Executor added: app-20260722070422-0165/2 on worker-20260716063602-172.18.0.6-33249 (172.18.0.6:33249) with 1 core(s)
[2026-07-22T07:04:22.061+0000] {subprocess.py:93} INFO - 26/07/22 07:04:22 INFO StandaloneSchedulerBackend: Granted executor ID app-20260722070422-0165/2 on hostPort 172.18.0.6:33249 with 1 core(s), 512.0 MiB RAM
[2026-07-22T07:04:22.067+0000] {subprocess.py:93} INFO - 26/07/22 07:04:22 INFO Utils: Successfully started service 'org.apache.spark.network.netty.NettyBlockTransferService' on port 37165.
[2026-07-22T07:04:22.068+0000] {subprocess.py:93} INFO - 26/07/22 07:04:22 INFO NettyBlockTransferService: Server created on cee59cb50499:37165
[2026-07-22T07:04:22.070+0000] {subprocess.py:93} INFO - 26/07/22 07:04:22 INFO BlockManager: Using org.apache.spark.storage.RandomBlockReplicationPolicy for block replication policy
[2026-07-22T07:04:22.078+0000] {subprocess.py:93} INFO - 26/07/22 07:04:22 INFO BlockManagerMaster: Registering BlockManager BlockManagerId(driver, cee59cb50499, 37165, None)
[2026-07-22T07:04:22.085+0000] {subprocess.py:93} INFO - 26/07/22 07:04:22 INFO BlockManagerMasterEndpoint: Registering block manager cee59cb50499:37165 with 434.4 MiB RAM, BlockManagerId(driver, cee59cb50499, 37165, None)
[2026-07-22T07:04:22.091+0000] {subprocess.py:93} INFO - 26/07/22 07:04:22 INFO BlockManagerMaster: Registered BlockManager BlockManagerId(driver, cee59cb50499, 37165, None)
[2026-07-22T07:04:22.097+0000] {subprocess.py:93} INFO - 26/07/22 07:04:22 INFO BlockManager: Initialized BlockManager: BlockManagerId(driver, cee59cb50499, 37165, None)
[2026-07-22T07:04:22.131+0000] {subprocess.py:93} INFO - 26/07/22 07:04:22 INFO StandaloneAppClient$ClientEndpoint: Executor updated: app-20260722070422-0165/2 is now RUNNING
[2026-07-22T07:04:22.133+0000] {subprocess.py:93} INFO - 26/07/22 07:04:22 INFO StandaloneAppClient$ClientEndpoint: Executor updated: app-20260722070422-0165/0 is now RUNNING
[2026-07-22T07:04:22.138+0000] {subprocess.py:93} INFO - 26/07/22 07:04:22 INFO StandaloneAppClient$ClientEndpoint: Executor updated: app-20260722070422-0165/1 is now RUNNING
[2026-07-22T07:04:22.564+0000] {subprocess.py:93} INFO - 26/07/22 07:04:22 INFO StandaloneSchedulerBackend: SchedulerBackend is ready for scheduling beginning after reached minRegisteredResourcesRatio: 0.0
[2026-07-22T07:04:57.627+0000] {subprocess.py:93} INFO - 26/07/22 07:04:57 WARN SparkStringUtils: Truncated the string representation of a plan since it was too large. This behavior can be adjusted by setting 'spark.sql.debug.maxToStringFields'.
[2026-07-22T07:06:00.508+0000] {subprocess.py:93} INFO - Gold table written: /opt/data/gold/daily_sales  (4 rows)
[2026-07-22T07:06:26.989+0000] {subprocess.py:93} INFO - Gold table written: /opt/data/gold/product_performance  (10 rows)
[2026-07-22T07:06:59.110+0000] {subprocess.py:93} INFO - Gold table written: /opt/data/gold/customer_orders  (5 rows)
[2026-07-22T07:06:59.114+0000] {subprocess.py:93} INFO - 
[2026-07-22T07:06:59.116+0000] {subprocess.py:93} INFO - Gold pipeline complete.
[2026-07-22T07:06:59.895+0000] {subprocess.py:97} INFO - Command exited with return code 0
[2026-07-22T07:06:59.900+0000] {taskinstance.py:441} INFO - ::group::Post task execution logs
[2026-07-22T07:06:59.958+0000] {taskinstance.py:1205} INFO - Marking task as SUCCESS. dag_id=e-commerce_kafka_streaming_pipeline_v1, task_id=run_gold, execution_date=20260722T060000, start_date=20260722T070416, end_date=20260722T070659
[2026-07-22T07:07:00.028+0000] {local_task_job_runner.py:240} INFO - Task exited with return code 0
[2026-07-22T07:07:00.056+0000] {taskinstance.py:3482} INFO - 1 downstream tasks scheduled from follow-on schedule check
[2026-07-22T07:07:00.061+0000] {local_task_job_runner.py:222} INFO - ::endgroup::
