[2026-07-20T10:04:25.083+0000] {local_task_job_runner.py:120} INFO - ::group::Pre task execution logs
[2026-07-20T10:04:25.120+0000] {taskinstance.py:2073} INFO - Dependencies all met for dep_context=non-requeueable deps ti=<TaskInstance: e-commerce_kafka_streaming_pipeline_v1.run_gold scheduled__2026-07-20T09:00:00+00:00 [queued]>
[2026-07-20T10:04:25.131+0000] {taskinstance.py:2073} INFO - Dependencies all met for dep_context=requeueable deps ti=<TaskInstance: e-commerce_kafka_streaming_pipeline_v1.run_gold scheduled__2026-07-20T09:00:00+00:00 [queued]>
[2026-07-20T10:04:25.133+0000] {taskinstance.py:2303} INFO - Starting attempt 1 of 2
[2026-07-20T10:04:25.149+0000] {taskinstance.py:2327} INFO - Executing <Task(BashOperator): run_gold> on 2026-07-20 09:00:00+00:00
[2026-07-20T10:04:25.160+0000] {standard_task_runner.py:90} INFO - Running: ['***', 'tasks', 'run', 'e-commerce_kafka_streaming_pipeline_v1', 'run_gold', 'scheduled__2026-07-20T09:00:00+00:00', '--job-id', '208', '--raw', '--subdir', 'DAGS_FOLDER/sdp_pipeline_dag.py', '--cfg-path', '/tmp/tmp47g418gw']
[2026-07-20T10:04:25.163+0000] {standard_task_runner.py:91} INFO - Job 208: Subtask run_gold
[2026-07-20T10:04:25.165+0000] {logging_mixin.py:188} WARNING - /home/***/.local/lib/python3.12/site-packages/***/task/task_runner/standard_task_runner.py:61 DeprecationWarning: This process (pid=7730) is multi-threaded, use of fork() may lead to deadlocks in the child.
[2026-07-20T10:04:25.166+0000] {standard_task_runner.py:63} INFO - Started process 7731 to run task
[2026-07-20T10:04:25.228+0000] {task_command.py:426} INFO - Running <TaskInstance: e-commerce_kafka_streaming_pipeline_v1.run_gold scheduled__2026-07-20T09:00:00+00:00 [running]> on host da27550080bf
[2026-07-20T10:04:25.330+0000] {taskinstance.py:2644} INFO - Exporting env vars: AIRFLOW_CTX_DAG_OWNER='dev' AIRFLOW_CTX_DAG_ID='e-commerce_kafka_streaming_pipeline_v1' AIRFLOW_CTX_TASK_ID='run_gold' AIRFLOW_CTX_EXECUTION_DATE='2026-07-20T09:00:00+00:00' AIRFLOW_CTX_TRY_NUMBER='1' AIRFLOW_CTX_DAG_RUN_ID='scheduled__2026-07-20T09:00:00+00:00'
[2026-07-20T10:04:25.332+0000] {taskinstance.py:430} INFO - ::endgroup::
[2026-07-20T10:04:25.347+0000] {subprocess.py:63} INFO - Tmp dir root location: /tmp
[2026-07-20T10:04:25.349+0000] {subprocess.py:75} INFO - Running command: ['/usr/bin/bash', '-c', 'docker run --rm --network streaming_kafka_project_sdp-net --volume /d/Streaming_kafka_project/pipelines:/opt/pipelines --volume /d/Streaming_kafka_project/data:/opt/data --volume /d/Streaming_kafka_project/checkpoints:/opt/checkpoints --volume /d/Streaming_kafka_project/jars:/opt/jars apache/spark:3.5.1 /opt/spark/bin/spark-submit --master spark://sdp-spark-master:7077 --executor-cores 1 --executor-memory 512m --total-executor-cores 3 --jars /opt/jars/delta-spark_2.12-3.2.0.jar,/opt/jars/delta-storage-3.2.0.jar,/opt/jars/spark-sql-kafka-0-10_2.12-3.5.1.jar,/opt/jars/kafka-clients-3.4.1.jar,/opt/jars/spark-token-provider-kafka-0-10_2.12-3.5.1.jar,/opt/jars/commons-pool2-2.11.1.jar --conf spark.sql.extensions=io.delta.sql.DeltaSparkSessionExtension --conf spark.sql.catalog.spark_catalog=org.apache.spark.sql.delta.catalog.DeltaCatalog  /opt/pipelines/gold_runner.py']
[2026-07-20T10:04:25.362+0000] {subprocess.py:86} INFO - Output:
[2026-07-20T10:04:27.437+0000] {subprocess.py:93} INFO - 26/07/20 10:04:27 WARN NativeCodeLoader: Unable to load native-hadoop library for your platform... using builtin-java classes where applicable
[2026-07-20T10:04:28.101+0000] {subprocess.py:93} INFO - 26/07/20 10:04:28 INFO SparkContext: Running Spark version 3.5.1
[2026-07-20T10:04:28.102+0000] {subprocess.py:93} INFO - 26/07/20 10:04:28 INFO SparkContext: OS info Linux, 6.18.33.2-microsoft-standard-WSL2, amd64
[2026-07-20T10:04:28.103+0000] {subprocess.py:93} INFO - 26/07/20 10:04:28 INFO SparkContext: Java version 11.0.22
[2026-07-20T10:04:28.131+0000] {subprocess.py:93} INFO - 26/07/20 10:04:28 INFO ResourceUtils: ==============================================================
[2026-07-20T10:04:28.133+0000] {subprocess.py:93} INFO - 26/07/20 10:04:28 INFO ResourceUtils: No custom resources configured for spark.driver.
[2026-07-20T10:04:28.134+0000] {subprocess.py:93} INFO - 26/07/20 10:04:28 INFO ResourceUtils: ==============================================================
[2026-07-20T10:04:28.135+0000] {subprocess.py:93} INFO - 26/07/20 10:04:28 INFO SparkContext: Submitted application: SDP-Gold
[2026-07-20T10:04:28.154+0000] {subprocess.py:93} INFO - 26/07/20 10:04:28 INFO ResourceProfile: Default ResourceProfile created, executor resources: Map(cores -> name: cores, amount: 1, script: , vendor: , memory -> name: memory, amount: 512, script: , vendor: , offHeap -> name: offHeap, amount: 0, script: , vendor: ), task resources: Map(cpus -> name: cpus, amount: 1.0)
[2026-07-20T10:04:28.166+0000] {subprocess.py:93} INFO - 26/07/20 10:04:28 INFO ResourceProfile: Limiting resource is cpus at 1 tasks per executor
[2026-07-20T10:04:28.168+0000] {subprocess.py:93} INFO - 26/07/20 10:04:28 INFO ResourceProfileManager: Added ResourceProfile id: 0
[2026-07-20T10:04:28.223+0000] {subprocess.py:93} INFO - 26/07/20 10:04:28 INFO SecurityManager: Changing view acls to: spark
[2026-07-20T10:04:28.225+0000] {subprocess.py:93} INFO - 26/07/20 10:04:28 INFO SecurityManager: Changing modify acls to: spark
[2026-07-20T10:04:28.226+0000] {subprocess.py:93} INFO - 26/07/20 10:04:28 INFO SecurityManager: Changing view acls groups to:
[2026-07-20T10:04:28.227+0000] {subprocess.py:93} INFO - 26/07/20 10:04:28 INFO SecurityManager: Changing modify acls groups to:
[2026-07-20T10:04:28.227+0000] {subprocess.py:93} INFO - 26/07/20 10:04:28 INFO SecurityManager: SecurityManager: authentication disabled; ui acls disabled; users with view permissions: spark; groups with view permissions: EMPTY; users with modify permissions: spark; groups with modify permissions: EMPTY
[2026-07-20T10:04:28.408+0000] {subprocess.py:93} INFO - 26/07/20 10:04:28 INFO Utils: Successfully started service 'sparkDriver' on port 40875.
[2026-07-20T10:04:28.436+0000] {subprocess.py:93} INFO - 26/07/20 10:04:28 INFO SparkEnv: Registering MapOutputTracker
[2026-07-20T10:04:28.465+0000] {subprocess.py:93} INFO - 26/07/20 10:04:28 INFO SparkEnv: Registering BlockManagerMaster
[2026-07-20T10:04:28.480+0000] {subprocess.py:93} INFO - 26/07/20 10:04:28 INFO BlockManagerMasterEndpoint: Using org.apache.spark.storage.DefaultTopologyMapper for getting topology information
[2026-07-20T10:04:28.481+0000] {subprocess.py:93} INFO - 26/07/20 10:04:28 INFO BlockManagerMasterEndpoint: BlockManagerMasterEndpoint up
[2026-07-20T10:04:28.485+0000] {subprocess.py:93} INFO - 26/07/20 10:04:28 INFO SparkEnv: Registering BlockManagerMasterHeartbeat
[2026-07-20T10:04:28.506+0000] {subprocess.py:93} INFO - 26/07/20 10:04:28 INFO DiskBlockManager: Created local directory at /tmp/blockmgr-f4da5989-ae63-4a00-a106-25b7dc56d1ef
[2026-07-20T10:04:28.518+0000] {subprocess.py:93} INFO - 26/07/20 10:04:28 INFO MemoryStore: MemoryStore started with capacity 434.4 MiB
[2026-07-20T10:04:28.533+0000] {subprocess.py:93} INFO - 26/07/20 10:04:28 INFO SparkEnv: Registering OutputCommitCoordinator
[2026-07-20T10:04:28.673+0000] {subprocess.py:93} INFO - 26/07/20 10:04:28 INFO JettyUtils: Start Jetty 0.0.0.0:4040 for SparkUI
[2026-07-20T10:04:28.735+0000] {subprocess.py:93} INFO - 26/07/20 10:04:28 INFO Utils: Successfully started service 'SparkUI' on port 4040.
[2026-07-20T10:04:28.819+0000] {subprocess.py:93} INFO - 26/07/20 10:04:28 INFO SparkContext: Added JAR file:///opt/jars/delta-spark_2.12-3.2.0.jar at spark://ff21f15d78b0:40875/jars/delta-spark_2.12-3.2.0.jar with timestamp 1784541868090
[2026-07-20T10:04:28.822+0000] {subprocess.py:93} INFO - 26/07/20 10:04:28 INFO SparkContext: Added JAR file:///opt/jars/delta-storage-3.2.0.jar at spark://ff21f15d78b0:40875/jars/delta-storage-3.2.0.jar with timestamp 1784541868090
[2026-07-20T10:04:28.826+0000] {subprocess.py:93} INFO - 26/07/20 10:04:28 INFO SparkContext: Added JAR file:///opt/jars/spark-sql-kafka-0-10_2.12-3.5.1.jar at spark://ff21f15d78b0:40875/jars/spark-sql-kafka-0-10_2.12-3.5.1.jar with timestamp 1784541868090
[2026-07-20T10:04:28.827+0000] {subprocess.py:93} INFO - 26/07/20 10:04:28 INFO SparkContext: Added JAR file:///opt/jars/kafka-clients-3.4.1.jar at spark://ff21f15d78b0:40875/jars/kafka-clients-3.4.1.jar with timestamp 1784541868090
[2026-07-20T10:04:28.828+0000] {subprocess.py:93} INFO - 26/07/20 10:04:28 INFO SparkContext: Added JAR file:///opt/jars/spark-token-provider-kafka-0-10_2.12-3.5.1.jar at spark://ff21f15d78b0:40875/jars/spark-token-provider-kafka-0-10_2.12-3.5.1.jar with timestamp 1784541868090
[2026-07-20T10:04:28.831+0000] {subprocess.py:93} INFO - 26/07/20 10:04:28 INFO SparkContext: Added JAR file:///opt/jars/commons-pool2-2.11.1.jar at spark://ff21f15d78b0:40875/jars/commons-pool2-2.11.1.jar with timestamp 1784541868090
[2026-07-20T10:04:28.904+0000] {subprocess.py:93} INFO - 26/07/20 10:04:28 INFO StandaloneAppClient$ClientEndpoint: Connecting to master spark://sdp-spark-master:7077...
[2026-07-20T10:04:28.952+0000] {subprocess.py:93} INFO - 26/07/20 10:04:28 INFO TransportClientFactory: Successfully created connection to sdp-spark-master/172.18.0.4:7077 after 27 ms (0 ms spent in bootstraps)
[2026-07-20T10:04:29.022+0000] {subprocess.py:93} INFO - 26/07/20 10:04:29 INFO StandaloneSchedulerBackend: Connected to Spark cluster with app ID app-20260720100429-0098
[2026-07-20T10:04:29.024+0000] {subprocess.py:93} INFO - 26/07/20 10:04:29 INFO StandaloneAppClient$ClientEndpoint: Executor added: app-20260720100429-0098/0 on worker-20260716063602-172.18.0.5-44367 (172.18.0.5:44367) with 1 core(s)
[2026-07-20T10:04:29.029+0000] {subprocess.py:93} INFO - 26/07/20 10:04:29 INFO StandaloneSchedulerBackend: Granted executor ID app-20260720100429-0098/0 on hostPort 172.18.0.5:44367 with 1 core(s), 512.0 MiB RAM
[2026-07-20T10:04:29.030+0000] {subprocess.py:93} INFO - 26/07/20 10:04:29 INFO StandaloneAppClient$ClientEndpoint: Executor added: app-20260720100429-0098/1 on worker-20260716063602-172.18.0.5-44367 (172.18.0.5:44367) with 1 core(s)
[2026-07-20T10:04:29.032+0000] {subprocess.py:93} INFO - 26/07/20 10:04:29 INFO StandaloneSchedulerBackend: Granted executor ID app-20260720100429-0098/1 on hostPort 172.18.0.5:44367 with 1 core(s), 512.0 MiB RAM
[2026-07-20T10:04:29.034+0000] {subprocess.py:93} INFO - 26/07/20 10:04:29 INFO StandaloneAppClient$ClientEndpoint: Executor added: app-20260720100429-0098/2 on worker-20260716063602-172.18.0.6-33249 (172.18.0.6:33249) with 1 core(s)
[2026-07-20T10:04:29.035+0000] {subprocess.py:93} INFO - 26/07/20 10:04:29 INFO StandaloneSchedulerBackend: Granted executor ID app-20260720100429-0098/2 on hostPort 172.18.0.6:33249 with 1 core(s), 512.0 MiB RAM
[2026-07-20T10:04:29.035+0000] {subprocess.py:93} INFO - 26/07/20 10:04:29 INFO Utils: Successfully started service 'org.apache.spark.network.netty.NettyBlockTransferService' on port 44147.
[2026-07-20T10:04:29.036+0000] {subprocess.py:93} INFO - 26/07/20 10:04:29 INFO NettyBlockTransferService: Server created on ff21f15d78b0:44147
[2026-07-20T10:04:29.037+0000] {subprocess.py:93} INFO - 26/07/20 10:04:29 INFO BlockManager: Using org.apache.spark.storage.RandomBlockReplicationPolicy for block replication policy
[2026-07-20T10:04:29.043+0000] {subprocess.py:93} INFO - 26/07/20 10:04:29 INFO BlockManagerMaster: Registering BlockManager BlockManagerId(driver, ff21f15d78b0, 44147, None)
[2026-07-20T10:04:29.047+0000] {subprocess.py:93} INFO - 26/07/20 10:04:29 INFO BlockManagerMasterEndpoint: Registering block manager ff21f15d78b0:44147 with 434.4 MiB RAM, BlockManagerId(driver, ff21f15d78b0, 44147, None)
[2026-07-20T10:04:29.052+0000] {subprocess.py:93} INFO - 26/07/20 10:04:29 INFO BlockManagerMaster: Registered BlockManager BlockManagerId(driver, ff21f15d78b0, 44147, None)
[2026-07-20T10:04:29.053+0000] {subprocess.py:93} INFO - 26/07/20 10:04:29 INFO BlockManager: Initialized BlockManager: BlockManagerId(driver, ff21f15d78b0, 44147, None)
[2026-07-20T10:04:29.077+0000] {subprocess.py:93} INFO - 26/07/20 10:04:29 INFO StandaloneAppClient$ClientEndpoint: Executor updated: app-20260720100429-0098/2 is now RUNNING
[2026-07-20T10:04:29.152+0000] {subprocess.py:93} INFO - 26/07/20 10:04:29 INFO StandaloneAppClient$ClientEndpoint: Executor updated: app-20260720100429-0098/1 is now RUNNING
[2026-07-20T10:04:29.154+0000] {subprocess.py:93} INFO - 26/07/20 10:04:29 INFO StandaloneAppClient$ClientEndpoint: Executor updated: app-20260720100429-0098/0 is now RUNNING
[2026-07-20T10:04:29.342+0000] {subprocess.py:93} INFO - 26/07/20 10:04:29 INFO StandaloneSchedulerBackend: SchedulerBackend is ready for scheduling beginning after reached minRegisteredResourcesRatio: 0.0
[2026-07-20T10:04:47.407+0000] {subprocess.py:93} INFO - 26/07/20 10:04:47 WARN SparkStringUtils: Truncated the string representation of a plan since it was too large. This behavior can be adjusted by setting 'spark.sql.debug.maxToStringFields'.
[2026-07-20T10:05:20.148+0000] {subprocess.py:93} INFO - Gold table written: /opt/data/gold/daily_sales  (4 rows)
[2026-07-20T10:05:33.821+0000] {subprocess.py:93} INFO - Gold table written: /opt/data/gold/product_performance  (10 rows)
[2026-07-20T10:05:52.690+0000] {subprocess.py:93} INFO - Gold table written: /opt/data/gold/customer_orders  (5 rows)
[2026-07-20T10:05:52.692+0000] {subprocess.py:93} INFO - 
[2026-07-20T10:05:52.693+0000] {subprocess.py:93} INFO - Gold pipeline complete.
[2026-07-20T10:05:53.339+0000] {subprocess.py:97} INFO - Command exited with return code 0
[2026-07-20T10:05:53.341+0000] {taskinstance.py:441} INFO - ::group::Post task execution logs
[2026-07-20T10:05:53.382+0000] {taskinstance.py:1205} INFO - Marking task as SUCCESS. dag_id=e-commerce_kafka_streaming_pipeline_v1, task_id=run_gold, execution_date=20260720T090000, start_date=20260720T100425, end_date=20260720T100553
[2026-07-20T10:05:53.416+0000] {local_task_job_runner.py:240} INFO - Task exited with return code 0
[2026-07-20T10:05:53.465+0000] {taskinstance.py:3482} INFO - 1 downstream tasks scheduled from follow-on schedule check
[2026-07-20T10:05:53.470+0000] {local_task_job_runner.py:222} INFO - ::endgroup::
