[2026-07-21T08:02:00.133+0000] {local_task_job_runner.py:120} INFO - ::group::Pre task execution logs
[2026-07-21T08:02:00.175+0000] {taskinstance.py:2073} INFO - Dependencies all met for dep_context=non-requeueable deps ti=<TaskInstance: e-commerce_kafka_streaming_pipeline_v1.run_silver scheduled__2026-07-21T07:00:00+00:00 [queued]>
[2026-07-21T08:02:00.191+0000] {taskinstance.py:2073} INFO - Dependencies all met for dep_context=requeueable deps ti=<TaskInstance: e-commerce_kafka_streaming_pipeline_v1.run_silver scheduled__2026-07-21T07:00:00+00:00 [queued]>
[2026-07-21T08:02:00.192+0000] {taskinstance.py:2303} INFO - Starting attempt 1 of 2
[2026-07-21T08:02:00.209+0000] {taskinstance.py:2327} INFO - Executing <Task(BashOperator): run_silver> on 2026-07-21 07:00:00+00:00
[2026-07-21T08:02:00.219+0000] {standard_task_runner.py:90} INFO - Running: ['***', 'tasks', 'run', 'e-commerce_kafka_streaming_pipeline_v1', 'run_silver', 'scheduled__2026-07-21T07:00:00+00:00', '--job-id', '281', '--raw', '--subdir', 'DAGS_FOLDER/sdp_pipeline_dag.py', '--cfg-path', '/tmp/tmp7c80a97k']
[2026-07-21T08:02:00.224+0000] {standard_task_runner.py:91} INFO - Job 281: Subtask run_silver
[2026-07-21T08:02:00.239+0000] {logging_mixin.py:188} WARNING - /home/***/.local/lib/python3.12/site-packages/***/task/task_runner/standard_task_runner.py:61 DeprecationWarning: This process (pid=13363) is multi-threaded, use of fork() may lead to deadlocks in the child.
[2026-07-21T08:02:00.240+0000] {standard_task_runner.py:63} INFO - Started process 13364 to run task
[2026-07-21T08:02:00.285+0000] {task_command.py:426} INFO - Running <TaskInstance: e-commerce_kafka_streaming_pipeline_v1.run_silver scheduled__2026-07-21T07:00:00+00:00 [running]> on host da27550080bf
[2026-07-21T08:02:00.383+0000] {taskinstance.py:2644} INFO - Exporting env vars: AIRFLOW_CTX_DAG_OWNER='dev' AIRFLOW_CTX_DAG_ID='e-commerce_kafka_streaming_pipeline_v1' AIRFLOW_CTX_TASK_ID='run_silver' AIRFLOW_CTX_EXECUTION_DATE='2026-07-21T07:00:00+00:00' AIRFLOW_CTX_TRY_NUMBER='1' AIRFLOW_CTX_DAG_RUN_ID='scheduled__2026-07-21T07:00:00+00:00'
[2026-07-21T08:02:00.386+0000] {taskinstance.py:430} INFO - ::endgroup::
[2026-07-21T08:02:00.399+0000] {subprocess.py:63} INFO - Tmp dir root location: /tmp
[2026-07-21T08:02:00.402+0000] {subprocess.py:75} INFO - Running command: ['/usr/bin/bash', '-c', 'timeout 150s docker run --rm --network streaming_kafka_project_sdp-net --volume /d/Streaming_kafka_project/pipelines:/opt/pipelines --volume /d/Streaming_kafka_project/data:/opt/data --volume /d/Streaming_kafka_project/checkpoints:/opt/checkpoints --volume /d/Streaming_kafka_project/jars:/opt/jars apache/spark:3.5.1 /opt/spark/bin/spark-submit --master spark://sdp-spark-master:7077 --executor-cores 1 --executor-memory 512m --total-executor-cores 3 --jars /opt/jars/delta-spark_2.12-3.2.0.jar,/opt/jars/delta-storage-3.2.0.jar,/opt/jars/spark-sql-kafka-0-10_2.12-3.5.1.jar,/opt/jars/kafka-clients-3.4.1.jar,/opt/jars/spark-token-provider-kafka-0-10_2.12-3.5.1.jar,/opt/jars/commons-pool2-2.11.1.jar --conf spark.sql.extensions=io.delta.sql.DeltaSparkSessionExtension --conf spark.sql.catalog.spark_catalog=org.apache.spark.sql.delta.catalog.DeltaCatalog  /opt/pipelines/silver_runner.py']
[2026-07-21T08:02:00.411+0000] {subprocess.py:86} INFO - Output:
[2026-07-21T08:02:02.448+0000] {subprocess.py:93} INFO - 26/07/21 08:02:02 WARN NativeCodeLoader: Unable to load native-hadoop library for your platform... using builtin-java classes where applicable
[2026-07-21T08:02:03.016+0000] {subprocess.py:93} INFO - 26/07/21 08:02:03 INFO SparkContext: Running Spark version 3.5.1
[2026-07-21T08:02:03.017+0000] {subprocess.py:93} INFO - 26/07/21 08:02:03 INFO SparkContext: OS info Linux, 6.18.33.2-microsoft-standard-WSL2, amd64
[2026-07-21T08:02:03.018+0000] {subprocess.py:93} INFO - 26/07/21 08:02:03 INFO SparkContext: Java version 11.0.22
[2026-07-21T08:02:03.042+0000] {subprocess.py:93} INFO - 26/07/21 08:02:03 INFO ResourceUtils: ==============================================================
[2026-07-21T08:02:03.043+0000] {subprocess.py:93} INFO - 26/07/21 08:02:03 INFO ResourceUtils: No custom resources configured for spark.driver.
[2026-07-21T08:02:03.044+0000] {subprocess.py:93} INFO - 26/07/21 08:02:03 INFO ResourceUtils: ==============================================================
[2026-07-21T08:02:03.045+0000] {subprocess.py:93} INFO - 26/07/21 08:02:03 INFO SparkContext: Submitted application: SDP-Silver
[2026-07-21T08:02:03.063+0000] {subprocess.py:93} INFO - 26/07/21 08:02:03 INFO ResourceProfile: Default ResourceProfile created, executor resources: Map(cores -> name: cores, amount: 1, script: , vendor: , memory -> name: memory, amount: 512, script: , vendor: , offHeap -> name: offHeap, amount: 0, script: , vendor: ), task resources: Map(cpus -> name: cpus, amount: 1.0)
[2026-07-21T08:02:03.074+0000] {subprocess.py:93} INFO - 26/07/21 08:02:03 INFO ResourceProfile: Limiting resource is cpus at 1 tasks per executor
[2026-07-21T08:02:03.076+0000] {subprocess.py:93} INFO - 26/07/21 08:02:03 INFO ResourceProfileManager: Added ResourceProfile id: 0
[2026-07-21T08:02:03.120+0000] {subprocess.py:93} INFO - 26/07/21 08:02:03 INFO SecurityManager: Changing view acls to: spark
[2026-07-21T08:02:03.121+0000] {subprocess.py:93} INFO - 26/07/21 08:02:03 INFO SecurityManager: Changing modify acls to: spark
[2026-07-21T08:02:03.122+0000] {subprocess.py:93} INFO - 26/07/21 08:02:03 INFO SecurityManager: Changing view acls groups to:
[2026-07-21T08:02:03.123+0000] {subprocess.py:93} INFO - 26/07/21 08:02:03 INFO SecurityManager: Changing modify acls groups to:
[2026-07-21T08:02:03.124+0000] {subprocess.py:93} INFO - 26/07/21 08:02:03 INFO SecurityManager: SecurityManager: authentication disabled; ui acls disabled; users with view permissions: spark; groups with view permissions: EMPTY; users with modify permissions: spark; groups with modify permissions: EMPTY
[2026-07-21T08:02:03.354+0000] {subprocess.py:93} INFO - 26/07/21 08:02:03 INFO Utils: Successfully started service 'sparkDriver' on port 45213.
[2026-07-21T08:02:03.384+0000] {subprocess.py:93} INFO - 26/07/21 08:02:03 INFO SparkEnv: Registering MapOutputTracker
[2026-07-21T08:02:03.416+0000] {subprocess.py:93} INFO - 26/07/21 08:02:03 INFO SparkEnv: Registering BlockManagerMaster
[2026-07-21T08:02:03.430+0000] {subprocess.py:93} INFO - 26/07/21 08:02:03 INFO BlockManagerMasterEndpoint: Using org.apache.spark.storage.DefaultTopologyMapper for getting topology information
[2026-07-21T08:02:03.432+0000] {subprocess.py:93} INFO - 26/07/21 08:02:03 INFO BlockManagerMasterEndpoint: BlockManagerMasterEndpoint up
[2026-07-21T08:02:03.435+0000] {subprocess.py:93} INFO - 26/07/21 08:02:03 INFO SparkEnv: Registering BlockManagerMasterHeartbeat
[2026-07-21T08:02:03.451+0000] {subprocess.py:93} INFO - 26/07/21 08:02:03 INFO DiskBlockManager: Created local directory at /tmp/blockmgr-d8159e30-39ba-4e16-9517-aff006369d10
[2026-07-21T08:02:03.462+0000] {subprocess.py:93} INFO - 26/07/21 08:02:03 INFO MemoryStore: MemoryStore started with capacity 434.4 MiB
[2026-07-21T08:02:03.476+0000] {subprocess.py:93} INFO - 26/07/21 08:02:03 INFO SparkEnv: Registering OutputCommitCoordinator
[2026-07-21T08:02:03.583+0000] {subprocess.py:93} INFO - 26/07/21 08:02:03 INFO JettyUtils: Start Jetty 0.0.0.0:4040 for SparkUI
[2026-07-21T08:02:03.630+0000] {subprocess.py:93} INFO - 26/07/21 08:02:03 INFO Utils: Successfully started service 'SparkUI' on port 4040.
[2026-07-21T08:02:03.660+0000] {subprocess.py:93} INFO - 26/07/21 08:02:03 INFO SparkContext: Added JAR file:///opt/jars/delta-spark_2.12-3.2.0.jar at spark://94d2c8e32f25:45213/jars/delta-spark_2.12-3.2.0.jar with timestamp 1784620923008
[2026-07-21T08:02:03.662+0000] {subprocess.py:93} INFO - 26/07/21 08:02:03 INFO SparkContext: Added JAR file:///opt/jars/delta-storage-3.2.0.jar at spark://94d2c8e32f25:45213/jars/delta-storage-3.2.0.jar with timestamp 1784620923008
[2026-07-21T08:02:03.663+0000] {subprocess.py:93} INFO - 26/07/21 08:02:03 INFO SparkContext: Added JAR file:///opt/jars/spark-sql-kafka-0-10_2.12-3.5.1.jar at spark://94d2c8e32f25:45213/jars/spark-sql-kafka-0-10_2.12-3.5.1.jar with timestamp 1784620923008
[2026-07-21T08:02:03.665+0000] {subprocess.py:93} INFO - 26/07/21 08:02:03 INFO SparkContext: Added JAR file:///opt/jars/kafka-clients-3.4.1.jar at spark://94d2c8e32f25:45213/jars/kafka-clients-3.4.1.jar with timestamp 1784620923008
[2026-07-21T08:02:03.665+0000] {subprocess.py:93} INFO - 26/07/21 08:02:03 INFO SparkContext: Added JAR file:///opt/jars/spark-token-provider-kafka-0-10_2.12-3.5.1.jar at spark://94d2c8e32f25:45213/jars/spark-token-provider-kafka-0-10_2.12-3.5.1.jar with timestamp 1784620923008
[2026-07-21T08:02:03.666+0000] {subprocess.py:93} INFO - 26/07/21 08:02:03 INFO SparkContext: Added JAR file:///opt/jars/commons-pool2-2.11.1.jar at spark://94d2c8e32f25:45213/jars/commons-pool2-2.11.1.jar with timestamp 1784620923008
[2026-07-21T08:02:03.727+0000] {subprocess.py:93} INFO - 26/07/21 08:02:03 INFO StandaloneAppClient$ClientEndpoint: Connecting to master spark://sdp-spark-master:7077...
[2026-07-21T08:02:03.764+0000] {subprocess.py:93} INFO - 26/07/21 08:02:03 INFO TransportClientFactory: Successfully created connection to sdp-spark-master/172.18.0.4:7077 after 20 ms (0 ms spent in bootstraps)
[2026-07-21T08:02:03.833+0000] {subprocess.py:93} INFO - 26/07/21 08:02:03 INFO StandaloneSchedulerBackend: Connected to Spark cluster with app ID app-20260721080203-0132
[2026-07-21T08:02:03.850+0000] {subprocess.py:93} INFO - 26/07/21 08:02:03 INFO StandaloneAppClient$ClientEndpoint: Executor added: app-20260721080203-0132/0 on worker-20260716063602-172.18.0.5-44367 (172.18.0.5:44367) with 1 core(s)
[2026-07-21T08:02:03.854+0000] {subprocess.py:93} INFO - 26/07/21 08:02:03 INFO StandaloneSchedulerBackend: Granted executor ID app-20260721080203-0132/0 on hostPort 172.18.0.5:44367 with 1 core(s), 512.0 MiB RAM
[2026-07-21T08:02:03.856+0000] {subprocess.py:93} INFO - 26/07/21 08:02:03 INFO StandaloneAppClient$ClientEndpoint: Executor added: app-20260721080203-0132/1 on worker-20260716063602-172.18.0.5-44367 (172.18.0.5:44367) with 1 core(s)
[2026-07-21T08:02:03.857+0000] {subprocess.py:93} INFO - 26/07/21 08:02:03 INFO StandaloneSchedulerBackend: Granted executor ID app-20260721080203-0132/1 on hostPort 172.18.0.5:44367 with 1 core(s), 512.0 MiB RAM
[2026-07-21T08:02:03.859+0000] {subprocess.py:93} INFO - 26/07/21 08:02:03 INFO StandaloneAppClient$ClientEndpoint: Executor added: app-20260721080203-0132/2 on worker-20260716063602-172.18.0.6-33249 (172.18.0.6:33249) with 1 core(s)
[2026-07-21T08:02:03.860+0000] {subprocess.py:93} INFO - 26/07/21 08:02:03 INFO StandaloneSchedulerBackend: Granted executor ID app-20260721080203-0132/2 on hostPort 172.18.0.6:33249 with 1 core(s), 512.0 MiB RAM
[2026-07-21T08:02:03.881+0000] {subprocess.py:93} INFO - 26/07/21 08:02:03 INFO Utils: Successfully started service 'org.apache.spark.network.netty.NettyBlockTransferService' on port 35533.
[2026-07-21T08:02:03.886+0000] {subprocess.py:93} INFO - 26/07/21 08:02:03 INFO NettyBlockTransferService: Server created on 94d2c8e32f25:35533
[2026-07-21T08:02:03.888+0000] {subprocess.py:93} INFO - 26/07/21 08:02:03 INFO BlockManager: Using org.apache.spark.storage.RandomBlockReplicationPolicy for block replication policy
[2026-07-21T08:02:03.896+0000] {subprocess.py:93} INFO - 26/07/21 08:02:03 INFO BlockManagerMaster: Registering BlockManager BlockManagerId(driver, 94d2c8e32f25, 35533, None)
[2026-07-21T08:02:03.906+0000] {subprocess.py:93} INFO - 26/07/21 08:02:03 INFO StandaloneAppClient$ClientEndpoint: Executor updated: app-20260721080203-0132/1 is now RUNNING
[2026-07-21T08:02:03.907+0000] {subprocess.py:93} INFO - 26/07/21 08:02:03 INFO StandaloneAppClient$ClientEndpoint: Executor updated: app-20260721080203-0132/0 is now RUNNING
[2026-07-21T08:02:03.911+0000] {subprocess.py:93} INFO - 26/07/21 08:02:03 INFO BlockManagerMasterEndpoint: Registering block manager 94d2c8e32f25:35533 with 434.4 MiB RAM, BlockManagerId(driver, 94d2c8e32f25, 35533, None)
[2026-07-21T08:02:03.912+0000] {subprocess.py:93} INFO - 26/07/21 08:02:03 INFO StandaloneAppClient$ClientEndpoint: Executor updated: app-20260721080203-0132/2 is now RUNNING
[2026-07-21T08:02:03.931+0000] {subprocess.py:93} INFO - 26/07/21 08:02:03 INFO BlockManagerMaster: Registered BlockManager BlockManagerId(driver, 94d2c8e32f25, 35533, None)
[2026-07-21T08:02:03.932+0000] {subprocess.py:93} INFO - 26/07/21 08:02:03 INFO BlockManager: Initialized BlockManager: BlockManagerId(driver, 94d2c8e32f25, 35533, None)
[2026-07-21T08:02:04.422+0000] {subprocess.py:93} INFO - 26/07/21 08:02:04 INFO StandaloneSchedulerBackend: SchedulerBackend is ready for scheduling beginning after reached minRegisteredResourcesRatio: 0.0
[2026-07-21T08:02:04.886+0000] {subprocess.py:93} INFO - Starting silver stream: orders --->>  /opt/data/silver/orders
[2026-07-21T08:02:18.801+0000] {subprocess.py:93} INFO - 26/07/21 08:02:18 WARN ResolveWriteToStream: spark.sql.adaptive.enabled is not supported in streaming DataFrames/Datasets and will be disabled.
[2026-07-21T08:02:18.916+0000] {subprocess.py:93} INFO - Silver stream started: /opt/data/bronze/orders --->> /opt/data/silver/orders
[2026-07-21T08:02:18.920+0000] {subprocess.py:93} INFO - Starting silver stream: customers --->>  /opt/data/silver/customers
[2026-07-21T08:02:23.519+0000] {subprocess.py:93} INFO - 26/07/21 08:02:23 WARN ResolveWriteToStream: spark.sql.adaptive.enabled is not supported in streaming DataFrames/Datasets and will be disabled.
[2026-07-21T08:02:23.591+0000] {subprocess.py:93} INFO - Silver stream started: /opt/data/bronze/customers --->> /opt/data/silver/customers
[2026-07-21T08:02:23.603+0000] {subprocess.py:93} INFO - Starting silver stream: products --->>  /opt/data/silver/products
[2026-07-21T08:02:27.420+0000] {subprocess.py:93} INFO - 26/07/21 08:02:27 WARN ResolveWriteToStream: spark.sql.adaptive.enabled is not supported in streaming DataFrames/Datasets and will be disabled.
[2026-07-21T08:02:27.497+0000] {subprocess.py:93} INFO - Silver stream started: /opt/data/bronze/products --->> /opt/data/silver/products
[2026-07-21T08:02:29.388+0000] {subprocess.py:93} INFO - 26/07/21 08:02:29 WARN SparkStringUtils: Truncated the string representation of a plan since it was too large. This behavior can be adjusted by setting 'spark.sql.debug.maxToStringFields'.
[2026-07-21T08:04:01.324+0000] {subprocess.py:97} INFO - Command exited with return code 0
[2026-07-21T08:04:01.327+0000] {taskinstance.py:441} INFO - ::group::Post task execution logs
[2026-07-21T08:04:01.357+0000] {taskinstance.py:1205} INFO - Marking task as SUCCESS. dag_id=e-commerce_kafka_streaming_pipeline_v1, task_id=run_silver, execution_date=20260721T070000, start_date=20260721T080200, end_date=20260721T080401
[2026-07-21T08:04:01.398+0000] {local_task_job_runner.py:240} INFO - Task exited with return code 0
[2026-07-21T08:04:01.420+0000] {taskinstance.py:3482} INFO - 1 downstream tasks scheduled from follow-on schedule check
[2026-07-21T08:04:01.423+0000] {local_task_job_runner.py:222} INFO - ::endgroup::
