[2026-07-20T07:04:02.052+0000] {local_task_job_runner.py:120} INFO - ::group::Pre task execution logs
[2026-07-20T07:04:02.086+0000] {taskinstance.py:2073} INFO - Dependencies all met for dep_context=non-requeueable deps ti=<TaskInstance: e-commerce_kafka_streaming_pipeline_v1.run_gold scheduled__2026-07-20T06:00:00+00:00 [queued]>
[2026-07-20T07:04:02.095+0000] {taskinstance.py:2073} INFO - Dependencies all met for dep_context=requeueable deps ti=<TaskInstance: e-commerce_kafka_streaming_pipeline_v1.run_gold scheduled__2026-07-20T06:00:00+00:00 [queued]>
[2026-07-20T07:04:02.096+0000] {taskinstance.py:2303} INFO - Starting attempt 1 of 2
[2026-07-20T07:04:02.110+0000] {taskinstance.py:2327} INFO - Executing <Task(BashOperator): run_gold> on 2026-07-20 06:00:00+00:00
[2026-07-20T07:04:02.118+0000] {standard_task_runner.py:90} INFO - Running: ['***', 'tasks', 'run', 'e-commerce_kafka_streaming_pipeline_v1', 'run_gold', 'scheduled__2026-07-20T06:00:00+00:00', '--job-id', '187', '--raw', '--subdir', 'DAGS_FOLDER/sdp_pipeline_dag.py', '--cfg-path', '/tmp/tmpeq8_9hbj']
[2026-07-20T07:04:02.121+0000] {standard_task_runner.py:91} INFO - Job 187: Subtask run_gold
[2026-07-20T07:04:02.138+0000] {logging_mixin.py:188} WARNING - /home/***/.local/lib/python3.12/site-packages/***/task/task_runner/standard_task_runner.py:61 DeprecationWarning: This process (pid=5797) is multi-threaded, use of fork() may lead to deadlocks in the child.
[2026-07-20T07:04:02.140+0000] {standard_task_runner.py:63} INFO - Started process 5798 to run task
[2026-07-20T07:04:02.190+0000] {task_command.py:426} INFO - Running <TaskInstance: e-commerce_kafka_streaming_pipeline_v1.run_gold scheduled__2026-07-20T06:00:00+00:00 [running]> on host da27550080bf
[2026-07-20T07:04:02.271+0000] {taskinstance.py:2644} INFO - Exporting env vars: AIRFLOW_CTX_DAG_OWNER='dev' AIRFLOW_CTX_DAG_ID='e-commerce_kafka_streaming_pipeline_v1' AIRFLOW_CTX_TASK_ID='run_gold' AIRFLOW_CTX_EXECUTION_DATE='2026-07-20T06:00:00+00:00' AIRFLOW_CTX_TRY_NUMBER='1' AIRFLOW_CTX_DAG_RUN_ID='scheduled__2026-07-20T06:00:00+00:00'
[2026-07-20T07:04:02.272+0000] {taskinstance.py:430} INFO - ::endgroup::
[2026-07-20T07:04:02.289+0000] {subprocess.py:63} INFO - Tmp dir root location: /tmp
[2026-07-20T07:04:02.291+0000] {subprocess.py:75} INFO - Running command: ['/usr/bin/bash', '-c', 'docker run --rm --network streaming_kafka_project_sdp-net --volume /d/Streaming_kafka_project/pipelines:/opt/pipelines --volume /d/Streaming_kafka_project/data:/opt/data --volume /d/Streaming_kafka_project/checkpoints:/opt/checkpoints --volume /d/Streaming_kafka_project/jars:/opt/jars apache/spark:3.5.1 /opt/spark/bin/spark-submit --master spark://sdp-spark-master:7077 --executor-cores 1 --executor-memory 512m --total-executor-cores 3 --jars /opt/jars/delta-spark_2.12-3.2.0.jar,/opt/jars/delta-storage-3.2.0.jar,/opt/jars/spark-sql-kafka-0-10_2.12-3.5.1.jar,/opt/jars/kafka-clients-3.4.1.jar,/opt/jars/spark-token-provider-kafka-0-10_2.12-3.5.1.jar,/opt/jars/commons-pool2-2.11.1.jar --conf spark.sql.extensions=io.delta.sql.DeltaSparkSessionExtension --conf spark.sql.catalog.spark_catalog=org.apache.spark.sql.delta.catalog.DeltaCatalog  /opt/pipelines/gold_runner.py']
[2026-07-20T07:04:02.301+0000] {subprocess.py:86} INFO - Output:
[2026-07-20T07:04:04.406+0000] {subprocess.py:93} INFO - 26/07/20 07:04:04 WARN NativeCodeLoader: Unable to load native-hadoop library for your platform... using builtin-java classes where applicable
[2026-07-20T07:04:05.149+0000] {subprocess.py:93} INFO - 26/07/20 07:04:05 INFO SparkContext: Running Spark version 3.5.1
[2026-07-20T07:04:05.151+0000] {subprocess.py:93} INFO - 26/07/20 07:04:05 INFO SparkContext: OS info Linux, 6.18.33.2-microsoft-standard-WSL2, amd64
[2026-07-20T07:04:05.152+0000] {subprocess.py:93} INFO - 26/07/20 07:04:05 INFO SparkContext: Java version 11.0.22
[2026-07-20T07:04:05.177+0000] {subprocess.py:93} INFO - 26/07/20 07:04:05 INFO ResourceUtils: ==============================================================
[2026-07-20T07:04:05.179+0000] {subprocess.py:93} INFO - 26/07/20 07:04:05 INFO ResourceUtils: No custom resources configured for spark.driver.
[2026-07-20T07:04:05.181+0000] {subprocess.py:93} INFO - 26/07/20 07:04:05 INFO ResourceUtils: ==============================================================
[2026-07-20T07:04:05.182+0000] {subprocess.py:93} INFO - 26/07/20 07:04:05 INFO SparkContext: Submitted application: SDP-Gold
[2026-07-20T07:04:05.200+0000] {subprocess.py:93} INFO - 26/07/20 07:04:05 INFO ResourceProfile: Default ResourceProfile created, executor resources: Map(cores -> name: cores, amount: 1, script: , vendor: , memory -> name: memory, amount: 512, script: , vendor: , offHeap -> name: offHeap, amount: 0, script: , vendor: ), task resources: Map(cpus -> name: cpus, amount: 1.0)
[2026-07-20T07:04:05.212+0000] {subprocess.py:93} INFO - 26/07/20 07:04:05 INFO ResourceProfile: Limiting resource is cpus at 1 tasks per executor
[2026-07-20T07:04:05.214+0000] {subprocess.py:93} INFO - 26/07/20 07:04:05 INFO ResourceProfileManager: Added ResourceProfile id: 0
[2026-07-20T07:04:05.277+0000] {subprocess.py:93} INFO - 26/07/20 07:04:05 INFO SecurityManager: Changing view acls to: spark
[2026-07-20T07:04:05.279+0000] {subprocess.py:93} INFO - 26/07/20 07:04:05 INFO SecurityManager: Changing modify acls to: spark
[2026-07-20T07:04:05.280+0000] {subprocess.py:93} INFO - 26/07/20 07:04:05 INFO SecurityManager: Changing view acls groups to:
[2026-07-20T07:04:05.281+0000] {subprocess.py:93} INFO - 26/07/20 07:04:05 INFO SecurityManager: Changing modify acls groups to:
[2026-07-20T07:04:05.282+0000] {subprocess.py:93} INFO - 26/07/20 07:04:05 INFO SecurityManager: SecurityManager: authentication disabled; ui acls disabled; users with view permissions: spark; groups with view permissions: EMPTY; users with modify permissions: spark; groups with modify permissions: EMPTY
[2026-07-20T07:04:05.512+0000] {subprocess.py:93} INFO - 26/07/20 07:04:05 INFO Utils: Successfully started service 'sparkDriver' on port 33459.
[2026-07-20T07:04:05.548+0000] {subprocess.py:93} INFO - 26/07/20 07:04:05 INFO SparkEnv: Registering MapOutputTracker
[2026-07-20T07:04:05.587+0000] {subprocess.py:93} INFO - 26/07/20 07:04:05 INFO SparkEnv: Registering BlockManagerMaster
[2026-07-20T07:04:05.603+0000] {subprocess.py:93} INFO - 26/07/20 07:04:05 INFO BlockManagerMasterEndpoint: Using org.apache.spark.storage.DefaultTopologyMapper for getting topology information
[2026-07-20T07:04:05.604+0000] {subprocess.py:93} INFO - 26/07/20 07:04:05 INFO BlockManagerMasterEndpoint: BlockManagerMasterEndpoint up
[2026-07-20T07:04:05.608+0000] {subprocess.py:93} INFO - 26/07/20 07:04:05 INFO SparkEnv: Registering BlockManagerMasterHeartbeat
[2026-07-20T07:04:05.631+0000] {subprocess.py:93} INFO - 26/07/20 07:04:05 INFO DiskBlockManager: Created local directory at /tmp/blockmgr-c66694d4-0424-424b-b282-d9e1ee9ac022
[2026-07-20T07:04:05.644+0000] {subprocess.py:93} INFO - 26/07/20 07:04:05 INFO MemoryStore: MemoryStore started with capacity 434.4 MiB
[2026-07-20T07:04:05.658+0000] {subprocess.py:93} INFO - 26/07/20 07:04:05 INFO SparkEnv: Registering OutputCommitCoordinator
[2026-07-20T07:04:05.786+0000] {subprocess.py:93} INFO - 26/07/20 07:04:05 INFO JettyUtils: Start Jetty 0.0.0.0:4040 for SparkUI
[2026-07-20T07:04:05.848+0000] {subprocess.py:93} INFO - 26/07/20 07:04:05 INFO Utils: Successfully started service 'SparkUI' on port 4040.
[2026-07-20T07:04:05.886+0000] {subprocess.py:93} INFO - 26/07/20 07:04:05 INFO SparkContext: Added JAR file:///opt/jars/delta-spark_2.12-3.2.0.jar at spark://abdbf0adc792:33459/jars/delta-spark_2.12-3.2.0.jar with timestamp 1784531045139
[2026-07-20T07:04:05.888+0000] {subprocess.py:93} INFO - 26/07/20 07:04:05 INFO SparkContext: Added JAR file:///opt/jars/delta-storage-3.2.0.jar at spark://abdbf0adc792:33459/jars/delta-storage-3.2.0.jar with timestamp 1784531045139
[2026-07-20T07:04:05.889+0000] {subprocess.py:93} INFO - 26/07/20 07:04:05 INFO SparkContext: Added JAR file:///opt/jars/spark-sql-kafka-0-10_2.12-3.5.1.jar at spark://abdbf0adc792:33459/jars/spark-sql-kafka-0-10_2.12-3.5.1.jar with timestamp 1784531045139
[2026-07-20T07:04:05.890+0000] {subprocess.py:93} INFO - 26/07/20 07:04:05 INFO SparkContext: Added JAR file:///opt/jars/kafka-clients-3.4.1.jar at spark://abdbf0adc792:33459/jars/kafka-clients-3.4.1.jar with timestamp 1784531045139
[2026-07-20T07:04:05.891+0000] {subprocess.py:93} INFO - 26/07/20 07:04:05 INFO SparkContext: Added JAR file:///opt/jars/spark-token-provider-kafka-0-10_2.12-3.5.1.jar at spark://abdbf0adc792:33459/jars/spark-token-provider-kafka-0-10_2.12-3.5.1.jar with timestamp 1784531045139
[2026-07-20T07:04:05.892+0000] {subprocess.py:93} INFO - 26/07/20 07:04:05 INFO SparkContext: Added JAR file:///opt/jars/commons-pool2-2.11.1.jar at spark://abdbf0adc792:33459/jars/commons-pool2-2.11.1.jar with timestamp 1784531045139
[2026-07-20T07:04:05.958+0000] {subprocess.py:93} INFO - 26/07/20 07:04:05 INFO StandaloneAppClient$ClientEndpoint: Connecting to master spark://sdp-spark-master:7077...
[2026-07-20T07:04:05.998+0000] {subprocess.py:93} INFO - 26/07/20 07:04:05 INFO TransportClientFactory: Successfully created connection to sdp-spark-master/172.18.0.4:7077 after 23 ms (0 ms spent in bootstraps)
[2026-07-20T07:04:06.094+0000] {subprocess.py:93} INFO - 26/07/20 07:04:06 INFO StandaloneSchedulerBackend: Connected to Spark cluster with app ID app-20260720070406-0089
[2026-07-20T07:04:06.097+0000] {subprocess.py:93} INFO - 26/07/20 07:04:06 INFO StandaloneAppClient$ClientEndpoint: Executor added: app-20260720070406-0089/0 on worker-20260716063602-172.18.0.5-44367 (172.18.0.5:44367) with 1 core(s)
[2026-07-20T07:04:06.102+0000] {subprocess.py:93} INFO - 26/07/20 07:04:06 INFO StandaloneSchedulerBackend: Granted executor ID app-20260720070406-0089/0 on hostPort 172.18.0.5:44367 with 1 core(s), 512.0 MiB RAM
[2026-07-20T07:04:06.104+0000] {subprocess.py:93} INFO - 26/07/20 07:04:06 INFO StandaloneAppClient$ClientEndpoint: Executor added: app-20260720070406-0089/1 on worker-20260716063602-172.18.0.5-44367 (172.18.0.5:44367) with 1 core(s)
[2026-07-20T07:04:06.105+0000] {subprocess.py:93} INFO - 26/07/20 07:04:06 INFO StandaloneSchedulerBackend: Granted executor ID app-20260720070406-0089/1 on hostPort 172.18.0.5:44367 with 1 core(s), 512.0 MiB RAM
[2026-07-20T07:04:06.106+0000] {subprocess.py:93} INFO - 26/07/20 07:04:06 INFO StandaloneAppClient$ClientEndpoint: Executor added: app-20260720070406-0089/2 on worker-20260716063602-172.18.0.6-33249 (172.18.0.6:33249) with 1 core(s)
[2026-07-20T07:04:06.108+0000] {subprocess.py:93} INFO - 26/07/20 07:04:06 INFO StandaloneSchedulerBackend: Granted executor ID app-20260720070406-0089/2 on hostPort 172.18.0.6:33249 with 1 core(s), 512.0 MiB RAM
[2026-07-20T07:04:06.113+0000] {subprocess.py:93} INFO - 26/07/20 07:04:06 INFO Utils: Successfully started service 'org.apache.spark.network.netty.NettyBlockTransferService' on port 40427.
[2026-07-20T07:04:06.115+0000] {subprocess.py:93} INFO - 26/07/20 07:04:06 INFO NettyBlockTransferService: Server created on abdbf0adc792:40427
[2026-07-20T07:04:06.116+0000] {subprocess.py:93} INFO - 26/07/20 07:04:06 INFO BlockManager: Using org.apache.spark.storage.RandomBlockReplicationPolicy for block replication policy
[2026-07-20T07:04:06.123+0000] {subprocess.py:93} INFO - 26/07/20 07:04:06 INFO BlockManagerMaster: Registering BlockManager BlockManagerId(driver, abdbf0adc792, 40427, None)
[2026-07-20T07:04:06.130+0000] {subprocess.py:93} INFO - 26/07/20 07:04:06 INFO BlockManagerMasterEndpoint: Registering block manager abdbf0adc792:40427 with 434.4 MiB RAM, BlockManagerId(driver, abdbf0adc792, 40427, None)
[2026-07-20T07:04:06.133+0000] {subprocess.py:93} INFO - 26/07/20 07:04:06 INFO BlockManagerMaster: Registered BlockManager BlockManagerId(driver, abdbf0adc792, 40427, None)
[2026-07-20T07:04:06.135+0000] {subprocess.py:93} INFO - 26/07/20 07:04:06 INFO BlockManager: Initialized BlockManager: BlockManagerId(driver, abdbf0adc792, 40427, None)
[2026-07-20T07:04:06.182+0000] {subprocess.py:93} INFO - 26/07/20 07:04:06 INFO StandaloneAppClient$ClientEndpoint: Executor updated: app-20260720070406-0089/2 is now RUNNING
[2026-07-20T07:04:06.183+0000] {subprocess.py:93} INFO - 26/07/20 07:04:06 INFO StandaloneAppClient$ClientEndpoint: Executor updated: app-20260720070406-0089/0 is now RUNNING
[2026-07-20T07:04:06.186+0000] {subprocess.py:93} INFO - 26/07/20 07:04:06 INFO StandaloneAppClient$ClientEndpoint: Executor updated: app-20260720070406-0089/1 is now RUNNING
[2026-07-20T07:04:06.471+0000] {subprocess.py:93} INFO - 26/07/20 07:04:06 INFO StandaloneSchedulerBackend: SchedulerBackend is ready for scheduling beginning after reached minRegisteredResourcesRatio: 0.0
[2026-07-20T07:04:27.139+0000] {subprocess.py:93} INFO - 26/07/20 07:04:27 WARN SparkStringUtils: Truncated the string representation of a plan since it was too large. This behavior can be adjusted by setting 'spark.sql.debug.maxToStringFields'.
[2026-07-20T07:05:04.271+0000] {subprocess.py:93} INFO - Gold table written: /opt/data/gold/daily_sales  (4 rows)
[2026-07-20T07:05:17.837+0000] {subprocess.py:93} INFO - Gold table written: /opt/data/gold/product_performance  (10 rows)
[2026-07-20T07:05:36.868+0000] {subprocess.py:93} INFO - Gold table written: /opt/data/gold/customer_orders  (5 rows)
[2026-07-20T07:05:36.871+0000] {subprocess.py:93} INFO - 
[2026-07-20T07:05:36.872+0000] {subprocess.py:93} INFO - Gold pipeline complete.
[2026-07-20T07:05:37.533+0000] {subprocess.py:97} INFO - Command exited with return code 0
[2026-07-20T07:05:37.536+0000] {taskinstance.py:441} INFO - ::group::Post task execution logs
[2026-07-20T07:05:37.578+0000] {taskinstance.py:1205} INFO - Marking task as SUCCESS. dag_id=e-commerce_kafka_streaming_pipeline_v1, task_id=run_gold, execution_date=20260720T060000, start_date=20260720T070402, end_date=20260720T070537
[2026-07-20T07:05:37.616+0000] {local_task_job_runner.py:240} INFO - Task exited with return code 0
[2026-07-20T07:05:37.640+0000] {taskinstance.py:3482} INFO - 1 downstream tasks scheduled from follow-on schedule check
[2026-07-20T07:05:37.644+0000] {local_task_job_runner.py:222} INFO - ::endgroup::
