[2026-07-20T10:02:13.398+0000] {local_task_job_runner.py:120} INFO - ::group::Pre task execution logs
[2026-07-20T10:02:13.462+0000] {taskinstance.py:2073} INFO - Dependencies all met for dep_context=non-requeueable deps ti=<TaskInstance: e-commerce_kafka_streaming_pipeline_v1.run_silver scheduled__2026-07-20T09:00:00+00:00 [queued]>
[2026-07-20T10:02:13.483+0000] {taskinstance.py:2073} INFO - Dependencies all met for dep_context=requeueable deps ti=<TaskInstance: e-commerce_kafka_streaming_pipeline_v1.run_silver scheduled__2026-07-20T09:00:00+00:00 [queued]>
[2026-07-20T10:02:13.485+0000] {taskinstance.py:2303} INFO - Starting attempt 1 of 2
[2026-07-20T10:02:13.508+0000] {taskinstance.py:2327} INFO - Executing <Task(BashOperator): run_silver> on 2026-07-20 09:00:00+00:00
[2026-07-20T10:02:13.521+0000] {standard_task_runner.py:90} INFO - Running: ['***', 'tasks', 'run', 'e-commerce_kafka_streaming_pipeline_v1', 'run_silver', 'scheduled__2026-07-20T09:00:00+00:00', '--job-id', '206', '--raw', '--subdir', 'DAGS_FOLDER/sdp_pipeline_dag.py', '--cfg-path', '/tmp/tmpviffi0v7']
[2026-07-20T10:02:13.525+0000] {logging_mixin.py:188} WARNING - /home/***/.local/lib/python3.12/site-packages/***/task/task_runner/standard_task_runner.py:61 DeprecationWarning: This process (pid=7694) is multi-threaded, use of fork() may lead to deadlocks in the child.
[2026-07-20T10:02:13.527+0000] {standard_task_runner.py:91} INFO - Job 206: Subtask run_silver
[2026-07-20T10:02:13.528+0000] {standard_task_runner.py:63} INFO - Started process 7695 to run task
[2026-07-20T10:02:13.655+0000] {task_command.py:426} INFO - Running <TaskInstance: e-commerce_kafka_streaming_pipeline_v1.run_silver scheduled__2026-07-20T09:00:00+00:00 [running]> on host da27550080bf
[2026-07-20T10:02:13.815+0000] {taskinstance.py:2644} INFO - Exporting env vars: AIRFLOW_CTX_DAG_OWNER='dev' AIRFLOW_CTX_DAG_ID='e-commerce_kafka_streaming_pipeline_v1' AIRFLOW_CTX_TASK_ID='run_silver' AIRFLOW_CTX_EXECUTION_DATE='2026-07-20T09:00:00+00:00' AIRFLOW_CTX_TRY_NUMBER='1' AIRFLOW_CTX_DAG_RUN_ID='scheduled__2026-07-20T09:00:00+00:00'
[2026-07-20T10:02:13.817+0000] {taskinstance.py:430} INFO - ::endgroup::
[2026-07-20T10:02:13.845+0000] {subprocess.py:63} INFO - Tmp dir root location: /tmp
[2026-07-20T10:02:13.848+0000] {subprocess.py:75} INFO - Running command: ['/usr/bin/bash', '-c', 'timeout 150s docker run --rm --network streaming_kafka_project_sdp-net --volume /d/Streaming_kafka_project/pipelines:/opt/pipelines --volume /d/Streaming_kafka_project/data:/opt/data --volume /d/Streaming_kafka_project/checkpoints:/opt/checkpoints --volume /d/Streaming_kafka_project/jars:/opt/jars apache/spark:3.5.1 /opt/spark/bin/spark-submit --master spark://sdp-spark-master:7077 --executor-cores 1 --executor-memory 512m --total-executor-cores 3 --jars /opt/jars/delta-spark_2.12-3.2.0.jar,/opt/jars/delta-storage-3.2.0.jar,/opt/jars/spark-sql-kafka-0-10_2.12-3.5.1.jar,/opt/jars/kafka-clients-3.4.1.jar,/opt/jars/spark-token-provider-kafka-0-10_2.12-3.5.1.jar,/opt/jars/commons-pool2-2.11.1.jar --conf spark.sql.extensions=io.delta.sql.DeltaSparkSessionExtension --conf spark.sql.catalog.spark_catalog=org.apache.spark.sql.delta.catalog.DeltaCatalog  /opt/pipelines/silver_runner.py']
[2026-07-20T10:02:13.866+0000] {subprocess.py:86} INFO - Output:
[2026-07-20T10:02:16.806+0000] {subprocess.py:93} INFO - 26/07/20 10:02:16 WARN NativeCodeLoader: Unable to load native-hadoop library for your platform... using builtin-java classes where applicable
[2026-07-20T10:02:18.050+0000] {subprocess.py:93} INFO - 26/07/20 10:02:18 INFO SparkContext: Running Spark version 3.5.1
[2026-07-20T10:02:18.052+0000] {subprocess.py:93} INFO - 26/07/20 10:02:18 INFO SparkContext: OS info Linux, 6.18.33.2-microsoft-standard-WSL2, amd64
[2026-07-20T10:02:18.053+0000] {subprocess.py:93} INFO - 26/07/20 10:02:18 INFO SparkContext: Java version 11.0.22
[2026-07-20T10:02:18.097+0000] {subprocess.py:93} INFO - 26/07/20 10:02:18 INFO ResourceUtils: ==============================================================
[2026-07-20T10:02:18.099+0000] {subprocess.py:93} INFO - 26/07/20 10:02:18 INFO ResourceUtils: No custom resources configured for spark.driver.
[2026-07-20T10:02:18.101+0000] {subprocess.py:93} INFO - 26/07/20 10:02:18 INFO ResourceUtils: ==============================================================
[2026-07-20T10:02:18.102+0000] {subprocess.py:93} INFO - 26/07/20 10:02:18 INFO SparkContext: Submitted application: SDP-Silver
[2026-07-20T10:02:18.126+0000] {subprocess.py:93} INFO - 26/07/20 10:02:18 INFO ResourceProfile: Default ResourceProfile created, executor resources: Map(cores -> name: cores, amount: 1, script: , vendor: , memory -> name: memory, amount: 512, script: , vendor: , offHeap -> name: offHeap, amount: 0, script: , vendor: ), task resources: Map(cpus -> name: cpus, amount: 1.0)
[2026-07-20T10:02:18.140+0000] {subprocess.py:93} INFO - 26/07/20 10:02:18 INFO ResourceProfile: Limiting resource is cpus at 1 tasks per executor
[2026-07-20T10:02:18.143+0000] {subprocess.py:93} INFO - 26/07/20 10:02:18 INFO ResourceProfileManager: Added ResourceProfile id: 0
[2026-07-20T10:02:18.210+0000] {subprocess.py:93} INFO - 26/07/20 10:02:18 INFO SecurityManager: Changing view acls to: spark
[2026-07-20T10:02:18.212+0000] {subprocess.py:93} INFO - 26/07/20 10:02:18 INFO SecurityManager: Changing modify acls to: spark
[2026-07-20T10:02:18.214+0000] {subprocess.py:93} INFO - 26/07/20 10:02:18 INFO SecurityManager: Changing view acls groups to:
[2026-07-20T10:02:18.215+0000] {subprocess.py:93} INFO - 26/07/20 10:02:18 INFO SecurityManager: Changing modify acls groups to:
[2026-07-20T10:02:18.216+0000] {subprocess.py:93} INFO - 26/07/20 10:02:18 INFO SecurityManager: SecurityManager: authentication disabled; ui acls disabled; users with view permissions: spark; groups with view permissions: EMPTY; users with modify permissions: spark; groups with modify permissions: EMPTY
[2026-07-20T10:02:18.841+0000] {subprocess.py:93} INFO - 26/07/20 10:02:18 INFO Utils: Successfully started service 'sparkDriver' on port 36195.
[2026-07-20T10:02:18.908+0000] {subprocess.py:93} INFO - 26/07/20 10:02:18 INFO SparkEnv: Registering MapOutputTracker
[2026-07-20T10:02:18.989+0000] {subprocess.py:93} INFO - 26/07/20 10:02:18 INFO SparkEnv: Registering BlockManagerMaster
[2026-07-20T10:02:19.011+0000] {subprocess.py:93} INFO - 26/07/20 10:02:19 INFO BlockManagerMasterEndpoint: Using org.apache.spark.storage.DefaultTopologyMapper for getting topology information
[2026-07-20T10:02:19.013+0000] {subprocess.py:93} INFO - 26/07/20 10:02:19 INFO BlockManagerMasterEndpoint: BlockManagerMasterEndpoint up
[2026-07-20T10:02:19.019+0000] {subprocess.py:93} INFO - 26/07/20 10:02:19 INFO SparkEnv: Registering BlockManagerMasterHeartbeat
[2026-07-20T10:02:19.054+0000] {subprocess.py:93} INFO - 26/07/20 10:02:19 INFO DiskBlockManager: Created local directory at /tmp/blockmgr-f72bb7dc-a510-4144-bb98-5e6174a0b6c2
[2026-07-20T10:02:19.077+0000] {subprocess.py:93} INFO - 26/07/20 10:02:19 INFO MemoryStore: MemoryStore started with capacity 434.4 MiB
[2026-07-20T10:02:19.104+0000] {subprocess.py:93} INFO - 26/07/20 10:02:19 INFO SparkEnv: Registering OutputCommitCoordinator
[2026-07-20T10:02:19.315+0000] {subprocess.py:93} INFO - 26/07/20 10:02:19 INFO JettyUtils: Start Jetty 0.0.0.0:4040 for SparkUI
[2026-07-20T10:02:19.421+0000] {subprocess.py:93} INFO - 26/07/20 10:02:19 INFO Utils: Successfully started service 'SparkUI' on port 4040.
[2026-07-20T10:02:19.479+0000] {subprocess.py:93} INFO - 26/07/20 10:02:19 INFO SparkContext: Added JAR file:///opt/jars/delta-spark_2.12-3.2.0.jar at spark://ac21650313b6:36195/jars/delta-spark_2.12-3.2.0.jar with timestamp 1784541738035
[2026-07-20T10:02:19.480+0000] {subprocess.py:93} INFO - 26/07/20 10:02:19 INFO SparkContext: Added JAR file:///opt/jars/delta-storage-3.2.0.jar at spark://ac21650313b6:36195/jars/delta-storage-3.2.0.jar with timestamp 1784541738035
[2026-07-20T10:02:19.482+0000] {subprocess.py:93} INFO - 26/07/20 10:02:19 INFO SparkContext: Added JAR file:///opt/jars/spark-sql-kafka-0-10_2.12-3.5.1.jar at spark://ac21650313b6:36195/jars/spark-sql-kafka-0-10_2.12-3.5.1.jar with timestamp 1784541738035
[2026-07-20T10:02:19.483+0000] {subprocess.py:93} INFO - 26/07/20 10:02:19 INFO SparkContext: Added JAR file:///opt/jars/kafka-clients-3.4.1.jar at spark://ac21650313b6:36195/jars/kafka-clients-3.4.1.jar with timestamp 1784541738035
[2026-07-20T10:02:19.484+0000] {subprocess.py:93} INFO - 26/07/20 10:02:19 INFO SparkContext: Added JAR file:///opt/jars/spark-token-provider-kafka-0-10_2.12-3.5.1.jar at spark://ac21650313b6:36195/jars/spark-token-provider-kafka-0-10_2.12-3.5.1.jar with timestamp 1784541738035
[2026-07-20T10:02:19.486+0000] {subprocess.py:93} INFO - 26/07/20 10:02:19 INFO SparkContext: Added JAR file:///opt/jars/commons-pool2-2.11.1.jar at spark://ac21650313b6:36195/jars/commons-pool2-2.11.1.jar with timestamp 1784541738035
[2026-07-20T10:02:19.580+0000] {subprocess.py:93} INFO - 26/07/20 10:02:19 INFO StandaloneAppClient$ClientEndpoint: Connecting to master spark://sdp-spark-master:7077...
[2026-07-20T10:02:19.658+0000] {subprocess.py:93} INFO - 26/07/20 10:02:19 INFO TransportClientFactory: Successfully created connection to sdp-spark-master/172.18.0.4:7077 after 46 ms (0 ms spent in bootstraps)
[2026-07-20T10:02:19.830+0000] {subprocess.py:93} INFO - 26/07/20 10:02:19 INFO StandaloneSchedulerBackend: Connected to Spark cluster with app ID app-20260720100219-0097
[2026-07-20T10:02:19.837+0000] {subprocess.py:93} INFO - 26/07/20 10:02:19 INFO StandaloneAppClient$ClientEndpoint: Executor added: app-20260720100219-0097/0 on worker-20260716063602-172.18.0.5-44367 (172.18.0.5:44367) with 1 core(s)
[2026-07-20T10:02:19.840+0000] {subprocess.py:93} INFO - 26/07/20 10:02:19 INFO StandaloneSchedulerBackend: Granted executor ID app-20260720100219-0097/0 on hostPort 172.18.0.5:44367 with 1 core(s), 512.0 MiB RAM
[2026-07-20T10:02:19.841+0000] {subprocess.py:93} INFO - 26/07/20 10:02:19 INFO StandaloneAppClient$ClientEndpoint: Executor added: app-20260720100219-0097/1 on worker-20260716063602-172.18.0.5-44367 (172.18.0.5:44367) with 1 core(s)
[2026-07-20T10:02:19.843+0000] {subprocess.py:93} INFO - 26/07/20 10:02:19 INFO StandaloneSchedulerBackend: Granted executor ID app-20260720100219-0097/1 on hostPort 172.18.0.5:44367 with 1 core(s), 512.0 MiB RAM
[2026-07-20T10:02:19.844+0000] {subprocess.py:93} INFO - 26/07/20 10:02:19 INFO StandaloneAppClient$ClientEndpoint: Executor added: app-20260720100219-0097/2 on worker-20260716063602-172.18.0.6-33249 (172.18.0.6:33249) with 1 core(s)
[2026-07-20T10:02:19.845+0000] {subprocess.py:93} INFO - 26/07/20 10:02:19 INFO StandaloneSchedulerBackend: Granted executor ID app-20260720100219-0097/2 on hostPort 172.18.0.6:33249 with 1 core(s), 512.0 MiB RAM
[2026-07-20T10:02:19.851+0000] {subprocess.py:93} INFO - 26/07/20 10:02:19 INFO Utils: Successfully started service 'org.apache.spark.network.netty.NettyBlockTransferService' on port 35353.
[2026-07-20T10:02:19.853+0000] {subprocess.py:93} INFO - 26/07/20 10:02:19 INFO NettyBlockTransferService: Server created on ac21650313b6:35353
[2026-07-20T10:02:19.855+0000] {subprocess.py:93} INFO - 26/07/20 10:02:19 INFO BlockManager: Using org.apache.spark.storage.RandomBlockReplicationPolicy for block replication policy
[2026-07-20T10:02:19.861+0000] {subprocess.py:93} INFO - 26/07/20 10:02:19 INFO BlockManagerMaster: Registering BlockManager BlockManagerId(driver, ac21650313b6, 35353, None)
[2026-07-20T10:02:19.868+0000] {subprocess.py:93} INFO - 26/07/20 10:02:19 INFO BlockManagerMasterEndpoint: Registering block manager ac21650313b6:35353 with 434.4 MiB RAM, BlockManagerId(driver, ac21650313b6, 35353, None)
[2026-07-20T10:02:19.875+0000] {subprocess.py:93} INFO - 26/07/20 10:02:19 INFO BlockManagerMaster: Registered BlockManager BlockManagerId(driver, ac21650313b6, 35353, None)
[2026-07-20T10:02:19.880+0000] {subprocess.py:93} INFO - 26/07/20 10:02:19 INFO BlockManager: Initialized BlockManager: BlockManagerId(driver, ac21650313b6, 35353, None)
[2026-07-20T10:02:19.904+0000] {subprocess.py:93} INFO - 26/07/20 10:02:19 INFO StandaloneAppClient$ClientEndpoint: Executor updated: app-20260720100219-0097/1 is now RUNNING
[2026-07-20T10:02:19.910+0000] {subprocess.py:93} INFO - 26/07/20 10:02:19 INFO StandaloneAppClient$ClientEndpoint: Executor updated: app-20260720100219-0097/2 is now RUNNING
[2026-07-20T10:02:19.912+0000] {subprocess.py:93} INFO - 26/07/20 10:02:19 INFO StandaloneAppClient$ClientEndpoint: Executor updated: app-20260720100219-0097/0 is now RUNNING
[2026-07-20T10:02:20.389+0000] {subprocess.py:93} INFO - 26/07/20 10:02:20 INFO StandaloneSchedulerBackend: SchedulerBackend is ready for scheduling beginning after reached minRegisteredResourcesRatio: 0.0
[2026-07-20T10:02:20.871+0000] {subprocess.py:93} INFO - Starting silver stream: orders --->>  /opt/data/silver/orders
[2026-07-20T10:02:40.014+0000] {subprocess.py:93} INFO - 26/07/20 10:02:40 WARN ResolveWriteToStream: spark.sql.adaptive.enabled is not supported in streaming DataFrames/Datasets and will be disabled.
[2026-07-20T10:02:40.241+0000] {subprocess.py:93} INFO - Silver stream started: /opt/data/bronze/orders --->> /opt/data/silver/orders
[2026-07-20T10:02:40.253+0000] {subprocess.py:93} INFO - Starting silver stream: customers --->>  /opt/data/silver/customers
[2026-07-20T10:02:45.794+0000] {subprocess.py:93} INFO - 26/07/20 10:02:45 WARN ResolveWriteToStream: spark.sql.adaptive.enabled is not supported in streaming DataFrames/Datasets and will be disabled.
[2026-07-20T10:02:45.878+0000] {subprocess.py:93} INFO - Silver stream started: /opt/data/bronze/customers --->> /opt/data/silver/customers
[2026-07-20T10:02:45.892+0000] {subprocess.py:93} INFO - Starting silver stream: products --->>  /opt/data/silver/products
[2026-07-20T10:02:49.643+0000] {subprocess.py:93} INFO - 26/07/20 10:02:49 WARN ResolveWriteToStream: spark.sql.adaptive.enabled is not supported in streaming DataFrames/Datasets and will be disabled.
[2026-07-20T10:02:49.790+0000] {subprocess.py:93} INFO - Silver stream started: /opt/data/bronze/products --->> /opt/data/silver/products
[2026-07-20T10:02:51.881+0000] {subprocess.py:93} INFO - 26/07/20 10:02:51 WARN SparkStringUtils: Truncated the string representation of a plan since it was too large. This behavior can be adjusted by setting 'spark.sql.debug.maxToStringFields'.
[2026-07-20T10:04:23.036+0000] {subprocess.py:97} INFO - Command exited with return code 0
[2026-07-20T10:04:23.041+0000] {taskinstance.py:441} INFO - ::group::Post task execution logs
[2026-07-20T10:04:23.090+0000] {taskinstance.py:1205} INFO - Marking task as SUCCESS. dag_id=e-commerce_kafka_streaming_pipeline_v1, task_id=run_silver, execution_date=20260720T090000, start_date=20260720T100213, end_date=20260720T100423
[2026-07-20T10:04:23.122+0000] {local_task_job_runner.py:240} INFO - Task exited with return code 0
[2026-07-20T10:04:23.149+0000] {taskinstance.py:3482} INFO - 1 downstream tasks scheduled from follow-on schedule check
[2026-07-20T10:04:23.153+0000] {local_task_job_runner.py:222} INFO - ::endgroup::
