[2026-07-21T13:00:01.227+0000] {local_task_job_runner.py:120} INFO - ::group::Pre task execution logs
[2026-07-21T13:00:01.264+0000] {taskinstance.py:2073} INFO - Dependencies all met for dep_context=non-requeueable deps ti=<TaskInstance: e-commerce_kafka_streaming_pipeline_v1.produce_messages scheduled__2026-07-21T12:00:00+00:00 [queued]>
[2026-07-21T13:00:01.277+0000] {taskinstance.py:2073} INFO - Dependencies all met for dep_context=requeueable deps ti=<TaskInstance: e-commerce_kafka_streaming_pipeline_v1.produce_messages scheduled__2026-07-21T12:00:00+00:00 [queued]>
[2026-07-21T13:00:01.278+0000] {taskinstance.py:2303} INFO - Starting attempt 1 of 2
[2026-07-21T13:00:01.295+0000] {taskinstance.py:2327} INFO - Executing <Task(BashOperator): produce_messages> on 2026-07-21 12:00:00+00:00
[2026-07-21T13:00:01.303+0000] {standard_task_runner.py:90} INFO - Running: ['***', 'tasks', 'run', 'e-commerce_kafka_streaming_pipeline_v1', 'produce_messages', 'scheduled__2026-07-21T12:00:00+00:00', '--job-id', '313', '--raw', '--subdir', 'DAGS_FOLDER/sdp_pipeline_dag.py', '--cfg-path', '/tmp/tmpaw909tkw']
[2026-07-21T13:00:01.306+0000] {standard_task_runner.py:91} INFO - Job 313: Subtask produce_messages
[2026-07-21T13:00:01.308+0000] {logging_mixin.py:188} WARNING - /home/***/.local/lib/python3.12/site-packages/***/task/task_runner/standard_task_runner.py:61 DeprecationWarning: This process (pid=16546) is multi-threaded, use of fork() may lead to deadlocks in the child.
[2026-07-21T13:00:01.309+0000] {standard_task_runner.py:63} INFO - Started process 16547 to run task
[2026-07-21T13:00:01.375+0000] {task_command.py:426} INFO - Running <TaskInstance: e-commerce_kafka_streaming_pipeline_v1.produce_messages scheduled__2026-07-21T12:00:00+00:00 [running]> on host da27550080bf
[2026-07-21T13:00:01.463+0000] {taskinstance.py:2644} INFO - Exporting env vars: AIRFLOW_CTX_DAG_OWNER='dev' AIRFLOW_CTX_DAG_ID='e-commerce_kafka_streaming_pipeline_v1' AIRFLOW_CTX_TASK_ID='produce_messages' AIRFLOW_CTX_EXECUTION_DATE='2026-07-21T12:00:00+00:00' AIRFLOW_CTX_TRY_NUMBER='1' AIRFLOW_CTX_DAG_RUN_ID='scheduled__2026-07-21T12:00:00+00:00'
[2026-07-21T13:00:01.465+0000] {taskinstance.py:430} INFO - ::endgroup::
[2026-07-21T13:00:01.479+0000] {subprocess.py:63} INFO - Tmp dir root location: /tmp
[2026-07-21T13:00:01.483+0000] {subprocess.py:75} INFO - Running command: ['/usr/bin/bash', '-c', 'python3 /opt/pipelines/api_to_kafka.py']
[2026-07-21T13:00:01.496+0000] {subprocess.py:86} INFO - Output:
[2026-07-21T13:00:04.677+0000] {subprocess.py:93} INFO - Published 7 records to topic 'orders'
[2026-07-21T13:00:04.679+0000] {subprocess.py:93} INFO - Published 10 records to topic 'customers'
[2026-07-21T13:00:04.679+0000] {subprocess.py:93} INFO - Published 20 records to topic 'products'
[2026-07-21T13:00:04.718+0000] {subprocess.py:97} INFO - Command exited with return code 0
[2026-07-21T13:00:04.719+0000] {taskinstance.py:441} INFO - ::group::Post task execution logs
[2026-07-21T13:00:04.740+0000] {taskinstance.py:1205} INFO - Marking task as SUCCESS. dag_id=e-commerce_kafka_streaming_pipeline_v1, task_id=produce_messages, execution_date=20260721T120000, start_date=20260721T130001, end_date=20260721T130004
[2026-07-21T13:00:04.791+0000] {local_task_job_runner.py:240} INFO - Task exited with return code 0
[2026-07-21T13:00:04.812+0000] {taskinstance.py:3482} INFO - 1 downstream tasks scheduled from follow-on schedule check
[2026-07-21T13:00:04.816+0000] {local_task_job_runner.py:222} INFO - ::endgroup::
