[2026-06-09T03:35:06.567+0000] {local_task_job_runner.py:120} INFO - ::group::Pre task execution logs
[2026-06-09T03:35:06.805+0000] {taskinstance.py:2073} INFO - Dependencies all met for dep_context=non-requeueable deps ti=<TaskInstance: e-commerce_kafka_streaming_pipeline_v10.run_bronze scheduled__2026-06-08T17:00:00+00:00 [queued]>
[2026-06-09T03:35:07.016+0000] {taskinstance.py:2073} INFO - Dependencies all met for dep_context=requeueable deps ti=<TaskInstance: e-commerce_kafka_streaming_pipeline_v10.run_bronze scheduled__2026-06-08T17:00:00+00:00 [queued]>
[2026-06-09T03:35:07.030+0000] {taskinstance.py:2303} INFO - Starting attempt 1 of 2
[2026-06-09T03:35:07.261+0000] {taskinstance.py:2327} INFO - Executing <Task(BashOperator): run_bronze> on 2026-06-08 17:00:00+00:00
[2026-06-09T03:35:07.346+0000] {standard_task_runner.py:90} INFO - Running: ['***', 'tasks', 'run', 'e-commerce_kafka_streaming_pipeline_v10', 'run_bronze', 'scheduled__2026-06-08T17:00:00+00:00', '--job-id', '67', '--raw', '--subdir', 'DAGS_FOLDER/sdp_pipeline_dag.py', '--cfg-path', '/tmp/tmpd4ofx0ky']
[2026-06-09T03:35:07.352+0000] {standard_task_runner.py:91} INFO - Job 67: Subtask run_bronze
[2026-06-09T03:35:07.384+0000] {logging_mixin.py:188} WARNING - /home/***/.local/lib/python3.12/site-packages/***/task/task_runner/standard_task_runner.py:61 DeprecationWarning: This process (pid=943) is multi-threaded, use of fork() may lead to deadlocks in the child.
[2026-06-09T03:35:07.391+0000] {standard_task_runner.py:63} INFO - Started process 954 to run task
[2026-06-09T03:35:07.720+0000] {task_command.py:426} INFO - Running <TaskInstance: e-commerce_kafka_streaming_pipeline_v10.run_bronze scheduled__2026-06-08T17:00:00+00:00 [running]> on host 19d9c0c71dcc
[2026-06-09T03:35:08.183+0000] {taskinstance.py:2644} INFO - Exporting env vars: AIRFLOW_CTX_DAG_OWNER='dev' AIRFLOW_CTX_DAG_ID='e-commerce_kafka_streaming_pipeline_v10' AIRFLOW_CTX_TASK_ID='run_bronze' AIRFLOW_CTX_EXECUTION_DATE='2026-06-08T17:00:00+00:00' AIRFLOW_CTX_TRY_NUMBER='1' AIRFLOW_CTX_DAG_RUN_ID='scheduled__2026-06-08T17:00:00+00:00'
[2026-06-09T03:35:08.189+0000] {taskinstance.py:430} INFO - ::endgroup::
[2026-06-09T03:35:08.328+0000] {subprocess.py:63} INFO - Tmp dir root location: /tmp
[2026-06-09T03:35:08.331+0000] {subprocess.py:75} INFO - Running command: ['/usr/bin/bash', '-c', 'timeout 120s docker run --rm --network streaming_kafka_project_sdp-net --volume /d/Streaming_kafka_project/pipelines:/opt/pipelines --volume /d/Streaming_kafka_project/data:/opt/data --volume /d/Streaming_kafka_project/checkpoints:/opt/checkpoints --volume /d/Streaming_kafka_project/jars:/opt/jars apache/spark:3.5.1 /opt/spark/bin/spark-submit --master spark://sdp-spark-master:7077 --executor-cores 1 --executor-memory 512m --total-executor-cores 3 --jars /opt/jars/delta-spark_2.12-3.2.0.jar,/opt/jars/delta-storage-3.2.0.jar,/opt/jars/spark-sql-kafka-0-10_2.12-3.5.1.jar,/opt/jars/kafka-clients-3.4.1.jar,/opt/jars/spark-token-provider-kafka-0-10_2.12-3.5.1.jar,/opt/jars/commons-pool2-2.11.1.jar --conf spark.sql.extensions=io.delta.sql.DeltaSparkSessionExtension --conf spark.sql.catalog.spark_catalog=org.apache.spark.sql.delta.catalog.DeltaCatalog  /opt/pipelines/bronze_runner.py']
[2026-06-09T03:35:08.412+0000] {subprocess.py:86} INFO - Output:
[2026-06-09T03:35:29.919+0000] {subprocess.py:93} INFO - 26/06/09 03:35:29 WARN NativeCodeLoader: Unable to load native-hadoop library for your platform... using builtin-java classes where applicable
[2026-06-09T03:35:39.087+0000] {subprocess.py:93} INFO - 26/06/09 03:35:38 INFO SparkContext: Running Spark version 3.5.1
[2026-06-09T03:35:39.095+0000] {subprocess.py:93} INFO - 26/06/09 03:35:39 INFO SparkContext: OS info Linux, 6.6.114.1-microsoft-standard-WSL2, amd64
[2026-06-09T03:35:39.097+0000] {subprocess.py:93} INFO - 26/06/09 03:35:39 INFO SparkContext: Java version 11.0.22
[2026-06-09T03:35:39.357+0000] {subprocess.py:93} INFO - 26/06/09 03:35:39 INFO ResourceUtils: ==============================================================
[2026-06-09T03:35:39.360+0000] {subprocess.py:93} INFO - 26/06/09 03:35:39 INFO ResourceUtils: No custom resources configured for spark.driver.
[2026-06-09T03:35:39.361+0000] {subprocess.py:93} INFO - 26/06/09 03:35:39 INFO ResourceUtils: ==============================================================
[2026-06-09T03:35:39.376+0000] {subprocess.py:93} INFO - 26/06/09 03:35:39 INFO SparkContext: Submitted application: SDP-Bronze
[2026-06-09T03:35:39.619+0000] {subprocess.py:93} INFO - 26/06/09 03:35:39 INFO ResourceProfile: Default ResourceProfile created, executor resources: Map(cores -> name: cores, amount: 1, script: , vendor: , memory -> name: memory, amount: 512, script: , vendor: , offHeap -> name: offHeap, amount: 0, script: , vendor: ), task resources: Map(cpus -> name: cpus, amount: 1.0)
[2026-06-09T03:35:39.807+0000] {subprocess.py:93} INFO - 26/06/09 03:35:39 INFO ResourceProfile: Limiting resource is cpus at 1 tasks per executor
[2026-06-09T03:35:39.821+0000] {subprocess.py:93} INFO - 26/06/09 03:35:39 INFO ResourceProfileManager: Added ResourceProfile id: 0
[2026-06-09T03:35:40.366+0000] {subprocess.py:93} INFO - 26/06/09 03:35:40 INFO SecurityManager: Changing view acls to: spark
[2026-06-09T03:35:40.379+0000] {subprocess.py:93} INFO - 26/06/09 03:35:40 INFO SecurityManager: Changing modify acls to: spark
[2026-06-09T03:35:40.389+0000] {subprocess.py:93} INFO - 26/06/09 03:35:40 INFO SecurityManager: Changing view acls groups to:
[2026-06-09T03:35:40.392+0000] {subprocess.py:93} INFO - 26/06/09 03:35:40 INFO SecurityManager: Changing modify acls groups to:
[2026-06-09T03:35:40.402+0000] {subprocess.py:93} INFO - 26/06/09 03:35:40 INFO SecurityManager: SecurityManager: authentication disabled; ui acls disabled; users with view permissions: spark; groups with view permissions: EMPTY; users with modify permissions: spark; groups with modify permissions: EMPTY
[2026-06-09T03:35:42.367+0000] {subprocess.py:93} INFO - 26/06/09 03:35:42 INFO Utils: Successfully started service 'sparkDriver' on port 38737.
[2026-06-09T03:35:42.717+0000] {subprocess.py:93} INFO - 26/06/09 03:35:42 INFO SparkEnv: Registering MapOutputTracker
[2026-06-09T03:35:43.085+0000] {subprocess.py:93} INFO - 26/06/09 03:35:43 INFO SparkEnv: Registering BlockManagerMaster
[2026-06-09T03:35:43.208+0000] {subprocess.py:93} INFO - 26/06/09 03:35:43 INFO BlockManagerMasterEndpoint: Using org.apache.spark.storage.DefaultTopologyMapper for getting topology information
[2026-06-09T03:35:43.210+0000] {subprocess.py:93} INFO - 26/06/09 03:35:43 INFO BlockManagerMasterEndpoint: BlockManagerMasterEndpoint up
[2026-06-09T03:35:43.211+0000] {subprocess.py:93} INFO - 26/06/09 03:35:43 INFO SparkEnv: Registering BlockManagerMasterHeartbeat
[2026-06-09T03:35:43.629+0000] {subprocess.py:93} INFO - 26/06/09 03:35:43 INFO DiskBlockManager: Created local directory at /tmp/blockmgr-e5bd79bd-40a6-461c-ad1a-d802b4e596d0
[2026-06-09T03:35:43.795+0000] {subprocess.py:93} INFO - 26/06/09 03:35:43 INFO MemoryStore: MemoryStore started with capacity 434.4 MiB
[2026-06-09T03:35:44.192+0000] {subprocess.py:93} INFO - 26/06/09 03:35:44 INFO SparkEnv: Registering OutputCommitCoordinator
[2026-06-09T03:35:45.615+0000] {subprocess.py:93} INFO - 26/06/09 03:35:45 INFO JettyUtils: Start Jetty 0.0.0.0:4040 for SparkUI
[2026-06-09T03:35:46.013+0000] {subprocess.py:93} INFO - 26/06/09 03:35:46 INFO Utils: Successfully started service 'SparkUI' on port 4040.
[2026-06-09T03:35:46.412+0000] {subprocess.py:93} INFO - 26/06/09 03:35:46 INFO SparkContext: Added JAR file:///opt/jars/delta-spark_2.12-3.2.0.jar at spark://89bca6a7ca4a:38737/jars/delta-spark_2.12-3.2.0.jar with timestamp 1780976138920
[2026-06-09T03:35:46.463+0000] {subprocess.py:93} INFO - 26/06/09 03:35:46 INFO SparkContext: Added JAR file:///opt/jars/delta-storage-3.2.0.jar at spark://89bca6a7ca4a:38737/jars/delta-storage-3.2.0.jar with timestamp 1780976138920
[2026-06-09T03:35:46.501+0000] {subprocess.py:93} INFO - 26/06/09 03:35:46 INFO SparkContext: Added JAR file:///opt/jars/spark-sql-kafka-0-10_2.12-3.5.1.jar at spark://89bca6a7ca4a:38737/jars/spark-sql-kafka-0-10_2.12-3.5.1.jar with timestamp 1780976138920
[2026-06-09T03:35:46.514+0000] {subprocess.py:93} INFO - 26/06/09 03:35:46 INFO SparkContext: Added JAR file:///opt/jars/kafka-clients-3.4.1.jar at spark://89bca6a7ca4a:38737/jars/kafka-clients-3.4.1.jar with timestamp 1780976138920
[2026-06-09T03:35:46.595+0000] {subprocess.py:93} INFO - 26/06/09 03:35:46 INFO SparkContext: Added JAR file:///opt/jars/spark-token-provider-kafka-0-10_2.12-3.5.1.jar at spark://89bca6a7ca4a:38737/jars/spark-token-provider-kafka-0-10_2.12-3.5.1.jar with timestamp 1780976138920
[2026-06-09T03:35:46.643+0000] {subprocess.py:93} INFO - 26/06/09 03:35:46 INFO SparkContext: Added JAR file:///opt/jars/commons-pool2-2.11.1.jar at spark://89bca6a7ca4a:38737/jars/commons-pool2-2.11.1.jar with timestamp 1780976138920
[2026-06-09T03:35:48.069+0000] {subprocess.py:93} INFO - 26/06/09 03:35:48 INFO StandaloneAppClient$ClientEndpoint: Connecting to master spark://sdp-spark-master:7077...
[2026-06-09T03:35:49.100+0000] {subprocess.py:93} INFO - 26/06/09 03:35:49 INFO TransportClientFactory: Successfully created connection to sdp-spark-master/172.18.0.4:7077 after 570 ms (0 ms spent in bootstraps)
[2026-06-09T03:35:50.500+0000] {subprocess.py:93} INFO - 26/06/09 03:35:50 INFO StandaloneSchedulerBackend: Connected to Spark cluster with app ID app-20260609033550-0017
[2026-06-09T03:35:50.513+0000] {subprocess.py:93} INFO - 26/06/09 03:35:50 INFO StandaloneAppClient$ClientEndpoint: Executor added: app-20260609033550-0017/0 on worker-20260608131402-172.18.0.6-44005 (172.18.0.6:44005) with 1 core(s)
[2026-06-09T03:35:50.563+0000] {subprocess.py:93} INFO - 26/06/09 03:35:50 INFO StandaloneSchedulerBackend: Granted executor ID app-20260609033550-0017/0 on hostPort 172.18.0.6:44005 with 1 core(s), 512.0 MiB RAM
[2026-06-09T03:35:50.630+0000] {subprocess.py:93} INFO - 26/06/09 03:35:50 INFO StandaloneAppClient$ClientEndpoint: Executor added: app-20260609033550-0017/1 on worker-20260608131402-172.18.0.5-38399 (172.18.0.5:38399) with 1 core(s)
[2026-06-09T03:35:50.634+0000] {subprocess.py:93} INFO - 26/06/09 03:35:50 INFO StandaloneSchedulerBackend: Granted executor ID app-20260609033550-0017/1 on hostPort 172.18.0.5:38399 with 1 core(s), 512.0 MiB RAM
[2026-06-09T03:35:50.684+0000] {subprocess.py:93} INFO - 26/06/09 03:35:50 INFO Utils: Successfully started service 'org.apache.spark.network.netty.NettyBlockTransferService' on port 40675.
[2026-06-09T03:35:50.685+0000] {subprocess.py:93} INFO - 26/06/09 03:35:50 INFO NettyBlockTransferService: Server created on 89bca6a7ca4a:40675
[2026-06-09T03:35:50.734+0000] {subprocess.py:93} INFO - 26/06/09 03:35:50 INFO BlockManager: Using org.apache.spark.storage.RandomBlockReplicationPolicy for block replication policy
[2026-06-09T03:35:50.930+0000] {subprocess.py:93} INFO - 26/06/09 03:35:50 INFO BlockManagerMaster: Registering BlockManager BlockManagerId(driver, 89bca6a7ca4a, 40675, None)
[2026-06-09T03:35:50.964+0000] {subprocess.py:93} INFO - 26/06/09 03:35:50 INFO BlockManagerMasterEndpoint: Registering block manager 89bca6a7ca4a:40675 with 434.4 MiB RAM, BlockManagerId(driver, 89bca6a7ca4a, 40675, None)
[2026-06-09T03:35:51.035+0000] {subprocess.py:93} INFO - 26/06/09 03:35:50 INFO BlockManagerMaster: Registered BlockManager BlockManagerId(driver, 89bca6a7ca4a, 40675, None)
[2026-06-09T03:35:51.048+0000] {subprocess.py:93} INFO - 26/06/09 03:35:51 INFO BlockManager: Initialized BlockManager: BlockManagerId(driver, 89bca6a7ca4a, 40675, None)
[2026-06-09T03:35:51.944+0000] {subprocess.py:93} INFO - 26/06/09 03:35:51 INFO StandaloneAppClient$ClientEndpoint: Executor updated: app-20260609033550-0017/1 is now RUNNING
[2026-06-09T03:35:52.406+0000] {subprocess.py:93} INFO - 26/06/09 03:35:52 INFO StandaloneAppClient$ClientEndpoint: Executor updated: app-20260609033550-0017/0 is now RUNNING
[2026-06-09T03:35:55.097+0000] {subprocess.py:93} INFO - 26/06/09 03:35:55 INFO StandaloneSchedulerBackend: SchedulerBackend is ready for scheduling beginning after reached minRegisteredResourcesRatio: 0.0
[2026-06-09T03:35:59.605+0000] {subprocess.py:93} INFO - Starting stream: orders -> /opt/data/bronze/orders
[2026-06-09T03:37:11.392+0000] {subprocess.py:97} INFO - Command exited with return code 124
[2026-06-09T03:37:11.407+0000] {taskinstance.py:441} INFO - ::group::Post task execution logs
[2026-06-09T03:37:11.490+0000] {taskinstance.py:2890} ERROR - Task failed with exception
Traceback (most recent call last):
  File "/home/airflow/.local/lib/python3.12/site-packages/airflow/models/taskinstance.py", line 465, in _execute_task
    result = _execute_callable(context=context, **execute_callable_kwargs)
             ^^^^^^^^^^^^^^^^^^^^^^^^^^^^^^^^^^^^^^^^^^^^^^^^^^^^^^^^^^^^^
  File "/home/airflow/.local/lib/python3.12/site-packages/airflow/models/taskinstance.py", line 432, in _execute_callable
    return execute_callable(context=context, **execute_callable_kwargs)
           ^^^^^^^^^^^^^^^^^^^^^^^^^^^^^^^^^^^^^^^^^^^^^^^^^^^^^^^^^^^^
  File "/home/airflow/.local/lib/python3.12/site-packages/airflow/models/baseoperator.py", line 400, in wrapper
    return func(self, *args, **kwargs)
           ^^^^^^^^^^^^^^^^^^^^^^^^^^^
  File "/home/airflow/.local/lib/python3.12/site-packages/airflow/operators/bash.py", line 243, in execute
    raise AirflowException(
airflow.exceptions.AirflowException: Bash command failed. The command returned a non-zero exit code 124.
[2026-06-09T03:37:11.534+0000] {taskinstance.py:1205} INFO - Marking task as UP_FOR_RETRY. dag_id=e-commerce_kafka_streaming_pipeline_v10, task_id=run_bronze, execution_date=20260608T170000, start_date=20260609T033506, end_date=20260609T033711
[2026-06-09T03:37:11.717+0000] {standard_task_runner.py:110} ERROR - Failed to execute job 67 for task run_bronze (Bash command failed. The command returned a non-zero exit code 124.; 954)
[2026-06-09T03:37:11.859+0000] {local_task_job_runner.py:240} INFO - Task exited with return code 1
[2026-06-09T03:37:12.036+0000] {taskinstance.py:3482} INFO - 0 downstream tasks scheduled from follow-on schedule check
[2026-06-09T03:37:12.047+0000] {local_task_job_runner.py:222} INFO - ::endgroup::
