[2026-07-15T11:51:51.316+0000] {local_task_job_runner.py:120} INFO - ::group::Pre task execution logs
[2026-07-15T11:51:51.359+0000] {taskinstance.py:2073} INFO - Dependencies all met for dep_context=non-requeueable deps ti=<TaskInstance: e-commerce_kafka_streaming_pipeline_v1.run_bronze manual__2026-07-15T11:51:45.274940+00:00 [queued]>
[2026-07-15T11:51:51.371+0000] {taskinstance.py:2073} INFO - Dependencies all met for dep_context=requeueable deps ti=<TaskInstance: e-commerce_kafka_streaming_pipeline_v1.run_bronze manual__2026-07-15T11:51:45.274940+00:00 [queued]>
[2026-07-15T11:51:51.373+0000] {taskinstance.py:2303} INFO - Starting attempt 1 of 2
[2026-07-15T11:51:51.391+0000] {taskinstance.py:2327} INFO - Executing <Task(BashOperator): run_bronze> on 2026-07-15 11:51:45.274940+00:00
[2026-07-15T11:51:51.402+0000] {standard_task_runner.py:90} INFO - Running: ['***', 'tasks', 'run', 'e-commerce_kafka_streaming_pipeline_v1', 'run_bronze', 'manual__2026-07-15T11:51:45.274940+00:00', '--job-id', '35', '--raw', '--subdir', 'DAGS_FOLDER/sdp_pipeline_dag.py', '--cfg-path', '/tmp/tmpkqq24d62']
[2026-07-15T11:51:51.406+0000] {standard_task_runner.py:91} INFO - Job 35: Subtask run_bronze
[2026-07-15T11:51:51.417+0000] {logging_mixin.py:188} WARNING - /home/***/.local/lib/python3.12/site-packages/***/task/task_runner/standard_task_runner.py:61 DeprecationWarning: This process (pid=4825) is multi-threaded, use of fork() may lead to deadlocks in the child.
[2026-07-15T11:51:51.419+0000] {standard_task_runner.py:63} INFO - Started process 4826 to run task
[2026-07-15T11:51:51.492+0000] {task_command.py:426} INFO - Running <TaskInstance: e-commerce_kafka_streaming_pipeline_v1.run_bronze manual__2026-07-15T11:51:45.274940+00:00 [running]> on host 6d7ac32de880
[2026-07-15T11:51:51.605+0000] {taskinstance.py:2644} INFO - Exporting env vars: AIRFLOW_CTX_DAG_OWNER='dev' AIRFLOW_CTX_DAG_ID='e-commerce_kafka_streaming_pipeline_v1' AIRFLOW_CTX_TASK_ID='run_bronze' AIRFLOW_CTX_EXECUTION_DATE='2026-07-15T11:51:45.274940+00:00' AIRFLOW_CTX_TRY_NUMBER='1' AIRFLOW_CTX_DAG_RUN_ID='manual__2026-07-15T11:51:45.274940+00:00'
[2026-07-15T11:51:51.607+0000] {taskinstance.py:430} INFO - ::endgroup::
[2026-07-15T11:51:51.634+0000] {subprocess.py:63} INFO - Tmp dir root location: /tmp
[2026-07-15T11:51:51.640+0000] {subprocess.py:75} INFO - Running command: ['/usr/bin/bash', '-c', 'timeout 150s docker run --rm --network streaming_kafka_project_sdp-net --volume /d/Streaming_kafka_project/pipelines:/opt/pipelines --volume /d/Streaming_kafka_project/data:/opt/data --volume /d/Streaming_kafka_project/checkpoints:/opt/checkpoints --volume /d/Streaming_kafka_project/jars:/opt/jars apache/spark:3.5.1 /opt/spark/bin/spark-submit --master spark://sdp-spark-master:7077 --executor-cores 1 --executor-memory 512m --total-executor-cores 3 --jars /opt/jars/delta-spark_2.12-3.2.0.jar,/opt/jars/delta-storage-3.2.0.jar,/opt/jars/spark-sql-kafka-0-10_2.12-3.5.1.jar,/opt/jars/kafka-clients-3.4.1.jar,/opt/jars/spark-token-provider-kafka-0-10_2.12-3.5.1.jar,/opt/jars/commons-pool2-2.11.1.jar --conf spark.sql.extensions=io.delta.sql.DeltaSparkSessionExtension --conf spark.sql.catalog.spark_catalog=org.apache.spark.sql.delta.catalog.DeltaCatalog  /opt/pipelines/bronze_runner.py']
[2026-07-15T11:51:51.656+0000] {subprocess.py:86} INFO - Output:
[2026-07-15T11:51:54.628+0000] {subprocess.py:93} INFO - 26/07/15 11:51:54 WARN NativeCodeLoader: Unable to load native-hadoop library for your platform... using builtin-java classes where applicable
[2026-07-15T11:51:55.698+0000] {subprocess.py:93} INFO - 26/07/15 11:51:55 INFO SparkContext: Running Spark version 3.5.1
[2026-07-15T11:51:55.700+0000] {subprocess.py:93} INFO - 26/07/15 11:51:55 INFO SparkContext: OS info Linux, 6.18.33.2-microsoft-standard-WSL2, amd64
[2026-07-15T11:51:55.701+0000] {subprocess.py:93} INFO - 26/07/15 11:51:55 INFO SparkContext: Java version 11.0.22
[2026-07-15T11:51:55.737+0000] {subprocess.py:93} INFO - 26/07/15 11:51:55 INFO ResourceUtils: ==============================================================
[2026-07-15T11:51:55.739+0000] {subprocess.py:93} INFO - 26/07/15 11:51:55 INFO ResourceUtils: No custom resources configured for spark.driver.
[2026-07-15T11:51:55.740+0000] {subprocess.py:93} INFO - 26/07/15 11:51:55 INFO ResourceUtils: ==============================================================
[2026-07-15T11:51:55.741+0000] {subprocess.py:93} INFO - 26/07/15 11:51:55 INFO SparkContext: Submitted application: SDP-Bronze
[2026-07-15T11:51:55.765+0000] {subprocess.py:93} INFO - 26/07/15 11:51:55 INFO ResourceProfile: Default ResourceProfile created, executor resources: Map(cores -> name: cores, amount: 1, script: , vendor: , memory -> name: memory, amount: 512, script: , vendor: , offHeap -> name: offHeap, amount: 0, script: , vendor: ), task resources: Map(cpus -> name: cpus, amount: 1.0)
[2026-07-15T11:51:55.781+0000] {subprocess.py:93} INFO - 26/07/15 11:51:55 INFO ResourceProfile: Limiting resource is cpus at 1 tasks per executor
[2026-07-15T11:51:55.783+0000] {subprocess.py:93} INFO - 26/07/15 11:51:55 INFO ResourceProfileManager: Added ResourceProfile id: 0
[2026-07-15T11:51:55.863+0000] {subprocess.py:93} INFO - 26/07/15 11:51:55 INFO SecurityManager: Changing view acls to: spark
[2026-07-15T11:51:55.865+0000] {subprocess.py:93} INFO - 26/07/15 11:51:55 INFO SecurityManager: Changing modify acls to: spark
[2026-07-15T11:51:55.868+0000] {subprocess.py:93} INFO - 26/07/15 11:51:55 INFO SecurityManager: Changing view acls groups to:
[2026-07-15T11:51:55.870+0000] {subprocess.py:93} INFO - 26/07/15 11:51:55 INFO SecurityManager: Changing modify acls groups to:
[2026-07-15T11:51:55.871+0000] {subprocess.py:93} INFO - 26/07/15 11:51:55 INFO SecurityManager: SecurityManager: authentication disabled; ui acls disabled; users with view permissions: spark; groups with view permissions: EMPTY; users with modify permissions: spark; groups with modify permissions: EMPTY
[2026-07-15T11:51:56.195+0000] {subprocess.py:93} INFO - 26/07/15 11:51:56 INFO Utils: Successfully started service 'sparkDriver' on port 39937.
[2026-07-15T11:51:56.232+0000] {subprocess.py:93} INFO - 26/07/15 11:51:56 INFO SparkEnv: Registering MapOutputTracker
[2026-07-15T11:51:56.279+0000] {subprocess.py:93} INFO - 26/07/15 11:51:56 INFO SparkEnv: Registering BlockManagerMaster
[2026-07-15T11:51:56.302+0000] {subprocess.py:93} INFO - 26/07/15 11:51:56 INFO BlockManagerMasterEndpoint: Using org.apache.spark.storage.DefaultTopologyMapper for getting topology information
[2026-07-15T11:51:56.304+0000] {subprocess.py:93} INFO - 26/07/15 11:51:56 INFO BlockManagerMasterEndpoint: BlockManagerMasterEndpoint up
[2026-07-15T11:51:56.312+0000] {subprocess.py:93} INFO - 26/07/15 11:51:56 INFO SparkEnv: Registering BlockManagerMasterHeartbeat
[2026-07-15T11:51:56.343+0000] {subprocess.py:93} INFO - 26/07/15 11:51:56 INFO DiskBlockManager: Created local directory at /tmp/blockmgr-3ae58241-e3cb-4ccd-ba9f-075a3c44a925
[2026-07-15T11:51:56.360+0000] {subprocess.py:93} INFO - 26/07/15 11:51:56 INFO MemoryStore: MemoryStore started with capacity 434.4 MiB
[2026-07-15T11:51:56.380+0000] {subprocess.py:93} INFO - 26/07/15 11:51:56 INFO SparkEnv: Registering OutputCommitCoordinator
[2026-07-15T11:51:56.635+0000] {subprocess.py:93} INFO - 26/07/15 11:51:56 INFO JettyUtils: Start Jetty 0.0.0.0:4040 for SparkUI
[2026-07-15T11:51:56.715+0000] {subprocess.py:93} INFO - 26/07/15 11:51:56 INFO Utils: Successfully started service 'SparkUI' on port 4040.
[2026-07-15T11:51:56.765+0000] {subprocess.py:93} INFO - 26/07/15 11:51:56 INFO SparkContext: Added JAR file:///opt/jars/delta-spark_2.12-3.2.0.jar at spark://7533523e33c1:39937/jars/delta-spark_2.12-3.2.0.jar with timestamp 1784116315686
[2026-07-15T11:51:56.768+0000] {subprocess.py:93} INFO - 26/07/15 11:51:56 INFO SparkContext: Added JAR file:///opt/jars/delta-storage-3.2.0.jar at spark://7533523e33c1:39937/jars/delta-storage-3.2.0.jar with timestamp 1784116315686
[2026-07-15T11:51:56.769+0000] {subprocess.py:93} INFO - 26/07/15 11:51:56 INFO SparkContext: Added JAR file:///opt/jars/spark-sql-kafka-0-10_2.12-3.5.1.jar at spark://7533523e33c1:39937/jars/spark-sql-kafka-0-10_2.12-3.5.1.jar with timestamp 1784116315686
[2026-07-15T11:51:56.771+0000] {subprocess.py:93} INFO - 26/07/15 11:51:56 INFO SparkContext: Added JAR file:///opt/jars/kafka-clients-3.4.1.jar at spark://7533523e33c1:39937/jars/kafka-clients-3.4.1.jar with timestamp 1784116315686
[2026-07-15T11:51:56.772+0000] {subprocess.py:93} INFO - 26/07/15 11:51:56 INFO SparkContext: Added JAR file:///opt/jars/spark-token-provider-kafka-0-10_2.12-3.5.1.jar at spark://7533523e33c1:39937/jars/spark-token-provider-kafka-0-10_2.12-3.5.1.jar with timestamp 1784116315686
[2026-07-15T11:51:56.773+0000] {subprocess.py:93} INFO - 26/07/15 11:51:56 INFO SparkContext: Added JAR file:///opt/jars/commons-pool2-2.11.1.jar at spark://7533523e33c1:39937/jars/commons-pool2-2.11.1.jar with timestamp 1784116315686
[2026-07-15T11:51:56.866+0000] {subprocess.py:93} INFO - 26/07/15 11:51:56 INFO StandaloneAppClient$ClientEndpoint: Connecting to master spark://sdp-spark-master:7077...
[2026-07-15T11:51:56.921+0000] {subprocess.py:93} INFO - 26/07/15 11:51:56 INFO TransportClientFactory: Successfully created connection to sdp-spark-master/172.18.0.4:7077 after 30 ms (0 ms spent in bootstraps)
[2026-07-15T11:51:57.016+0000] {subprocess.py:93} INFO - 26/07/15 11:51:57 INFO StandaloneSchedulerBackend: Connected to Spark cluster with app ID app-20260715115157-0017
[2026-07-15T11:51:57.022+0000] {subprocess.py:93} INFO - 26/07/15 11:51:57 INFO StandaloneAppClient$ClientEndpoint: Executor added: app-20260715115157-0017/0 on worker-20260715085701-172.18.0.6-38245 (172.18.0.6:38245) with 1 core(s)
[2026-07-15T11:51:57.027+0000] {subprocess.py:93} INFO - 26/07/15 11:51:57 INFO StandaloneSchedulerBackend: Granted executor ID app-20260715115157-0017/0 on hostPort 172.18.0.6:38245 with 1 core(s), 512.0 MiB RAM
[2026-07-15T11:51:57.029+0000] {subprocess.py:93} INFO - 26/07/15 11:51:57 INFO StandaloneAppClient$ClientEndpoint: Executor added: app-20260715115157-0017/1 on worker-20260715085701-172.18.0.6-38245 (172.18.0.6:38245) with 1 core(s)
[2026-07-15T11:51:57.032+0000] {subprocess.py:93} INFO - 26/07/15 11:51:57 INFO StandaloneSchedulerBackend: Granted executor ID app-20260715115157-0017/1 on hostPort 172.18.0.6:38245 with 1 core(s), 512.0 MiB RAM
[2026-07-15T11:51:57.035+0000] {subprocess.py:93} INFO - 26/07/15 11:51:57 INFO StandaloneAppClient$ClientEndpoint: Executor added: app-20260715115157-0017/2 on worker-20260715085701-172.18.0.5-38247 (172.18.0.5:38247) with 1 core(s)
[2026-07-15T11:51:57.037+0000] {subprocess.py:93} INFO - 26/07/15 11:51:57 INFO StandaloneSchedulerBackend: Granted executor ID app-20260715115157-0017/2 on hostPort 172.18.0.5:38247 with 1 core(s), 512.0 MiB RAM
[2026-07-15T11:51:57.040+0000] {subprocess.py:93} INFO - 26/07/15 11:51:57 INFO Utils: Successfully started service 'org.apache.spark.network.netty.NettyBlockTransferService' on port 44309.
[2026-07-15T11:51:57.042+0000] {subprocess.py:93} INFO - 26/07/15 11:51:57 INFO NettyBlockTransferService: Server created on 7533523e33c1:44309
[2026-07-15T11:51:57.044+0000] {subprocess.py:93} INFO - 26/07/15 11:51:57 INFO BlockManager: Using org.apache.spark.storage.RandomBlockReplicationPolicy for block replication policy
[2026-07-15T11:51:57.057+0000] {subprocess.py:93} INFO - 26/07/15 11:51:57 INFO BlockManagerMaster: Registering BlockManager BlockManagerId(driver, 7533523e33c1, 44309, None)
[2026-07-15T11:51:57.068+0000] {subprocess.py:93} INFO - 26/07/15 11:51:57 INFO BlockManagerMasterEndpoint: Registering block manager 7533523e33c1:44309 with 434.4 MiB RAM, BlockManagerId(driver, 7533523e33c1, 44309, None)
[2026-07-15T11:51:57.073+0000] {subprocess.py:93} INFO - 26/07/15 11:51:57 INFO BlockManagerMaster: Registered BlockManager BlockManagerId(driver, 7533523e33c1, 44309, None)
[2026-07-15T11:51:57.075+0000] {subprocess.py:93} INFO - 26/07/15 11:51:57 INFO BlockManager: Initialized BlockManager: BlockManagerId(driver, 7533523e33c1, 44309, None)
[2026-07-15T11:51:57.193+0000] {subprocess.py:93} INFO - 26/07/15 11:51:57 INFO StandaloneAppClient$ClientEndpoint: Executor updated: app-20260715115157-0017/2 is now RUNNING
[2026-07-15T11:51:57.238+0000] {subprocess.py:93} INFO - 26/07/15 11:51:57 INFO StandaloneAppClient$ClientEndpoint: Executor updated: app-20260715115157-0017/0 is now RUNNING
[2026-07-15T11:51:57.241+0000] {subprocess.py:93} INFO - 26/07/15 11:51:57 INFO StandaloneAppClient$ClientEndpoint: Executor updated: app-20260715115157-0017/1 is now RUNNING
[2026-07-15T11:51:57.475+0000] {subprocess.py:93} INFO - 26/07/15 11:51:57 INFO StandaloneSchedulerBackend: SchedulerBackend is ready for scheduling beginning after reached minRegisteredResourcesRatio: 0.0
[2026-07-15T11:51:58.045+0000] {subprocess.py:93} INFO - Starting stream: orders -> /opt/data/bronze/orders
[2026-07-15T11:52:12.591+0000] {subprocess.py:93} INFO - 26/07/15 11:52:12 WARN ResolveWriteToStream: spark.sql.adaptive.enabled is not supported in streaming DataFrames/Datasets and will be disabled.
[2026-07-15T11:52:12.771+0000] {subprocess.py:93} INFO - Starting stream: customers -> /opt/data/bronze/customers
[2026-07-15T11:52:15.762+0000] {subprocess.py:93} INFO - 26/07/15 11:52:15 WARN ResolveWriteToStream: spark.sql.adaptive.enabled is not supported in streaming DataFrames/Datasets and will be disabled.
[2026-07-15T11:52:15.819+0000] {subprocess.py:93} INFO - Starting stream: products -> /opt/data/bronze/products
[2026-07-15T11:52:16.731+0000] {subprocess.py:93} INFO - 26/07/15 11:52:16 WARN AdminClientConfig: These configurations '[key.deserializer, value.deserializer, enable.auto.commit, max.poll.records, auto.offset.reset]' were supplied but are not used yet.
[2026-07-15T11:52:16.743+0000] {subprocess.py:93} INFO - 26/07/15 11:52:16 WARN ResolveWriteToStream: spark.sql.adaptive.enabled is not supported in streaming DataFrames/Datasets and will be disabled.
[2026-07-15T11:52:18.619+0000] {subprocess.py:93} INFO - 26/07/15 11:52:18 WARN AdminClientConfig: These configurations '[key.deserializer, value.deserializer, enable.auto.commit, max.poll.records, auto.offset.reset]' were supplied but are not used yet.
[2026-07-15T11:52:19.693+0000] {subprocess.py:93} INFO - 26/07/15 11:52:19 WARN AdminClientConfig: These configurations '[key.deserializer, value.deserializer, enable.auto.commit, max.poll.records, auto.offset.reset]' were supplied but are not used yet.
[2026-07-15T11:52:20.267+0000] {subprocess.py:93} INFO - 26/07/15 11:52:20 WARN SparkStringUtils: Truncated the string representation of a plan since it was too large. This behavior can be adjusted by setting 'spark.sql.debug.maxToStringFields'.
[2026-07-15T11:53:49.620+0000] {subprocess.py:97} INFO - Command exited with return code 0
[2026-07-15T11:53:49.625+0000] {taskinstance.py:441} INFO - ::group::Post task execution logs
[2026-07-15T11:53:49.698+0000] {taskinstance.py:1205} INFO - Marking task as SUCCESS. dag_id=e-commerce_kafka_streaming_pipeline_v1, task_id=run_bronze, execution_date=20260715T115145, start_date=20260715T115151, end_date=20260715T115349
[2026-07-15T11:53:49.765+0000] {local_task_job_runner.py:240} INFO - Task exited with return code 0
[2026-07-15T11:53:49.811+0000] {taskinstance.py:3482} INFO - 1 downstream tasks scheduled from follow-on schedule check
[2026-07-15T11:53:49.815+0000] {local_task_job_runner.py:222} INFO - ::endgroup::
