[2026-06-10T01:21:16.401+0000] {local_task_job_runner.py:120} INFO - ::group::Pre task execution logs
[2026-06-10T01:21:16.895+0000] {taskinstance.py:2073} INFO - Dependencies all met for dep_context=non-requeueable deps ti=<TaskInstance: e-commerce_kafka_streaming_pipeline_v10.produce_messages scheduled__2026-06-09T17:00:00+00:00 [queued]>
[2026-06-10T01:21:17.039+0000] {taskinstance.py:2073} INFO - Dependencies all met for dep_context=requeueable deps ti=<TaskInstance: e-commerce_kafka_streaming_pipeline_v10.produce_messages scheduled__2026-06-09T17:00:00+00:00 [queued]>
[2026-06-10T01:21:17.053+0000] {taskinstance.py:2303} INFO - Starting attempt 1 of 2
[2026-06-10T01:21:17.480+0000] {taskinstance.py:2327} INFO - Executing <Task(BashOperator): produce_messages> on 2026-06-09 17:00:00+00:00
[2026-06-10T01:21:17.551+0000] {standard_task_runner.py:90} INFO - Running: ['***', 'tasks', 'run', 'e-commerce_kafka_streaming_pipeline_v10', 'produce_messages', 'scheduled__2026-06-09T17:00:00+00:00', '--job-id', '113', '--raw', '--subdir', 'DAGS_FOLDER/sdp_pipeline_dag.py', '--cfg-path', '/tmp/tmpff8olayr']
[2026-06-10T01:21:17.596+0000] {standard_task_runner.py:91} INFO - Job 113: Subtask produce_messages
[2026-06-10T01:21:17.574+0000] {logging_mixin.py:188} WARNING - /home/***/.local/lib/python3.12/site-packages/***/task/task_runner/standard_task_runner.py:61 DeprecationWarning: This process (pid=5757) is multi-threaded, use of fork() may lead to deadlocks in the child.
[2026-06-10T01:21:17.611+0000] {standard_task_runner.py:63} INFO - Started process 5761 to run task
[2026-06-10T01:21:18.171+0000] {task_command.py:426} INFO - Running <TaskInstance: e-commerce_kafka_streaming_pipeline_v10.produce_messages scheduled__2026-06-09T17:00:00+00:00 [running]> on host 19d9c0c71dcc
[2026-06-10T01:21:19.564+0000] {taskinstance.py:2644} INFO - Exporting env vars: AIRFLOW_CTX_DAG_OWNER='dev' AIRFLOW_CTX_DAG_ID='e-commerce_kafka_streaming_pipeline_v10' AIRFLOW_CTX_TASK_ID='produce_messages' AIRFLOW_CTX_EXECUTION_DATE='2026-06-09T17:00:00+00:00' AIRFLOW_CTX_TRY_NUMBER='1' AIRFLOW_CTX_DAG_RUN_ID='scheduled__2026-06-09T17:00:00+00:00'
[2026-06-10T01:21:19.853+0000] {taskinstance.py:430} INFO - ::endgroup::
[2026-06-10T01:21:20.192+0000] {subprocess.py:63} INFO - Tmp dir root location: /tmp
[2026-06-10T01:21:20.212+0000] {subprocess.py:75} INFO - Running command: ['/usr/bin/bash', '-c', 'python3 /opt/pipelines/api_to_kafka.py']
[2026-06-10T01:21:20.284+0000] {subprocess.py:86} INFO - Output:
[2026-06-10T01:21:26.132+0000] {subprocess.py:93} INFO - Error publishing to orders: HTTPSConnectionPool(host='fakestoreapi.com', port=443): Max retries exceeded with url: /carts (Caused by NewConnectionError('<urllib3.connection.HTTPSConnection object at 0x7e21d44d5a00>: Failed to establish a new connection: [Errno -2] Name or service not known'))
[2026-06-10T01:21:26.172+0000] {subprocess.py:93} INFO - Error publishing to customers: HTTPSConnectionPool(host='fakestoreapi.com', port=443): Max retries exceeded with url: /users (Caused by NewConnectionError('<urllib3.connection.HTTPSConnection object at 0x7e21d34e1610>: Failed to establish a new connection: [Errno -2] Name or service not known'))
[2026-06-10T01:21:26.184+0000] {subprocess.py:93} INFO - Error publishing to products: HTTPSConnectionPool(host='fakestoreapi.com', port=443): Max retries exceeded with url: /products (Caused by NewConnectionError('<urllib3.connection.HTTPSConnection object at 0x7e21d34e15b0>: Failed to establish a new connection: [Errno -2] Name or service not known'))
[2026-06-10T01:21:26.624+0000] {subprocess.py:97} INFO - Command exited with return code 0
[2026-06-10T01:21:26.629+0000] {taskinstance.py:441} INFO - ::group::Post task execution logs
[2026-06-10T01:21:26.805+0000] {taskinstance.py:1205} INFO - Marking task as SUCCESS. dag_id=e-commerce_kafka_streaming_pipeline_v10, task_id=produce_messages, execution_date=20260609T170000, start_date=20260610T012116, end_date=20260610T012126
[2026-06-10T01:21:26.956+0000] {local_task_job_runner.py:240} INFO - Task exited with return code 0
[2026-06-10T01:21:27.224+0000] {taskinstance.py:3482} INFO - 1 downstream tasks scheduled from follow-on schedule check
[2026-06-10T01:21:27.252+0000] {local_task_job_runner.py:222} INFO - ::endgroup::
