[2026-06-10T07:00:08.888+0000] {local_task_job_runner.py:120} INFO - ::group::Pre task execution logs
[2026-06-10T07:00:08.934+0000] {taskinstance.py:2073} INFO - Dependencies all met for dep_context=non-requeueable deps ti=<TaskInstance: e-commerce_kafka_streaming_pipeline_v10.run_bronze scheduled__2026-06-10T06:00:00+00:00 [queued]>
[2026-06-10T07:00:08.948+0000] {taskinstance.py:2073} INFO - Dependencies all met for dep_context=requeueable deps ti=<TaskInstance: e-commerce_kafka_streaming_pipeline_v10.run_bronze scheduled__2026-06-10T06:00:00+00:00 [queued]>
[2026-06-10T07:00:08.949+0000] {taskinstance.py:2303} INFO - Starting attempt 1 of 2
[2026-06-10T07:00:08.969+0000] {taskinstance.py:2327} INFO - Executing <Task(BashOperator): run_bronze> on 2026-06-10 06:00:00+00:00
[2026-06-10T07:00:08.980+0000] {standard_task_runner.py:90} INFO - Running: ['***', 'tasks', 'run', 'e-commerce_kafka_streaming_pipeline_v10', 'run_bronze', 'scheduled__2026-06-10T06:00:00+00:00', '--job-id', '139', '--raw', '--subdir', 'DAGS_FOLDER/sdp_pipeline_dag.py', '--cfg-path', '/tmp/tmp1th_x_d2']
[2026-06-10T07:00:08.984+0000] {logging_mixin.py:188} WARNING - /home/***/.local/lib/python3.12/site-packages/***/task/task_runner/standard_task_runner.py:61 DeprecationWarning: This process (pid=7213) is multi-threaded, use of fork() may lead to deadlocks in the child.
[2026-06-10T07:00:08.985+0000] {standard_task_runner.py:91} INFO - Job 139: Subtask run_bronze
[2026-06-10T07:00:08.986+0000] {standard_task_runner.py:63} INFO - Started process 7214 to run task
[2026-06-10T07:00:09.082+0000] {task_command.py:426} INFO - Running <TaskInstance: e-commerce_kafka_streaming_pipeline_v10.run_bronze scheduled__2026-06-10T06:00:00+00:00 [running]> on host 19d9c0c71dcc
[2026-06-10T07:00:09.204+0000] {taskinstance.py:2644} INFO - Exporting env vars: AIRFLOW_CTX_DAG_OWNER='dev' AIRFLOW_CTX_DAG_ID='e-commerce_kafka_streaming_pipeline_v10' AIRFLOW_CTX_TASK_ID='run_bronze' AIRFLOW_CTX_EXECUTION_DATE='2026-06-10T06:00:00+00:00' AIRFLOW_CTX_TRY_NUMBER='1' AIRFLOW_CTX_DAG_RUN_ID='scheduled__2026-06-10T06:00:00+00:00'
[2026-06-10T07:00:09.205+0000] {taskinstance.py:430} INFO - ::endgroup::
[2026-06-10T07:00:09.227+0000] {subprocess.py:63} INFO - Tmp dir root location: /tmp
[2026-06-10T07:00:09.229+0000] {subprocess.py:75} INFO - Running command: ['/usr/bin/bash', '-c', 'timeout 120s docker run --rm --network streaming_kafka_project_sdp-net --volume /d/Streaming_kafka_project/pipelines:/opt/pipelines --volume /d/Streaming_kafka_project/data:/opt/data --volume /d/Streaming_kafka_project/checkpoints:/opt/checkpoints --volume /d/Streaming_kafka_project/jars:/opt/jars apache/spark:3.5.1 /opt/spark/bin/spark-submit --master spark://sdp-spark-master:7077 --executor-cores 1 --executor-memory 512m --total-executor-cores 3 --jars /opt/jars/delta-spark_2.12-3.2.0.jar,/opt/jars/delta-storage-3.2.0.jar,/opt/jars/spark-sql-kafka-0-10_2.12-3.5.1.jar,/opt/jars/kafka-clients-3.4.1.jar,/opt/jars/spark-token-provider-kafka-0-10_2.12-3.5.1.jar,/opt/jars/commons-pool2-2.11.1.jar --conf spark.sql.extensions=io.delta.sql.DeltaSparkSessionExtension --conf spark.sql.catalog.spark_catalog=org.apache.spark.sql.delta.catalog.DeltaCatalog  /opt/pipelines/bronze_runner.py']
[2026-06-10T07:00:09.241+0000] {subprocess.py:86} INFO - Output:
[2026-06-10T07:00:13.878+0000] {subprocess.py:93} INFO - 26/06/10 07:00:13 WARN NativeCodeLoader: Unable to load native-hadoop library for your platform... using builtin-java classes where applicable
[2026-06-10T07:00:15.505+0000] {subprocess.py:93} INFO - 26/06/10 07:00:15 INFO SparkContext: Running Spark version 3.5.1
[2026-06-10T07:00:15.507+0000] {subprocess.py:93} INFO - 26/06/10 07:00:15 INFO SparkContext: OS info Linux, 6.6.114.1-microsoft-standard-WSL2, amd64
[2026-06-10T07:00:15.509+0000] {subprocess.py:93} INFO - 26/06/10 07:00:15 INFO SparkContext: Java version 11.0.22
[2026-06-10T07:00:15.561+0000] {subprocess.py:93} INFO - 26/06/10 07:00:15 INFO ResourceUtils: ==============================================================
[2026-06-10T07:00:15.562+0000] {subprocess.py:93} INFO - 26/06/10 07:00:15 INFO ResourceUtils: No custom resources configured for spark.driver.
[2026-06-10T07:00:15.566+0000] {subprocess.py:93} INFO - 26/06/10 07:00:15 INFO ResourceUtils: ==============================================================
[2026-06-10T07:00:15.567+0000] {subprocess.py:93} INFO - 26/06/10 07:00:15 INFO SparkContext: Submitted application: SDP-Bronze
[2026-06-10T07:00:15.600+0000] {subprocess.py:93} INFO - 26/06/10 07:00:15 INFO ResourceProfile: Default ResourceProfile created, executor resources: Map(cores -> name: cores, amount: 1, script: , vendor: , memory -> name: memory, amount: 512, script: , vendor: , offHeap -> name: offHeap, amount: 0, script: , vendor: ), task resources: Map(cpus -> name: cpus, amount: 1.0)
[2026-06-10T07:00:15.624+0000] {subprocess.py:93} INFO - 26/06/10 07:00:15 INFO ResourceProfile: Limiting resource is cpus at 1 tasks per executor
[2026-06-10T07:00:15.630+0000] {subprocess.py:93} INFO - 26/06/10 07:00:15 INFO ResourceProfileManager: Added ResourceProfile id: 0
[2026-06-10T07:00:15.718+0000] {subprocess.py:93} INFO - 26/06/10 07:00:15 INFO SecurityManager: Changing view acls to: spark
[2026-06-10T07:00:15.720+0000] {subprocess.py:93} INFO - 26/06/10 07:00:15 INFO SecurityManager: Changing modify acls to: spark
[2026-06-10T07:00:15.721+0000] {subprocess.py:93} INFO - 26/06/10 07:00:15 INFO SecurityManager: Changing view acls groups to:
[2026-06-10T07:00:15.723+0000] {subprocess.py:93} INFO - 26/06/10 07:00:15 INFO SecurityManager: Changing modify acls groups to:
[2026-06-10T07:00:15.725+0000] {subprocess.py:93} INFO - 26/06/10 07:00:15 INFO SecurityManager: SecurityManager: authentication disabled; ui acls disabled; users with view permissions: spark; groups with view permissions: EMPTY; users with modify permissions: spark; groups with modify permissions: EMPTY
[2026-06-10T07:00:16.159+0000] {subprocess.py:93} INFO - 26/06/10 07:00:16 INFO Utils: Successfully started service 'sparkDriver' on port 38363.
[2026-06-10T07:00:16.212+0000] {subprocess.py:93} INFO - 26/06/10 07:00:16 INFO SparkEnv: Registering MapOutputTracker
[2026-06-10T07:00:16.284+0000] {subprocess.py:93} INFO - 26/06/10 07:00:16 INFO SparkEnv: Registering BlockManagerMaster
[2026-06-10T07:00:16.346+0000] {subprocess.py:93} INFO - 26/06/10 07:00:16 INFO BlockManagerMasterEndpoint: Using org.apache.spark.storage.DefaultTopologyMapper for getting topology information
[2026-06-10T07:00:16.348+0000] {subprocess.py:93} INFO - 26/06/10 07:00:16 INFO BlockManagerMasterEndpoint: BlockManagerMasterEndpoint up
[2026-06-10T07:00:16.355+0000] {subprocess.py:93} INFO - 26/06/10 07:00:16 INFO SparkEnv: Registering BlockManagerMasterHeartbeat
[2026-06-10T07:00:16.407+0000] {subprocess.py:93} INFO - 26/06/10 07:00:16 INFO DiskBlockManager: Created local directory at /tmp/blockmgr-907bd13a-d902-4e92-827a-366a7b7c301d
[2026-06-10T07:00:16.437+0000] {subprocess.py:93} INFO - 26/06/10 07:00:16 INFO MemoryStore: MemoryStore started with capacity 434.4 MiB
[2026-06-10T07:00:16.467+0000] {subprocess.py:93} INFO - 26/06/10 07:00:16 INFO SparkEnv: Registering OutputCommitCoordinator
[2026-06-10T07:00:16.664+0000] {subprocess.py:93} INFO - 26/06/10 07:00:16 INFO JettyUtils: Start Jetty 0.0.0.0:4040 for SparkUI
[2026-06-10T07:00:16.756+0000] {subprocess.py:93} INFO - 26/06/10 07:00:16 INFO Utils: Successfully started service 'SparkUI' on port 4040.
[2026-06-10T07:00:16.837+0000] {subprocess.py:93} INFO - 26/06/10 07:00:16 INFO SparkContext: Added JAR file:///opt/jars/delta-spark_2.12-3.2.0.jar at spark://c925d468914a:38363/jars/delta-spark_2.12-3.2.0.jar with timestamp 1781074815489
[2026-06-10T07:00:16.840+0000] {subprocess.py:93} INFO - 26/06/10 07:00:16 INFO SparkContext: Added JAR file:///opt/jars/delta-storage-3.2.0.jar at spark://c925d468914a:38363/jars/delta-storage-3.2.0.jar with timestamp 1781074815489
[2026-06-10T07:00:16.842+0000] {subprocess.py:93} INFO - 26/06/10 07:00:16 INFO SparkContext: Added JAR file:///opt/jars/spark-sql-kafka-0-10_2.12-3.5.1.jar at spark://c925d468914a:38363/jars/spark-sql-kafka-0-10_2.12-3.5.1.jar with timestamp 1781074815489
[2026-06-10T07:00:16.845+0000] {subprocess.py:93} INFO - 26/06/10 07:00:16 INFO SparkContext: Added JAR file:///opt/jars/kafka-clients-3.4.1.jar at spark://c925d468914a:38363/jars/kafka-clients-3.4.1.jar with timestamp 1781074815489
[2026-06-10T07:00:16.848+0000] {subprocess.py:93} INFO - 26/06/10 07:00:16 INFO SparkContext: Added JAR file:///opt/jars/spark-token-provider-kafka-0-10_2.12-3.5.1.jar at spark://c925d468914a:38363/jars/spark-token-provider-kafka-0-10_2.12-3.5.1.jar with timestamp 1781074815489
[2026-06-10T07:00:16.850+0000] {subprocess.py:93} INFO - 26/06/10 07:00:16 INFO SparkContext: Added JAR file:///opt/jars/commons-pool2-2.11.1.jar at spark://c925d468914a:38363/jars/commons-pool2-2.11.1.jar with timestamp 1781074815489
[2026-06-10T07:00:17.085+0000] {subprocess.py:93} INFO - 26/06/10 07:00:17 INFO StandaloneAppClient$ClientEndpoint: Connecting to master spark://sdp-spark-master:7077...
[2026-06-10T07:00:17.173+0000] {subprocess.py:93} INFO - 26/06/10 07:00:17 INFO TransportClientFactory: Successfully created connection to sdp-spark-master/172.18.0.4:7077 after 55 ms (0 ms spent in bootstraps)
[2026-06-10T07:00:17.344+0000] {subprocess.py:93} INFO - 26/06/10 07:00:17 INFO StandaloneSchedulerBackend: Connected to Spark cluster with app ID app-20260610070017-0066
[2026-06-10T07:00:17.364+0000] {subprocess.py:93} INFO - 26/06/10 07:00:17 INFO StandaloneAppClient$ClientEndpoint: Executor added: app-20260610070017-0066/0 on worker-20260608131402-172.18.0.6-44005 (172.18.0.6:44005) with 1 core(s)
[2026-06-10T07:00:17.392+0000] {subprocess.py:93} INFO - 26/06/10 07:00:17 INFO StandaloneSchedulerBackend: Granted executor ID app-20260610070017-0066/0 on hostPort 172.18.0.6:44005 with 1 core(s), 512.0 MiB RAM
[2026-06-10T07:00:17.396+0000] {subprocess.py:93} INFO - 26/06/10 07:00:17 INFO StandaloneAppClient$ClientEndpoint: Executor added: app-20260610070017-0066/1 on worker-20260608131402-172.18.0.6-44005 (172.18.0.6:44005) with 1 core(s)
[2026-06-10T07:00:17.400+0000] {subprocess.py:93} INFO - 26/06/10 07:00:17 INFO StandaloneSchedulerBackend: Granted executor ID app-20260610070017-0066/1 on hostPort 172.18.0.6:44005 with 1 core(s), 512.0 MiB RAM
[2026-06-10T07:00:17.406+0000] {subprocess.py:93} INFO - 26/06/10 07:00:17 INFO StandaloneAppClient$ClientEndpoint: Executor added: app-20260610070017-0066/2 on worker-20260608131402-172.18.0.5-38399 (172.18.0.5:38399) with 1 core(s)
[2026-06-10T07:00:17.407+0000] {subprocess.py:93} INFO - 26/06/10 07:00:17 INFO StandaloneSchedulerBackend: Granted executor ID app-20260610070017-0066/2 on hostPort 172.18.0.5:38399 with 1 core(s), 512.0 MiB RAM
[2026-06-10T07:00:17.456+0000] {subprocess.py:93} INFO - 26/06/10 07:00:17 INFO Utils: Successfully started service 'org.apache.spark.network.netty.NettyBlockTransferService' on port 42671.
[2026-06-10T07:00:17.465+0000] {subprocess.py:93} INFO - 26/06/10 07:00:17 INFO NettyBlockTransferService: Server created on c925d468914a:42671
[2026-06-10T07:00:17.471+0000] {subprocess.py:93} INFO - 26/06/10 07:00:17 INFO BlockManager: Using org.apache.spark.storage.RandomBlockReplicationPolicy for block replication policy
[2026-06-10T07:00:17.526+0000] {subprocess.py:93} INFO - 26/06/10 07:00:17 INFO StandaloneAppClient$ClientEndpoint: Executor updated: app-20260610070017-0066/2 is now RUNNING
[2026-06-10T07:00:17.532+0000] {subprocess.py:93} INFO - 26/06/10 07:00:17 INFO StandaloneAppClient$ClientEndpoint: Executor updated: app-20260610070017-0066/1 is now RUNNING
[2026-06-10T07:00:17.545+0000] {subprocess.py:93} INFO - 26/06/10 07:00:17 INFO StandaloneAppClient$ClientEndpoint: Executor updated: app-20260610070017-0066/0 is now RUNNING
[2026-06-10T07:00:17.548+0000] {subprocess.py:93} INFO - 26/06/10 07:00:17 INFO BlockManagerMaster: Registering BlockManager BlockManagerId(driver, c925d468914a, 42671, None)
[2026-06-10T07:00:17.557+0000] {subprocess.py:93} INFO - 26/06/10 07:00:17 INFO BlockManagerMasterEndpoint: Registering block manager c925d468914a:42671 with 434.4 MiB RAM, BlockManagerId(driver, c925d468914a, 42671, None)
[2026-06-10T07:00:17.563+0000] {subprocess.py:93} INFO - 26/06/10 07:00:17 INFO BlockManagerMaster: Registered BlockManager BlockManagerId(driver, c925d468914a, 42671, None)
[2026-06-10T07:00:17.570+0000] {subprocess.py:93} INFO - 26/06/10 07:00:17 INFO BlockManager: Initialized BlockManager: BlockManagerId(driver, c925d468914a, 42671, None)
[2026-06-10T07:00:18.334+0000] {subprocess.py:93} INFO - 26/06/10 07:00:18 INFO StandaloneSchedulerBackend: SchedulerBackend is ready for scheduling beginning after reached minRegisteredResourcesRatio: 0.0
[2026-06-10T07:00:19.108+0000] {subprocess.py:93} INFO - Starting stream: orders -> /opt/data/bronze/orders
[2026-06-10T07:00:49.975+0000] {subprocess.py:93} INFO - 26/06/10 07:00:49 WARN ResolveWriteToStream: spark.sql.adaptive.enabled is not supported in streaming DataFrames/Datasets and will be disabled.
[2026-06-10T07:00:50.288+0000] {subprocess.py:93} INFO - Starting stream: customers -> /opt/data/bronze/customers
[2026-06-10T07:00:53.536+0000] {subprocess.py:93} INFO - 26/06/10 07:00:53 WARN ResolveWriteToStream: spark.sql.adaptive.enabled is not supported in streaming DataFrames/Datasets and will be disabled.
[2026-06-10T07:00:53.728+0000] {subprocess.py:93} INFO - Starting stream: products -> /opt/data/bronze/products
[2026-06-10T07:00:53.931+0000] {subprocess.py:93} INFO - 26/06/10 07:00:53 WARN AdminClientConfig: These configurations '[key.deserializer, value.deserializer, enable.auto.commit, max.poll.records, auto.offset.reset]' were supplied but are not used yet.
[2026-06-10T07:00:57.180+0000] {subprocess.py:93} INFO - 26/06/10 07:00:57 WARN AdminClientConfig: These configurations '[key.deserializer, value.deserializer, enable.auto.commit, max.poll.records, auto.offset.reset]' were supplied but are not used yet.
[2026-06-10T07:00:57.331+0000] {subprocess.py:93} INFO - 26/06/10 07:00:57 WARN ResolveWriteToStream: spark.sql.adaptive.enabled is not supported in streaming DataFrames/Datasets and will be disabled.
[2026-06-10T07:00:59.577+0000] {subprocess.py:93} INFO - 26/06/10 07:00:59 WARN AdminClientConfig: These configurations '[key.deserializer, value.deserializer, enable.auto.commit, max.poll.records, auto.offset.reset]' were supplied but are not used yet.
[2026-06-10T07:01:02.090+0000] {subprocess.py:93} INFO - 26/06/10 07:01:02 WARN SparkStringUtils: Truncated the string representation of a plan since it was too large. This behavior can be adjusted by setting 'spark.sql.debug.maxToStringFields'.
[2026-06-10T07:02:10.732+0000] {subprocess.py:97} INFO - Command exited with return code 124
[2026-06-10T07:02:10.742+0000] {taskinstance.py:441} INFO - ::group::Post task execution logs
[2026-06-10T07:02:10.795+0000] {taskinstance.py:2890} ERROR - Task failed with exception
Traceback (most recent call last):
  File "/home/airflow/.local/lib/python3.12/site-packages/airflow/models/taskinstance.py", line 465, in _execute_task
    result = _execute_callable(context=context, **execute_callable_kwargs)
             ^^^^^^^^^^^^^^^^^^^^^^^^^^^^^^^^^^^^^^^^^^^^^^^^^^^^^^^^^^^^^
  File "/home/airflow/.local/lib/python3.12/site-packages/airflow/models/taskinstance.py", line 432, in _execute_callable
    return execute_callable(context=context, **execute_callable_kwargs)
           ^^^^^^^^^^^^^^^^^^^^^^^^^^^^^^^^^^^^^^^^^^^^^^^^^^^^^^^^^^^^
  File "/home/airflow/.local/lib/python3.12/site-packages/airflow/models/baseoperator.py", line 400, in wrapper
    return func(self, *args, **kwargs)
           ^^^^^^^^^^^^^^^^^^^^^^^^^^^
  File "/home/airflow/.local/lib/python3.12/site-packages/airflow/operators/bash.py", line 243, in execute
    raise AirflowException(
airflow.exceptions.AirflowException: Bash command failed. The command returned a non-zero exit code 124.
[2026-06-10T07:02:10.812+0000] {taskinstance.py:1205} INFO - Marking task as UP_FOR_RETRY. dag_id=e-commerce_kafka_streaming_pipeline_v10, task_id=run_bronze, execution_date=20260610T060000, start_date=20260610T070008, end_date=20260610T070210
[2026-06-10T07:02:10.848+0000] {standard_task_runner.py:110} ERROR - Failed to execute job 139 for task run_bronze (Bash command failed. The command returned a non-zero exit code 124.; 7214)
[2026-06-10T07:02:10.901+0000] {local_task_job_runner.py:240} INFO - Task exited with return code 1
[2026-06-10T07:02:10.984+0000] {taskinstance.py:3482} INFO - 0 downstream tasks scheduled from follow-on schedule check
[2026-06-10T07:02:10.989+0000] {local_task_job_runner.py:222} INFO - ::endgroup::
