[2026-07-20T07:02:00.657+0000] {local_task_job_runner.py:120} INFO - ::group::Pre task execution logs
[2026-07-20T07:02:00.692+0000] {taskinstance.py:2073} INFO - Dependencies all met for dep_context=non-requeueable deps ti=<TaskInstance: e-commerce_kafka_streaming_pipeline_v1.run_silver scheduled__2026-07-20T06:00:00+00:00 [queued]>
[2026-07-20T07:02:00.704+0000] {taskinstance.py:2073} INFO - Dependencies all met for dep_context=requeueable deps ti=<TaskInstance: e-commerce_kafka_streaming_pipeline_v1.run_silver scheduled__2026-07-20T06:00:00+00:00 [queued]>
[2026-07-20T07:02:00.705+0000] {taskinstance.py:2303} INFO - Starting attempt 1 of 2
[2026-07-20T07:02:00.718+0000] {taskinstance.py:2327} INFO - Executing <Task(BashOperator): run_silver> on 2026-07-20 06:00:00+00:00
[2026-07-20T07:02:00.727+0000] {standard_task_runner.py:90} INFO - Running: ['***', 'tasks', 'run', 'e-commerce_kafka_streaming_pipeline_v1', 'run_silver', 'scheduled__2026-07-20T06:00:00+00:00', '--job-id', '185', '--raw', '--subdir', 'DAGS_FOLDER/sdp_pipeline_dag.py', '--cfg-path', '/tmp/tmpuqv6j05j']
[2026-07-20T07:02:00.731+0000] {standard_task_runner.py:91} INFO - Job 185: Subtask run_silver
[2026-07-20T07:02:00.746+0000] {logging_mixin.py:188} WARNING - /home/***/.local/lib/python3.12/site-packages/***/task/task_runner/standard_task_runner.py:61 DeprecationWarning: This process (pid=5763) is multi-threaded, use of fork() may lead to deadlocks in the child.
[2026-07-20T07:02:00.747+0000] {standard_task_runner.py:63} INFO - Started process 5764 to run task
[2026-07-20T07:02:00.798+0000] {task_command.py:426} INFO - Running <TaskInstance: e-commerce_kafka_streaming_pipeline_v1.run_silver scheduled__2026-07-20T06:00:00+00:00 [running]> on host da27550080bf
[2026-07-20T07:02:00.882+0000] {taskinstance.py:2644} INFO - Exporting env vars: AIRFLOW_CTX_DAG_OWNER='dev' AIRFLOW_CTX_DAG_ID='e-commerce_kafka_streaming_pipeline_v1' AIRFLOW_CTX_TASK_ID='run_silver' AIRFLOW_CTX_EXECUTION_DATE='2026-07-20T06:00:00+00:00' AIRFLOW_CTX_TRY_NUMBER='1' AIRFLOW_CTX_DAG_RUN_ID='scheduled__2026-07-20T06:00:00+00:00'
[2026-07-20T07:02:00.883+0000] {taskinstance.py:430} INFO - ::endgroup::
[2026-07-20T07:02:00.897+0000] {subprocess.py:63} INFO - Tmp dir root location: /tmp
[2026-07-20T07:02:00.900+0000] {subprocess.py:75} INFO - Running command: ['/usr/bin/bash', '-c', 'timeout 150s docker run --rm --network streaming_kafka_project_sdp-net --volume /d/Streaming_kafka_project/pipelines:/opt/pipelines --volume /d/Streaming_kafka_project/data:/opt/data --volume /d/Streaming_kafka_project/checkpoints:/opt/checkpoints --volume /d/Streaming_kafka_project/jars:/opt/jars apache/spark:3.5.1 /opt/spark/bin/spark-submit --master spark://sdp-spark-master:7077 --executor-cores 1 --executor-memory 512m --total-executor-cores 3 --jars /opt/jars/delta-spark_2.12-3.2.0.jar,/opt/jars/delta-storage-3.2.0.jar,/opt/jars/spark-sql-kafka-0-10_2.12-3.5.1.jar,/opt/jars/kafka-clients-3.4.1.jar,/opt/jars/spark-token-provider-kafka-0-10_2.12-3.5.1.jar,/opt/jars/commons-pool2-2.11.1.jar --conf spark.sql.extensions=io.delta.sql.DeltaSparkSessionExtension --conf spark.sql.catalog.spark_catalog=org.apache.spark.sql.delta.catalog.DeltaCatalog  /opt/pipelines/silver_runner.py']
[2026-07-20T07:02:00.910+0000] {subprocess.py:86} INFO - Output:
[2026-07-20T07:02:02.939+0000] {subprocess.py:93} INFO - 26/07/20 07:02:02 WARN NativeCodeLoader: Unable to load native-hadoop library for your platform... using builtin-java classes where applicable
[2026-07-20T07:02:03.709+0000] {subprocess.py:93} INFO - 26/07/20 07:02:03 INFO SparkContext: Running Spark version 3.5.1
[2026-07-20T07:02:03.711+0000] {subprocess.py:93} INFO - 26/07/20 07:02:03 INFO SparkContext: OS info Linux, 6.18.33.2-microsoft-standard-WSL2, amd64
[2026-07-20T07:02:03.712+0000] {subprocess.py:93} INFO - 26/07/20 07:02:03 INFO SparkContext: Java version 11.0.22
[2026-07-20T07:02:03.736+0000] {subprocess.py:93} INFO - 26/07/20 07:02:03 INFO ResourceUtils: ==============================================================
[2026-07-20T07:02:03.737+0000] {subprocess.py:93} INFO - 26/07/20 07:02:03 INFO ResourceUtils: No custom resources configured for spark.driver.
[2026-07-20T07:02:03.738+0000] {subprocess.py:93} INFO - 26/07/20 07:02:03 INFO ResourceUtils: ==============================================================
[2026-07-20T07:02:03.739+0000] {subprocess.py:93} INFO - 26/07/20 07:02:03 INFO SparkContext: Submitted application: SDP-Silver
[2026-07-20T07:02:03.760+0000] {subprocess.py:93} INFO - 26/07/20 07:02:03 INFO ResourceProfile: Default ResourceProfile created, executor resources: Map(cores -> name: cores, amount: 1, script: , vendor: , memory -> name: memory, amount: 512, script: , vendor: , offHeap -> name: offHeap, amount: 0, script: , vendor: ), task resources: Map(cpus -> name: cpus, amount: 1.0)
[2026-07-20T07:02:03.772+0000] {subprocess.py:93} INFO - 26/07/20 07:02:03 INFO ResourceProfile: Limiting resource is cpus at 1 tasks per executor
[2026-07-20T07:02:03.774+0000] {subprocess.py:93} INFO - 26/07/20 07:02:03 INFO ResourceProfileManager: Added ResourceProfile id: 0
[2026-07-20T07:02:03.827+0000] {subprocess.py:93} INFO - 26/07/20 07:02:03 INFO SecurityManager: Changing view acls to: spark
[2026-07-20T07:02:03.828+0000] {subprocess.py:93} INFO - 26/07/20 07:02:03 INFO SecurityManager: Changing modify acls to: spark
[2026-07-20T07:02:03.830+0000] {subprocess.py:93} INFO - 26/07/20 07:02:03 INFO SecurityManager: Changing view acls groups to:
[2026-07-20T07:02:03.830+0000] {subprocess.py:93} INFO - 26/07/20 07:02:03 INFO SecurityManager: Changing modify acls groups to:
[2026-07-20T07:02:03.831+0000] {subprocess.py:93} INFO - 26/07/20 07:02:03 INFO SecurityManager: SecurityManager: authentication disabled; ui acls disabled; users with view permissions: spark; groups with view permissions: EMPTY; users with modify permissions: spark; groups with modify permissions: EMPTY
[2026-07-20T07:02:04.028+0000] {subprocess.py:93} INFO - 26/07/20 07:02:04 INFO Utils: Successfully started service 'sparkDriver' on port 35213.
[2026-07-20T07:02:04.055+0000] {subprocess.py:93} INFO - 26/07/20 07:02:04 INFO SparkEnv: Registering MapOutputTracker
[2026-07-20T07:02:04.089+0000] {subprocess.py:93} INFO - 26/07/20 07:02:04 INFO SparkEnv: Registering BlockManagerMaster
[2026-07-20T07:02:04.105+0000] {subprocess.py:93} INFO - 26/07/20 07:02:04 INFO BlockManagerMasterEndpoint: Using org.apache.spark.storage.DefaultTopologyMapper for getting topology information
[2026-07-20T07:02:04.107+0000] {subprocess.py:93} INFO - 26/07/20 07:02:04 INFO BlockManagerMasterEndpoint: BlockManagerMasterEndpoint up
[2026-07-20T07:02:04.112+0000] {subprocess.py:93} INFO - 26/07/20 07:02:04 INFO SparkEnv: Registering BlockManagerMasterHeartbeat
[2026-07-20T07:02:04.133+0000] {subprocess.py:93} INFO - 26/07/20 07:02:04 INFO DiskBlockManager: Created local directory at /tmp/blockmgr-1383d7e1-3700-44c7-a7a5-efa4b7fe64b6
[2026-07-20T07:02:04.146+0000] {subprocess.py:93} INFO - 26/07/20 07:02:04 INFO MemoryStore: MemoryStore started with capacity 434.4 MiB
[2026-07-20T07:02:04.160+0000] {subprocess.py:93} INFO - 26/07/20 07:02:04 INFO SparkEnv: Registering OutputCommitCoordinator
[2026-07-20T07:02:04.295+0000] {subprocess.py:93} INFO - 26/07/20 07:02:04 INFO JettyUtils: Start Jetty 0.0.0.0:4040 for SparkUI
[2026-07-20T07:02:04.358+0000] {subprocess.py:93} INFO - 26/07/20 07:02:04 INFO Utils: Successfully started service 'SparkUI' on port 4040.
[2026-07-20T07:02:04.392+0000] {subprocess.py:93} INFO - 26/07/20 07:02:04 INFO SparkContext: Added JAR file:///opt/jars/delta-spark_2.12-3.2.0.jar at spark://ca6b753e76f5:35213/jars/delta-spark_2.12-3.2.0.jar with timestamp 1784530923701
[2026-07-20T07:02:04.393+0000] {subprocess.py:93} INFO - 26/07/20 07:02:04 INFO SparkContext: Added JAR file:///opt/jars/delta-storage-3.2.0.jar at spark://ca6b753e76f5:35213/jars/delta-storage-3.2.0.jar with timestamp 1784530923701
[2026-07-20T07:02:04.394+0000] {subprocess.py:93} INFO - 26/07/20 07:02:04 INFO SparkContext: Added JAR file:///opt/jars/spark-sql-kafka-0-10_2.12-3.5.1.jar at spark://ca6b753e76f5:35213/jars/spark-sql-kafka-0-10_2.12-3.5.1.jar with timestamp 1784530923701
[2026-07-20T07:02:04.395+0000] {subprocess.py:93} INFO - 26/07/20 07:02:04 INFO SparkContext: Added JAR file:///opt/jars/kafka-clients-3.4.1.jar at spark://ca6b753e76f5:35213/jars/kafka-clients-3.4.1.jar with timestamp 1784530923701
[2026-07-20T07:02:04.396+0000] {subprocess.py:93} INFO - 26/07/20 07:02:04 INFO SparkContext: Added JAR file:///opt/jars/spark-token-provider-kafka-0-10_2.12-3.5.1.jar at spark://ca6b753e76f5:35213/jars/spark-token-provider-kafka-0-10_2.12-3.5.1.jar with timestamp 1784530923701
[2026-07-20T07:02:04.397+0000] {subprocess.py:93} INFO - 26/07/20 07:02:04 INFO SparkContext: Added JAR file:///opt/jars/commons-pool2-2.11.1.jar at spark://ca6b753e76f5:35213/jars/commons-pool2-2.11.1.jar with timestamp 1784530923701
[2026-07-20T07:02:04.469+0000] {subprocess.py:93} INFO - 26/07/20 07:02:04 INFO StandaloneAppClient$ClientEndpoint: Connecting to master spark://sdp-spark-master:7077...
[2026-07-20T07:02:04.512+0000] {subprocess.py:93} INFO - 26/07/20 07:02:04 INFO TransportClientFactory: Successfully created connection to sdp-spark-master/172.18.0.4:7077 after 23 ms (0 ms spent in bootstraps)
[2026-07-20T07:02:04.585+0000] {subprocess.py:93} INFO - 26/07/20 07:02:04 INFO StandaloneSchedulerBackend: Connected to Spark cluster with app ID app-20260720070204-0088
[2026-07-20T07:02:04.587+0000] {subprocess.py:93} INFO - 26/07/20 07:02:04 INFO StandaloneAppClient$ClientEndpoint: Executor added: app-20260720070204-0088/0 on worker-20260716063602-172.18.0.5-44367 (172.18.0.5:44367) with 1 core(s)
[2026-07-20T07:02:04.593+0000] {subprocess.py:93} INFO - 26/07/20 07:02:04 INFO StandaloneSchedulerBackend: Granted executor ID app-20260720070204-0088/0 on hostPort 172.18.0.5:44367 with 1 core(s), 512.0 MiB RAM
[2026-07-20T07:02:04.595+0000] {subprocess.py:93} INFO - 26/07/20 07:02:04 INFO StandaloneAppClient$ClientEndpoint: Executor added: app-20260720070204-0088/1 on worker-20260716063602-172.18.0.5-44367 (172.18.0.5:44367) with 1 core(s)
[2026-07-20T07:02:04.596+0000] {subprocess.py:93} INFO - 26/07/20 07:02:04 INFO StandaloneSchedulerBackend: Granted executor ID app-20260720070204-0088/1 on hostPort 172.18.0.5:44367 with 1 core(s), 512.0 MiB RAM
[2026-07-20T07:02:04.597+0000] {subprocess.py:93} INFO - 26/07/20 07:02:04 INFO StandaloneAppClient$ClientEndpoint: Executor added: app-20260720070204-0088/2 on worker-20260716063602-172.18.0.6-33249 (172.18.0.6:33249) with 1 core(s)
[2026-07-20T07:02:04.598+0000] {subprocess.py:93} INFO - 26/07/20 07:02:04 INFO StandaloneSchedulerBackend: Granted executor ID app-20260720070204-0088/2 on hostPort 172.18.0.6:33249 with 1 core(s), 512.0 MiB RAM
[2026-07-20T07:02:04.603+0000] {subprocess.py:93} INFO - 26/07/20 07:02:04 INFO Utils: Successfully started service 'org.apache.spark.network.netty.NettyBlockTransferService' on port 43387.
[2026-07-20T07:02:04.604+0000] {subprocess.py:93} INFO - 26/07/20 07:02:04 INFO NettyBlockTransferService: Server created on ca6b753e76f5:43387
[2026-07-20T07:02:04.607+0000] {subprocess.py:93} INFO - 26/07/20 07:02:04 INFO BlockManager: Using org.apache.spark.storage.RandomBlockReplicationPolicy for block replication policy
[2026-07-20T07:02:04.614+0000] {subprocess.py:93} INFO - 26/07/20 07:02:04 INFO BlockManagerMaster: Registering BlockManager BlockManagerId(driver, ca6b753e76f5, 43387, None)
[2026-07-20T07:02:04.623+0000] {subprocess.py:93} INFO - 26/07/20 07:02:04 INFO BlockManagerMasterEndpoint: Registering block manager ca6b753e76f5:43387 with 434.4 MiB RAM, BlockManagerId(driver, ca6b753e76f5, 43387, None)
[2026-07-20T07:02:04.624+0000] {subprocess.py:93} INFO - 26/07/20 07:02:04 INFO BlockManagerMaster: Registered BlockManager BlockManagerId(driver, ca6b753e76f5, 43387, None)
[2026-07-20T07:02:04.630+0000] {subprocess.py:93} INFO - 26/07/20 07:02:04 INFO BlockManager: Initialized BlockManager: BlockManagerId(driver, ca6b753e76f5, 43387, None)
[2026-07-20T07:02:04.653+0000] {subprocess.py:93} INFO - 26/07/20 07:02:04 INFO StandaloneAppClient$ClientEndpoint: Executor updated: app-20260720070204-0088/0 is now RUNNING
[2026-07-20T07:02:04.654+0000] {subprocess.py:93} INFO - 26/07/20 07:02:04 INFO StandaloneAppClient$ClientEndpoint: Executor updated: app-20260720070204-0088/1 is now RUNNING
[2026-07-20T07:02:04.664+0000] {subprocess.py:93} INFO - 26/07/20 07:02:04 INFO StandaloneAppClient$ClientEndpoint: Executor updated: app-20260720070204-0088/2 is now RUNNING
[2026-07-20T07:02:04.930+0000] {subprocess.py:93} INFO - 26/07/20 07:02:04 INFO StandaloneSchedulerBackend: SchedulerBackend is ready for scheduling beginning after reached minRegisteredResourcesRatio: 0.0
[2026-07-20T07:02:05.517+0000] {subprocess.py:93} INFO - Starting silver stream: orders --->>  /opt/data/silver/orders
[2026-07-20T07:02:19.603+0000] {subprocess.py:93} INFO - 26/07/20 07:02:19 WARN ResolveWriteToStream: spark.sql.adaptive.enabled is not supported in streaming DataFrames/Datasets and will be disabled.
[2026-07-20T07:02:19.806+0000] {subprocess.py:93} INFO - Silver stream started: /opt/data/bronze/orders --->> /opt/data/silver/orders
[2026-07-20T07:02:19.814+0000] {subprocess.py:93} INFO - Starting silver stream: customers --->>  /opt/data/silver/customers
[2026-07-20T07:02:23.477+0000] {subprocess.py:93} INFO - 26/07/20 07:02:23 WARN ResolveWriteToStream: spark.sql.adaptive.enabled is not supported in streaming DataFrames/Datasets and will be disabled.
[2026-07-20T07:02:23.545+0000] {subprocess.py:93} INFO - Silver stream started: /opt/data/bronze/customers --->> /opt/data/silver/customers
[2026-07-20T07:02:23.551+0000] {subprocess.py:93} INFO - Starting silver stream: products --->>  /opt/data/silver/products
[2026-07-20T07:02:27.291+0000] {subprocess.py:93} INFO - 26/07/20 07:02:27 WARN ResolveWriteToStream: spark.sql.adaptive.enabled is not supported in streaming DataFrames/Datasets and will be disabled.
[2026-07-20T07:02:27.361+0000] {subprocess.py:93} INFO - Silver stream started: /opt/data/bronze/products --->> /opt/data/silver/products
[2026-07-20T07:04:00.403+0000] {subprocess.py:97} INFO - Command exited with return code 0
[2026-07-20T07:04:00.406+0000] {taskinstance.py:441} INFO - ::group::Post task execution logs
[2026-07-20T07:04:00.444+0000] {taskinstance.py:1205} INFO - Marking task as SUCCESS. dag_id=e-commerce_kafka_streaming_pipeline_v1, task_id=run_silver, execution_date=20260720T060000, start_date=20260720T070200, end_date=20260720T070400
[2026-07-20T07:04:00.478+0000] {local_task_job_runner.py:240} INFO - Task exited with return code 0
[2026-07-20T07:04:00.502+0000] {taskinstance.py:3482} INFO - 0 downstream tasks scheduled from follow-on schedule check
[2026-07-20T07:04:00.509+0000] {local_task_job_runner.py:222} INFO - ::endgroup::
