[2026-07-21T11:02:00.916+0000] {local_task_job_runner.py:120} INFO - ::group::Pre task execution logs
[2026-07-21T11:02:00.948+0000] {taskinstance.py:2073} INFO - Dependencies all met for dep_context=non-requeueable deps ti=<TaskInstance: e-commerce_kafka_streaming_pipeline_v1.run_silver scheduled__2026-07-21T10:00:00+00:00 [queued]>
[2026-07-21T11:02:00.956+0000] {taskinstance.py:2073} INFO - Dependencies all met for dep_context=requeueable deps ti=<TaskInstance: e-commerce_kafka_streaming_pipeline_v1.run_silver scheduled__2026-07-21T10:00:00+00:00 [queued]>
[2026-07-21T11:02:00.957+0000] {taskinstance.py:2303} INFO - Starting attempt 1 of 2
[2026-07-21T11:02:00.971+0000] {taskinstance.py:2327} INFO - Executing <Task(BashOperator): run_silver> on 2026-07-21 10:00:00+00:00
[2026-07-21T11:02:00.978+0000] {standard_task_runner.py:90} INFO - Running: ['***', 'tasks', 'run', 'e-commerce_kafka_streaming_pipeline_v1', 'run_silver', 'scheduled__2026-07-21T10:00:00+00:00', '--job-id', '302', '--raw', '--subdir', 'DAGS_FOLDER/sdp_pipeline_dag.py', '--cfg-path', '/tmp/tmpxhpwv8iq']
[2026-07-21T11:02:00.981+0000] {standard_task_runner.py:91} INFO - Job 302: Subtask run_silver
[2026-07-21T11:02:00.985+0000] {logging_mixin.py:188} WARNING - /home/***/.local/lib/python3.12/site-packages/***/task/task_runner/standard_task_runner.py:61 DeprecationWarning: This process (pid=15291) is multi-threaded, use of fork() may lead to deadlocks in the child.
[2026-07-21T11:02:00.986+0000] {standard_task_runner.py:63} INFO - Started process 15292 to run task
[2026-07-21T11:02:01.040+0000] {task_command.py:426} INFO - Running <TaskInstance: e-commerce_kafka_streaming_pipeline_v1.run_silver scheduled__2026-07-21T10:00:00+00:00 [running]> on host da27550080bf
[2026-07-21T11:02:01.124+0000] {taskinstance.py:2644} INFO - Exporting env vars: AIRFLOW_CTX_DAG_OWNER='dev' AIRFLOW_CTX_DAG_ID='e-commerce_kafka_streaming_pipeline_v1' AIRFLOW_CTX_TASK_ID='run_silver' AIRFLOW_CTX_EXECUTION_DATE='2026-07-21T10:00:00+00:00' AIRFLOW_CTX_TRY_NUMBER='1' AIRFLOW_CTX_DAG_RUN_ID='scheduled__2026-07-21T10:00:00+00:00'
[2026-07-21T11:02:01.125+0000] {taskinstance.py:430} INFO - ::endgroup::
[2026-07-21T11:02:01.136+0000] {subprocess.py:63} INFO - Tmp dir root location: /tmp
[2026-07-21T11:02:01.138+0000] {subprocess.py:75} INFO - Running command: ['/usr/bin/bash', '-c', 'timeout 150s docker run --rm --network streaming_kafka_project_sdp-net --volume /d/Streaming_kafka_project/pipelines:/opt/pipelines --volume /d/Streaming_kafka_project/data:/opt/data --volume /d/Streaming_kafka_project/checkpoints:/opt/checkpoints --volume /d/Streaming_kafka_project/jars:/opt/jars apache/spark:3.5.1 /opt/spark/bin/spark-submit --master spark://sdp-spark-master:7077 --executor-cores 1 --executor-memory 512m --total-executor-cores 3 --jars /opt/jars/delta-spark_2.12-3.2.0.jar,/opt/jars/delta-storage-3.2.0.jar,/opt/jars/spark-sql-kafka-0-10_2.12-3.5.1.jar,/opt/jars/kafka-clients-3.4.1.jar,/opt/jars/spark-token-provider-kafka-0-10_2.12-3.5.1.jar,/opt/jars/commons-pool2-2.11.1.jar --conf spark.sql.extensions=io.delta.sql.DeltaSparkSessionExtension --conf spark.sql.catalog.spark_catalog=org.apache.spark.sql.delta.catalog.DeltaCatalog  /opt/pipelines/silver_runner.py']
[2026-07-21T11:02:01.147+0000] {subprocess.py:86} INFO - Output:
[2026-07-21T11:02:03.105+0000] {subprocess.py:93} INFO - 26/07/21 11:02:03 WARN NativeCodeLoader: Unable to load native-hadoop library for your platform... using builtin-java classes where applicable
[2026-07-21T11:02:03.765+0000] {subprocess.py:93} INFO - 26/07/21 11:02:03 INFO SparkContext: Running Spark version 3.5.1
[2026-07-21T11:02:03.768+0000] {subprocess.py:93} INFO - 26/07/21 11:02:03 INFO SparkContext: OS info Linux, 6.18.33.2-microsoft-standard-WSL2, amd64
[2026-07-21T11:02:03.770+0000] {subprocess.py:93} INFO - 26/07/21 11:02:03 INFO SparkContext: Java version 11.0.22
[2026-07-21T11:02:03.796+0000] {subprocess.py:93} INFO - 26/07/21 11:02:03 INFO ResourceUtils: ==============================================================
[2026-07-21T11:02:03.798+0000] {subprocess.py:93} INFO - 26/07/21 11:02:03 INFO ResourceUtils: No custom resources configured for spark.driver.
[2026-07-21T11:02:03.798+0000] {subprocess.py:93} INFO - 26/07/21 11:02:03 INFO ResourceUtils: ==============================================================
[2026-07-21T11:02:03.802+0000] {subprocess.py:93} INFO - 26/07/21 11:02:03 INFO SparkContext: Submitted application: SDP-Silver
[2026-07-21T11:02:03.828+0000] {subprocess.py:93} INFO - 26/07/21 11:02:03 INFO ResourceProfile: Default ResourceProfile created, executor resources: Map(cores -> name: cores, amount: 1, script: , vendor: , memory -> name: memory, amount: 512, script: , vendor: , offHeap -> name: offHeap, amount: 0, script: , vendor: ), task resources: Map(cpus -> name: cpus, amount: 1.0)
[2026-07-21T11:02:03.840+0000] {subprocess.py:93} INFO - 26/07/21 11:02:03 INFO ResourceProfile: Limiting resource is cpus at 1 tasks per executor
[2026-07-21T11:02:03.842+0000] {subprocess.py:93} INFO - 26/07/21 11:02:03 INFO ResourceProfileManager: Added ResourceProfile id: 0
[2026-07-21T11:02:03.886+0000] {subprocess.py:93} INFO - 26/07/21 11:02:03 INFO SecurityManager: Changing view acls to: spark
[2026-07-21T11:02:03.887+0000] {subprocess.py:93} INFO - 26/07/21 11:02:03 INFO SecurityManager: Changing modify acls to: spark
[2026-07-21T11:02:03.888+0000] {subprocess.py:93} INFO - 26/07/21 11:02:03 INFO SecurityManager: Changing view acls groups to:
[2026-07-21T11:02:03.889+0000] {subprocess.py:93} INFO - 26/07/21 11:02:03 INFO SecurityManager: Changing modify acls groups to:
[2026-07-21T11:02:03.889+0000] {subprocess.py:93} INFO - 26/07/21 11:02:03 INFO SecurityManager: SecurityManager: authentication disabled; ui acls disabled; users with view permissions: spark; groups with view permissions: EMPTY; users with modify permissions: spark; groups with modify permissions: EMPTY
[2026-07-21T11:02:04.086+0000] {subprocess.py:93} INFO - 26/07/21 11:02:04 INFO Utils: Successfully started service 'sparkDriver' on port 46409.
[2026-07-21T11:02:04.112+0000] {subprocess.py:93} INFO - 26/07/21 11:02:04 INFO SparkEnv: Registering MapOutputTracker
[2026-07-21T11:02:04.140+0000] {subprocess.py:93} INFO - 26/07/21 11:02:04 INFO SparkEnv: Registering BlockManagerMaster
[2026-07-21T11:02:04.156+0000] {subprocess.py:93} INFO - 26/07/21 11:02:04 INFO BlockManagerMasterEndpoint: Using org.apache.spark.storage.DefaultTopologyMapper for getting topology information
[2026-07-21T11:02:04.158+0000] {subprocess.py:93} INFO - 26/07/21 11:02:04 INFO BlockManagerMasterEndpoint: BlockManagerMasterEndpoint up
[2026-07-21T11:02:04.161+0000] {subprocess.py:93} INFO - 26/07/21 11:02:04 INFO SparkEnv: Registering BlockManagerMasterHeartbeat
[2026-07-21T11:02:04.179+0000] {subprocess.py:93} INFO - 26/07/21 11:02:04 INFO DiskBlockManager: Created local directory at /tmp/blockmgr-5b0ab6d7-a378-40bb-b1a3-5a0ad0f55036
[2026-07-21T11:02:04.194+0000] {subprocess.py:93} INFO - 26/07/21 11:02:04 INFO MemoryStore: MemoryStore started with capacity 434.4 MiB
[2026-07-21T11:02:04.209+0000] {subprocess.py:93} INFO - 26/07/21 11:02:04 INFO SparkEnv: Registering OutputCommitCoordinator
[2026-07-21T11:02:04.325+0000] {subprocess.py:93} INFO - 26/07/21 11:02:04 INFO JettyUtils: Start Jetty 0.0.0.0:4040 for SparkUI
[2026-07-21T11:02:04.378+0000] {subprocess.py:93} INFO - 26/07/21 11:02:04 INFO Utils: Successfully started service 'SparkUI' on port 4040.
[2026-07-21T11:02:04.408+0000] {subprocess.py:93} INFO - 26/07/21 11:02:04 INFO SparkContext: Added JAR file:///opt/jars/delta-spark_2.12-3.2.0.jar at spark://df2e65bacc39:46409/jars/delta-spark_2.12-3.2.0.jar with timestamp 1784631723756
[2026-07-21T11:02:04.410+0000] {subprocess.py:93} INFO - 26/07/21 11:02:04 INFO SparkContext: Added JAR file:///opt/jars/delta-storage-3.2.0.jar at spark://df2e65bacc39:46409/jars/delta-storage-3.2.0.jar with timestamp 1784631723756
[2026-07-21T11:02:04.410+0000] {subprocess.py:93} INFO - 26/07/21 11:02:04 INFO SparkContext: Added JAR file:///opt/jars/spark-sql-kafka-0-10_2.12-3.5.1.jar at spark://df2e65bacc39:46409/jars/spark-sql-kafka-0-10_2.12-3.5.1.jar with timestamp 1784631723756
[2026-07-21T11:02:04.411+0000] {subprocess.py:93} INFO - 26/07/21 11:02:04 INFO SparkContext: Added JAR file:///opt/jars/kafka-clients-3.4.1.jar at spark://df2e65bacc39:46409/jars/kafka-clients-3.4.1.jar with timestamp 1784631723756
[2026-07-21T11:02:04.412+0000] {subprocess.py:93} INFO - 26/07/21 11:02:04 INFO SparkContext: Added JAR file:///opt/jars/spark-token-provider-kafka-0-10_2.12-3.5.1.jar at spark://df2e65bacc39:46409/jars/spark-token-provider-kafka-0-10_2.12-3.5.1.jar with timestamp 1784631723756
[2026-07-21T11:02:04.413+0000] {subprocess.py:93} INFO - 26/07/21 11:02:04 INFO SparkContext: Added JAR file:///opt/jars/commons-pool2-2.11.1.jar at spark://df2e65bacc39:46409/jars/commons-pool2-2.11.1.jar with timestamp 1784631723756
[2026-07-21T11:02:04.475+0000] {subprocess.py:93} INFO - 26/07/21 11:02:04 INFO StandaloneAppClient$ClientEndpoint: Connecting to master spark://sdp-spark-master:7077...
[2026-07-21T11:02:04.515+0000] {subprocess.py:93} INFO - 26/07/21 11:02:04 INFO TransportClientFactory: Successfully created connection to sdp-spark-master/172.18.0.4:7077 after 22 ms (0 ms spent in bootstraps)
[2026-07-21T11:02:04.588+0000] {subprocess.py:93} INFO - 26/07/21 11:02:04 INFO StandaloneSchedulerBackend: Connected to Spark cluster with app ID app-20260721110204-0141
[2026-07-21T11:02:04.590+0000] {subprocess.py:93} INFO - 26/07/21 11:02:04 INFO StandaloneAppClient$ClientEndpoint: Executor added: app-20260721110204-0141/0 on worker-20260716063602-172.18.0.5-44367 (172.18.0.5:44367) with 1 core(s)
[2026-07-21T11:02:04.592+0000] {subprocess.py:93} INFO - 26/07/21 11:02:04 INFO StandaloneSchedulerBackend: Granted executor ID app-20260721110204-0141/0 on hostPort 172.18.0.5:44367 with 1 core(s), 512.0 MiB RAM
[2026-07-21T11:02:04.594+0000] {subprocess.py:93} INFO - 26/07/21 11:02:04 INFO StandaloneAppClient$ClientEndpoint: Executor added: app-20260721110204-0141/1 on worker-20260716063602-172.18.0.5-44367 (172.18.0.5:44367) with 1 core(s)
[2026-07-21T11:02:04.595+0000] {subprocess.py:93} INFO - 26/07/21 11:02:04 INFO StandaloneSchedulerBackend: Granted executor ID app-20260721110204-0141/1 on hostPort 172.18.0.5:44367 with 1 core(s), 512.0 MiB RAM
[2026-07-21T11:02:04.596+0000] {subprocess.py:93} INFO - 26/07/21 11:02:04 INFO StandaloneAppClient$ClientEndpoint: Executor added: app-20260721110204-0141/2 on worker-20260716063602-172.18.0.6-33249 (172.18.0.6:33249) with 1 core(s)
[2026-07-21T11:02:04.596+0000] {subprocess.py:93} INFO - 26/07/21 11:02:04 INFO StandaloneSchedulerBackend: Granted executor ID app-20260721110204-0141/2 on hostPort 172.18.0.6:33249 with 1 core(s), 512.0 MiB RAM
[2026-07-21T11:02:04.609+0000] {subprocess.py:93} INFO - 26/07/21 11:02:04 INFO Utils: Successfully started service 'org.apache.spark.network.netty.NettyBlockTransferService' on port 37181.
[2026-07-21T11:02:04.611+0000] {subprocess.py:93} INFO - 26/07/21 11:02:04 INFO NettyBlockTransferService: Server created on df2e65bacc39:37181
[2026-07-21T11:02:04.612+0000] {subprocess.py:93} INFO - 26/07/21 11:02:04 INFO BlockManager: Using org.apache.spark.storage.RandomBlockReplicationPolicy for block replication policy
[2026-07-21T11:02:04.629+0000] {subprocess.py:93} INFO - 26/07/21 11:02:04 INFO BlockManagerMaster: Registering BlockManager BlockManagerId(driver, df2e65bacc39, 37181, None)
[2026-07-21T11:02:04.642+0000] {subprocess.py:93} INFO - 26/07/21 11:02:04 INFO BlockManagerMasterEndpoint: Registering block manager df2e65bacc39:37181 with 434.4 MiB RAM, BlockManagerId(driver, df2e65bacc39, 37181, None)
[2026-07-21T11:02:04.649+0000] {subprocess.py:93} INFO - 26/07/21 11:02:04 INFO BlockManagerMaster: Registered BlockManager BlockManagerId(driver, df2e65bacc39, 37181, None)
[2026-07-21T11:02:04.650+0000] {subprocess.py:93} INFO - 26/07/21 11:02:04 INFO StandaloneAppClient$ClientEndpoint: Executor updated: app-20260721110204-0141/2 is now RUNNING
[2026-07-21T11:02:04.652+0000] {subprocess.py:93} INFO - 26/07/21 11:02:04 INFO StandaloneAppClient$ClientEndpoint: Executor updated: app-20260721110204-0141/0 is now RUNNING
[2026-07-21T11:02:04.653+0000] {subprocess.py:93} INFO - 26/07/21 11:02:04 INFO BlockManager: Initialized BlockManager: BlockManagerId(driver, df2e65bacc39, 37181, None)
[2026-07-21T11:02:04.654+0000] {subprocess.py:93} INFO - 26/07/21 11:02:04 INFO StandaloneAppClient$ClientEndpoint: Executor updated: app-20260721110204-0141/1 is now RUNNING
[2026-07-21T11:02:05.141+0000] {subprocess.py:93} INFO - 26/07/21 11:02:05 INFO StandaloneSchedulerBackend: SchedulerBackend is ready for scheduling beginning after reached minRegisteredResourcesRatio: 0.0
[2026-07-21T11:02:05.442+0000] {subprocess.py:93} INFO - Starting silver stream: orders --->>  /opt/data/silver/orders
[2026-07-21T11:02:19.513+0000] {subprocess.py:93} INFO - 26/07/21 11:02:19 WARN ResolveWriteToStream: spark.sql.adaptive.enabled is not supported in streaming DataFrames/Datasets and will be disabled.
[2026-07-21T11:02:19.764+0000] {subprocess.py:93} INFO - Silver stream started: /opt/data/bronze/orders --->> /opt/data/silver/orders
[2026-07-21T11:02:19.784+0000] {subprocess.py:93} INFO - Starting silver stream: customers --->>  /opt/data/silver/customers
[2026-07-21T11:02:23.241+0000] {subprocess.py:93} INFO - 26/07/21 11:02:23 WARN ResolveWriteToStream: spark.sql.adaptive.enabled is not supported in streaming DataFrames/Datasets and will be disabled.
[2026-07-21T11:02:23.291+0000] {subprocess.py:93} INFO - Silver stream started: /opt/data/bronze/customers --->> /opt/data/silver/customers
[2026-07-21T11:02:23.299+0000] {subprocess.py:93} INFO - Starting silver stream: products --->>  /opt/data/silver/products
[2026-07-21T11:02:27.842+0000] {subprocess.py:93} INFO - 26/07/21 11:02:27 WARN ResolveWriteToStream: spark.sql.adaptive.enabled is not supported in streaming DataFrames/Datasets and will be disabled.
[2026-07-21T11:02:27.905+0000] {subprocess.py:93} INFO - Silver stream started: /opt/data/bronze/products --->> /opt/data/silver/products
[2026-07-21T11:02:29.911+0000] {subprocess.py:93} INFO - 26/07/21 11:02:29 WARN SparkStringUtils: Truncated the string representation of a plan since it was too large. This behavior can be adjusted by setting 'spark.sql.debug.maxToStringFields'.
[2026-07-21T11:04:01.230+0000] {subprocess.py:97} INFO - Command exited with return code 0
[2026-07-21T11:04:01.233+0000] {taskinstance.py:441} INFO - ::group::Post task execution logs
[2026-07-21T11:04:01.268+0000] {taskinstance.py:1205} INFO - Marking task as SUCCESS. dag_id=e-commerce_kafka_streaming_pipeline_v1, task_id=run_silver, execution_date=20260721T100000, start_date=20260721T110200, end_date=20260721T110401
[2026-07-21T11:04:01.305+0000] {local_task_job_runner.py:240} INFO - Task exited with return code 0
[2026-07-21T11:04:01.332+0000] {taskinstance.py:3482} INFO - 1 downstream tasks scheduled from follow-on schedule check
[2026-07-21T11:04:01.336+0000] {local_task_job_runner.py:222} INFO - ::endgroup::
