[2026-06-17T11:00:05.850+0000] {local_task_job_runner.py:120} INFO - ::group::Pre task execution logs
[2026-06-17T11:00:05.903+0000] {taskinstance.py:2073} INFO - Dependencies all met for dep_context=non-requeueable deps ti=<TaskInstance: e-commerce_kafka_streaming_pipeline_v10.run_bronze scheduled__2026-06-17T10:00:00+00:00 [queued]>
[2026-06-17T11:00:05.916+0000] {taskinstance.py:2073} INFO - Dependencies all met for dep_context=requeueable deps ti=<TaskInstance: e-commerce_kafka_streaming_pipeline_v10.run_bronze scheduled__2026-06-17T10:00:00+00:00 [queued]>
[2026-06-17T11:00:05.917+0000] {taskinstance.py:2303} INFO - Starting attempt 1 of 2
[2026-06-17T11:00:05.936+0000] {taskinstance.py:2327} INFO - Executing <Task(BashOperator): run_bronze> on 2026-06-17 10:00:00+00:00
[2026-06-17T11:00:05.951+0000] {logging_mixin.py:188} WARNING - /home/***/.local/lib/python3.12/site-packages/***/task/task_runner/standard_task_runner.py:61 DeprecationWarning: This process (pid=3892) is multi-threaded, use of fork() may lead to deadlocks in the child.
[2026-06-17T11:00:05.949+0000] {standard_task_runner.py:90} INFO - Running: ['***', 'tasks', 'run', 'e-commerce_kafka_streaming_pipeline_v10', 'run_bronze', 'scheduled__2026-06-17T10:00:00+00:00', '--job-id', '61', '--raw', '--subdir', 'DAGS_FOLDER/sdp_pipeline_dag.py', '--cfg-path', '/tmp/tmpkiq_ihk9']
[2026-06-17T11:00:05.953+0000] {standard_task_runner.py:63} INFO - Started process 3893 to run task
[2026-06-17T11:00:05.953+0000] {standard_task_runner.py:91} INFO - Job 61: Subtask run_bronze
[2026-06-17T11:00:06.042+0000] {task_command.py:426} INFO - Running <TaskInstance: e-commerce_kafka_streaming_pipeline_v10.run_bronze scheduled__2026-06-17T10:00:00+00:00 [running]> on host c5880b5b3b6f
[2026-06-17T11:00:06.186+0000] {taskinstance.py:2644} INFO - Exporting env vars: AIRFLOW_CTX_DAG_OWNER='dev' AIRFLOW_CTX_DAG_ID='e-commerce_kafka_streaming_pipeline_v10' AIRFLOW_CTX_TASK_ID='run_bronze' AIRFLOW_CTX_EXECUTION_DATE='2026-06-17T10:00:00+00:00' AIRFLOW_CTX_TRY_NUMBER='1' AIRFLOW_CTX_DAG_RUN_ID='scheduled__2026-06-17T10:00:00+00:00'
[2026-06-17T11:00:06.187+0000] {taskinstance.py:430} INFO - ::endgroup::
[2026-06-17T11:00:06.212+0000] {subprocess.py:63} INFO - Tmp dir root location: /tmp
[2026-06-17T11:00:06.215+0000] {subprocess.py:75} INFO - Running command: ['/usr/bin/bash', '-c', 'timeout 120s docker run --rm --network streaming_kafka_project_sdp-net --volume /d/Streaming_kafka_project/pipelines:/opt/pipelines --volume /d/Streaming_kafka_project/data:/opt/data --volume /d/Streaming_kafka_project/checkpoints:/opt/checkpoints --volume /d/Streaming_kafka_project/jars:/opt/jars apache/spark:3.5.1 /opt/spark/bin/spark-submit --master spark://sdp-spark-master:7077 --executor-cores 1 --executor-memory 512m --total-executor-cores 3 --jars /opt/jars/delta-spark_2.12-3.2.0.jar,/opt/jars/delta-storage-3.2.0.jar,/opt/jars/spark-sql-kafka-0-10_2.12-3.5.1.jar,/opt/jars/kafka-clients-3.4.1.jar,/opt/jars/spark-token-provider-kafka-0-10_2.12-3.5.1.jar,/opt/jars/commons-pool2-2.11.1.jar --conf spark.sql.extensions=io.delta.sql.DeltaSparkSessionExtension --conf spark.sql.catalog.spark_catalog=org.apache.spark.sql.delta.catalog.DeltaCatalog  /opt/pipelines/bronze_runner.py']
[2026-06-17T11:00:06.230+0000] {subprocess.py:86} INFO - Output:
[2026-06-17T11:00:10.382+0000] {subprocess.py:93} INFO - 26/06/17 11:00:10 WARN NativeCodeLoader: Unable to load native-hadoop library for your platform... using builtin-java classes where applicable
[2026-06-17T11:00:11.683+0000] {subprocess.py:93} INFO - 26/06/17 11:00:11 INFO SparkContext: Running Spark version 3.5.1
[2026-06-17T11:00:11.685+0000] {subprocess.py:93} INFO - 26/06/17 11:00:11 INFO SparkContext: OS info Linux, 6.6.114.1-microsoft-standard-WSL2, amd64
[2026-06-17T11:00:11.686+0000] {subprocess.py:93} INFO - 26/06/17 11:00:11 INFO SparkContext: Java version 11.0.22
[2026-06-17T11:00:11.750+0000] {subprocess.py:93} INFO - 26/06/17 11:00:11 INFO ResourceUtils: ==============================================================
[2026-06-17T11:00:11.753+0000] {subprocess.py:93} INFO - 26/06/17 11:00:11 INFO ResourceUtils: No custom resources configured for spark.driver.
[2026-06-17T11:00:11.755+0000] {subprocess.py:93} INFO - 26/06/17 11:00:11 INFO ResourceUtils: ==============================================================
[2026-06-17T11:00:11.756+0000] {subprocess.py:93} INFO - 26/06/17 11:00:11 INFO SparkContext: Submitted application: SDP-Bronze
[2026-06-17T11:00:11.796+0000] {subprocess.py:93} INFO - 26/06/17 11:00:11 INFO ResourceProfile: Default ResourceProfile created, executor resources: Map(cores -> name: cores, amount: 1, script: , vendor: , memory -> name: memory, amount: 512, script: , vendor: , offHeap -> name: offHeap, amount: 0, script: , vendor: ), task resources: Map(cpus -> name: cpus, amount: 1.0)
[2026-06-17T11:00:11.822+0000] {subprocess.py:93} INFO - 26/06/17 11:00:11 INFO ResourceProfile: Limiting resource is cpus at 1 tasks per executor
[2026-06-17T11:00:11.827+0000] {subprocess.py:93} INFO - 26/06/17 11:00:11 INFO ResourceProfileManager: Added ResourceProfile id: 0
[2026-06-17T11:00:11.916+0000] {subprocess.py:93} INFO - 26/06/17 11:00:11 INFO SecurityManager: Changing view acls to: spark
[2026-06-17T11:00:11.918+0000] {subprocess.py:93} INFO - 26/06/17 11:00:11 INFO SecurityManager: Changing modify acls to: spark
[2026-06-17T11:00:11.919+0000] {subprocess.py:93} INFO - 26/06/17 11:00:11 INFO SecurityManager: Changing view acls groups to:
[2026-06-17T11:00:11.921+0000] {subprocess.py:93} INFO - 26/06/17 11:00:11 INFO SecurityManager: Changing modify acls groups to:
[2026-06-17T11:00:11.922+0000] {subprocess.py:93} INFO - 26/06/17 11:00:11 INFO SecurityManager: SecurityManager: authentication disabled; ui acls disabled; users with view permissions: spark; groups with view permissions: EMPTY; users with modify permissions: spark; groups with modify permissions: EMPTY
[2026-06-17T11:00:12.333+0000] {subprocess.py:93} INFO - 26/06/17 11:00:12 INFO Utils: Successfully started service 'sparkDriver' on port 44687.
[2026-06-17T11:00:12.384+0000] {subprocess.py:93} INFO - 26/06/17 11:00:12 INFO SparkEnv: Registering MapOutputTracker
[2026-06-17T11:00:12.443+0000] {subprocess.py:93} INFO - 26/06/17 11:00:12 INFO SparkEnv: Registering BlockManagerMaster
[2026-06-17T11:00:12.494+0000] {subprocess.py:93} INFO - 26/06/17 11:00:12 INFO BlockManagerMasterEndpoint: Using org.apache.spark.storage.DefaultTopologyMapper for getting topology information
[2026-06-17T11:00:12.495+0000] {subprocess.py:93} INFO - 26/06/17 11:00:12 INFO BlockManagerMasterEndpoint: BlockManagerMasterEndpoint up
[2026-06-17T11:00:12.506+0000] {subprocess.py:93} INFO - 26/06/17 11:00:12 INFO SparkEnv: Registering BlockManagerMasterHeartbeat
[2026-06-17T11:00:12.547+0000] {subprocess.py:93} INFO - 26/06/17 11:00:12 INFO DiskBlockManager: Created local directory at /tmp/blockmgr-04eb866d-f7e2-489b-916d-1c86e7164880
[2026-06-17T11:00:12.569+0000] {subprocess.py:93} INFO - 26/06/17 11:00:12 INFO MemoryStore: MemoryStore started with capacity 434.4 MiB
[2026-06-17T11:00:12.596+0000] {subprocess.py:93} INFO - 26/06/17 11:00:12 INFO SparkEnv: Registering OutputCommitCoordinator
[2026-06-17T11:00:12.797+0000] {subprocess.py:93} INFO - 26/06/17 11:00:12 INFO JettyUtils: Start Jetty 0.0.0.0:4040 for SparkUI
[2026-06-17T11:00:12.888+0000] {subprocess.py:93} INFO - 26/06/17 11:00:12 INFO Utils: Successfully started service 'SparkUI' on port 4040.
[2026-06-17T11:00:12.944+0000] {subprocess.py:93} INFO - 26/06/17 11:00:12 INFO SparkContext: Added JAR file:///opt/jars/delta-spark_2.12-3.2.0.jar at spark://55d51feea211:44687/jars/delta-spark_2.12-3.2.0.jar with timestamp 1781694011664
[2026-06-17T11:00:12.946+0000] {subprocess.py:93} INFO - 26/06/17 11:00:12 INFO SparkContext: Added JAR file:///opt/jars/delta-storage-3.2.0.jar at spark://55d51feea211:44687/jars/delta-storage-3.2.0.jar with timestamp 1781694011664
[2026-06-17T11:00:12.948+0000] {subprocess.py:93} INFO - 26/06/17 11:00:12 INFO SparkContext: Added JAR file:///opt/jars/spark-sql-kafka-0-10_2.12-3.5.1.jar at spark://55d51feea211:44687/jars/spark-sql-kafka-0-10_2.12-3.5.1.jar with timestamp 1781694011664
[2026-06-17T11:00:12.950+0000] {subprocess.py:93} INFO - 26/06/17 11:00:12 INFO SparkContext: Added JAR file:///opt/jars/kafka-clients-3.4.1.jar at spark://55d51feea211:44687/jars/kafka-clients-3.4.1.jar with timestamp 1781694011664
[2026-06-17T11:00:12.951+0000] {subprocess.py:93} INFO - 26/06/17 11:00:12 INFO SparkContext: Added JAR file:///opt/jars/spark-token-provider-kafka-0-10_2.12-3.5.1.jar at spark://55d51feea211:44687/jars/spark-token-provider-kafka-0-10_2.12-3.5.1.jar with timestamp 1781694011664
[2026-06-17T11:00:12.953+0000] {subprocess.py:93} INFO - 26/06/17 11:00:12 INFO SparkContext: Added JAR file:///opt/jars/commons-pool2-2.11.1.jar at spark://55d51feea211:44687/jars/commons-pool2-2.11.1.jar with timestamp 1781694011664
[2026-06-17T11:00:13.112+0000] {subprocess.py:93} INFO - 26/06/17 11:00:13 INFO StandaloneAppClient$ClientEndpoint: Connecting to master spark://sdp-spark-master:7077...
[2026-06-17T11:00:13.204+0000] {subprocess.py:93} INFO - 26/06/17 11:00:13 INFO TransportClientFactory: Successfully created connection to sdp-spark-master/172.18.0.3:7077 after 57 ms (0 ms spent in bootstraps)
[2026-06-17T11:00:13.371+0000] {subprocess.py:93} INFO - 26/06/17 11:00:13 INFO StandaloneSchedulerBackend: Connected to Spark cluster with app ID app-20260617110013-0037
[2026-06-17T11:00:13.387+0000] {subprocess.py:93} INFO - 26/06/17 11:00:13 INFO StandaloneAppClient$ClientEndpoint: Executor added: app-20260617110013-0037/0 on worker-20260616111838-172.18.0.5-35429 (172.18.0.5:35429) with 1 core(s)
[2026-06-17T11:00:13.409+0000] {subprocess.py:93} INFO - 26/06/17 11:00:13 INFO StandaloneSchedulerBackend: Granted executor ID app-20260617110013-0037/0 on hostPort 172.18.0.5:35429 with 1 core(s), 512.0 MiB RAM
[2026-06-17T11:00:13.421+0000] {subprocess.py:93} INFO - 26/06/17 11:00:13 INFO StandaloneAppClient$ClientEndpoint: Executor added: app-20260617110013-0037/1 on worker-20260616111838-172.18.0.5-35429 (172.18.0.5:35429) with 1 core(s)
[2026-06-17T11:00:13.432+0000] {subprocess.py:93} INFO - 26/06/17 11:00:13 INFO StandaloneSchedulerBackend: Granted executor ID app-20260617110013-0037/1 on hostPort 172.18.0.5:35429 with 1 core(s), 512.0 MiB RAM
[2026-06-17T11:00:13.442+0000] {subprocess.py:93} INFO - 26/06/17 11:00:13 INFO StandaloneAppClient$ClientEndpoint: Executor added: app-20260617110013-0037/2 on worker-20260616111838-172.18.0.6-45657 (172.18.0.6:45657) with 1 core(s)
[2026-06-17T11:00:13.445+0000] {subprocess.py:93} INFO - 26/06/17 11:00:13 INFO StandaloneSchedulerBackend: Granted executor ID app-20260617110013-0037/2 on hostPort 172.18.0.6:45657 with 1 core(s), 512.0 MiB RAM
[2026-06-17T11:00:13.489+0000] {subprocess.py:93} INFO - 26/06/17 11:00:13 INFO Utils: Successfully started service 'org.apache.spark.network.netty.NettyBlockTransferService' on port 42831.
[2026-06-17T11:00:13.498+0000] {subprocess.py:93} INFO - 26/06/17 11:00:13 INFO NettyBlockTransferService: Server created on 55d51feea211:42831
[2026-06-17T11:00:13.504+0000] {subprocess.py:93} INFO - 26/06/17 11:00:13 INFO BlockManager: Using org.apache.spark.storage.RandomBlockReplicationPolicy for block replication policy
[2026-06-17T11:00:13.563+0000] {subprocess.py:93} INFO - 26/06/17 11:00:13 INFO StandaloneAppClient$ClientEndpoint: Executor updated: app-20260617110013-0037/0 is now RUNNING
[2026-06-17T11:00:13.570+0000] {subprocess.py:93} INFO - 26/06/17 11:00:13 INFO StandaloneAppClient$ClientEndpoint: Executor updated: app-20260617110013-0037/2 is now RUNNING
[2026-06-17T11:00:13.582+0000] {subprocess.py:93} INFO - 26/06/17 11:00:13 INFO StandaloneAppClient$ClientEndpoint: Executor updated: app-20260617110013-0037/1 is now RUNNING
[2026-06-17T11:00:13.602+0000] {subprocess.py:93} INFO - 26/06/17 11:00:13 INFO BlockManagerMaster: Registering BlockManager BlockManagerId(driver, 55d51feea211, 42831, None)
[2026-06-17T11:00:13.623+0000] {subprocess.py:93} INFO - 26/06/17 11:00:13 INFO BlockManagerMasterEndpoint: Registering block manager 55d51feea211:42831 with 434.4 MiB RAM, BlockManagerId(driver, 55d51feea211, 42831, None)
[2026-06-17T11:00:13.639+0000] {subprocess.py:93} INFO - 26/06/17 11:00:13 INFO BlockManagerMaster: Registered BlockManager BlockManagerId(driver, 55d51feea211, 42831, None)
[2026-06-17T11:00:13.640+0000] {subprocess.py:93} INFO - 26/06/17 11:00:13 INFO BlockManager: Initialized BlockManager: BlockManagerId(driver, 55d51feea211, 42831, None)
[2026-06-17T11:00:14.682+0000] {subprocess.py:93} INFO - 26/06/17 11:00:14 INFO StandaloneSchedulerBackend: SchedulerBackend is ready for scheduling beginning after reached minRegisteredResourcesRatio: 0.0
[2026-06-17T11:00:15.971+0000] {subprocess.py:93} INFO - Starting stream: orders -> /opt/data/bronze/orders
[2026-06-17T11:00:47.677+0000] {subprocess.py:93} INFO - 26/06/17 11:00:47 WARN ResolveWriteToStream: spark.sql.adaptive.enabled is not supported in streaming DataFrames/Datasets and will be disabled.
[2026-06-17T11:00:47.925+0000] {subprocess.py:93} INFO - Starting stream: customers -> /opt/data/bronze/customers
[2026-06-17T11:00:52.661+0000] {subprocess.py:93} INFO - 26/06/17 11:00:52 WARN ResolveWriteToStream: spark.sql.adaptive.enabled is not supported in streaming DataFrames/Datasets and will be disabled.
[2026-06-17T11:00:52.732+0000] {subprocess.py:93} INFO - Starting stream: products -> /opt/data/bronze/products
[2026-06-17T11:00:56.773+0000] {subprocess.py:93} INFO - 26/06/17 11:00:56 WARN ResolveWriteToStream: spark.sql.adaptive.enabled is not supported in streaming DataFrames/Datasets and will be disabled.
[2026-06-17T11:00:58.410+0000] {subprocess.py:93} INFO - 26/06/17 11:00:58 WARN SparkStringUtils: Truncated the string representation of a plan since it was too large. This behavior can be adjusted by setting 'spark.sql.debug.maxToStringFields'.
[2026-06-17T11:01:59.260+0000] {subprocess.py:93} INFO - 26/06/17 11:01:59 WARN AdminClientConfig: These configurations '[key.deserializer, value.deserializer, enable.auto.commit, max.poll.records, auto.offset.reset]' were supplied but are not used yet.
[2026-06-17T11:01:59.261+0000] {subprocess.py:93} INFO - 26/06/17 11:01:59 WARN AdminClientConfig: These configurations '[key.deserializer, value.deserializer, enable.auto.commit, max.poll.records, auto.offset.reset]' were supplied but are not used yet.
[2026-06-17T11:02:03.812+0000] {subprocess.py:93} INFO - 26/06/17 11:02:03 WARN AdminClientConfig: These configurations '[key.deserializer, value.deserializer, enable.auto.commit, max.poll.records, auto.offset.reset]' were supplied but are not used yet.
[2026-06-17T11:02:07.156+0000] {subprocess.py:93} INFO - 26/06/17 11:02:07 ERROR MicroBatchExecution: Query [id = 247c4699-5aa5-4c31-b40c-9d642c75444d, runId = de61e463-a342-484e-a7a4-7e2675f7022e] terminated with error
[2026-06-17T11:02:07.158+0000] {subprocess.py:93} INFO - java.lang.IllegalStateException: SparkContext has been shutdown
[2026-06-17T11:02:07.159+0000] {subprocess.py:93} INFO - 	at org.apache.spark.SparkContext.runJob(SparkContext.scala:2390)
[2026-06-17T11:02:07.160+0000] {subprocess.py:93} INFO - 	at org.apache.spark.SparkContext.runJob(SparkContext.scala:2419)
[2026-06-17T11:02:07.161+0000] {subprocess.py:93} INFO - 	at org.apache.spark.SparkContext.runJob(SparkContext.scala:2438)
[2026-06-17T11:02:07.161+0000] {subprocess.py:93} INFO - 	at org.apache.spark.SparkContext.runJob(SparkContext.scala:2463)
[2026-06-17T11:02:07.164+0000] {subprocess.py:93} INFO - 	at org.apache.spark.rdd.RDD.$anonfun$collect$1(RDD.scala:1049)
[2026-06-17T11:02:07.166+0000] {subprocess.py:93} INFO - 	at org.apache.spark.rdd.RDDOperationScope$.withScope(RDDOperationScope.scala:151)
[2026-06-17T11:02:07.167+0000] {subprocess.py:93} INFO - 	at org.apache.spark.rdd.RDDOperationScope$.withScope(RDDOperationScope.scala:112)
[2026-06-17T11:02:07.171+0000] {subprocess.py:93} INFO - 	at org.apache.spark.rdd.RDD.withScope(RDD.scala:410)
[2026-06-17T11:02:07.172+0000] {subprocess.py:93} INFO - 	at org.apache.spark.rdd.RDD.collect(RDD.scala:1048)
[2026-06-17T11:02:07.173+0000] {subprocess.py:93} INFO - 	at org.apache.spark.sql.execution.SparkPlan.executeCollect(SparkPlan.scala:448)
[2026-06-17T11:02:07.175+0000] {subprocess.py:93} INFO - 	at org.apache.spark.sql.Dataset.collectFromPlan(Dataset.scala:4332)
[2026-06-17T11:02:07.178+0000] {subprocess.py:93} INFO - 	at org.apache.spark.sql.Dataset.$anonfun$head$1(Dataset.scala:3314)
[2026-06-17T11:02:07.182+0000] {subprocess.py:93} INFO - 	at org.apache.spark.sql.Dataset.$anonfun$withAction$2(Dataset.scala:4322)
[2026-06-17T11:02:07.183+0000] {subprocess.py:93} INFO - 	at org.apache.spark.sql.execution.QueryExecution$.withInternalError(QueryExecution.scala:546)
[2026-06-17T11:02:07.184+0000] {subprocess.py:93} INFO - 	at org.apache.spark.sql.Dataset.$anonfun$withAction$1(Dataset.scala:4320)
[2026-06-17T11:02:07.184+0000] {subprocess.py:93} INFO - 	at org.apache.spark.sql.execution.SQLExecution$.$anonfun$withNewExecutionId$6(SQLExecution.scala:125)
[2026-06-17T11:02:07.185+0000] {subprocess.py:93} INFO - 	at org.apache.spark.sql.execution.SQLExecution$.withSQLConfPropagated(SQLExecution.scala:201)
[2026-06-17T11:02:07.190+0000] {subprocess.py:93} INFO - 	at org.apache.spark.sql.execution.SQLExecution$.$anonfun$withNewExecutionId$1(SQLExecution.scala:108)
[2026-06-17T11:02:07.191+0000] {subprocess.py:93} INFO - 	at org.apache.spark.sql.SparkSession.withActive(SparkSession.scala:900)
[2026-06-17T11:02:07.191+0000] {subprocess.py:93} INFO - 	at org.apache.spark.sql.execution.SQLExecution$.withNewExecutionId(SQLExecution.scala:66)
[2026-06-17T11:02:07.192+0000] {subprocess.py:93} INFO - 	at org.apache.spark.sql.Dataset.withAction(Dataset.scala:4320)
[2026-06-17T11:02:07.193+0000] {subprocess.py:93} INFO - 	at org.apache.spark.sql.Dataset.head(Dataset.scala:3314)
[2026-06-17T11:02:07.194+0000] {subprocess.py:93} INFO - 	at org.apache.spark.sql.Dataset.head(Dataset.scala:3321)
[2026-06-17T11:02:07.195+0000] {subprocess.py:93} INFO - 	at org.apache.spark.sql.Dataset.first(Dataset.scala:3328)
[2026-06-17T11:02:07.196+0000] {subprocess.py:93} INFO - 	at org.apache.spark.sql.delta.SnapshotStateManager.$anonfun$extractComputedState$1(SnapshotState.scala:130)
[2026-06-17T11:02:07.197+0000] {subprocess.py:93} INFO - 	at org.apache.spark.sql.delta.metering.DeltaLogging.recordFrameProfile(DeltaLogging.scala:168)
[2026-06-17T11:02:07.198+0000] {subprocess.py:93} INFO - 	at org.apache.spark.sql.delta.metering.DeltaLogging.recordFrameProfile$(DeltaLogging.scala:166)
[2026-06-17T11:02:07.199+0000] {subprocess.py:93} INFO - 	at org.apache.spark.sql.delta.Snapshot.recordFrameProfile(Snapshot.scala:75)
[2026-06-17T11:02:07.202+0000] {subprocess.py:93} INFO - 	at org.apache.spark.sql.delta.SnapshotStateManager.extractComputedState(SnapshotState.scala:127)
[2026-06-17T11:02:07.203+0000] {subprocess.py:93} INFO - 	at org.apache.spark.sql.delta.SnapshotStateManager.extractComputedState$(SnapshotState.scala:126)
[2026-06-17T11:02:07.206+0000] {subprocess.py:93} INFO - 	at org.apache.spark.sql.delta.Snapshot.extractComputedState(Snapshot.scala:75)
[2026-06-17T11:02:07.209+0000] {subprocess.py:93} INFO - 	at org.apache.spark.sql.delta.SnapshotStateManager.$anonfun$computedState$2(SnapshotState.scala:80)
[2026-06-17T11:02:07.213+0000] {subprocess.py:93} INFO - 	at org.apache.spark.sql.delta.metering.DeltaLogging.recordFrameProfile(DeltaLogging.scala:168)
[2026-06-17T11:02:07.215+0000] {subprocess.py:93} INFO - 	at org.apache.spark.sql.delta.metering.DeltaLogging.recordFrameProfile$(DeltaLogging.scala:166)
[2026-06-17T11:02:07.216+0000] {subprocess.py:93} INFO - 	at org.apache.spark.sql.delta.Snapshot.recordFrameProfile(Snapshot.scala:75)
[2026-06-17T11:02:07.217+0000] {subprocess.py:93} INFO - 	at org.apache.spark.sql.delta.SnapshotStateManager.$anonfun$computedState$1(SnapshotState.scala:78)
[2026-06-17T11:02:07.221+0000] {subprocess.py:93} INFO - 	at org.apache.spark.sql.delta.util.DeltaProgressReporter.withJobDescription(DeltaProgressReporter.scala:53)
[2026-06-17T11:02:07.222+0000] {subprocess.py:93} INFO - 	at org.apache.spark.sql.delta.util.DeltaProgressReporter.withStatusCode(DeltaProgressReporter.scala:32)
[2026-06-17T11:02:07.226+0000] {subprocess.py:93} INFO - 	at org.apache.spark.sql.delta.util.DeltaProgressReporter.withStatusCode$(DeltaProgressReporter.scala:27)
[2026-06-17T11:02:07.227+0000] {subprocess.py:93} INFO - 	at org.apache.spark.sql.delta.Snapshot.withStatusCode(Snapshot.scala:75)
[2026-06-17T11:02:07.228+0000] {subprocess.py:93} INFO - 	at org.apache.spark.sql.delta.SnapshotStateManager.computedState(SnapshotState.scala:78)
[2026-06-17T11:02:07.229+0000] {subprocess.py:93} INFO - 	at org.apache.spark.sql.delta.SnapshotStateManager.computedState$(SnapshotState.scala:76)
[2026-06-17T11:02:07.230+0000] {subprocess.py:93} INFO - 	at org.apache.spark.sql.delta.Snapshot.computedState$lzycompute(Snapshot.scala:75)
[2026-06-17T11:02:07.231+0000] {subprocess.py:93} INFO - 	at org.apache.spark.sql.delta.Snapshot.computedState(Snapshot.scala:75)
[2026-06-17T11:02:07.232+0000] {subprocess.py:93} INFO - 	at org.apache.spark.sql.delta.SnapshotStateManager.setTransactions(SnapshotState.scala:163)
[2026-06-17T11:02:07.232+0000] {subprocess.py:93} INFO - 	at org.apache.spark.sql.delta.SnapshotStateManager.setTransactions$(SnapshotState.scala:163)
[2026-06-17T11:02:07.233+0000] {subprocess.py:93} INFO - 	at org.apache.spark.sql.delta.Snapshot.setTransactions(Snapshot.scala:75)
[2026-06-17T11:02:07.234+0000] {subprocess.py:93} INFO - 	at org.apache.spark.sql.delta.SnapshotStateManager.transactions(SnapshotState.scala:70)
[2026-06-17T11:02:07.236+0000] {subprocess.py:93} INFO - 	at org.apache.spark.sql.delta.SnapshotStateManager.transactions$(SnapshotState.scala:70)
[2026-06-17T11:02:07.237+0000] {subprocess.py:93} INFO - 	at org.apache.spark.sql.delta.Snapshot.transactions$lzycompute(Snapshot.scala:75)
[2026-06-17T11:02:07.238+0000] {subprocess.py:93} INFO - 	at org.apache.spark.sql.delta.Snapshot.transactions(Snapshot.scala:75)
[2026-06-17T11:02:07.239+0000] {subprocess.py:93} INFO - 	at org.apache.spark.sql.delta.OptimisticTransactionImpl.txnVersion(OptimisticTransaction.scala:870)
[2026-06-17T11:02:07.240+0000] {subprocess.py:93} INFO - 	at org.apache.spark.sql.delta.OptimisticTransactionImpl.txnVersion$(OptimisticTransaction.scala:868)
[2026-06-17T11:02:07.240+0000] {subprocess.py:93} INFO - 	at org.apache.spark.sql.delta.OptimisticTransaction.txnVersion(OptimisticTransaction.scala:147)
[2026-06-17T11:02:07.241+0000] {subprocess.py:93} INFO - 	at org.apache.spark.sql.delta.sources.DeltaSink.addBatchWithStatusImpl(DeltaSink.scala:126)
[2026-06-17T11:02:07.242+0000] {subprocess.py:93} INFO - 	at org.apache.spark.sql.delta.sources.DeltaSink.addBatch(DeltaSink.scala:97)
[2026-06-17T11:02:07.243+0000] {subprocess.py:93} INFO - 	at org.apache.spark.sql.execution.streaming.MicroBatchExecution.$anonfun$runBatch$17(MicroBatchExecution.scala:732)
[2026-06-17T11:02:07.244+0000] {subprocess.py:93} INFO - 	at org.apache.spark.sql.execution.SQLExecution$.$anonfun$withNewExecutionId$6(SQLExecution.scala:125)
[2026-06-17T11:02:07.246+0000] {subprocess.py:93} INFO - 	at org.apache.spark.sql.execution.SQLExecution$.withSQLConfPropagated(SQLExecution.scala:201)
[2026-06-17T11:02:07.247+0000] {subprocess.py:93} INFO - 	at org.apache.spark.sql.execution.SQLExecution$.$anonfun$withNewExecutionId$1(SQLExecution.scala:108)
[2026-06-17T11:02:07.248+0000] {subprocess.py:93} INFO - 	at org.apache.spark.sql.SparkSession.withActive(SparkSession.scala:900)
[2026-06-17T11:02:07.249+0000] {subprocess.py:93} INFO - 	at org.apache.spark.sql.execution.SQLExecution$.withNewExecutionId(SQLExecution.scala:66)
[2026-06-17T11:02:07.250+0000] {subprocess.py:93} INFO - 	at org.apache.spark.sql.execution.streaming.MicroBatchExecution.$anonfun$runBatch$16(MicroBatchExecution.scala:729)
[2026-06-17T11:02:07.253+0000] {subprocess.py:93} INFO - 	at org.apache.spark.sql.execution.streaming.ProgressReporter.reportTimeTaken(ProgressReporter.scala:427)
[2026-06-17T11:02:07.254+0000] {subprocess.py:93} INFO - 	at org.apache.spark.sql.execution.streaming.ProgressReporter.reportTimeTaken$(ProgressReporter.scala:425)
[2026-06-17T11:02:07.255+0000] {subprocess.py:93} INFO - 	at org.apache.spark.sql.execution.streaming.StreamExecution.reportTimeTaken(StreamExecution.scala:67)
[2026-06-17T11:02:07.258+0000] {subprocess.py:93} INFO - 	at org.apache.spark.sql.execution.streaming.MicroBatchExecution.runBatch(MicroBatchExecution.scala:729)
[2026-06-17T11:02:07.259+0000] {subprocess.py:93} INFO - 	at org.apache.spark.sql.execution.streaming.MicroBatchExecution.$anonfun$runActivatedStream$2(MicroBatchExecution.scala:286)
[2026-06-17T11:02:07.260+0000] {subprocess.py:93} INFO - 	at scala.runtime.java8.JFunction0$mcV$sp.apply(JFunction0$mcV$sp.java:23)
[2026-06-17T11:02:07.261+0000] {subprocess.py:93} INFO - 	at org.apache.spark.sql.execution.streaming.ProgressReporter.reportTimeTaken(ProgressReporter.scala:427)
[2026-06-17T11:02:07.262+0000] {subprocess.py:93} INFO - 	at org.apache.spark.sql.execution.streaming.ProgressReporter.reportTimeTaken$(ProgressReporter.scala:425)
[2026-06-17T11:02:07.263+0000] {subprocess.py:93} INFO - 	at org.apache.spark.sql.execution.streaming.StreamExecution.reportTimeTaken(StreamExecution.scala:67)
[2026-06-17T11:02:07.264+0000] {subprocess.py:93} INFO - 	at org.apache.spark.sql.execution.streaming.MicroBatchExecution.$anonfun$runActivatedStream$1(MicroBatchExecution.scala:249)
[2026-06-17T11:02:07.265+0000] {subprocess.py:93} INFO - 	at org.apache.spark.sql.execution.streaming.ProcessingTimeExecutor.execute(TriggerExecutor.scala:67)
[2026-06-17T11:02:07.266+0000] {subprocess.py:93} INFO - 	at org.apache.spark.sql.execution.streaming.MicroBatchExecution.runActivatedStream(MicroBatchExecution.scala:239)
[2026-06-17T11:02:07.267+0000] {subprocess.py:93} INFO - 	at org.apache.spark.sql.execution.streaming.StreamExecution.$anonfun$runStream$1(StreamExecution.scala:311)
[2026-06-17T11:02:07.267+0000] {subprocess.py:93} INFO - 	at scala.runtime.java8.JFunction0$mcV$sp.apply(JFunction0$mcV$sp.java:23)
[2026-06-17T11:02:07.268+0000] {subprocess.py:93} INFO - 	at org.apache.spark.sql.SparkSession.withActive(SparkSession.scala:900)
[2026-06-17T11:02:07.274+0000] {subprocess.py:93} INFO - 	at org.apache.spark.sql.execution.streaming.StreamExecution.org$apache$spark$sql$execution$streaming$StreamExecution$$runStream(StreamExecution.scala:289)
[2026-06-17T11:02:07.275+0000] {subprocess.py:93} INFO - 	at org.apache.spark.sql.execution.streaming.StreamExecution$$anon$1.$anonfun$run$1(StreamExecution.scala:211)
[2026-06-17T11:02:07.278+0000] {subprocess.py:93} INFO - 	at scala.runtime.java8.JFunction0$mcV$sp.apply(JFunction0$mcV$sp.java:23)
[2026-06-17T11:02:07.279+0000] {subprocess.py:93} INFO - 	at org.apache.spark.JobArtifactSet$.withActiveJobArtifactState(JobArtifactSet.scala:94)
[2026-06-17T11:02:07.280+0000] {subprocess.py:93} INFO - 	at org.apache.spark.sql.execution.streaming.StreamExecution$$anon$1.run(StreamExecution.scala:211)
[2026-06-17T11:02:07.281+0000] {subprocess.py:93} INFO - 26/06/17 11:02:07 ERROR MicroBatchExecution: Query [id = 4a8fb13c-ad7e-4bd5-b0b9-72c0fa063146, runId = f03f078c-62f0-423b-87de-09eac18cbe5e] terminated with error
[2026-06-17T11:02:07.283+0000] {subprocess.py:93} INFO - java.lang.IllegalStateException: Cannot call methods on a stopped SparkContext.
[2026-06-17T11:02:07.284+0000] {subprocess.py:93} INFO - This stopped SparkContext was created at:
[2026-06-17T11:02:07.285+0000] {subprocess.py:93} INFO - 
[2026-06-17T11:02:07.287+0000] {subprocess.py:93} INFO - org.apache.spark.api.java.JavaSparkContext.<init>(JavaSparkContext.scala:58)
[2026-06-17T11:02:07.288+0000] {subprocess.py:93} INFO - java.base/jdk.internal.reflect.NativeConstructorAccessorImpl.newInstance0(Native Method)
[2026-06-17T11:02:07.289+0000] {subprocess.py:93} INFO - java.base/jdk.internal.reflect.NativeConstructorAccessorImpl.newInstance(Unknown Source)
[2026-06-17T11:02:07.290+0000] {subprocess.py:93} INFO - java.base/jdk.internal.reflect.DelegatingConstructorAccessorImpl.newInstance(Unknown Source)
[2026-06-17T11:02:07.291+0000] {subprocess.py:93} INFO - java.base/java.lang.reflect.Constructor.newInstance(Unknown Source)
[2026-06-17T11:02:07.291+0000] {subprocess.py:93} INFO - py4j.reflection.MethodInvoker.invoke(MethodInvoker.java:247)
[2026-06-17T11:02:07.292+0000] {subprocess.py:93} INFO - py4j.reflection.ReflectionEngine.invoke(ReflectionEngine.java:374)
[2026-06-17T11:02:07.293+0000] {subprocess.py:93} INFO - py4j.Gateway.invoke(Gateway.java:238)
[2026-06-17T11:02:07.295+0000] {subprocess.py:93} INFO - py4j.commands.ConstructorCommand.invokeConstructor(ConstructorCommand.java:80)
[2026-06-17T11:02:07.296+0000] {subprocess.py:93} INFO - py4j.commands.ConstructorCommand.execute(ConstructorCommand.java:69)
[2026-06-17T11:02:07.297+0000] {subprocess.py:93} INFO - py4j.ClientServerConnection.waitForCommands(ClientServerConnection.java:182)
[2026-06-17T11:02:07.298+0000] {subprocess.py:93} INFO - py4j.ClientServerConnection.run(ClientServerConnection.java:106)
[2026-06-17T11:02:07.299+0000] {subprocess.py:93} INFO - java.base/java.lang.Thread.run(Unknown Source)
[2026-06-17T11:02:07.300+0000] {subprocess.py:93} INFO - 
[2026-06-17T11:02:07.301+0000] {subprocess.py:93} INFO - The currently active SparkContext was created at:
[2026-06-17T11:02:07.302+0000] {subprocess.py:93} INFO - 
[2026-06-17T11:02:07.303+0000] {subprocess.py:93} INFO - org.apache.spark.api.java.JavaSparkContext.<init>(JavaSparkContext.scala:58)
[2026-06-17T11:02:07.304+0000] {subprocess.py:93} INFO - java.base/jdk.internal.reflect.NativeConstructorAccessorImpl.newInstance0(Native Method)
[2026-06-17T11:02:07.304+0000] {subprocess.py:93} INFO - java.base/jdk.internal.reflect.NativeConstructorAccessorImpl.newInstance(Unknown Source)
[2026-06-17T11:02:07.305+0000] {subprocess.py:93} INFO - java.base/jdk.internal.reflect.DelegatingConstructorAccessorImpl.newInstance(Unknown Source)
[2026-06-17T11:02:07.308+0000] {subprocess.py:93} INFO - java.base/java.lang.reflect.Constructor.newInstance(Unknown Source)
[2026-06-17T11:02:07.309+0000] {subprocess.py:93} INFO - py4j.reflection.MethodInvoker.invoke(MethodInvoker.java:247)
[2026-06-17T11:02:07.310+0000] {subprocess.py:93} INFO - py4j.reflection.ReflectionEngine.invoke(ReflectionEngine.java:374)
[2026-06-17T11:02:07.311+0000] {subprocess.py:93} INFO - py4j.Gateway.invoke(Gateway.java:238)
[2026-06-17T11:02:07.312+0000] {subprocess.py:93} INFO - py4j.commands.ConstructorCommand.invokeConstructor(ConstructorCommand.java:80)
[2026-06-17T11:02:07.313+0000] {subprocess.py:93} INFO - py4j.commands.ConstructorCommand.execute(ConstructorCommand.java:69)
[2026-06-17T11:02:07.317+0000] {subprocess.py:93} INFO - py4j.ClientServerConnection.waitForCommands(ClientServerConnection.java:182)
[2026-06-17T11:02:07.318+0000] {subprocess.py:93} INFO - py4j.ClientServerConnection.run(ClientServerConnection.java:106)
[2026-06-17T11:02:07.322+0000] {subprocess.py:93} INFO - java.base/java.lang.Thread.run(Unknown Source)
[2026-06-17T11:02:07.323+0000] {subprocess.py:93} INFO - 
[2026-06-17T11:02:07.324+0000] {subprocess.py:93} INFO - 	at org.apache.spark.SparkContext.assertNotStopped(SparkContext.scala:122)
[2026-06-17T11:02:07.325+0000] {subprocess.py:93} INFO - 	at org.apache.spark.SparkContext.defaultParallelism(SparkContext.scala:2707)
[2026-06-17T11:02:07.325+0000] {subprocess.py:93} INFO - 	at org.apache.spark.sql.execution.adaptive.CoalesceShufflePartitions.$anonfun$apply$1(CoalesceShufflePartitions.scala:61)
[2026-06-17T11:02:07.326+0000] {subprocess.py:93} INFO - 	at scala.runtime.java8.JFunction0$mcI$sp.apply(JFunction0$mcI$sp.java:23)
[2026-06-17T11:02:07.327+0000] {subprocess.py:93} INFO - 	at scala.Option.getOrElse(Option.scala:189)
[2026-06-17T11:02:07.328+0000] {subprocess.py:93} INFO - 	at org.apache.spark.sql.execution.adaptive.CoalesceShufflePartitions.apply(CoalesceShufflePartitions.scala:58)
[2026-06-17T11:02:07.329+0000] {subprocess.py:93} INFO - 	at org.apache.spark.sql.execution.adaptive.CoalesceShufflePartitions.apply(CoalesceShufflePartitions.scala:34)
[2026-06-17T11:02:07.329+0000] {subprocess.py:93} INFO - 	at org.apache.spark.sql.execution.adaptive.AdaptiveSparkPlanExec.$anonfun$optimizeQueryStage$2(AdaptiveSparkPlanExec.scala:169)
[2026-06-17T11:02:07.330+0000] {subprocess.py:93} INFO - 	at scala.collection.LinearSeqOptimized.foldLeft(LinearSeqOptimized.scala:126)
[2026-06-17T11:02:07.331+0000] {subprocess.py:93} INFO - 	at scala.collection.LinearSeqOptimized.foldLeft$(LinearSeqOptimized.scala:122)
[2026-06-17T11:02:07.332+0000] {subprocess.py:93} INFO - 	at scala.collection.immutable.List.foldLeft(List.scala:91)
[2026-06-17T11:02:07.333+0000] {subprocess.py:93} INFO - 	at org.apache.spark.sql.execution.adaptive.AdaptiveSparkPlanExec.optimizeQueryStage(AdaptiveSparkPlanExec.scala:168)
[2026-06-17T11:02:07.334+0000] {subprocess.py:93} INFO - 	at org.apache.spark.sql.execution.adaptive.AdaptiveSparkPlanExec.newQueryStage(AdaptiveSparkPlanExec.scala:588)
[2026-06-17T11:02:07.335+0000] {subprocess.py:93} INFO - 	at org.apache.spark.sql.execution.adaptive.AdaptiveSparkPlanExec.createQueryStages(AdaptiveSparkPlanExec.scala:538)
[2026-06-17T11:02:07.336+0000] {subprocess.py:93} INFO - 	at org.apache.spark.sql.execution.adaptive.AdaptiveSparkPlanExec.$anonfun$createQueryStages$2(AdaptiveSparkPlanExec.scala:577)
[2026-06-17T11:02:07.337+0000] {subprocess.py:93} INFO - 	at scala.collection.TraversableLike.$anonfun$map$1(TraversableLike.scala:286)
[2026-06-17T11:02:07.337+0000] {subprocess.py:93} INFO - 	at scala.collection.Iterator.foreach(Iterator.scala:943)
[2026-06-17T11:02:07.338+0000] {subprocess.py:93} INFO - 	at scala.collection.Iterator.foreach$(Iterator.scala:943)
[2026-06-17T11:02:07.339+0000] {subprocess.py:93} INFO - 	at scala.collection.AbstractIterator.foreach(Iterator.scala:1431)
[2026-06-17T11:02:07.340+0000] {subprocess.py:93} INFO - 	at scala.collection.IterableLike.foreach(IterableLike.scala:74)
[2026-06-17T11:02:07.340+0000] {subprocess.py:93} INFO - 	at scala.collection.IterableLike.foreach$(IterableLike.scala:73)
[2026-06-17T11:02:07.341+0000] {subprocess.py:93} INFO - 	at scala.collection.AbstractIterable.foreach(Iterable.scala:56)
[2026-06-17T11:02:07.342+0000] {subprocess.py:93} INFO - 	at scala.collection.TraversableLike.map(TraversableLike.scala:286)
[2026-06-17T11:02:07.343+0000] {subprocess.py:93} INFO - 	at scala.collection.TraversableLike.map$(TraversableLike.scala:279)
[2026-06-17T11:02:07.343+0000] {subprocess.py:93} INFO - 	at scala.collection.AbstractTraversable.map(Traversable.scala:108)
[2026-06-17T11:02:07.344+0000] {subprocess.py:93} INFO - 	at org.apache.spark.sql.execution.adaptive.AdaptiveSparkPlanExec.createQueryStages(AdaptiveSparkPlanExec.scala:577)
[2026-06-17T11:02:07.345+0000] {subprocess.py:93} INFO - 	at org.apache.spark.sql.execution.adaptive.AdaptiveSparkPlanExec.$anonfun$getFinalPhysicalPlan$1(AdaptiveSparkPlanExec.scala:277)
[2026-06-17T11:02:07.346+0000] {subprocess.py:93} INFO - 	at org.apache.spark.sql.SparkSession.withActive(SparkSession.scala:900)
[2026-06-17T11:02:07.347+0000] {subprocess.py:93} INFO - 	at org.apache.spark.sql.execution.adaptive.AdaptiveSparkPlanExec.getFinalPhysicalPlan(AdaptiveSparkPlanExec.scala:272)
[2026-06-17T11:02:07.348+0000] {subprocess.py:93} INFO - 	at org.apache.spark.sql.execution.adaptive.AdaptiveSparkPlanExec.withFinalPlanUpdate(AdaptiveSparkPlanExec.scala:417)
[2026-06-17T11:02:07.349+0000] {subprocess.py:93} INFO - 	at org.apache.spark.sql.execution.adaptive.AdaptiveSparkPlanExec.executeCollect(AdaptiveSparkPlanExec.scala:390)
[2026-06-17T11:02:07.350+0000] {subprocess.py:93} INFO - 	at org.apache.spark.sql.Dataset.collectFromPlan(Dataset.scala:4332)
[2026-06-17T11:02:07.351+0000] {subprocess.py:93} INFO - 	at org.apache.spark.sql.Dataset.$anonfun$head$1(Dataset.scala:3314)
[2026-06-17T11:02:07.352+0000] {subprocess.py:93} INFO - 	at org.apache.spark.sql.Dataset.$anonfun$withAction$2(Dataset.scala:4322)
[2026-06-17T11:02:07.353+0000] {subprocess.py:93} INFO - 	at org.apache.spark.sql.execution.QueryExecution$.withInternalError(QueryExecution.scala:546)
[2026-06-17T11:02:07.353+0000] {subprocess.py:93} INFO - 	at org.apache.spark.sql.Dataset.$anonfun$withAction$1(Dataset.scala:4320)
[2026-06-17T11:02:07.354+0000] {subprocess.py:93} INFO - 	at org.apache.spark.sql.execution.SQLExecution$.$anonfun$withNewExecutionId$6(SQLExecution.scala:125)
[2026-06-17T11:02:07.355+0000] {subprocess.py:93} INFO - 	at org.apache.spark.sql.execution.SQLExecution$.withSQLConfPropagated(SQLExecution.scala:201)
[2026-06-17T11:02:07.356+0000] {subprocess.py:93} INFO - 	at org.apache.spark.sql.execution.SQLExecution$.$anonfun$withNewExecutionId$1(SQLExecution.scala:108)
[2026-06-17T11:02:07.356+0000] {subprocess.py:93} INFO - 	at org.apache.spark.sql.SparkSession.withActive(SparkSession.scala:900)
[2026-06-17T11:02:07.357+0000] {subprocess.py:93} INFO - 	at org.apache.spark.sql.execution.SQLExecution$.withNewExecutionId(SQLExecution.scala:66)
[2026-06-17T11:02:07.358+0000] {subprocess.py:93} INFO - 	at org.apache.spark.sql.Dataset.withAction(Dataset.scala:4320)
[2026-06-17T11:02:07.359+0000] {subprocess.py:93} INFO - 	at org.apache.spark.sql.Dataset.head(Dataset.scala:3314)
[2026-06-17T11:02:07.359+0000] {subprocess.py:93} INFO - 	at org.apache.spark.sql.Dataset.head(Dataset.scala:3321)
[2026-06-17T11:02:07.360+0000] {subprocess.py:93} INFO - 	at org.apache.spark.sql.Dataset.first(Dataset.scala:3328)
[2026-06-17T11:02:07.361+0000] {subprocess.py:93} INFO - 	at org.apache.spark.sql.delta.SnapshotStateManager.$anonfun$extractComputedState$1(SnapshotState.scala:130)
[2026-06-17T11:02:07.361+0000] {subprocess.py:93} INFO - 	at org.apache.spark.sql.delta.metering.DeltaLogging.recordFrameProfile(DeltaLogging.scala:168)
[2026-06-17T11:02:07.362+0000] {subprocess.py:93} INFO - 	at org.apache.spark.sql.delta.metering.DeltaLogging.recordFrameProfile$(DeltaLogging.scala:166)
[2026-06-17T11:02:07.363+0000] {subprocess.py:93} INFO - 	at org.apache.spark.sql.delta.Snapshot.recordFrameProfile(Snapshot.scala:75)
[2026-06-17T11:02:07.364+0000] {subprocess.py:93} INFO - 	at org.apache.spark.sql.delta.SnapshotStateManager.extractComputedState(SnapshotState.scala:127)
[2026-06-17T11:02:07.365+0000] {subprocess.py:93} INFO - 	at org.apache.spark.sql.delta.SnapshotStateManager.extractComputedState$(SnapshotState.scala:126)
[2026-06-17T11:02:07.367+0000] {subprocess.py:93} INFO - 	at org.apache.spark.sql.delta.Snapshot.extractComputedState(Snapshot.scala:75)
[2026-06-17T11:02:07.369+0000] {subprocess.py:93} INFO - 	at org.apache.spark.sql.delta.SnapshotStateManager.$anonfun$computedState$2(SnapshotState.scala:80)
[2026-06-17T11:02:07.371+0000] {subprocess.py:93} INFO - 	at org.apache.spark.sql.delta.metering.DeltaLogging.recordFrameProfile(DeltaLogging.scala:168)
[2026-06-17T11:02:07.373+0000] {subprocess.py:93} INFO - 	at org.apache.spark.sql.delta.metering.DeltaLogging.recordFrameProfile$(DeltaLogging.scala:166)
[2026-06-17T11:02:07.374+0000] {subprocess.py:93} INFO - 	at org.apache.spark.sql.delta.Snapshot.recordFrameProfile(Snapshot.scala:75)
[2026-06-17T11:02:07.377+0000] {subprocess.py:93} INFO - 	at org.apache.spark.sql.delta.SnapshotStateManager.$anonfun$computedState$1(SnapshotState.scala:78)
[2026-06-17T11:02:07.378+0000] {subprocess.py:93} INFO - 	at org.apache.spark.sql.delta.util.DeltaProgressReporter.withJobDescription(DeltaProgressReporter.scala:53)
[2026-06-17T11:02:07.379+0000] {subprocess.py:93} INFO - 	at org.apache.spark.sql.delta.util.DeltaProgressReporter.withStatusCode(DeltaProgressReporter.scala:32)
[2026-06-17T11:02:07.380+0000] {subprocess.py:93} INFO - 	at org.apache.spark.sql.delta.util.DeltaProgressReporter.withStatusCode$(DeltaProgressReporter.scala:27)
[2026-06-17T11:02:07.380+0000] {subprocess.py:93} INFO - 	at org.apache.spark.sql.delta.Snapshot.withStatusCode(Snapshot.scala:75)
[2026-06-17T11:02:07.381+0000] {subprocess.py:93} INFO - 	at org.apache.spark.sql.delta.SnapshotStateManager.computedState(SnapshotState.scala:78)
[2026-06-17T11:02:07.382+0000] {subprocess.py:93} INFO - 	at org.apache.spark.sql.delta.SnapshotStateManager.computedState$(SnapshotState.scala:76)
[2026-06-17T11:02:07.383+0000] {subprocess.py:93} INFO - 	at org.apache.spark.sql.delta.Snapshot.computedState$lzycompute(Snapshot.scala:75)
[2026-06-17T11:02:07.384+0000] {subprocess.py:93} INFO - 	at org.apache.spark.sql.delta.Snapshot.computedState(Snapshot.scala:75)
[2026-06-17T11:02:07.385+0000] {subprocess.py:93} INFO - 	at org.apache.spark.sql.delta.SnapshotStateManager.setTransactions(SnapshotState.scala:163)
[2026-06-17T11:02:07.385+0000] {subprocess.py:93} INFO - 	at org.apache.spark.sql.delta.SnapshotStateManager.setTransactions$(SnapshotState.scala:163)
[2026-06-17T11:02:07.386+0000] {subprocess.py:93} INFO - 	at org.apache.spark.sql.delta.Snapshot.setTransactions(Snapshot.scala:75)
[2026-06-17T11:02:07.387+0000] {subprocess.py:93} INFO - 	at org.apache.spark.sql.delta.SnapshotStateManager.transactions(SnapshotState.scala:70)
[2026-06-17T11:02:07.388+0000] {subprocess.py:93} INFO - 	at org.apache.spark.sql.delta.SnapshotStateManager.transactions$(SnapshotState.scala:70)
[2026-06-17T11:02:07.388+0000] {subprocess.py:93} INFO - 	at org.apache.spark.sql.delta.Snapshot.transactions$lzycompute(Snapshot.scala:75)
[2026-06-17T11:02:07.389+0000] {subprocess.py:93} INFO - 	at org.apache.spark.sql.delta.Snapshot.transactions(Snapshot.scala:75)
[2026-06-17T11:02:07.390+0000] {subprocess.py:93} INFO - 	at org.apache.spark.sql.delta.OptimisticTransactionImpl.txnVersion(OptimisticTransaction.scala:870)
[2026-06-17T11:02:07.391+0000] {subprocess.py:93} INFO - 	at org.apache.spark.sql.delta.OptimisticTransactionImpl.txnVersion$(OptimisticTransaction.scala:868)
[2026-06-17T11:02:07.392+0000] {subprocess.py:93} INFO - 	at org.apache.spark.sql.delta.OptimisticTransaction.txnVersion(OptimisticTransaction.scala:147)
[2026-06-17T11:02:07.392+0000] {subprocess.py:93} INFO - 	at org.apache.spark.sql.delta.sources.DeltaSink.addBatchWithStatusImpl(DeltaSink.scala:126)
[2026-06-17T11:02:07.393+0000] {subprocess.py:93} INFO - 	at org.apache.spark.sql.delta.sources.DeltaSink.addBatch(DeltaSink.scala:97)
[2026-06-17T11:02:07.394+0000] {subprocess.py:93} INFO - 	at org.apache.spark.sql.execution.streaming.MicroBatchExecution.$anonfun$runBatch$17(MicroBatchExecution.scala:732)
[2026-06-17T11:02:07.395+0000] {subprocess.py:93} INFO - 	at org.apache.spark.sql.execution.SQLExecution$.$anonfun$withNewExecutionId$6(SQLExecution.scala:125)
[2026-06-17T11:02:07.395+0000] {subprocess.py:93} INFO - 	at org.apache.spark.sql.execution.SQLExecution$.withSQLConfPropagated(SQLExecution.scala:201)
[2026-06-17T11:02:07.396+0000] {subprocess.py:93} INFO - 	at org.apache.spark.sql.execution.SQLExecution$.$anonfun$withNewExecutionId$1(SQLExecution.scala:108)
[2026-06-17T11:02:07.397+0000] {subprocess.py:93} INFO - 	at org.apache.spark.sql.SparkSession.withActive(SparkSession.scala:900)
[2026-06-17T11:02:07.398+0000] {subprocess.py:93} INFO - 	at org.apache.spark.sql.execution.SQLExecution$.withNewExecutionId(SQLExecution.scala:66)
[2026-06-17T11:02:07.400+0000] {subprocess.py:93} INFO - 	at org.apache.spark.sql.execution.streaming.MicroBatchExecution.$anonfun$runBatch$16(MicroBatchExecution.scala:729)
[2026-06-17T11:02:07.401+0000] {subprocess.py:93} INFO - 	at org.apache.spark.sql.execution.streaming.ProgressReporter.reportTimeTaken(ProgressReporter.scala:427)
[2026-06-17T11:02:07.402+0000] {subprocess.py:93} INFO - 	at org.apache.spark.sql.execution.streaming.ProgressReporter.reportTimeTaken$(ProgressReporter.scala:425)
[2026-06-17T11:02:07.402+0000] {subprocess.py:93} INFO - 	at org.apache.spark.sql.execution.streaming.StreamExecution.reportTimeTaken(StreamExecution.scala:67)
[2026-06-17T11:02:07.403+0000] {subprocess.py:93} INFO - 	at org.apache.spark.sql.execution.streaming.MicroBatchExecution.runBatch(MicroBatchExecution.scala:729)
[2026-06-17T11:02:07.404+0000] {subprocess.py:93} INFO - 	at org.apache.spark.sql.execution.streaming.MicroBatchExecution.$anonfun$runActivatedStream$2(MicroBatchExecution.scala:286)
[2026-06-17T11:02:07.404+0000] {subprocess.py:93} INFO - 	at scala.runtime.java8.JFunction0$mcV$sp.apply(JFunction0$mcV$sp.java:23)
[2026-06-17T11:02:07.405+0000] {subprocess.py:93} INFO - 	at org.apache.spark.sql.execution.streaming.ProgressReporter.reportTimeTaken(ProgressReporter.scala:427)
[2026-06-17T11:02:07.405+0000] {subprocess.py:93} INFO - 	at org.apache.spark.sql.execution.streaming.ProgressReporter.reportTimeTaken$(ProgressReporter.scala:425)
[2026-06-17T11:02:07.406+0000] {subprocess.py:93} INFO - 	at org.apache.spark.sql.execution.streaming.StreamExecution.reportTimeTaken(StreamExecution.scala:67)
[2026-06-17T11:02:07.407+0000] {subprocess.py:93} INFO - 	at org.apache.spark.sql.execution.streaming.MicroBatchExecution.$anonfun$runActivatedStream$1(MicroBatchExecution.scala:249)
[2026-06-17T11:02:07.407+0000] {subprocess.py:93} INFO - 	at org.apache.spark.sql.execution.streaming.ProcessingTimeExecutor.execute(TriggerExecutor.scala:67)
[2026-06-17T11:02:07.408+0000] {subprocess.py:93} INFO - 	at org.apache.spark.sql.execution.streaming.MicroBatchExecution.runActivatedStream(MicroBatchExecution.scala:239)
[2026-06-17T11:02:07.408+0000] {subprocess.py:93} INFO - 	at org.apache.spark.sql.execution.streaming.StreamExecution.$anonfun$runStream$1(StreamExecution.scala:311)
[2026-06-17T11:02:07.409+0000] {subprocess.py:93} INFO - 	at scala.runtime.java8.JFunction0$mcV$sp.apply(JFunction0$mcV$sp.java:23)
[2026-06-17T11:02:07.409+0000] {subprocess.py:93} INFO - 	at org.apache.spark.sql.SparkSession.withActive(SparkSession.scala:900)
[2026-06-17T11:02:07.410+0000] {subprocess.py:93} INFO - 	at org.apache.spark.sql.execution.streaming.StreamExecution.org$apache$spark$sql$execution$streaming$StreamExecution$$runStream(StreamExecution.scala:289)
[2026-06-17T11:02:07.410+0000] {subprocess.py:93} INFO - 	at org.apache.spark.sql.execution.streaming.StreamExecution$$anon$1.$anonfun$run$1(StreamExecution.scala:211)
[2026-06-17T11:02:07.411+0000] {subprocess.py:93} INFO - 	at scala.runtime.java8.JFunction0$mcV$sp.apply(JFunction0$mcV$sp.java:23)
[2026-06-17T11:02:07.411+0000] {subprocess.py:93} INFO - 	at org.apache.spark.JobArtifactSet$.withActiveJobArtifactState(JobArtifactSet.scala:94)
[2026-06-17T11:02:07.412+0000] {subprocess.py:93} INFO - 	at org.apache.spark.sql.execution.streaming.StreamExecution$$anon$1.run(StreamExecution.scala:211)
[2026-06-17T11:02:07.413+0000] {subprocess.py:93} INFO - 26/06/17 11:02:07 ERROR MicroBatchExecution: Query [id = 9401f051-375d-4d50-9d98-cc67e7758517, runId = 3c4fbd6f-4c95-4b50-a5a4-4a5dc318ccc6] terminated with error
[2026-06-17T11:02:07.413+0000] {subprocess.py:93} INFO - java.lang.IllegalStateException: Cannot call methods on a stopped SparkContext.
[2026-06-17T11:02:07.414+0000] {subprocess.py:93} INFO - This stopped SparkContext was created at:
[2026-06-17T11:02:07.414+0000] {subprocess.py:93} INFO - 
[2026-06-17T11:02:07.415+0000] {subprocess.py:93} INFO - org.apache.spark.api.java.JavaSparkContext.<init>(JavaSparkContext.scala:58)
[2026-06-17T11:02:07.415+0000] {subprocess.py:93} INFO - java.base/jdk.internal.reflect.NativeConstructorAccessorImpl.newInstance0(Native Method)
[2026-06-17T11:02:07.416+0000] {subprocess.py:93} INFO - java.base/jdk.internal.reflect.NativeConstructorAccessorImpl.newInstance(Unknown Source)
[2026-06-17T11:02:07.416+0000] {subprocess.py:93} INFO - java.base/jdk.internal.reflect.DelegatingConstructorAccessorImpl.newInstance(Unknown Source)
[2026-06-17T11:02:07.417+0000] {subprocess.py:93} INFO - java.base/java.lang.reflect.Constructor.newInstance(Unknown Source)
[2026-06-17T11:02:07.418+0000] {subprocess.py:93} INFO - py4j.reflection.MethodInvoker.invoke(MethodInvoker.java:247)
[2026-06-17T11:02:07.419+0000] {subprocess.py:93} INFO - py4j.reflection.ReflectionEngine.invoke(ReflectionEngine.java:374)
[2026-06-17T11:02:07.419+0000] {subprocess.py:93} INFO - py4j.Gateway.invoke(Gateway.java:238)
[2026-06-17T11:02:07.420+0000] {subprocess.py:93} INFO - py4j.commands.ConstructorCommand.invokeConstructor(ConstructorCommand.java:80)
[2026-06-17T11:02:07.421+0000] {subprocess.py:93} INFO - py4j.commands.ConstructorCommand.execute(ConstructorCommand.java:69)
[2026-06-17T11:02:07.421+0000] {subprocess.py:93} INFO - py4j.ClientServerConnection.waitForCommands(ClientServerConnection.java:182)
[2026-06-17T11:02:07.422+0000] {subprocess.py:93} INFO - py4j.ClientServerConnection.run(ClientServerConnection.java:106)
[2026-06-17T11:02:07.422+0000] {subprocess.py:93} INFO - java.base/java.lang.Thread.run(Unknown Source)
[2026-06-17T11:02:07.423+0000] {subprocess.py:93} INFO - 
[2026-06-17T11:02:07.423+0000] {subprocess.py:93} INFO - The currently active SparkContext was created at:
[2026-06-17T11:02:07.424+0000] {subprocess.py:93} INFO - 
[2026-06-17T11:02:07.424+0000] {subprocess.py:93} INFO - org.apache.spark.api.java.JavaSparkContext.<init>(JavaSparkContext.scala:58)
[2026-06-17T11:02:07.425+0000] {subprocess.py:93} INFO - java.base/jdk.internal.reflect.NativeConstructorAccessorImpl.newInstance0(Native Method)
[2026-06-17T11:02:07.425+0000] {subprocess.py:93} INFO - java.base/jdk.internal.reflect.NativeConstructorAccessorImpl.newInstance(Unknown Source)
[2026-06-17T11:02:07.426+0000] {subprocess.py:93} INFO - java.base/jdk.internal.reflect.DelegatingConstructorAccessorImpl.newInstance(Unknown Source)
[2026-06-17T11:02:07.426+0000] {subprocess.py:93} INFO - java.base/java.lang.reflect.Constructor.newInstance(Unknown Source)
[2026-06-17T11:02:07.427+0000] {subprocess.py:93} INFO - py4j.reflection.MethodInvoker.invoke(MethodInvoker.java:247)
[2026-06-17T11:02:07.427+0000] {subprocess.py:93} INFO - py4j.reflection.ReflectionEngine.invoke(ReflectionEngine.java:374)
[2026-06-17T11:02:07.428+0000] {subprocess.py:93} INFO - py4j.Gateway.invoke(Gateway.java:238)
[2026-06-17T11:02:07.428+0000] {subprocess.py:93} INFO - py4j.commands.ConstructorCommand.invokeConstructor(ConstructorCommand.java:80)
[2026-06-17T11:02:07.429+0000] {subprocess.py:93} INFO - py4j.commands.ConstructorCommand.execute(ConstructorCommand.java:69)
[2026-06-17T11:02:07.429+0000] {subprocess.py:93} INFO - py4j.ClientServerConnection.waitForCommands(ClientServerConnection.java:182)
[2026-06-17T11:02:07.430+0000] {subprocess.py:93} INFO - py4j.ClientServerConnection.run(ClientServerConnection.java:106)
[2026-06-17T11:02:07.430+0000] {subprocess.py:93} INFO - java.base/java.lang.Thread.run(Unknown Source)
[2026-06-17T11:02:07.431+0000] {subprocess.py:93} INFO - 
[2026-06-17T11:02:07.431+0000] {subprocess.py:93} INFO - 	at org.apache.spark.SparkContext.assertNotStopped(SparkContext.scala:122)
[2026-06-17T11:02:07.432+0000] {subprocess.py:93} INFO - 	at org.apache.spark.SparkContext.broadcastInternal(SparkContext.scala:1659)
[2026-06-17T11:02:07.432+0000] {subprocess.py:93} INFO - 	at org.apache.spark.SparkContext.broadcast(SparkContext.scala:1644)
[2026-06-17T11:02:07.432+0000] {subprocess.py:93} INFO - 	at org.apache.spark.sql.execution.datasources.json.JsonFileFormat.buildReader(JsonFileFormat.scala:99)
[2026-06-17T11:02:07.433+0000] {subprocess.py:93} INFO - 	at org.apache.spark.sql.execution.datasources.FileFormat.buildReaderWithPartitionValues(FileFormat.scala:138)
[2026-06-17T11:02:07.433+0000] {subprocess.py:93} INFO - 	at org.apache.spark.sql.execution.datasources.FileFormat.buildReaderWithPartitionValues$(FileFormat.scala:129)
[2026-06-17T11:02:07.434+0000] {subprocess.py:93} INFO - 	at org.apache.spark.sql.execution.datasources.TextBasedFileFormat.buildReaderWithPartitionValues(FileFormat.scala:346)
[2026-06-17T11:02:07.434+0000] {subprocess.py:93} INFO - 	at org.apache.spark.sql.execution.FileSourceScanExec.inputRDD$lzycompute(DataSourceScanExec.scala:548)
[2026-06-17T11:02:07.435+0000] {subprocess.py:93} INFO - 	at org.apache.spark.sql.execution.FileSourceScanExec.inputRDD(DataSourceScanExec.scala:537)
[2026-06-17T11:02:07.435+0000] {subprocess.py:93} INFO - 	at org.apache.spark.sql.execution.FileSourceScanExec.doExecute(DataSourceScanExec.scala:575)
[2026-06-17T11:02:07.436+0000] {subprocess.py:93} INFO - 	at org.apache.spark.sql.execution.SparkPlan.$anonfun$execute$1(SparkPlan.scala:195)
[2026-06-17T11:02:07.437+0000] {subprocess.py:93} INFO - 	at org.apache.spark.sql.execution.SparkPlan.$anonfun$executeQuery$1(SparkPlan.scala:246)
[2026-06-17T11:02:07.437+0000] {subprocess.py:93} INFO - 	at org.apache.spark.rdd.RDDOperationScope$.withScope(RDDOperationScope.scala:151)
[2026-06-17T11:02:07.438+0000] {subprocess.py:93} INFO - 	at org.apache.spark.sql.execution.SparkPlan.executeQuery(SparkPlan.scala:243)
[2026-06-17T11:02:07.439+0000] {subprocess.py:93} INFO - 	at org.apache.spark.sql.execution.SparkPlan.execute(SparkPlan.scala:191)
[2026-06-17T11:02:07.439+0000] {subprocess.py:93} INFO - 	at org.apache.spark.sql.execution.InputAdapter.inputRDD(WholeStageCodegenExec.scala:527)
[2026-06-17T11:02:07.439+0000] {subprocess.py:93} INFO - 	at org.apache.spark.sql.execution.InputRDDCodegen.inputRDDs(WholeStageCodegenExec.scala:455)
[2026-06-17T11:02:07.440+0000] {subprocess.py:93} INFO - 	at org.apache.spark.sql.execution.InputRDDCodegen.inputRDDs$(WholeStageCodegenExec.scala:454)
[2026-06-17T11:02:07.440+0000] {subprocess.py:93} INFO - 	at org.apache.spark.sql.execution.InputAdapter.inputRDDs(WholeStageCodegenExec.scala:498)
[2026-06-17T11:02:07.441+0000] {subprocess.py:93} INFO - 	at org.apache.spark.sql.execution.ProjectExec.inputRDDs(basicPhysicalOperators.scala:51)
[2026-06-17T11:02:07.441+0000] {subprocess.py:93} INFO - 	at org.apache.spark.sql.execution.WholeStageCodegenExec.doExecute(WholeStageCodegenExec.scala:751)
[2026-06-17T11:02:07.442+0000] {subprocess.py:93} INFO - 	at org.apache.spark.sql.execution.SparkPlan.$anonfun$execute$1(SparkPlan.scala:195)
[2026-06-17T11:02:07.442+0000] {subprocess.py:93} INFO - 	at org.apache.spark.sql.execution.SparkPlan.$anonfun$executeQuery$1(SparkPlan.scala:246)
[2026-06-17T11:02:07.443+0000] {subprocess.py:93} INFO - 	at org.apache.spark.rdd.RDDOperationScope$.withScope(RDDOperationScope.scala:151)
[2026-06-17T11:02:07.443+0000] {subprocess.py:93} INFO - 	at org.apache.spark.sql.execution.SparkPlan.executeQuery(SparkPlan.scala:243)
[2026-06-17T11:02:07.443+0000] {subprocess.py:93} INFO - 	at org.apache.spark.sql.execution.SparkPlan.execute(SparkPlan.scala:191)
[2026-06-17T11:02:07.444+0000] {subprocess.py:93} INFO - 	at org.apache.spark.sql.execution.exchange.ShuffleExchangeExec.inputRDD$lzycompute(ShuffleExchangeExec.scala:141)
[2026-06-17T11:02:07.444+0000] {subprocess.py:93} INFO - 	at org.apache.spark.sql.execution.exchange.ShuffleExchangeExec.inputRDD(ShuffleExchangeExec.scala:141)
[2026-06-17T11:02:07.445+0000] {subprocess.py:93} INFO - 	at org.apache.spark.sql.execution.exchange.ShuffleExchangeExec.shuffleDependency$lzycompute(ShuffleExchangeExec.scala:175)
[2026-06-17T11:02:07.445+0000] {subprocess.py:93} INFO - 	at org.apache.spark.sql.execution.exchange.ShuffleExchangeExec.shuffleDependency(ShuffleExchangeExec.scala:173)
[2026-06-17T11:02:07.446+0000] {subprocess.py:93} INFO - 	at org.apache.spark.sql.execution.exchange.ShuffleExchangeExec.doExecute(ShuffleExchangeExec.scala:195)
[2026-06-17T11:02:07.447+0000] {subprocess.py:93} INFO - 	at org.apache.spark.sql.execution.SparkPlan.$anonfun$execute$1(SparkPlan.scala:195)
[2026-06-17T11:02:07.447+0000] {subprocess.py:93} INFO - 	at org.apache.spark.sql.execution.SparkPlan.$anonfun$executeQuery$1(SparkPlan.scala:246)
[2026-06-17T11:02:07.448+0000] {subprocess.py:93} INFO - 	at org.apache.spark.rdd.RDDOperationScope$.withScope(RDDOperationScope.scala:151)
[2026-06-17T11:02:07.448+0000] {subprocess.py:93} INFO - 	at org.apache.spark.sql.execution.SparkPlan.executeQuery(SparkPlan.scala:243)
[2026-06-17T11:02:07.448+0000] {subprocess.py:93} INFO - 	at org.apache.spark.sql.execution.SparkPlan.execute(SparkPlan.scala:191)
[2026-06-17T11:02:07.449+0000] {subprocess.py:93} INFO - 	at org.apache.spark.sql.execution.InputAdapter.inputRDD(WholeStageCodegenExec.scala:527)
[2026-06-17T11:02:07.449+0000] {subprocess.py:93} INFO - 	at org.apache.spark.sql.execution.InputRDDCodegen.inputRDDs(WholeStageCodegenExec.scala:455)
[2026-06-17T11:02:07.450+0000] {subprocess.py:93} INFO - 	at org.apache.spark.sql.execution.InputRDDCodegen.inputRDDs$(WholeStageCodegenExec.scala:454)
[2026-06-17T11:02:07.450+0000] {subprocess.py:93} INFO - 	at org.apache.spark.sql.execution.InputAdapter.inputRDDs(WholeStageCodegenExec.scala:498)
[2026-06-17T11:02:07.451+0000] {subprocess.py:93} INFO - 	at org.apache.spark.sql.execution.SortExec.inputRDDs(SortExec.scala:132)
[2026-06-17T11:02:07.451+0000] {subprocess.py:93} INFO - 	at org.apache.spark.sql.execution.ProjectExec.inputRDDs(basicPhysicalOperators.scala:51)
[2026-06-17T11:02:07.452+0000] {subprocess.py:93} INFO - 	at org.apache.spark.sql.execution.WholeStageCodegenExec.doExecute(WholeStageCodegenExec.scala:751)
[2026-06-17T11:02:07.452+0000] {subprocess.py:93} INFO - 	at org.apache.spark.sql.execution.SparkPlan.$anonfun$execute$1(SparkPlan.scala:195)
[2026-06-17T11:02:07.452+0000] {subprocess.py:93} INFO - 	at org.apache.spark.sql.execution.SparkPlan.$anonfun$executeQuery$1(SparkPlan.scala:246)
[2026-06-17T11:02:07.453+0000] {subprocess.py:93} INFO - 	at org.apache.spark.rdd.RDDOperationScope$.withScope(RDDOperationScope.scala:151)
[2026-06-17T11:02:07.453+0000] {subprocess.py:93} INFO - 	at org.apache.spark.sql.execution.SparkPlan.executeQuery(SparkPlan.scala:243)
[2026-06-17T11:02:07.454+0000] {subprocess.py:93} INFO - 	at org.apache.spark.sql.execution.SparkPlan.execute(SparkPlan.scala:191)
[2026-06-17T11:02:07.455+0000] {subprocess.py:93} INFO - 	at org.apache.spark.sql.execution.DeserializeToObjectExec.doExecute(objects.scala:93)
[2026-06-17T11:02:07.455+0000] {subprocess.py:93} INFO - 	at org.apache.spark.sql.execution.SparkPlan.$anonfun$execute$1(SparkPlan.scala:195)
[2026-06-17T11:02:07.455+0000] {subprocess.py:93} INFO - 	at org.apache.spark.sql.execution.SparkPlan.$anonfun$executeQuery$1(SparkPlan.scala:246)
[2026-06-17T11:02:07.456+0000] {subprocess.py:93} INFO - 	at org.apache.spark.rdd.RDDOperationScope$.withScope(RDDOperationScope.scala:151)
[2026-06-17T11:02:07.456+0000] {subprocess.py:93} INFO - 	at org.apache.spark.sql.execution.SparkPlan.executeQuery(SparkPlan.scala:243)
[2026-06-17T11:02:07.457+0000] {subprocess.py:93} INFO - 	at org.apache.spark.sql.execution.SparkPlan.execute(SparkPlan.scala:191)
[2026-06-17T11:02:07.458+0000] {subprocess.py:93} INFO - 	at org.apache.spark.sql.execution.MapPartitionsExec.doExecute(objects.scala:195)
[2026-06-17T11:02:07.458+0000] {subprocess.py:93} INFO - 	at org.apache.spark.sql.execution.SparkPlan.$anonfun$execute$1(SparkPlan.scala:195)
[2026-06-17T11:02:07.467+0000] {subprocess.py:93} INFO - 	at org.apache.spark.sql.execution.SparkPlan.$anonfun$executeQuery$1(SparkPlan.scala:246)
[2026-06-17T11:02:07.468+0000] {subprocess.py:93} INFO - 	at org.apache.spark.rdd.RDDOperationScope$.withScope(RDDOperationScope.scala:151)
[2026-06-17T11:02:07.469+0000] {subprocess.py:93} INFO - 	at org.apache.spark.sql.execution.SparkPlan.executeQuery(SparkPlan.scala:243)
[2026-06-17T11:02:07.470+0000] {subprocess.py:93} INFO - 	at org.apache.spark.sql.execution.SparkPlan.execute(SparkPlan.scala:191)
[2026-06-17T11:02:07.471+0000] {subprocess.py:93} INFO - 	at org.apache.spark.sql.execution.InputAdapter.inputRDD(WholeStageCodegenExec.scala:527)
[2026-06-17T11:02:07.472+0000] {subprocess.py:93} INFO - 	at org.apache.spark.sql.execution.InputRDDCodegen.inputRDDs(WholeStageCodegenExec.scala:455)
[2026-06-17T11:02:07.473+0000] {subprocess.py:93} INFO - 	at org.apache.spark.sql.execution.InputRDDCodegen.inputRDDs$(WholeStageCodegenExec.scala:454)
[2026-06-17T11:02:07.474+0000] {subprocess.py:93} INFO - 	at org.apache.spark.sql.execution.InputAdapter.inputRDDs(WholeStageCodegenExec.scala:498)
[2026-06-17T11:02:07.475+0000] {subprocess.py:93} INFO - 	at org.apache.spark.sql.execution.SerializeFromObjectExec.inputRDDs(objects.scala:117)
[2026-06-17T11:02:07.476+0000] {subprocess.py:93} INFO - 	at org.apache.spark.sql.execution.WholeStageCodegenExec.doExecute(WholeStageCodegenExec.scala:751)
[2026-06-17T11:02:07.477+0000] {subprocess.py:93} INFO - 	at org.apache.spark.sql.execution.SparkPlan.$anonfun$execute$1(SparkPlan.scala:195)
[2026-06-17T11:02:07.478+0000] {subprocess.py:93} INFO - 	at org.apache.spark.sql.execution.SparkPlan.$anonfun$executeQuery$1(SparkPlan.scala:246)
[2026-06-17T11:02:07.479+0000] {subprocess.py:93} INFO - 	at org.apache.spark.rdd.RDDOperationScope$.withScope(RDDOperationScope.scala:151)
[2026-06-17T11:02:07.480+0000] {subprocess.py:93} INFO - 	at org.apache.spark.sql.execution.SparkPlan.executeQuery(SparkPlan.scala:243)
[2026-06-17T11:02:07.480+0000] {subprocess.py:93} INFO - 	at org.apache.spark.sql.execution.SparkPlan.execute(SparkPlan.scala:191)
[2026-06-17T11:02:07.481+0000] {subprocess.py:93} INFO - 	at org.apache.spark.sql.execution.QueryExecution.toRdd$lzycompute(QueryExecution.scala:207)
[2026-06-17T11:02:07.482+0000] {subprocess.py:93} INFO - 	at org.apache.spark.sql.execution.QueryExecution.toRdd(QueryExecution.scala:206)
[2026-06-17T11:02:07.483+0000] {subprocess.py:93} INFO - 	at org.apache.spark.sql.delta.util.StateCache$CachedDS.$anonfun$cachedDs$2(StateCache.scala:61)
[2026-06-17T11:02:07.484+0000] {subprocess.py:93} INFO - 	at org.apache.spark.sql.delta.metering.DeltaLogging.recordFrameProfile(DeltaLogging.scala:168)
[2026-06-17T11:02:07.485+0000] {subprocess.py:93} INFO - 	at org.apache.spark.sql.delta.metering.DeltaLogging.recordFrameProfile$(DeltaLogging.scala:166)
[2026-06-17T11:02:07.486+0000] {subprocess.py:93} INFO - 	at org.apache.spark.sql.delta.Snapshot.recordFrameProfile(Snapshot.scala:75)
[2026-06-17T11:02:07.488+0000] {subprocess.py:93} INFO - 	at org.apache.spark.sql.delta.util.StateCache$CachedDS.$anonfun$cachedDs$1(StateCache.scala:61)
[2026-06-17T11:02:07.489+0000] {subprocess.py:93} INFO - 	at org.apache.spark.sql.execution.SQLExecution$.$anonfun$withNewExecutionId$6(SQLExecution.scala:125)
[2026-06-17T11:02:07.491+0000] {subprocess.py:93} INFO - 	at org.apache.spark.sql.execution.SQLExecution$.withSQLConfPropagated(SQLExecution.scala:201)
[2026-06-17T11:02:07.492+0000] {subprocess.py:93} INFO - 	at org.apache.spark.sql.execution.SQLExecution$.$anonfun$withNewExecutionId$1(SQLExecution.scala:108)
[2026-06-17T11:02:07.493+0000] {subprocess.py:93} INFO - 	at org.apache.spark.sql.SparkSession.withActive(SparkSession.scala:900)
[2026-06-17T11:02:07.494+0000] {subprocess.py:93} INFO - 	at org.apache.spark.sql.execution.SQLExecution$.withNewExecutionId(SQLExecution.scala:66)
[2026-06-17T11:02:07.496+0000] {subprocess.py:93} INFO - 	at org.apache.spark.sql.delta.util.StateCache$CachedDS.<init>(StateCache.scala:58)
[2026-06-17T11:02:07.497+0000] {subprocess.py:93} INFO - 	at org.apache.spark.sql.delta.util.StateCache.$anonfun$cacheDS$1(StateCache.scala:110)
[2026-06-17T11:02:07.498+0000] {subprocess.py:93} INFO - 	at org.apache.spark.sql.delta.metering.DeltaLogging.recordFrameProfile(DeltaLogging.scala:168)
[2026-06-17T11:02:07.499+0000] {subprocess.py:93} INFO - 	at org.apache.spark.sql.delta.metering.DeltaLogging.recordFrameProfile$(DeltaLogging.scala:166)
[2026-06-17T11:02:07.500+0000] {subprocess.py:93} INFO - 	at org.apache.spark.sql.delta.Snapshot.recordFrameProfile(Snapshot.scala:75)
[2026-06-17T11:02:07.500+0000] {subprocess.py:93} INFO - 	at org.apache.spark.sql.delta.util.StateCache.cacheDS(StateCache.scala:110)
[2026-06-17T11:02:07.501+0000] {subprocess.py:93} INFO - 	at org.apache.spark.sql.delta.util.StateCache.cacheDS$(StateCache.scala:108)
[2026-06-17T11:02:07.501+0000] {subprocess.py:93} INFO - 	at org.apache.spark.sql.delta.Snapshot.cacheDS(Snapshot.scala:75)
[2026-06-17T11:02:07.502+0000] {subprocess.py:93} INFO - 	at org.apache.spark.sql.delta.Snapshot.$anonfun$cachedState$1(Snapshot.scala:165)
[2026-06-17T11:02:07.502+0000] {subprocess.py:93} INFO - 	at org.apache.spark.sql.delta.metering.DeltaLogging.recordFrameProfile(DeltaLogging.scala:168)
[2026-06-17T11:02:07.503+0000] {subprocess.py:93} INFO - 	at org.apache.spark.sql.delta.metering.DeltaLogging.recordFrameProfile$(DeltaLogging.scala:166)
[2026-06-17T11:02:07.503+0000] {subprocess.py:93} INFO - 	at org.apache.spark.sql.delta.Snapshot.recordFrameProfile(Snapshot.scala:75)
[2026-06-17T11:02:07.504+0000] {subprocess.py:93} INFO - 	at org.apache.spark.sql.delta.Snapshot.cachedState$lzycompute(Snapshot.scala:163)
[2026-06-17T11:02:07.504+0000] {subprocess.py:93} INFO - 	at org.apache.spark.sql.delta.Snapshot.cachedState(Snapshot.scala:163)
[2026-06-17T11:02:07.505+0000] {subprocess.py:93} INFO - 	at org.apache.spark.sql.delta.Snapshot.$anonfun$stateDF$1(Snapshot.scala:253)
[2026-06-17T11:02:07.506+0000] {subprocess.py:93} INFO - 	at org.apache.spark.sql.delta.metering.DeltaLogging.recordFrameProfile(DeltaLogging.scala:168)
[2026-06-17T11:02:07.506+0000] {subprocess.py:93} INFO - 	at org.apache.spark.sql.delta.metering.DeltaLogging.recordFrameProfile$(DeltaLogging.scala:166)
[2026-06-17T11:02:07.507+0000] {subprocess.py:93} INFO - 	at org.apache.spark.sql.delta.Snapshot.recordFrameProfile(Snapshot.scala:75)
[2026-06-17T11:02:07.508+0000] {subprocess.py:93} INFO - 	at org.apache.spark.sql.delta.Snapshot.stateDF(Snapshot.scala:253)
[2026-06-17T11:02:07.509+0000] {subprocess.py:93} INFO - 	at org.apache.spark.sql.delta.SnapshotStateManager.$anonfun$computedState$2(SnapshotState.scala:80)
[2026-06-17T11:02:07.511+0000] {subprocess.py:93} INFO - 	at org.apache.spark.sql.delta.metering.DeltaLogging.recordFrameProfile(DeltaLogging.scala:168)
[2026-06-17T11:02:07.514+0000] {subprocess.py:93} INFO - 	at org.apache.spark.sql.delta.metering.DeltaLogging.recordFrameProfile$(DeltaLogging.scala:166)
[2026-06-17T11:02:07.515+0000] {subprocess.py:93} INFO - 	at org.apache.spark.sql.delta.Snapshot.recordFrameProfile(Snapshot.scala:75)
[2026-06-17T11:02:07.515+0000] {subprocess.py:93} INFO - 	at org.apache.spark.sql.delta.SnapshotStateManager.$anonfun$computedState$1(SnapshotState.scala:78)
[2026-06-17T11:02:07.516+0000] {subprocess.py:93} INFO - 	at org.apache.spark.sql.delta.util.DeltaProgressReporter.withJobDescription(DeltaProgressReporter.scala:53)
[2026-06-17T11:02:07.517+0000] {subprocess.py:93} INFO - 	at org.apache.spark.sql.delta.util.DeltaProgressReporter.withStatusCode(DeltaProgressReporter.scala:32)
[2026-06-17T11:02:07.517+0000] {subprocess.py:93} INFO - 	at org.apache.spark.sql.delta.util.DeltaProgressReporter.withStatusCode$(DeltaProgressReporter.scala:27)
[2026-06-17T11:02:07.518+0000] {subprocess.py:93} INFO - 	at org.apache.spark.sql.delta.Snapshot.withStatusCode(Snapshot.scala:75)
[2026-06-17T11:02:07.519+0000] {subprocess.py:93} INFO - 	at org.apache.spark.sql.delta.SnapshotStateManager.computedState(SnapshotState.scala:78)
[2026-06-17T11:02:07.519+0000] {subprocess.py:93} INFO - 	at org.apache.spark.sql.delta.SnapshotStateManager.computedState$(SnapshotState.scala:76)
[2026-06-17T11:02:07.520+0000] {subprocess.py:93} INFO - 	at org.apache.spark.sql.delta.Snapshot.computedState$lzycompute(Snapshot.scala:75)
[2026-06-17T11:02:07.520+0000] {subprocess.py:93} INFO - 	at org.apache.spark.sql.delta.Snapshot.computedState(Snapshot.scala:75)
[2026-06-17T11:02:07.521+0000] {subprocess.py:93} INFO - 	at org.apache.spark.sql.delta.SnapshotStateManager.setTransactions(SnapshotState.scala:163)
[2026-06-17T11:02:07.522+0000] {subprocess.py:93} INFO - 	at org.apache.spark.sql.delta.SnapshotStateManager.setTransactions$(SnapshotState.scala:163)
[2026-06-17T11:02:07.523+0000] {subprocess.py:93} INFO - 	at org.apache.spark.sql.delta.Snapshot.setTransactions(Snapshot.scala:75)
[2026-06-17T11:02:07.524+0000] {subprocess.py:93} INFO - 	at org.apache.spark.sql.delta.SnapshotStateManager.transactions(SnapshotState.scala:70)
[2026-06-17T11:02:07.525+0000] {subprocess.py:93} INFO - 	at org.apache.spark.sql.delta.SnapshotStateManager.transactions$(SnapshotState.scala:70)
[2026-06-17T11:02:07.525+0000] {subprocess.py:93} INFO - 	at org.apache.spark.sql.delta.Snapshot.transactions$lzycompute(Snapshot.scala:75)
[2026-06-17T11:02:07.526+0000] {subprocess.py:93} INFO - 	at org.apache.spark.sql.delta.Snapshot.transactions(Snapshot.scala:75)
[2026-06-17T11:02:07.527+0000] {subprocess.py:93} INFO - 	at org.apache.spark.sql.delta.OptimisticTransactionImpl.txnVersion(OptimisticTransaction.scala:870)
[2026-06-17T11:02:07.528+0000] {subprocess.py:93} INFO - 	at org.apache.spark.sql.delta.OptimisticTransactionImpl.txnVersion$(OptimisticTransaction.scala:868)
[2026-06-17T11:02:07.528+0000] {subprocess.py:93} INFO - 	at org.apache.spark.sql.delta.OptimisticTransaction.txnVersion(OptimisticTransaction.scala:147)
[2026-06-17T11:02:07.529+0000] {subprocess.py:93} INFO - 	at org.apache.spark.sql.delta.sources.DeltaSink.addBatchWithStatusImpl(DeltaSink.scala:126)
[2026-06-17T11:02:07.529+0000] {subprocess.py:93} INFO - 	at org.apache.spark.sql.delta.sources.DeltaSink.addBatch(DeltaSink.scala:97)
[2026-06-17T11:02:07.530+0000] {subprocess.py:93} INFO - 	at org.apache.spark.sql.execution.streaming.MicroBatchExecution.$anonfun$runBatch$17(MicroBatchExecution.scala:732)
[2026-06-17T11:02:07.531+0000] {subprocess.py:93} INFO - 	at org.apache.spark.sql.execution.SQLExecution$.$anonfun$withNewExecutionId$6(SQLExecution.scala:125)
[2026-06-17T11:02:07.531+0000] {subprocess.py:93} INFO - 	at org.apache.spark.sql.execution.SQLExecution$.withSQLConfPropagated(SQLExecution.scala:201)
[2026-06-17T11:02:07.532+0000] {subprocess.py:93} INFO - 	at org.apache.spark.sql.execution.SQLExecution$.$anonfun$withNewExecutionId$1(SQLExecution.scala:108)
[2026-06-17T11:02:07.533+0000] {subprocess.py:93} INFO - 	at org.apache.spark.sql.SparkSession.withActive(SparkSession.scala:900)
[2026-06-17T11:02:07.533+0000] {subprocess.py:93} INFO - 	at org.apache.spark.sql.execution.SQLExecution$.withNewExecutionId(SQLExecution.scala:66)
[2026-06-17T11:02:07.534+0000] {subprocess.py:93} INFO - 	at org.apache.spark.sql.execution.streaming.MicroBatchExecution.$anonfun$runBatch$16(MicroBatchExecution.scala:729)
[2026-06-17T11:02:07.535+0000] {subprocess.py:93} INFO - 	at org.apache.spark.sql.execution.streaming.ProgressReporter.reportTimeTaken(ProgressReporter.scala:427)
[2026-06-17T11:02:07.536+0000] {subprocess.py:93} INFO - 	at org.apache.spark.sql.execution.streaming.ProgressReporter.reportTimeTaken$(ProgressReporter.scala:425)
[2026-06-17T11:02:07.536+0000] {subprocess.py:93} INFO - 	at org.apache.spark.sql.execution.streaming.StreamExecution.reportTimeTaken(StreamExecution.scala:67)
[2026-06-17T11:02:07.537+0000] {subprocess.py:93} INFO - 	at org.apache.spark.sql.execution.streaming.MicroBatchExecution.runBatch(MicroBatchExecution.scala:729)
[2026-06-17T11:02:07.538+0000] {subprocess.py:93} INFO - 	at org.apache.spark.sql.execution.streaming.MicroBatchExecution.$anonfun$runActivatedStream$2(MicroBatchExecution.scala:286)
[2026-06-17T11:02:07.539+0000] {subprocess.py:93} INFO - 	at scala.runtime.java8.JFunction0$mcV$sp.apply(JFunction0$mcV$sp.java:23)
[2026-06-17T11:02:07.540+0000] {subprocess.py:93} INFO - 	at org.apache.spark.sql.execution.streaming.ProgressReporter.reportTimeTaken(ProgressReporter.scala:427)
[2026-06-17T11:02:07.541+0000] {subprocess.py:93} INFO - 	at org.apache.spark.sql.execution.streaming.ProgressReporter.reportTimeTaken$(ProgressReporter.scala:425)
[2026-06-17T11:02:07.542+0000] {subprocess.py:93} INFO - 	at org.apache.spark.sql.execution.streaming.StreamExecution.reportTimeTaken(StreamExecution.scala:67)
[2026-06-17T11:02:07.543+0000] {subprocess.py:93} INFO - 	at org.apache.spark.sql.execution.streaming.MicroBatchExecution.$anonfun$runActivatedStream$1(MicroBatchExecution.scala:249)
[2026-06-17T11:02:07.543+0000] {subprocess.py:93} INFO - 	at org.apache.spark.sql.execution.streaming.ProcessingTimeExecutor.execute(TriggerExecutor.scala:67)
[2026-06-17T11:02:07.544+0000] {subprocess.py:93} INFO - 	at org.apache.spark.sql.execution.streaming.MicroBatchExecution.runActivatedStream(MicroBatchExecution.scala:239)
[2026-06-17T11:02:07.545+0000] {subprocess.py:93} INFO - 	at org.apache.spark.sql.execution.streaming.StreamExecution.$anonfun$runStream$1(StreamExecution.scala:311)
[2026-06-17T11:02:07.546+0000] {subprocess.py:93} INFO - 	at scala.runtime.java8.JFunction0$mcV$sp.apply(JFunction0$mcV$sp.java:23)
[2026-06-17T11:02:07.547+0000] {subprocess.py:93} INFO - 	at org.apache.spark.sql.SparkSession.withActive(SparkSession.scala:900)
[2026-06-17T11:02:07.548+0000] {subprocess.py:93} INFO - 	at org.apache.spark.sql.execution.streaming.StreamExecution.org$apache$spark$sql$execution$streaming$StreamExecution$$runStream(StreamExecution.scala:289)
[2026-06-17T11:02:07.549+0000] {subprocess.py:93} INFO - 	at org.apache.spark.sql.execution.streaming.StreamExecution$$anon$1.$anonfun$run$1(StreamExecution.scala:211)
[2026-06-17T11:02:07.550+0000] {subprocess.py:93} INFO - 	at scala.runtime.java8.JFunction0$mcV$sp.apply(JFunction0$mcV$sp.java:23)
[2026-06-17T11:02:07.552+0000] {subprocess.py:93} INFO - 	at org.apache.spark.JobArtifactSet$.withActiveJobArtifactState(JobArtifactSet.scala:94)
[2026-06-17T11:02:07.553+0000] {subprocess.py:93} INFO - 	at org.apache.spark.sql.execution.streaming.StreamExecution$$anon$1.run(StreamExecution.scala:211)
[2026-06-17T11:02:07.554+0000] {subprocess.py:93} INFO - 26/06/17 11:02:07 WARN NettyRpcEnv: Ignored failure: java.util.concurrent.RejectedExecutionException: Task java.util.concurrent.ScheduledThreadPoolExecutor$ScheduledFutureTask@4aea8500[Not completed, task = java.util.concurrent.Executors$RunnableAdapter@4130e9f5[Wrapped task = org.apache.spark.rpc.netty.NettyRpcEnv$$anon$1@484e42e5]] rejected from java.util.concurrent.ScheduledThreadPoolExecutor@514b873e[Terminated, pool size = 0, active threads = 0, queued tasks = 0, completed tasks = 0]
[2026-06-17T11:02:07.554+0000] {subprocess.py:93} INFO - 26/06/17 11:02:07 WARN NettyRpcEnv: Ignored failure: java.util.concurrent.RejectedExecutionException: Task java.util.concurrent.ScheduledThreadPoolExecutor$ScheduledFutureTask@32241a01[Not completed, task = java.util.concurrent.Executors$RunnableAdapter@241b00f3[Wrapped task = org.apache.spark.rpc.netty.NettyRpcEnv$$anon$1@1ee1b4c]] rejected from java.util.concurrent.ScheduledThreadPoolExecutor@514b873e[Terminated, pool size = 0, active threads = 0, queued tasks = 0, completed tasks = 0]
[2026-06-17T11:02:07.555+0000] {subprocess.py:93} INFO - 26/06/17 11:02:07 WARN NettyRpcEnv: Ignored failure: java.util.concurrent.RejectedExecutionException: Task java.util.concurrent.ScheduledThreadPoolExecutor$ScheduledFutureTask@b85b43f[Not completed, task = java.util.concurrent.Executors$RunnableAdapter@375e8fb9[Wrapped task = org.apache.spark.rpc.netty.NettyRpcEnv$$anon$1@5d8e4af3]] rejected from java.util.concurrent.ScheduledThreadPoolExecutor@514b873e[Terminated, pool size = 0, active threads = 0, queued tasks = 0, completed tasks = 0]
[2026-06-17T11:02:07.556+0000] {subprocess.py:93} INFO - Exception in thread "stream execution thread for [id = 4a8fb13c-ad7e-4bd5-b0b9-72c0fa063146, runId = f03f078c-62f0-423b-87de-09eac18cbe5e]" Exception in thread "stream execution thread for [id = 247c4699-5aa5-4c31-b40c-9d642c75444d, runId = de61e463-a342-484e-a7a4-7e2675f7022e]" org.apache.spark.SparkException: Exception thrown in awaitResult:
[2026-06-17T11:02:07.556+0000] {subprocess.py:93} INFO - 	at org.apache.spark.util.SparkThreadUtils$.awaitResult(SparkThreadUtils.scala:56)
[2026-06-17T11:02:07.557+0000] {subprocess.py:93} INFO - 	at org.apache.spark.util.ThreadUtils$.awaitResult(ThreadUtils.scala:310)
[2026-06-17T11:02:07.558+0000] {subprocess.py:93} INFO - 	at org.apache.spark.rpc.RpcTimeout.awaitResult(RpcTimeout.scala:75)
[2026-06-17T11:02:07.559+0000] {subprocess.py:93} INFO - 	at org.apache.spark.rpc.RpcEndpointRef.askSync(RpcEndpointRef.scala:101)
[2026-06-17T11:02:07.559+0000] {subprocess.py:93} INFO - 	at org.apache.spark.rpc.RpcEndpointRef.askSync(RpcEndpointRef.scala:85)
[2026-06-17T11:02:07.560+0000] {subprocess.py:93} INFO - 	at org.apache.spark.sql.execution.streaming.state.StateStoreCoordinatorRef.deactivateInstances(StateStoreCoordinator.scala:119)
[2026-06-17T11:02:07.561+0000] {subprocess.py:93} INFO - 	at org.apache.spark.sql.streaming.StreamingQueryManager.notifyQueryTermination(StreamingQueryManager.scala:426)
[2026-06-17T11:02:07.562+0000] {subprocess.py:93} INFO - 	at org.apache.spark.sql.execution.streaming.StreamExecution.$anonfun$runStream$3(StreamExecution.scala:360)
[2026-06-17T11:02:07.562+0000] {subprocess.py:93} INFO - 	at scala.runtime.java8.JFunction0$mcV$sp.apply(JFunction0$mcV$sp.java:23)
[2026-06-17T11:02:07.563+0000] {subprocess.py:93} INFO - 	at org.apache.spark.util.UninterruptibleThread.runUninterruptibly(UninterruptibleThread.scala:77)
[2026-06-17T11:02:07.564+0000] {subprocess.py:93} INFO - 	at org.apache.spark.sql.execution.streaming.StreamExecution.org$apache$spark$sql$execution$streaming$StreamExecution$$runStream(StreamExecution.scala:340)
[2026-06-17T11:02:07.564+0000] {subprocess.py:93} INFO - 	at org.apache.spark.sql.execution.streaming.StreamExecution$$anon$1.$anonfun$run$1(StreamExecution.scala:211)
[2026-06-17T11:02:07.565+0000] {subprocess.py:93} INFO - 	at scala.runtime.java8.JFunction0$mcV$sp.apply(JFunction0$mcV$sp.java:23)
[2026-06-17T11:02:07.566+0000] {subprocess.py:93} INFO - 	at org.apache.spark.JobArtifactSet$.withActiveJobArtifactState(JobArtifactSet.scala:94)
[2026-06-17T11:02:07.566+0000] {subprocess.py:93} INFO - 	at org.apache.spark.sql.execution.streaming.StreamExecution$$anon$1.run(StreamExecution.scala:211)
[2026-06-17T11:02:07.567+0000] {subprocess.py:93} INFO - Caused by: org.apache.spark.rpc.RpcEnvStoppedException: RpcEnv already stopped.
[2026-06-17T11:02:07.568+0000] {subprocess.py:93} INFO - 	at org.apache.spark.rpc.netty.Dispatcher.postMessage(Dispatcher.scala:176)
[2026-06-17T11:02:07.569+0000] {subprocess.py:93} INFO - 	at org.apache.spark.rpc.netty.Dispatcher.postLocalMessage(Dispatcher.scala:144)
[2026-06-17T11:02:07.570+0000] {subprocess.py:93} INFO - 	at org.apache.spark.rpc.netty.NettyRpcEnv.askAbortable(NettyRpcEnv.scala:242)
[2026-06-17T11:02:07.571+0000] {subprocess.py:93} INFO - 	at org.apache.spark.rpc.netty.NettyRpcEndpointRef.askAbortable(NettyRpcEnv.scala:554)
[2026-06-17T11:02:07.572+0000] {subprocess.py:93} INFO - 	at org.apache.spark.rpc.netty.NettyRpcEndpointRef.ask(NettyRpcEnv.scala:558)
[2026-06-17T11:02:07.578+0000] {subprocess.py:93} INFO - 	at org.apache.spark.rpc.RpcEndpointRef.askSync(RpcEndpointRef.scala:100)
[2026-06-17T11:02:07.579+0000] {subprocess.py:93} INFO - 	... 11 more
[2026-06-17T11:02:07.580+0000] {subprocess.py:93} INFO - org.apache.spark.SparkException: Exception thrown in awaitResult:
[2026-06-17T11:02:07.580+0000] {subprocess.py:93} INFO - 	at org.apache.spark.util.SparkThreadUtils$.awaitResult(SparkThreadUtils.scala:56)
[2026-06-17T11:02:07.581+0000] {subprocess.py:93} INFO - 	at org.apache.spark.util.ThreadUtils$.awaitResult(ThreadUtils.scala:310)
[2026-06-17T11:02:07.582+0000] {subprocess.py:93} INFO - 	at org.apache.spark.rpc.RpcTimeout.awaitResult(RpcTimeout.scala:75)
[2026-06-17T11:02:07.582+0000] {subprocess.py:93} INFO - 	at org.apache.spark.rpc.RpcEndpointRef.askSync(RpcEndpointRef.scala:101)
[2026-06-17T11:02:07.583+0000] {subprocess.py:93} INFO - 	at org.apache.spark.rpc.RpcEndpointRef.askSync(RpcEndpointRef.scala:85)
[2026-06-17T11:02:07.584+0000] {subprocess.py:93} INFO - 	at org.apache.spark.sql.execution.streaming.state.StateStoreCoordinatorRef.deactivateInstances(StateStoreCoordinator.scala:119)
[2026-06-17T11:02:07.584+0000] {subprocess.py:93} INFO - 	at org.apache.spark.sql.streaming.StreamingQueryManager.notifyQueryTermination(StreamingQueryManager.scala:426)
[2026-06-17T11:02:07.585+0000] {subprocess.py:93} INFO - 	at org.apache.spark.sql.execution.streaming.StreamExecution.$anonfun$runStream$3(StreamExecution.scala:360)
[2026-06-17T11:02:07.585+0000] {subprocess.py:93} INFO - 	at scala.runtime.java8.JFunction0$mcV$sp.apply(JFunction0$mcV$sp.java:23)
[2026-06-17T11:02:07.586+0000] {subprocess.py:93} INFO - 	at org.apache.spark.util.UninterruptibleThread.runUninterruptibly(UninterruptibleThread.scala:77)
[2026-06-17T11:02:07.587+0000] {subprocess.py:93} INFO - 	at org.apache.spark.sql.execution.streaming.StreamExecution.org$apache$spark$sql$execution$streaming$StreamExecution$$runStream(StreamExecution.scala:340)
[2026-06-17T11:02:07.587+0000] {subprocess.py:93} INFO - 	at org.apache.spark.sql.execution.streaming.StreamExecution$$anon$1.$anonfun$run$1(StreamExecution.scala:211)
[2026-06-17T11:02:07.588+0000] {subprocess.py:93} INFO - 	at scala.runtime.java8.JFunction0$mcV$sp.apply(JFunction0$mcV$sp.java:23)
[2026-06-17T11:02:07.588+0000] {subprocess.py:93} INFO - 	at org.apache.spark.JobArtifactSet$.withActiveJobArtifactState(JobArtifactSet.scala:94)
[2026-06-17T11:02:07.589+0000] {subprocess.py:93} INFO - 	at org.apache.spark.sql.execution.streaming.StreamExecution$$anon$1.run(StreamExecution.scala:211)
[2026-06-17T11:02:07.589+0000] {subprocess.py:93} INFO - Caused by: org.apache.spark.rpc.RpcEnvStoppedException: RpcEnv already stopped.
[2026-06-17T11:02:07.590+0000] {subprocess.py:93} INFO - 	at org.apache.spark.rpc.netty.Dispatcher.postMessage(Dispatcher.scala:176)
[2026-06-17T11:02:07.591+0000] {subprocess.py:93} INFO - 	at org.apache.spark.rpc.netty.Dispatcher.postLocalMessage(Dispatcher.scala:144)
[2026-06-17T11:02:07.591+0000] {subprocess.py:93} INFO - 	at org.apache.spark.rpc.netty.NettyRpcEnv.askAbortable(NettyRpcEnv.scala:242)
[2026-06-17T11:02:07.592+0000] {subprocess.py:93} INFO - 	at org.apache.spark.rpc.netty.NettyRpcEndpointRef.askAbortable(NettyRpcEnv.scala:554)
[2026-06-17T11:02:07.592+0000] {subprocess.py:93} INFO - 	at org.apache.spark.rpc.netty.NettyRpcEndpointRef.ask(NettyRpcEnv.scala:558)
[2026-06-17T11:02:07.593+0000] {subprocess.py:93} INFO - 	at org.apache.spark.rpc.RpcEndpointRef.askSync(RpcEndpointRef.scala:100)
[2026-06-17T11:02:07.593+0000] {subprocess.py:93} INFO - 	... 11 more
[2026-06-17T11:02:07.594+0000] {subprocess.py:93} INFO - Exception in thread "stream execution thread for [id = 9401f051-375d-4d50-9d98-cc67e7758517, runId = 3c4fbd6f-4c95-4b50-a5a4-4a5dc318ccc6]" org.apache.spark.SparkException: Exception thrown in awaitResult:
[2026-06-17T11:02:07.594+0000] {subprocess.py:93} INFO - 	at org.apache.spark.util.SparkThreadUtils$.awaitResult(SparkThreadUtils.scala:56)
[2026-06-17T11:02:07.595+0000] {subprocess.py:93} INFO - 	at org.apache.spark.util.ThreadUtils$.awaitResult(ThreadUtils.scala:310)
[2026-06-17T11:02:07.595+0000] {subprocess.py:93} INFO - 	at org.apache.spark.rpc.RpcTimeout.awaitResult(RpcTimeout.scala:75)
[2026-06-17T11:02:07.596+0000] {subprocess.py:93} INFO - 	at org.apache.spark.rpc.RpcEndpointRef.askSync(RpcEndpointRef.scala:101)
[2026-06-17T11:02:07.597+0000] {subprocess.py:93} INFO - 	at org.apache.spark.rpc.RpcEndpointRef.askSync(RpcEndpointRef.scala:85)
[2026-06-17T11:02:07.597+0000] {subprocess.py:93} INFO - 	at org.apache.spark.sql.execution.streaming.state.StateStoreCoordinatorRef.deactivateInstances(StateStoreCoordinator.scala:119)
[2026-06-17T11:02:07.598+0000] {subprocess.py:93} INFO - 	at org.apache.spark.sql.streaming.StreamingQueryManager.notifyQueryTermination(StreamingQueryManager.scala:426)
[2026-06-17T11:02:07.598+0000] {subprocess.py:93} INFO - 	at org.apache.spark.sql.execution.streaming.StreamExecution.$anonfun$runStream$3(StreamExecution.scala:360)
[2026-06-17T11:02:07.599+0000] {subprocess.py:93} INFO - 	at scala.runtime.java8.JFunction0$mcV$sp.apply(JFunction0$mcV$sp.java:23)
[2026-06-17T11:02:07.599+0000] {subprocess.py:93} INFO - 	at org.apache.spark.util.UninterruptibleThread.runUninterruptibly(UninterruptibleThread.scala:77)
[2026-06-17T11:02:07.600+0000] {subprocess.py:93} INFO - 	at org.apache.spark.sql.execution.streaming.StreamExecution.org$apache$spark$sql$execution$streaming$StreamExecution$$runStream(StreamExecution.scala:340)
[2026-06-17T11:02:07.601+0000] {subprocess.py:93} INFO - 	at org.apache.spark.sql.execution.streaming.StreamExecution$$anon$1.$anonfun$run$1(StreamExecution.scala:211)
[2026-06-17T11:02:07.601+0000] {subprocess.py:93} INFO - 	at scala.runtime.java8.JFunction0$mcV$sp.apply(JFunction0$mcV$sp.java:23)
[2026-06-17T11:02:07.602+0000] {subprocess.py:93} INFO - 	at org.apache.spark.JobArtifactSet$.withActiveJobArtifactState(JobArtifactSet.scala:94)
[2026-06-17T11:02:07.603+0000] {subprocess.py:93} INFO - 	at org.apache.spark.sql.execution.streaming.StreamExecution$$anon$1.run(StreamExecution.scala:211)
[2026-06-17T11:02:07.604+0000] {subprocess.py:93} INFO - Caused by: org.apache.spark.rpc.RpcEnvStoppedException: RpcEnv already stopped.
[2026-06-17T11:02:07.605+0000] {subprocess.py:93} INFO - 	at org.apache.spark.rpc.netty.Dispatcher.postMessage(Dispatcher.scala:176)
[2026-06-17T11:02:07.605+0000] {subprocess.py:93} INFO - 	at org.apache.spark.rpc.netty.Dispatcher.postLocalMessage(Dispatcher.scala:144)
[2026-06-17T11:02:07.606+0000] {subprocess.py:93} INFO - 	at org.apache.spark.rpc.netty.NettyRpcEnv.askAbortable(NettyRpcEnv.scala:242)
[2026-06-17T11:02:07.607+0000] {subprocess.py:93} INFO - 	at org.apache.spark.rpc.netty.NettyRpcEndpointRef.askAbortable(NettyRpcEnv.scala:554)
[2026-06-17T11:02:07.607+0000] {subprocess.py:93} INFO - 	at org.apache.spark.rpc.netty.NettyRpcEndpointRef.ask(NettyRpcEnv.scala:558)
[2026-06-17T11:02:07.608+0000] {subprocess.py:93} INFO - 	at org.apache.spark.rpc.RpcEndpointRef.askSync(RpcEndpointRef.scala:100)
[2026-06-17T11:02:07.609+0000] {subprocess.py:93} INFO - 	... 11 more
[2026-06-17T11:02:08.071+0000] {subprocess.py:97} INFO - Command exited with return code 124
[2026-06-17T11:02:08.075+0000] {taskinstance.py:441} INFO - ::group::Post task execution logs
[2026-06-17T11:02:08.107+0000] {taskinstance.py:2890} ERROR - Task failed with exception
Traceback (most recent call last):
  File "/home/airflow/.local/lib/python3.12/site-packages/airflow/models/taskinstance.py", line 465, in _execute_task
    result = _execute_callable(context=context, **execute_callable_kwargs)
             ^^^^^^^^^^^^^^^^^^^^^^^^^^^^^^^^^^^^^^^^^^^^^^^^^^^^^^^^^^^^^
  File "/home/airflow/.local/lib/python3.12/site-packages/airflow/models/taskinstance.py", line 432, in _execute_callable
    return execute_callable(context=context, **execute_callable_kwargs)
           ^^^^^^^^^^^^^^^^^^^^^^^^^^^^^^^^^^^^^^^^^^^^^^^^^^^^^^^^^^^^
  File "/home/airflow/.local/lib/python3.12/site-packages/airflow/models/baseoperator.py", line 400, in wrapper
    return func(self, *args, **kwargs)
           ^^^^^^^^^^^^^^^^^^^^^^^^^^^
  File "/home/airflow/.local/lib/python3.12/site-packages/airflow/operators/bash.py", line 243, in execute
    raise AirflowException(
airflow.exceptions.AirflowException: Bash command failed. The command returned a non-zero exit code 124.
[2026-06-17T11:02:08.122+0000] {taskinstance.py:1205} INFO - Marking task as UP_FOR_RETRY. dag_id=e-commerce_kafka_streaming_pipeline_v10, task_id=run_bronze, execution_date=20260617T100000, start_date=20260617T110005, end_date=20260617T110208
[2026-06-17T11:02:08.169+0000] {standard_task_runner.py:110} ERROR - Failed to execute job 61 for task run_bronze (Bash command failed. The command returned a non-zero exit code 124.; 3893)
[2026-06-17T11:02:08.190+0000] {local_task_job_runner.py:240} INFO - Task exited with return code 1
[2026-06-17T11:02:08.258+0000] {taskinstance.py:3482} INFO - 0 downstream tasks scheduled from follow-on schedule check
[2026-06-17T11:02:08.263+0000] {local_task_job_runner.py:222} INFO - ::endgroup::
