[2026-06-17T02:23:47.150+0000] {local_task_job_runner.py:120} INFO - ::group::Pre task execution logs
[2026-06-17T02:23:47.297+0000] {taskinstance.py:2073} INFO - Dependencies all met for dep_context=non-requeueable deps ti=<TaskInstance: e-commerce_kafka_streaming_pipeline_v10.run_bronze scheduled__2026-06-16T18:00:00+00:00 [queued]>
[2026-06-17T02:23:47.347+0000] {taskinstance.py:2073} INFO - Dependencies all met for dep_context=requeueable deps ti=<TaskInstance: e-commerce_kafka_streaming_pipeline_v10.run_bronze scheduled__2026-06-16T18:00:00+00:00 [queued]>
[2026-06-17T02:23:47.348+0000] {taskinstance.py:2303} INFO - Starting attempt 1 of 2
[2026-06-17T02:23:47.419+0000] {taskinstance.py:2327} INFO - Executing <Task(BashOperator): run_bronze> on 2026-06-16 18:00:00+00:00
[2026-06-17T02:23:47.452+0000] {standard_task_runner.py:90} INFO - Running: ['***', 'tasks', 'run', 'e-commerce_kafka_streaming_pipeline_v10', 'run_bronze', 'scheduled__2026-06-16T18:00:00+00:00', '--job-id', '31', '--raw', '--subdir', 'DAGS_FOLDER/sdp_pipeline_dag.py', '--cfg-path', '/tmp/tmpvei4ez8p']
[2026-06-17T02:23:47.463+0000] {standard_task_runner.py:91} INFO - Job 31: Subtask run_bronze
[2026-06-17T02:23:47.484+0000] {logging_mixin.py:188} WARNING - /home/***/.local/lib/python3.12/site-packages/***/task/task_runner/standard_task_runner.py:61 DeprecationWarning: This process (pid=1702) is multi-threaded, use of fork() may lead to deadlocks in the child.
[2026-06-17T02:23:47.489+0000] {standard_task_runner.py:63} INFO - Started process 1722 to run task
[2026-06-17T02:23:47.675+0000] {task_command.py:426} INFO - Running <TaskInstance: e-commerce_kafka_streaming_pipeline_v10.run_bronze scheduled__2026-06-16T18:00:00+00:00 [running]> on host c5880b5b3b6f
[2026-06-17T02:23:48.210+0000] {taskinstance.py:2644} INFO - Exporting env vars: AIRFLOW_CTX_DAG_OWNER='dev' AIRFLOW_CTX_DAG_ID='e-commerce_kafka_streaming_pipeline_v10' AIRFLOW_CTX_TASK_ID='run_bronze' AIRFLOW_CTX_EXECUTION_DATE='2026-06-16T18:00:00+00:00' AIRFLOW_CTX_TRY_NUMBER='1' AIRFLOW_CTX_DAG_RUN_ID='scheduled__2026-06-16T18:00:00+00:00'
[2026-06-17T02:23:48.213+0000] {taskinstance.py:430} INFO - ::endgroup::
[2026-06-17T02:23:48.337+0000] {subprocess.py:63} INFO - Tmp dir root location: /tmp
[2026-06-17T02:23:48.341+0000] {subprocess.py:75} INFO - Running command: ['/usr/bin/bash', '-c', 'timeout 120s docker run --rm --network streaming_kafka_project_sdp-net --volume /d/Streaming_kafka_project/pipelines:/opt/pipelines --volume /d/Streaming_kafka_project/data:/opt/data --volume /d/Streaming_kafka_project/checkpoints:/opt/checkpoints --volume /d/Streaming_kafka_project/jars:/opt/jars apache/spark:3.5.1 /opt/spark/bin/spark-submit --master spark://sdp-spark-master:7077 --executor-cores 1 --executor-memory 512m --total-executor-cores 3 --jars /opt/jars/delta-spark_2.12-3.2.0.jar,/opt/jars/delta-storage-3.2.0.jar,/opt/jars/spark-sql-kafka-0-10_2.12-3.5.1.jar,/opt/jars/kafka-clients-3.4.1.jar,/opt/jars/spark-token-provider-kafka-0-10_2.12-3.5.1.jar,/opt/jars/commons-pool2-2.11.1.jar --conf spark.sql.extensions=io.delta.sql.DeltaSparkSessionExtension --conf spark.sql.catalog.spark_catalog=org.apache.spark.sql.delta.catalog.DeltaCatalog  /opt/pipelines/bronze_runner.py']
[2026-06-17T02:23:48.376+0000] {subprocess.py:86} INFO - Output:
[2026-06-17T02:24:08.031+0000] {subprocess.py:93} INFO - 26/06/17 02:24:08 WARN NativeCodeLoader: Unable to load native-hadoop library for your platform... using builtin-java classes where applicable
[2026-06-17T02:24:11.837+0000] {subprocess.py:93} INFO - 26/06/17 02:24:11 INFO SparkContext: Running Spark version 3.5.1
[2026-06-17T02:24:11.846+0000] {subprocess.py:93} INFO - 26/06/17 02:24:11 INFO SparkContext: OS info Linux, 6.6.114.1-microsoft-standard-WSL2, amd64
[2026-06-17T02:24:11.851+0000] {subprocess.py:93} INFO - 26/06/17 02:24:11 INFO SparkContext: Java version 11.0.22
[2026-06-17T02:24:12.211+0000] {subprocess.py:93} INFO - 26/06/17 02:24:12 INFO ResourceUtils: ==============================================================
[2026-06-17T02:24:12.212+0000] {subprocess.py:93} INFO - 26/06/17 02:24:12 INFO ResourceUtils: No custom resources configured for spark.driver.
[2026-06-17T02:24:12.222+0000] {subprocess.py:93} INFO - 26/06/17 02:24:12 INFO ResourceUtils: ==============================================================
[2026-06-17T02:24:12.232+0000] {subprocess.py:93} INFO - 26/06/17 02:24:12 INFO SparkContext: Submitted application: SDP-Bronze
[2026-06-17T02:24:12.481+0000] {subprocess.py:93} INFO - 26/06/17 02:24:12 INFO ResourceProfile: Default ResourceProfile created, executor resources: Map(cores -> name: cores, amount: 1, script: , vendor: , memory -> name: memory, amount: 512, script: , vendor: , offHeap -> name: offHeap, amount: 0, script: , vendor: ), task resources: Map(cpus -> name: cpus, amount: 1.0)
[2026-06-17T02:24:12.578+0000] {subprocess.py:93} INFO - 26/06/17 02:24:12 INFO ResourceProfile: Limiting resource is cpus at 1 tasks per executor
[2026-06-17T02:24:12.589+0000] {subprocess.py:93} INFO - 26/06/17 02:24:12 INFO ResourceProfileManager: Added ResourceProfile id: 0
[2026-06-17T02:24:13.146+0000] {subprocess.py:93} INFO - 26/06/17 02:24:13 INFO SecurityManager: Changing view acls to: spark
[2026-06-17T02:24:13.148+0000] {subprocess.py:93} INFO - 26/06/17 02:24:13 INFO SecurityManager: Changing modify acls to: spark
[2026-06-17T02:24:13.155+0000] {subprocess.py:93} INFO - 26/06/17 02:24:13 INFO SecurityManager: Changing view acls groups to:
[2026-06-17T02:24:13.164+0000] {subprocess.py:93} INFO - 26/06/17 02:24:13 INFO SecurityManager: Changing modify acls groups to:
[2026-06-17T02:24:13.169+0000] {subprocess.py:93} INFO - 26/06/17 02:24:13 INFO SecurityManager: SecurityManager: authentication disabled; ui acls disabled; users with view permissions: spark; groups with view permissions: EMPTY; users with modify permissions: spark; groups with modify permissions: EMPTY
[2026-06-17T02:24:14.642+0000] {subprocess.py:93} INFO - 26/06/17 02:24:14 INFO Utils: Successfully started service 'sparkDriver' on port 40691.
[2026-06-17T02:24:14.950+0000] {subprocess.py:93} INFO - 26/06/17 02:24:14 INFO SparkEnv: Registering MapOutputTracker
[2026-06-17T02:24:15.325+0000] {subprocess.py:93} INFO - 26/06/17 02:24:15 INFO SparkEnv: Registering BlockManagerMaster
[2026-06-17T02:24:15.444+0000] {subprocess.py:93} INFO - 26/06/17 02:24:15 INFO BlockManagerMasterEndpoint: Using org.apache.spark.storage.DefaultTopologyMapper for getting topology information
[2026-06-17T02:24:15.446+0000] {subprocess.py:93} INFO - 26/06/17 02:24:15 INFO BlockManagerMasterEndpoint: BlockManagerMasterEndpoint up
[2026-06-17T02:24:15.472+0000] {subprocess.py:93} INFO - 26/06/17 02:24:15 INFO SparkEnv: Registering BlockManagerMasterHeartbeat
[2026-06-17T02:24:15.622+0000] {subprocess.py:93} INFO - 26/06/17 02:24:15 INFO DiskBlockManager: Created local directory at /tmp/blockmgr-9e14abfc-d285-427b-9913-5d801c0cac21
[2026-06-17T02:24:15.664+0000] {subprocess.py:93} INFO - 26/06/17 02:24:15 INFO MemoryStore: MemoryStore started with capacity 434.4 MiB
[2026-06-17T02:24:15.746+0000] {subprocess.py:93} INFO - 26/06/17 02:24:15 INFO SparkEnv: Registering OutputCommitCoordinator
[2026-06-17T02:24:16.444+0000] {subprocess.py:93} INFO - 26/06/17 02:24:16 INFO JettyUtils: Start Jetty 0.0.0.0:4040 for SparkUI
[2026-06-17T02:24:16.779+0000] {subprocess.py:93} INFO - 26/06/17 02:24:16 INFO Utils: Successfully started service 'SparkUI' on port 4040.
[2026-06-17T02:24:17.093+0000] {subprocess.py:93} INFO - 26/06/17 02:24:17 INFO SparkContext: Added JAR file:///opt/jars/delta-spark_2.12-3.2.0.jar at spark://87902315245f:40691/jars/delta-spark_2.12-3.2.0.jar with timestamp 1781663051766
[2026-06-17T02:24:17.105+0000] {subprocess.py:93} INFO - 26/06/17 02:24:17 INFO SparkContext: Added JAR file:///opt/jars/delta-storage-3.2.0.jar at spark://87902315245f:40691/jars/delta-storage-3.2.0.jar with timestamp 1781663051766
[2026-06-17T02:24:17.110+0000] {subprocess.py:93} INFO - 26/06/17 02:24:17 INFO SparkContext: Added JAR file:///opt/jars/spark-sql-kafka-0-10_2.12-3.5.1.jar at spark://87902315245f:40691/jars/spark-sql-kafka-0-10_2.12-3.5.1.jar with timestamp 1781663051766
[2026-06-17T02:24:17.111+0000] {subprocess.py:93} INFO - 26/06/17 02:24:17 INFO SparkContext: Added JAR file:///opt/jars/kafka-clients-3.4.1.jar at spark://87902315245f:40691/jars/kafka-clients-3.4.1.jar with timestamp 1781663051766
[2026-06-17T02:24:17.113+0000] {subprocess.py:93} INFO - 26/06/17 02:24:17 INFO SparkContext: Added JAR file:///opt/jars/spark-token-provider-kafka-0-10_2.12-3.5.1.jar at spark://87902315245f:40691/jars/spark-token-provider-kafka-0-10_2.12-3.5.1.jar with timestamp 1781663051766
[2026-06-17T02:24:17.116+0000] {subprocess.py:93} INFO - 26/06/17 02:24:17 INFO SparkContext: Added JAR file:///opt/jars/commons-pool2-2.11.1.jar at spark://87902315245f:40691/jars/commons-pool2-2.11.1.jar with timestamp 1781663051766
[2026-06-17T02:24:17.995+0000] {subprocess.py:93} INFO - 26/06/17 02:24:17 INFO StandaloneAppClient$ClientEndpoint: Connecting to master spark://sdp-spark-master:7077...
[2026-06-17T02:24:18.366+0000] {subprocess.py:93} INFO - 26/06/17 02:24:18 INFO TransportClientFactory: Successfully created connection to sdp-spark-master/172.18.0.3:7077 after 264 ms (0 ms spent in bootstraps)
[2026-06-17T02:24:18.933+0000] {subprocess.py:93} INFO - 26/06/17 02:24:18 INFO StandaloneSchedulerBackend: Connected to Spark cluster with app ID app-20260617022418-0016
[2026-06-17T02:24:19.068+0000] {subprocess.py:93} INFO - 26/06/17 02:24:19 INFO Utils: Successfully started service 'org.apache.spark.network.netty.NettyBlockTransferService' on port 46519.
[2026-06-17T02:24:19.069+0000] {subprocess.py:93} INFO - 26/06/17 02:24:19 INFO NettyBlockTransferService: Server created on 87902315245f:46519
[2026-06-17T02:24:19.086+0000] {subprocess.py:93} INFO - 26/06/17 02:24:19 INFO BlockManager: Using org.apache.spark.storage.RandomBlockReplicationPolicy for block replication policy
[2026-06-17T02:24:19.173+0000] {subprocess.py:93} INFO - 26/06/17 02:24:19 INFO BlockManagerMaster: Registering BlockManager BlockManagerId(driver, 87902315245f, 46519, None)
[2026-06-17T02:24:19.214+0000] {subprocess.py:93} INFO - 26/06/17 02:24:19 INFO BlockManagerMasterEndpoint: Registering block manager 87902315245f:46519 with 434.4 MiB RAM, BlockManagerId(driver, 87902315245f, 46519, None)
[2026-06-17T02:24:19.242+0000] {subprocess.py:93} INFO - 26/06/17 02:24:19 INFO BlockManagerMaster: Registered BlockManager BlockManagerId(driver, 87902315245f, 46519, None)
[2026-06-17T02:24:19.251+0000] {subprocess.py:93} INFO - 26/06/17 02:24:19 INFO BlockManager: Initialized BlockManager: BlockManagerId(driver, 87902315245f, 46519, None)
[2026-06-17T02:24:21.067+0000] {subprocess.py:93} INFO - 26/06/17 02:24:21 INFO StandaloneSchedulerBackend: SchedulerBackend is ready for scheduling beginning after reached minRegisteredResourcesRatio: 0.0
[2026-06-17T02:24:23.655+0000] {subprocess.py:93} INFO - Starting stream: orders -> /opt/data/bronze/orders
[2026-06-17T02:25:42.528+0000] {subprocess.py:93} INFO - 26/06/17 02:25:42 WARN TaskSchedulerImpl: Initial job has not accepted any resources; check your cluster UI to ensure that workers are registered and have sufficient resources
[2026-06-17T02:25:53.177+0000] {subprocess.py:97} INFO - Command exited with return code 124
[2026-06-17T02:25:53.198+0000] {taskinstance.py:441} INFO - ::group::Post task execution logs
[2026-06-17T02:25:53.267+0000] {taskinstance.py:2890} ERROR - Task failed with exception
Traceback (most recent call last):
  File "/home/airflow/.local/lib/python3.12/site-packages/airflow/models/taskinstance.py", line 465, in _execute_task
    result = _execute_callable(context=context, **execute_callable_kwargs)
             ^^^^^^^^^^^^^^^^^^^^^^^^^^^^^^^^^^^^^^^^^^^^^^^^^^^^^^^^^^^^^
  File "/home/airflow/.local/lib/python3.12/site-packages/airflow/models/taskinstance.py", line 432, in _execute_callable
    return execute_callable(context=context, **execute_callable_kwargs)
           ^^^^^^^^^^^^^^^^^^^^^^^^^^^^^^^^^^^^^^^^^^^^^^^^^^^^^^^^^^^^
  File "/home/airflow/.local/lib/python3.12/site-packages/airflow/models/baseoperator.py", line 400, in wrapper
    return func(self, *args, **kwargs)
           ^^^^^^^^^^^^^^^^^^^^^^^^^^^
  File "/home/airflow/.local/lib/python3.12/site-packages/airflow/operators/bash.py", line 243, in execute
    raise AirflowException(
airflow.exceptions.AirflowException: Bash command failed. The command returned a non-zero exit code 124.
[2026-06-17T02:25:53.298+0000] {taskinstance.py:1205} INFO - Marking task as UP_FOR_RETRY. dag_id=e-commerce_kafka_streaming_pipeline_v10, task_id=run_bronze, execution_date=20260616T180000, start_date=20260617T022347, end_date=20260617T022553
[2026-06-17T02:25:53.382+0000] {standard_task_runner.py:110} ERROR - Failed to execute job 31 for task run_bronze (Bash command failed. The command returned a non-zero exit code 124.; 1722)
[2026-06-17T02:25:53.453+0000] {local_task_job_runner.py:240} INFO - Task exited with return code 1
[2026-06-17T02:25:53.693+0000] {taskinstance.py:3482} INFO - 0 downstream tasks scheduled from follow-on schedule check
[2026-06-17T02:25:53.732+0000] {local_task_job_runner.py:222} INFO - ::endgroup::
