[2026-06-17T02:27:54.938+0000] {local_task_job_runner.py:120} INFO - ::group::Pre task execution logs
[2026-06-17T02:27:55.018+0000] {taskinstance.py:2073} INFO - Dependencies all met for dep_context=non-requeueable deps ti=<TaskInstance: e-commerce_kafka_streaming_pipeline_v10.run_bronze scheduled__2026-06-16T18:00:00+00:00 [queued]>
[2026-06-17T02:27:55.042+0000] {taskinstance.py:2073} INFO - Dependencies all met for dep_context=requeueable deps ti=<TaskInstance: e-commerce_kafka_streaming_pipeline_v10.run_bronze scheduled__2026-06-16T18:00:00+00:00 [queued]>
[2026-06-17T02:27:55.044+0000] {taskinstance.py:2303} INFO - Starting attempt 2 of 2
[2026-06-17T02:27:55.086+0000] {taskinstance.py:2327} INFO - Executing <Task(BashOperator): run_bronze> on 2026-06-16 18:00:00+00:00
[2026-06-17T02:27:55.129+0000] {standard_task_runner.py:90} INFO - Running: ['***', 'tasks', 'run', 'e-commerce_kafka_streaming_pipeline_v10', 'run_bronze', 'scheduled__2026-06-16T18:00:00+00:00', '--job-id', '35', '--raw', '--subdir', 'DAGS_FOLDER/sdp_pipeline_dag.py', '--cfg-path', '/tmp/tmp7l4s7zdp']
[2026-06-17T02:27:55.143+0000] {standard_task_runner.py:91} INFO - Job 35: Subtask run_bronze
[2026-06-17T02:27:55.151+0000] {logging_mixin.py:188} WARNING - /home/***/.local/lib/python3.12/site-packages/***/task/task_runner/standard_task_runner.py:61 DeprecationWarning: This process (pid=1798) is multi-threaded, use of fork() may lead to deadlocks in the child.
[2026-06-17T02:27:55.154+0000] {standard_task_runner.py:63} INFO - Started process 1802 to run task
[2026-06-17T02:27:55.300+0000] {task_command.py:426} INFO - Running <TaskInstance: e-commerce_kafka_streaming_pipeline_v10.run_bronze scheduled__2026-06-16T18:00:00+00:00 [running]> on host c5880b5b3b6f
[2026-06-17T02:27:55.523+0000] {taskinstance.py:2644} INFO - Exporting env vars: AIRFLOW_CTX_DAG_OWNER='dev' AIRFLOW_CTX_DAG_ID='e-commerce_kafka_streaming_pipeline_v10' AIRFLOW_CTX_TASK_ID='run_bronze' AIRFLOW_CTX_EXECUTION_DATE='2026-06-16T18:00:00+00:00' AIRFLOW_CTX_TRY_NUMBER='2' AIRFLOW_CTX_DAG_RUN_ID='scheduled__2026-06-16T18:00:00+00:00'
[2026-06-17T02:27:55.529+0000] {taskinstance.py:430} INFO - ::endgroup::
[2026-06-17T02:27:55.590+0000] {subprocess.py:63} INFO - Tmp dir root location: /tmp
[2026-06-17T02:27:55.593+0000] {subprocess.py:75} INFO - Running command: ['/usr/bin/bash', '-c', 'timeout 120s docker run --rm --network streaming_kafka_project_sdp-net --volume /d/Streaming_kafka_project/pipelines:/opt/pipelines --volume /d/Streaming_kafka_project/data:/opt/data --volume /d/Streaming_kafka_project/checkpoints:/opt/checkpoints --volume /d/Streaming_kafka_project/jars:/opt/jars apache/spark:3.5.1 /opt/spark/bin/spark-submit --master spark://sdp-spark-master:7077 --executor-cores 1 --executor-memory 512m --total-executor-cores 3 --jars /opt/jars/delta-spark_2.12-3.2.0.jar,/opt/jars/delta-storage-3.2.0.jar,/opt/jars/spark-sql-kafka-0-10_2.12-3.5.1.jar,/opt/jars/kafka-clients-3.4.1.jar,/opt/jars/spark-token-provider-kafka-0-10_2.12-3.5.1.jar,/opt/jars/commons-pool2-2.11.1.jar --conf spark.sql.extensions=io.delta.sql.DeltaSparkSessionExtension --conf spark.sql.catalog.spark_catalog=org.apache.spark.sql.delta.catalog.DeltaCatalog  /opt/pipelines/bronze_runner.py']
[2026-06-17T02:27:55.623+0000] {subprocess.py:86} INFO - Output:
[2026-06-17T02:28:08.525+0000] {subprocess.py:93} INFO - 26/06/17 02:28:08 WARN NativeCodeLoader: Unable to load native-hadoop library for your platform... using builtin-java classes where applicable
[2026-06-17T02:28:12.654+0000] {subprocess.py:93} INFO - 26/06/17 02:28:12 INFO SparkContext: Running Spark version 3.5.1
[2026-06-17T02:28:12.668+0000] {subprocess.py:93} INFO - 26/06/17 02:28:12 INFO SparkContext: OS info Linux, 6.6.114.1-microsoft-standard-WSL2, amd64
[2026-06-17T02:28:12.670+0000] {subprocess.py:93} INFO - 26/06/17 02:28:12 INFO SparkContext: Java version 11.0.22
[2026-06-17T02:28:12.943+0000] {subprocess.py:93} INFO - 26/06/17 02:28:12 INFO ResourceUtils: ==============================================================
[2026-06-17T02:28:12.947+0000] {subprocess.py:93} INFO - 26/06/17 02:28:12 INFO ResourceUtils: No custom resources configured for spark.driver.
[2026-06-17T02:28:12.951+0000] {subprocess.py:93} INFO - 26/06/17 02:28:12 INFO ResourceUtils: ==============================================================
[2026-06-17T02:28:12.956+0000] {subprocess.py:93} INFO - 26/06/17 02:28:12 INFO SparkContext: Submitted application: SDP-Bronze
[2026-06-17T02:28:13.078+0000] {subprocess.py:93} INFO - 26/06/17 02:28:13 INFO ResourceProfile: Default ResourceProfile created, executor resources: Map(cores -> name: cores, amount: 1, script: , vendor: , memory -> name: memory, amount: 512, script: , vendor: , offHeap -> name: offHeap, amount: 0, script: , vendor: ), task resources: Map(cpus -> name: cpus, amount: 1.0)
[2026-06-17T02:28:13.147+0000] {subprocess.py:93} INFO - 26/06/17 02:28:13 INFO ResourceProfile: Limiting resource is cpus at 1 tasks per executor
[2026-06-17T02:28:13.165+0000] {subprocess.py:93} INFO - 26/06/17 02:28:13 INFO ResourceProfileManager: Added ResourceProfile id: 0
[2026-06-17T02:28:13.511+0000] {subprocess.py:93} INFO - 26/06/17 02:28:13 INFO SecurityManager: Changing view acls to: spark
[2026-06-17T02:28:13.515+0000] {subprocess.py:93} INFO - 26/06/17 02:28:13 INFO SecurityManager: Changing modify acls to: spark
[2026-06-17T02:28:13.528+0000] {subprocess.py:93} INFO - 26/06/17 02:28:13 INFO SecurityManager: Changing view acls groups to:
[2026-06-17T02:28:13.537+0000] {subprocess.py:93} INFO - 26/06/17 02:28:13 INFO SecurityManager: Changing modify acls groups to:
[2026-06-17T02:28:13.539+0000] {subprocess.py:93} INFO - 26/06/17 02:28:13 INFO SecurityManager: SecurityManager: authentication disabled; ui acls disabled; users with view permissions: spark; groups with view permissions: EMPTY; users with modify permissions: spark; groups with modify permissions: EMPTY
[2026-06-17T02:28:15.313+0000] {subprocess.py:93} INFO - 26/06/17 02:28:15 INFO Utils: Successfully started service 'sparkDriver' on port 32989.
[2026-06-17T02:28:15.632+0000] {subprocess.py:93} INFO - 26/06/17 02:28:15 INFO SparkEnv: Registering MapOutputTracker
[2026-06-17T02:28:15.913+0000] {subprocess.py:93} INFO - 26/06/17 02:28:15 INFO SparkEnv: Registering BlockManagerMaster
[2026-06-17T02:28:16.007+0000] {subprocess.py:93} INFO - 26/06/17 02:28:15 INFO BlockManagerMasterEndpoint: Using org.apache.spark.storage.DefaultTopologyMapper for getting topology information
[2026-06-17T02:28:16.009+0000] {subprocess.py:93} INFO - 26/06/17 02:28:16 INFO BlockManagerMasterEndpoint: BlockManagerMasterEndpoint up
[2026-06-17T02:28:16.032+0000] {subprocess.py:93} INFO - 26/06/17 02:28:16 INFO SparkEnv: Registering BlockManagerMasterHeartbeat
[2026-06-17T02:28:16.117+0000] {subprocess.py:93} INFO - 26/06/17 02:28:16 INFO DiskBlockManager: Created local directory at /tmp/blockmgr-1f441660-cf55-4d14-bc47-51aaf416bad2
[2026-06-17T02:28:16.208+0000] {subprocess.py:93} INFO - 26/06/17 02:28:16 INFO MemoryStore: MemoryStore started with capacity 434.4 MiB
[2026-06-17T02:28:16.335+0000] {subprocess.py:93} INFO - 26/06/17 02:28:16 INFO SparkEnv: Registering OutputCommitCoordinator
[2026-06-17T02:28:17.371+0000] {subprocess.py:93} INFO - 26/06/17 02:28:17 INFO JettyUtils: Start Jetty 0.0.0.0:4040 for SparkUI
[2026-06-17T02:28:17.743+0000] {subprocess.py:93} INFO - 26/06/17 02:28:17 INFO Utils: Successfully started service 'SparkUI' on port 4040.
[2026-06-17T02:28:17.951+0000] {subprocess.py:93} INFO - 26/06/17 02:28:17 INFO SparkContext: Added JAR file:///opt/jars/delta-spark_2.12-3.2.0.jar at spark://8b84b81f4a2e:32989/jars/delta-spark_2.12-3.2.0.jar with timestamp 1781663292566
[2026-06-17T02:28:17.959+0000] {subprocess.py:93} INFO - 26/06/17 02:28:17 INFO SparkContext: Added JAR file:///opt/jars/delta-storage-3.2.0.jar at spark://8b84b81f4a2e:32989/jars/delta-storage-3.2.0.jar with timestamp 1781663292566
[2026-06-17T02:28:17.968+0000] {subprocess.py:93} INFO - 26/06/17 02:28:17 INFO SparkContext: Added JAR file:///opt/jars/spark-sql-kafka-0-10_2.12-3.5.1.jar at spark://8b84b81f4a2e:32989/jars/spark-sql-kafka-0-10_2.12-3.5.1.jar with timestamp 1781663292566
[2026-06-17T02:28:17.971+0000] {subprocess.py:93} INFO - 26/06/17 02:28:17 INFO SparkContext: Added JAR file:///opt/jars/kafka-clients-3.4.1.jar at spark://8b84b81f4a2e:32989/jars/kafka-clients-3.4.1.jar with timestamp 1781663292566
[2026-06-17T02:28:17.978+0000] {subprocess.py:93} INFO - 26/06/17 02:28:17 INFO SparkContext: Added JAR file:///opt/jars/spark-token-provider-kafka-0-10_2.12-3.5.1.jar at spark://8b84b81f4a2e:32989/jars/spark-token-provider-kafka-0-10_2.12-3.5.1.jar with timestamp 1781663292566
[2026-06-17T02:28:17.985+0000] {subprocess.py:93} INFO - 26/06/17 02:28:17 INFO SparkContext: Added JAR file:///opt/jars/commons-pool2-2.11.1.jar at spark://8b84b81f4a2e:32989/jars/commons-pool2-2.11.1.jar with timestamp 1781663292566
[2026-06-17T02:28:18.525+0000] {subprocess.py:93} INFO - 26/06/17 02:28:18 INFO StandaloneAppClient$ClientEndpoint: Connecting to master spark://sdp-spark-master:7077...
[2026-06-17T02:28:19.008+0000] {subprocess.py:93} INFO - 26/06/17 02:28:19 INFO TransportClientFactory: Successfully created connection to sdp-spark-master/172.18.0.3:7077 after 278 ms (0 ms spent in bootstraps)
[2026-06-17T02:28:19.904+0000] {subprocess.py:93} INFO - 26/06/17 02:28:19 INFO StandaloneSchedulerBackend: Connected to Spark cluster with app ID app-20260617022819-0020
[2026-06-17T02:28:19.990+0000] {subprocess.py:93} INFO - 26/06/17 02:28:19 INFO Utils: Successfully started service 'org.apache.spark.network.netty.NettyBlockTransferService' on port 46265.
[2026-06-17T02:28:19.992+0000] {subprocess.py:93} INFO - 26/06/17 02:28:19 INFO NettyBlockTransferService: Server created on 8b84b81f4a2e:46265
[2026-06-17T02:28:20.007+0000] {subprocess.py:93} INFO - 26/06/17 02:28:19 INFO BlockManager: Using org.apache.spark.storage.RandomBlockReplicationPolicy for block replication policy
[2026-06-17T02:28:20.060+0000] {subprocess.py:93} INFO - 26/06/17 02:28:20 INFO BlockManagerMaster: Registering BlockManager BlockManagerId(driver, 8b84b81f4a2e, 46265, None)
[2026-06-17T02:28:20.109+0000] {subprocess.py:93} INFO - 26/06/17 02:28:20 INFO BlockManagerMasterEndpoint: Registering block manager 8b84b81f4a2e:46265 with 434.4 MiB RAM, BlockManagerId(driver, 8b84b81f4a2e, 46265, None)
[2026-06-17T02:28:20.125+0000] {subprocess.py:93} INFO - 26/06/17 02:28:20 INFO BlockManagerMaster: Registered BlockManager BlockManagerId(driver, 8b84b81f4a2e, 46265, None)
[2026-06-17T02:28:20.135+0000] {subprocess.py:93} INFO - 26/06/17 02:28:20 INFO BlockManager: Initialized BlockManager: BlockManagerId(driver, 8b84b81f4a2e, 46265, None)
[2026-06-17T02:28:21.629+0000] {subprocess.py:93} INFO - 26/06/17 02:28:21 INFO StandaloneSchedulerBackend: SchedulerBackend is ready for scheduling beginning after reached minRegisteredResourcesRatio: 0.0
[2026-06-17T02:28:24.154+0000] {subprocess.py:93} INFO - Starting stream: orders -> /opt/data/bronze/orders
[2026-06-17T02:29:37.736+0000] {subprocess.py:93} INFO - 26/06/17 02:29:37 WARN TaskSchedulerImpl: Initial job has not accepted any resources; check your cluster UI to ensure that workers are registered and have sufficient resources
[2026-06-17T02:29:52.726+0000] {subprocess.py:93} INFO - 26/06/17 02:29:52 WARN TaskSchedulerImpl: Initial job has not accepted any resources; check your cluster UI to ensure that workers are registered and have sufficient resources
[2026-06-17T02:29:56.709+0000] {subprocess.py:93} INFO - 26/06/17 02:29:56 ERROR TransportRequestHandler: Error while invoking RpcHandler#receive() for one-way message.
[2026-06-17T02:29:56.710+0000] {subprocess.py:93} INFO - org.apache.spark.SparkException: Could not find AppClient.
[2026-06-17T02:29:56.716+0000] {subprocess.py:93} INFO - 	at org.apache.spark.rpc.netty.Dispatcher.postMessage(Dispatcher.scala:178)
[2026-06-17T02:29:56.717+0000] {subprocess.py:93} INFO - 	at org.apache.spark.rpc.netty.Dispatcher.postOneWayMessage(Dispatcher.scala:150)
[2026-06-17T02:29:56.719+0000] {subprocess.py:93} INFO - 	at org.apache.spark.rpc.netty.NettyRpcHandler.receive(NettyRpcEnv.scala:690)
[2026-06-17T02:29:56.721+0000] {subprocess.py:93} INFO - 	at org.apache.spark.network.server.TransportRequestHandler.processOneWayMessage(TransportRequestHandler.java:274)
[2026-06-17T02:29:56.724+0000] {subprocess.py:93} INFO - 	at org.apache.spark.network.server.TransportRequestHandler.handle(TransportRequestHandler.java:111)
[2026-06-17T02:29:56.725+0000] {subprocess.py:93} INFO - 	at org.apache.spark.network.server.TransportChannelHandler.channelRead0(TransportChannelHandler.java:140)
[2026-06-17T02:29:56.726+0000] {subprocess.py:93} INFO - 	at org.apache.spark.network.server.TransportChannelHandler.channelRead0(TransportChannelHandler.java:53)
[2026-06-17T02:29:56.727+0000] {subprocess.py:93} INFO - 	at io.netty.channel.SimpleChannelInboundHandler.channelRead(SimpleChannelInboundHandler.java:99)
[2026-06-17T02:29:56.728+0000] {subprocess.py:93} INFO - 	at io.netty.channel.AbstractChannelHandlerContext.invokeChannelRead(AbstractChannelHandlerContext.java:444)
[2026-06-17T02:29:56.729+0000] {subprocess.py:93} INFO - 	at io.netty.channel.AbstractChannelHandlerContext.invokeChannelRead(AbstractChannelHandlerContext.java:420)
[2026-06-17T02:29:56.730+0000] {subprocess.py:93} INFO - 	at io.netty.channel.AbstractChannelHandlerContext.fireChannelRead(AbstractChannelHandlerContext.java:412)
[2026-06-17T02:29:56.731+0000] {subprocess.py:93} INFO - 	at io.netty.handler.timeout.IdleStateHandler.channelRead(IdleStateHandler.java:286)
[2026-06-17T02:29:56.735+0000] {subprocess.py:93} INFO - 	at io.netty.channel.AbstractChannelHandlerContext.invokeChannelRead(AbstractChannelHandlerContext.java:442)
[2026-06-17T02:29:56.737+0000] {subprocess.py:93} INFO - 	at io.netty.channel.AbstractChannelHandlerContext.invokeChannelRead(AbstractChannelHandlerContext.java:420)
[2026-06-17T02:29:56.743+0000] {subprocess.py:93} INFO - 	at io.netty.channel.AbstractChannelHandlerContext.fireChannelRead(AbstractChannelHandlerContext.java:412)
[2026-06-17T02:29:56.750+0000] {subprocess.py:93} INFO - 	at io.netty.handler.codec.MessageToMessageDecoder.channelRead(MessageToMessageDecoder.java:103)
[2026-06-17T02:29:56.752+0000] {subprocess.py:93} INFO - 	at io.netty.channel.AbstractChannelHandlerContext.invokeChannelRead(AbstractChannelHandlerContext.java:444)
[2026-06-17T02:29:56.755+0000] {subprocess.py:93} INFO - 	at io.netty.channel.AbstractChannelHandlerContext.invokeChannelRead(AbstractChannelHandlerContext.java:420)
[2026-06-17T02:29:56.757+0000] {subprocess.py:93} INFO - 	at io.netty.channel.AbstractChannelHandlerContext.fireChannelRead(AbstractChannelHandlerContext.java:412)
[2026-06-17T02:29:56.765+0000] {subprocess.py:93} INFO - 	at org.apache.spark.network.util.TransportFrameDecoder.channelRead(TransportFrameDecoder.java:102)
[2026-06-17T02:29:56.767+0000] {subprocess.py:93} INFO - 	at io.netty.channel.AbstractChannelHandlerContext.invokeChannelRead(AbstractChannelHandlerContext.java:444)
[2026-06-17T02:29:56.768+0000] {subprocess.py:93} INFO - 	at io.netty.channel.AbstractChannelHandlerContext.invokeChannelRead(AbstractChannelHandlerContext.java:420)
[2026-06-17T02:29:56.769+0000] {subprocess.py:93} INFO - 	at io.netty.channel.AbstractChannelHandlerContext.fireChannelRead(AbstractChannelHandlerContext.java:412)
[2026-06-17T02:29:56.778+0000] {subprocess.py:93} INFO - 	at io.netty.channel.DefaultChannelPipeline$HeadContext.channelRead(DefaultChannelPipeline.java:1410)
[2026-06-17T02:29:56.779+0000] {subprocess.py:93} INFO - 	at io.netty.channel.AbstractChannelHandlerContext.invokeChannelRead(AbstractChannelHandlerContext.java:440)
[2026-06-17T02:29:56.781+0000] {subprocess.py:93} INFO - 	at io.netty.channel.AbstractChannelHandlerContext.invokeChannelRead(AbstractChannelHandlerContext.java:420)
[2026-06-17T02:29:56.782+0000] {subprocess.py:93} INFO - 	at io.netty.channel.DefaultChannelPipeline.fireChannelRead(DefaultChannelPipeline.java:919)
[2026-06-17T02:29:56.783+0000] {subprocess.py:93} INFO - 	at io.netty.channel.nio.AbstractNioByteChannel$NioByteUnsafe.read(AbstractNioByteChannel.java:166)
[2026-06-17T02:29:56.788+0000] {subprocess.py:93} INFO - 	at io.netty.channel.nio.NioEventLoop.processSelectedKey(NioEventLoop.java:788)
[2026-06-17T02:29:56.790+0000] {subprocess.py:93} INFO - 	at io.netty.channel.nio.NioEventLoop.processSelectedKeysOptimized(NioEventLoop.java:724)
[2026-06-17T02:29:56.790+0000] {subprocess.py:93} INFO - 	at io.netty.channel.nio.NioEventLoop.processSelectedKeys(NioEventLoop.java:650)
[2026-06-17T02:29:56.796+0000] {subprocess.py:93} INFO - 	at io.netty.channel.nio.NioEventLoop.run(NioEventLoop.java:562)
[2026-06-17T02:29:56.797+0000] {subprocess.py:93} INFO - 	at io.netty.util.concurrent.SingleThreadEventExecutor$4.run(SingleThreadEventExecutor.java:997)
[2026-06-17T02:29:56.798+0000] {subprocess.py:93} INFO - 	at io.netty.util.internal.ThreadExecutorMap$2.run(ThreadExecutorMap.java:74)
[2026-06-17T02:29:56.800+0000] {subprocess.py:93} INFO - 	at io.netty.util.concurrent.FastThreadLocalRunnable.run(FastThreadLocalRunnable.java:30)
[2026-06-17T02:29:56.801+0000] {subprocess.py:93} INFO - 	at java.base/java.lang.Thread.run(Unknown Source)
[2026-06-17T02:29:56.802+0000] {subprocess.py:93} INFO - 26/06/17 02:29:56 ERROR TransportRequestHandler: Error while invoking RpcHandler#receive() for one-way message.
[2026-06-17T02:29:56.803+0000] {subprocess.py:93} INFO - org.apache.spark.SparkException: Could not find AppClient.
[2026-06-17T02:29:56.812+0000] {subprocess.py:93} INFO - 	at org.apache.spark.rpc.netty.Dispatcher.postMessage(Dispatcher.scala:178)
[2026-06-17T02:29:56.814+0000] {subprocess.py:93} INFO - 	at org.apache.spark.rpc.netty.Dispatcher.postOneWayMessage(Dispatcher.scala:150)
[2026-06-17T02:29:56.818+0000] {subprocess.py:93} INFO - 	at org.apache.spark.rpc.netty.NettyRpcHandler.receive(NettyRpcEnv.scala:690)
[2026-06-17T02:29:56.820+0000] {subprocess.py:93} INFO - 	at org.apache.spark.network.server.TransportRequestHandler.processOneWayMessage(TransportRequestHandler.java:274)
[2026-06-17T02:29:56.822+0000] {subprocess.py:93} INFO - 	at org.apache.spark.network.server.TransportRequestHandler.handle(TransportRequestHandler.java:111)
[2026-06-17T02:29:56.824+0000] {subprocess.py:93} INFO - 	at org.apache.spark.network.server.TransportChannelHandler.channelRead0(TransportChannelHandler.java:140)
[2026-06-17T02:29:56.830+0000] {subprocess.py:93} INFO - 	at org.apache.spark.network.server.TransportChannelHandler.channelRead0(TransportChannelHandler.java:53)
[2026-06-17T02:29:56.831+0000] {subprocess.py:93} INFO - 	at io.netty.channel.SimpleChannelInboundHandler.channelRead(SimpleChannelInboundHandler.java:99)
[2026-06-17T02:29:56.833+0000] {subprocess.py:93} INFO - 	at io.netty.channel.AbstractChannelHandlerContext.invokeChannelRead(AbstractChannelHandlerContext.java:444)
[2026-06-17T02:29:56.835+0000] {subprocess.py:93} INFO - 	at io.netty.channel.AbstractChannelHandlerContext.invokeChannelRead(AbstractChannelHandlerContext.java:420)
[2026-06-17T02:29:56.839+0000] {subprocess.py:93} INFO - 	at io.netty.channel.AbstractChannelHandlerContext.fireChannelRead(AbstractChannelHandlerContext.java:412)
[2026-06-17T02:29:56.841+0000] {subprocess.py:93} INFO - 	at io.netty.handler.timeout.IdleStateHandler.channelRead(IdleStateHandler.java:286)
[2026-06-17T02:29:56.842+0000] {subprocess.py:93} INFO - 	at io.netty.channel.AbstractChannelHandlerContext.invokeChannelRead(AbstractChannelHandlerContext.java:442)
[2026-06-17T02:29:56.849+0000] {subprocess.py:93} INFO - 	at io.netty.channel.AbstractChannelHandlerContext.invokeChannelRead(AbstractChannelHandlerContext.java:420)
[2026-06-17T02:29:56.850+0000] {subprocess.py:93} INFO - 	at io.netty.channel.AbstractChannelHandlerContext.fireChannelRead(AbstractChannelHandlerContext.java:412)
[2026-06-17T02:29:56.851+0000] {subprocess.py:93} INFO - 	at io.netty.handler.codec.MessageToMessageDecoder.channelRead(MessageToMessageDecoder.java:103)
[2026-06-17T02:29:56.852+0000] {subprocess.py:93} INFO - 	at io.netty.channel.AbstractChannelHandlerContext.invokeChannelRead(AbstractChannelHandlerContext.java:444)
[2026-06-17T02:29:56.853+0000] {subprocess.py:93} INFO - 	at io.netty.channel.AbstractChannelHandlerContext.invokeChannelRead(AbstractChannelHandlerContext.java:420)
[2026-06-17T02:29:56.854+0000] {subprocess.py:93} INFO - 	at io.netty.channel.AbstractChannelHandlerContext.fireChannelRead(AbstractChannelHandlerContext.java:412)
[2026-06-17T02:29:56.856+0000] {subprocess.py:93} INFO - 	at org.apache.spark.network.util.TransportFrameDecoder.channelRead(TransportFrameDecoder.java:102)
[2026-06-17T02:29:56.857+0000] {subprocess.py:93} INFO - 	at io.netty.channel.AbstractChannelHandlerContext.invokeChannelRead(AbstractChannelHandlerContext.java:444)
[2026-06-17T02:29:56.859+0000] {subprocess.py:93} INFO - 	at io.netty.channel.AbstractChannelHandlerContext.invokeChannelRead(AbstractChannelHandlerContext.java:420)
[2026-06-17T02:29:56.860+0000] {subprocess.py:93} INFO - 	at io.netty.channel.AbstractChannelHandlerContext.fireChannelRead(AbstractChannelHandlerContext.java:412)
[2026-06-17T02:29:56.861+0000] {subprocess.py:93} INFO - 	at io.netty.channel.DefaultChannelPipeline$HeadContext.channelRead(DefaultChannelPipeline.java:1410)
[2026-06-17T02:29:56.862+0000] {subprocess.py:93} INFO - 	at io.netty.channel.AbstractChannelHandlerContext.invokeChannelRead(AbstractChannelHandlerContext.java:440)
[2026-06-17T02:29:56.863+0000] {subprocess.py:93} INFO - 	at io.netty.channel.AbstractChannelHandlerContext.invokeChannelRead(AbstractChannelHandlerContext.java:420)
[2026-06-17T02:29:56.867+0000] {subprocess.py:93} INFO - 	at io.netty.channel.DefaultChannelPipeline.fireChannelRead(DefaultChannelPipeline.java:919)
[2026-06-17T02:29:56.868+0000] {subprocess.py:93} INFO - 	at io.netty.channel.nio.AbstractNioByteChannel$NioByteUnsafe.read(AbstractNioByteChannel.java:166)
[2026-06-17T02:29:56.870+0000] {subprocess.py:93} INFO - 	at io.netty.channel.nio.NioEventLoop.processSelectedKey(NioEventLoop.java:788)
[2026-06-17T02:29:56.871+0000] {subprocess.py:93} INFO - 	at io.netty.channel.nio.NioEventLoop.processSelectedKeysOptimized(NioEventLoop.java:724)
[2026-06-17T02:29:56.872+0000] {subprocess.py:93} INFO - 	at io.netty.channel.nio.NioEventLoop.processSelectedKeys(NioEventLoop.java:650)
[2026-06-17T02:29:56.874+0000] {subprocess.py:93} INFO - 	at io.netty.channel.nio.NioEventLoop.run(NioEventLoop.java:562)
[2026-06-17T02:29:56.875+0000] {subprocess.py:93} INFO - 	at io.netty.util.concurrent.SingleThreadEventExecutor$4.run(SingleThreadEventExecutor.java:997)
[2026-06-17T02:29:56.876+0000] {subprocess.py:93} INFO - 	at io.netty.util.internal.ThreadExecutorMap$2.run(ThreadExecutorMap.java:74)
[2026-06-17T02:29:56.877+0000] {subprocess.py:93} INFO - 	at io.netty.util.concurrent.FastThreadLocalRunnable.run(FastThreadLocalRunnable.java:30)
[2026-06-17T02:29:56.882+0000] {subprocess.py:93} INFO - 	at java.base/java.lang.Thread.run(Unknown Source)
[2026-06-17T02:29:59.947+0000] {subprocess.py:97} INFO - Command exited with return code 124
[2026-06-17T02:29:59.977+0000] {taskinstance.py:441} INFO - ::group::Post task execution logs
[2026-06-17T02:30:00.110+0000] {taskinstance.py:2890} ERROR - Task failed with exception
Traceback (most recent call last):
  File "/home/airflow/.local/lib/python3.12/site-packages/airflow/models/taskinstance.py", line 465, in _execute_task
    result = _execute_callable(context=context, **execute_callable_kwargs)
             ^^^^^^^^^^^^^^^^^^^^^^^^^^^^^^^^^^^^^^^^^^^^^^^^^^^^^^^^^^^^^
  File "/home/airflow/.local/lib/python3.12/site-packages/airflow/models/taskinstance.py", line 432, in _execute_callable
    return execute_callable(context=context, **execute_callable_kwargs)
           ^^^^^^^^^^^^^^^^^^^^^^^^^^^^^^^^^^^^^^^^^^^^^^^^^^^^^^^^^^^^
  File "/home/airflow/.local/lib/python3.12/site-packages/airflow/models/baseoperator.py", line 400, in wrapper
    return func(self, *args, **kwargs)
           ^^^^^^^^^^^^^^^^^^^^^^^^^^^
  File "/home/airflow/.local/lib/python3.12/site-packages/airflow/operators/bash.py", line 243, in execute
    raise AirflowException(
airflow.exceptions.AirflowException: Bash command failed. The command returned a non-zero exit code 124.
[2026-06-17T02:30:00.131+0000] {taskinstance.py:1205} INFO - Marking task as FAILED. dag_id=e-commerce_kafka_streaming_pipeline_v10, task_id=run_bronze, execution_date=20260616T180000, start_date=20260617T022755, end_date=20260617T023000
[2026-06-17T02:30:00.343+0000] {standard_task_runner.py:110} ERROR - Failed to execute job 35 for task run_bronze (Bash command failed. The command returned a non-zero exit code 124.; 1802)
[2026-06-17T02:30:00.464+0000] {local_task_job_runner.py:240} INFO - Task exited with return code 1
[2026-06-17T02:30:00.719+0000] {taskinstance.py:3482} INFO - 0 downstream tasks scheduled from follow-on schedule check
[2026-06-17T02:30:00.777+0000] {local_task_job_runner.py:222} INFO - ::endgroup::
