[2026-06-09T03:34:52.864+0000] {local_task_job_runner.py:120} INFO - ::group::Pre task execution logs
[2026-06-09T03:34:53.121+0000] {taskinstance.py:2073} INFO - Dependencies all met for dep_context=non-requeueable deps ti=<TaskInstance: e-commerce_kafka_streaming_pipeline_v10.produce_messages scheduled__2026-06-09T02:00:00+00:00 [queued]>
[2026-06-09T03:34:53.193+0000] {taskinstance.py:2073} INFO - Dependencies all met for dep_context=requeueable deps ti=<TaskInstance: e-commerce_kafka_streaming_pipeline_v10.produce_messages scheduled__2026-06-09T02:00:00+00:00 [queued]>
[2026-06-09T03:34:53.208+0000] {taskinstance.py:2303} INFO - Starting attempt 1 of 2
[2026-06-09T03:34:53.374+0000] {taskinstance.py:2327} INFO - Executing <Task(BashOperator): produce_messages> on 2026-06-09 02:00:00+00:00
[2026-06-09T03:34:53.463+0000] {standard_task_runner.py:90} INFO - Running: ['***', 'tasks', 'run', 'e-commerce_kafka_streaming_pipeline_v10', 'produce_messages', 'scheduled__2026-06-09T02:00:00+00:00', '--job-id', '64', '--raw', '--subdir', 'DAGS_FOLDER/sdp_pipeline_dag.py', '--cfg-path', '/tmp/tmpqpde03gy']
[2026-06-09T03:34:53.500+0000] {logging_mixin.py:188} WARNING - /home/***/.local/lib/python3.12/site-packages/***/task/task_runner/standard_task_runner.py:61 DeprecationWarning: This process (pid=926) is multi-threaded, use of fork() may lead to deadlocks in the child.
[2026-06-09T03:34:53.530+0000] {standard_task_runner.py:63} INFO - Started process 933 to run task
[2026-06-09T03:34:53.502+0000] {standard_task_runner.py:91} INFO - Job 64: Subtask produce_messages
[2026-06-09T03:34:54.186+0000] {task_command.py:426} INFO - Running <TaskInstance: e-commerce_kafka_streaming_pipeline_v10.produce_messages scheduled__2026-06-09T02:00:00+00:00 [running]> on host 19d9c0c71dcc
[2026-06-09T03:34:55.407+0000] {taskinstance.py:2644} INFO - Exporting env vars: AIRFLOW_CTX_DAG_OWNER='dev' AIRFLOW_CTX_DAG_ID='e-commerce_kafka_streaming_pipeline_v10' AIRFLOW_CTX_TASK_ID='produce_messages' AIRFLOW_CTX_EXECUTION_DATE='2026-06-09T02:00:00+00:00' AIRFLOW_CTX_TRY_NUMBER='1' AIRFLOW_CTX_DAG_RUN_ID='scheduled__2026-06-09T02:00:00+00:00'
[2026-06-09T03:34:55.415+0000] {taskinstance.py:430} INFO - ::endgroup::
[2026-06-09T03:34:55.547+0000] {subprocess.py:63} INFO - Tmp dir root location: /tmp
[2026-06-09T03:34:55.559+0000] {subprocess.py:75} INFO - Running command: ['/usr/bin/bash', '-c', 'python3 /opt/pipelines/api_to_kafka.py']
[2026-06-09T03:34:55.637+0000] {subprocess.py:86} INFO - Output:
[2026-06-09T03:35:07.427+0000] {subprocess.py:93} INFO - Published 7 records to topic 'orders'
[2026-06-09T03:35:07.436+0000] {subprocess.py:93} INFO - Published 10 records to topic 'customers'
[2026-06-09T03:35:07.442+0000] {subprocess.py:93} INFO - Published 20 records to topic 'products'
[2026-06-09T03:35:07.793+0000] {subprocess.py:97} INFO - Command exited with return code 0
[2026-06-09T03:35:07.798+0000] {taskinstance.py:441} INFO - ::group::Post task execution logs
[2026-06-09T03:35:07.979+0000] {taskinstance.py:1205} INFO - Marking task as SUCCESS. dag_id=e-commerce_kafka_streaming_pipeline_v10, task_id=produce_messages, execution_date=20260609T020000, start_date=20260609T033453, end_date=20260609T033507
[2026-06-09T03:35:08.083+0000] {local_task_job_runner.py:240} INFO - Task exited with return code 0
[2026-06-09T03:35:08.303+0000] {taskinstance.py:3482} INFO - 1 downstream tasks scheduled from follow-on schedule check
[2026-06-09T03:35:08.317+0000] {local_task_job_runner.py:222} INFO - ::endgroup::
