[2026-07-15T10:36:31.139+0000] {processor.py:161} INFO - Started process (PID=985) to work on /opt/airflow/dags/api_geneartion_dag1.py
[2026-07-15T10:36:31.142+0000] {processor.py:830} INFO - Processing file /opt/airflow/dags/api_geneartion_dag1.py for tasks to queue
[2026-07-15T10:36:31.143+0000] {logging_mixin.py:188} INFO - [2026-07-15T10:36:31.143+0000] {dagbag.py:540} INFO - Filling up the DagBag from /opt/airflow/dags/api_geneartion_dag1.py
[2026-07-15T10:36:31.177+0000] {processor.py:840} INFO - DAG(s) 'api_generation_dag1' retrieved from /opt/airflow/dags/api_geneartion_dag1.py
[2026-07-15T10:36:31.301+0000] {logging_mixin.py:188} INFO - [2026-07-15T10:36:31.301+0000] {dag.py:3096} INFO - Sync 1 DAGs
[2026-07-15T10:36:31.326+0000] {logging_mixin.py:188} INFO - [2026-07-15T10:36:31.326+0000] {dag.py:3954} INFO - Setting next_dagrun for api_generation_dag1 to 2026-07-15 10:00:00+00:00, run_after=2026-07-15 11:00:00+00:00
[2026-07-15T10:36:31.349+0000] {processor.py:183} INFO - Processing /opt/airflow/dags/api_geneartion_dag1.py took 0.222 seconds
[2026-07-15T10:37:01.448+0000] {processor.py:161} INFO - Started process (PID=1057) to work on /opt/airflow/dags/api_geneartion_dag1.py
[2026-07-15T10:37:01.451+0000] {processor.py:830} INFO - Processing file /opt/airflow/dags/api_geneartion_dag1.py for tasks to queue
[2026-07-15T10:37:01.454+0000] {logging_mixin.py:188} INFO - [2026-07-15T10:37:01.453+0000] {dagbag.py:540} INFO - Filling up the DagBag from /opt/airflow/dags/api_geneartion_dag1.py
[2026-07-15T10:37:01.495+0000] {processor.py:840} INFO - DAG(s) 'api_generation_dag1' retrieved from /opt/airflow/dags/api_geneartion_dag1.py
[2026-07-15T10:37:01.545+0000] {logging_mixin.py:188} INFO - [2026-07-15T10:37:01.545+0000] {dag.py:3096} INFO - Sync 1 DAGs
[2026-07-15T10:37:01.600+0000] {logging_mixin.py:188} INFO - [2026-07-15T10:37:01.599+0000] {dag.py:3954} INFO - Setting next_dagrun for api_generation_dag1 to 2026-07-15 10:00:00+00:00, run_after=2026-07-15 11:00:00+00:00
[2026-07-15T10:37:01.638+0000] {processor.py:183} INFO - Processing /opt/airflow/dags/api_geneartion_dag1.py took 0.205 seconds
[2026-07-15T10:37:32.348+0000] {processor.py:161} INFO - Started process (PID=1082) to work on /opt/airflow/dags/api_geneartion_dag1.py
[2026-07-15T10:37:32.349+0000] {processor.py:830} INFO - Processing file /opt/airflow/dags/api_geneartion_dag1.py for tasks to queue
[2026-07-15T10:37:32.351+0000] {logging_mixin.py:188} INFO - [2026-07-15T10:37:32.351+0000] {dagbag.py:540} INFO - Filling up the DagBag from /opt/airflow/dags/api_geneartion_dag1.py
[2026-07-15T10:37:32.374+0000] {processor.py:840} INFO - DAG(s) 'api_generation_dag1' retrieved from /opt/airflow/dags/api_geneartion_dag1.py
[2026-07-15T10:37:32.410+0000] {logging_mixin.py:188} INFO - [2026-07-15T10:37:32.410+0000] {dag.py:3096} INFO - Sync 1 DAGs
[2026-07-15T10:37:32.442+0000] {logging_mixin.py:188} INFO - [2026-07-15T10:37:32.442+0000] {dag.py:3954} INFO - Setting next_dagrun for api_generation_dag1 to 2026-07-15 10:00:00+00:00, run_after=2026-07-15 11:00:00+00:00
[2026-07-15T10:37:32.479+0000] {processor.py:183} INFO - Processing /opt/airflow/dags/api_geneartion_dag1.py took 0.138 seconds
[2026-07-15T10:38:03.120+0000] {processor.py:161} INFO - Started process (PID=1107) to work on /opt/airflow/dags/api_geneartion_dag1.py
[2026-07-15T10:38:03.122+0000] {processor.py:830} INFO - Processing file /opt/airflow/dags/api_geneartion_dag1.py for tasks to queue
[2026-07-15T10:38:03.123+0000] {logging_mixin.py:188} INFO - [2026-07-15T10:38:03.123+0000] {dagbag.py:540} INFO - Filling up the DagBag from /opt/airflow/dags/api_geneartion_dag1.py
[2026-07-15T10:38:03.142+0000] {processor.py:840} INFO - DAG(s) 'api_generation_dag1' retrieved from /opt/airflow/dags/api_geneartion_dag1.py
[2026-07-15T10:38:03.176+0000] {logging_mixin.py:188} INFO - [2026-07-15T10:38:03.176+0000] {dag.py:3096} INFO - Sync 1 DAGs
[2026-07-15T10:38:03.202+0000] {logging_mixin.py:188} INFO - [2026-07-15T10:38:03.202+0000] {dag.py:3954} INFO - Setting next_dagrun for api_generation_dag1 to 2026-07-15 10:00:00+00:00, run_after=2026-07-15 11:00:00+00:00
[2026-07-15T10:38:03.225+0000] {processor.py:183} INFO - Processing /opt/airflow/dags/api_geneartion_dag1.py took 0.115 seconds
