[2026-07-15T10:21:29.552+0000] {processor.py:161} INFO - Started process (PID=712) to work on /opt/airflow/dags/pipeline_api_geneartion_dag1.py
[2026-07-15T10:21:29.553+0000] {processor.py:830} INFO - Processing file /opt/airflow/dags/pipeline_api_geneartion_dag1.py for tasks to queue
[2026-07-15T10:21:29.555+0000] {logging_mixin.py:188} INFO - [2026-07-15T10:21:29.555+0000] {dagbag.py:540} INFO - Filling up the DagBag from /opt/airflow/dags/pipeline_api_geneartion_dag1.py
[2026-07-15T10:21:29.578+0000] {processor.py:840} INFO - DAG(s) 'e-commerce_kafka_streaming_pipeline_v10' retrieved from /opt/airflow/dags/pipeline_api_geneartion_dag1.py
[2026-07-15T10:21:29.941+0000] {logging_mixin.py:188} INFO - [2026-07-15T10:21:29.941+0000] {dag.py:3096} INFO - Sync 1 DAGs
[2026-07-15T10:21:29.964+0000] {logging_mixin.py:188} INFO - [2026-07-15T10:21:29.964+0000] {dag.py:3954} INFO - Setting next_dagrun for e-commerce_kafka_streaming_pipeline_v10 to 2026-07-15 10:00:00+00:00, run_after=2026-07-15 11:00:00+00:00
[2026-07-15T10:21:29.991+0000] {processor.py:183} INFO - Processing /opt/airflow/dags/pipeline_api_geneartion_dag1.py took 0.446 seconds
[2026-07-15T10:22:00.826+0000] {processor.py:161} INFO - Started process (PID=722) to work on /opt/airflow/dags/pipeline_api_geneartion_dag1.py
[2026-07-15T10:22:00.827+0000] {processor.py:830} INFO - Processing file /opt/airflow/dags/pipeline_api_geneartion_dag1.py for tasks to queue
[2026-07-15T10:22:00.830+0000] {logging_mixin.py:188} INFO - [2026-07-15T10:22:00.829+0000] {dagbag.py:540} INFO - Filling up the DagBag from /opt/airflow/dags/pipeline_api_geneartion_dag1.py
[2026-07-15T10:22:00.850+0000] {processor.py:840} INFO - DAG(s) 'e-commerce_kafka_streaming_pipeline_v10' retrieved from /opt/airflow/dags/pipeline_api_geneartion_dag1.py
[2026-07-15T10:22:00.877+0000] {logging_mixin.py:188} INFO - [2026-07-15T10:22:00.877+0000] {dag.py:3096} INFO - Sync 1 DAGs
[2026-07-15T10:22:00.901+0000] {logging_mixin.py:188} INFO - [2026-07-15T10:22:00.900+0000] {dag.py:3954} INFO - Setting next_dagrun for e-commerce_kafka_streaming_pipeline_v10 to 2026-07-15 10:00:00+00:00, run_after=2026-07-15 11:00:00+00:00
[2026-07-15T10:22:00.924+0000] {processor.py:183} INFO - Processing /opt/airflow/dags/pipeline_api_geneartion_dag1.py took 0.106 seconds
[2026-07-15T10:22:31.144+0000] {processor.py:161} INFO - Started process (PID=732) to work on /opt/airflow/dags/pipeline_api_geneartion_dag1.py
[2026-07-15T10:22:31.145+0000] {processor.py:830} INFO - Processing file /opt/airflow/dags/pipeline_api_geneartion_dag1.py for tasks to queue
[2026-07-15T10:22:31.147+0000] {logging_mixin.py:188} INFO - [2026-07-15T10:22:31.147+0000] {dagbag.py:540} INFO - Filling up the DagBag from /opt/airflow/dags/pipeline_api_geneartion_dag1.py
[2026-07-15T10:22:31.164+0000] {processor.py:840} INFO - DAG(s) 'e-commerce_kafka_streaming_pipeline_v10' retrieved from /opt/airflow/dags/pipeline_api_geneartion_dag1.py
[2026-07-15T10:22:31.175+0000] {logging_mixin.py:188} INFO - [2026-07-15T10:22:31.175+0000] {dag.py:3096} INFO - Sync 1 DAGs
[2026-07-15T10:22:31.197+0000] {logging_mixin.py:188} INFO - [2026-07-15T10:22:31.197+0000] {dag.py:3954} INFO - Setting next_dagrun for e-commerce_kafka_streaming_pipeline_v10 to 2026-07-15 10:00:00+00:00, run_after=2026-07-15 11:00:00+00:00
[2026-07-15T10:22:31.218+0000] {processor.py:183} INFO - Processing /opt/airflow/dags/pipeline_api_geneartion_dag1.py took 0.079 seconds
[2026-07-15T10:22:35.177+0000] {processor.py:161} INFO - Started process (PID=737) to work on /opt/airflow/dags/pipeline_api_geneartion_dag1.py
[2026-07-15T10:22:35.178+0000] {processor.py:830} INFO - Processing file /opt/airflow/dags/pipeline_api_geneartion_dag1.py for tasks to queue
[2026-07-15T10:22:35.182+0000] {logging_mixin.py:188} INFO - [2026-07-15T10:22:35.181+0000] {dagbag.py:540} INFO - Filling up the DagBag from /opt/airflow/dags/pipeline_api_geneartion_dag1.py
[2026-07-15T10:22:35.205+0000] {processor.py:840} INFO - DAG(s) 'e-commerce_kafka_streaming_pipeline_v10' retrieved from /opt/airflow/dags/pipeline_api_geneartion_dag1.py
[2026-07-15T10:22:35.218+0000] {logging_mixin.py:188} INFO - [2026-07-15T10:22:35.217+0000] {dag.py:3096} INFO - Sync 1 DAGs
[2026-07-15T10:22:35.244+0000] {logging_mixin.py:188} INFO - [2026-07-15T10:22:35.243+0000] {dag.py:3954} INFO - Setting next_dagrun for e-commerce_kafka_streaming_pipeline_v10 to 2026-07-15 10:00:00+00:00, run_after=2026-07-15 11:00:00+00:00
[2026-07-15T10:22:35.267+0000] {processor.py:183} INFO - Processing /opt/airflow/dags/pipeline_api_geneartion_dag1.py took 0.097 seconds
[2026-07-15T10:23:05.514+0000] {processor.py:161} INFO - Started process (PID=747) to work on /opt/airflow/dags/pipeline_api_geneartion_dag1.py
[2026-07-15T10:23:05.515+0000] {processor.py:830} INFO - Processing file /opt/airflow/dags/pipeline_api_geneartion_dag1.py for tasks to queue
[2026-07-15T10:23:05.518+0000] {logging_mixin.py:188} INFO - [2026-07-15T10:23:05.518+0000] {dagbag.py:540} INFO - Filling up the DagBag from /opt/airflow/dags/pipeline_api_geneartion_dag1.py
[2026-07-15T10:23:05.531+0000] {processor.py:840} INFO - DAG(s) 'e-commerce_kafka_streaming_pipeline_v10' retrieved from /opt/airflow/dags/pipeline_api_geneartion_dag1.py
[2026-07-15T10:23:05.617+0000] {logging_mixin.py:188} INFO - [2026-07-15T10:23:05.617+0000] {dag.py:3096} INFO - Sync 1 DAGs
[2026-07-15T10:23:05.639+0000] {logging_mixin.py:188} INFO - [2026-07-15T10:23:05.638+0000] {dag.py:3954} INFO - Setting next_dagrun for e-commerce_kafka_streaming_pipeline_v10 to 2026-07-15 10:00:00+00:00, run_after=2026-07-15 11:00:00+00:00
[2026-07-15T10:23:05.663+0000] {processor.py:183} INFO - Processing /opt/airflow/dags/pipeline_api_geneartion_dag1.py took 0.154 seconds
[2026-07-15T10:23:35.937+0000] {processor.py:161} INFO - Started process (PID=757) to work on /opt/airflow/dags/pipeline_api_geneartion_dag1.py
[2026-07-15T10:23:35.938+0000] {processor.py:830} INFO - Processing file /opt/airflow/dags/pipeline_api_geneartion_dag1.py for tasks to queue
[2026-07-15T10:23:35.941+0000] {logging_mixin.py:188} INFO - [2026-07-15T10:23:35.940+0000] {dagbag.py:540} INFO - Filling up the DagBag from /opt/airflow/dags/pipeline_api_geneartion_dag1.py
[2026-07-15T10:23:35.959+0000] {processor.py:840} INFO - DAG(s) 'e-commerce_kafka_streaming_pipeline_v10' retrieved from /opt/airflow/dags/pipeline_api_geneartion_dag1.py
[2026-07-15T10:23:35.987+0000] {logging_mixin.py:188} INFO - [2026-07-15T10:23:35.987+0000] {dag.py:3096} INFO - Sync 1 DAGs
[2026-07-15T10:23:36.010+0000] {logging_mixin.py:188} INFO - [2026-07-15T10:23:36.010+0000] {dag.py:3954} INFO - Setting next_dagrun for e-commerce_kafka_streaming_pipeline_v10 to 2026-07-15 10:00:00+00:00, run_after=2026-07-15 11:00:00+00:00
[2026-07-15T10:23:36.037+0000] {processor.py:183} INFO - Processing /opt/airflow/dags/pipeline_api_geneartion_dag1.py took 0.108 seconds
[2026-07-15T10:24:06.306+0000] {processor.py:161} INFO - Started process (PID=767) to work on /opt/airflow/dags/pipeline_api_geneartion_dag1.py
[2026-07-15T10:24:06.308+0000] {processor.py:830} INFO - Processing file /opt/airflow/dags/pipeline_api_geneartion_dag1.py for tasks to queue
[2026-07-15T10:24:06.311+0000] {logging_mixin.py:188} INFO - [2026-07-15T10:24:06.311+0000] {dagbag.py:540} INFO - Filling up the DagBag from /opt/airflow/dags/pipeline_api_geneartion_dag1.py
[2026-07-15T10:24:06.334+0000] {processor.py:840} INFO - DAG(s) 'e-commerce_kafka_streaming_pipeline_v10' retrieved from /opt/airflow/dags/pipeline_api_geneartion_dag1.py
[2026-07-15T10:24:06.346+0000] {logging_mixin.py:188} INFO - [2026-07-15T10:24:06.346+0000] {dag.py:3096} INFO - Sync 1 DAGs
[2026-07-15T10:24:06.371+0000] {logging_mixin.py:188} INFO - [2026-07-15T10:24:06.371+0000] {dag.py:3954} INFO - Setting next_dagrun for e-commerce_kafka_streaming_pipeline_v10 to 2026-07-15 10:00:00+00:00, run_after=2026-07-15 11:00:00+00:00
[2026-07-15T10:24:06.391+0000] {processor.py:183} INFO - Processing /opt/airflow/dags/pipeline_api_geneartion_dag1.py took 0.092 seconds
[2026-07-15T10:24:07.353+0000] {processor.py:161} INFO - Started process (PID=772) to work on /opt/airflow/dags/pipeline_api_geneartion_dag1.py
[2026-07-15T10:24:07.355+0000] {processor.py:830} INFO - Processing file /opt/airflow/dags/pipeline_api_geneartion_dag1.py for tasks to queue
[2026-07-15T10:24:07.359+0000] {logging_mixin.py:188} INFO - [2026-07-15T10:24:07.358+0000] {dagbag.py:540} INFO - Filling up the DagBag from /opt/airflow/dags/pipeline_api_geneartion_dag1.py
[2026-07-15T10:24:07.384+0000] {processor.py:840} INFO - DAG(s) 'pipeline_api_geneartion_dag1' retrieved from /opt/airflow/dags/pipeline_api_geneartion_dag1.py
[2026-07-15T10:24:07.498+0000] {logging_mixin.py:188} INFO - [2026-07-15T10:24:07.498+0000] {override.py:1829} INFO - Created Permission View: can edit on DAG:pipeline_api_geneartion_dag1
[2026-07-15T10:24:07.510+0000] {logging_mixin.py:188} INFO - [2026-07-15T10:24:07.509+0000] {override.py:1829} INFO - Created Permission View: can delete on DAG:pipeline_api_geneartion_dag1
[2026-07-15T10:24:07.518+0000] {logging_mixin.py:188} INFO - [2026-07-15T10:24:07.518+0000] {override.py:1829} INFO - Created Permission View: can read on DAG:pipeline_api_geneartion_dag1
[2026-07-15T10:24:07.519+0000] {logging_mixin.py:188} INFO - [2026-07-15T10:24:07.519+0000] {dag.py:3096} INFO - Sync 1 DAGs
[2026-07-15T10:24:07.534+0000] {logging_mixin.py:188} INFO - [2026-07-15T10:24:07.534+0000] {dag.py:3118} INFO - Creating ORM DAG for pipeline_api_geneartion_dag1
[2026-07-15T10:24:07.547+0000] {logging_mixin.py:188} INFO - [2026-07-15T10:24:07.547+0000] {dag.py:3954} INFO - Setting next_dagrun for pipeline_api_geneartion_dag1 to 2026-07-15 09:00:00+00:00, run_after=2026-07-15 10:00:00+00:00
[2026-07-15T10:24:07.584+0000] {processor.py:183} INFO - Processing /opt/airflow/dags/pipeline_api_geneartion_dag1.py took 0.238 seconds
[2026-07-15T10:24:37.678+0000] {processor.py:161} INFO - Started process (PID=786) to work on /opt/airflow/dags/pipeline_api_geneartion_dag1.py
[2026-07-15T10:24:37.679+0000] {processor.py:830} INFO - Processing file /opt/airflow/dags/pipeline_api_geneartion_dag1.py for tasks to queue
[2026-07-15T10:24:37.682+0000] {logging_mixin.py:188} INFO - [2026-07-15T10:24:37.682+0000] {dagbag.py:540} INFO - Filling up the DagBag from /opt/airflow/dags/pipeline_api_geneartion_dag1.py
[2026-07-15T10:24:37.699+0000] {processor.py:840} INFO - DAG(s) 'pipeline_api_geneartion_dag1' retrieved from /opt/airflow/dags/pipeline_api_geneartion_dag1.py
[2026-07-15T10:24:37.722+0000] {logging_mixin.py:188} INFO - [2026-07-15T10:24:37.722+0000] {dag.py:3096} INFO - Sync 1 DAGs
[2026-07-15T10:24:37.742+0000] {logging_mixin.py:188} INFO - [2026-07-15T10:24:37.742+0000] {dag.py:3954} INFO - Setting next_dagrun for pipeline_api_geneartion_dag1 to 2026-07-15 10:00:00+00:00, run_after=2026-07-15 11:00:00+00:00
[2026-07-15T10:24:37.761+0000] {processor.py:183} INFO - Processing /opt/airflow/dags/pipeline_api_geneartion_dag1.py took 0.089 seconds
[2026-07-15T10:25:08.047+0000] {processor.py:161} INFO - Started process (PID=796) to work on /opt/airflow/dags/pipeline_api_geneartion_dag1.py
[2026-07-15T10:25:08.048+0000] {processor.py:830} INFO - Processing file /opt/airflow/dags/pipeline_api_geneartion_dag1.py for tasks to queue
[2026-07-15T10:25:08.051+0000] {logging_mixin.py:188} INFO - [2026-07-15T10:25:08.051+0000] {dagbag.py:540} INFO - Filling up the DagBag from /opt/airflow/dags/pipeline_api_geneartion_dag1.py
[2026-07-15T10:25:08.068+0000] {processor.py:840} INFO - DAG(s) 'pipeline_api_geneartion_dag1' retrieved from /opt/airflow/dags/pipeline_api_geneartion_dag1.py
[2026-07-15T10:25:08.093+0000] {logging_mixin.py:188} INFO - [2026-07-15T10:25:08.092+0000] {dag.py:3096} INFO - Sync 1 DAGs
[2026-07-15T10:25:08.114+0000] {logging_mixin.py:188} INFO - [2026-07-15T10:25:08.114+0000] {dag.py:3954} INFO - Setting next_dagrun for pipeline_api_geneartion_dag1 to 2026-07-15 10:00:00+00:00, run_after=2026-07-15 11:00:00+00:00
[2026-07-15T10:25:08.134+0000] {processor.py:183} INFO - Processing /opt/airflow/dags/pipeline_api_geneartion_dag1.py took 0.094 seconds
[2026-07-15T10:25:38.432+0000] {processor.py:161} INFO - Started process (PID=806) to work on /opt/airflow/dags/pipeline_api_geneartion_dag1.py
[2026-07-15T10:25:38.434+0000] {processor.py:830} INFO - Processing file /opt/airflow/dags/pipeline_api_geneartion_dag1.py for tasks to queue
[2026-07-15T10:25:38.437+0000] {logging_mixin.py:188} INFO - [2026-07-15T10:25:38.436+0000] {dagbag.py:540} INFO - Filling up the DagBag from /opt/airflow/dags/pipeline_api_geneartion_dag1.py
[2026-07-15T10:25:38.454+0000] {processor.py:840} INFO - DAG(s) 'pipeline_api_geneartion_dag1' retrieved from /opt/airflow/dags/pipeline_api_geneartion_dag1.py
[2026-07-15T10:25:38.477+0000] {logging_mixin.py:188} INFO - [2026-07-15T10:25:38.477+0000] {dag.py:3096} INFO - Sync 1 DAGs
[2026-07-15T10:25:38.498+0000] {logging_mixin.py:188} INFO - [2026-07-15T10:25:38.497+0000] {dag.py:3954} INFO - Setting next_dagrun for pipeline_api_geneartion_dag1 to 2026-07-15 10:00:00+00:00, run_after=2026-07-15 11:00:00+00:00
[2026-07-15T10:25:38.515+0000] {processor.py:183} INFO - Processing /opt/airflow/dags/pipeline_api_geneartion_dag1.py took 0.090 seconds
[2026-07-15T10:26:08.786+0000] {processor.py:161} INFO - Started process (PID=816) to work on /opt/airflow/dags/pipeline_api_geneartion_dag1.py
[2026-07-15T10:26:08.787+0000] {processor.py:830} INFO - Processing file /opt/airflow/dags/pipeline_api_geneartion_dag1.py for tasks to queue
[2026-07-15T10:26:08.790+0000] {logging_mixin.py:188} INFO - [2026-07-15T10:26:08.790+0000] {dagbag.py:540} INFO - Filling up the DagBag from /opt/airflow/dags/pipeline_api_geneartion_dag1.py
[2026-07-15T10:26:08.807+0000] {processor.py:840} INFO - DAG(s) 'pipeline_api_geneartion_dag1' retrieved from /opt/airflow/dags/pipeline_api_geneartion_dag1.py
[2026-07-15T10:26:08.839+0000] {logging_mixin.py:188} INFO - [2026-07-15T10:26:08.838+0000] {dag.py:3096} INFO - Sync 1 DAGs
[2026-07-15T10:26:08.859+0000] {logging_mixin.py:188} INFO - [2026-07-15T10:26:08.859+0000] {dag.py:3954} INFO - Setting next_dagrun for pipeline_api_geneartion_dag1 to 2026-07-15 10:00:00+00:00, run_after=2026-07-15 11:00:00+00:00
[2026-07-15T10:26:08.880+0000] {processor.py:183} INFO - Processing /opt/airflow/dags/pipeline_api_geneartion_dag1.py took 0.100 seconds
[2026-07-15T10:26:39.190+0000] {processor.py:161} INFO - Started process (PID=826) to work on /opt/airflow/dags/pipeline_api_geneartion_dag1.py
[2026-07-15T10:26:39.191+0000] {processor.py:830} INFO - Processing file /opt/airflow/dags/pipeline_api_geneartion_dag1.py for tasks to queue
[2026-07-15T10:26:39.193+0000] {logging_mixin.py:188} INFO - [2026-07-15T10:26:39.193+0000] {dagbag.py:540} INFO - Filling up the DagBag from /opt/airflow/dags/pipeline_api_geneartion_dag1.py
[2026-07-15T10:26:39.209+0000] {processor.py:840} INFO - DAG(s) 'pipeline_api_geneartion_dag1' retrieved from /opt/airflow/dags/pipeline_api_geneartion_dag1.py
[2026-07-15T10:26:39.232+0000] {logging_mixin.py:188} INFO - [2026-07-15T10:26:39.231+0000] {dag.py:3096} INFO - Sync 1 DAGs
[2026-07-15T10:26:39.251+0000] {logging_mixin.py:188} INFO - [2026-07-15T10:26:39.251+0000] {dag.py:3954} INFO - Setting next_dagrun for pipeline_api_geneartion_dag1 to 2026-07-15 10:00:00+00:00, run_after=2026-07-15 11:00:00+00:00
[2026-07-15T10:26:39.271+0000] {processor.py:183} INFO - Processing /opt/airflow/dags/pipeline_api_geneartion_dag1.py took 0.087 seconds
[2026-07-15T10:27:09.553+0000] {processor.py:161} INFO - Started process (PID=836) to work on /opt/airflow/dags/pipeline_api_geneartion_dag1.py
[2026-07-15T10:27:09.554+0000] {processor.py:830} INFO - Processing file /opt/airflow/dags/pipeline_api_geneartion_dag1.py for tasks to queue
[2026-07-15T10:27:09.557+0000] {logging_mixin.py:188} INFO - [2026-07-15T10:27:09.556+0000] {dagbag.py:540} INFO - Filling up the DagBag from /opt/airflow/dags/pipeline_api_geneartion_dag1.py
[2026-07-15T10:27:09.575+0000] {processor.py:840} INFO - DAG(s) 'pipeline_api_geneartion_dag1' retrieved from /opt/airflow/dags/pipeline_api_geneartion_dag1.py
[2026-07-15T10:27:09.599+0000] {logging_mixin.py:188} INFO - [2026-07-15T10:27:09.599+0000] {dag.py:3096} INFO - Sync 1 DAGs
[2026-07-15T10:27:09.619+0000] {logging_mixin.py:188} INFO - [2026-07-15T10:27:09.619+0000] {dag.py:3954} INFO - Setting next_dagrun for pipeline_api_geneartion_dag1 to 2026-07-15 10:00:00+00:00, run_after=2026-07-15 11:00:00+00:00
[2026-07-15T10:27:09.640+0000] {processor.py:183} INFO - Processing /opt/airflow/dags/pipeline_api_geneartion_dag1.py took 0.093 seconds
[2026-07-15T10:27:39.876+0000] {processor.py:161} INFO - Started process (PID=846) to work on /opt/airflow/dags/pipeline_api_geneartion_dag1.py
[2026-07-15T10:27:39.877+0000] {processor.py:830} INFO - Processing file /opt/airflow/dags/pipeline_api_geneartion_dag1.py for tasks to queue
[2026-07-15T10:27:39.880+0000] {logging_mixin.py:188} INFO - [2026-07-15T10:27:39.880+0000] {dagbag.py:540} INFO - Filling up the DagBag from /opt/airflow/dags/pipeline_api_geneartion_dag1.py
[2026-07-15T10:27:39.898+0000] {processor.py:840} INFO - DAG(s) 'pipeline_api_geneartion_dag1' retrieved from /opt/airflow/dags/pipeline_api_geneartion_dag1.py
[2026-07-15T10:27:39.922+0000] {logging_mixin.py:188} INFO - [2026-07-15T10:27:39.921+0000] {dag.py:3096} INFO - Sync 1 DAGs
[2026-07-15T10:27:39.946+0000] {logging_mixin.py:188} INFO - [2026-07-15T10:27:39.945+0000] {dag.py:3954} INFO - Setting next_dagrun for pipeline_api_geneartion_dag1 to 2026-07-15 10:00:00+00:00, run_after=2026-07-15 11:00:00+00:00
[2026-07-15T10:27:39.963+0000] {processor.py:183} INFO - Processing /opt/airflow/dags/pipeline_api_geneartion_dag1.py took 0.094 seconds
[2026-07-15T10:28:10.237+0000] {processor.py:161} INFO - Started process (PID=856) to work on /opt/airflow/dags/pipeline_api_geneartion_dag1.py
[2026-07-15T10:28:10.239+0000] {processor.py:830} INFO - Processing file /opt/airflow/dags/pipeline_api_geneartion_dag1.py for tasks to queue
[2026-07-15T10:28:10.242+0000] {logging_mixin.py:188} INFO - [2026-07-15T10:28:10.241+0000] {dagbag.py:540} INFO - Filling up the DagBag from /opt/airflow/dags/pipeline_api_geneartion_dag1.py
[2026-07-15T10:28:10.262+0000] {processor.py:840} INFO - DAG(s) 'pipeline_api_geneartion_dag1' retrieved from /opt/airflow/dags/pipeline_api_geneartion_dag1.py
[2026-07-15T10:28:10.294+0000] {logging_mixin.py:188} INFO - [2026-07-15T10:28:10.294+0000] {dag.py:3096} INFO - Sync 1 DAGs
[2026-07-15T10:28:10.325+0000] {logging_mixin.py:188} INFO - [2026-07-15T10:28:10.325+0000] {dag.py:3954} INFO - Setting next_dagrun for pipeline_api_geneartion_dag1 to 2026-07-15 10:00:00+00:00, run_after=2026-07-15 11:00:00+00:00
[2026-07-15T10:28:10.352+0000] {processor.py:183} INFO - Processing /opt/airflow/dags/pipeline_api_geneartion_dag1.py took 0.125 seconds
[2026-07-15T10:28:40.519+0000] {processor.py:161} INFO - Started process (PID=866) to work on /opt/airflow/dags/pipeline_api_geneartion_dag1.py
[2026-07-15T10:28:40.520+0000] {processor.py:830} INFO - Processing file /opt/airflow/dags/pipeline_api_geneartion_dag1.py for tasks to queue
[2026-07-15T10:28:40.522+0000] {logging_mixin.py:188} INFO - [2026-07-15T10:28:40.521+0000] {dagbag.py:540} INFO - Filling up the DagBag from /opt/airflow/dags/pipeline_api_geneartion_dag1.py
[2026-07-15T10:28:40.538+0000] {processor.py:840} INFO - DAG(s) 'pipeline_api_geneartion_dag1' retrieved from /opt/airflow/dags/pipeline_api_geneartion_dag1.py
[2026-07-15T10:28:40.564+0000] {logging_mixin.py:188} INFO - [2026-07-15T10:28:40.563+0000] {dag.py:3096} INFO - Sync 1 DAGs
[2026-07-15T10:28:40.588+0000] {logging_mixin.py:188} INFO - [2026-07-15T10:28:40.587+0000] {dag.py:3954} INFO - Setting next_dagrun for pipeline_api_geneartion_dag1 to 2026-07-15 10:00:00+00:00, run_after=2026-07-15 11:00:00+00:00
[2026-07-15T10:28:40.607+0000] {processor.py:183} INFO - Processing /opt/airflow/dags/pipeline_api_geneartion_dag1.py took 0.094 seconds
[2026-07-15T10:29:10.867+0000] {processor.py:161} INFO - Started process (PID=876) to work on /opt/airflow/dags/pipeline_api_geneartion_dag1.py
[2026-07-15T10:29:10.869+0000] {processor.py:830} INFO - Processing file /opt/airflow/dags/pipeline_api_geneartion_dag1.py for tasks to queue
[2026-07-15T10:29:10.872+0000] {logging_mixin.py:188} INFO - [2026-07-15T10:29:10.872+0000] {dagbag.py:540} INFO - Filling up the DagBag from /opt/airflow/dags/pipeline_api_geneartion_dag1.py
[2026-07-15T10:29:10.890+0000] {processor.py:840} INFO - DAG(s) 'pipeline_api_geneartion_dag1' retrieved from /opt/airflow/dags/pipeline_api_geneartion_dag1.py
[2026-07-15T10:29:10.916+0000] {logging_mixin.py:188} INFO - [2026-07-15T10:29:10.916+0000] {dag.py:3096} INFO - Sync 1 DAGs
[2026-07-15T10:29:10.937+0000] {logging_mixin.py:188} INFO - [2026-07-15T10:29:10.937+0000] {dag.py:3954} INFO - Setting next_dagrun for pipeline_api_geneartion_dag1 to 2026-07-15 10:00:00+00:00, run_after=2026-07-15 11:00:00+00:00
[2026-07-15T10:29:10.958+0000] {processor.py:183} INFO - Processing /opt/airflow/dags/pipeline_api_geneartion_dag1.py took 0.098 seconds
[2026-07-15T10:29:41.223+0000] {processor.py:161} INFO - Started process (PID=886) to work on /opt/airflow/dags/pipeline_api_geneartion_dag1.py
[2026-07-15T10:29:41.225+0000] {processor.py:830} INFO - Processing file /opt/airflow/dags/pipeline_api_geneartion_dag1.py for tasks to queue
[2026-07-15T10:29:41.227+0000] {logging_mixin.py:188} INFO - [2026-07-15T10:29:41.227+0000] {dagbag.py:540} INFO - Filling up the DagBag from /opt/airflow/dags/pipeline_api_geneartion_dag1.py
[2026-07-15T10:29:41.245+0000] {processor.py:840} INFO - DAG(s) 'pipeline_api_geneartion_dag1' retrieved from /opt/airflow/dags/pipeline_api_geneartion_dag1.py
[2026-07-15T10:29:41.267+0000] {logging_mixin.py:188} INFO - [2026-07-15T10:29:41.267+0000] {dag.py:3096} INFO - Sync 1 DAGs
[2026-07-15T10:29:41.288+0000] {logging_mixin.py:188} INFO - [2026-07-15T10:29:41.288+0000] {dag.py:3954} INFO - Setting next_dagrun for pipeline_api_geneartion_dag1 to 2026-07-15 10:00:00+00:00, run_after=2026-07-15 11:00:00+00:00
[2026-07-15T10:29:41.308+0000] {processor.py:183} INFO - Processing /opt/airflow/dags/pipeline_api_geneartion_dag1.py took 0.094 seconds
[2026-07-15T10:30:11.568+0000] {processor.py:161} INFO - Started process (PID=896) to work on /opt/airflow/dags/pipeline_api_geneartion_dag1.py
[2026-07-15T10:30:11.569+0000] {processor.py:830} INFO - Processing file /opt/airflow/dags/pipeline_api_geneartion_dag1.py for tasks to queue
[2026-07-15T10:30:11.571+0000] {logging_mixin.py:188} INFO - [2026-07-15T10:30:11.571+0000] {dagbag.py:540} INFO - Filling up the DagBag from /opt/airflow/dags/pipeline_api_geneartion_dag1.py
[2026-07-15T10:30:11.587+0000] {processor.py:840} INFO - DAG(s) 'pipeline_api_geneartion_dag1' retrieved from /opt/airflow/dags/pipeline_api_geneartion_dag1.py
[2026-07-15T10:30:11.613+0000] {logging_mixin.py:188} INFO - [2026-07-15T10:30:11.612+0000] {dag.py:3096} INFO - Sync 1 DAGs
[2026-07-15T10:30:11.642+0000] {logging_mixin.py:188} INFO - [2026-07-15T10:30:11.642+0000] {dag.py:3954} INFO - Setting next_dagrun for pipeline_api_geneartion_dag1 to 2026-07-15 10:00:00+00:00, run_after=2026-07-15 11:00:00+00:00
[2026-07-15T10:30:11.661+0000] {processor.py:183} INFO - Processing /opt/airflow/dags/pipeline_api_geneartion_dag1.py took 0.098 seconds
[2026-07-15T10:30:41.923+0000] {processor.py:161} INFO - Started process (PID=906) to work on /opt/airflow/dags/pipeline_api_geneartion_dag1.py
[2026-07-15T10:30:41.924+0000] {processor.py:830} INFO - Processing file /opt/airflow/dags/pipeline_api_geneartion_dag1.py for tasks to queue
[2026-07-15T10:30:41.926+0000] {logging_mixin.py:188} INFO - [2026-07-15T10:30:41.926+0000] {dagbag.py:540} INFO - Filling up the DagBag from /opt/airflow/dags/pipeline_api_geneartion_dag1.py
[2026-07-15T10:30:41.941+0000] {processor.py:840} INFO - DAG(s) 'pipeline_api_geneartion_dag1' retrieved from /opt/airflow/dags/pipeline_api_geneartion_dag1.py
[2026-07-15T10:30:41.965+0000] {logging_mixin.py:188} INFO - [2026-07-15T10:30:41.964+0000] {dag.py:3096} INFO - Sync 1 DAGs
[2026-07-15T10:30:41.984+0000] {logging_mixin.py:188} INFO - [2026-07-15T10:30:41.984+0000] {dag.py:3954} INFO - Setting next_dagrun for pipeline_api_geneartion_dag1 to 2026-07-15 10:00:00+00:00, run_after=2026-07-15 11:00:00+00:00
[2026-07-15T10:30:42.002+0000] {processor.py:183} INFO - Processing /opt/airflow/dags/pipeline_api_geneartion_dag1.py took 0.085 seconds
[2026-07-15T10:31:05.192+0000] {processor.py:161} INFO - Started process (PID=916) to work on /opt/airflow/dags/pipeline_api_geneartion_dag1.py
[2026-07-15T10:31:05.194+0000] {processor.py:830} INFO - Processing file /opt/airflow/dags/pipeline_api_geneartion_dag1.py for tasks to queue
[2026-07-15T10:31:05.197+0000] {logging_mixin.py:188} INFO - [2026-07-15T10:31:05.196+0000] {dagbag.py:540} INFO - Filling up the DagBag from /opt/airflow/dags/pipeline_api_geneartion_dag1.py
[2026-07-15T10:31:05.238+0000] {processor.py:840} INFO - DAG(s) 'api_generation_dag1' retrieved from /opt/airflow/dags/pipeline_api_geneartion_dag1.py
[2026-07-15T10:31:05.402+0000] {logging_mixin.py:188} INFO - [2026-07-15T10:31:05.402+0000] {override.py:1829} INFO - Created Permission View: can edit on DAG:api_generation_dag1
[2026-07-15T10:31:05.417+0000] {logging_mixin.py:188} INFO - [2026-07-15T10:31:05.417+0000] {override.py:1829} INFO - Created Permission View: can delete on DAG:api_generation_dag1
[2026-07-15T10:31:05.425+0000] {logging_mixin.py:188} INFO - [2026-07-15T10:31:05.424+0000] {override.py:1829} INFO - Created Permission View: can read on DAG:api_generation_dag1
[2026-07-15T10:31:05.426+0000] {logging_mixin.py:188} INFO - [2026-07-15T10:31:05.426+0000] {dag.py:3096} INFO - Sync 1 DAGs
[2026-07-15T10:31:05.441+0000] {logging_mixin.py:188} INFO - [2026-07-15T10:31:05.441+0000] {dag.py:3118} INFO - Creating ORM DAG for api_generation_dag1
[2026-07-15T10:31:05.457+0000] {logging_mixin.py:188} INFO - [2026-07-15T10:31:05.457+0000] {dag.py:3954} INFO - Setting next_dagrun for api_generation_dag1 to 2026-07-15 09:00:00+00:00, run_after=2026-07-15 10:00:00+00:00
[2026-07-15T10:31:05.484+0000] {processor.py:183} INFO - Processing /opt/airflow/dags/pipeline_api_geneartion_dag1.py took 0.299 seconds
[2026-07-15T10:31:35.526+0000] {processor.py:161} INFO - Started process (PID=930) to work on /opt/airflow/dags/pipeline_api_geneartion_dag1.py
[2026-07-15T10:31:35.528+0000] {processor.py:830} INFO - Processing file /opt/airflow/dags/pipeline_api_geneartion_dag1.py for tasks to queue
[2026-07-15T10:31:35.532+0000] {logging_mixin.py:188} INFO - [2026-07-15T10:31:35.531+0000] {dagbag.py:540} INFO - Filling up the DagBag from /opt/airflow/dags/pipeline_api_geneartion_dag1.py
[2026-07-15T10:31:35.550+0000] {processor.py:840} INFO - DAG(s) 'api_generation_dag1' retrieved from /opt/airflow/dags/pipeline_api_geneartion_dag1.py
[2026-07-15T10:31:35.576+0000] {logging_mixin.py:188} INFO - [2026-07-15T10:31:35.576+0000] {dag.py:3096} INFO - Sync 1 DAGs
[2026-07-15T10:31:35.596+0000] {logging_mixin.py:188} INFO - [2026-07-15T10:31:35.596+0000] {dag.py:3954} INFO - Setting next_dagrun for api_generation_dag1 to 2026-07-15 10:00:00+00:00, run_after=2026-07-15 11:00:00+00:00
[2026-07-15T10:31:35.615+0000] {processor.py:183} INFO - Processing /opt/airflow/dags/pipeline_api_geneartion_dag1.py took 0.096 seconds
