[2026-06-09T03:35:03.707+0000] {local_task_job_runner.py:120} INFO - ::group::Pre task execution logs
[2026-06-09T03:35:04.027+0000] {taskinstance.py:2073} INFO - Dependencies all met for dep_context=non-requeueable deps ti=<TaskInstance: e-commerce_kafka_streaming_pipeline_v10.run_bronze scheduled__2026-06-08T16:00:00+00:00 [queued]>
[2026-06-09T03:35:04.099+0000] {taskinstance.py:2073} INFO - Dependencies all met for dep_context=requeueable deps ti=<TaskInstance: e-commerce_kafka_streaming_pipeline_v10.run_bronze scheduled__2026-06-08T16:00:00+00:00 [queued]>
[2026-06-09T03:35:04.111+0000] {taskinstance.py:2303} INFO - Starting attempt 1 of 2
[2026-06-09T03:35:04.214+0000] {taskinstance.py:2327} INFO - Executing <Task(BashOperator): run_bronze> on 2026-06-08 16:00:00+00:00
[2026-06-09T03:35:04.276+0000] {standard_task_runner.py:90} INFO - Running: ['***', 'tasks', 'run', 'e-commerce_kafka_streaming_pipeline_v10', 'run_bronze', 'scheduled__2026-06-08T16:00:00+00:00', '--job-id', '65', '--raw', '--subdir', 'DAGS_FOLDER/sdp_pipeline_dag.py', '--cfg-path', '/tmp/tmp5gtv02zx']
[2026-06-09T03:35:04.293+0000] {standard_task_runner.py:91} INFO - Job 65: Subtask run_bronze
[2026-06-09T03:35:04.333+0000] {logging_mixin.py:188} WARNING - /home/***/.local/lib/python3.12/site-packages/***/task/task_runner/standard_task_runner.py:61 DeprecationWarning: This process (pid=939) is multi-threaded, use of fork() may lead to deadlocks in the child.
[2026-06-09T03:35:04.347+0000] {standard_task_runner.py:63} INFO - Started process 941 to run task
[2026-06-09T03:35:04.614+0000] {task_command.py:426} INFO - Running <TaskInstance: e-commerce_kafka_streaming_pipeline_v10.run_bronze scheduled__2026-06-08T16:00:00+00:00 [running]> on host 19d9c0c71dcc
[2026-06-09T03:35:05.513+0000] {taskinstance.py:2644} INFO - Exporting env vars: AIRFLOW_CTX_DAG_OWNER='dev' AIRFLOW_CTX_DAG_ID='e-commerce_kafka_streaming_pipeline_v10' AIRFLOW_CTX_TASK_ID='run_bronze' AIRFLOW_CTX_EXECUTION_DATE='2026-06-08T16:00:00+00:00' AIRFLOW_CTX_TRY_NUMBER='1' AIRFLOW_CTX_DAG_RUN_ID='scheduled__2026-06-08T16:00:00+00:00'
[2026-06-09T03:35:05.527+0000] {taskinstance.py:430} INFO - ::endgroup::
[2026-06-09T03:35:05.630+0000] {subprocess.py:63} INFO - Tmp dir root location: /tmp
[2026-06-09T03:35:05.640+0000] {subprocess.py:75} INFO - Running command: ['/usr/bin/bash', '-c', 'timeout 120s docker run --rm --network streaming_kafka_project_sdp-net --volume /d/Streaming_kafka_project/pipelines:/opt/pipelines --volume /d/Streaming_kafka_project/data:/opt/data --volume /d/Streaming_kafka_project/checkpoints:/opt/checkpoints --volume /d/Streaming_kafka_project/jars:/opt/jars apache/spark:3.5.1 /opt/spark/bin/spark-submit --master spark://sdp-spark-master:7077 --executor-cores 1 --executor-memory 512m --total-executor-cores 3 --jars /opt/jars/delta-spark_2.12-3.2.0.jar,/opt/jars/delta-storage-3.2.0.jar,/opt/jars/spark-sql-kafka-0-10_2.12-3.5.1.jar,/opt/jars/kafka-clients-3.4.1.jar,/opt/jars/spark-token-provider-kafka-0-10_2.12-3.5.1.jar,/opt/jars/commons-pool2-2.11.1.jar --conf spark.sql.extensions=io.delta.sql.DeltaSparkSessionExtension --conf spark.sql.catalog.spark_catalog=org.apache.spark.sql.delta.catalog.DeltaCatalog  /opt/pipelines/bronze_runner.py']
[2026-06-09T03:35:05.675+0000] {subprocess.py:86} INFO - Output:
[2026-06-09T03:35:24.893+0000] {subprocess.py:93} INFO - 26/06/09 03:35:24 WARN NativeCodeLoader: Unable to load native-hadoop library for your platform... using builtin-java classes where applicable
[2026-06-09T03:35:35.850+0000] {subprocess.py:93} INFO - 26/06/09 03:35:35 INFO SparkContext: Running Spark version 3.5.1
[2026-06-09T03:35:35.866+0000] {subprocess.py:93} INFO - 26/06/09 03:35:35 INFO SparkContext: OS info Linux, 6.6.114.1-microsoft-standard-WSL2, amd64
[2026-06-09T03:35:35.879+0000] {subprocess.py:93} INFO - 26/06/09 03:35:35 INFO SparkContext: Java version 11.0.22
[2026-06-09T03:35:36.432+0000] {subprocess.py:93} INFO - 26/06/09 03:35:36 INFO ResourceUtils: ==============================================================
[2026-06-09T03:35:36.450+0000] {subprocess.py:93} INFO - 26/06/09 03:35:36 INFO ResourceUtils: No custom resources configured for spark.driver.
[2026-06-09T03:35:36.460+0000] {subprocess.py:93} INFO - 26/06/09 03:35:36 INFO ResourceUtils: ==============================================================
[2026-06-09T03:35:36.479+0000] {subprocess.py:93} INFO - 26/06/09 03:35:36 INFO SparkContext: Submitted application: SDP-Bronze
[2026-06-09T03:35:36.893+0000] {subprocess.py:93} INFO - 26/06/09 03:35:36 INFO ResourceProfile: Default ResourceProfile created, executor resources: Map(cores -> name: cores, amount: 1, script: , vendor: , memory -> name: memory, amount: 512, script: , vendor: , offHeap -> name: offHeap, amount: 0, script: , vendor: ), task resources: Map(cpus -> name: cpus, amount: 1.0)
[2026-06-09T03:35:36.985+0000] {subprocess.py:93} INFO - 26/06/09 03:35:36 INFO ResourceProfile: Limiting resource is cpus at 1 tasks per executor
[2026-06-09T03:35:37.015+0000] {subprocess.py:93} INFO - 26/06/09 03:35:37 INFO ResourceProfileManager: Added ResourceProfile id: 0
[2026-06-09T03:35:37.599+0000] {subprocess.py:93} INFO - 26/06/09 03:35:37 INFO SecurityManager: Changing view acls to: spark
[2026-06-09T03:35:37.616+0000] {subprocess.py:93} INFO - 26/06/09 03:35:37 INFO SecurityManager: Changing modify acls to: spark
[2026-06-09T03:35:37.620+0000] {subprocess.py:93} INFO - 26/06/09 03:35:37 INFO SecurityManager: Changing view acls groups to:
[2026-06-09T03:35:37.621+0000] {subprocess.py:93} INFO - 26/06/09 03:35:37 INFO SecurityManager: Changing modify acls groups to:
[2026-06-09T03:35:37.623+0000] {subprocess.py:93} INFO - 26/06/09 03:35:37 INFO SecurityManager: SecurityManager: authentication disabled; ui acls disabled; users with view permissions: spark; groups with view permissions: EMPTY; users with modify permissions: spark; groups with modify permissions: EMPTY
[2026-06-09T03:35:40.158+0000] {subprocess.py:93} INFO - 26/06/09 03:35:40 INFO Utils: Successfully started service 'sparkDriver' on port 41341.
[2026-06-09T03:35:40.544+0000] {subprocess.py:93} INFO - 26/06/09 03:35:40 INFO SparkEnv: Registering MapOutputTracker
[2026-06-09T03:35:40.818+0000] {subprocess.py:93} INFO - 26/06/09 03:35:40 INFO SparkEnv: Registering BlockManagerMaster
[2026-06-09T03:35:41.052+0000] {subprocess.py:93} INFO - 26/06/09 03:35:41 INFO BlockManagerMasterEndpoint: Using org.apache.spark.storage.DefaultTopologyMapper for getting topology information
[2026-06-09T03:35:41.055+0000] {subprocess.py:93} INFO - 26/06/09 03:35:41 INFO BlockManagerMasterEndpoint: BlockManagerMasterEndpoint up
[2026-06-09T03:35:41.082+0000] {subprocess.py:93} INFO - 26/06/09 03:35:41 INFO SparkEnv: Registering BlockManagerMasterHeartbeat
[2026-06-09T03:35:41.222+0000] {subprocess.py:93} INFO - 26/06/09 03:35:41 INFO DiskBlockManager: Created local directory at /tmp/blockmgr-eb639630-4dd9-4541-88c1-b1d1bdc3b086
[2026-06-09T03:35:41.401+0000] {subprocess.py:93} INFO - 26/06/09 03:35:41 INFO MemoryStore: MemoryStore started with capacity 434.4 MiB
[2026-06-09T03:35:41.596+0000] {subprocess.py:93} INFO - 26/06/09 03:35:41 INFO SparkEnv: Registering OutputCommitCoordinator
[2026-06-09T03:35:42.973+0000] {subprocess.py:93} INFO - 26/06/09 03:35:42 INFO JettyUtils: Start Jetty 0.0.0.0:4040 for SparkUI
[2026-06-09T03:35:43.500+0000] {subprocess.py:93} INFO - 26/06/09 03:35:43 INFO Utils: Successfully started service 'SparkUI' on port 4040.
[2026-06-09T03:35:43.905+0000] {subprocess.py:93} INFO - 26/06/09 03:35:43 INFO SparkContext: Added JAR file:///opt/jars/delta-spark_2.12-3.2.0.jar at spark://7b18d332ba03:41341/jars/delta-spark_2.12-3.2.0.jar with timestamp 1780976135679
[2026-06-09T03:35:43.906+0000] {subprocess.py:93} INFO - 26/06/09 03:35:43 INFO SparkContext: Added JAR file:///opt/jars/delta-storage-3.2.0.jar at spark://7b18d332ba03:41341/jars/delta-storage-3.2.0.jar with timestamp 1780976135679
[2026-06-09T03:35:43.925+0000] {subprocess.py:93} INFO - 26/06/09 03:35:43 INFO SparkContext: Added JAR file:///opt/jars/spark-sql-kafka-0-10_2.12-3.5.1.jar at spark://7b18d332ba03:41341/jars/spark-sql-kafka-0-10_2.12-3.5.1.jar with timestamp 1780976135679
[2026-06-09T03:35:43.938+0000] {subprocess.py:93} INFO - 26/06/09 03:35:43 INFO SparkContext: Added JAR file:///opt/jars/kafka-clients-3.4.1.jar at spark://7b18d332ba03:41341/jars/kafka-clients-3.4.1.jar with timestamp 1780976135679
[2026-06-09T03:35:43.943+0000] {subprocess.py:93} INFO - 26/06/09 03:35:43 INFO SparkContext: Added JAR file:///opt/jars/spark-token-provider-kafka-0-10_2.12-3.5.1.jar at spark://7b18d332ba03:41341/jars/spark-token-provider-kafka-0-10_2.12-3.5.1.jar with timestamp 1780976135679
[2026-06-09T03:35:43.957+0000] {subprocess.py:93} INFO - 26/06/09 03:35:43 INFO SparkContext: Added JAR file:///opt/jars/commons-pool2-2.11.1.jar at spark://7b18d332ba03:41341/jars/commons-pool2-2.11.1.jar with timestamp 1780976135679
[2026-06-09T03:35:44.959+0000] {subprocess.py:93} INFO - 26/06/09 03:35:44 INFO StandaloneAppClient$ClientEndpoint: Connecting to master spark://sdp-spark-master:7077...
[2026-06-09T03:35:45.585+0000] {subprocess.py:93} INFO - 26/06/09 03:35:45 INFO TransportClientFactory: Successfully created connection to sdp-spark-master/172.18.0.4:7077 after 328 ms (0 ms spent in bootstraps)
[2026-06-09T03:35:46.880+0000] {subprocess.py:93} INFO - 26/06/09 03:35:46 INFO StandaloneSchedulerBackend: Connected to Spark cluster with app ID app-20260609033546-0015
[2026-06-09T03:35:46.881+0000] {subprocess.py:93} INFO - 26/06/09 03:35:46 INFO StandaloneAppClient$ClientEndpoint: Executor added: app-20260609033546-0015/0 on worker-20260608131402-172.18.0.6-44005 (172.18.0.6:44005) with 1 core(s)
[2026-06-09T03:35:46.937+0000] {subprocess.py:93} INFO - 26/06/09 03:35:46 INFO StandaloneSchedulerBackend: Granted executor ID app-20260609033546-0015/0 on hostPort 172.18.0.6:44005 with 1 core(s), 512.0 MiB RAM
[2026-06-09T03:35:46.945+0000] {subprocess.py:93} INFO - 26/06/09 03:35:46 INFO StandaloneAppClient$ClientEndpoint: Executor added: app-20260609033546-0015/1 on worker-20260608131402-172.18.0.6-44005 (172.18.0.6:44005) with 1 core(s)
[2026-06-09T03:35:46.946+0000] {subprocess.py:93} INFO - 26/06/09 03:35:46 INFO StandaloneSchedulerBackend: Granted executor ID app-20260609033546-0015/1 on hostPort 172.18.0.6:44005 with 1 core(s), 512.0 MiB RAM
[2026-06-09T03:35:46.960+0000] {subprocess.py:93} INFO - 26/06/09 03:35:46 INFO StandaloneAppClient$ClientEndpoint: Executor added: app-20260609033546-0015/2 on worker-20260608131402-172.18.0.5-38399 (172.18.0.5:38399) with 1 core(s)
[2026-06-09T03:35:47.045+0000] {subprocess.py:93} INFO - 26/06/09 03:35:47 INFO StandaloneSchedulerBackend: Granted executor ID app-20260609033546-0015/2 on hostPort 172.18.0.5:38399 with 1 core(s), 512.0 MiB RAM
[2026-06-09T03:35:47.230+0000] {subprocess.py:93} INFO - 26/06/09 03:35:47 INFO Utils: Successfully started service 'org.apache.spark.network.netty.NettyBlockTransferService' on port 38845.
[2026-06-09T03:35:47.232+0000] {subprocess.py:93} INFO - 26/06/09 03:35:47 INFO NettyBlockTransferService: Server created on 7b18d332ba03:38845
[2026-06-09T03:35:47.370+0000] {subprocess.py:93} INFO - 26/06/09 03:35:47 INFO BlockManager: Using org.apache.spark.storage.RandomBlockReplicationPolicy for block replication policy
[2026-06-09T03:35:47.414+0000] {subprocess.py:93} INFO - 26/06/09 03:35:47 INFO StandaloneAppClient$ClientEndpoint: Executor updated: app-20260609033546-0015/1 is now RUNNING
[2026-06-09T03:35:47.426+0000] {subprocess.py:93} INFO - 26/06/09 03:35:47 INFO StandaloneAppClient$ClientEndpoint: Executor updated: app-20260609033546-0015/2 is now RUNNING
[2026-06-09T03:35:47.512+0000] {subprocess.py:93} INFO - 26/06/09 03:35:47 INFO BlockManagerMaster: Registering BlockManager BlockManagerId(driver, 7b18d332ba03, 38845, None)
[2026-06-09T03:35:47.577+0000] {subprocess.py:93} INFO - 26/06/09 03:35:47 INFO BlockManagerMasterEndpoint: Registering block manager 7b18d332ba03:38845 with 434.4 MiB RAM, BlockManagerId(driver, 7b18d332ba03, 38845, None)
[2026-06-09T03:35:47.658+0000] {subprocess.py:93} INFO - 26/06/09 03:35:47 INFO BlockManagerMaster: Registered BlockManager BlockManagerId(driver, 7b18d332ba03, 38845, None)
[2026-06-09T03:35:47.694+0000] {subprocess.py:93} INFO - 26/06/09 03:35:47 INFO BlockManager: Initialized BlockManager: BlockManagerId(driver, 7b18d332ba03, 38845, None)
[2026-06-09T03:35:49.839+0000] {subprocess.py:93} INFO - 26/06/09 03:35:49 INFO StandaloneAppClient$ClientEndpoint: Executor updated: app-20260609033546-0015/0 is now RUNNING
[2026-06-09T03:35:51.934+0000] {subprocess.py:93} INFO - 26/06/09 03:35:51 INFO StandaloneSchedulerBackend: SchedulerBackend is ready for scheduling beginning after reached minRegisteredResourcesRatio: 0.0
[2026-06-09T03:35:57.643+0000] {subprocess.py:93} INFO - Starting stream: orders -> /opt/data/bronze/orders
[2026-06-09T03:37:09.218+0000] {subprocess.py:97} INFO - Command exited with return code 124
[2026-06-09T03:37:09.221+0000] {taskinstance.py:441} INFO - ::group::Post task execution logs
[2026-06-09T03:37:09.360+0000] {taskinstance.py:2890} ERROR - Task failed with exception
Traceback (most recent call last):
  File "/home/airflow/.local/lib/python3.12/site-packages/airflow/models/taskinstance.py", line 465, in _execute_task
    result = _execute_callable(context=context, **execute_callable_kwargs)
             ^^^^^^^^^^^^^^^^^^^^^^^^^^^^^^^^^^^^^^^^^^^^^^^^^^^^^^^^^^^^^
  File "/home/airflow/.local/lib/python3.12/site-packages/airflow/models/taskinstance.py", line 432, in _execute_callable
    return execute_callable(context=context, **execute_callable_kwargs)
           ^^^^^^^^^^^^^^^^^^^^^^^^^^^^^^^^^^^^^^^^^^^^^^^^^^^^^^^^^^^^
  File "/home/airflow/.local/lib/python3.12/site-packages/airflow/models/baseoperator.py", line 400, in wrapper
    return func(self, *args, **kwargs)
           ^^^^^^^^^^^^^^^^^^^^^^^^^^^
  File "/home/airflow/.local/lib/python3.12/site-packages/airflow/operators/bash.py", line 243, in execute
    raise AirflowException(
airflow.exceptions.AirflowException: Bash command failed. The command returned a non-zero exit code 124.
[2026-06-09T03:37:09.410+0000] {taskinstance.py:1205} INFO - Marking task as UP_FOR_RETRY. dag_id=e-commerce_kafka_streaming_pipeline_v10, task_id=run_bronze, execution_date=20260608T160000, start_date=20260609T033504, end_date=20260609T033709
[2026-06-09T03:37:09.507+0000] {standard_task_runner.py:110} ERROR - Failed to execute job 65 for task run_bronze (Bash command failed. The command returned a non-zero exit code 124.; 941)
[2026-06-09T03:37:09.629+0000] {local_task_job_runner.py:240} INFO - Task exited with return code 1
[2026-06-09T03:37:09.895+0000] {taskinstance.py:3482} INFO - 0 downstream tasks scheduled from follow-on schedule check
[2026-06-09T03:37:09.933+0000] {local_task_job_runner.py:222} INFO - ::endgroup::
