[2026-06-09T03:39:10.956+0000] {local_task_job_runner.py:120} INFO - ::group::Pre task execution logs
[2026-06-09T03:39:11.019+0000] {taskinstance.py:2073} INFO - Dependencies all met for dep_context=non-requeueable deps ti=<TaskInstance: e-commerce_kafka_streaming_pipeline_v10.run_bronze scheduled__2026-06-08T16:00:00+00:00 [queued]>
[2026-06-09T03:39:11.034+0000] {taskinstance.py:2073} INFO - Dependencies all met for dep_context=requeueable deps ti=<TaskInstance: e-commerce_kafka_streaming_pipeline_v10.run_bronze scheduled__2026-06-08T16:00:00+00:00 [queued]>
[2026-06-09T03:39:11.035+0000] {taskinstance.py:2303} INFO - Starting attempt 2 of 2
[2026-06-09T03:39:11.062+0000] {taskinstance.py:2327} INFO - Executing <Task(BashOperator): run_bronze> on 2026-06-08 16:00:00+00:00
[2026-06-09T03:39:11.076+0000] {standard_task_runner.py:90} INFO - Running: ['***', 'tasks', 'run', 'e-commerce_kafka_streaming_pipeline_v10', 'run_bronze', 'scheduled__2026-06-08T16:00:00+00:00', '--job-id', '69', '--raw', '--subdir', 'DAGS_FOLDER/sdp_pipeline_dag.py', '--cfg-path', '/tmp/tmpu_2inags']
[2026-06-09T03:39:11.083+0000] {standard_task_runner.py:91} INFO - Job 69: Subtask run_bronze
[2026-06-09T03:39:11.085+0000] {logging_mixin.py:188} WARNING - /home/***/.local/lib/python3.12/site-packages/***/task/task_runner/standard_task_runner.py:61 DeprecationWarning: This process (pid=1031) is multi-threaded, use of fork() may lead to deadlocks in the child.
[2026-06-09T03:39:11.086+0000] {standard_task_runner.py:63} INFO - Started process 1032 to run task
[2026-06-09T03:39:11.196+0000] {task_command.py:426} INFO - Running <TaskInstance: e-commerce_kafka_streaming_pipeline_v10.run_bronze scheduled__2026-06-08T16:00:00+00:00 [running]> on host 19d9c0c71dcc
[2026-06-09T03:39:11.356+0000] {taskinstance.py:2644} INFO - Exporting env vars: AIRFLOW_CTX_DAG_OWNER='dev' AIRFLOW_CTX_DAG_ID='e-commerce_kafka_streaming_pipeline_v10' AIRFLOW_CTX_TASK_ID='run_bronze' AIRFLOW_CTX_EXECUTION_DATE='2026-06-08T16:00:00+00:00' AIRFLOW_CTX_TRY_NUMBER='2' AIRFLOW_CTX_DAG_RUN_ID='scheduled__2026-06-08T16:00:00+00:00'
[2026-06-09T03:39:11.361+0000] {taskinstance.py:430} INFO - ::endgroup::
[2026-06-09T03:39:11.403+0000] {subprocess.py:63} INFO - Tmp dir root location: /tmp
[2026-06-09T03:39:11.406+0000] {subprocess.py:75} INFO - Running command: ['/usr/bin/bash', '-c', 'timeout 120s docker run --rm --network streaming_kafka_project_sdp-net --volume /d/Streaming_kafka_project/pipelines:/opt/pipelines --volume /d/Streaming_kafka_project/data:/opt/data --volume /d/Streaming_kafka_project/checkpoints:/opt/checkpoints --volume /d/Streaming_kafka_project/jars:/opt/jars apache/spark:3.5.1 /opt/spark/bin/spark-submit --master spark://sdp-spark-master:7077 --executor-cores 1 --executor-memory 512m --total-executor-cores 3 --jars /opt/jars/delta-spark_2.12-3.2.0.jar,/opt/jars/delta-storage-3.2.0.jar,/opt/jars/spark-sql-kafka-0-10_2.12-3.5.1.jar,/opt/jars/kafka-clients-3.4.1.jar,/opt/jars/spark-token-provider-kafka-0-10_2.12-3.5.1.jar,/opt/jars/commons-pool2-2.11.1.jar --conf spark.sql.extensions=io.delta.sql.DeltaSparkSessionExtension --conf spark.sql.catalog.spark_catalog=org.apache.spark.sql.delta.catalog.DeltaCatalog  /opt/pipelines/bronze_runner.py']
[2026-06-09T03:39:11.424+0000] {subprocess.py:86} INFO - Output:
[2026-06-09T03:39:26.693+0000] {subprocess.py:93} INFO - 26/06/09 03:39:26 WARN NativeCodeLoader: Unable to load native-hadoop library for your platform... using builtin-java classes where applicable
[2026-06-09T03:39:33.013+0000] {subprocess.py:93} INFO - 26/06/09 03:39:33 INFO SparkContext: Running Spark version 3.5.1
[2026-06-09T03:39:33.014+0000] {subprocess.py:93} INFO - 26/06/09 03:39:33 INFO SparkContext: OS info Linux, 6.6.114.1-microsoft-standard-WSL2, amd64
[2026-06-09T03:39:33.019+0000] {subprocess.py:93} INFO - 26/06/09 03:39:33 INFO SparkContext: Java version 11.0.22
[2026-06-09T03:39:33.329+0000] {subprocess.py:93} INFO - 26/06/09 03:39:33 INFO ResourceUtils: ==============================================================
[2026-06-09T03:39:33.346+0000] {subprocess.py:93} INFO - 26/06/09 03:39:33 INFO ResourceUtils: No custom resources configured for spark.driver.
[2026-06-09T03:39:33.351+0000] {subprocess.py:93} INFO - 26/06/09 03:39:33 INFO ResourceUtils: ==============================================================
[2026-06-09T03:39:33.353+0000] {subprocess.py:93} INFO - 26/06/09 03:39:33 INFO SparkContext: Submitted application: SDP-Bronze
[2026-06-09T03:39:33.525+0000] {subprocess.py:93} INFO - 26/06/09 03:39:33 INFO ResourceProfile: Default ResourceProfile created, executor resources: Map(cores -> name: cores, amount: 1, script: , vendor: , memory -> name: memory, amount: 512, script: , vendor: , offHeap -> name: offHeap, amount: 0, script: , vendor: ), task resources: Map(cpus -> name: cpus, amount: 1.0)
[2026-06-09T03:39:33.655+0000] {subprocess.py:93} INFO - 26/06/09 03:39:33 INFO ResourceProfile: Limiting resource is cpus at 1 tasks per executor
[2026-06-09T03:39:33.672+0000] {subprocess.py:93} INFO - 26/06/09 03:39:33 INFO ResourceProfileManager: Added ResourceProfile id: 0
[2026-06-09T03:39:34.283+0000] {subprocess.py:93} INFO - 26/06/09 03:39:34 INFO SecurityManager: Changing view acls to: spark
[2026-06-09T03:39:34.299+0000] {subprocess.py:93} INFO - 26/06/09 03:39:34 INFO SecurityManager: Changing modify acls to: spark
[2026-06-09T03:39:34.357+0000] {subprocess.py:93} INFO - 26/06/09 03:39:34 INFO SecurityManager: Changing view acls groups to:
[2026-06-09T03:39:34.358+0000] {subprocess.py:93} INFO - 26/06/09 03:39:34 INFO SecurityManager: Changing modify acls groups to:
[2026-06-09T03:39:34.366+0000] {subprocess.py:93} INFO - 26/06/09 03:39:34 INFO SecurityManager: SecurityManager: authentication disabled; ui acls disabled; users with view permissions: spark; groups with view permissions: EMPTY; users with modify permissions: spark; groups with modify permissions: EMPTY
[2026-06-09T03:39:36.840+0000] {subprocess.py:93} INFO - 26/06/09 03:39:36 INFO Utils: Successfully started service 'sparkDriver' on port 37859.
[2026-06-09T03:39:37.283+0000] {subprocess.py:93} INFO - 26/06/09 03:39:37 INFO SparkEnv: Registering MapOutputTracker
[2026-06-09T03:39:37.565+0000] {subprocess.py:93} INFO - 26/06/09 03:39:37 INFO SparkEnv: Registering BlockManagerMaster
[2026-06-09T03:39:37.780+0000] {subprocess.py:93} INFO - 26/06/09 03:39:37 INFO BlockManagerMasterEndpoint: Using org.apache.spark.storage.DefaultTopologyMapper for getting topology information
[2026-06-09T03:39:37.799+0000] {subprocess.py:93} INFO - 26/06/09 03:39:37 INFO BlockManagerMasterEndpoint: BlockManagerMasterEndpoint up
[2026-06-09T03:39:37.843+0000] {subprocess.py:93} INFO - 26/06/09 03:39:37 INFO SparkEnv: Registering BlockManagerMasterHeartbeat
[2026-06-09T03:39:37.933+0000] {subprocess.py:93} INFO - 26/06/09 03:39:37 INFO DiskBlockManager: Created local directory at /tmp/blockmgr-4bc1ffd4-f073-4b22-adb5-c929085c7ba3
[2026-06-09T03:39:37.997+0000] {subprocess.py:93} INFO - 26/06/09 03:39:37 INFO MemoryStore: MemoryStore started with capacity 434.4 MiB
[2026-06-09T03:39:38.077+0000] {subprocess.py:93} INFO - 26/06/09 03:39:38 INFO SparkEnv: Registering OutputCommitCoordinator
[2026-06-09T03:39:39.540+0000] {subprocess.py:93} INFO - 26/06/09 03:39:39 INFO JettyUtils: Start Jetty 0.0.0.0:4040 for SparkUI
[2026-06-09T03:39:39.897+0000] {subprocess.py:93} INFO - 26/06/09 03:39:39 INFO Utils: Successfully started service 'SparkUI' on port 4040.
[2026-06-09T03:39:40.061+0000] {subprocess.py:93} INFO - 26/06/09 03:39:40 INFO SparkContext: Added JAR file:///opt/jars/delta-spark_2.12-3.2.0.jar at spark://719b5a118898:37859/jars/delta-spark_2.12-3.2.0.jar with timestamp 1780976372942
[2026-06-09T03:39:40.070+0000] {subprocess.py:93} INFO - 26/06/09 03:39:40 INFO SparkContext: Added JAR file:///opt/jars/delta-storage-3.2.0.jar at spark://719b5a118898:37859/jars/delta-storage-3.2.0.jar with timestamp 1780976372942
[2026-06-09T03:39:40.078+0000] {subprocess.py:93} INFO - 26/06/09 03:39:40 INFO SparkContext: Added JAR file:///opt/jars/spark-sql-kafka-0-10_2.12-3.5.1.jar at spark://719b5a118898:37859/jars/spark-sql-kafka-0-10_2.12-3.5.1.jar with timestamp 1780976372942
[2026-06-09T03:39:40.082+0000] {subprocess.py:93} INFO - 26/06/09 03:39:40 INFO SparkContext: Added JAR file:///opt/jars/kafka-clients-3.4.1.jar at spark://719b5a118898:37859/jars/kafka-clients-3.4.1.jar with timestamp 1780976372942
[2026-06-09T03:39:40.096+0000] {subprocess.py:93} INFO - 26/06/09 03:39:40 INFO SparkContext: Added JAR file:///opt/jars/spark-token-provider-kafka-0-10_2.12-3.5.1.jar at spark://719b5a118898:37859/jars/spark-token-provider-kafka-0-10_2.12-3.5.1.jar with timestamp 1780976372942
[2026-06-09T03:39:40.097+0000] {subprocess.py:93} INFO - 26/06/09 03:39:40 INFO SparkContext: Added JAR file:///opt/jars/commons-pool2-2.11.1.jar at spark://719b5a118898:37859/jars/commons-pool2-2.11.1.jar with timestamp 1780976372942
[2026-06-09T03:39:40.946+0000] {subprocess.py:93} INFO - 26/06/09 03:39:40 INFO StandaloneAppClient$ClientEndpoint: Connecting to master spark://sdp-spark-master:7077...
[2026-06-09T03:39:41.422+0000] {subprocess.py:93} INFO - 26/06/09 03:39:41 INFO TransportClientFactory: Successfully created connection to sdp-spark-master/172.18.0.4:7077 after 247 ms (0 ms spent in bootstraps)
[2026-06-09T03:39:42.203+0000] {subprocess.py:93} INFO - 26/06/09 03:39:42 INFO StandaloneSchedulerBackend: Connected to Spark cluster with app ID app-20260609033942-0019
[2026-06-09T03:39:42.207+0000] {subprocess.py:93} INFO - 26/06/09 03:39:42 INFO StandaloneAppClient$ClientEndpoint: Executor added: app-20260609033942-0019/0 on worker-20260608131402-172.18.0.6-44005 (172.18.0.6:44005) with 1 core(s)
[2026-06-09T03:39:42.322+0000] {subprocess.py:93} INFO - 26/06/09 03:39:42 INFO StandaloneSchedulerBackend: Granted executor ID app-20260609033942-0019/0 on hostPort 172.18.0.6:44005 with 1 core(s), 512.0 MiB RAM
[2026-06-09T03:39:42.329+0000] {subprocess.py:93} INFO - 26/06/09 03:39:42 INFO StandaloneAppClient$ClientEndpoint: Executor added: app-20260609033942-0019/1 on worker-20260608131402-172.18.0.6-44005 (172.18.0.6:44005) with 1 core(s)
[2026-06-09T03:39:42.332+0000] {subprocess.py:93} INFO - 26/06/09 03:39:42 INFO StandaloneSchedulerBackend: Granted executor ID app-20260609033942-0019/1 on hostPort 172.18.0.6:44005 with 1 core(s), 512.0 MiB RAM
[2026-06-09T03:39:42.347+0000] {subprocess.py:93} INFO - 26/06/09 03:39:42 INFO StandaloneAppClient$ClientEndpoint: Executor added: app-20260609033942-0019/2 on worker-20260608131402-172.18.0.5-38399 (172.18.0.5:38399) with 1 core(s)
[2026-06-09T03:39:42.357+0000] {subprocess.py:93} INFO - 26/06/09 03:39:42 INFO StandaloneSchedulerBackend: Granted executor ID app-20260609033942-0019/2 on hostPort 172.18.0.5:38399 with 1 core(s), 512.0 MiB RAM
[2026-06-09T03:39:42.375+0000] {subprocess.py:93} INFO - 26/06/09 03:39:42 INFO Utils: Successfully started service 'org.apache.spark.network.netty.NettyBlockTransferService' on port 33743.
[2026-06-09T03:39:42.386+0000] {subprocess.py:93} INFO - 26/06/09 03:39:42 INFO NettyBlockTransferService: Server created on 719b5a118898:33743
[2026-06-09T03:39:42.393+0000] {subprocess.py:93} INFO - 26/06/09 03:39:42 INFO BlockManager: Using org.apache.spark.storage.RandomBlockReplicationPolicy for block replication policy
[2026-06-09T03:39:42.427+0000] {subprocess.py:93} INFO - 26/06/09 03:39:42 INFO BlockManagerMaster: Registering BlockManager BlockManagerId(driver, 719b5a118898, 33743, None)
[2026-06-09T03:39:42.462+0000] {subprocess.py:93} INFO - 26/06/09 03:39:42 INFO BlockManagerMasterEndpoint: Registering block manager 719b5a118898:33743 with 434.4 MiB RAM, BlockManagerId(driver, 719b5a118898, 33743, None)
[2026-06-09T03:39:42.463+0000] {subprocess.py:93} INFO - 26/06/09 03:39:42 INFO BlockManagerMaster: Registered BlockManager BlockManagerId(driver, 719b5a118898, 33743, None)
[2026-06-09T03:39:42.482+0000] {subprocess.py:93} INFO - 26/06/09 03:39:42 INFO BlockManager: Initialized BlockManager: BlockManagerId(driver, 719b5a118898, 33743, None)
[2026-06-09T03:39:42.873+0000] {subprocess.py:93} INFO - 26/06/09 03:39:42 INFO StandaloneAppClient$ClientEndpoint: Executor updated: app-20260609033942-0019/2 is now RUNNING
[2026-06-09T03:39:42.897+0000] {subprocess.py:93} INFO - 26/06/09 03:39:42 INFO StandaloneAppClient$ClientEndpoint: Executor updated: app-20260609033942-0019/0 is now RUNNING
[2026-06-09T03:39:43.210+0000] {subprocess.py:93} INFO - 26/06/09 03:39:43 INFO StandaloneAppClient$ClientEndpoint: Executor updated: app-20260609033942-0019/1 is now RUNNING
[2026-06-09T03:39:45.312+0000] {subprocess.py:93} INFO - 26/06/09 03:39:45 INFO StandaloneSchedulerBackend: SchedulerBackend is ready for scheduling beginning after reached minRegisteredResourcesRatio: 0.0
[2026-06-09T03:39:48.396+0000] {subprocess.py:93} INFO - Starting stream: orders -> /opt/data/bronze/orders
[2026-06-09T03:41:15.812+0000] {subprocess.py:97} INFO - Command exited with return code 124
[2026-06-09T03:41:15.821+0000] {taskinstance.py:441} INFO - ::group::Post task execution logs
[2026-06-09T03:41:15.914+0000] {taskinstance.py:2890} ERROR - Task failed with exception
Traceback (most recent call last):
  File "/home/airflow/.local/lib/python3.12/site-packages/airflow/models/taskinstance.py", line 465, in _execute_task
    result = _execute_callable(context=context, **execute_callable_kwargs)
             ^^^^^^^^^^^^^^^^^^^^^^^^^^^^^^^^^^^^^^^^^^^^^^^^^^^^^^^^^^^^^
  File "/home/airflow/.local/lib/python3.12/site-packages/airflow/models/taskinstance.py", line 432, in _execute_callable
    return execute_callable(context=context, **execute_callable_kwargs)
           ^^^^^^^^^^^^^^^^^^^^^^^^^^^^^^^^^^^^^^^^^^^^^^^^^^^^^^^^^^^^
  File "/home/airflow/.local/lib/python3.12/site-packages/airflow/models/baseoperator.py", line 400, in wrapper
    return func(self, *args, **kwargs)
           ^^^^^^^^^^^^^^^^^^^^^^^^^^^
  File "/home/airflow/.local/lib/python3.12/site-packages/airflow/operators/bash.py", line 243, in execute
    raise AirflowException(
airflow.exceptions.AirflowException: Bash command failed. The command returned a non-zero exit code 124.
[2026-06-09T03:41:15.965+0000] {taskinstance.py:1205} INFO - Marking task as FAILED. dag_id=e-commerce_kafka_streaming_pipeline_v10, task_id=run_bronze, execution_date=20260608T160000, start_date=20260609T033911, end_date=20260609T034115
[2026-06-09T03:41:16.129+0000] {standard_task_runner.py:110} ERROR - Failed to execute job 69 for task run_bronze (Bash command failed. The command returned a non-zero exit code 124.; 1032)
[2026-06-09T03:41:16.486+0000] {local_task_job_runner.py:240} INFO - Task exited with return code 1
[2026-06-09T03:41:16.807+0000] {taskinstance.py:3482} INFO - 0 downstream tasks scheduled from follow-on schedule check
[2026-06-09T03:41:16.913+0000] {local_task_job_runner.py:222} INFO - ::endgroup::
