[2026-06-16T11:23:31.776+0000] {local_task_job_runner.py:120} INFO - ::group::Pre task execution logs
[2026-06-16T11:23:31.899+0000] {taskinstance.py:2073} INFO - Dependencies all met for dep_context=non-requeueable deps ti=<TaskInstance: e-commerce_kafka_streaming_pipeline_v10.produce_messages manual__2026-06-16T11:23:29.498167+00:00 [queued]>
[2026-06-16T11:23:31.927+0000] {taskinstance.py:2073} INFO - Dependencies all met for dep_context=requeueable deps ti=<TaskInstance: e-commerce_kafka_streaming_pipeline_v10.produce_messages manual__2026-06-16T11:23:29.498167+00:00 [queued]>
[2026-06-16T11:23:31.928+0000] {taskinstance.py:2303} INFO - Starting attempt 1 of 2
[2026-06-16T11:23:31.963+0000] {taskinstance.py:2327} INFO - Executing <Task(BashOperator): produce_messages> on 2026-06-16 11:23:29.498167+00:00
[2026-06-16T11:23:31.989+0000] {standard_task_runner.py:90} INFO - Running: ['***', 'tasks', 'run', 'e-commerce_kafka_streaming_pipeline_v10', 'produce_messages', 'manual__2026-06-16T11:23:29.498167+00:00', '--job-id', '5', '--raw', '--subdir', 'DAGS_FOLDER/sdp_pipeline_dag.py', '--cfg-path', '/tmp/tmp7so3taie']
[2026-06-16T11:23:32.005+0000] {standard_task_runner.py:91} INFO - Job 5: Subtask produce_messages
[2026-06-16T11:23:32.008+0000] {logging_mixin.py:188} WARNING - /home/***/.local/lib/python3.12/site-packages/***/task/task_runner/standard_task_runner.py:61 DeprecationWarning: This process (pid=212) is multi-threaded, use of fork() may lead to deadlocks in the child.
[2026-06-16T11:23:32.010+0000] {standard_task_runner.py:63} INFO - Started process 213 to run task
[2026-06-16T11:23:32.190+0000] {task_command.py:426} INFO - Running <TaskInstance: e-commerce_kafka_streaming_pipeline_v10.produce_messages manual__2026-06-16T11:23:29.498167+00:00 [running]> on host c5880b5b3b6f
[2026-06-16T11:23:32.452+0000] {taskinstance.py:2644} INFO - Exporting env vars: AIRFLOW_CTX_DAG_OWNER='dev' AIRFLOW_CTX_DAG_ID='e-commerce_kafka_streaming_pipeline_v10' AIRFLOW_CTX_TASK_ID='produce_messages' AIRFLOW_CTX_EXECUTION_DATE='2026-06-16T11:23:29.498167+00:00' AIRFLOW_CTX_TRY_NUMBER='1' AIRFLOW_CTX_DAG_RUN_ID='manual__2026-06-16T11:23:29.498167+00:00'
[2026-06-16T11:23:32.454+0000] {taskinstance.py:430} INFO - ::endgroup::
[2026-06-16T11:23:32.643+0000] {subprocess.py:63} INFO - Tmp dir root location: /tmp
[2026-06-16T11:23:32.647+0000] {subprocess.py:75} INFO - Running command: ['/usr/bin/bash', '-c', 'python3 /opt/pipelines/api_to_kafka.py']
[2026-06-16T11:23:32.705+0000] {subprocess.py:86} INFO - Output:
[2026-06-16T11:23:41.518+0000] {subprocess.py:93} INFO - Published 7 records to topic 'orders'
[2026-06-16T11:23:41.520+0000] {subprocess.py:93} INFO - Published 10 records to topic 'customers'
[2026-06-16T11:23:41.521+0000] {subprocess.py:93} INFO - Published 20 records to topic 'products'
[2026-06-16T11:23:41.675+0000] {subprocess.py:97} INFO - Command exited with return code 0
[2026-06-16T11:23:41.679+0000] {taskinstance.py:441} INFO - ::group::Post task execution logs
[2026-06-16T11:23:41.758+0000] {taskinstance.py:1205} INFO - Marking task as SUCCESS. dag_id=e-commerce_kafka_streaming_pipeline_v10, task_id=produce_messages, execution_date=20260616T112329, start_date=20260616T112331, end_date=20260616T112341
[2026-06-16T11:23:41.796+0000] {local_task_job_runner.py:240} INFO - Task exited with return code 0
[2026-06-16T11:23:41.867+0000] {taskinstance.py:3482} INFO - 1 downstream tasks scheduled from follow-on schedule check
[2026-06-16T11:23:41.872+0000] {local_task_job_runner.py:222} INFO - ::endgroup::
