[2026-06-10T03:34:36.257+0000] {local_task_job_runner.py:120} INFO - ::group::Pre task execution logs
[2026-06-10T03:34:36.327+0000] {taskinstance.py:2073} INFO - Dependencies all met for dep_context=non-requeueable deps ti=<TaskInstance: e-commerce_kafka_streaming_pipeline_v10.run_bronze scheduled__2026-06-10T02:00:00+00:00 [queued]>
[2026-06-10T03:34:36.343+0000] {taskinstance.py:2073} INFO - Dependencies all met for dep_context=requeueable deps ti=<TaskInstance: e-commerce_kafka_streaming_pipeline_v10.run_bronze scheduled__2026-06-10T02:00:00+00:00 [queued]>
[2026-06-10T03:34:36.344+0000] {taskinstance.py:2303} INFO - Starting attempt 1 of 2
[2026-06-10T03:34:36.380+0000] {taskinstance.py:2327} INFO - Executing <Task(BashOperator): run_bronze> on 2026-06-10 02:00:00+00:00
[2026-06-10T03:34:36.394+0000] {standard_task_runner.py:90} INFO - Running: ['***', 'tasks', 'run', 'e-commerce_kafka_streaming_pipeline_v10', 'run_bronze', 'scheduled__2026-06-10T02:00:00+00:00', '--job-id', '127', '--raw', '--subdir', 'DAGS_FOLDER/sdp_pipeline_dag.py', '--cfg-path', '/tmp/tmpyrq3anwh']
[2026-06-10T03:34:36.399+0000] {logging_mixin.py:188} WARNING - /home/***/.local/lib/python3.12/site-packages/***/task/task_runner/standard_task_runner.py:61 DeprecationWarning: This process (pid=6536) is multi-threaded, use of fork() may lead to deadlocks in the child.
[2026-06-10T03:34:36.402+0000] {standard_task_runner.py:63} INFO - Started process 6537 to run task
[2026-06-10T03:34:36.400+0000] {standard_task_runner.py:91} INFO - Job 127: Subtask run_bronze
[2026-06-10T03:34:36.549+0000] {task_command.py:426} INFO - Running <TaskInstance: e-commerce_kafka_streaming_pipeline_v10.run_bronze scheduled__2026-06-10T02:00:00+00:00 [running]> on host 19d9c0c71dcc
[2026-06-10T03:34:36.709+0000] {taskinstance.py:2644} INFO - Exporting env vars: AIRFLOW_CTX_DAG_OWNER='dev' AIRFLOW_CTX_DAG_ID='e-commerce_kafka_streaming_pipeline_v10' AIRFLOW_CTX_TASK_ID='run_bronze' AIRFLOW_CTX_EXECUTION_DATE='2026-06-10T02:00:00+00:00' AIRFLOW_CTX_TRY_NUMBER='1' AIRFLOW_CTX_DAG_RUN_ID='scheduled__2026-06-10T02:00:00+00:00'
[2026-06-10T03:34:36.710+0000] {taskinstance.py:430} INFO - ::endgroup::
[2026-06-10T03:34:36.746+0000] {subprocess.py:63} INFO - Tmp dir root location: /tmp
[2026-06-10T03:34:36.748+0000] {subprocess.py:75} INFO - Running command: ['/usr/bin/bash', '-c', 'timeout 120s docker run --rm --network streaming_kafka_project_sdp-net --volume /d/Streaming_kafka_project/pipelines:/opt/pipelines --volume /d/Streaming_kafka_project/data:/opt/data --volume /d/Streaming_kafka_project/checkpoints:/opt/checkpoints --volume /d/Streaming_kafka_project/jars:/opt/jars apache/spark:3.5.1 /opt/spark/bin/spark-submit --master spark://sdp-spark-master:7077 --executor-cores 1 --executor-memory 512m --total-executor-cores 3 --jars /opt/jars/delta-spark_2.12-3.2.0.jar,/opt/jars/delta-storage-3.2.0.jar,/opt/jars/spark-sql-kafka-0-10_2.12-3.5.1.jar,/opt/jars/kafka-clients-3.4.1.jar,/opt/jars/spark-token-provider-kafka-0-10_2.12-3.5.1.jar,/opt/jars/commons-pool2-2.11.1.jar --conf spark.sql.extensions=io.delta.sql.DeltaSparkSessionExtension --conf spark.sql.catalog.spark_catalog=org.apache.spark.sql.delta.catalog.DeltaCatalog  /opt/pipelines/bronze_runner.py']
[2026-06-10T03:34:36.765+0000] {subprocess.py:86} INFO - Output:
[2026-06-10T03:34:42.825+0000] {subprocess.py:93} INFO - 26/06/10 03:34:42 WARN NativeCodeLoader: Unable to load native-hadoop library for your platform... using builtin-java classes where applicable
[2026-06-10T03:34:44.553+0000] {subprocess.py:93} INFO - 26/06/10 03:34:44 INFO SparkContext: Running Spark version 3.5.1
[2026-06-10T03:34:44.554+0000] {subprocess.py:93} INFO - 26/06/10 03:34:44 INFO SparkContext: OS info Linux, 6.6.114.1-microsoft-standard-WSL2, amd64
[2026-06-10T03:34:44.555+0000] {subprocess.py:93} INFO - 26/06/10 03:34:44 INFO SparkContext: Java version 11.0.22
[2026-06-10T03:34:44.630+0000] {subprocess.py:93} INFO - 26/06/10 03:34:44 INFO ResourceUtils: ==============================================================
[2026-06-10T03:34:44.632+0000] {subprocess.py:93} INFO - 26/06/10 03:34:44 INFO ResourceUtils: No custom resources configured for spark.driver.
[2026-06-10T03:34:44.634+0000] {subprocess.py:93} INFO - 26/06/10 03:34:44 INFO ResourceUtils: ==============================================================
[2026-06-10T03:34:44.636+0000] {subprocess.py:93} INFO - 26/06/10 03:34:44 INFO SparkContext: Submitted application: SDP-Bronze
[2026-06-10T03:34:44.686+0000] {subprocess.py:93} INFO - 26/06/10 03:34:44 INFO ResourceProfile: Default ResourceProfile created, executor resources: Map(cores -> name: cores, amount: 1, script: , vendor: , memory -> name: memory, amount: 512, script: , vendor: , offHeap -> name: offHeap, amount: 0, script: , vendor: ), task resources: Map(cpus -> name: cpus, amount: 1.0)
[2026-06-10T03:34:44.723+0000] {subprocess.py:93} INFO - 26/06/10 03:34:44 INFO ResourceProfile: Limiting resource is cpus at 1 tasks per executor
[2026-06-10T03:34:44.731+0000] {subprocess.py:93} INFO - 26/06/10 03:34:44 INFO ResourceProfileManager: Added ResourceProfile id: 0
[2026-06-10T03:34:44.890+0000] {subprocess.py:93} INFO - 26/06/10 03:34:44 INFO SecurityManager: Changing view acls to: spark
[2026-06-10T03:34:44.895+0000] {subprocess.py:93} INFO - 26/06/10 03:34:44 INFO SecurityManager: Changing modify acls to: spark
[2026-06-10T03:34:44.900+0000] {subprocess.py:93} INFO - 26/06/10 03:34:44 INFO SecurityManager: Changing view acls groups to:
[2026-06-10T03:34:44.903+0000] {subprocess.py:93} INFO - 26/06/10 03:34:44 INFO SecurityManager: Changing modify acls groups to:
[2026-06-10T03:34:44.904+0000] {subprocess.py:93} INFO - 26/06/10 03:34:44 INFO SecurityManager: SecurityManager: authentication disabled; ui acls disabled; users with view permissions: spark; groups with view permissions: EMPTY; users with modify permissions: spark; groups with modify permissions: EMPTY
[2026-06-10T03:34:45.534+0000] {subprocess.py:93} INFO - 26/06/10 03:34:45 INFO Utils: Successfully started service 'sparkDriver' on port 37339.
[2026-06-10T03:34:45.608+0000] {subprocess.py:93} INFO - 26/06/10 03:34:45 INFO SparkEnv: Registering MapOutputTracker
[2026-06-10T03:34:45.683+0000] {subprocess.py:93} INFO - 26/06/10 03:34:45 INFO SparkEnv: Registering BlockManagerMaster
[2026-06-10T03:34:45.731+0000] {subprocess.py:93} INFO - 26/06/10 03:34:45 INFO BlockManagerMasterEndpoint: Using org.apache.spark.storage.DefaultTopologyMapper for getting topology information
[2026-06-10T03:34:45.734+0000] {subprocess.py:93} INFO - 26/06/10 03:34:45 INFO BlockManagerMasterEndpoint: BlockManagerMasterEndpoint up
[2026-06-10T03:34:45.745+0000] {subprocess.py:93} INFO - 26/06/10 03:34:45 INFO SparkEnv: Registering BlockManagerMasterHeartbeat
[2026-06-10T03:34:45.796+0000] {subprocess.py:93} INFO - 26/06/10 03:34:45 INFO DiskBlockManager: Created local directory at /tmp/blockmgr-9621bc90-4860-4af8-b983-350f1ed654d2
[2026-06-10T03:34:45.826+0000] {subprocess.py:93} INFO - 26/06/10 03:34:45 INFO MemoryStore: MemoryStore started with capacity 434.4 MiB
[2026-06-10T03:34:45.887+0000] {subprocess.py:93} INFO - 26/06/10 03:34:45 INFO SparkEnv: Registering OutputCommitCoordinator
[2026-06-10T03:34:46.320+0000] {subprocess.py:93} INFO - 26/06/10 03:34:46 INFO JettyUtils: Start Jetty 0.0.0.0:4040 for SparkUI
[2026-06-10T03:34:46.482+0000] {subprocess.py:93} INFO - 26/06/10 03:34:46 INFO Utils: Successfully started service 'SparkUI' on port 4040.
[2026-06-10T03:34:46.583+0000] {subprocess.py:93} INFO - 26/06/10 03:34:46 INFO SparkContext: Added JAR file:///opt/jars/delta-spark_2.12-3.2.0.jar at spark://b99241a14aea:37339/jars/delta-spark_2.12-3.2.0.jar with timestamp 1781062484531
[2026-06-10T03:34:46.586+0000] {subprocess.py:93} INFO - 26/06/10 03:34:46 INFO SparkContext: Added JAR file:///opt/jars/delta-storage-3.2.0.jar at spark://b99241a14aea:37339/jars/delta-storage-3.2.0.jar with timestamp 1781062484531
[2026-06-10T03:34:46.590+0000] {subprocess.py:93} INFO - 26/06/10 03:34:46 INFO SparkContext: Added JAR file:///opt/jars/spark-sql-kafka-0-10_2.12-3.5.1.jar at spark://b99241a14aea:37339/jars/spark-sql-kafka-0-10_2.12-3.5.1.jar with timestamp 1781062484531
[2026-06-10T03:34:46.592+0000] {subprocess.py:93} INFO - 26/06/10 03:34:46 INFO SparkContext: Added JAR file:///opt/jars/kafka-clients-3.4.1.jar at spark://b99241a14aea:37339/jars/kafka-clients-3.4.1.jar with timestamp 1781062484531
[2026-06-10T03:34:46.605+0000] {subprocess.py:93} INFO - 26/06/10 03:34:46 INFO SparkContext: Added JAR file:///opt/jars/spark-token-provider-kafka-0-10_2.12-3.5.1.jar at spark://b99241a14aea:37339/jars/spark-token-provider-kafka-0-10_2.12-3.5.1.jar with timestamp 1781062484531
[2026-06-10T03:34:46.608+0000] {subprocess.py:93} INFO - 26/06/10 03:34:46 INFO SparkContext: Added JAR file:///opt/jars/commons-pool2-2.11.1.jar at spark://b99241a14aea:37339/jars/commons-pool2-2.11.1.jar with timestamp 1781062484531
[2026-06-10T03:34:46.803+0000] {subprocess.py:93} INFO - 26/06/10 03:34:46 INFO StandaloneAppClient$ClientEndpoint: Connecting to master spark://sdp-spark-master:7077...
[2026-06-10T03:34:46.895+0000] {subprocess.py:93} INFO - 26/06/10 03:34:46 INFO TransportClientFactory: Successfully created connection to sdp-spark-master/172.18.0.4:7077 after 47 ms (0 ms spent in bootstraps)
[2026-06-10T03:34:47.070+0000] {subprocess.py:93} INFO - 26/06/10 03:34:47 INFO StandaloneSchedulerBackend: Connected to Spark cluster with app ID app-20260610033447-0058
[2026-06-10T03:34:47.071+0000] {subprocess.py:93} INFO - 26/06/10 03:34:47 INFO StandaloneAppClient$ClientEndpoint: Executor added: app-20260610033447-0058/0 on worker-20260608131402-172.18.0.6-44005 (172.18.0.6:44005) with 1 core(s)
[2026-06-10T03:34:47.079+0000] {subprocess.py:93} INFO - 26/06/10 03:34:47 INFO StandaloneSchedulerBackend: Granted executor ID app-20260610033447-0058/0 on hostPort 172.18.0.6:44005 with 1 core(s), 512.0 MiB RAM
[2026-06-10T03:34:47.083+0000] {subprocess.py:93} INFO - 26/06/10 03:34:47 INFO StandaloneAppClient$ClientEndpoint: Executor added: app-20260610033447-0058/1 on worker-20260608131402-172.18.0.6-44005 (172.18.0.6:44005) with 1 core(s)
[2026-06-10T03:34:47.088+0000] {subprocess.py:93} INFO - 26/06/10 03:34:47 INFO StandaloneSchedulerBackend: Granted executor ID app-20260610033447-0058/1 on hostPort 172.18.0.6:44005 with 1 core(s), 512.0 MiB RAM
[2026-06-10T03:34:47.099+0000] {subprocess.py:93} INFO - 26/06/10 03:34:47 INFO StandaloneAppClient$ClientEndpoint: Executor added: app-20260610033447-0058/2 on worker-20260608131402-172.18.0.5-38399 (172.18.0.5:38399) with 1 core(s)
[2026-06-10T03:34:47.103+0000] {subprocess.py:93} INFO - 26/06/10 03:34:47 INFO StandaloneSchedulerBackend: Granted executor ID app-20260610033447-0058/2 on hostPort 172.18.0.5:38399 with 1 core(s), 512.0 MiB RAM
[2026-06-10T03:34:47.105+0000] {subprocess.py:93} INFO - 26/06/10 03:34:47 INFO Utils: Successfully started service 'org.apache.spark.network.netty.NettyBlockTransferService' on port 39731.
[2026-06-10T03:34:47.109+0000] {subprocess.py:93} INFO - 26/06/10 03:34:47 INFO NettyBlockTransferService: Server created on b99241a14aea:39731
[2026-06-10T03:34:47.111+0000] {subprocess.py:93} INFO - 26/06/10 03:34:47 INFO BlockManager: Using org.apache.spark.storage.RandomBlockReplicationPolicy for block replication policy
[2026-06-10T03:34:47.143+0000] {subprocess.py:93} INFO - 26/06/10 03:34:47 INFO BlockManagerMaster: Registering BlockManager BlockManagerId(driver, b99241a14aea, 39731, None)
[2026-06-10T03:34:47.164+0000] {subprocess.py:93} INFO - 26/06/10 03:34:47 INFO BlockManagerMasterEndpoint: Registering block manager b99241a14aea:39731 with 434.4 MiB RAM, BlockManagerId(driver, b99241a14aea, 39731, None)
[2026-06-10T03:34:47.196+0000] {subprocess.py:93} INFO - 26/06/10 03:34:47 INFO BlockManagerMaster: Registered BlockManager BlockManagerId(driver, b99241a14aea, 39731, None)
[2026-06-10T03:34:47.202+0000] {subprocess.py:93} INFO - 26/06/10 03:34:47 INFO BlockManager: Initialized BlockManager: BlockManagerId(driver, b99241a14aea, 39731, None)
[2026-06-10T03:34:47.240+0000] {subprocess.py:93} INFO - 26/06/10 03:34:47 INFO StandaloneAppClient$ClientEndpoint: Executor updated: app-20260610033447-0058/2 is now RUNNING
[2026-06-10T03:34:47.247+0000] {subprocess.py:93} INFO - 26/06/10 03:34:47 INFO StandaloneAppClient$ClientEndpoint: Executor updated: app-20260610033447-0058/1 is now RUNNING
[2026-06-10T03:34:47.259+0000] {subprocess.py:93} INFO - 26/06/10 03:34:47 INFO StandaloneAppClient$ClientEndpoint: Executor updated: app-20260610033447-0058/0 is now RUNNING
[2026-06-10T03:34:48.689+0000] {subprocess.py:93} INFO - 26/06/10 03:34:48 INFO StandaloneSchedulerBackend: SchedulerBackend is ready for scheduling beginning after reached minRegisteredResourcesRatio: 0.0
[2026-06-10T03:34:49.801+0000] {subprocess.py:93} INFO - Starting stream: orders -> /opt/data/bronze/orders
[2026-06-10T03:35:59.852+0000] {subprocess.py:93} INFO - 26/06/10 03:35:59 WARN ResolveWriteToStream: spark.sql.adaptive.enabled is not supported in streaming DataFrames/Datasets and will be disabled.
[2026-06-10T03:36:00.222+0000] {subprocess.py:93} INFO - Starting stream: customers -> /opt/data/bronze/customers
[2026-06-10T03:36:04.600+0000] {subprocess.py:93} INFO - 26/06/10 03:36:04 WARN ResolveWriteToStream: spark.sql.adaptive.enabled is not supported in streaming DataFrames/Datasets and will be disabled.
[2026-06-10T03:36:04.898+0000] {subprocess.py:93} INFO - Starting stream: products -> /opt/data/bronze/products
[2026-06-10T03:36:05.217+0000] {subprocess.py:93} INFO - 26/06/10 03:36:05 WARN AdminClientConfig: These configurations '[key.deserializer, value.deserializer, enable.auto.commit, max.poll.records, auto.offset.reset]' were supplied but are not used yet.
[2026-06-10T03:36:08.242+0000] {subprocess.py:93} INFO - 26/06/10 03:36:08 WARN AdminClientConfig: These configurations '[key.deserializer, value.deserializer, enable.auto.commit, max.poll.records, auto.offset.reset]' were supplied but are not used yet.
[2026-06-10T03:36:08.587+0000] {subprocess.py:93} INFO - 26/06/10 03:36:08 WARN ResolveWriteToStream: spark.sql.adaptive.enabled is not supported in streaming DataFrames/Datasets and will be disabled.
[2026-06-10T03:36:10.678+0000] {subprocess.py:93} INFO - 26/06/10 03:36:10 WARN AdminClientConfig: These configurations '[key.deserializer, value.deserializer, enable.auto.commit, max.poll.records, auto.offset.reset]' were supplied but are not used yet.
[2026-06-10T03:36:13.056+0000] {subprocess.py:93} INFO - 26/06/10 03:36:13 WARN SparkStringUtils: Truncated the string representation of a plan since it was too large. This behavior can be adjusted by setting 'spark.sql.debug.maxToStringFields'.
[2026-06-10T03:36:38.449+0000] {subprocess.py:97} INFO - Command exited with return code 124
[2026-06-10T03:36:38.452+0000] {taskinstance.py:441} INFO - ::group::Post task execution logs
[2026-06-10T03:36:38.486+0000] {taskinstance.py:2890} ERROR - Task failed with exception
Traceback (most recent call last):
  File "/home/airflow/.local/lib/python3.12/site-packages/airflow/models/taskinstance.py", line 465, in _execute_task
    result = _execute_callable(context=context, **execute_callable_kwargs)
             ^^^^^^^^^^^^^^^^^^^^^^^^^^^^^^^^^^^^^^^^^^^^^^^^^^^^^^^^^^^^^
  File "/home/airflow/.local/lib/python3.12/site-packages/airflow/models/taskinstance.py", line 432, in _execute_callable
    return execute_callable(context=context, **execute_callable_kwargs)
           ^^^^^^^^^^^^^^^^^^^^^^^^^^^^^^^^^^^^^^^^^^^^^^^^^^^^^^^^^^^^
  File "/home/airflow/.local/lib/python3.12/site-packages/airflow/models/baseoperator.py", line 400, in wrapper
    return func(self, *args, **kwargs)
           ^^^^^^^^^^^^^^^^^^^^^^^^^^^
  File "/home/airflow/.local/lib/python3.12/site-packages/airflow/operators/bash.py", line 243, in execute
    raise AirflowException(
airflow.exceptions.AirflowException: Bash command failed. The command returned a non-zero exit code 124.
[2026-06-10T03:36:38.500+0000] {taskinstance.py:1205} INFO - Marking task as UP_FOR_RETRY. dag_id=e-commerce_kafka_streaming_pipeline_v10, task_id=run_bronze, execution_date=20260610T020000, start_date=20260610T033436, end_date=20260610T033638
[2026-06-10T03:36:38.534+0000] {standard_task_runner.py:110} ERROR - Failed to execute job 127 for task run_bronze (Bash command failed. The command returned a non-zero exit code 124.; 6537)
[2026-06-10T03:36:38.572+0000] {local_task_job_runner.py:240} INFO - Task exited with return code 1
[2026-06-10T03:36:38.656+0000] {taskinstance.py:3482} INFO - 0 downstream tasks scheduled from follow-on schedule check
[2026-06-10T03:36:38.661+0000] {local_task_job_runner.py:222} INFO - ::endgroup::
