[2026-06-10T03:38:39.127+0000] {local_task_job_runner.py:120} INFO - ::group::Pre task execution logs
[2026-06-10T03:38:39.200+0000] {taskinstance.py:2073} INFO - Dependencies all met for dep_context=non-requeueable deps ti=<TaskInstance: e-commerce_kafka_streaming_pipeline_v10.run_bronze scheduled__2026-06-10T02:00:00+00:00 [queued]>
[2026-06-10T03:38:39.220+0000] {taskinstance.py:2073} INFO - Dependencies all met for dep_context=requeueable deps ti=<TaskInstance: e-commerce_kafka_streaming_pipeline_v10.run_bronze scheduled__2026-06-10T02:00:00+00:00 [queued]>
[2026-06-10T03:38:39.221+0000] {taskinstance.py:2303} INFO - Starting attempt 2 of 2
[2026-06-10T03:38:39.262+0000] {taskinstance.py:2327} INFO - Executing <Task(BashOperator): run_bronze> on 2026-06-10 02:00:00+00:00
[2026-06-10T03:38:39.282+0000] {standard_task_runner.py:90} INFO - Running: ['***', 'tasks', 'run', 'e-commerce_kafka_streaming_pipeline_v10', 'run_bronze', 'scheduled__2026-06-10T02:00:00+00:00', '--job-id', '128', '--raw', '--subdir', 'DAGS_FOLDER/sdp_pipeline_dag.py', '--cfg-path', '/tmp/tmp4q7ochwb']
[2026-06-10T03:38:39.288+0000] {standard_task_runner.py:91} INFO - Job 128: Subtask run_bronze
[2026-06-10T03:38:39.288+0000] {logging_mixin.py:188} WARNING - /home/***/.local/lib/python3.12/site-packages/***/task/task_runner/standard_task_runner.py:61 DeprecationWarning: This process (pid=6588) is multi-threaded, use of fork() may lead to deadlocks in the child.
[2026-06-10T03:38:39.290+0000] {standard_task_runner.py:63} INFO - Started process 6589 to run task
[2026-06-10T03:38:39.436+0000] {task_command.py:426} INFO - Running <TaskInstance: e-commerce_kafka_streaming_pipeline_v10.run_bronze scheduled__2026-06-10T02:00:00+00:00 [running]> on host 19d9c0c71dcc
[2026-06-10T03:38:39.550+0000] {taskinstance.py:2644} INFO - Exporting env vars: AIRFLOW_CTX_DAG_OWNER='dev' AIRFLOW_CTX_DAG_ID='e-commerce_kafka_streaming_pipeline_v10' AIRFLOW_CTX_TASK_ID='run_bronze' AIRFLOW_CTX_EXECUTION_DATE='2026-06-10T02:00:00+00:00' AIRFLOW_CTX_TRY_NUMBER='2' AIRFLOW_CTX_DAG_RUN_ID='scheduled__2026-06-10T02:00:00+00:00'
[2026-06-10T03:38:39.551+0000] {taskinstance.py:430} INFO - ::endgroup::
[2026-06-10T03:38:39.574+0000] {subprocess.py:63} INFO - Tmp dir root location: /tmp
[2026-06-10T03:38:39.576+0000] {subprocess.py:75} INFO - Running command: ['/usr/bin/bash', '-c', 'timeout 120s docker run --rm --network streaming_kafka_project_sdp-net --volume /d/Streaming_kafka_project/pipelines:/opt/pipelines --volume /d/Streaming_kafka_project/data:/opt/data --volume /d/Streaming_kafka_project/checkpoints:/opt/checkpoints --volume /d/Streaming_kafka_project/jars:/opt/jars apache/spark:3.5.1 /opt/spark/bin/spark-submit --master spark://sdp-spark-master:7077 --executor-cores 1 --executor-memory 512m --total-executor-cores 3 --jars /opt/jars/delta-spark_2.12-3.2.0.jar,/opt/jars/delta-storage-3.2.0.jar,/opt/jars/spark-sql-kafka-0-10_2.12-3.5.1.jar,/opt/jars/kafka-clients-3.4.1.jar,/opt/jars/spark-token-provider-kafka-0-10_2.12-3.5.1.jar,/opt/jars/commons-pool2-2.11.1.jar --conf spark.sql.extensions=io.delta.sql.DeltaSparkSessionExtension --conf spark.sql.catalog.spark_catalog=org.apache.spark.sql.delta.catalog.DeltaCatalog  /opt/pipelines/bronze_runner.py']
[2026-06-10T03:38:39.589+0000] {subprocess.py:86} INFO - Output:
[2026-06-10T03:38:43.690+0000] {subprocess.py:93} INFO - 26/06/10 03:38:43 WARN NativeCodeLoader: Unable to load native-hadoop library for your platform... using builtin-java classes where applicable
[2026-06-10T03:38:44.906+0000] {subprocess.py:93} INFO - 26/06/10 03:38:44 INFO SparkContext: Running Spark version 3.5.1
[2026-06-10T03:38:44.907+0000] {subprocess.py:93} INFO - 26/06/10 03:38:44 INFO SparkContext: OS info Linux, 6.6.114.1-microsoft-standard-WSL2, amd64
[2026-06-10T03:38:44.908+0000] {subprocess.py:93} INFO - 26/06/10 03:38:44 INFO SparkContext: Java version 11.0.22
[2026-06-10T03:38:44.960+0000] {subprocess.py:93} INFO - 26/06/10 03:38:44 INFO ResourceUtils: ==============================================================
[2026-06-10T03:38:44.962+0000] {subprocess.py:93} INFO - 26/06/10 03:38:44 INFO ResourceUtils: No custom resources configured for spark.driver.
[2026-06-10T03:38:44.963+0000] {subprocess.py:93} INFO - 26/06/10 03:38:44 INFO ResourceUtils: ==============================================================
[2026-06-10T03:38:44.966+0000] {subprocess.py:93} INFO - 26/06/10 03:38:44 INFO SparkContext: Submitted application: SDP-Bronze
[2026-06-10T03:38:45.005+0000] {subprocess.py:93} INFO - 26/06/10 03:38:45 INFO ResourceProfile: Default ResourceProfile created, executor resources: Map(cores -> name: cores, amount: 1, script: , vendor: , memory -> name: memory, amount: 512, script: , vendor: , offHeap -> name: offHeap, amount: 0, script: , vendor: ), task resources: Map(cpus -> name: cpus, amount: 1.0)
[2026-06-10T03:38:45.027+0000] {subprocess.py:93} INFO - 26/06/10 03:38:45 INFO ResourceProfile: Limiting resource is cpus at 1 tasks per executor
[2026-06-10T03:38:45.033+0000] {subprocess.py:93} INFO - 26/06/10 03:38:45 INFO ResourceProfileManager: Added ResourceProfile id: 0
[2026-06-10T03:38:45.115+0000] {subprocess.py:93} INFO - 26/06/10 03:38:45 INFO SecurityManager: Changing view acls to: spark
[2026-06-10T03:38:45.117+0000] {subprocess.py:93} INFO - 26/06/10 03:38:45 INFO SecurityManager: Changing modify acls to: spark
[2026-06-10T03:38:45.120+0000] {subprocess.py:93} INFO - 26/06/10 03:38:45 INFO SecurityManager: Changing view acls groups to:
[2026-06-10T03:38:45.123+0000] {subprocess.py:93} INFO - 26/06/10 03:38:45 INFO SecurityManager: Changing modify acls groups to:
[2026-06-10T03:38:45.124+0000] {subprocess.py:93} INFO - 26/06/10 03:38:45 INFO SecurityManager: SecurityManager: authentication disabled; ui acls disabled; users with view permissions: spark; groups with view permissions: EMPTY; users with modify permissions: spark; groups with modify permissions: EMPTY
[2026-06-10T03:38:45.547+0000] {subprocess.py:93} INFO - 26/06/10 03:38:45 INFO Utils: Successfully started service 'sparkDriver' on port 43453.
[2026-06-10T03:38:45.609+0000] {subprocess.py:93} INFO - 26/06/10 03:38:45 INFO SparkEnv: Registering MapOutputTracker
[2026-06-10T03:38:45.677+0000] {subprocess.py:93} INFO - 26/06/10 03:38:45 INFO SparkEnv: Registering BlockManagerMaster
[2026-06-10T03:38:45.736+0000] {subprocess.py:93} INFO - 26/06/10 03:38:45 INFO BlockManagerMasterEndpoint: Using org.apache.spark.storage.DefaultTopologyMapper for getting topology information
[2026-06-10T03:38:45.741+0000] {subprocess.py:93} INFO - 26/06/10 03:38:45 INFO BlockManagerMasterEndpoint: BlockManagerMasterEndpoint up
[2026-06-10T03:38:45.752+0000] {subprocess.py:93} INFO - 26/06/10 03:38:45 INFO SparkEnv: Registering BlockManagerMasterHeartbeat
[2026-06-10T03:38:45.796+0000] {subprocess.py:93} INFO - 26/06/10 03:38:45 INFO DiskBlockManager: Created local directory at /tmp/blockmgr-ae849dda-dde4-4144-9957-6c75ff69e56b
[2026-06-10T03:38:45.822+0000] {subprocess.py:93} INFO - 26/06/10 03:38:45 INFO MemoryStore: MemoryStore started with capacity 434.4 MiB
[2026-06-10T03:38:45.856+0000] {subprocess.py:93} INFO - 26/06/10 03:38:45 INFO SparkEnv: Registering OutputCommitCoordinator
[2026-06-10T03:38:46.148+0000] {subprocess.py:93} INFO - 26/06/10 03:38:46 INFO JettyUtils: Start Jetty 0.0.0.0:4040 for SparkUI
[2026-06-10T03:38:46.235+0000] {subprocess.py:93} INFO - 26/06/10 03:38:46 INFO Utils: Successfully started service 'SparkUI' on port 4040.
[2026-06-10T03:38:46.301+0000] {subprocess.py:93} INFO - 26/06/10 03:38:46 INFO SparkContext: Added JAR file:///opt/jars/delta-spark_2.12-3.2.0.jar at spark://70883df81df3:43453/jars/delta-spark_2.12-3.2.0.jar with timestamp 1781062724890
[2026-06-10T03:38:46.303+0000] {subprocess.py:93} INFO - 26/06/10 03:38:46 INFO SparkContext: Added JAR file:///opt/jars/delta-storage-3.2.0.jar at spark://70883df81df3:43453/jars/delta-storage-3.2.0.jar with timestamp 1781062724890
[2026-06-10T03:38:46.306+0000] {subprocess.py:93} INFO - 26/06/10 03:38:46 INFO SparkContext: Added JAR file:///opt/jars/spark-sql-kafka-0-10_2.12-3.5.1.jar at spark://70883df81df3:43453/jars/spark-sql-kafka-0-10_2.12-3.5.1.jar with timestamp 1781062724890
[2026-06-10T03:38:46.313+0000] {subprocess.py:93} INFO - 26/06/10 03:38:46 INFO SparkContext: Added JAR file:///opt/jars/kafka-clients-3.4.1.jar at spark://70883df81df3:43453/jars/kafka-clients-3.4.1.jar with timestamp 1781062724890
[2026-06-10T03:38:46.314+0000] {subprocess.py:93} INFO - 26/06/10 03:38:46 INFO SparkContext: Added JAR file:///opt/jars/spark-token-provider-kafka-0-10_2.12-3.5.1.jar at spark://70883df81df3:43453/jars/spark-token-provider-kafka-0-10_2.12-3.5.1.jar with timestamp 1781062724890
[2026-06-10T03:38:46.315+0000] {subprocess.py:93} INFO - 26/06/10 03:38:46 INFO SparkContext: Added JAR file:///opt/jars/commons-pool2-2.11.1.jar at spark://70883df81df3:43453/jars/commons-pool2-2.11.1.jar with timestamp 1781062724890
[2026-06-10T03:38:46.471+0000] {subprocess.py:93} INFO - 26/06/10 03:38:46 INFO StandaloneAppClient$ClientEndpoint: Connecting to master spark://sdp-spark-master:7077...
[2026-06-10T03:38:46.547+0000] {subprocess.py:93} INFO - 26/06/10 03:38:46 INFO TransportClientFactory: Successfully created connection to sdp-spark-master/172.18.0.4:7077 after 45 ms (0 ms spent in bootstraps)
[2026-06-10T03:38:46.706+0000] {subprocess.py:93} INFO - 26/06/10 03:38:46 INFO StandaloneSchedulerBackend: Connected to Spark cluster with app ID app-20260610033846-0059
[2026-06-10T03:38:46.739+0000] {subprocess.py:93} INFO - 26/06/10 03:38:46 INFO StandaloneAppClient$ClientEndpoint: Executor added: app-20260610033846-0059/0 on worker-20260608131402-172.18.0.6-44005 (172.18.0.6:44005) with 1 core(s)
[2026-06-10T03:38:46.765+0000] {subprocess.py:93} INFO - 26/06/10 03:38:46 INFO StandaloneSchedulerBackend: Granted executor ID app-20260610033846-0059/0 on hostPort 172.18.0.6:44005 with 1 core(s), 512.0 MiB RAM
[2026-06-10T03:38:46.776+0000] {subprocess.py:93} INFO - 26/06/10 03:38:46 INFO StandaloneAppClient$ClientEndpoint: Executor added: app-20260610033846-0059/1 on worker-20260608131402-172.18.0.6-44005 (172.18.0.6:44005) with 1 core(s)
[2026-06-10T03:38:46.780+0000] {subprocess.py:93} INFO - 26/06/10 03:38:46 INFO StandaloneSchedulerBackend: Granted executor ID app-20260610033846-0059/1 on hostPort 172.18.0.6:44005 with 1 core(s), 512.0 MiB RAM
[2026-06-10T03:38:46.787+0000] {subprocess.py:93} INFO - 26/06/10 03:38:46 INFO Utils: Successfully started service 'org.apache.spark.network.netty.NettyBlockTransferService' on port 33287.
[2026-06-10T03:38:46.788+0000] {subprocess.py:93} INFO - 26/06/10 03:38:46 INFO NettyBlockTransferService: Server created on 70883df81df3:33287
[2026-06-10T03:38:46.808+0000] {subprocess.py:93} INFO - 26/06/10 03:38:46 INFO StandaloneAppClient$ClientEndpoint: Executor added: app-20260610033846-0059/2 on worker-20260608131402-172.18.0.5-38399 (172.18.0.5:38399) with 1 core(s)
[2026-06-10T03:38:46.809+0000] {subprocess.py:93} INFO - 26/06/10 03:38:46 INFO StandaloneSchedulerBackend: Granted executor ID app-20260610033846-0059/2 on hostPort 172.18.0.5:38399 with 1 core(s), 512.0 MiB RAM
[2026-06-10T03:38:46.810+0000] {subprocess.py:93} INFO - 26/06/10 03:38:46 INFO BlockManager: Using org.apache.spark.storage.RandomBlockReplicationPolicy for block replication policy
[2026-06-10T03:38:46.860+0000] {subprocess.py:93} INFO - 26/06/10 03:38:46 INFO BlockManagerMaster: Registering BlockManager BlockManagerId(driver, 70883df81df3, 33287, None)
[2026-06-10T03:38:46.878+0000] {subprocess.py:93} INFO - 26/06/10 03:38:46 INFO BlockManagerMasterEndpoint: Registering block manager 70883df81df3:33287 with 434.4 MiB RAM, BlockManagerId(driver, 70883df81df3, 33287, None)
[2026-06-10T03:38:46.884+0000] {subprocess.py:93} INFO - 26/06/10 03:38:46 INFO BlockManagerMaster: Registered BlockManager BlockManagerId(driver, 70883df81df3, 33287, None)
[2026-06-10T03:38:46.888+0000] {subprocess.py:93} INFO - 26/06/10 03:38:46 INFO BlockManager: Initialized BlockManager: BlockManagerId(driver, 70883df81df3, 33287, None)
[2026-06-10T03:38:47.150+0000] {subprocess.py:93} INFO - 26/06/10 03:38:47 INFO StandaloneAppClient$ClientEndpoint: Executor updated: app-20260610033846-0059/0 is now RUNNING
[2026-06-10T03:38:47.153+0000] {subprocess.py:93} INFO - 26/06/10 03:38:47 INFO StandaloneAppClient$ClientEndpoint: Executor updated: app-20260610033846-0059/1 is now RUNNING
[2026-06-10T03:38:47.188+0000] {subprocess.py:93} INFO - 26/06/10 03:38:47 INFO StandaloneAppClient$ClientEndpoint: Executor updated: app-20260610033846-0059/2 is now RUNNING
[2026-06-10T03:38:48.260+0000] {subprocess.py:93} INFO - 26/06/10 03:38:48 INFO StandaloneSchedulerBackend: SchedulerBackend is ready for scheduling beginning after reached minRegisteredResourcesRatio: 0.0
[2026-06-10T03:38:49.512+0000] {subprocess.py:93} INFO - Starting stream: orders -> /opt/data/bronze/orders
[2026-06-10T03:39:20.979+0000] {subprocess.py:93} INFO - 26/06/10 03:39:20 WARN ResolveWriteToStream: spark.sql.adaptive.enabled is not supported in streaming DataFrames/Datasets and will be disabled.
[2026-06-10T03:39:21.235+0000] {subprocess.py:93} INFO - Starting stream: customers -> /opt/data/bronze/customers
[2026-06-10T03:39:23.809+0000] {subprocess.py:93} INFO - 26/06/10 03:39:23 WARN ResolveWriteToStream: spark.sql.adaptive.enabled is not supported in streaming DataFrames/Datasets and will be disabled.
[2026-06-10T03:39:23.871+0000] {subprocess.py:93} INFO - Starting stream: products -> /opt/data/bronze/products
[2026-06-10T03:39:26.478+0000] {subprocess.py:93} INFO - 26/06/10 03:39:26 WARN ResolveWriteToStream: spark.sql.adaptive.enabled is not supported in streaming DataFrames/Datasets and will be disabled.
[2026-06-10T03:39:28.796+0000] {subprocess.py:93} INFO - 26/06/10 03:39:28 WARN SparkStringUtils: Truncated the string representation of a plan since it was too large. This behavior can be adjusted by setting 'spark.sql.debug.maxToStringFields'.
[2026-06-10T03:40:28.361+0000] {subprocess.py:93} INFO - 26/06/10 03:40:28 WARN AdminClientConfig: These configurations '[key.deserializer, value.deserializer, enable.auto.commit, max.poll.records, auto.offset.reset]' were supplied but are not used yet.
[2026-06-10T03:40:37.906+0000] {subprocess.py:93} INFO - 26/06/10 03:40:37 WARN AdminClientConfig: These configurations '[key.deserializer, value.deserializer, enable.auto.commit, max.poll.records, auto.offset.reset]' were supplied but are not used yet.
[2026-06-10T03:40:38.235+0000] {subprocess.py:93} INFO - 26/06/10 03:40:38 WARN AdminClientConfig: These configurations '[key.deserializer, value.deserializer, enable.auto.commit, max.poll.records, auto.offset.reset]' were supplied but are not used yet.
[2026-06-10T03:40:41.162+0000] {subprocess.py:97} INFO - Command exited with return code 124
[2026-06-10T03:40:41.176+0000] {taskinstance.py:441} INFO - ::group::Post task execution logs
[2026-06-10T03:40:41.239+0000] {taskinstance.py:2890} ERROR - Task failed with exception
Traceback (most recent call last):
  File "/home/airflow/.local/lib/python3.12/site-packages/airflow/models/taskinstance.py", line 465, in _execute_task
    result = _execute_callable(context=context, **execute_callable_kwargs)
             ^^^^^^^^^^^^^^^^^^^^^^^^^^^^^^^^^^^^^^^^^^^^^^^^^^^^^^^^^^^^^
  File "/home/airflow/.local/lib/python3.12/site-packages/airflow/models/taskinstance.py", line 432, in _execute_callable
    return execute_callable(context=context, **execute_callable_kwargs)
           ^^^^^^^^^^^^^^^^^^^^^^^^^^^^^^^^^^^^^^^^^^^^^^^^^^^^^^^^^^^^
  File "/home/airflow/.local/lib/python3.12/site-packages/airflow/models/baseoperator.py", line 400, in wrapper
    return func(self, *args, **kwargs)
           ^^^^^^^^^^^^^^^^^^^^^^^^^^^
  File "/home/airflow/.local/lib/python3.12/site-packages/airflow/operators/bash.py", line 243, in execute
    raise AirflowException(
airflow.exceptions.AirflowException: Bash command failed. The command returned a non-zero exit code 124.
[2026-06-10T03:40:41.264+0000] {taskinstance.py:1205} INFO - Marking task as FAILED. dag_id=e-commerce_kafka_streaming_pipeline_v10, task_id=run_bronze, execution_date=20260610T020000, start_date=20260610T033839, end_date=20260610T034041
[2026-06-10T03:40:41.349+0000] {standard_task_runner.py:110} ERROR - Failed to execute job 128 for task run_bronze (Bash command failed. The command returned a non-zero exit code 124.; 6589)
[2026-06-10T03:40:41.398+0000] {local_task_job_runner.py:240} INFO - Task exited with return code 1
[2026-06-10T03:40:41.498+0000] {taskinstance.py:3482} INFO - 0 downstream tasks scheduled from follow-on schedule check
[2026-06-10T03:40:41.518+0000] {local_task_job_runner.py:222} INFO - ::endgroup::
