[2026-07-16T14:14:28.400+0000] {local_task_job_runner.py:120} INFO - ::group::Pre task execution logs
[2026-07-16T14:14:28.428+0000] {taskinstance.py:2073} INFO - Dependencies all met for dep_context=non-requeueable deps ti=<TaskInstance: e-commerce_kafka_streaming_pipeline_v1.run_bronze scheduled__2026-07-16T13:00:00+00:00 [queued]>
[2026-07-16T14:14:28.435+0000] {taskinstance.py:2073} INFO - Dependencies all met for dep_context=requeueable deps ti=<TaskInstance: e-commerce_kafka_streaming_pipeline_v1.run_bronze scheduled__2026-07-16T13:00:00+00:00 [queued]>
[2026-07-16T14:14:28.435+0000] {taskinstance.py:2303} INFO - Starting attempt 1 of 2
[2026-07-16T14:14:28.447+0000] {taskinstance.py:2327} INFO - Executing <Task(BashOperator): run_bronze> on 2026-07-16 13:00:00+00:00
[2026-07-16T14:14:28.455+0000] {standard_task_runner.py:90} INFO - Running: ['***', 'tasks', 'run', 'e-commerce_kafka_streaming_pipeline_v1', 'run_bronze', 'scheduled__2026-07-16T13:00:00+00:00', '--job-id', '69', '--raw', '--subdir', 'DAGS_FOLDER/sdp_pipeline_dag.py', '--cfg-path', '/tmp/tmpvppcz87t']
[2026-07-16T14:14:28.458+0000] {standard_task_runner.py:91} INFO - Job 69: Subtask run_bronze
[2026-07-16T14:14:28.461+0000] {logging_mixin.py:188} WARNING - /home/***/.local/lib/python3.12/site-packages/***/task/task_runner/standard_task_runner.py:61 DeprecationWarning: This process (pid=2441) is multi-threaded, use of fork() may lead to deadlocks in the child.
[2026-07-16T14:14:28.462+0000] {standard_task_runner.py:63} INFO - Started process 2442 to run task
[2026-07-16T14:14:28.516+0000] {task_command.py:426} INFO - Running <TaskInstance: e-commerce_kafka_streaming_pipeline_v1.run_bronze scheduled__2026-07-16T13:00:00+00:00 [running]> on host da27550080bf
[2026-07-16T14:14:28.711+0000] {taskinstance.py:2644} INFO - Exporting env vars: AIRFLOW_CTX_DAG_OWNER='dev' AIRFLOW_CTX_DAG_ID='e-commerce_kafka_streaming_pipeline_v1' AIRFLOW_CTX_TASK_ID='run_bronze' AIRFLOW_CTX_EXECUTION_DATE='2026-07-16T13:00:00+00:00' AIRFLOW_CTX_TRY_NUMBER='1' AIRFLOW_CTX_DAG_RUN_ID='scheduled__2026-07-16T13:00:00+00:00'
[2026-07-16T14:14:28.720+0000] {taskinstance.py:430} INFO - ::endgroup::
[2026-07-16T14:14:28.779+0000] {subprocess.py:63} INFO - Tmp dir root location: /tmp
[2026-07-16T14:14:28.792+0000] {subprocess.py:75} INFO - Running command: ['/usr/bin/bash', '-c', 'timeout 150s docker run --rm --network streaming_kafka_project_sdp-net --volume /d/Streaming_kafka_project/pipelines:/opt/pipelines --volume /d/Streaming_kafka_project/data:/opt/data --volume /d/Streaming_kafka_project/checkpoints:/opt/checkpoints --volume /d/Streaming_kafka_project/jars:/opt/jars apache/spark:3.5.1 /opt/spark/bin/spark-submit --master spark://sdp-spark-master:7077 --executor-cores 1 --executor-memory 512m --total-executor-cores 3 --jars /opt/jars/delta-spark_2.12-3.2.0.jar,/opt/jars/delta-storage-3.2.0.jar,/opt/jars/spark-sql-kafka-0-10_2.12-3.5.1.jar,/opt/jars/kafka-clients-3.4.1.jar,/opt/jars/spark-token-provider-kafka-0-10_2.12-3.5.1.jar,/opt/jars/commons-pool2-2.11.1.jar --conf spark.sql.extensions=io.delta.sql.DeltaSparkSessionExtension --conf spark.sql.catalog.spark_catalog=org.apache.spark.sql.delta.catalog.DeltaCatalog  /opt/pipelines/bronze_runner.py']
[2026-07-16T14:14:28.818+0000] {subprocess.py:86} INFO - Output:
[2026-07-16T14:14:30.905+0000] {subprocess.py:93} INFO - 26/07/16 14:14:30 WARN NativeCodeLoader: Unable to load native-hadoop library for your platform... using builtin-java classes where applicable
[2026-07-16T14:14:31.580+0000] {subprocess.py:93} INFO - 26/07/16 14:14:31 INFO SparkContext: Running Spark version 3.5.1
[2026-07-16T14:14:31.581+0000] {subprocess.py:93} INFO - 26/07/16 14:14:31 INFO SparkContext: OS info Linux, 6.18.33.2-microsoft-standard-WSL2, amd64
[2026-07-16T14:14:31.582+0000] {subprocess.py:93} INFO - 26/07/16 14:14:31 INFO SparkContext: Java version 11.0.22
[2026-07-16T14:14:31.614+0000] {subprocess.py:93} INFO - 26/07/16 14:14:31 INFO ResourceUtils: ==============================================================
[2026-07-16T14:14:31.616+0000] {subprocess.py:93} INFO - 26/07/16 14:14:31 INFO ResourceUtils: No custom resources configured for spark.driver.
[2026-07-16T14:14:31.617+0000] {subprocess.py:93} INFO - 26/07/16 14:14:31 INFO ResourceUtils: ==============================================================
[2026-07-16T14:14:31.618+0000] {subprocess.py:93} INFO - 26/07/16 14:14:31 INFO SparkContext: Submitted application: SDP-Bronze
[2026-07-16T14:14:31.643+0000] {subprocess.py:93} INFO - 26/07/16 14:14:31 INFO ResourceProfile: Default ResourceProfile created, executor resources: Map(cores -> name: cores, amount: 1, script: , vendor: , memory -> name: memory, amount: 512, script: , vendor: , offHeap -> name: offHeap, amount: 0, script: , vendor: ), task resources: Map(cpus -> name: cpus, amount: 1.0)
[2026-07-16T14:14:31.662+0000] {subprocess.py:93} INFO - 26/07/16 14:14:31 INFO ResourceProfile: Limiting resource is cpus at 1 tasks per executor
[2026-07-16T14:14:31.666+0000] {subprocess.py:93} INFO - 26/07/16 14:14:31 INFO ResourceProfileManager: Added ResourceProfile id: 0
[2026-07-16T14:14:31.764+0000] {subprocess.py:93} INFO - 26/07/16 14:14:31 INFO SecurityManager: Changing view acls to: spark
[2026-07-16T14:14:31.765+0000] {subprocess.py:93} INFO - 26/07/16 14:14:31 INFO SecurityManager: Changing modify acls to: spark
[2026-07-16T14:14:31.766+0000] {subprocess.py:93} INFO - 26/07/16 14:14:31 INFO SecurityManager: Changing view acls groups to:
[2026-07-16T14:14:31.767+0000] {subprocess.py:93} INFO - 26/07/16 14:14:31 INFO SecurityManager: Changing modify acls groups to:
[2026-07-16T14:14:31.768+0000] {subprocess.py:93} INFO - 26/07/16 14:14:31 INFO SecurityManager: SecurityManager: authentication disabled; ui acls disabled; users with view permissions: spark; groups with view permissions: EMPTY; users with modify permissions: spark; groups with modify permissions: EMPTY
[2026-07-16T14:14:32.186+0000] {subprocess.py:93} INFO - 26/07/16 14:14:32 INFO Utils: Successfully started service 'sparkDriver' on port 42553.
[2026-07-16T14:14:32.225+0000] {subprocess.py:93} INFO - 26/07/16 14:14:32 INFO SparkEnv: Registering MapOutputTracker
[2026-07-16T14:14:32.300+0000] {subprocess.py:93} INFO - 26/07/16 14:14:32 INFO SparkEnv: Registering BlockManagerMaster
[2026-07-16T14:14:32.322+0000] {subprocess.py:93} INFO - 26/07/16 14:14:32 INFO BlockManagerMasterEndpoint: Using org.apache.spark.storage.DefaultTopologyMapper for getting topology information
[2026-07-16T14:14:32.323+0000] {subprocess.py:93} INFO - 26/07/16 14:14:32 INFO BlockManagerMasterEndpoint: BlockManagerMasterEndpoint up
[2026-07-16T14:14:32.328+0000] {subprocess.py:93} INFO - 26/07/16 14:14:32 INFO SparkEnv: Registering BlockManagerMasterHeartbeat
[2026-07-16T14:14:32.354+0000] {subprocess.py:93} INFO - 26/07/16 14:14:32 INFO DiskBlockManager: Created local directory at /tmp/blockmgr-ef0051cf-91af-41de-9931-2c6df959078d
[2026-07-16T14:14:32.369+0000] {subprocess.py:93} INFO - 26/07/16 14:14:32 INFO MemoryStore: MemoryStore started with capacity 434.4 MiB
[2026-07-16T14:14:32.385+0000] {subprocess.py:93} INFO - 26/07/16 14:14:32 INFO SparkEnv: Registering OutputCommitCoordinator
[2026-07-16T14:14:32.512+0000] {subprocess.py:93} INFO - 26/07/16 14:14:32 INFO JettyUtils: Start Jetty 0.0.0.0:4040 for SparkUI
[2026-07-16T14:14:32.563+0000] {subprocess.py:93} INFO - 26/07/16 14:14:32 INFO Utils: Successfully started service 'SparkUI' on port 4040.
[2026-07-16T14:14:32.597+0000] {subprocess.py:93} INFO - 26/07/16 14:14:32 INFO SparkContext: Added JAR file:///opt/jars/delta-spark_2.12-3.2.0.jar at spark://373296eb6e49:42553/jars/delta-spark_2.12-3.2.0.jar with timestamp 1784211271569
[2026-07-16T14:14:32.598+0000] {subprocess.py:93} INFO - 26/07/16 14:14:32 INFO SparkContext: Added JAR file:///opt/jars/delta-storage-3.2.0.jar at spark://373296eb6e49:42553/jars/delta-storage-3.2.0.jar with timestamp 1784211271569
[2026-07-16T14:14:32.600+0000] {subprocess.py:93} INFO - 26/07/16 14:14:32 INFO SparkContext: Added JAR file:///opt/jars/spark-sql-kafka-0-10_2.12-3.5.1.jar at spark://373296eb6e49:42553/jars/spark-sql-kafka-0-10_2.12-3.5.1.jar with timestamp 1784211271569
[2026-07-16T14:14:32.601+0000] {subprocess.py:93} INFO - 26/07/16 14:14:32 INFO SparkContext: Added JAR file:///opt/jars/kafka-clients-3.4.1.jar at spark://373296eb6e49:42553/jars/kafka-clients-3.4.1.jar with timestamp 1784211271569
[2026-07-16T14:14:32.601+0000] {subprocess.py:93} INFO - 26/07/16 14:14:32 INFO SparkContext: Added JAR file:///opt/jars/spark-token-provider-kafka-0-10_2.12-3.5.1.jar at spark://373296eb6e49:42553/jars/spark-token-provider-kafka-0-10_2.12-3.5.1.jar with timestamp 1784211271569
[2026-07-16T14:14:32.602+0000] {subprocess.py:93} INFO - 26/07/16 14:14:32 INFO SparkContext: Added JAR file:///opt/jars/commons-pool2-2.11.1.jar at spark://373296eb6e49:42553/jars/commons-pool2-2.11.1.jar with timestamp 1784211271569
[2026-07-16T14:14:32.673+0000] {subprocess.py:93} INFO - 26/07/16 14:14:32 INFO StandaloneAppClient$ClientEndpoint: Connecting to master spark://sdp-spark-master:7077...
[2026-07-16T14:14:32.723+0000] {subprocess.py:93} INFO - 26/07/16 14:14:32 INFO TransportClientFactory: Successfully created connection to sdp-spark-master/172.18.0.4:7077 after 27 ms (0 ms spent in bootstraps)
[2026-07-16T14:14:32.803+0000] {subprocess.py:93} INFO - 26/07/16 14:14:32 INFO StandaloneSchedulerBackend: Connected to Spark cluster with app ID app-20260716141432-0028
[2026-07-16T14:14:32.805+0000] {subprocess.py:93} INFO - 26/07/16 14:14:32 INFO StandaloneAppClient$ClientEndpoint: Executor added: app-20260716141432-0028/0 on worker-20260716063602-172.18.0.5-44367 (172.18.0.5:44367) with 1 core(s)
[2026-07-16T14:14:32.807+0000] {subprocess.py:93} INFO - 26/07/16 14:14:32 INFO StandaloneSchedulerBackend: Granted executor ID app-20260716141432-0028/0 on hostPort 172.18.0.5:44367 with 1 core(s), 512.0 MiB RAM
[2026-07-16T14:14:32.808+0000] {subprocess.py:93} INFO - 26/07/16 14:14:32 INFO StandaloneAppClient$ClientEndpoint: Executor added: app-20260716141432-0028/1 on worker-20260716063602-172.18.0.5-44367 (172.18.0.5:44367) with 1 core(s)
[2026-07-16T14:14:32.809+0000] {subprocess.py:93} INFO - 26/07/16 14:14:32 INFO StandaloneSchedulerBackend: Granted executor ID app-20260716141432-0028/1 on hostPort 172.18.0.5:44367 with 1 core(s), 512.0 MiB RAM
[2026-07-16T14:14:32.810+0000] {subprocess.py:93} INFO - 26/07/16 14:14:32 INFO StandaloneAppClient$ClientEndpoint: Executor added: app-20260716141432-0028/2 on worker-20260716063602-172.18.0.6-33249 (172.18.0.6:33249) with 1 core(s)
[2026-07-16T14:14:32.814+0000] {subprocess.py:93} INFO - 26/07/16 14:14:32 INFO StandaloneSchedulerBackend: Granted executor ID app-20260716141432-0028/2 on hostPort 172.18.0.6:33249 with 1 core(s), 512.0 MiB RAM
[2026-07-16T14:14:32.820+0000] {subprocess.py:93} INFO - 26/07/16 14:14:32 INFO Utils: Successfully started service 'org.apache.spark.network.netty.NettyBlockTransferService' on port 34113.
[2026-07-16T14:14:32.822+0000] {subprocess.py:93} INFO - 26/07/16 14:14:32 INFO NettyBlockTransferService: Server created on 373296eb6e49:34113
[2026-07-16T14:14:32.824+0000] {subprocess.py:93} INFO - 26/07/16 14:14:32 INFO BlockManager: Using org.apache.spark.storage.RandomBlockReplicationPolicy for block replication policy
[2026-07-16T14:14:32.831+0000] {subprocess.py:93} INFO - 26/07/16 14:14:32 INFO BlockManagerMaster: Registering BlockManager BlockManagerId(driver, 373296eb6e49, 34113, None)
[2026-07-16T14:14:32.836+0000] {subprocess.py:93} INFO - 26/07/16 14:14:32 INFO BlockManagerMasterEndpoint: Registering block manager 373296eb6e49:34113 with 434.4 MiB RAM, BlockManagerId(driver, 373296eb6e49, 34113, None)
[2026-07-16T14:14:32.840+0000] {subprocess.py:93} INFO - 26/07/16 14:14:32 INFO BlockManagerMaster: Registered BlockManager BlockManagerId(driver, 373296eb6e49, 34113, None)
[2026-07-16T14:14:32.841+0000] {subprocess.py:93} INFO - 26/07/16 14:14:32 INFO BlockManager: Initialized BlockManager: BlockManagerId(driver, 373296eb6e49, 34113, None)
[2026-07-16T14:14:32.883+0000] {subprocess.py:93} INFO - 26/07/16 14:14:32 INFO StandaloneAppClient$ClientEndpoint: Executor updated: app-20260716141432-0028/0 is now RUNNING
[2026-07-16T14:14:32.884+0000] {subprocess.py:93} INFO - 26/07/16 14:14:32 INFO StandaloneAppClient$ClientEndpoint: Executor updated: app-20260716141432-0028/2 is now RUNNING
[2026-07-16T14:14:32.886+0000] {subprocess.py:93} INFO - 26/07/16 14:14:32 INFO StandaloneAppClient$ClientEndpoint: Executor updated: app-20260716141432-0028/1 is now RUNNING
[2026-07-16T14:14:33.285+0000] {subprocess.py:93} INFO - 26/07/16 14:14:33 INFO StandaloneSchedulerBackend: SchedulerBackend is ready for scheduling beginning after reached minRegisteredResourcesRatio: 0.0
[2026-07-16T14:14:33.741+0000] {subprocess.py:93} INFO - Starting stream: orders -> /opt/data/bronze/orders
[2026-07-16T14:14:47.908+0000] {subprocess.py:93} INFO - 26/07/16 14:14:47 WARN ResolveWriteToStream: spark.sql.adaptive.enabled is not supported in streaming DataFrames/Datasets and will be disabled.
[2026-07-16T14:14:48.061+0000] {subprocess.py:93} INFO - Starting stream: customers -> /opt/data/bronze/customers
[2026-07-16T14:14:49.738+0000] {subprocess.py:93} INFO - 26/07/16 14:14:49 WARN ResolveWriteToStream: spark.sql.adaptive.enabled is not supported in streaming DataFrames/Datasets and will be disabled.
[2026-07-16T14:14:49.802+0000] {subprocess.py:93} INFO - Starting stream: products -> /opt/data/bronze/products
[2026-07-16T14:14:51.065+0000] {subprocess.py:93} INFO - 26/07/16 14:14:51 WARN ResolveWriteToStream: spark.sql.adaptive.enabled is not supported in streaming DataFrames/Datasets and will be disabled.
[2026-07-16T14:14:52.922+0000] {subprocess.py:93} INFO - 26/07/16 14:14:52 WARN SparkStringUtils: Truncated the string representation of a plan since it was too large. This behavior can be adjusted by setting 'spark.sql.debug.maxToStringFields'.
[2026-07-16T14:15:19.768+0000] {subprocess.py:93} INFO - 26/07/16 14:15:19 WARN AdminClientConfig: These configurations '[key.deserializer, value.deserializer, enable.auto.commit, max.poll.records, auto.offset.reset]' were supplied but are not used yet.
[2026-07-16T14:15:19.770+0000] {subprocess.py:93} INFO - 26/07/16 14:15:19 WARN AdminClientConfig: These configurations '[key.deserializer, value.deserializer, enable.auto.commit, max.poll.records, auto.offset.reset]' were supplied but are not used yet.
[2026-07-16T14:15:34.520+0000] {subprocess.py:93} INFO - 26/07/16 14:15:34 WARN AdminClientConfig: These configurations '[key.deserializer, value.deserializer, enable.auto.commit, max.poll.records, auto.offset.reset]' were supplied but are not used yet.
[2026-07-16T14:16:30.388+0000] {subprocess.py:97} INFO - Command exited with return code 0
[2026-07-16T14:16:30.390+0000] {taskinstance.py:441} INFO - ::group::Post task execution logs
[2026-07-16T14:16:30.427+0000] {taskinstance.py:1205} INFO - Marking task as SUCCESS. dag_id=e-commerce_kafka_streaming_pipeline_v1, task_id=run_bronze, execution_date=20260716T130000, start_date=20260716T141428, end_date=20260716T141630
[2026-07-16T14:16:30.486+0000] {local_task_job_runner.py:240} INFO - Task exited with return code 0
[2026-07-16T14:16:30.512+0000] {taskinstance.py:3482} INFO - 1 downstream tasks scheduled from follow-on schedule check
[2026-07-16T14:16:30.516+0000] {local_task_job_runner.py:222} INFO - ::endgroup::
