[2026-06-17T06:25:45.498+0000] {local_task_job_runner.py:120} INFO - ::group::Pre task execution logs
[2026-06-17T06:25:45.562+0000] {taskinstance.py:2073} INFO - Dependencies all met for dep_context=non-requeueable deps ti=<TaskInstance: e-commerce_kafka_streaming_pipeline_v10.run_bronze scheduled__2026-06-17T05:00:00+00:00 [queued]>
[2026-06-17T06:25:45.580+0000] {taskinstance.py:2073} INFO - Dependencies all met for dep_context=requeueable deps ti=<TaskInstance: e-commerce_kafka_streaming_pipeline_v10.run_bronze scheduled__2026-06-17T05:00:00+00:00 [queued]>
[2026-06-17T06:25:45.581+0000] {taskinstance.py:2303} INFO - Starting attempt 1 of 2
[2026-06-17T06:25:45.606+0000] {taskinstance.py:2327} INFO - Executing <Task(BashOperator): run_bronze> on 2026-06-17 05:00:00+00:00
[2026-06-17T06:25:45.621+0000] {standard_task_runner.py:90} INFO - Running: ['***', 'tasks', 'run', 'e-commerce_kafka_streaming_pipeline_v10', 'run_bronze', 'scheduled__2026-06-17T05:00:00+00:00', '--job-id', '46', '--raw', '--subdir', 'DAGS_FOLDER/sdp_pipeline_dag.py', '--cfg-path', '/tmp/tmp836gdqep']
[2026-06-17T06:25:45.626+0000] {standard_task_runner.py:91} INFO - Job 46: Subtask run_bronze
[2026-06-17T06:25:45.626+0000] {logging_mixin.py:188} WARNING - /home/***/.local/lib/python3.12/site-packages/***/task/task_runner/standard_task_runner.py:61 DeprecationWarning: This process (pid=2721) is multi-threaded, use of fork() may lead to deadlocks in the child.
[2026-06-17T06:25:45.628+0000] {standard_task_runner.py:63} INFO - Started process 2722 to run task
[2026-06-17T06:25:45.710+0000] {task_command.py:426} INFO - Running <TaskInstance: e-commerce_kafka_streaming_pipeline_v10.run_bronze scheduled__2026-06-17T05:00:00+00:00 [running]> on host c5880b5b3b6f
[2026-06-17T06:25:45.848+0000] {taskinstance.py:2644} INFO - Exporting env vars: AIRFLOW_CTX_DAG_OWNER='dev' AIRFLOW_CTX_DAG_ID='e-commerce_kafka_streaming_pipeline_v10' AIRFLOW_CTX_TASK_ID='run_bronze' AIRFLOW_CTX_EXECUTION_DATE='2026-06-17T05:00:00+00:00' AIRFLOW_CTX_TRY_NUMBER='1' AIRFLOW_CTX_DAG_RUN_ID='scheduled__2026-06-17T05:00:00+00:00'
[2026-06-17T06:25:45.849+0000] {taskinstance.py:430} INFO - ::endgroup::
[2026-06-17T06:25:45.872+0000] {subprocess.py:63} INFO - Tmp dir root location: /tmp
[2026-06-17T06:25:45.873+0000] {subprocess.py:75} INFO - Running command: ['/usr/bin/bash', '-c', 'timeout 120s docker run --rm --network streaming_kafka_project_sdp-net --volume /d/Streaming_kafka_project/pipelines:/opt/pipelines --volume /d/Streaming_kafka_project/data:/opt/data --volume /d/Streaming_kafka_project/checkpoints:/opt/checkpoints --volume /d/Streaming_kafka_project/jars:/opt/jars apache/spark:3.5.1 /opt/spark/bin/spark-submit --master spark://sdp-spark-master:7077 --executor-cores 1 --executor-memory 512m --total-executor-cores 3 --jars /opt/jars/delta-spark_2.12-3.2.0.jar,/opt/jars/delta-storage-3.2.0.jar,/opt/jars/spark-sql-kafka-0-10_2.12-3.5.1.jar,/opt/jars/kafka-clients-3.4.1.jar,/opt/jars/spark-token-provider-kafka-0-10_2.12-3.5.1.jar,/opt/jars/commons-pool2-2.11.1.jar --conf spark.sql.extensions=io.delta.sql.DeltaSparkSessionExtension --conf spark.sql.catalog.spark_catalog=org.apache.spark.sql.delta.catalog.DeltaCatalog  /opt/pipelines/bronze_runner.py']
[2026-06-17T06:25:45.887+0000] {subprocess.py:86} INFO - Output:
[2026-06-17T06:25:51.257+0000] {subprocess.py:93} INFO - 26/06/17 06:25:51 WARN NativeCodeLoader: Unable to load native-hadoop library for your platform... using builtin-java classes where applicable
[2026-06-17T06:25:53.034+0000] {subprocess.py:93} INFO - 26/06/17 06:25:53 INFO SparkContext: Running Spark version 3.5.1
[2026-06-17T06:25:53.038+0000] {subprocess.py:93} INFO - 26/06/17 06:25:53 INFO SparkContext: OS info Linux, 6.6.114.1-microsoft-standard-WSL2, amd64
[2026-06-17T06:25:53.041+0000] {subprocess.py:93} INFO - 26/06/17 06:25:53 INFO SparkContext: Java version 11.0.22
[2026-06-17T06:25:53.159+0000] {subprocess.py:93} INFO - 26/06/17 06:25:53 INFO ResourceUtils: ==============================================================
[2026-06-17T06:25:53.168+0000] {subprocess.py:93} INFO - 26/06/17 06:25:53 INFO ResourceUtils: No custom resources configured for spark.driver.
[2026-06-17T06:25:53.171+0000] {subprocess.py:93} INFO - 26/06/17 06:25:53 INFO ResourceUtils: ==============================================================
[2026-06-17T06:25:53.179+0000] {subprocess.py:93} INFO - 26/06/17 06:25:53 INFO SparkContext: Submitted application: SDP-Bronze
[2026-06-17T06:25:53.238+0000] {subprocess.py:93} INFO - 26/06/17 06:25:53 INFO ResourceProfile: Default ResourceProfile created, executor resources: Map(cores -> name: cores, amount: 1, script: , vendor: , memory -> name: memory, amount: 512, script: , vendor: , offHeap -> name: offHeap, amount: 0, script: , vendor: ), task resources: Map(cpus -> name: cpus, amount: 1.0)
[2026-06-17T06:25:53.279+0000] {subprocess.py:93} INFO - 26/06/17 06:25:53 INFO ResourceProfile: Limiting resource is cpus at 1 tasks per executor
[2026-06-17T06:25:53.286+0000] {subprocess.py:93} INFO - 26/06/17 06:25:53 INFO ResourceProfileManager: Added ResourceProfile id: 0
[2026-06-17T06:25:53.419+0000] {subprocess.py:93} INFO - 26/06/17 06:25:53 INFO SecurityManager: Changing view acls to: spark
[2026-06-17T06:25:53.425+0000] {subprocess.py:93} INFO - 26/06/17 06:25:53 INFO SecurityManager: Changing modify acls to: spark
[2026-06-17T06:25:53.427+0000] {subprocess.py:93} INFO - 26/06/17 06:25:53 INFO SecurityManager: Changing view acls groups to:
[2026-06-17T06:25:53.428+0000] {subprocess.py:93} INFO - 26/06/17 06:25:53 INFO SecurityManager: Changing modify acls groups to:
[2026-06-17T06:25:53.433+0000] {subprocess.py:93} INFO - 26/06/17 06:25:53 INFO SecurityManager: SecurityManager: authentication disabled; ui acls disabled; users with view permissions: spark; groups with view permissions: EMPTY; users with modify permissions: spark; groups with modify permissions: EMPTY
[2026-06-17T06:25:54.037+0000] {subprocess.py:93} INFO - 26/06/17 06:25:54 INFO Utils: Successfully started service 'sparkDriver' on port 39723.
[2026-06-17T06:25:54.099+0000] {subprocess.py:93} INFO - 26/06/17 06:25:54 INFO SparkEnv: Registering MapOutputTracker
[2026-06-17T06:25:54.156+0000] {subprocess.py:93} INFO - 26/06/17 06:25:54 INFO SparkEnv: Registering BlockManagerMaster
[2026-06-17T06:25:54.215+0000] {subprocess.py:93} INFO - 26/06/17 06:25:54 INFO BlockManagerMasterEndpoint: Using org.apache.spark.storage.DefaultTopologyMapper for getting topology information
[2026-06-17T06:25:54.219+0000] {subprocess.py:93} INFO - 26/06/17 06:25:54 INFO BlockManagerMasterEndpoint: BlockManagerMasterEndpoint up
[2026-06-17T06:25:54.229+0000] {subprocess.py:93} INFO - 26/06/17 06:25:54 INFO SparkEnv: Registering BlockManagerMasterHeartbeat
[2026-06-17T06:25:54.286+0000] {subprocess.py:93} INFO - 26/06/17 06:25:54 INFO DiskBlockManager: Created local directory at /tmp/blockmgr-2324c31e-78ae-4aae-b1e8-3571670fe13b
[2026-06-17T06:25:54.317+0000] {subprocess.py:93} INFO - 26/06/17 06:25:54 INFO MemoryStore: MemoryStore started with capacity 434.4 MiB
[2026-06-17T06:25:54.348+0000] {subprocess.py:93} INFO - 26/06/17 06:25:54 INFO SparkEnv: Registering OutputCommitCoordinator
[2026-06-17T06:25:54.593+0000] {subprocess.py:93} INFO - 26/06/17 06:25:54 INFO JettyUtils: Start Jetty 0.0.0.0:4040 for SparkUI
[2026-06-17T06:25:54.690+0000] {subprocess.py:93} INFO - 26/06/17 06:25:54 INFO Utils: Successfully started service 'SparkUI' on port 4040.
[2026-06-17T06:25:54.754+0000] {subprocess.py:93} INFO - 26/06/17 06:25:54 INFO SparkContext: Added JAR file:///opt/jars/delta-spark_2.12-3.2.0.jar at spark://7719b4e726ff:39723/jars/delta-spark_2.12-3.2.0.jar with timestamp 1781677553002
[2026-06-17T06:25:54.756+0000] {subprocess.py:93} INFO - 26/06/17 06:25:54 INFO SparkContext: Added JAR file:///opt/jars/delta-storage-3.2.0.jar at spark://7719b4e726ff:39723/jars/delta-storage-3.2.0.jar with timestamp 1781677553002
[2026-06-17T06:25:54.758+0000] {subprocess.py:93} INFO - 26/06/17 06:25:54 INFO SparkContext: Added JAR file:///opt/jars/spark-sql-kafka-0-10_2.12-3.5.1.jar at spark://7719b4e726ff:39723/jars/spark-sql-kafka-0-10_2.12-3.5.1.jar with timestamp 1781677553002
[2026-06-17T06:25:54.762+0000] {subprocess.py:93} INFO - 26/06/17 06:25:54 INFO SparkContext: Added JAR file:///opt/jars/kafka-clients-3.4.1.jar at spark://7719b4e726ff:39723/jars/kafka-clients-3.4.1.jar with timestamp 1781677553002
[2026-06-17T06:25:54.766+0000] {subprocess.py:93} INFO - 26/06/17 06:25:54 INFO SparkContext: Added JAR file:///opt/jars/spark-token-provider-kafka-0-10_2.12-3.5.1.jar at spark://7719b4e726ff:39723/jars/spark-token-provider-kafka-0-10_2.12-3.5.1.jar with timestamp 1781677553002
[2026-06-17T06:25:54.767+0000] {subprocess.py:93} INFO - 26/06/17 06:25:54 INFO SparkContext: Added JAR file:///opt/jars/commons-pool2-2.11.1.jar at spark://7719b4e726ff:39723/jars/commons-pool2-2.11.1.jar with timestamp 1781677553002
[2026-06-17T06:25:54.980+0000] {subprocess.py:93} INFO - 26/06/17 06:25:54 INFO StandaloneAppClient$ClientEndpoint: Connecting to master spark://sdp-spark-master:7077...
[2026-06-17T06:25:55.060+0000] {subprocess.py:93} INFO - 26/06/17 06:25:55 INFO TransportClientFactory: Successfully created connection to sdp-spark-master/172.18.0.3:7077 after 46 ms (0 ms spent in bootstraps)
[2026-06-17T06:25:55.210+0000] {subprocess.py:93} INFO - 26/06/17 06:25:55 INFO StandaloneSchedulerBackend: Connected to Spark cluster with app ID app-20260617062555-0027
[2026-06-17T06:25:55.214+0000] {subprocess.py:93} INFO - 26/06/17 06:25:55 INFO StandaloneAppClient$ClientEndpoint: Executor added: app-20260617062555-0027/0 on worker-20260616111838-172.18.0.6-45657 (172.18.0.6:45657) with 1 core(s)
[2026-06-17T06:25:55.222+0000] {subprocess.py:93} INFO - 26/06/17 06:25:55 INFO StandaloneSchedulerBackend: Granted executor ID app-20260617062555-0027/0 on hostPort 172.18.0.6:45657 with 1 core(s), 512.0 MiB RAM
[2026-06-17T06:25:55.225+0000] {subprocess.py:93} INFO - 26/06/17 06:25:55 INFO StandaloneAppClient$ClientEndpoint: Executor added: app-20260617062555-0027/1 on worker-20260616111838-172.18.0.6-45657 (172.18.0.6:45657) with 1 core(s)
[2026-06-17T06:25:55.227+0000] {subprocess.py:93} INFO - 26/06/17 06:25:55 INFO StandaloneSchedulerBackend: Granted executor ID app-20260617062555-0027/1 on hostPort 172.18.0.6:45657 with 1 core(s), 512.0 MiB RAM
[2026-06-17T06:25:55.229+0000] {subprocess.py:93} INFO - 26/06/17 06:25:55 INFO StandaloneAppClient$ClientEndpoint: Executor added: app-20260617062555-0027/2 on worker-20260616111838-172.18.0.5-35429 (172.18.0.5:35429) with 1 core(s)
[2026-06-17T06:25:55.231+0000] {subprocess.py:93} INFO - 26/06/17 06:25:55 INFO StandaloneSchedulerBackend: Granted executor ID app-20260617062555-0027/2 on hostPort 172.18.0.5:35429 with 1 core(s), 512.0 MiB RAM
[2026-06-17T06:25:55.255+0000] {subprocess.py:93} INFO - 26/06/17 06:25:55 INFO Utils: Successfully started service 'org.apache.spark.network.netty.NettyBlockTransferService' on port 35599.
[2026-06-17T06:25:55.258+0000] {subprocess.py:93} INFO - 26/06/17 06:25:55 INFO NettyBlockTransferService: Server created on 7719b4e726ff:35599
[2026-06-17T06:25:55.262+0000] {subprocess.py:93} INFO - 26/06/17 06:25:55 INFO BlockManager: Using org.apache.spark.storage.RandomBlockReplicationPolicy for block replication policy
[2026-06-17T06:25:55.284+0000] {subprocess.py:93} INFO - 26/06/17 06:25:55 INFO BlockManagerMaster: Registering BlockManager BlockManagerId(driver, 7719b4e726ff, 35599, None)
[2026-06-17T06:25:55.304+0000] {subprocess.py:93} INFO - 26/06/17 06:25:55 INFO BlockManagerMasterEndpoint: Registering block manager 7719b4e726ff:35599 with 434.4 MiB RAM, BlockManagerId(driver, 7719b4e726ff, 35599, None)
[2026-06-17T06:25:55.317+0000] {subprocess.py:93} INFO - 26/06/17 06:25:55 INFO BlockManagerMaster: Registered BlockManager BlockManagerId(driver, 7719b4e726ff, 35599, None)
[2026-06-17T06:25:55.321+0000] {subprocess.py:93} INFO - 26/06/17 06:25:55 INFO BlockManager: Initialized BlockManager: BlockManagerId(driver, 7719b4e726ff, 35599, None)
[2026-06-17T06:25:55.425+0000] {subprocess.py:93} INFO - 26/06/17 06:25:55 INFO StandaloneAppClient$ClientEndpoint: Executor updated: app-20260617062555-0027/0 is now RUNNING
[2026-06-17T06:25:55.444+0000] {subprocess.py:93} INFO - 26/06/17 06:25:55 INFO StandaloneAppClient$ClientEndpoint: Executor updated: app-20260617062555-0027/2 is now RUNNING
[2026-06-17T06:25:55.446+0000] {subprocess.py:93} INFO - 26/06/17 06:25:55 INFO StandaloneAppClient$ClientEndpoint: Executor updated: app-20260617062555-0027/1 is now RUNNING
[2026-06-17T06:25:56.359+0000] {subprocess.py:93} INFO - 26/06/17 06:25:56 INFO StandaloneSchedulerBackend: SchedulerBackend is ready for scheduling beginning after reached minRegisteredResourcesRatio: 0.0
[2026-06-17T06:25:57.300+0000] {subprocess.py:93} INFO - Starting stream: orders -> /opt/data/bronze/orders
[2026-06-17T06:26:40.220+0000] {subprocess.py:93} INFO - 26/06/17 06:26:40 WARN ResolveWriteToStream: spark.sql.adaptive.enabled is not supported in streaming DataFrames/Datasets and will be disabled.
[2026-06-17T06:26:40.513+0000] {subprocess.py:93} INFO - Starting stream: customers -> /opt/data/bronze/customers
[2026-06-17T06:26:45.269+0000] {subprocess.py:93} INFO - 26/06/17 06:26:45 WARN ResolveWriteToStream: spark.sql.adaptive.enabled is not supported in streaming DataFrames/Datasets and will be disabled.
[2026-06-17T06:26:45.354+0000] {subprocess.py:93} INFO - Starting stream: products -> /opt/data/bronze/products
[2026-06-17T06:26:50.347+0000] {subprocess.py:93} INFO - 26/06/17 06:26:50 WARN SparkStringUtils: Truncated the string representation of a plan since it was too large. This behavior can be adjusted by setting 'spark.sql.debug.maxToStringFields'.
[2026-06-17T06:26:50.457+0000] {subprocess.py:93} INFO - 26/06/17 06:26:50 WARN ResolveWriteToStream: spark.sql.adaptive.enabled is not supported in streaming DataFrames/Datasets and will be disabled.
[2026-06-17T06:27:46.347+0000] {subprocess.py:93} INFO - 26/06/17 06:27:46 ERROR DeltaFileFormatWriter: Aborting job a31fe36e-8e6c-41ac-92df-5af1fc50e1a9.
[2026-06-17T06:27:46.348+0000] {subprocess.py:93} INFO - org.apache.spark.SparkException: Job 6 cancelled because SparkContext was shut down
[2026-06-17T06:27:46.349+0000] {subprocess.py:93} INFO - 	at org.apache.spark.scheduler.DAGScheduler.$anonfun$cleanUpAfterSchedulerStop$1(DAGScheduler.scala:1253)
[2026-06-17T06:27:46.350+0000] {subprocess.py:93} INFO - 	at org.apache.spark.scheduler.DAGScheduler.$anonfun$cleanUpAfterSchedulerStop$1$adapted(DAGScheduler.scala:1251)
[2026-06-17T06:27:46.353+0000] {subprocess.py:93} INFO - 	at scala.collection.mutable.HashSet.foreach(HashSet.scala:79)
[2026-06-17T06:27:46.354+0000] {subprocess.py:93} INFO - 	at org.apache.spark.scheduler.DAGScheduler.cleanUpAfterSchedulerStop(DAGScheduler.scala:1251)
[2026-06-17T06:27:46.355+0000] {subprocess.py:93} INFO - 	at org.apache.spark.scheduler.DAGSchedulerEventProcessLoop.onStop(DAGScheduler.scala:3087)
[2026-06-17T06:27:46.356+0000] {subprocess.py:93} INFO - 	at org.apache.spark.util.EventLoop.stop(EventLoop.scala:84)
[2026-06-17T06:27:46.357+0000] {subprocess.py:93} INFO - 	at org.apache.spark.scheduler.DAGScheduler.$anonfun$stop$3(DAGScheduler.scala:2973)
[2026-06-17T06:27:46.358+0000] {subprocess.py:93} INFO - 	at org.apache.spark.util.Utils$.tryLogNonFatalError(Utils.scala:1375)
[2026-06-17T06:27:46.359+0000] {subprocess.py:93} INFO - 	at org.apache.spark.scheduler.DAGScheduler.stop(DAGScheduler.scala:2973)
[2026-06-17T06:27:46.360+0000] {subprocess.py:93} INFO - 	at org.apache.spark.SparkContext.$anonfun$stop$12(SparkContext.scala:2263)
[2026-06-17T06:27:46.361+0000] {subprocess.py:93} INFO - 	at org.apache.spark.util.Utils$.tryLogNonFatalError(Utils.scala:1375)
[2026-06-17T06:27:46.362+0000] {subprocess.py:93} INFO - 	at org.apache.spark.SparkContext.stop(SparkContext.scala:2263)
[2026-06-17T06:27:46.363+0000] {subprocess.py:93} INFO - 	at org.apache.spark.SparkContext.stop(SparkContext.scala:2216)
[2026-06-17T06:27:46.364+0000] {subprocess.py:93} INFO - 	at org.apache.spark.SparkContext.$anonfun$new$34(SparkContext.scala:686)
[2026-06-17T06:27:46.365+0000] {subprocess.py:93} INFO - 	at org.apache.spark.util.SparkShutdownHook.run(ShutdownHookManager.scala:214)
[2026-06-17T06:27:46.366+0000] {subprocess.py:93} INFO - 	at org.apache.spark.util.SparkShutdownHookManager.$anonfun$runAll$2(ShutdownHookManager.scala:188)
[2026-06-17T06:27:46.369+0000] {subprocess.py:93} INFO - 	at scala.runtime.java8.JFunction0$mcV$sp.apply(JFunction0$mcV$sp.java:23)
[2026-06-17T06:27:46.370+0000] {subprocess.py:93} INFO - 	at org.apache.spark.util.Utils$.logUncaughtExceptions(Utils.scala:1928)
[2026-06-17T06:27:46.371+0000] {subprocess.py:93} INFO - 	at org.apache.spark.util.SparkShutdownHookManager.$anonfun$runAll$1(ShutdownHookManager.scala:188)
[2026-06-17T06:27:46.372+0000] {subprocess.py:93} INFO - 	at scala.runtime.java8.JFunction0$mcV$sp.apply(JFunction0$mcV$sp.java:23)
[2026-06-17T06:27:46.373+0000] {subprocess.py:93} INFO - 	at scala.util.Try$.apply(Try.scala:213)
[2026-06-17T06:27:46.374+0000] {subprocess.py:93} INFO - 	at org.apache.spark.util.SparkShutdownHookManager.runAll(ShutdownHookManager.scala:188)
[2026-06-17T06:27:46.375+0000] {subprocess.py:93} INFO - 	at org.apache.spark.util.SparkShutdownHookManager$$anon$2.run(ShutdownHookManager.scala:178)
[2026-06-17T06:27:46.376+0000] {subprocess.py:93} INFO - 	at java.base/java.util.concurrent.Executors$RunnableAdapter.call(Unknown Source)
[2026-06-17T06:27:46.376+0000] {subprocess.py:93} INFO - 	at java.base/java.util.concurrent.FutureTask.run(Unknown Source)
[2026-06-17T06:27:46.377+0000] {subprocess.py:93} INFO - 	at java.base/java.util.concurrent.ThreadPoolExecutor.runWorker(Unknown Source)
[2026-06-17T06:27:46.378+0000] {subprocess.py:93} INFO - 	at java.base/java.util.concurrent.ThreadPoolExecutor$Worker.run(Unknown Source)
[2026-06-17T06:27:46.380+0000] {subprocess.py:93} INFO - 	at java.base/java.lang.Thread.run(Unknown Source)
[2026-06-17T06:27:46.382+0000] {subprocess.py:93} INFO - 	at org.apache.spark.scheduler.DAGScheduler.runJob(DAGScheduler.scala:989)
[2026-06-17T06:27:46.383+0000] {subprocess.py:93} INFO - 	at org.apache.spark.SparkContext.runJob(SparkContext.scala:2398)
[2026-06-17T06:27:46.384+0000] {subprocess.py:93} INFO - 	at org.apache.spark.sql.delta.files.DeltaFileFormatWriter$.$anonfun$executeWrite$1(DeltaFileFormatWriter.scala:263)
[2026-06-17T06:27:46.385+0000] {subprocess.py:93} INFO - 	at org.apache.spark.sql.delta.files.DeltaFileFormatWriter$.writeAndCommit(DeltaFileFormatWriter.scala:295)
[2026-06-17T06:27:46.386+0000] {subprocess.py:93} INFO - 	at org.apache.spark.sql.delta.files.DeltaFileFormatWriter$.executeWrite(DeltaFileFormatWriter.scala:234)
[2026-06-17T06:27:46.386+0000] {subprocess.py:93} INFO - 	at org.apache.spark.sql.delta.files.DeltaFileFormatWriter$.write(DeltaFileFormatWriter.scala:214)
[2026-06-17T06:27:46.387+0000] {subprocess.py:93} INFO - 	at org.apache.spark.sql.delta.files.TransactionalWrite.$anonfun$writeFiles$1(TransactionalWrite.scala:440)
[2026-06-17T06:27:46.388+0000] {subprocess.py:93} INFO - 	at org.apache.spark.sql.execution.SQLExecution$.$anonfun$withNewExecutionId$6(SQLExecution.scala:125)
[2026-06-17T06:27:46.389+0000] {subprocess.py:93} INFO - 	at org.apache.spark.sql.execution.SQLExecution$.withSQLConfPropagated(SQLExecution.scala:201)
[2026-06-17T06:27:46.390+0000] {subprocess.py:93} INFO - 	at org.apache.spark.sql.execution.SQLExecution$.$anonfun$withNewExecutionId$1(SQLExecution.scala:108)
[2026-06-17T06:27:46.393+0000] {subprocess.py:93} INFO - 	at org.apache.spark.sql.SparkSession.withActive(SparkSession.scala:900)
[2026-06-17T06:27:46.394+0000] {subprocess.py:93} INFO - 	at org.apache.spark.sql.execution.SQLExecution$.withNewExecutionId(SQLExecution.scala:66)
[2026-06-17T06:27:46.395+0000] {subprocess.py:93} INFO - 	at org.apache.spark.sql.delta.files.TransactionalWrite.writeFiles(TransactionalWrite.scala:398)
[2026-06-17T06:27:46.397+0000] {subprocess.py:93} INFO - 	at org.apache.spark.sql.delta.files.TransactionalWrite.writeFiles$(TransactionalWrite.scala:371)
[2026-06-17T06:27:46.403+0000] {subprocess.py:93} INFO - 	at org.apache.spark.sql.delta.OptimisticTransaction.writeFiles(OptimisticTransaction.scala:147)
[2026-06-17T06:27:46.404+0000] {subprocess.py:93} INFO - 	at org.apache.spark.sql.delta.files.TransactionalWrite.writeFiles(TransactionalWrite.scala:246)
[2026-06-17T06:27:46.405+0000] {subprocess.py:93} INFO - 	at org.apache.spark.sql.delta.files.TransactionalWrite.writeFiles$(TransactionalWrite.scala:242)
[2026-06-17T06:27:46.405+0000] {subprocess.py:93} INFO - 	at org.apache.spark.sql.delta.OptimisticTransaction.writeFiles(OptimisticTransaction.scala:147)
[2026-06-17T06:27:46.406+0000] {subprocess.py:93} INFO - 	at org.apache.spark.sql.delta.files.TransactionalWrite.writeFiles(TransactionalWrite.scala:235)
[2026-06-17T06:27:46.407+0000] {subprocess.py:93} INFO - 	at org.apache.spark.sql.delta.files.TransactionalWrite.writeFiles$(TransactionalWrite.scala:232)
[2026-06-17T06:27:46.409+0000] {subprocess.py:93} INFO - 	at org.apache.spark.sql.delta.OptimisticTransaction.writeFiles(OptimisticTransaction.scala:147)
[2026-06-17T06:27:46.410+0000] {subprocess.py:93} INFO - 	at org.apache.spark.sql.delta.sources.DeltaSink.$anonfun$addBatchWithStatusImpl$4(DeltaSink.scala:139)
[2026-06-17T06:27:46.413+0000] {subprocess.py:93} INFO - 	at org.apache.spark.util.Utils$.timeTakenMs(Utils.scala:552)
[2026-06-17T06:27:46.414+0000] {subprocess.py:93} INFO - 	at org.apache.spark.sql.delta.sources.DeltaSink.addBatchWithStatusImpl(DeltaSink.scala:139)
[2026-06-17T06:27:46.421+0000] {subprocess.py:93} INFO - 	at org.apache.spark.sql.delta.sources.DeltaSink.addBatch(DeltaSink.scala:97)
[2026-06-17T06:27:46.422+0000] {subprocess.py:93} INFO - 	at org.apache.spark.sql.execution.streaming.MicroBatchExecution.$anonfun$runBatch$17(MicroBatchExecution.scala:732)
[2026-06-17T06:27:46.423+0000] {subprocess.py:93} INFO - 	at org.apache.spark.sql.execution.SQLExecution$.$anonfun$withNewExecutionId$6(SQLExecution.scala:125)
[2026-06-17T06:27:46.424+0000] {subprocess.py:93} INFO - 	at org.apache.spark.sql.execution.SQLExecution$.withSQLConfPropagated(SQLExecution.scala:201)
[2026-06-17T06:27:46.426+0000] {subprocess.py:93} INFO - 	at org.apache.spark.sql.execution.SQLExecution$.$anonfun$withNewExecutionId$1(SQLExecution.scala:108)
[2026-06-17T06:27:46.427+0000] {subprocess.py:93} INFO - 	at org.apache.spark.sql.SparkSession.withActive(SparkSession.scala:900)
[2026-06-17T06:27:46.428+0000] {subprocess.py:93} INFO - 	at org.apache.spark.sql.execution.SQLExecution$.withNewExecutionId(SQLExecution.scala:66)
[2026-06-17T06:27:46.430+0000] {subprocess.py:93} INFO - 	at org.apache.spark.sql.execution.streaming.MicroBatchExecution.$anonfun$runBatch$16(MicroBatchExecution.scala:729)
[2026-06-17T06:27:46.431+0000] {subprocess.py:93} INFO - 	at org.apache.spark.sql.execution.streaming.ProgressReporter.reportTimeTaken(ProgressReporter.scala:427)
[2026-06-17T06:27:46.433+0000] {subprocess.py:93} INFO - 	at org.apache.spark.sql.execution.streaming.ProgressReporter.reportTimeTaken$(ProgressReporter.scala:425)
[2026-06-17T06:27:46.434+0000] {subprocess.py:93} INFO - 	at org.apache.spark.sql.execution.streaming.StreamExecution.reportTimeTaken(StreamExecution.scala:67)
[2026-06-17T06:27:46.435+0000] {subprocess.py:93} INFO - 	at org.apache.spark.sql.execution.streaming.MicroBatchExecution.runBatch(MicroBatchExecution.scala:729)
[2026-06-17T06:27:46.442+0000] {subprocess.py:93} INFO - 	at org.apache.spark.sql.execution.streaming.MicroBatchExecution.$anonfun$runActivatedStream$2(MicroBatchExecution.scala:286)
[2026-06-17T06:27:46.443+0000] {subprocess.py:93} INFO - 	at scala.runtime.java8.JFunction0$mcV$sp.apply(JFunction0$mcV$sp.java:23)
[2026-06-17T06:27:46.445+0000] {subprocess.py:93} INFO - 	at org.apache.spark.sql.execution.streaming.ProgressReporter.reportTimeTaken(ProgressReporter.scala:427)
[2026-06-17T06:27:46.446+0000] {subprocess.py:93} INFO - 	at org.apache.spark.sql.execution.streaming.ProgressReporter.reportTimeTaken$(ProgressReporter.scala:425)
[2026-06-17T06:27:46.449+0000] {subprocess.py:93} INFO - 	at org.apache.spark.sql.execution.streaming.StreamExecution.reportTimeTaken(StreamExecution.scala:67)
[2026-06-17T06:27:46.450+0000] {subprocess.py:93} INFO - 	at org.apache.spark.sql.execution.streaming.MicroBatchExecution.$anonfun$runActivatedStream$1(MicroBatchExecution.scala:249)
[2026-06-17T06:27:46.451+0000] {subprocess.py:93} INFO - 	at org.apache.spark.sql.execution.streaming.ProcessingTimeExecutor.execute(TriggerExecutor.scala:67)
[2026-06-17T06:27:46.454+0000] {subprocess.py:93} INFO - 	at org.apache.spark.sql.execution.streaming.MicroBatchExecution.runActivatedStream(MicroBatchExecution.scala:239)
[2026-06-17T06:27:46.455+0000] {subprocess.py:93} INFO - 	at org.apache.spark.sql.execution.streaming.StreamExecution.$anonfun$runStream$1(StreamExecution.scala:311)
[2026-06-17T06:27:46.456+0000] {subprocess.py:93} INFO - 	at scala.runtime.java8.JFunction0$mcV$sp.apply(JFunction0$mcV$sp.java:23)
[2026-06-17T06:27:46.458+0000] {subprocess.py:93} INFO - 	at org.apache.spark.sql.SparkSession.withActive(SparkSession.scala:900)
[2026-06-17T06:27:46.459+0000] {subprocess.py:93} INFO - 	at org.apache.spark.sql.execution.streaming.StreamExecution.org$apache$spark$sql$execution$streaming$StreamExecution$$runStream(StreamExecution.scala:289)
[2026-06-17T06:27:46.460+0000] {subprocess.py:93} INFO - 	at org.apache.spark.sql.execution.streaming.StreamExecution$$anon$1.$anonfun$run$1(StreamExecution.scala:211)
[2026-06-17T06:27:46.464+0000] {subprocess.py:93} INFO - 	at scala.runtime.java8.JFunction0$mcV$sp.apply(JFunction0$mcV$sp.java:23)
[2026-06-17T06:27:46.466+0000] {subprocess.py:93} INFO - 	at org.apache.spark.JobArtifactSet$.withActiveJobArtifactState(JobArtifactSet.scala:94)
[2026-06-17T06:27:46.467+0000] {subprocess.py:93} INFO - 	at org.apache.spark.sql.execution.streaming.StreamExecution$$anon$1.run(StreamExecution.scala:211)
[2026-06-17T06:27:46.468+0000] {subprocess.py:93} INFO - 26/06/17 06:27:46 ERROR DeltaFileFormatWriter: Aborting job f9186fe0-baf9-4cfd-b64d-b2db3e805c00.
[2026-06-17T06:27:46.469+0000] {subprocess.py:93} INFO - org.apache.spark.SparkException: Job 7 cancelled because SparkContext was shut down
[2026-06-17T06:27:46.471+0000] {subprocess.py:93} INFO - 	at org.apache.spark.scheduler.DAGScheduler.$anonfun$cleanUpAfterSchedulerStop$1(DAGScheduler.scala:1253)
[2026-06-17T06:27:46.472+0000] {subprocess.py:93} INFO - 	at org.apache.spark.scheduler.DAGScheduler.$anonfun$cleanUpAfterSchedulerStop$1$adapted(DAGScheduler.scala:1251)
[2026-06-17T06:27:46.473+0000] {subprocess.py:93} INFO - 	at scala.collection.mutable.HashSet.foreach(HashSet.scala:79)
[2026-06-17T06:27:46.474+0000] {subprocess.py:93} INFO - 	at org.apache.spark.scheduler.DAGScheduler.cleanUpAfterSchedulerStop(DAGScheduler.scala:1251)
[2026-06-17T06:27:46.475+0000] {subprocess.py:93} INFO - 	at org.apache.spark.scheduler.DAGSchedulerEventProcessLoop.onStop(DAGScheduler.scala:3087)
[2026-06-17T06:27:46.476+0000] {subprocess.py:93} INFO - 	at org.apache.spark.util.EventLoop.stop(EventLoop.scala:84)
[2026-06-17T06:27:46.477+0000] {subprocess.py:93} INFO - 	at org.apache.spark.scheduler.DAGScheduler.$anonfun$stop$3(DAGScheduler.scala:2973)
[2026-06-17T06:27:46.478+0000] {subprocess.py:93} INFO - 	at org.apache.spark.util.Utils$.tryLogNonFatalError(Utils.scala:1375)
[2026-06-17T06:27:46.479+0000] {subprocess.py:93} INFO - 	at org.apache.spark.scheduler.DAGScheduler.stop(DAGScheduler.scala:2973)
[2026-06-17T06:27:46.480+0000] {subprocess.py:93} INFO - 	at org.apache.spark.SparkContext.$anonfun$stop$12(SparkContext.scala:2263)
[2026-06-17T06:27:46.482+0000] {subprocess.py:93} INFO - 	at org.apache.spark.util.Utils$.tryLogNonFatalError(Utils.scala:1375)
[2026-06-17T06:27:46.484+0000] {subprocess.py:93} INFO - 	at org.apache.spark.SparkContext.stop(SparkContext.scala:2263)
[2026-06-17T06:27:46.485+0000] {subprocess.py:93} INFO - 	at org.apache.spark.SparkContext.stop(SparkContext.scala:2216)
[2026-06-17T06:27:46.489+0000] {subprocess.py:93} INFO - 	at org.apache.spark.SparkContext.$anonfun$new$34(SparkContext.scala:686)
[2026-06-17T06:27:46.491+0000] {subprocess.py:93} INFO - 	at org.apache.spark.util.SparkShutdownHook.run(ShutdownHookManager.scala:214)
[2026-06-17T06:27:46.493+0000] {subprocess.py:93} INFO - 	at org.apache.spark.util.SparkShutdownHookManager.$anonfun$runAll$2(ShutdownHookManager.scala:188)
[2026-06-17T06:27:46.494+0000] {subprocess.py:93} INFO - 	at scala.runtime.java8.JFunction0$mcV$sp.apply(JFunction0$mcV$sp.java:23)
[2026-06-17T06:27:46.495+0000] {subprocess.py:93} INFO - 	at org.apache.spark.util.Utils$.logUncaughtExceptions(Utils.scala:1928)
[2026-06-17T06:27:46.498+0000] {subprocess.py:93} INFO - 	at org.apache.spark.util.SparkShutdownHookManager.$anonfun$runAll$1(ShutdownHookManager.scala:188)
[2026-06-17T06:27:46.499+0000] {subprocess.py:93} INFO - 	at scala.runtime.java8.JFunction0$mcV$sp.apply(JFunction0$mcV$sp.java:23)
[2026-06-17T06:27:46.501+0000] {subprocess.py:93} INFO - 	at scala.util.Try$.apply(Try.scala:213)
[2026-06-17T06:27:46.504+0000] {subprocess.py:93} INFO - 	at org.apache.spark.util.SparkShutdownHookManager.runAll(ShutdownHookManager.scala:188)
[2026-06-17T06:27:46.505+0000] {subprocess.py:93} INFO - 	at org.apache.spark.util.SparkShutdownHookManager$$anon$2.run(ShutdownHookManager.scala:178)
[2026-06-17T06:27:46.506+0000] {subprocess.py:93} INFO - 	at java.base/java.util.concurrent.Executors$RunnableAdapter.call(Unknown Source)
[2026-06-17T06:27:46.510+0000] {subprocess.py:93} INFO - 	at java.base/java.util.concurrent.FutureTask.run(Unknown Source)
[2026-06-17T06:27:46.511+0000] {subprocess.py:93} INFO - 	at java.base/java.util.concurrent.ThreadPoolExecutor.runWorker(Unknown Source)
[2026-06-17T06:27:46.512+0000] {subprocess.py:93} INFO - 	at java.base/java.util.concurrent.ThreadPoolExecutor$Worker.run(Unknown Source)
[2026-06-17T06:27:46.514+0000] {subprocess.py:93} INFO - 	at java.base/java.lang.Thread.run(Unknown Source)
[2026-06-17T06:27:46.515+0000] {subprocess.py:93} INFO - 	at org.apache.spark.scheduler.DAGScheduler.runJob(DAGScheduler.scala:989)
[2026-06-17T06:27:46.517+0000] {subprocess.py:93} INFO - 	at org.apache.spark.SparkContext.runJob(SparkContext.scala:2398)
[2026-06-17T06:27:46.518+0000] {subprocess.py:93} INFO - 	at org.apache.spark.sql.delta.files.DeltaFileFormatWriter$.$anonfun$executeWrite$1(DeltaFileFormatWriter.scala:263)
[2026-06-17T06:27:46.520+0000] {subprocess.py:93} INFO - 	at org.apache.spark.sql.delta.files.DeltaFileFormatWriter$.writeAndCommit(DeltaFileFormatWriter.scala:295)
[2026-06-17T06:27:46.521+0000] {subprocess.py:93} INFO - 	at org.apache.spark.sql.delta.files.DeltaFileFormatWriter$.executeWrite(DeltaFileFormatWriter.scala:234)
[2026-06-17T06:27:46.522+0000] {subprocess.py:93} INFO - 	at org.apache.spark.sql.delta.files.DeltaFileFormatWriter$.write(DeltaFileFormatWriter.scala:214)
[2026-06-17T06:27:46.523+0000] {subprocess.py:93} INFO - 	at org.apache.spark.sql.delta.files.TransactionalWrite.$anonfun$writeFiles$1(TransactionalWrite.scala:440)
[2026-06-17T06:27:46.526+0000] {subprocess.py:93} INFO - 	at org.apache.spark.sql.execution.SQLExecution$.$anonfun$withNewExecutionId$6(SQLExecution.scala:125)
[2026-06-17T06:27:46.527+0000] {subprocess.py:93} INFO - 	at org.apache.spark.sql.execution.SQLExecution$.withSQLConfPropagated(SQLExecution.scala:201)
[2026-06-17T06:27:46.528+0000] {subprocess.py:93} INFO - 	at org.apache.spark.sql.execution.SQLExecution$.$anonfun$withNewExecutionId$1(SQLExecution.scala:108)
[2026-06-17T06:27:46.529+0000] {subprocess.py:93} INFO - 	at org.apache.spark.sql.SparkSession.withActive(SparkSession.scala:900)
[2026-06-17T06:27:46.533+0000] {subprocess.py:93} INFO - 	at org.apache.spark.sql.execution.SQLExecution$.withNewExecutionId(SQLExecution.scala:66)
[2026-06-17T06:27:46.535+0000] {subprocess.py:93} INFO - 	at org.apache.spark.sql.delta.files.TransactionalWrite.writeFiles(TransactionalWrite.scala:398)
[2026-06-17T06:27:46.536+0000] {subprocess.py:93} INFO - 	at org.apache.spark.sql.delta.files.TransactionalWrite.writeFiles$(TransactionalWrite.scala:371)
[2026-06-17T06:27:46.542+0000] {subprocess.py:93} INFO - 	at org.apache.spark.sql.delta.OptimisticTransaction.writeFiles(OptimisticTransaction.scala:147)
[2026-06-17T06:27:46.546+0000] {subprocess.py:93} INFO - 	at org.apache.spark.sql.delta.files.TransactionalWrite.writeFiles(TransactionalWrite.scala:246)
[2026-06-17T06:27:46.548+0000] {subprocess.py:93} INFO - 	at org.apache.spark.sql.delta.files.TransactionalWrite.writeFiles$(TransactionalWrite.scala:242)
[2026-06-17T06:27:46.550+0000] {subprocess.py:93} INFO - 	at org.apache.spark.sql.delta.OptimisticTransaction.writeFiles(OptimisticTransaction.scala:147)
[2026-06-17T06:27:46.555+0000] {subprocess.py:93} INFO - 	at org.apache.spark.sql.delta.files.TransactionalWrite.writeFiles(TransactionalWrite.scala:235)
[2026-06-17T06:27:46.556+0000] {subprocess.py:93} INFO - 	at org.apache.spark.sql.delta.files.TransactionalWrite.writeFiles$(TransactionalWrite.scala:232)
[2026-06-17T06:27:46.557+0000] {subprocess.py:93} INFO - 	at org.apache.spark.sql.delta.OptimisticTransaction.writeFiles(OptimisticTransaction.scala:147)
[2026-06-17T06:27:46.574+0000] {subprocess.py:93} INFO - 	at org.apache.spark.sql.delta.sources.DeltaSink.$anonfun$addBatchWithStatusImpl$4(DeltaSink.scala:139)
[2026-06-17T06:27:46.574+0000] {subprocess.py:93} INFO - 	at org.apache.spark.util.Utils$.timeTakenMs(Utils.scala:552)
[2026-06-17T06:27:46.576+0000] {subprocess.py:93} INFO - 	at org.apache.spark.sql.delta.sources.DeltaSink.addBatchWithStatusImpl(DeltaSink.scala:139)
[2026-06-17T06:27:46.582+0000] {subprocess.py:93} INFO - 	at org.apache.spark.sql.delta.sources.DeltaSink.addBatch(DeltaSink.scala:97)
[2026-06-17T06:27:46.583+0000] {subprocess.py:93} INFO - 	at org.apache.spark.sql.execution.streaming.MicroBatchExecution.$anonfun$runBatch$17(MicroBatchExecution.scala:732)
[2026-06-17T06:27:46.584+0000] {subprocess.py:93} INFO - 	at org.apache.spark.sql.execution.SQLExecution$.$anonfun$withNewExecutionId$6(SQLExecution.scala:125)
[2026-06-17T06:27:46.585+0000] {subprocess.py:93} INFO - 	at org.apache.spark.sql.execution.SQLExecution$.withSQLConfPropagated(SQLExecution.scala:201)
[2026-06-17T06:27:46.586+0000] {subprocess.py:93} INFO - 	at org.apache.spark.sql.execution.SQLExecution$.$anonfun$withNewExecutionId$1(SQLExecution.scala:108)
[2026-06-17T06:27:46.587+0000] {subprocess.py:93} INFO - 	at org.apache.spark.sql.SparkSession.withActive(SparkSession.scala:900)
[2026-06-17T06:27:46.588+0000] {subprocess.py:93} INFO - 	at org.apache.spark.sql.execution.SQLExecution$.withNewExecutionId(SQLExecution.scala:66)
[2026-06-17T06:27:46.593+0000] {subprocess.py:93} INFO - 	at org.apache.spark.sql.execution.streaming.MicroBatchExecution.$anonfun$runBatch$16(MicroBatchExecution.scala:729)
[2026-06-17T06:27:46.599+0000] {subprocess.py:93} INFO - 	at org.apache.spark.sql.execution.streaming.ProgressReporter.reportTimeTaken(ProgressReporter.scala:427)
[2026-06-17T06:27:46.600+0000] {subprocess.py:93} INFO - 	at org.apache.spark.sql.execution.streaming.ProgressReporter.reportTimeTaken$(ProgressReporter.scala:425)
[2026-06-17T06:27:46.601+0000] {subprocess.py:93} INFO - 	at org.apache.spark.sql.execution.streaming.StreamExecution.reportTimeTaken(StreamExecution.scala:67)
[2026-06-17T06:27:46.602+0000] {subprocess.py:93} INFO - 	at org.apache.spark.sql.execution.streaming.MicroBatchExecution.runBatch(MicroBatchExecution.scala:729)
[2026-06-17T06:27:46.603+0000] {subprocess.py:93} INFO - 	at org.apache.spark.sql.execution.streaming.MicroBatchExecution.$anonfun$runActivatedStream$2(MicroBatchExecution.scala:286)
[2026-06-17T06:27:46.604+0000] {subprocess.py:93} INFO - 	at scala.runtime.java8.JFunction0$mcV$sp.apply(JFunction0$mcV$sp.java:23)
[2026-06-17T06:27:46.605+0000] {subprocess.py:93} INFO - 	at org.apache.spark.sql.execution.streaming.ProgressReporter.reportTimeTaken(ProgressReporter.scala:427)
[2026-06-17T06:27:46.614+0000] {subprocess.py:93} INFO - 	at org.apache.spark.sql.execution.streaming.ProgressReporter.reportTimeTaken$(ProgressReporter.scala:425)
[2026-06-17T06:27:46.615+0000] {subprocess.py:93} INFO - 	at org.apache.spark.sql.execution.streaming.StreamExecution.reportTimeTaken(StreamExecution.scala:67)
[2026-06-17T06:27:46.618+0000] {subprocess.py:93} INFO - 	at org.apache.spark.sql.execution.streaming.MicroBatchExecution.$anonfun$runActivatedStream$1(MicroBatchExecution.scala:249)
[2026-06-17T06:27:46.619+0000] {subprocess.py:93} INFO - 	at org.apache.spark.sql.execution.streaming.ProcessingTimeExecutor.execute(TriggerExecutor.scala:67)
[2026-06-17T06:27:46.620+0000] {subprocess.py:93} INFO - 	at org.apache.spark.sql.execution.streaming.MicroBatchExecution.runActivatedStream(MicroBatchExecution.scala:239)
[2026-06-17T06:27:46.621+0000] {subprocess.py:93} INFO - 	at org.apache.spark.sql.execution.streaming.StreamExecution.$anonfun$runStream$1(StreamExecution.scala:311)
[2026-06-17T06:27:46.622+0000] {subprocess.py:93} INFO - 	at scala.runtime.java8.JFunction0$mcV$sp.apply(JFunction0$mcV$sp.java:23)
[2026-06-17T06:27:46.623+0000] {subprocess.py:93} INFO - 	at org.apache.spark.sql.SparkSession.withActive(SparkSession.scala:900)
[2026-06-17T06:27:46.624+0000] {subprocess.py:93} INFO - 	at org.apache.spark.sql.execution.streaming.StreamExecution.org$apache$spark$sql$execution$streaming$StreamExecution$$runStream(StreamExecution.scala:289)
[2026-06-17T06:27:46.625+0000] {subprocess.py:93} INFO - 	at org.apache.spark.sql.execution.streaming.StreamExecution$$anon$1.$anonfun$run$1(StreamExecution.scala:211)
[2026-06-17T06:27:46.626+0000] {subprocess.py:93} INFO - 	at scala.runtime.java8.JFunction0$mcV$sp.apply(JFunction0$mcV$sp.java:23)
[2026-06-17T06:27:46.632+0000] {subprocess.py:93} INFO - 	at org.apache.spark.JobArtifactSet$.withActiveJobArtifactState(JobArtifactSet.scala:94)
[2026-06-17T06:27:46.633+0000] {subprocess.py:93} INFO - 	at org.apache.spark.sql.execution.streaming.StreamExecution$$anon$1.run(StreamExecution.scala:211)
[2026-06-17T06:27:47.929+0000] {subprocess.py:97} INFO - Command exited with return code 124
[2026-06-17T06:27:47.932+0000] {taskinstance.py:441} INFO - ::group::Post task execution logs
[2026-06-17T06:27:47.964+0000] {taskinstance.py:2890} ERROR - Task failed with exception
Traceback (most recent call last):
  File "/home/airflow/.local/lib/python3.12/site-packages/airflow/models/taskinstance.py", line 465, in _execute_task
    result = _execute_callable(context=context, **execute_callable_kwargs)
             ^^^^^^^^^^^^^^^^^^^^^^^^^^^^^^^^^^^^^^^^^^^^^^^^^^^^^^^^^^^^^
  File "/home/airflow/.local/lib/python3.12/site-packages/airflow/models/taskinstance.py", line 432, in _execute_callable
    return execute_callable(context=context, **execute_callable_kwargs)
           ^^^^^^^^^^^^^^^^^^^^^^^^^^^^^^^^^^^^^^^^^^^^^^^^^^^^^^^^^^^^
  File "/home/airflow/.local/lib/python3.12/site-packages/airflow/models/baseoperator.py", line 400, in wrapper
    return func(self, *args, **kwargs)
           ^^^^^^^^^^^^^^^^^^^^^^^^^^^
  File "/home/airflow/.local/lib/python3.12/site-packages/airflow/operators/bash.py", line 243, in execute
    raise AirflowException(
airflow.exceptions.AirflowException: Bash command failed. The command returned a non-zero exit code 124.
[2026-06-17T06:27:47.976+0000] {taskinstance.py:1205} INFO - Marking task as UP_FOR_RETRY. dag_id=e-commerce_kafka_streaming_pipeline_v10, task_id=run_bronze, execution_date=20260617T050000, start_date=20260617T062545, end_date=20260617T062747
[2026-06-17T06:27:48.017+0000] {standard_task_runner.py:110} ERROR - Failed to execute job 46 for task run_bronze (Bash command failed. The command returned a non-zero exit code 124.; 2722)
[2026-06-17T06:27:48.066+0000] {local_task_job_runner.py:240} INFO - Task exited with return code 1
[2026-06-17T06:27:48.122+0000] {taskinstance.py:3482} INFO - 0 downstream tasks scheduled from follow-on schedule check
[2026-06-17T06:27:48.129+0000] {local_task_job_runner.py:222} INFO - ::endgroup::
