[2026-06-05T11:20:02.664+0000] {local_task_job_runner.py:120} INFO - ::group::Pre task execution logs
[2026-06-05T11:20:02.808+0000] {taskinstance.py:2073} INFO - Dependencies all met for dep_context=non-requeueable deps ti=<TaskInstance: e-commerce_kafka_streaming_pipeline_v4.produce_messages manual__2026-06-05T11:16:30.061944+00:00 [queued]>
[2026-06-05T11:20:02.836+0000] {taskinstance.py:2073} INFO - Dependencies all met for dep_context=requeueable deps ti=<TaskInstance: e-commerce_kafka_streaming_pipeline_v4.produce_messages manual__2026-06-05T11:16:30.061944+00:00 [queued]>
[2026-06-05T11:20:02.838+0000] {taskinstance.py:2303} INFO - Starting attempt 1 of 2
[2026-06-05T11:20:02.889+0000] {taskinstance.py:2327} INFO - Executing <Task(BashOperator): produce_messages> on 2026-06-05 11:16:30.061944+00:00
[2026-06-05T11:20:02.922+0000] {standard_task_runner.py:90} INFO - Running: ['***', 'tasks', 'run', 'e-commerce_kafka_streaming_pipeline_v4', 'produce_messages', 'manual__2026-06-05T11:16:30.061944+00:00', '--job-id', '32', '--raw', '--subdir', 'DAGS_FOLDER/sdp_pipeline_dag.py', '--cfg-path', '/tmp/tmp2d9h5kwm']
[2026-06-05T11:20:02.932+0000] {standard_task_runner.py:91} INFO - Job 32: Subtask produce_messages
[2026-06-05T11:20:02.946+0000] {logging_mixin.py:188} WARNING - /home/***/.local/lib/python3.12/site-packages/***/task/task_runner/standard_task_runner.py:61 DeprecationWarning: This process (pid=204) is multi-threaded, use of fork() may lead to deadlocks in the child.
[2026-06-05T11:20:02.948+0000] {standard_task_runner.py:63} INFO - Started process 205 to run task
[2026-06-05T11:20:03.155+0000] {task_command.py:426} INFO - Running <TaskInstance: e-commerce_kafka_streaming_pipeline_v4.produce_messages manual__2026-06-05T11:16:30.061944+00:00 [running]> on host 6838323be964
[2026-06-05T11:20:03.526+0000] {taskinstance.py:2644} INFO - Exporting env vars: AIRFLOW_CTX_DAG_OWNER='dev' AIRFLOW_CTX_DAG_ID='e-commerce_kafka_streaming_pipeline_v4' AIRFLOW_CTX_TASK_ID='produce_messages' AIRFLOW_CTX_EXECUTION_DATE='2026-06-05T11:16:30.061944+00:00' AIRFLOW_CTX_TRY_NUMBER='1' AIRFLOW_CTX_DAG_RUN_ID='manual__2026-06-05T11:16:30.061944+00:00'
[2026-06-05T11:20:03.530+0000] {taskinstance.py:430} INFO - ::endgroup::
[2026-06-05T11:20:03.660+0000] {subprocess.py:63} INFO - Tmp dir root location: /tmp
[2026-06-05T11:20:03.664+0000] {subprocess.py:75} INFO - Running command: ['/usr/bin/bash', '-c', 'python3 /opt/producer/api_to_kafka.py']
[2026-06-05T11:20:03.691+0000] {subprocess.py:86} INFO - Output:
[2026-06-05T11:20:03.801+0000] {subprocess.py:93} INFO - python3: can't open file '/opt/producer/api_to_kafka.py': [Errno 2] No such file or directory
[2026-06-05T11:20:03.810+0000] {subprocess.py:97} INFO - Command exited with return code 2
[2026-06-05T11:20:03.812+0000] {taskinstance.py:441} INFO - ::group::Post task execution logs
[2026-06-05T11:20:03.846+0000] {taskinstance.py:2890} ERROR - Task failed with exception
Traceback (most recent call last):
  File "/home/airflow/.local/lib/python3.12/site-packages/airflow/models/taskinstance.py", line 465, in _execute_task
    result = _execute_callable(context=context, **execute_callable_kwargs)
             ^^^^^^^^^^^^^^^^^^^^^^^^^^^^^^^^^^^^^^^^^^^^^^^^^^^^^^^^^^^^^
  File "/home/airflow/.local/lib/python3.12/site-packages/airflow/models/taskinstance.py", line 432, in _execute_callable
    return execute_callable(context=context, **execute_callable_kwargs)
           ^^^^^^^^^^^^^^^^^^^^^^^^^^^^^^^^^^^^^^^^^^^^^^^^^^^^^^^^^^^^
  File "/home/airflow/.local/lib/python3.12/site-packages/airflow/models/baseoperator.py", line 400, in wrapper
    return func(self, *args, **kwargs)
           ^^^^^^^^^^^^^^^^^^^^^^^^^^^
  File "/home/airflow/.local/lib/python3.12/site-packages/airflow/operators/bash.py", line 243, in execute
    raise AirflowException(
airflow.exceptions.AirflowException: Bash command failed. The command returned a non-zero exit code 2.
[2026-06-05T11:20:03.859+0000] {taskinstance.py:1205} INFO - Marking task as UP_FOR_RETRY. dag_id=e-commerce_kafka_streaming_pipeline_v4, task_id=produce_messages, execution_date=20260605T111630, start_date=20260605T112002, end_date=20260605T112003
[2026-06-05T11:20:03.894+0000] {standard_task_runner.py:110} ERROR - Failed to execute job 32 for task produce_messages (Bash command failed. The command returned a non-zero exit code 2.; 205)
[2026-06-05T11:20:03.932+0000] {local_task_job_runner.py:240} INFO - Task exited with return code 1
[2026-06-05T11:20:04.014+0000] {taskinstance.py:3482} INFO - 0 downstream tasks scheduled from follow-on schedule check
[2026-06-05T11:20:04.018+0000] {local_task_job_runner.py:222} INFO - ::endgroup::
