[2026-06-05T11:22:04.628+0000] {local_task_job_runner.py:120} INFO - ::group::Pre task execution logs
[2026-06-05T11:22:04.787+0000] {taskinstance.py:2073} INFO - Dependencies all met for dep_context=non-requeueable deps ti=<TaskInstance: e-commerce_kafka_streaming_pipeline_v4.produce_messages manual__2026-06-05T11:16:30.061944+00:00 [queued]>
[2026-06-05T11:22:04.820+0000] {taskinstance.py:2073} INFO - Dependencies all met for dep_context=requeueable deps ti=<TaskInstance: e-commerce_kafka_streaming_pipeline_v4.produce_messages manual__2026-06-05T11:16:30.061944+00:00 [queued]>
[2026-06-05T11:22:04.821+0000] {taskinstance.py:2303} INFO - Starting attempt 2 of 2
[2026-06-05T11:22:04.876+0000] {taskinstance.py:2327} INFO - Executing <Task(BashOperator): produce_messages> on 2026-06-05 11:16:30.061944+00:00
[2026-06-05T11:22:04.905+0000] {standard_task_runner.py:90} INFO - Running: ['***', 'tasks', 'run', 'e-commerce_kafka_streaming_pipeline_v4', 'produce_messages', 'manual__2026-06-05T11:16:30.061944+00:00', '--job-id', '33', '--raw', '--subdir', 'DAGS_FOLDER/sdp_pipeline_dag.py', '--cfg-path', '/tmp/tmpdptateb0']
[2026-06-05T11:22:04.928+0000] {standard_task_runner.py:91} INFO - Job 33: Subtask produce_messages
[2026-06-05T11:22:04.944+0000] {logging_mixin.py:188} WARNING - /home/***/.local/lib/python3.12/site-packages/***/task/task_runner/standard_task_runner.py:61 DeprecationWarning: This process (pid=224) is multi-threaded, use of fork() may lead to deadlocks in the child.
[2026-06-05T11:22:04.947+0000] {standard_task_runner.py:63} INFO - Started process 225 to run task
[2026-06-05T11:22:05.257+0000] {task_command.py:426} INFO - Running <TaskInstance: e-commerce_kafka_streaming_pipeline_v4.produce_messages manual__2026-06-05T11:16:30.061944+00:00 [running]> on host 6838323be964
[2026-06-05T11:22:05.509+0000] {taskinstance.py:2644} INFO - Exporting env vars: AIRFLOW_CTX_DAG_OWNER='dev' AIRFLOW_CTX_DAG_ID='e-commerce_kafka_streaming_pipeline_v4' AIRFLOW_CTX_TASK_ID='produce_messages' AIRFLOW_CTX_EXECUTION_DATE='2026-06-05T11:16:30.061944+00:00' AIRFLOW_CTX_TRY_NUMBER='2' AIRFLOW_CTX_DAG_RUN_ID='manual__2026-06-05T11:16:30.061944+00:00'
[2026-06-05T11:22:05.513+0000] {taskinstance.py:430} INFO - ::endgroup::
[2026-06-05T11:22:05.578+0000] {subprocess.py:63} INFO - Tmp dir root location: /tmp
[2026-06-05T11:22:05.580+0000] {subprocess.py:75} INFO - Running command: ['/usr/bin/bash', '-c', 'python3 /opt/producer/api_to_kafka.py']
[2026-06-05T11:22:05.605+0000] {subprocess.py:86} INFO - Output:
[2026-06-05T11:22:05.720+0000] {subprocess.py:93} INFO - python3: can't open file '/opt/producer/api_to_kafka.py': [Errno 2] No such file or directory
[2026-06-05T11:22:05.730+0000] {subprocess.py:97} INFO - Command exited with return code 2
[2026-06-05T11:22:05.732+0000] {taskinstance.py:441} INFO - ::group::Post task execution logs
[2026-06-05T11:22:05.763+0000] {taskinstance.py:2890} ERROR - Task failed with exception
Traceback (most recent call last):
  File "/home/airflow/.local/lib/python3.12/site-packages/airflow/models/taskinstance.py", line 465, in _execute_task
    result = _execute_callable(context=context, **execute_callable_kwargs)
             ^^^^^^^^^^^^^^^^^^^^^^^^^^^^^^^^^^^^^^^^^^^^^^^^^^^^^^^^^^^^^
  File "/home/airflow/.local/lib/python3.12/site-packages/airflow/models/taskinstance.py", line 432, in _execute_callable
    return execute_callable(context=context, **execute_callable_kwargs)
           ^^^^^^^^^^^^^^^^^^^^^^^^^^^^^^^^^^^^^^^^^^^^^^^^^^^^^^^^^^^^
  File "/home/airflow/.local/lib/python3.12/site-packages/airflow/models/baseoperator.py", line 400, in wrapper
    return func(self, *args, **kwargs)
           ^^^^^^^^^^^^^^^^^^^^^^^^^^^
  File "/home/airflow/.local/lib/python3.12/site-packages/airflow/operators/bash.py", line 243, in execute
    raise AirflowException(
airflow.exceptions.AirflowException: Bash command failed. The command returned a non-zero exit code 2.
[2026-06-05T11:22:05.777+0000] {taskinstance.py:1205} INFO - Marking task as FAILED. dag_id=e-commerce_kafka_streaming_pipeline_v4, task_id=produce_messages, execution_date=20260605T111630, start_date=20260605T112204, end_date=20260605T112205
[2026-06-05T11:22:05.829+0000] {standard_task_runner.py:110} ERROR - Failed to execute job 33 for task produce_messages (Bash command failed. The command returned a non-zero exit code 2.; 225)
[2026-06-05T11:22:05.873+0000] {local_task_job_runner.py:240} INFO - Task exited with return code 1
[2026-06-05T11:22:05.960+0000] {taskinstance.py:3482} INFO - 0 downstream tasks scheduled from follow-on schedule check
[2026-06-05T11:22:06.051+0000] {local_task_job_runner.py:222} INFO - ::endgroup::
