[2026-07-16T09:04:40.712+0000] {local_task_job_runner.py:120} INFO - ::group::Pre task execution logs
[2026-07-16T09:04:40.746+0000] {taskinstance.py:2073} INFO - Dependencies all met for dep_context=non-requeueable deps ti=<TaskInstance: e-commerce_kafka_streaming_pipeline_v1.run_gold scheduled__2026-07-16T08:00:00+00:00 [queued]>
[2026-07-16T09:04:40.756+0000] {taskinstance.py:2073} INFO - Dependencies all met for dep_context=requeueable deps ti=<TaskInstance: e-commerce_kafka_streaming_pipeline_v1.run_gold scheduled__2026-07-16T08:00:00+00:00 [queued]>
[2026-07-16T09:04:40.757+0000] {taskinstance.py:2303} INFO - Starting attempt 1 of 2
[2026-07-16T09:04:40.770+0000] {taskinstance.py:2327} INFO - Executing <Task(BashOperator): run_gold> on 2026-07-16 08:00:00+00:00
[2026-07-16T09:04:40.778+0000] {standard_task_runner.py:90} INFO - Running: ['***', 'tasks', 'run', 'e-commerce_kafka_streaming_pipeline_v1', 'run_gold', 'scheduled__2026-07-16T08:00:00+00:00', '--job-id', '33', '--raw', '--subdir', 'DAGS_FOLDER/sdp_pipeline_dag.py', '--cfg-path', '/tmp/tmp_lvza2cp']
[2026-07-16T09:04:40.782+0000] {standard_task_runner.py:91} INFO - Job 33: Subtask run_gold
[2026-07-16T09:04:40.782+0000] {logging_mixin.py:188} WARNING - /home/***/.local/lib/python3.12/site-packages/***/task/task_runner/standard_task_runner.py:61 DeprecationWarning: This process (pid=832) is multi-threaded, use of fork() may lead to deadlocks in the child.
[2026-07-16T09:04:40.784+0000] {standard_task_runner.py:63} INFO - Started process 833 to run task
[2026-07-16T09:04:40.850+0000] {task_command.py:426} INFO - Running <TaskInstance: e-commerce_kafka_streaming_pipeline_v1.run_gold scheduled__2026-07-16T08:00:00+00:00 [running]> on host da27550080bf
[2026-07-16T09:04:40.977+0000] {taskinstance.py:2644} INFO - Exporting env vars: AIRFLOW_CTX_DAG_OWNER='dev' AIRFLOW_CTX_DAG_ID='e-commerce_kafka_streaming_pipeline_v1' AIRFLOW_CTX_TASK_ID='run_gold' AIRFLOW_CTX_EXECUTION_DATE='2026-07-16T08:00:00+00:00' AIRFLOW_CTX_TRY_NUMBER='1' AIRFLOW_CTX_DAG_RUN_ID='scheduled__2026-07-16T08:00:00+00:00'
[2026-07-16T09:04:40.980+0000] {taskinstance.py:430} INFO - ::endgroup::
[2026-07-16T09:04:41.002+0000] {subprocess.py:63} INFO - Tmp dir root location: /tmp
[2026-07-16T09:04:41.004+0000] {subprocess.py:75} INFO - Running command: ['/usr/bin/bash', '-c', 'docker run --rm --network streaming_kafka_project_sdp-net --volume /d/Streaming_kafka_project/pipelines:/opt/pipelines --volume /d/Streaming_kafka_project/data:/opt/data --volume /d/Streaming_kafka_project/checkpoints:/opt/checkpoints --volume /d/Streaming_kafka_project/jars:/opt/jars apache/spark:3.5.1 /opt/spark/bin/spark-submit --master spark://sdp-spark-master:7077 --executor-cores 1 --executor-memory 512m --total-executor-cores 3 --jars /opt/jars/delta-spark_2.12-3.2.0.jar,/opt/jars/delta-storage-3.2.0.jar,/opt/jars/spark-sql-kafka-0-10_2.12-3.5.1.jar,/opt/jars/kafka-clients-3.4.1.jar,/opt/jars/spark-token-provider-kafka-0-10_2.12-3.5.1.jar,/opt/jars/commons-pool2-2.11.1.jar --conf spark.sql.extensions=io.delta.sql.DeltaSparkSessionExtension --conf spark.sql.catalog.spark_catalog=org.apache.spark.sql.delta.catalog.DeltaCatalog  /opt/pipelines/gold_runner.py']
[2026-07-16T09:04:41.015+0000] {subprocess.py:86} INFO - Output:
[2026-07-16T09:04:43.666+0000] {subprocess.py:93} INFO - 26/07/16 09:04:43 WARN NativeCodeLoader: Unable to load native-hadoop library for your platform... using builtin-java classes where applicable
[2026-07-16T09:04:44.844+0000] {subprocess.py:93} INFO - 26/07/16 09:04:44 INFO SparkContext: Running Spark version 3.5.1
[2026-07-16T09:04:44.846+0000] {subprocess.py:93} INFO - 26/07/16 09:04:44 INFO SparkContext: OS info Linux, 6.18.33.2-microsoft-standard-WSL2, amd64
[2026-07-16T09:04:44.847+0000] {subprocess.py:93} INFO - 26/07/16 09:04:44 INFO SparkContext: Java version 11.0.22
[2026-07-16T09:04:44.899+0000] {subprocess.py:93} INFO - 26/07/16 09:04:44 INFO ResourceUtils: ==============================================================
[2026-07-16T09:04:44.902+0000] {subprocess.py:93} INFO - 26/07/16 09:04:44 INFO ResourceUtils: No custom resources configured for spark.driver.
[2026-07-16T09:04:44.904+0000] {subprocess.py:93} INFO - 26/07/16 09:04:44 INFO ResourceUtils: ==============================================================
[2026-07-16T09:04:44.905+0000] {subprocess.py:93} INFO - 26/07/16 09:04:44 INFO SparkContext: Submitted application: SDP-Gold
[2026-07-16T09:04:44.936+0000] {subprocess.py:93} INFO - 26/07/16 09:04:44 INFO ResourceProfile: Default ResourceProfile created, executor resources: Map(cores -> name: cores, amount: 1, script: , vendor: , memory -> name: memory, amount: 512, script: , vendor: , offHeap -> name: offHeap, amount: 0, script: , vendor: ), task resources: Map(cpus -> name: cpus, amount: 1.0)
[2026-07-16T09:04:44.955+0000] {subprocess.py:93} INFO - 26/07/16 09:04:44 INFO ResourceProfile: Limiting resource is cpus at 1 tasks per executor
[2026-07-16T09:04:44.960+0000] {subprocess.py:93} INFO - 26/07/16 09:04:44 INFO ResourceProfileManager: Added ResourceProfile id: 0
[2026-07-16T09:04:45.037+0000] {subprocess.py:93} INFO - 26/07/16 09:04:45 INFO SecurityManager: Changing view acls to: spark
[2026-07-16T09:04:45.039+0000] {subprocess.py:93} INFO - 26/07/16 09:04:45 INFO SecurityManager: Changing modify acls to: spark
[2026-07-16T09:04:45.040+0000] {subprocess.py:93} INFO - 26/07/16 09:04:45 INFO SecurityManager: Changing view acls groups to:
[2026-07-16T09:04:45.042+0000] {subprocess.py:93} INFO - 26/07/16 09:04:45 INFO SecurityManager: Changing modify acls groups to:
[2026-07-16T09:04:45.043+0000] {subprocess.py:93} INFO - 26/07/16 09:04:45 INFO SecurityManager: SecurityManager: authentication disabled; ui acls disabled; users with view permissions: spark; groups with view permissions: EMPTY; users with modify permissions: spark; groups with modify permissions: EMPTY
[2026-07-16T09:04:45.415+0000] {subprocess.py:93} INFO - 26/07/16 09:04:45 INFO Utils: Successfully started service 'sparkDriver' on port 38095.
[2026-07-16T09:04:45.454+0000] {subprocess.py:93} INFO - 26/07/16 09:04:45 INFO SparkEnv: Registering MapOutputTracker
[2026-07-16T09:04:45.495+0000] {subprocess.py:93} INFO - 26/07/16 09:04:45 INFO SparkEnv: Registering BlockManagerMaster
[2026-07-16T09:04:45.518+0000] {subprocess.py:93} INFO - 26/07/16 09:04:45 INFO BlockManagerMasterEndpoint: Using org.apache.spark.storage.DefaultTopologyMapper for getting topology information
[2026-07-16T09:04:45.520+0000] {subprocess.py:93} INFO - 26/07/16 09:04:45 INFO BlockManagerMasterEndpoint: BlockManagerMasterEndpoint up
[2026-07-16T09:04:45.525+0000] {subprocess.py:93} INFO - 26/07/16 09:04:45 INFO SparkEnv: Registering BlockManagerMasterHeartbeat
[2026-07-16T09:04:45.554+0000] {subprocess.py:93} INFO - 26/07/16 09:04:45 INFO DiskBlockManager: Created local directory at /tmp/blockmgr-0fb0665f-e2c8-4a6f-a519-e5832ca1818c
[2026-07-16T09:04:45.571+0000] {subprocess.py:93} INFO - 26/07/16 09:04:45 INFO MemoryStore: MemoryStore started with capacity 434.4 MiB
[2026-07-16T09:04:45.592+0000] {subprocess.py:93} INFO - 26/07/16 09:04:45 INFO SparkEnv: Registering OutputCommitCoordinator
[2026-07-16T09:04:45.774+0000] {subprocess.py:93} INFO - 26/07/16 09:04:45 INFO JettyUtils: Start Jetty 0.0.0.0:4040 for SparkUI
[2026-07-16T09:04:45.870+0000] {subprocess.py:93} INFO - 26/07/16 09:04:45 INFO Utils: Successfully started service 'SparkUI' on port 4040.
[2026-07-16T09:04:45.916+0000] {subprocess.py:93} INFO - 26/07/16 09:04:45 INFO SparkContext: Added JAR file:///opt/jars/delta-spark_2.12-3.2.0.jar at spark://f7cfc7ca35ff:38095/jars/delta-spark_2.12-3.2.0.jar with timestamp 1784192684829
[2026-07-16T09:04:45.918+0000] {subprocess.py:93} INFO - 26/07/16 09:04:45 INFO SparkContext: Added JAR file:///opt/jars/delta-storage-3.2.0.jar at spark://f7cfc7ca35ff:38095/jars/delta-storage-3.2.0.jar with timestamp 1784192684829
[2026-07-16T09:04:45.920+0000] {subprocess.py:93} INFO - 26/07/16 09:04:45 INFO SparkContext: Added JAR file:///opt/jars/spark-sql-kafka-0-10_2.12-3.5.1.jar at spark://f7cfc7ca35ff:38095/jars/spark-sql-kafka-0-10_2.12-3.5.1.jar with timestamp 1784192684829
[2026-07-16T09:04:45.922+0000] {subprocess.py:93} INFO - 26/07/16 09:04:45 INFO SparkContext: Added JAR file:///opt/jars/kafka-clients-3.4.1.jar at spark://f7cfc7ca35ff:38095/jars/kafka-clients-3.4.1.jar with timestamp 1784192684829
[2026-07-16T09:04:45.923+0000] {subprocess.py:93} INFO - 26/07/16 09:04:45 INFO SparkContext: Added JAR file:///opt/jars/spark-token-provider-kafka-0-10_2.12-3.5.1.jar at spark://f7cfc7ca35ff:38095/jars/spark-token-provider-kafka-0-10_2.12-3.5.1.jar with timestamp 1784192684829
[2026-07-16T09:04:45.924+0000] {subprocess.py:93} INFO - 26/07/16 09:04:45 INFO SparkContext: Added JAR file:///opt/jars/commons-pool2-2.11.1.jar at spark://f7cfc7ca35ff:38095/jars/commons-pool2-2.11.1.jar with timestamp 1784192684829
[2026-07-16T09:04:46.011+0000] {subprocess.py:93} INFO - 26/07/16 09:04:46 INFO StandaloneAppClient$ClientEndpoint: Connecting to master spark://sdp-spark-master:7077...
[2026-07-16T09:04:46.061+0000] {subprocess.py:93} INFO - 26/07/16 09:04:46 INFO TransportClientFactory: Successfully created connection to sdp-spark-master/172.18.0.4:7077 after 28 ms (0 ms spent in bootstraps)
[2026-07-16T09:04:46.160+0000] {subprocess.py:93} INFO - 26/07/16 09:04:46 INFO StandaloneSchedulerBackend: Connected to Spark cluster with app ID app-20260716090446-0014
[2026-07-16T09:04:46.168+0000] {subprocess.py:93} INFO - 26/07/16 09:04:46 INFO StandaloneAppClient$ClientEndpoint: Executor added: app-20260716090446-0014/0 on worker-20260716063602-172.18.0.5-44367 (172.18.0.5:44367) with 1 core(s)
[2026-07-16T09:04:46.173+0000] {subprocess.py:93} INFO - 26/07/16 09:04:46 INFO StandaloneSchedulerBackend: Granted executor ID app-20260716090446-0014/0 on hostPort 172.18.0.5:44367 with 1 core(s), 512.0 MiB RAM
[2026-07-16T09:04:46.175+0000] {subprocess.py:93} INFO - 26/07/16 09:04:46 INFO StandaloneAppClient$ClientEndpoint: Executor added: app-20260716090446-0014/1 on worker-20260716063602-172.18.0.5-44367 (172.18.0.5:44367) with 1 core(s)
[2026-07-16T09:04:46.177+0000] {subprocess.py:93} INFO - 26/07/16 09:04:46 INFO StandaloneSchedulerBackend: Granted executor ID app-20260716090446-0014/1 on hostPort 172.18.0.5:44367 with 1 core(s), 512.0 MiB RAM
[2026-07-16T09:04:46.178+0000] {subprocess.py:93} INFO - 26/07/16 09:04:46 INFO StandaloneAppClient$ClientEndpoint: Executor added: app-20260716090446-0014/2 on worker-20260716063602-172.18.0.6-33249 (172.18.0.6:33249) with 1 core(s)
[2026-07-16T09:04:46.180+0000] {subprocess.py:93} INFO - 26/07/16 09:04:46 INFO StandaloneSchedulerBackend: Granted executor ID app-20260716090446-0014/2 on hostPort 172.18.0.6:33249 with 1 core(s), 512.0 MiB RAM
[2026-07-16T09:04:46.184+0000] {subprocess.py:93} INFO - 26/07/16 09:04:46 INFO Utils: Successfully started service 'org.apache.spark.network.netty.NettyBlockTransferService' on port 44267.
[2026-07-16T09:04:46.186+0000] {subprocess.py:93} INFO - 26/07/16 09:04:46 INFO NettyBlockTransferService: Server created on f7cfc7ca35ff:44267
[2026-07-16T09:04:46.187+0000] {subprocess.py:93} INFO - 26/07/16 09:04:46 INFO BlockManager: Using org.apache.spark.storage.RandomBlockReplicationPolicy for block replication policy
[2026-07-16T09:04:46.196+0000] {subprocess.py:93} INFO - 26/07/16 09:04:46 INFO BlockManagerMaster: Registering BlockManager BlockManagerId(driver, f7cfc7ca35ff, 44267, None)
[2026-07-16T09:04:46.202+0000] {subprocess.py:93} INFO - 26/07/16 09:04:46 INFO BlockManagerMasterEndpoint: Registering block manager f7cfc7ca35ff:44267 with 434.4 MiB RAM, BlockManagerId(driver, f7cfc7ca35ff, 44267, None)
[2026-07-16T09:04:46.206+0000] {subprocess.py:93} INFO - 26/07/16 09:04:46 INFO BlockManagerMaster: Registered BlockManager BlockManagerId(driver, f7cfc7ca35ff, 44267, None)
[2026-07-16T09:04:46.211+0000] {subprocess.py:93} INFO - 26/07/16 09:04:46 INFO BlockManager: Initialized BlockManager: BlockManagerId(driver, f7cfc7ca35ff, 44267, None)
[2026-07-16T09:04:46.263+0000] {subprocess.py:93} INFO - 26/07/16 09:04:46 INFO StandaloneAppClient$ClientEndpoint: Executor updated: app-20260716090446-0014/0 is now RUNNING
[2026-07-16T09:04:46.267+0000] {subprocess.py:93} INFO - 26/07/16 09:04:46 INFO StandaloneAppClient$ClientEndpoint: Executor updated: app-20260716090446-0014/1 is now RUNNING
[2026-07-16T09:04:46.279+0000] {subprocess.py:93} INFO - 26/07/16 09:04:46 INFO StandaloneAppClient$ClientEndpoint: Executor updated: app-20260716090446-0014/2 is now RUNNING
[2026-07-16T09:04:46.670+0000] {subprocess.py:93} INFO - 26/07/16 09:04:46 INFO StandaloneSchedulerBackend: SchedulerBackend is ready for scheduling beginning after reached minRegisteredResourcesRatio: 0.0
[2026-07-16T09:05:10.814+0000] {subprocess.py:93} INFO - 26/07/16 09:05:10 WARN SparkStringUtils: Truncated the string representation of a plan since it was too large. This behavior can be adjusted by setting 'spark.sql.debug.maxToStringFields'.
[2026-07-16T09:05:58.274+0000] {subprocess.py:93} INFO - Gold table written: /opt/data/gold/daily_sales  (4 rows)
[2026-07-16T09:06:11.316+0000] {subprocess.py:93} INFO - Gold table written: /opt/data/gold/product_performance  (10 rows)
[2026-07-16T09:06:27.329+0000] {subprocess.py:93} INFO - Gold table written: /opt/data/gold/customer_orders  (5 rows)
[2026-07-16T09:06:27.332+0000] {subprocess.py:93} INFO - 
[2026-07-16T09:06:27.333+0000] {subprocess.py:93} INFO - Gold pipeline complete.
[2026-07-16T09:06:27.908+0000] {subprocess.py:97} INFO - Command exited with return code 0
[2026-07-16T09:06:27.910+0000] {taskinstance.py:441} INFO - ::group::Post task execution logs
[2026-07-16T09:06:27.953+0000] {taskinstance.py:1205} INFO - Marking task as SUCCESS. dag_id=e-commerce_kafka_streaming_pipeline_v1, task_id=run_gold, execution_date=20260716T080000, start_date=20260716T090440, end_date=20260716T090627
[2026-07-16T09:06:28.006+0000] {local_task_job_runner.py:240} INFO - Task exited with return code 0
[2026-07-16T09:06:28.046+0000] {taskinstance.py:3482} INFO - 1 downstream tasks scheduled from follow-on schedule check
[2026-07-16T09:06:28.051+0000] {local_task_job_runner.py:222} INFO - ::endgroup::
