[2026-07-15T11:43:21.318+0000] {local_task_job_runner.py:120} INFO - ::group::Pre task execution logs
[2026-07-15T11:43:21.377+0000] {taskinstance.py:2073} INFO - Dependencies all met for dep_context=non-requeueable deps ti=<TaskInstance: e-commerce_kafka_streaming_pipeline_v1.run_silver manual__2026-07-15T11:37:15.628177+00:00 [queued]>
[2026-07-15T11:43:21.390+0000] {taskinstance.py:2073} INFO - Dependencies all met for dep_context=requeueable deps ti=<TaskInstance: e-commerce_kafka_streaming_pipeline_v1.run_silver manual__2026-07-15T11:37:15.628177+00:00 [queued]>
[2026-07-15T11:43:21.392+0000] {taskinstance.py:2303} INFO - Starting attempt 2 of 2
[2026-07-15T11:43:21.408+0000] {taskinstance.py:2327} INFO - Executing <Task(BashOperator): run_silver> on 2026-07-15 11:37:15.628177+00:00
[2026-07-15T11:43:21.418+0000] {standard_task_runner.py:90} INFO - Running: ['***', 'tasks', 'run', 'e-commerce_kafka_streaming_pipeline_v1', 'run_silver', 'manual__2026-07-15T11:37:15.628177+00:00', '--job-id', '33', '--raw', '--subdir', 'DAGS_FOLDER/sdp_pipeline_dag.py', '--cfg-path', '/tmp/tmphyjh1b9c']
[2026-07-15T11:43:21.421+0000] {standard_task_runner.py:91} INFO - Job 33: Subtask run_silver
[2026-07-15T11:43:21.423+0000] {logging_mixin.py:188} WARNING - /home/***/.local/lib/python3.12/site-packages/***/task/task_runner/standard_task_runner.py:61 DeprecationWarning: This process (pid=4404) is multi-threaded, use of fork() may lead to deadlocks in the child.
[2026-07-15T11:43:21.424+0000] {standard_task_runner.py:63} INFO - Started process 4405 to run task
[2026-07-15T11:43:21.506+0000] {task_command.py:426} INFO - Running <TaskInstance: e-commerce_kafka_streaming_pipeline_v1.run_silver manual__2026-07-15T11:37:15.628177+00:00 [running]> on host 6d7ac32de880
[2026-07-15T11:43:21.617+0000] {taskinstance.py:2644} INFO - Exporting env vars: AIRFLOW_CTX_DAG_OWNER='dev' AIRFLOW_CTX_DAG_ID='e-commerce_kafka_streaming_pipeline_v1' AIRFLOW_CTX_TASK_ID='run_silver' AIRFLOW_CTX_EXECUTION_DATE='2026-07-15T11:37:15.628177+00:00' AIRFLOW_CTX_TRY_NUMBER='2' AIRFLOW_CTX_DAG_RUN_ID='manual__2026-07-15T11:37:15.628177+00:00'
[2026-07-15T11:43:21.619+0000] {taskinstance.py:430} INFO - ::endgroup::
[2026-07-15T11:43:21.640+0000] {subprocess.py:63} INFO - Tmp dir root location: /tmp
[2026-07-15T11:43:21.642+0000] {subprocess.py:75} INFO - Running command: ['/usr/bin/bash', '-c', 'timeout 150s docker run --rm --network streaming_kafka_project_sdp-net --volume /d/Streaming_kafka_project/pipelines:/opt/pipelines --volume /d/Streaming_kafka_project/data:/opt/data --volume /d/Streaming_kafka_project/checkpoints:/opt/checkpoints --volume /d/Streaming_kafka_project/jars:/opt/jars apache/spark:3.5.1 /opt/spark/bin/spark-submit --master spark://sdp-spark-master:7077 --executor-cores 1 --executor-memory 512m --total-executor-cores 3 --jars /opt/jars/delta-spark_2.12-3.2.0.jar,/opt/jars/delta-storage-3.2.0.jar,/opt/jars/spark-sql-kafka-0-10_2.12-3.5.1.jar,/opt/jars/kafka-clients-3.4.1.jar,/opt/jars/spark-token-provider-kafka-0-10_2.12-3.5.1.jar,/opt/jars/commons-pool2-2.11.1.jar --conf spark.sql.extensions=io.delta.sql.DeltaSparkSessionExtension --conf spark.sql.catalog.spark_catalog=org.apache.spark.sql.delta.catalog.DeltaCatalog  /opt/pipelines/silver_runner.py']
[2026-07-15T11:43:21.658+0000] {subprocess.py:86} INFO - Output:
[2026-07-15T11:43:24.383+0000] {subprocess.py:93} INFO - 26/07/15 11:43:24 WARN NativeCodeLoader: Unable to load native-hadoop library for your platform... using builtin-java classes where applicable
[2026-07-15T11:43:25.528+0000] {subprocess.py:93} INFO - 26/07/15 11:43:25 INFO SparkContext: Running Spark version 3.5.1
[2026-07-15T11:43:25.529+0000] {subprocess.py:93} INFO - 26/07/15 11:43:25 INFO SparkContext: OS info Linux, 6.18.33.2-microsoft-standard-WSL2, amd64
[2026-07-15T11:43:25.531+0000] {subprocess.py:93} INFO - 26/07/15 11:43:25 INFO SparkContext: Java version 11.0.22
[2026-07-15T11:43:25.587+0000] {subprocess.py:93} INFO - 26/07/15 11:43:25 INFO ResourceUtils: ==============================================================
[2026-07-15T11:43:25.589+0000] {subprocess.py:93} INFO - 26/07/15 11:43:25 INFO ResourceUtils: No custom resources configured for spark.driver.
[2026-07-15T11:43:25.590+0000] {subprocess.py:93} INFO - 26/07/15 11:43:25 INFO ResourceUtils: ==============================================================
[2026-07-15T11:43:25.592+0000] {subprocess.py:93} INFO - 26/07/15 11:43:25 INFO SparkContext: Submitted application: SDP-Silver
[2026-07-15T11:43:25.626+0000] {subprocess.py:93} INFO - 26/07/15 11:43:25 INFO ResourceProfile: Default ResourceProfile created, executor resources: Map(cores -> name: cores, amount: 1, script: , vendor: , memory -> name: memory, amount: 512, script: , vendor: , offHeap -> name: offHeap, amount: 0, script: , vendor: ), task resources: Map(cpus -> name: cpus, amount: 1.0)
[2026-07-15T11:43:25.646+0000] {subprocess.py:93} INFO - 26/07/15 11:43:25 INFO ResourceProfile: Limiting resource is cpus at 1 tasks per executor
[2026-07-15T11:43:25.650+0000] {subprocess.py:93} INFO - 26/07/15 11:43:25 INFO ResourceProfileManager: Added ResourceProfile id: 0
[2026-07-15T11:43:25.732+0000] {subprocess.py:93} INFO - 26/07/15 11:43:25 INFO SecurityManager: Changing view acls to: spark
[2026-07-15T11:43:25.735+0000] {subprocess.py:93} INFO - 26/07/15 11:43:25 INFO SecurityManager: Changing modify acls to: spark
[2026-07-15T11:43:25.736+0000] {subprocess.py:93} INFO - 26/07/15 11:43:25 INFO SecurityManager: Changing view acls groups to:
[2026-07-15T11:43:25.737+0000] {subprocess.py:93} INFO - 26/07/15 11:43:25 INFO SecurityManager: Changing modify acls groups to:
[2026-07-15T11:43:25.738+0000] {subprocess.py:93} INFO - 26/07/15 11:43:25 INFO SecurityManager: SecurityManager: authentication disabled; ui acls disabled; users with view permissions: spark; groups with view permissions: EMPTY; users with modify permissions: spark; groups with modify permissions: EMPTY
[2026-07-15T11:43:26.071+0000] {subprocess.py:93} INFO - 26/07/15 11:43:26 INFO Utils: Successfully started service 'sparkDriver' on port 33323.
[2026-07-15T11:43:26.122+0000] {subprocess.py:93} INFO - 26/07/15 11:43:26 INFO SparkEnv: Registering MapOutputTracker
[2026-07-15T11:43:26.169+0000] {subprocess.py:93} INFO - 26/07/15 11:43:26 INFO SparkEnv: Registering BlockManagerMaster
[2026-07-15T11:43:26.193+0000] {subprocess.py:93} INFO - 26/07/15 11:43:26 INFO BlockManagerMasterEndpoint: Using org.apache.spark.storage.DefaultTopologyMapper for getting topology information
[2026-07-15T11:43:26.195+0000] {subprocess.py:93} INFO - 26/07/15 11:43:26 INFO BlockManagerMasterEndpoint: BlockManagerMasterEndpoint up
[2026-07-15T11:43:26.199+0000] {subprocess.py:93} INFO - 26/07/15 11:43:26 INFO SparkEnv: Registering BlockManagerMasterHeartbeat
[2026-07-15T11:43:26.225+0000] {subprocess.py:93} INFO - 26/07/15 11:43:26 INFO DiskBlockManager: Created local directory at /tmp/blockmgr-53f44f7d-2743-4212-853b-adf3279fa2ef
[2026-07-15T11:43:26.242+0000] {subprocess.py:93} INFO - 26/07/15 11:43:26 INFO MemoryStore: MemoryStore started with capacity 434.4 MiB
[2026-07-15T11:43:26.261+0000] {subprocess.py:93} INFO - 26/07/15 11:43:26 INFO SparkEnv: Registering OutputCommitCoordinator
[2026-07-15T11:43:26.430+0000] {subprocess.py:93} INFO - 26/07/15 11:43:26 INFO JettyUtils: Start Jetty 0.0.0.0:4040 for SparkUI
[2026-07-15T11:43:26.522+0000] {subprocess.py:93} INFO - 26/07/15 11:43:26 INFO Utils: Successfully started service 'SparkUI' on port 4040.
[2026-07-15T11:43:26.583+0000] {subprocess.py:93} INFO - 26/07/15 11:43:26 INFO SparkContext: Added JAR file:///opt/jars/delta-spark_2.12-3.2.0.jar at spark://525ae2d02bd3:33323/jars/delta-spark_2.12-3.2.0.jar with timestamp 1784115805504
[2026-07-15T11:43:26.584+0000] {subprocess.py:93} INFO - 26/07/15 11:43:26 INFO SparkContext: Added JAR file:///opt/jars/delta-storage-3.2.0.jar at spark://525ae2d02bd3:33323/jars/delta-storage-3.2.0.jar with timestamp 1784115805504
[2026-07-15T11:43:26.587+0000] {subprocess.py:93} INFO - 26/07/15 11:43:26 INFO SparkContext: Added JAR file:///opt/jars/spark-sql-kafka-0-10_2.12-3.5.1.jar at spark://525ae2d02bd3:33323/jars/spark-sql-kafka-0-10_2.12-3.5.1.jar with timestamp 1784115805504
[2026-07-15T11:43:26.589+0000] {subprocess.py:93} INFO - 26/07/15 11:43:26 INFO SparkContext: Added JAR file:///opt/jars/kafka-clients-3.4.1.jar at spark://525ae2d02bd3:33323/jars/kafka-clients-3.4.1.jar with timestamp 1784115805504
[2026-07-15T11:43:26.590+0000] {subprocess.py:93} INFO - 26/07/15 11:43:26 INFO SparkContext: Added JAR file:///opt/jars/spark-token-provider-kafka-0-10_2.12-3.5.1.jar at spark://525ae2d02bd3:33323/jars/spark-token-provider-kafka-0-10_2.12-3.5.1.jar with timestamp 1784115805504
[2026-07-15T11:43:26.592+0000] {subprocess.py:93} INFO - 26/07/15 11:43:26 INFO SparkContext: Added JAR file:///opt/jars/commons-pool2-2.11.1.jar at spark://525ae2d02bd3:33323/jars/commons-pool2-2.11.1.jar with timestamp 1784115805504
[2026-07-15T11:43:26.699+0000] {subprocess.py:93} INFO - 26/07/15 11:43:26 INFO StandaloneAppClient$ClientEndpoint: Connecting to master spark://sdp-spark-master:7077...
[2026-07-15T11:43:26.761+0000] {subprocess.py:93} INFO - 26/07/15 11:43:26 INFO TransportClientFactory: Successfully created connection to sdp-spark-master/172.18.0.4:7077 after 34 ms (0 ms spent in bootstraps)
[2026-07-15T11:43:26.865+0000] {subprocess.py:93} INFO - 26/07/15 11:43:26 INFO StandaloneSchedulerBackend: Connected to Spark cluster with app ID app-20260715114326-0016
[2026-07-15T11:43:26.870+0000] {subprocess.py:93} INFO - 26/07/15 11:43:26 INFO StandaloneAppClient$ClientEndpoint: Executor added: app-20260715114326-0016/0 on worker-20260715085701-172.18.0.6-38245 (172.18.0.6:38245) with 1 core(s)
[2026-07-15T11:43:26.878+0000] {subprocess.py:93} INFO - 26/07/15 11:43:26 INFO StandaloneSchedulerBackend: Granted executor ID app-20260715114326-0016/0 on hostPort 172.18.0.6:38245 with 1 core(s), 512.0 MiB RAM
[2026-07-15T11:43:26.881+0000] {subprocess.py:93} INFO - 26/07/15 11:43:26 INFO StandaloneAppClient$ClientEndpoint: Executor added: app-20260715114326-0016/1 on worker-20260715085701-172.18.0.6-38245 (172.18.0.6:38245) with 1 core(s)
[2026-07-15T11:43:26.887+0000] {subprocess.py:93} INFO - 26/07/15 11:43:26 INFO StandaloneSchedulerBackend: Granted executor ID app-20260715114326-0016/1 on hostPort 172.18.0.6:38245 with 1 core(s), 512.0 MiB RAM
[2026-07-15T11:43:26.889+0000] {subprocess.py:93} INFO - 26/07/15 11:43:26 INFO StandaloneAppClient$ClientEndpoint: Executor added: app-20260715114326-0016/2 on worker-20260715085701-172.18.0.5-38247 (172.18.0.5:38247) with 1 core(s)
[2026-07-15T11:43:26.890+0000] {subprocess.py:93} INFO - 26/07/15 11:43:26 INFO StandaloneSchedulerBackend: Granted executor ID app-20260715114326-0016/2 on hostPort 172.18.0.5:38247 with 1 core(s), 512.0 MiB RAM
[2026-07-15T11:43:26.896+0000] {subprocess.py:93} INFO - 26/07/15 11:43:26 INFO Utils: Successfully started service 'org.apache.spark.network.netty.NettyBlockTransferService' on port 40351.
[2026-07-15T11:43:26.899+0000] {subprocess.py:93} INFO - 26/07/15 11:43:26 INFO NettyBlockTransferService: Server created on 525ae2d02bd3:40351
[2026-07-15T11:43:26.901+0000] {subprocess.py:93} INFO - 26/07/15 11:43:26 INFO BlockManager: Using org.apache.spark.storage.RandomBlockReplicationPolicy for block replication policy
[2026-07-15T11:43:26.916+0000] {subprocess.py:93} INFO - 26/07/15 11:43:26 INFO BlockManagerMaster: Registering BlockManager BlockManagerId(driver, 525ae2d02bd3, 40351, None)
[2026-07-15T11:43:26.923+0000] {subprocess.py:93} INFO - 26/07/15 11:43:26 INFO BlockManagerMasterEndpoint: Registering block manager 525ae2d02bd3:40351 with 434.4 MiB RAM, BlockManagerId(driver, 525ae2d02bd3, 40351, None)
[2026-07-15T11:43:26.931+0000] {subprocess.py:93} INFO - 26/07/15 11:43:26 INFO BlockManagerMaster: Registered BlockManager BlockManagerId(driver, 525ae2d02bd3, 40351, None)
[2026-07-15T11:43:26.936+0000] {subprocess.py:93} INFO - 26/07/15 11:43:26 INFO BlockManager: Initialized BlockManager: BlockManagerId(driver, 525ae2d02bd3, 40351, None)
[2026-07-15T11:43:27.038+0000] {subprocess.py:93} INFO - 26/07/15 11:43:27 INFO StandaloneAppClient$ClientEndpoint: Executor updated: app-20260715114326-0016/2 is now RUNNING
[2026-07-15T11:43:27.438+0000] {subprocess.py:93} INFO - 26/07/15 11:43:27 INFO StandaloneSchedulerBackend: SchedulerBackend is ready for scheduling beginning after reached minRegisteredResourcesRatio: 0.0
[2026-07-15T11:43:27.455+0000] {subprocess.py:93} INFO - 26/07/15 11:43:27 INFO StandaloneAppClient$ClientEndpoint: Executor updated: app-20260715114326-0016/0 is now RUNNING
[2026-07-15T11:43:27.465+0000] {subprocess.py:93} INFO - 26/07/15 11:43:27 INFO StandaloneAppClient$ClientEndpoint: Executor updated: app-20260715114326-0016/1 is now RUNNING
[2026-07-15T11:43:27.941+0000] {subprocess.py:93} INFO - Starting silver stream: orders --->>  /opt/data/silver/orders
[2026-07-15T11:43:44.276+0000] {subprocess.py:93} INFO - 26/07/15 11:43:44 WARN ResolveWriteToStream: spark.sql.adaptive.enabled is not supported in streaming DataFrames/Datasets and will be disabled.
[2026-07-15T11:43:44.476+0000] {subprocess.py:93} INFO - Silver stream started: /opt/data/bronze/orders --->> /opt/data/silver/orders
[2026-07-15T11:43:44.486+0000] {subprocess.py:93} INFO - Starting silver stream: customers --->>  /opt/data/silver/customers
[2026-07-15T11:43:46.354+0000] {subprocess.py:93} INFO - 26/07/15 11:43:46 WARN ResolveWriteToStream: spark.sql.adaptive.enabled is not supported in streaming DataFrames/Datasets and will be disabled.
[2026-07-15T11:43:46.432+0000] {subprocess.py:93} INFO - Silver stream started: /opt/data/bronze/customers --->> /opt/data/silver/customers
[2026-07-15T11:43:46.440+0000] {subprocess.py:93} INFO - Starting silver stream: products --->>  /opt/data/silver/products
[2026-07-15T11:43:47.189+0000] {subprocess.py:93} INFO - 26/07/15 11:43:47 WARN SparkStringUtils: Truncated the string representation of a plan since it was too large. This behavior can be adjusted by setting 'spark.sql.debug.maxToStringFields'.
[2026-07-15T11:43:47.899+0000] {subprocess.py:93} INFO - 26/07/15 11:43:47 WARN ResolveWriteToStream: spark.sql.adaptive.enabled is not supported in streaming DataFrames/Datasets and will be disabled.
[2026-07-15T11:43:47.962+0000] {subprocess.py:93} INFO - Silver stream started: /opt/data/bronze/products --->> /opt/data/silver/products
[2026-07-15T11:45:20.675+0000] {subprocess.py:93} INFO - Traceback (most recent call last):
[2026-07-15T11:45:20.677+0000] {subprocess.py:93} INFO -   File "/opt/pipelines/silver_runner.py", line 182, in <module>
[2026-07-15T11:45:20.681+0000] {subprocess.py:93} INFO -     sys.exit(0)
[2026-07-15T11:45:20.683+0000] {subprocess.py:93} INFO - NameError: name 'sys' is not defined
[2026-07-15T11:45:21.153+0000] {subprocess.py:97} INFO - Command exited with return code 1
[2026-07-15T11:45:21.157+0000] {taskinstance.py:441} INFO - ::group::Post task execution logs
[2026-07-15T11:45:21.185+0000] {taskinstance.py:2890} ERROR - Task failed with exception
Traceback (most recent call last):
  File "/home/airflow/.local/lib/python3.12/site-packages/airflow/models/taskinstance.py", line 465, in _execute_task
    result = _execute_callable(context=context, **execute_callable_kwargs)
             ^^^^^^^^^^^^^^^^^^^^^^^^^^^^^^^^^^^^^^^^^^^^^^^^^^^^^^^^^^^^^
  File "/home/airflow/.local/lib/python3.12/site-packages/airflow/models/taskinstance.py", line 432, in _execute_callable
    return execute_callable(context=context, **execute_callable_kwargs)
           ^^^^^^^^^^^^^^^^^^^^^^^^^^^^^^^^^^^^^^^^^^^^^^^^^^^^^^^^^^^^
  File "/home/airflow/.local/lib/python3.12/site-packages/airflow/models/baseoperator.py", line 400, in wrapper
    return func(self, *args, **kwargs)
           ^^^^^^^^^^^^^^^^^^^^^^^^^^^
  File "/home/airflow/.local/lib/python3.12/site-packages/airflow/operators/bash.py", line 243, in execute
    raise AirflowException(
airflow.exceptions.AirflowException: Bash command failed. The command returned a non-zero exit code 1.
[2026-07-15T11:45:21.200+0000] {taskinstance.py:1205} INFO - Marking task as FAILED. dag_id=e-commerce_kafka_streaming_pipeline_v1, task_id=run_silver, execution_date=20260715T113715, start_date=20260715T114321, end_date=20260715T114521
[2026-07-15T11:45:21.234+0000] {standard_task_runner.py:110} ERROR - Failed to execute job 33 for task run_silver (Bash command failed. The command returned a non-zero exit code 1.; 4405)
[2026-07-15T11:45:21.258+0000] {local_task_job_runner.py:240} INFO - Task exited with return code 1
[2026-07-15T11:45:21.303+0000] {taskinstance.py:3482} INFO - 0 downstream tasks scheduled from follow-on schedule check
[2026-07-15T11:45:21.311+0000] {local_task_job_runner.py:222} INFO - ::endgroup::
