[2026-07-22T07:00:05.287+0000] {local_task_job_runner.py:120} INFO - ::group::Pre task execution logs
[2026-07-22T07:00:05.318+0000] {taskinstance.py:2073} INFO - Dependencies all met for dep_context=non-requeueable deps ti=<TaskInstance: e-commerce_kafka_streaming_pipeline_v1.run_bronze scheduled__2026-07-22T06:00:00+00:00 [queued]>
[2026-07-22T07:00:05.326+0000] {taskinstance.py:2073} INFO - Dependencies all met for dep_context=requeueable deps ti=<TaskInstance: e-commerce_kafka_streaming_pipeline_v1.run_bronze scheduled__2026-07-22T06:00:00+00:00 [queued]>
[2026-07-22T07:00:05.327+0000] {taskinstance.py:2303} INFO - Starting attempt 1 of 2
[2026-07-22T07:00:05.341+0000] {taskinstance.py:2327} INFO - Executing <Task(BashOperator): run_bronze> on 2026-07-22 06:00:00+00:00
[2026-07-22T07:00:05.349+0000] {standard_task_runner.py:90} INFO - Running: ['***', 'tasks', 'run', 'e-commerce_kafka_streaming_pipeline_v1', 'run_bronze', 'scheduled__2026-07-22T06:00:00+00:00', '--job-id', '347', '--raw', '--subdir', 'DAGS_FOLDER/sdp_pipeline_dag.py', '--cfg-path', '/tmp/tmpesoq19ho']
[2026-07-22T07:00:05.353+0000] {standard_task_runner.py:91} INFO - Job 347: Subtask run_bronze
[2026-07-22T07:00:05.375+0000] {logging_mixin.py:188} WARNING - /home/***/.local/lib/python3.12/site-packages/***/task/task_runner/standard_task_runner.py:61 DeprecationWarning: This process (pid=18188) is multi-threaded, use of fork() may lead to deadlocks in the child.
[2026-07-22T07:00:05.376+0000] {standard_task_runner.py:63} INFO - Started process 18189 to run task
[2026-07-22T07:00:05.436+0000] {task_command.py:426} INFO - Running <TaskInstance: e-commerce_kafka_streaming_pipeline_v1.run_bronze scheduled__2026-07-22T06:00:00+00:00 [running]> on host da27550080bf
[2026-07-22T07:00:05.512+0000] {taskinstance.py:2644} INFO - Exporting env vars: AIRFLOW_CTX_DAG_OWNER='dev' AIRFLOW_CTX_DAG_ID='e-commerce_kafka_streaming_pipeline_v1' AIRFLOW_CTX_TASK_ID='run_bronze' AIRFLOW_CTX_EXECUTION_DATE='2026-07-22T06:00:00+00:00' AIRFLOW_CTX_TRY_NUMBER='1' AIRFLOW_CTX_DAG_RUN_ID='scheduled__2026-07-22T06:00:00+00:00'
[2026-07-22T07:00:05.514+0000] {taskinstance.py:430} INFO - ::endgroup::
[2026-07-22T07:00:05.526+0000] {subprocess.py:63} INFO - Tmp dir root location: /tmp
[2026-07-22T07:00:05.529+0000] {subprocess.py:75} INFO - Running command: ['/usr/bin/bash', '-c', 'timeout 150s docker run --rm --network streaming_kafka_project_sdp-net --volume /d/Streaming_kafka_project/pipelines:/opt/pipelines --volume /d/Streaming_kafka_project/data:/opt/data --volume /d/Streaming_kafka_project/checkpoints:/opt/checkpoints --volume /d/Streaming_kafka_project/jars:/opt/jars apache/spark:3.5.1 /opt/spark/bin/spark-submit --master spark://sdp-spark-master:7077 --executor-cores 1 --executor-memory 512m --total-executor-cores 3 --jars /opt/jars/delta-spark_2.12-3.2.0.jar,/opt/jars/delta-storage-3.2.0.jar,/opt/jars/spark-sql-kafka-0-10_2.12-3.5.1.jar,/opt/jars/kafka-clients-3.4.1.jar,/opt/jars/spark-token-provider-kafka-0-10_2.12-3.5.1.jar,/opt/jars/commons-pool2-2.11.1.jar --conf spark.sql.extensions=io.delta.sql.DeltaSparkSessionExtension --conf spark.sql.catalog.spark_catalog=org.apache.spark.sql.delta.catalog.DeltaCatalog  /opt/pipelines/bronze_runner.py']
[2026-07-22T07:00:05.538+0000] {subprocess.py:86} INFO - Output:
[2026-07-22T07:00:07.745+0000] {subprocess.py:93} INFO - 26/07/22 07:00:07 WARN NativeCodeLoader: Unable to load native-hadoop library for your platform... using builtin-java classes where applicable
[2026-07-22T07:00:08.398+0000] {subprocess.py:93} INFO - 26/07/22 07:00:08 INFO SparkContext: Running Spark version 3.5.1
[2026-07-22T07:00:08.400+0000] {subprocess.py:93} INFO - 26/07/22 07:00:08 INFO SparkContext: OS info Linux, 6.18.33.2-microsoft-standard-WSL2, amd64
[2026-07-22T07:00:08.400+0000] {subprocess.py:93} INFO - 26/07/22 07:00:08 INFO SparkContext: Java version 11.0.22
[2026-07-22T07:00:08.428+0000] {subprocess.py:93} INFO - 26/07/22 07:00:08 INFO ResourceUtils: ==============================================================
[2026-07-22T07:00:08.429+0000] {subprocess.py:93} INFO - 26/07/22 07:00:08 INFO ResourceUtils: No custom resources configured for spark.driver.
[2026-07-22T07:00:08.431+0000] {subprocess.py:93} INFO - 26/07/22 07:00:08 INFO ResourceUtils: ==============================================================
[2026-07-22T07:00:08.432+0000] {subprocess.py:93} INFO - 26/07/22 07:00:08 INFO SparkContext: Submitted application: SDP-Bronze
[2026-07-22T07:00:08.453+0000] {subprocess.py:93} INFO - 26/07/22 07:00:08 INFO ResourceProfile: Default ResourceProfile created, executor resources: Map(cores -> name: cores, amount: 1, script: , vendor: , memory -> name: memory, amount: 512, script: , vendor: , offHeap -> name: offHeap, amount: 0, script: , vendor: ), task resources: Map(cpus -> name: cpus, amount: 1.0)
[2026-07-22T07:00:08.467+0000] {subprocess.py:93} INFO - 26/07/22 07:00:08 INFO ResourceProfile: Limiting resource is cpus at 1 tasks per executor
[2026-07-22T07:00:08.469+0000] {subprocess.py:93} INFO - 26/07/22 07:00:08 INFO ResourceProfileManager: Added ResourceProfile id: 0
[2026-07-22T07:00:08.530+0000] {subprocess.py:93} INFO - 26/07/22 07:00:08 INFO SecurityManager: Changing view acls to: spark
[2026-07-22T07:00:08.532+0000] {subprocess.py:93} INFO - 26/07/22 07:00:08 INFO SecurityManager: Changing modify acls to: spark
[2026-07-22T07:00:08.533+0000] {subprocess.py:93} INFO - 26/07/22 07:00:08 INFO SecurityManager: Changing view acls groups to:
[2026-07-22T07:00:08.534+0000] {subprocess.py:93} INFO - 26/07/22 07:00:08 INFO SecurityManager: Changing modify acls groups to:
[2026-07-22T07:00:08.535+0000] {subprocess.py:93} INFO - 26/07/22 07:00:08 INFO SecurityManager: SecurityManager: authentication disabled; ui acls disabled; users with view permissions: spark; groups with view permissions: EMPTY; users with modify permissions: spark; groups with modify permissions: EMPTY
[2026-07-22T07:00:08.740+0000] {subprocess.py:93} INFO - 26/07/22 07:00:08 INFO Utils: Successfully started service 'sparkDriver' on port 45265.
[2026-07-22T07:00:08.766+0000] {subprocess.py:93} INFO - 26/07/22 07:00:08 INFO SparkEnv: Registering MapOutputTracker
[2026-07-22T07:00:08.797+0000] {subprocess.py:93} INFO - 26/07/22 07:00:08 INFO SparkEnv: Registering BlockManagerMaster
[2026-07-22T07:00:08.813+0000] {subprocess.py:93} INFO - 26/07/22 07:00:08 INFO BlockManagerMasterEndpoint: Using org.apache.spark.storage.DefaultTopologyMapper for getting topology information
[2026-07-22T07:00:08.815+0000] {subprocess.py:93} INFO - 26/07/22 07:00:08 INFO BlockManagerMasterEndpoint: BlockManagerMasterEndpoint up
[2026-07-22T07:00:08.819+0000] {subprocess.py:93} INFO - 26/07/22 07:00:08 INFO SparkEnv: Registering BlockManagerMasterHeartbeat
[2026-07-22T07:00:08.840+0000] {subprocess.py:93} INFO - 26/07/22 07:00:08 INFO DiskBlockManager: Created local directory at /tmp/blockmgr-7d4c157d-49aa-4769-8762-5c25ceecb600
[2026-07-22T07:00:08.855+0000] {subprocess.py:93} INFO - 26/07/22 07:00:08 INFO MemoryStore: MemoryStore started with capacity 434.4 MiB
[2026-07-22T07:00:08.876+0000] {subprocess.py:93} INFO - 26/07/22 07:00:08 INFO SparkEnv: Registering OutputCommitCoordinator
[2026-07-22T07:00:09.014+0000] {subprocess.py:93} INFO - 26/07/22 07:00:09 INFO JettyUtils: Start Jetty 0.0.0.0:4040 for SparkUI
[2026-07-22T07:00:09.074+0000] {subprocess.py:93} INFO - 26/07/22 07:00:09 INFO Utils: Successfully started service 'SparkUI' on port 4040.
[2026-07-22T07:00:09.108+0000] {subprocess.py:93} INFO - 26/07/22 07:00:09 INFO SparkContext: Added JAR file:///opt/jars/delta-spark_2.12-3.2.0.jar at spark://312f8e4713e5:45265/jars/delta-spark_2.12-3.2.0.jar with timestamp 1784703608389
[2026-07-22T07:00:09.109+0000] {subprocess.py:93} INFO - 26/07/22 07:00:09 INFO SparkContext: Added JAR file:///opt/jars/delta-storage-3.2.0.jar at spark://312f8e4713e5:45265/jars/delta-storage-3.2.0.jar with timestamp 1784703608389
[2026-07-22T07:00:09.110+0000] {subprocess.py:93} INFO - 26/07/22 07:00:09 INFO SparkContext: Added JAR file:///opt/jars/spark-sql-kafka-0-10_2.12-3.5.1.jar at spark://312f8e4713e5:45265/jars/spark-sql-kafka-0-10_2.12-3.5.1.jar with timestamp 1784703608389
[2026-07-22T07:00:09.111+0000] {subprocess.py:93} INFO - 26/07/22 07:00:09 INFO SparkContext: Added JAR file:///opt/jars/kafka-clients-3.4.1.jar at spark://312f8e4713e5:45265/jars/kafka-clients-3.4.1.jar with timestamp 1784703608389
[2026-07-22T07:00:09.112+0000] {subprocess.py:93} INFO - 26/07/22 07:00:09 INFO SparkContext: Added JAR file:///opt/jars/spark-token-provider-kafka-0-10_2.12-3.5.1.jar at spark://312f8e4713e5:45265/jars/spark-token-provider-kafka-0-10_2.12-3.5.1.jar with timestamp 1784703608389
[2026-07-22T07:00:09.113+0000] {subprocess.py:93} INFO - 26/07/22 07:00:09 INFO SparkContext: Added JAR file:///opt/jars/commons-pool2-2.11.1.jar at spark://312f8e4713e5:45265/jars/commons-pool2-2.11.1.jar with timestamp 1784703608389
[2026-07-22T07:00:09.184+0000] {subprocess.py:93} INFO - 26/07/22 07:00:09 INFO StandaloneAppClient$ClientEndpoint: Connecting to master spark://sdp-spark-master:7077...
[2026-07-22T07:00:09.224+0000] {subprocess.py:93} INFO - 26/07/22 07:00:09 INFO TransportClientFactory: Successfully created connection to sdp-spark-master/172.18.0.4:7077 after 21 ms (0 ms spent in bootstraps)
[2026-07-22T07:00:09.303+0000] {subprocess.py:93} INFO - 26/07/22 07:00:09 INFO StandaloneSchedulerBackend: Connected to Spark cluster with app ID app-20260722070009-0163
[2026-07-22T07:00:09.305+0000] {subprocess.py:93} INFO - 26/07/22 07:00:09 INFO StandaloneAppClient$ClientEndpoint: Executor added: app-20260722070009-0163/0 on worker-20260716063602-172.18.0.5-44367 (172.18.0.5:44367) with 1 core(s)
[2026-07-22T07:00:09.310+0000] {subprocess.py:93} INFO - 26/07/22 07:00:09 INFO StandaloneSchedulerBackend: Granted executor ID app-20260722070009-0163/0 on hostPort 172.18.0.5:44367 with 1 core(s), 512.0 MiB RAM
[2026-07-22T07:00:09.311+0000] {subprocess.py:93} INFO - 26/07/22 07:00:09 INFO StandaloneAppClient$ClientEndpoint: Executor added: app-20260722070009-0163/1 on worker-20260716063602-172.18.0.5-44367 (172.18.0.5:44367) with 1 core(s)
[2026-07-22T07:00:09.313+0000] {subprocess.py:93} INFO - 26/07/22 07:00:09 INFO StandaloneSchedulerBackend: Granted executor ID app-20260722070009-0163/1 on hostPort 172.18.0.5:44367 with 1 core(s), 512.0 MiB RAM
[2026-07-22T07:00:09.314+0000] {subprocess.py:93} INFO - 26/07/22 07:00:09 INFO StandaloneAppClient$ClientEndpoint: Executor added: app-20260722070009-0163/2 on worker-20260716063602-172.18.0.6-33249 (172.18.0.6:33249) with 1 core(s)
[2026-07-22T07:00:09.316+0000] {subprocess.py:93} INFO - 26/07/22 07:00:09 INFO StandaloneSchedulerBackend: Granted executor ID app-20260722070009-0163/2 on hostPort 172.18.0.6:33249 with 1 core(s), 512.0 MiB RAM
[2026-07-22T07:00:09.319+0000] {subprocess.py:93} INFO - 26/07/22 07:00:09 INFO Utils: Successfully started service 'org.apache.spark.network.netty.NettyBlockTransferService' on port 32823.
[2026-07-22T07:00:09.320+0000] {subprocess.py:93} INFO - 26/07/22 07:00:09 INFO NettyBlockTransferService: Server created on 312f8e4713e5:32823
[2026-07-22T07:00:09.321+0000] {subprocess.py:93} INFO - 26/07/22 07:00:09 INFO BlockManager: Using org.apache.spark.storage.RandomBlockReplicationPolicy for block replication policy
[2026-07-22T07:00:09.328+0000] {subprocess.py:93} INFO - 26/07/22 07:00:09 INFO BlockManagerMaster: Registering BlockManager BlockManagerId(driver, 312f8e4713e5, 32823, None)
[2026-07-22T07:00:09.333+0000] {subprocess.py:93} INFO - 26/07/22 07:00:09 INFO BlockManagerMasterEndpoint: Registering block manager 312f8e4713e5:32823 with 434.4 MiB RAM, BlockManagerId(driver, 312f8e4713e5, 32823, None)
[2026-07-22T07:00:09.337+0000] {subprocess.py:93} INFO - 26/07/22 07:00:09 INFO BlockManagerMaster: Registered BlockManager BlockManagerId(driver, 312f8e4713e5, 32823, None)
[2026-07-22T07:00:09.338+0000] {subprocess.py:93} INFO - 26/07/22 07:00:09 INFO BlockManager: Initialized BlockManager: BlockManagerId(driver, 312f8e4713e5, 32823, None)
[2026-07-22T07:00:09.394+0000] {subprocess.py:93} INFO - 26/07/22 07:00:09 INFO StandaloneAppClient$ClientEndpoint: Executor updated: app-20260722070009-0163/1 is now RUNNING
[2026-07-22T07:00:09.402+0000] {subprocess.py:93} INFO - 26/07/22 07:00:09 INFO StandaloneAppClient$ClientEndpoint: Executor updated: app-20260722070009-0163/0 is now RUNNING
[2026-07-22T07:00:09.409+0000] {subprocess.py:93} INFO - 26/07/22 07:00:09 INFO StandaloneAppClient$ClientEndpoint: Executor updated: app-20260722070009-0163/2 is now RUNNING
[2026-07-22T07:00:09.727+0000] {subprocess.py:93} INFO - 26/07/22 07:00:09 INFO StandaloneSchedulerBackend: SchedulerBackend is ready for scheduling beginning after reached minRegisteredResourcesRatio: 0.0
[2026-07-22T07:00:10.091+0000] {subprocess.py:93} INFO - Starting stream: orders -> /opt/data/bronze/orders
[2026-07-22T07:00:22.325+0000] {subprocess.py:93} INFO - 26/07/22 07:00:22 WARN ResolveWriteToStream: spark.sql.adaptive.enabled is not supported in streaming DataFrames/Datasets and will be disabled.
[2026-07-22T07:00:22.499+0000] {subprocess.py:93} INFO - Starting stream: customers -> /opt/data/bronze/customers
[2026-07-22T07:00:24.131+0000] {subprocess.py:93} INFO - 26/07/22 07:00:24 WARN ResolveWriteToStream: spark.sql.adaptive.enabled is not supported in streaming DataFrames/Datasets and will be disabled.
[2026-07-22T07:00:24.185+0000] {subprocess.py:93} INFO - Starting stream: products -> /opt/data/bronze/products
[2026-07-22T07:00:25.102+0000] {subprocess.py:93} INFO - 26/07/22 07:00:25 WARN AdminClientConfig: These configurations '[key.deserializer, value.deserializer, enable.auto.commit, max.poll.records, auto.offset.reset]' were supplied but are not used yet.
[2026-07-22T07:00:25.982+0000] {subprocess.py:93} INFO - 26/07/22 07:00:25 WARN ResolveWriteToStream: spark.sql.adaptive.enabled is not supported in streaming DataFrames/Datasets and will be disabled.
[2026-07-22T07:00:26.646+0000] {subprocess.py:93} INFO - 26/07/22 07:00:26 WARN AdminClientConfig: These configurations '[key.deserializer, value.deserializer, enable.auto.commit, max.poll.records, auto.offset.reset]' were supplied but are not used yet.
[2026-07-22T07:00:28.304+0000] {subprocess.py:93} INFO - 26/07/22 07:00:28 WARN AdminClientConfig: These configurations '[key.deserializer, value.deserializer, enable.auto.commit, max.poll.records, auto.offset.reset]' were supplied but are not used yet.
[2026-07-22T07:00:28.593+0000] {subprocess.py:93} INFO - 26/07/22 07:00:28 WARN SparkStringUtils: Truncated the string representation of a plan since it was too large. This behavior can be adjusted by setting 'spark.sql.debug.maxToStringFields'.
[2026-07-22T07:01:59.437+0000] {subprocess.py:97} INFO - Command exited with return code 0
[2026-07-22T07:01:59.440+0000] {taskinstance.py:441} INFO - ::group::Post task execution logs
[2026-07-22T07:01:59.475+0000] {taskinstance.py:1205} INFO - Marking task as SUCCESS. dag_id=e-commerce_kafka_streaming_pipeline_v1, task_id=run_bronze, execution_date=20260722T060000, start_date=20260722T070005, end_date=20260722T070159
[2026-07-22T07:01:59.510+0000] {local_task_job_runner.py:240} INFO - Task exited with return code 0
[2026-07-22T07:01:59.535+0000] {taskinstance.py:3482} INFO - 1 downstream tasks scheduled from follow-on schedule check
[2026-07-22T07:01:59.539+0000] {local_task_job_runner.py:222} INFO - ::endgroup::
