[2026-06-08T13:35:53.746+0000] {local_task_job_runner.py:120} INFO - ::group::Pre task execution logs
[2026-06-08T13:35:53.859+0000] {taskinstance.py:2073} INFO - Dependencies all met for dep_context=non-requeueable deps ti=<TaskInstance: e-commerce_kafka_streaming_pipeline_v10.run_bronze manual__2026-06-08T13:35:42.456417+00:00 [queued]>
[2026-06-08T13:35:53.889+0000] {taskinstance.py:2073} INFO - Dependencies all met for dep_context=requeueable deps ti=<TaskInstance: e-commerce_kafka_streaming_pipeline_v10.run_bronze manual__2026-06-08T13:35:42.456417+00:00 [queued]>
[2026-06-08T13:35:53.890+0000] {taskinstance.py:2303} INFO - Starting attempt 1 of 2
[2026-06-08T13:35:53.951+0000] {taskinstance.py:2327} INFO - Executing <Task(BashOperator): run_bronze> on 2026-06-08 13:35:42.456417+00:00
[2026-06-08T13:35:53.972+0000] {standard_task_runner.py:90} INFO - Running: ['***', 'tasks', 'run', 'e-commerce_kafka_streaming_pipeline_v10', 'run_bronze', 'manual__2026-06-08T13:35:42.456417+00:00', '--job-id', '49', '--raw', '--subdir', 'DAGS_FOLDER/sdp_pipeline_dag.py', '--cfg-path', '/tmp/tmp60zho0fg']
[2026-06-08T13:35:53.981+0000] {standard_task_runner.py:91} INFO - Job 49: Subtask run_bronze
[2026-06-08T13:35:53.989+0000] {logging_mixin.py:188} WARNING - /home/***/.local/lib/python3.12/site-packages/***/task/task_runner/standard_task_runner.py:61 DeprecationWarning: This process (pid=435) is multi-threaded, use of fork() may lead to deadlocks in the child.
[2026-06-08T13:35:53.995+0000] {standard_task_runner.py:63} INFO - Started process 436 to run task
[2026-06-08T13:35:54.154+0000] {task_command.py:426} INFO - Running <TaskInstance: e-commerce_kafka_streaming_pipeline_v10.run_bronze manual__2026-06-08T13:35:42.456417+00:00 [running]> on host 19d9c0c71dcc
[2026-06-08T13:35:54.595+0000] {taskinstance.py:2644} INFO - Exporting env vars: AIRFLOW_CTX_DAG_OWNER='dev' AIRFLOW_CTX_DAG_ID='e-commerce_kafka_streaming_pipeline_v10' AIRFLOW_CTX_TASK_ID='run_bronze' AIRFLOW_CTX_EXECUTION_DATE='2026-06-08T13:35:42.456417+00:00' AIRFLOW_CTX_TRY_NUMBER='1' AIRFLOW_CTX_DAG_RUN_ID='manual__2026-06-08T13:35:42.456417+00:00'
[2026-06-08T13:35:54.598+0000] {taskinstance.py:430} INFO - ::endgroup::
[2026-06-08T13:35:54.645+0000] {subprocess.py:63} INFO - Tmp dir root location: /tmp
[2026-06-08T13:35:54.648+0000] {subprocess.py:75} INFO - Running command: ['/usr/bin/bash', '-c', 'timeout 90s docker run --rm --network streaming_kafka_project_sdp-net --volume /d/Streaming_kafka_project/pipelines:/opt/pipelines --volume /d/Streaming_kafka_project/data:/opt/data --volume /d/Streaming_kafka_project/checkpoints:/opt/checkpoints --volume /d/Streaming_kafka_project/jars:/opt/jars apache/spark:3.5.1 /opt/spark/bin/spark-submit --master spark://sdp-spark-master:7077 --executor-cores 1 --executor-memory 512m --total-executor-cores 3 --jars /opt/jars/delta-spark_2.12-3.2.0.jar,/opt/jars/delta-storage-3.2.0.jar,/opt/jars/spark-sql-kafka-0-10_2.12-3.5.1.jar,/opt/jars/kafka-clients-3.4.1.jar,/opt/jars/spark-token-provider-kafka-0-10_2.12-3.5.1.jar,/opt/jars/commons-pool2-2.11.1.jar --conf spark.sql.extensions=io.delta.sql.DeltaSparkSessionExtension --conf spark.sql.catalog.spark_catalog=org.apache.spark.sql.delta.catalog.DeltaCatalog  /opt/pipelines/bronze_runner.py']
[2026-06-08T13:35:54.677+0000] {subprocess.py:86} INFO - Output:
[2026-06-08T13:36:05.631+0000] {subprocess.py:93} INFO - 26/06/08 13:36:05 WARN NativeCodeLoader: Unable to load native-hadoop library for your platform... using builtin-java classes where applicable
[2026-06-08T13:36:08.649+0000] {subprocess.py:93} INFO - 26/06/08 13:36:08 INFO SparkContext: Running Spark version 3.5.1
[2026-06-08T13:36:08.652+0000] {subprocess.py:93} INFO - 26/06/08 13:36:08 INFO SparkContext: OS info Linux, 6.6.114.1-microsoft-standard-WSL2, amd64
[2026-06-08T13:36:08.653+0000] {subprocess.py:93} INFO - 26/06/08 13:36:08 INFO SparkContext: Java version 11.0.22
[2026-06-08T13:36:08.776+0000] {subprocess.py:93} INFO - 26/06/08 13:36:08 INFO ResourceUtils: ==============================================================
[2026-06-08T13:36:08.780+0000] {subprocess.py:93} INFO - 26/06/08 13:36:08 INFO ResourceUtils: No custom resources configured for spark.driver.
[2026-06-08T13:36:08.783+0000] {subprocess.py:93} INFO - 26/06/08 13:36:08 INFO ResourceUtils: ==============================================================
[2026-06-08T13:36:08.784+0000] {subprocess.py:93} INFO - 26/06/08 13:36:08 INFO SparkContext: Submitted application: SDP-Bronze
[2026-06-08T13:36:08.837+0000] {subprocess.py:93} INFO - 26/06/08 13:36:08 INFO ResourceProfile: Default ResourceProfile created, executor resources: Map(cores -> name: cores, amount: 1, script: , vendor: , memory -> name: memory, amount: 512, script: , vendor: , offHeap -> name: offHeap, amount: 0, script: , vendor: ), task resources: Map(cpus -> name: cpus, amount: 1.0)
[2026-06-08T13:36:08.866+0000] {subprocess.py:93} INFO - 26/06/08 13:36:08 INFO ResourceProfile: Limiting resource is cpus at 1 tasks per executor
[2026-06-08T13:36:08.875+0000] {subprocess.py:93} INFO - 26/06/08 13:36:08 INFO ResourceProfileManager: Added ResourceProfile id: 0
[2026-06-08T13:36:08.999+0000] {subprocess.py:93} INFO - 26/06/08 13:36:08 INFO SecurityManager: Changing view acls to: spark
[2026-06-08T13:36:09.000+0000] {subprocess.py:93} INFO - 26/06/08 13:36:08 INFO SecurityManager: Changing modify acls to: spark
[2026-06-08T13:36:09.004+0000] {subprocess.py:93} INFO - 26/06/08 13:36:08 INFO SecurityManager: Changing view acls groups to:
[2026-06-08T13:36:09.005+0000] {subprocess.py:93} INFO - 26/06/08 13:36:09 INFO SecurityManager: Changing modify acls groups to:
[2026-06-08T13:36:09.007+0000] {subprocess.py:93} INFO - 26/06/08 13:36:09 INFO SecurityManager: SecurityManager: authentication disabled; ui acls disabled; users with view permissions: spark; groups with view permissions: EMPTY; users with modify permissions: spark; groups with modify permissions: EMPTY
[2026-06-08T13:36:09.555+0000] {subprocess.py:93} INFO - 26/06/08 13:36:09 INFO Utils: Successfully started service 'sparkDriver' on port 42519.
[2026-06-08T13:36:09.689+0000] {subprocess.py:93} INFO - 26/06/08 13:36:09 INFO SparkEnv: Registering MapOutputTracker
[2026-06-08T13:36:09.766+0000] {subprocess.py:93} INFO - 26/06/08 13:36:09 INFO SparkEnv: Registering BlockManagerMaster
[2026-06-08T13:36:09.820+0000] {subprocess.py:93} INFO - 26/06/08 13:36:09 INFO BlockManagerMasterEndpoint: Using org.apache.spark.storage.DefaultTopologyMapper for getting topology information
[2026-06-08T13:36:09.822+0000] {subprocess.py:93} INFO - 26/06/08 13:36:09 INFO BlockManagerMasterEndpoint: BlockManagerMasterEndpoint up
[2026-06-08T13:36:09.833+0000] {subprocess.py:93} INFO - 26/06/08 13:36:09 INFO SparkEnv: Registering BlockManagerMasterHeartbeat
[2026-06-08T13:36:09.886+0000] {subprocess.py:93} INFO - 26/06/08 13:36:09 INFO DiskBlockManager: Created local directory at /tmp/blockmgr-1ab5786d-c50f-4866-8f4e-a956b52e2a27
[2026-06-08T13:36:09.924+0000] {subprocess.py:93} INFO - 26/06/08 13:36:09 INFO MemoryStore: MemoryStore started with capacity 434.4 MiB
[2026-06-08T13:36:09.965+0000] {subprocess.py:93} INFO - 26/06/08 13:36:09 INFO SparkEnv: Registering OutputCommitCoordinator
[2026-06-08T13:36:10.307+0000] {subprocess.py:93} INFO - 26/06/08 13:36:10 INFO JettyUtils: Start Jetty 0.0.0.0:4040 for SparkUI
[2026-06-08T13:36:10.442+0000] {subprocess.py:93} INFO - 26/06/08 13:36:10 INFO Utils: Successfully started service 'SparkUI' on port 4040.
[2026-06-08T13:36:10.528+0000] {subprocess.py:93} INFO - 26/06/08 13:36:10 INFO SparkContext: Added JAR file:///opt/jars/delta-spark_2.12-3.2.0.jar at spark://d839b98512a0:42519/jars/delta-spark_2.12-3.2.0.jar with timestamp 1780925768620
[2026-06-08T13:36:10.531+0000] {subprocess.py:93} INFO - 26/06/08 13:36:10 INFO SparkContext: Added JAR file:///opt/jars/delta-storage-3.2.0.jar at spark://d839b98512a0:42519/jars/delta-storage-3.2.0.jar with timestamp 1780925768620
[2026-06-08T13:36:10.533+0000] {subprocess.py:93} INFO - 26/06/08 13:36:10 INFO SparkContext: Added JAR file:///opt/jars/spark-sql-kafka-0-10_2.12-3.5.1.jar at spark://d839b98512a0:42519/jars/spark-sql-kafka-0-10_2.12-3.5.1.jar with timestamp 1780925768620
[2026-06-08T13:36:10.536+0000] {subprocess.py:93} INFO - 26/06/08 13:36:10 INFO SparkContext: Added JAR file:///opt/jars/kafka-clients-3.4.1.jar at spark://d839b98512a0:42519/jars/kafka-clients-3.4.1.jar with timestamp 1780925768620
[2026-06-08T13:36:10.538+0000] {subprocess.py:93} INFO - 26/06/08 13:36:10 INFO SparkContext: Added JAR file:///opt/jars/spark-token-provider-kafka-0-10_2.12-3.5.1.jar at spark://d839b98512a0:42519/jars/spark-token-provider-kafka-0-10_2.12-3.5.1.jar with timestamp 1780925768620
[2026-06-08T13:36:10.540+0000] {subprocess.py:93} INFO - 26/06/08 13:36:10 INFO SparkContext: Added JAR file:///opt/jars/commons-pool2-2.11.1.jar at spark://d839b98512a0:42519/jars/commons-pool2-2.11.1.jar with timestamp 1780925768620
[2026-06-08T13:36:10.823+0000] {subprocess.py:93} INFO - 26/06/08 13:36:10 INFO StandaloneAppClient$ClientEndpoint: Connecting to master spark://sdp-spark-master:7077...
[2026-06-08T13:36:10.997+0000] {subprocess.py:93} INFO - 26/06/08 13:36:10 INFO TransportClientFactory: Successfully created connection to sdp-spark-master/172.18.0.4:7077 after 116 ms (0 ms spent in bootstraps)
[2026-06-08T13:36:11.330+0000] {subprocess.py:93} INFO - 26/06/08 13:36:11 INFO StandaloneSchedulerBackend: Connected to Spark cluster with app ID app-20260608133611-0006
[2026-06-08T13:36:11.343+0000] {subprocess.py:93} INFO - 26/06/08 13:36:11 INFO StandaloneAppClient$ClientEndpoint: Executor added: app-20260608133611-0006/0 on worker-20260608131402-172.18.0.5-38399 (172.18.0.5:38399) with 1 core(s)
[2026-06-08T13:36:11.372+0000] {subprocess.py:93} INFO - 26/06/08 13:36:11 INFO StandaloneSchedulerBackend: Granted executor ID app-20260608133611-0006/0 on hostPort 172.18.0.5:38399 with 1 core(s), 512.0 MiB RAM
[2026-06-08T13:36:11.373+0000] {subprocess.py:93} INFO - 26/06/08 13:36:11 INFO StandaloneAppClient$ClientEndpoint: Executor added: app-20260608133611-0006/1 on worker-20260608131402-172.18.0.5-38399 (172.18.0.5:38399) with 1 core(s)
[2026-06-08T13:36:11.376+0000] {subprocess.py:93} INFO - 26/06/08 13:36:11 INFO StandaloneSchedulerBackend: Granted executor ID app-20260608133611-0006/1 on hostPort 172.18.0.5:38399 with 1 core(s), 512.0 MiB RAM
[2026-06-08T13:36:11.384+0000] {subprocess.py:93} INFO - 26/06/08 13:36:11 INFO StandaloneAppClient$ClientEndpoint: Executor added: app-20260608133611-0006/2 on worker-20260608131402-172.18.0.6-44005 (172.18.0.6:44005) with 1 core(s)
[2026-06-08T13:36:11.388+0000] {subprocess.py:93} INFO - 26/06/08 13:36:11 INFO StandaloneSchedulerBackend: Granted executor ID app-20260608133611-0006/2 on hostPort 172.18.0.6:44005 with 1 core(s), 512.0 MiB RAM
[2026-06-08T13:36:11.407+0000] {subprocess.py:93} INFO - 26/06/08 13:36:11 INFO Utils: Successfully started service 'org.apache.spark.network.netty.NettyBlockTransferService' on port 34987.
[2026-06-08T13:36:11.412+0000] {subprocess.py:93} INFO - 26/06/08 13:36:11 INFO NettyBlockTransferService: Server created on d839b98512a0:34987
[2026-06-08T13:36:11.414+0000] {subprocess.py:93} INFO - 26/06/08 13:36:11 INFO BlockManager: Using org.apache.spark.storage.RandomBlockReplicationPolicy for block replication policy
[2026-06-08T13:36:11.471+0000] {subprocess.py:93} INFO - 26/06/08 13:36:11 INFO BlockManagerMaster: Registering BlockManager BlockManagerId(driver, d839b98512a0, 34987, None)
[2026-06-08T13:36:11.495+0000] {subprocess.py:93} INFO - 26/06/08 13:36:11 INFO BlockManagerMasterEndpoint: Registering block manager d839b98512a0:34987 with 434.4 MiB RAM, BlockManagerId(driver, d839b98512a0, 34987, None)
[2026-06-08T13:36:11.526+0000] {subprocess.py:93} INFO - 26/06/08 13:36:11 INFO StandaloneAppClient$ClientEndpoint: Executor updated: app-20260608133611-0006/2 is now RUNNING
[2026-06-08T13:36:11.543+0000] {subprocess.py:93} INFO - 26/06/08 13:36:11 INFO StandaloneAppClient$ClientEndpoint: Executor updated: app-20260608133611-0006/0 is now RUNNING
[2026-06-08T13:36:11.548+0000] {subprocess.py:93} INFO - 26/06/08 13:36:11 INFO BlockManagerMaster: Registered BlockManager BlockManagerId(driver, d839b98512a0, 34987, None)
[2026-06-08T13:36:11.557+0000] {subprocess.py:93} INFO - 26/06/08 13:36:11 INFO StandaloneAppClient$ClientEndpoint: Executor updated: app-20260608133611-0006/1 is now RUNNING
[2026-06-08T13:36:11.563+0000] {subprocess.py:93} INFO - 26/06/08 13:36:11 INFO BlockManager: Initialized BlockManager: BlockManagerId(driver, d839b98512a0, 34987, None)
[2026-06-08T13:36:13.880+0000] {subprocess.py:93} INFO - 26/06/08 13:36:13 INFO StandaloneSchedulerBackend: SchedulerBackend is ready for scheduling beginning after reached minRegisteredResourcesRatio: 0.0
[2026-06-08T13:36:16.999+0000] {subprocess.py:93} INFO - Starting stream: orders -> /opt/data/bronze/orders
[2026-06-08T13:37:02.850+0000] {subprocess.py:93} INFO - 26/06/08 13:37:02 WARN ResolveWriteToStream: spark.sql.adaptive.enabled is not supported in streaming DataFrames/Datasets and will be disabled.
[2026-06-08T13:37:03.112+0000] {subprocess.py:93} INFO - Starting stream: customers -> /opt/data/bronze/customers
[2026-06-08T13:37:08.990+0000] {subprocess.py:93} INFO - 26/06/08 13:37:08 WARN SparkStringUtils: Truncated the string representation of a plan since it was too large. This behavior can be adjusted by setting 'spark.sql.debug.maxToStringFields'.
[2026-06-08T13:37:10.169+0000] {subprocess.py:93} INFO - 26/06/08 13:37:10 WARN ResolveWriteToStream: spark.sql.adaptive.enabled is not supported in streaming DataFrames/Datasets and will be disabled.
[2026-06-08T13:37:10.295+0000] {subprocess.py:93} INFO - Starting stream: products -> /opt/data/bronze/products
[2026-06-08T13:37:20.143+0000] {subprocess.py:93} INFO - 26/06/08 13:37:20 WARN ResolveWriteToStream: spark.sql.adaptive.enabled is not supported in streaming DataFrames/Datasets and will be disabled.
[2026-06-08T13:37:26.437+0000] {subprocess.py:97} INFO - Command exited with return code 124
[2026-06-08T13:37:26.440+0000] {taskinstance.py:441} INFO - ::group::Post task execution logs
[2026-06-08T13:37:26.487+0000] {taskinstance.py:2890} ERROR - Task failed with exception
Traceback (most recent call last):
  File "/home/airflow/.local/lib/python3.12/site-packages/airflow/models/taskinstance.py", line 465, in _execute_task
    result = _execute_callable(context=context, **execute_callable_kwargs)
             ^^^^^^^^^^^^^^^^^^^^^^^^^^^^^^^^^^^^^^^^^^^^^^^^^^^^^^^^^^^^^
  File "/home/airflow/.local/lib/python3.12/site-packages/airflow/models/taskinstance.py", line 432, in _execute_callable
    return execute_callable(context=context, **execute_callable_kwargs)
           ^^^^^^^^^^^^^^^^^^^^^^^^^^^^^^^^^^^^^^^^^^^^^^^^^^^^^^^^^^^^
  File "/home/airflow/.local/lib/python3.12/site-packages/airflow/models/baseoperator.py", line 400, in wrapper
    return func(self, *args, **kwargs)
           ^^^^^^^^^^^^^^^^^^^^^^^^^^^
  File "/home/airflow/.local/lib/python3.12/site-packages/airflow/operators/bash.py", line 243, in execute
    raise AirflowException(
airflow.exceptions.AirflowException: Bash command failed. The command returned a non-zero exit code 124.
[2026-06-08T13:37:26.503+0000] {taskinstance.py:1205} INFO - Marking task as UP_FOR_RETRY. dag_id=e-commerce_kafka_streaming_pipeline_v10, task_id=run_bronze, execution_date=20260608T133542, start_date=20260608T133553, end_date=20260608T133726
[2026-06-08T13:37:26.541+0000] {standard_task_runner.py:110} ERROR - Failed to execute job 49 for task run_bronze (Bash command failed. The command returned a non-zero exit code 124.; 436)
[2026-06-08T13:37:26.615+0000] {local_task_job_runner.py:240} INFO - Task exited with return code 1
[2026-06-08T13:37:26.715+0000] {taskinstance.py:3482} INFO - 0 downstream tasks scheduled from follow-on schedule check
[2026-06-08T13:37:26.722+0000] {local_task_job_runner.py:222} INFO - ::endgroup::
