[2026-06-08T13:39:28.021+0000] {local_task_job_runner.py:120} INFO - ::group::Pre task execution logs
[2026-06-08T13:39:28.151+0000] {taskinstance.py:2073} INFO - Dependencies all met for dep_context=non-requeueable deps ti=<TaskInstance: e-commerce_kafka_streaming_pipeline_v10.run_bronze manual__2026-06-08T13:35:42.456417+00:00 [queued]>
[2026-06-08T13:39:28.187+0000] {taskinstance.py:2073} INFO - Dependencies all met for dep_context=requeueable deps ti=<TaskInstance: e-commerce_kafka_streaming_pipeline_v10.run_bronze manual__2026-06-08T13:35:42.456417+00:00 [queued]>
[2026-06-08T13:39:28.188+0000] {taskinstance.py:2303} INFO - Starting attempt 2 of 2
[2026-06-08T13:39:28.264+0000] {taskinstance.py:2327} INFO - Executing <Task(BashOperator): run_bronze> on 2026-06-08 13:35:42.456417+00:00
[2026-06-08T13:39:28.288+0000] {standard_task_runner.py:90} INFO - Running: ['***', 'tasks', 'run', 'e-commerce_kafka_streaming_pipeline_v10', 'run_bronze', 'manual__2026-06-08T13:35:42.456417+00:00', '--job-id', '51', '--raw', '--subdir', 'DAGS_FOLDER/sdp_pipeline_dag.py', '--cfg-path', '/tmp/tmpp5xm4l7u']
[2026-06-08T13:39:28.302+0000] {logging_mixin.py:188} WARNING - /home/***/.local/lib/python3.12/site-packages/***/task/task_runner/standard_task_runner.py:61 DeprecationWarning: This process (pid=494) is multi-threaded, use of fork() may lead to deadlocks in the child.
[2026-06-08T13:39:28.313+0000] {standard_task_runner.py:63} INFO - Started process 495 to run task
[2026-06-08T13:39:28.304+0000] {standard_task_runner.py:91} INFO - Job 51: Subtask run_bronze
[2026-06-08T13:39:28.496+0000] {task_command.py:426} INFO - Running <TaskInstance: e-commerce_kafka_streaming_pipeline_v10.run_bronze manual__2026-06-08T13:35:42.456417+00:00 [running]> on host 19d9c0c71dcc
[2026-06-08T13:39:28.755+0000] {taskinstance.py:2644} INFO - Exporting env vars: AIRFLOW_CTX_DAG_OWNER='dev' AIRFLOW_CTX_DAG_ID='e-commerce_kafka_streaming_pipeline_v10' AIRFLOW_CTX_TASK_ID='run_bronze' AIRFLOW_CTX_EXECUTION_DATE='2026-06-08T13:35:42.456417+00:00' AIRFLOW_CTX_TRY_NUMBER='2' AIRFLOW_CTX_DAG_RUN_ID='manual__2026-06-08T13:35:42.456417+00:00'
[2026-06-08T13:39:28.760+0000] {taskinstance.py:430} INFO - ::endgroup::
[2026-06-08T13:39:28.803+0000] {subprocess.py:63} INFO - Tmp dir root location: /tmp
[2026-06-08T13:39:28.810+0000] {subprocess.py:75} INFO - Running command: ['/usr/bin/bash', '-c', 'timeout 90s docker run --rm --network streaming_kafka_project_sdp-net --volume /d/Streaming_kafka_project/pipelines:/opt/pipelines --volume /d/Streaming_kafka_project/data:/opt/data --volume /d/Streaming_kafka_project/checkpoints:/opt/checkpoints --volume /d/Streaming_kafka_project/jars:/opt/jars apache/spark:3.5.1 /opt/spark/bin/spark-submit --master spark://sdp-spark-master:7077 --executor-cores 1 --executor-memory 512m --total-executor-cores 3 --jars /opt/jars/delta-spark_2.12-3.2.0.jar,/opt/jars/delta-storage-3.2.0.jar,/opt/jars/spark-sql-kafka-0-10_2.12-3.5.1.jar,/opt/jars/kafka-clients-3.4.1.jar,/opt/jars/spark-token-provider-kafka-0-10_2.12-3.5.1.jar,/opt/jars/commons-pool2-2.11.1.jar --conf spark.sql.extensions=io.delta.sql.DeltaSparkSessionExtension --conf spark.sql.catalog.spark_catalog=org.apache.spark.sql.delta.catalog.DeltaCatalog  /opt/pipelines/bronze_runner.py']
[2026-06-08T13:39:28.838+0000] {subprocess.py:86} INFO - Output:
[2026-06-08T13:39:38.703+0000] {subprocess.py:93} INFO - 26/06/08 13:39:38 WARN NativeCodeLoader: Unable to load native-hadoop library for your platform... using builtin-java classes where applicable
[2026-06-08T13:39:41.159+0000] {subprocess.py:93} INFO - 26/06/08 13:39:41 INFO SparkContext: Running Spark version 3.5.1
[2026-06-08T13:39:41.165+0000] {subprocess.py:93} INFO - 26/06/08 13:39:41 INFO SparkContext: OS info Linux, 6.6.114.1-microsoft-standard-WSL2, amd64
[2026-06-08T13:39:41.168+0000] {subprocess.py:93} INFO - 26/06/08 13:39:41 INFO SparkContext: Java version 11.0.22
[2026-06-08T13:39:41.267+0000] {subprocess.py:93} INFO - 26/06/08 13:39:41 INFO ResourceUtils: ==============================================================
[2026-06-08T13:39:41.270+0000] {subprocess.py:93} INFO - 26/06/08 13:39:41 INFO ResourceUtils: No custom resources configured for spark.driver.
[2026-06-08T13:39:41.273+0000] {subprocess.py:93} INFO - 26/06/08 13:39:41 INFO ResourceUtils: ==============================================================
[2026-06-08T13:39:41.275+0000] {subprocess.py:93} INFO - 26/06/08 13:39:41 INFO SparkContext: Submitted application: SDP-Bronze
[2026-06-08T13:39:41.343+0000] {subprocess.py:93} INFO - 26/06/08 13:39:41 INFO ResourceProfile: Default ResourceProfile created, executor resources: Map(cores -> name: cores, amount: 1, script: , vendor: , memory -> name: memory, amount: 512, script: , vendor: , offHeap -> name: offHeap, amount: 0, script: , vendor: ), task resources: Map(cpus -> name: cpus, amount: 1.0)
[2026-06-08T13:39:41.411+0000] {subprocess.py:93} INFO - 26/06/08 13:39:41 INFO ResourceProfile: Limiting resource is cpus at 1 tasks per executor
[2026-06-08T13:39:41.421+0000] {subprocess.py:93} INFO - 26/06/08 13:39:41 INFO ResourceProfileManager: Added ResourceProfile id: 0
[2026-06-08T13:39:41.656+0000] {subprocess.py:93} INFO - 26/06/08 13:39:41 INFO SecurityManager: Changing view acls to: spark
[2026-06-08T13:39:41.661+0000] {subprocess.py:93} INFO - 26/06/08 13:39:41 INFO SecurityManager: Changing modify acls to: spark
[2026-06-08T13:39:41.670+0000] {subprocess.py:93} INFO - 26/06/08 13:39:41 INFO SecurityManager: Changing view acls groups to:
[2026-06-08T13:39:41.672+0000] {subprocess.py:93} INFO - 26/06/08 13:39:41 INFO SecurityManager: Changing modify acls groups to:
[2026-06-08T13:39:41.675+0000] {subprocess.py:93} INFO - 26/06/08 13:39:41 INFO SecurityManager: SecurityManager: authentication disabled; ui acls disabled; users with view permissions: spark; groups with view permissions: EMPTY; users with modify permissions: spark; groups with modify permissions: EMPTY
[2026-06-08T13:39:43.026+0000] {subprocess.py:93} INFO - 26/06/08 13:39:43 INFO Utils: Successfully started service 'sparkDriver' on port 33569.
[2026-06-08T13:39:43.202+0000] {subprocess.py:93} INFO - 26/06/08 13:39:43 INFO SparkEnv: Registering MapOutputTracker
[2026-06-08T13:39:43.350+0000] {subprocess.py:93} INFO - 26/06/08 13:39:43 INFO SparkEnv: Registering BlockManagerMaster
[2026-06-08T13:39:43.415+0000] {subprocess.py:93} INFO - 26/06/08 13:39:43 INFO BlockManagerMasterEndpoint: Using org.apache.spark.storage.DefaultTopologyMapper for getting topology information
[2026-06-08T13:39:43.417+0000] {subprocess.py:93} INFO - 26/06/08 13:39:43 INFO BlockManagerMasterEndpoint: BlockManagerMasterEndpoint up
[2026-06-08T13:39:43.438+0000] {subprocess.py:93} INFO - 26/06/08 13:39:43 INFO SparkEnv: Registering BlockManagerMasterHeartbeat
[2026-06-08T13:39:43.498+0000] {subprocess.py:93} INFO - 26/06/08 13:39:43 INFO DiskBlockManager: Created local directory at /tmp/blockmgr-c97766c0-5fff-4ca1-8b99-ad3bf54fd47e
[2026-06-08T13:39:43.549+0000] {subprocess.py:93} INFO - 26/06/08 13:39:43 INFO MemoryStore: MemoryStore started with capacity 434.4 MiB
[2026-06-08T13:39:43.631+0000] {subprocess.py:93} INFO - 26/06/08 13:39:43 INFO SparkEnv: Registering OutputCommitCoordinator
[2026-06-08T13:39:44.435+0000] {subprocess.py:93} INFO - 26/06/08 13:39:44 INFO JettyUtils: Start Jetty 0.0.0.0:4040 for SparkUI
[2026-06-08T13:39:44.703+0000] {subprocess.py:93} INFO - 26/06/08 13:39:44 INFO Utils: Successfully started service 'SparkUI' on port 4040.
[2026-06-08T13:39:44.819+0000] {subprocess.py:93} INFO - 26/06/08 13:39:44 INFO SparkContext: Added JAR file:///opt/jars/delta-spark_2.12-3.2.0.jar at spark://106c3b9b6b7f:33569/jars/delta-spark_2.12-3.2.0.jar with timestamp 1780925981115
[2026-06-08T13:39:44.827+0000] {subprocess.py:93} INFO - 26/06/08 13:39:44 INFO SparkContext: Added JAR file:///opt/jars/delta-storage-3.2.0.jar at spark://106c3b9b6b7f:33569/jars/delta-storage-3.2.0.jar with timestamp 1780925981115
[2026-06-08T13:39:44.835+0000] {subprocess.py:93} INFO - 26/06/08 13:39:44 INFO SparkContext: Added JAR file:///opt/jars/spark-sql-kafka-0-10_2.12-3.5.1.jar at spark://106c3b9b6b7f:33569/jars/spark-sql-kafka-0-10_2.12-3.5.1.jar with timestamp 1780925981115
[2026-06-08T13:39:44.843+0000] {subprocess.py:93} INFO - 26/06/08 13:39:44 INFO SparkContext: Added JAR file:///opt/jars/kafka-clients-3.4.1.jar at spark://106c3b9b6b7f:33569/jars/kafka-clients-3.4.1.jar with timestamp 1780925981115
[2026-06-08T13:39:44.845+0000] {subprocess.py:93} INFO - 26/06/08 13:39:44 INFO SparkContext: Added JAR file:///opt/jars/spark-token-provider-kafka-0-10_2.12-3.5.1.jar at spark://106c3b9b6b7f:33569/jars/spark-token-provider-kafka-0-10_2.12-3.5.1.jar with timestamp 1780925981115
[2026-06-08T13:39:44.848+0000] {subprocess.py:93} INFO - 26/06/08 13:39:44 INFO SparkContext: Added JAR file:///opt/jars/commons-pool2-2.11.1.jar at spark://106c3b9b6b7f:33569/jars/commons-pool2-2.11.1.jar with timestamp 1780925981115
[2026-06-08T13:39:45.380+0000] {subprocess.py:93} INFO - 26/06/08 13:39:45 INFO StandaloneAppClient$ClientEndpoint: Connecting to master spark://sdp-spark-master:7077...
[2026-06-08T13:39:45.685+0000] {subprocess.py:93} INFO - 26/06/08 13:39:45 INFO TransportClientFactory: Successfully created connection to sdp-spark-master/172.18.0.4:7077 after 192 ms (0 ms spent in bootstraps)
[2026-06-08T13:39:46.100+0000] {subprocess.py:93} INFO - 26/06/08 13:39:46 INFO StandaloneSchedulerBackend: Connected to Spark cluster with app ID app-20260608133946-0008
[2026-06-08T13:39:46.133+0000] {subprocess.py:93} INFO - 26/06/08 13:39:46 INFO StandaloneAppClient$ClientEndpoint: Executor added: app-20260608133946-0008/0 on worker-20260608131402-172.18.0.5-38399 (172.18.0.5:38399) with 1 core(s)
[2026-06-08T13:39:46.174+0000] {subprocess.py:93} INFO - 26/06/08 13:39:46 INFO StandaloneSchedulerBackend: Granted executor ID app-20260608133946-0008/0 on hostPort 172.18.0.5:38399 with 1 core(s), 512.0 MiB RAM
[2026-06-08T13:39:46.183+0000] {subprocess.py:93} INFO - 26/06/08 13:39:46 INFO StandaloneAppClient$ClientEndpoint: Executor added: app-20260608133946-0008/1 on worker-20260608131402-172.18.0.5-38399 (172.18.0.5:38399) with 1 core(s)
[2026-06-08T13:39:46.186+0000] {subprocess.py:93} INFO - 26/06/08 13:39:46 INFO StandaloneSchedulerBackend: Granted executor ID app-20260608133946-0008/1 on hostPort 172.18.0.5:38399 with 1 core(s), 512.0 MiB RAM
[2026-06-08T13:39:46.187+0000] {subprocess.py:93} INFO - 26/06/08 13:39:46 INFO StandaloneAppClient$ClientEndpoint: Executor added: app-20260608133946-0008/2 on worker-20260608131402-172.18.0.6-44005 (172.18.0.6:44005) with 1 core(s)
[2026-06-08T13:39:46.189+0000] {subprocess.py:93} INFO - 26/06/08 13:39:46 INFO StandaloneSchedulerBackend: Granted executor ID app-20260608133946-0008/2 on hostPort 172.18.0.6:44005 with 1 core(s), 512.0 MiB RAM
[2026-06-08T13:39:46.192+0000] {subprocess.py:93} INFO - 26/06/08 13:39:46 INFO Utils: Successfully started service 'org.apache.spark.network.netty.NettyBlockTransferService' on port 39807.
[2026-06-08T13:39:46.193+0000] {subprocess.py:93} INFO - 26/06/08 13:39:46 INFO NettyBlockTransferService: Server created on 106c3b9b6b7f:39807
[2026-06-08T13:39:46.200+0000] {subprocess.py:93} INFO - 26/06/08 13:39:46 INFO BlockManager: Using org.apache.spark.storage.RandomBlockReplicationPolicy for block replication policy
[2026-06-08T13:39:46.221+0000] {subprocess.py:93} INFO - 26/06/08 13:39:46 INFO BlockManagerMaster: Registering BlockManager BlockManagerId(driver, 106c3b9b6b7f, 39807, None)
[2026-06-08T13:39:46.240+0000] {subprocess.py:93} INFO - 26/06/08 13:39:46 INFO BlockManagerMasterEndpoint: Registering block manager 106c3b9b6b7f:39807 with 434.4 MiB RAM, BlockManagerId(driver, 106c3b9b6b7f, 39807, None)
[2026-06-08T13:39:46.241+0000] {subprocess.py:93} INFO - 26/06/08 13:39:46 INFO BlockManagerMaster: Registered BlockManager BlockManagerId(driver, 106c3b9b6b7f, 39807, None)
[2026-06-08T13:39:46.247+0000] {subprocess.py:93} INFO - 26/06/08 13:39:46 INFO BlockManager: Initialized BlockManager: BlockManagerId(driver, 106c3b9b6b7f, 39807, None)
[2026-06-08T13:39:46.462+0000] {subprocess.py:93} INFO - 26/06/08 13:39:46 INFO StandaloneAppClient$ClientEndpoint: Executor updated: app-20260608133946-0008/1 is now RUNNING
[2026-06-08T13:39:46.482+0000] {subprocess.py:93} INFO - 26/06/08 13:39:46 INFO StandaloneAppClient$ClientEndpoint: Executor updated: app-20260608133946-0008/0 is now RUNNING
[2026-06-08T13:39:46.591+0000] {subprocess.py:93} INFO - 26/06/08 13:39:46 INFO StandaloneAppClient$ClientEndpoint: Executor updated: app-20260608133946-0008/2 is now RUNNING
[2026-06-08T13:39:48.153+0000] {subprocess.py:93} INFO - 26/06/08 13:39:48 INFO StandaloneSchedulerBackend: SchedulerBackend is ready for scheduling beginning after reached minRegisteredResourcesRatio: 0.0
[2026-06-08T13:39:49.626+0000] {subprocess.py:93} INFO - Starting stream: orders -> /opt/data/bronze/orders
[2026-06-08T13:40:34.400+0000] {subprocess.py:93} INFO - 26/06/08 13:40:34 WARN ResolveWriteToStream: spark.sql.adaptive.enabled is not supported in streaming DataFrames/Datasets and will be disabled.
[2026-06-08T13:40:34.721+0000] {subprocess.py:93} INFO - Starting stream: customers -> /opt/data/bronze/customers
[2026-06-08T13:40:40.369+0000] {subprocess.py:93} INFO - 26/06/08 13:40:40 WARN SparkStringUtils: Truncated the string representation of a plan since it was too large. This behavior can be adjusted by setting 'spark.sql.debug.maxToStringFields'.
[2026-06-08T13:40:41.030+0000] {subprocess.py:93} INFO - 26/06/08 13:40:41 WARN ResolveWriteToStream: spark.sql.adaptive.enabled is not supported in streaming DataFrames/Datasets and will be disabled.
[2026-06-08T13:40:41.130+0000] {subprocess.py:93} INFO - Starting stream: products -> /opt/data/bronze/products
[2026-06-08T13:40:49.532+0000] {subprocess.py:93} INFO - 26/06/08 13:40:49 WARN ResolveWriteToStream: spark.sql.adaptive.enabled is not supported in streaming DataFrames/Datasets and will be disabled.
[2026-06-08T13:41:00.431+0000] {subprocess.py:97} INFO - Command exited with return code 124
[2026-06-08T13:41:00.436+0000] {taskinstance.py:441} INFO - ::group::Post task execution logs
[2026-06-08T13:41:00.492+0000] {taskinstance.py:2890} ERROR - Task failed with exception
Traceback (most recent call last):
  File "/home/airflow/.local/lib/python3.12/site-packages/airflow/models/taskinstance.py", line 465, in _execute_task
    result = _execute_callable(context=context, **execute_callable_kwargs)
             ^^^^^^^^^^^^^^^^^^^^^^^^^^^^^^^^^^^^^^^^^^^^^^^^^^^^^^^^^^^^^
  File "/home/airflow/.local/lib/python3.12/site-packages/airflow/models/taskinstance.py", line 432, in _execute_callable
    return execute_callable(context=context, **execute_callable_kwargs)
           ^^^^^^^^^^^^^^^^^^^^^^^^^^^^^^^^^^^^^^^^^^^^^^^^^^^^^^^^^^^^
  File "/home/airflow/.local/lib/python3.12/site-packages/airflow/models/baseoperator.py", line 400, in wrapper
    return func(self, *args, **kwargs)
           ^^^^^^^^^^^^^^^^^^^^^^^^^^^
  File "/home/airflow/.local/lib/python3.12/site-packages/airflow/operators/bash.py", line 243, in execute
    raise AirflowException(
airflow.exceptions.AirflowException: Bash command failed. The command returned a non-zero exit code 124.
[2026-06-08T13:41:00.510+0000] {taskinstance.py:1205} INFO - Marking task as FAILED. dag_id=e-commerce_kafka_streaming_pipeline_v10, task_id=run_bronze, execution_date=20260608T133542, start_date=20260608T133928, end_date=20260608T134100
[2026-06-08T13:41:00.546+0000] {standard_task_runner.py:110} ERROR - Failed to execute job 51 for task run_bronze (Bash command failed. The command returned a non-zero exit code 124.; 495)
[2026-06-08T13:41:00.609+0000] {local_task_job_runner.py:240} INFO - Task exited with return code 1
[2026-06-08T13:41:00.685+0000] {taskinstance.py:3482} INFO - 0 downstream tasks scheduled from follow-on schedule check
[2026-06-08T13:41:00.698+0000] {local_task_job_runner.py:222} INFO - ::endgroup::
