[2026-06-19T11:00:52.014+0000] {processor.py:161} INFO - Started process (PID=6833) to work on /opt/airflow/dags/sdp_pipeline_dag.py
[2026-06-19T11:00:52.016+0000] {processor.py:830} INFO - Processing file /opt/airflow/dags/sdp_pipeline_dag.py for tasks to queue
[2026-06-19T11:00:52.019+0000] {logging_mixin.py:188} INFO - [2026-06-19T11:00:52.019+0000] {dagbag.py:540} INFO - Filling up the DagBag from /opt/airflow/dags/sdp_pipeline_dag.py
[2026-06-19T11:00:52.053+0000] {processor.py:840} INFO - DAG(s) 'e-commerce_kafka_streaming_pipeline_v10' retrieved from /opt/airflow/dags/sdp_pipeline_dag.py
[2026-06-19T11:00:52.100+0000] {logging_mixin.py:188} INFO - [2026-06-19T11:00:52.100+0000] {dag.py:3096} INFO - Sync 1 DAGs
[2026-06-19T11:00:52.146+0000] {logging_mixin.py:188} INFO - [2026-06-19T11:00:52.146+0000] {dag.py:3954} INFO - Setting next_dagrun for e-commerce_kafka_streaming_pipeline_v10 to 2026-06-19 10:00:00+00:00, run_after=2026-06-19 11:00:00+00:00
[2026-06-19T11:00:52.182+0000] {processor.py:183} INFO - Processing /opt/airflow/dags/sdp_pipeline_dag.py took 0.180 seconds
[2026-06-19T11:01:22.802+0000] {processor.py:161} INFO - Started process (PID=6838) to work on /opt/airflow/dags/sdp_pipeline_dag.py
[2026-06-19T11:01:22.805+0000] {processor.py:830} INFO - Processing file /opt/airflow/dags/sdp_pipeline_dag.py for tasks to queue
[2026-06-19T11:01:22.811+0000] {logging_mixin.py:188} INFO - [2026-06-19T11:01:22.810+0000] {dagbag.py:540} INFO - Filling up the DagBag from /opt/airflow/dags/sdp_pipeline_dag.py
[2026-06-19T11:01:22.857+0000] {processor.py:840} INFO - DAG(s) 'e-commerce_kafka_streaming_pipeline_v10' retrieved from /opt/airflow/dags/sdp_pipeline_dag.py
[2026-06-19T11:01:22.915+0000] {logging_mixin.py:188} INFO - [2026-06-19T11:01:22.914+0000] {dag.py:3096} INFO - Sync 1 DAGs
[2026-06-19T11:01:22.967+0000] {logging_mixin.py:188} INFO - [2026-06-19T11:01:22.966+0000] {dag.py:3954} INFO - Setting next_dagrun for e-commerce_kafka_streaming_pipeline_v10 to 2026-06-19 10:00:00+00:00, run_after=2026-06-19 11:00:00+00:00
[2026-06-19T11:01:23.030+0000] {processor.py:183} INFO - Processing /opt/airflow/dags/sdp_pipeline_dag.py took 0.249 seconds
[2026-06-19T11:01:53.285+0000] {processor.py:161} INFO - Started process (PID=6843) to work on /opt/airflow/dags/sdp_pipeline_dag.py
[2026-06-19T11:01:53.287+0000] {processor.py:830} INFO - Processing file /opt/airflow/dags/sdp_pipeline_dag.py for tasks to queue
[2026-06-19T11:01:53.291+0000] {logging_mixin.py:188} INFO - [2026-06-19T11:01:53.290+0000] {dagbag.py:540} INFO - Filling up the DagBag from /opt/airflow/dags/sdp_pipeline_dag.py
[2026-06-19T11:01:53.340+0000] {processor.py:840} INFO - DAG(s) 'e-commerce_kafka_streaming_pipeline_v10' retrieved from /opt/airflow/dags/sdp_pipeline_dag.py
[2026-06-19T11:01:53.408+0000] {logging_mixin.py:188} INFO - [2026-06-19T11:01:53.407+0000] {dag.py:3096} INFO - Sync 1 DAGs
[2026-06-19T11:01:53.468+0000] {logging_mixin.py:188} INFO - [2026-06-19T11:01:53.468+0000] {dag.py:3954} INFO - Setting next_dagrun for e-commerce_kafka_streaming_pipeline_v10 to 2026-06-19 10:00:00+00:00, run_after=2026-06-19 11:00:00+00:00
[2026-06-19T11:01:53.515+0000] {processor.py:183} INFO - Processing /opt/airflow/dags/sdp_pipeline_dag.py took 0.242 seconds
[2026-06-19T11:02:24.415+0000] {processor.py:161} INFO - Started process (PID=6848) to work on /opt/airflow/dags/sdp_pipeline_dag.py
[2026-06-19T11:02:24.418+0000] {processor.py:830} INFO - Processing file /opt/airflow/dags/sdp_pipeline_dag.py for tasks to queue
[2026-06-19T11:02:24.428+0000] {logging_mixin.py:188} INFO - [2026-06-19T11:02:24.427+0000] {dagbag.py:540} INFO - Filling up the DagBag from /opt/airflow/dags/sdp_pipeline_dag.py
[2026-06-19T11:02:24.496+0000] {processor.py:840} INFO - DAG(s) 'e-commerce_kafka_streaming_pipeline_v10' retrieved from /opt/airflow/dags/sdp_pipeline_dag.py
[2026-06-19T11:02:24.561+0000] {logging_mixin.py:188} INFO - [2026-06-19T11:02:24.560+0000] {dag.py:3096} INFO - Sync 1 DAGs
[2026-06-19T11:02:24.656+0000] {logging_mixin.py:188} INFO - [2026-06-19T11:02:24.654+0000] {dag.py:3954} INFO - Setting next_dagrun for e-commerce_kafka_streaming_pipeline_v10 to 2026-06-19 10:00:00+00:00, run_after=2026-06-19 11:00:00+00:00
[2026-06-19T11:02:24.724+0000] {processor.py:183} INFO - Processing /opt/airflow/dags/sdp_pipeline_dag.py took 0.330 seconds
[2026-06-19T11:02:54.963+0000] {processor.py:161} INFO - Started process (PID=6853) to work on /opt/airflow/dags/sdp_pipeline_dag.py
[2026-06-19T11:02:54.969+0000] {processor.py:830} INFO - Processing file /opt/airflow/dags/sdp_pipeline_dag.py for tasks to queue
[2026-06-19T11:02:54.979+0000] {logging_mixin.py:188} INFO - [2026-06-19T11:02:54.977+0000] {dagbag.py:540} INFO - Filling up the DagBag from /opt/airflow/dags/sdp_pipeline_dag.py
[2026-06-19T11:02:55.071+0000] {processor.py:840} INFO - DAG(s) 'e-commerce_kafka_streaming_pipeline_v10' retrieved from /opt/airflow/dags/sdp_pipeline_dag.py
[2026-06-19T11:02:55.202+0000] {logging_mixin.py:188} INFO - [2026-06-19T11:02:55.201+0000] {dag.py:3096} INFO - Sync 1 DAGs
[2026-06-19T11:02:55.280+0000] {logging_mixin.py:188} INFO - [2026-06-19T11:02:55.280+0000] {dag.py:3954} INFO - Setting next_dagrun for e-commerce_kafka_streaming_pipeline_v10 to 2026-06-19 10:00:00+00:00, run_after=2026-06-19 11:00:00+00:00
[2026-06-19T11:02:55.323+0000] {processor.py:183} INFO - Processing /opt/airflow/dags/sdp_pipeline_dag.py took 0.389 seconds
[2026-06-19T11:03:26.141+0000] {processor.py:161} INFO - Started process (PID=6858) to work on /opt/airflow/dags/sdp_pipeline_dag.py
[2026-06-19T11:03:26.147+0000] {processor.py:830} INFO - Processing file /opt/airflow/dags/sdp_pipeline_dag.py for tasks to queue
[2026-06-19T11:03:26.154+0000] {logging_mixin.py:188} INFO - [2026-06-19T11:03:26.151+0000] {dagbag.py:540} INFO - Filling up the DagBag from /opt/airflow/dags/sdp_pipeline_dag.py
[2026-06-19T11:03:26.239+0000] {processor.py:840} INFO - DAG(s) 'e-commerce_kafka_streaming_pipeline_v10' retrieved from /opt/airflow/dags/sdp_pipeline_dag.py
[2026-06-19T11:03:26.348+0000] {logging_mixin.py:188} INFO - [2026-06-19T11:03:26.345+0000] {dag.py:3096} INFO - Sync 1 DAGs
[2026-06-19T11:03:26.485+0000] {logging_mixin.py:188} INFO - [2026-06-19T11:03:26.485+0000] {dag.py:3954} INFO - Setting next_dagrun for e-commerce_kafka_streaming_pipeline_v10 to 2026-06-19 10:00:00+00:00, run_after=2026-06-19 11:00:00+00:00
[2026-06-19T11:03:26.524+0000] {processor.py:183} INFO - Processing /opt/airflow/dags/sdp_pipeline_dag.py took 0.422 seconds
[2026-06-19T11:03:56.715+0000] {processor.py:161} INFO - Started process (PID=6863) to work on /opt/airflow/dags/sdp_pipeline_dag.py
[2026-06-19T11:03:56.716+0000] {processor.py:830} INFO - Processing file /opt/airflow/dags/sdp_pipeline_dag.py for tasks to queue
[2026-06-19T11:03:56.719+0000] {logging_mixin.py:188} INFO - [2026-06-19T11:03:56.719+0000] {dagbag.py:540} INFO - Filling up the DagBag from /opt/airflow/dags/sdp_pipeline_dag.py
[2026-06-19T11:03:56.752+0000] {processor.py:840} INFO - DAG(s) 'e-commerce_kafka_streaming_pipeline_v10' retrieved from /opt/airflow/dags/sdp_pipeline_dag.py
[2026-06-19T11:03:56.812+0000] {logging_mixin.py:188} INFO - [2026-06-19T11:03:56.812+0000] {dag.py:3096} INFO - Sync 1 DAGs
[2026-06-19T11:03:56.860+0000] {logging_mixin.py:188} INFO - [2026-06-19T11:03:56.860+0000] {dag.py:3954} INFO - Setting next_dagrun for e-commerce_kafka_streaming_pipeline_v10 to 2026-06-19 10:00:00+00:00, run_after=2026-06-19 11:00:00+00:00
[2026-06-19T11:03:56.905+0000] {processor.py:183} INFO - Processing /opt/airflow/dags/sdp_pipeline_dag.py took 0.201 seconds
[2026-06-19T11:04:27.231+0000] {processor.py:161} INFO - Started process (PID=6868) to work on /opt/airflow/dags/sdp_pipeline_dag.py
[2026-06-19T11:04:27.233+0000] {processor.py:830} INFO - Processing file /opt/airflow/dags/sdp_pipeline_dag.py for tasks to queue
[2026-06-19T11:04:27.237+0000] {logging_mixin.py:188} INFO - [2026-06-19T11:04:27.237+0000] {dagbag.py:540} INFO - Filling up the DagBag from /opt/airflow/dags/sdp_pipeline_dag.py
[2026-06-19T11:04:27.278+0000] {processor.py:840} INFO - DAG(s) 'e-commerce_kafka_streaming_pipeline_v10' retrieved from /opt/airflow/dags/sdp_pipeline_dag.py
[2026-06-19T11:04:27.345+0000] {logging_mixin.py:188} INFO - [2026-06-19T11:04:27.344+0000] {dag.py:3096} INFO - Sync 1 DAGs
[2026-06-19T11:04:27.394+0000] {logging_mixin.py:188} INFO - [2026-06-19T11:04:27.394+0000] {dag.py:3954} INFO - Setting next_dagrun for e-commerce_kafka_streaming_pipeline_v10 to 2026-06-19 10:00:00+00:00, run_after=2026-06-19 11:00:00+00:00
[2026-06-19T11:04:27.433+0000] {processor.py:183} INFO - Processing /opt/airflow/dags/sdp_pipeline_dag.py took 0.217 seconds
