[2026-07-17T14:00:01.107+0000] {local_task_job_runner.py:120} INFO - ::group::Pre task execution logs
[2026-07-17T14:00:01.153+0000] {taskinstance.py:2073} INFO - Dependencies all met for dep_context=non-requeueable deps ti=<TaskInstance: e-commerce_kafka_streaming_pipeline_v1.produce_messages scheduled__2026-07-17T13:00:00+00:00 [queued]>
[2026-07-17T14:00:01.163+0000] {taskinstance.py:2073} INFO - Dependencies all met for dep_context=requeueable deps ti=<TaskInstance: e-commerce_kafka_streaming_pipeline_v1.produce_messages scheduled__2026-07-17T13:00:00+00:00 [queued]>
[2026-07-17T14:00:01.164+0000] {taskinstance.py:2303} INFO - Starting attempt 1 of 2
[2026-07-17T14:00:01.182+0000] {taskinstance.py:2327} INFO - Executing <Task(BashOperator): produce_messages> on 2026-07-17 13:00:00+00:00
[2026-07-17T14:00:01.190+0000] {standard_task_runner.py:90} INFO - Running: ['***', 'tasks', 'run', 'e-commerce_kafka_streaming_pipeline_v1', 'produce_messages', 'scheduled__2026-07-17T13:00:00+00:00', '--job-id', '155', '--raw', '--subdir', 'DAGS_FOLDER/sdp_pipeline_dag.py', '--cfg-path', '/tmp/tmpfvvz0011']
[2026-07-17T14:00:01.194+0000] {standard_task_runner.py:91} INFO - Job 155: Subtask produce_messages
[2026-07-17T14:00:01.211+0000] {logging_mixin.py:188} WARNING - /home/***/.local/lib/python3.12/site-packages/***/task/task_runner/standard_task_runner.py:61 DeprecationWarning: This process (pid=4819) is multi-threaded, use of fork() may lead to deadlocks in the child.
[2026-07-17T14:00:01.213+0000] {standard_task_runner.py:63} INFO - Started process 4820 to run task
[2026-07-17T14:00:01.298+0000] {task_command.py:426} INFO - Running <TaskInstance: e-commerce_kafka_streaming_pipeline_v1.produce_messages scheduled__2026-07-17T13:00:00+00:00 [running]> on host da27550080bf
[2026-07-17T14:00:01.407+0000] {taskinstance.py:2644} INFO - Exporting env vars: AIRFLOW_CTX_DAG_OWNER='dev' AIRFLOW_CTX_DAG_ID='e-commerce_kafka_streaming_pipeline_v1' AIRFLOW_CTX_TASK_ID='produce_messages' AIRFLOW_CTX_EXECUTION_DATE='2026-07-17T13:00:00+00:00' AIRFLOW_CTX_TRY_NUMBER='1' AIRFLOW_CTX_DAG_RUN_ID='scheduled__2026-07-17T13:00:00+00:00'
[2026-07-17T14:00:01.408+0000] {taskinstance.py:430} INFO - ::endgroup::
[2026-07-17T14:00:01.429+0000] {subprocess.py:63} INFO - Tmp dir root location: /tmp
[2026-07-17T14:00:01.431+0000] {subprocess.py:75} INFO - Running command: ['/usr/bin/bash', '-c', 'python3 /opt/pipelines/api_to_kafka.py']
[2026-07-17T14:00:01.444+0000] {subprocess.py:86} INFO - Output:
[2026-07-17T14:00:05.769+0000] {subprocess.py:93} INFO - Published 7 records to topic 'orders'
[2026-07-17T14:00:05.770+0000] {subprocess.py:93} INFO - Published 10 records to topic 'customers'
[2026-07-17T14:00:05.771+0000] {subprocess.py:93} INFO - Published 20 records to topic 'products'
[2026-07-17T14:00:05.830+0000] {subprocess.py:97} INFO - Command exited with return code 0
[2026-07-17T14:00:05.832+0000] {taskinstance.py:441} INFO - ::group::Post task execution logs
[2026-07-17T14:00:05.858+0000] {taskinstance.py:1205} INFO - Marking task as SUCCESS. dag_id=e-commerce_kafka_streaming_pipeline_v1, task_id=produce_messages, execution_date=20260717T130000, start_date=20260717T140001, end_date=20260717T140005
[2026-07-17T14:00:05.896+0000] {local_task_job_runner.py:240} INFO - Task exited with return code 0
[2026-07-17T14:00:05.919+0000] {taskinstance.py:3482} INFO - 1 downstream tasks scheduled from follow-on schedule check
[2026-07-17T14:00:05.922+0000] {local_task_job_runner.py:222} INFO - ::endgroup::
