[2026-07-17T05:33:59.774+0000] {local_task_job_runner.py:120} INFO - ::group::Pre task execution logs
[2026-07-17T05:33:59.902+0000] {taskinstance.py:2073} INFO - Dependencies all met for dep_context=non-requeueable deps ti=<TaskInstance: e-commerce_kafka_streaming_pipeline_v1.run_bronze scheduled__2026-07-16T16:00:00+00:00 [queued]>
[2026-07-17T05:33:59.943+0000] {taskinstance.py:2073} INFO - Dependencies all met for dep_context=requeueable deps ti=<TaskInstance: e-commerce_kafka_streaming_pipeline_v1.run_bronze scheduled__2026-07-16T16:00:00+00:00 [queued]>
[2026-07-17T05:33:59.944+0000] {taskinstance.py:2303} INFO - Starting attempt 1 of 2
[2026-07-17T05:34:00.025+0000] {taskinstance.py:2327} INFO - Executing <Task(BashOperator): run_bronze> on 2026-07-16 16:00:00+00:00
[2026-07-17T05:34:00.054+0000] {standard_task_runner.py:90} INFO - Running: ['***', 'tasks', 'run', 'e-commerce_kafka_streaming_pipeline_v1', 'run_bronze', 'scheduled__2026-07-16T16:00:00+00:00', '--job-id', '77', '--raw', '--subdir', 'DAGS_FOLDER/sdp_pipeline_dag.py', '--cfg-path', '/tmp/tmpe2aovs1l']
[2026-07-17T05:34:00.069+0000] {standard_task_runner.py:91} INFO - Job 77: Subtask run_bronze
[2026-07-17T05:34:00.070+0000] {logging_mixin.py:188} WARNING - /home/***/.local/lib/python3.12/site-packages/***/task/task_runner/standard_task_runner.py:61 DeprecationWarning: This process (pid=2684) is multi-threaded, use of fork() may lead to deadlocks in the child.
[2026-07-17T05:34:00.072+0000] {standard_task_runner.py:63} INFO - Started process 2693 to run task
[2026-07-17T05:34:00.322+0000] {task_command.py:426} INFO - Running <TaskInstance: e-commerce_kafka_streaming_pipeline_v1.run_bronze scheduled__2026-07-16T16:00:00+00:00 [running]> on host da27550080bf
[2026-07-17T05:34:00.862+0000] {taskinstance.py:2644} INFO - Exporting env vars: AIRFLOW_CTX_DAG_OWNER='dev' AIRFLOW_CTX_DAG_ID='e-commerce_kafka_streaming_pipeline_v1' AIRFLOW_CTX_TASK_ID='run_bronze' AIRFLOW_CTX_EXECUTION_DATE='2026-07-16T16:00:00+00:00' AIRFLOW_CTX_TRY_NUMBER='1' AIRFLOW_CTX_DAG_RUN_ID='scheduled__2026-07-16T16:00:00+00:00'
[2026-07-17T05:34:00.868+0000] {taskinstance.py:430} INFO - ::endgroup::
[2026-07-17T05:34:00.951+0000] {subprocess.py:63} INFO - Tmp dir root location: /tmp
[2026-07-17T05:34:00.991+0000] {subprocess.py:75} INFO - Running command: ['/usr/bin/bash', '-c', 'timeout 150s docker run --rm --network streaming_kafka_project_sdp-net --volume /d/Streaming_kafka_project/pipelines:/opt/pipelines --volume /d/Streaming_kafka_project/data:/opt/data --volume /d/Streaming_kafka_project/checkpoints:/opt/checkpoints --volume /d/Streaming_kafka_project/jars:/opt/jars apache/spark:3.5.1 /opt/spark/bin/spark-submit --master spark://sdp-spark-master:7077 --executor-cores 1 --executor-memory 512m --total-executor-cores 3 --jars /opt/jars/delta-spark_2.12-3.2.0.jar,/opt/jars/delta-storage-3.2.0.jar,/opt/jars/spark-sql-kafka-0-10_2.12-3.5.1.jar,/opt/jars/kafka-clients-3.4.1.jar,/opt/jars/spark-token-provider-kafka-0-10_2.12-3.5.1.jar,/opt/jars/commons-pool2-2.11.1.jar --conf spark.sql.extensions=io.delta.sql.DeltaSparkSessionExtension --conf spark.sql.catalog.spark_catalog=org.apache.spark.sql.delta.catalog.DeltaCatalog  /opt/pipelines/bronze_runner.py']
[2026-07-17T05:34:01.034+0000] {subprocess.py:86} INFO - Output:
[2026-07-17T05:34:10.419+0000] {subprocess.py:93} INFO - 26/07/17 05:34:10 WARN NativeCodeLoader: Unable to load native-hadoop library for your platform... using builtin-java classes where applicable
[2026-07-17T05:34:13.250+0000] {subprocess.py:93} INFO - 26/07/17 05:34:13 INFO SparkContext: Running Spark version 3.5.1
[2026-07-17T05:34:13.252+0000] {subprocess.py:93} INFO - 26/07/17 05:34:13 INFO SparkContext: OS info Linux, 6.18.33.2-microsoft-standard-WSL2, amd64
[2026-07-17T05:34:13.272+0000] {subprocess.py:93} INFO - 26/07/17 05:34:13 INFO SparkContext: Java version 11.0.22
[2026-07-17T05:34:13.424+0000] {subprocess.py:93} INFO - 26/07/17 05:34:13 INFO ResourceUtils: ==============================================================
[2026-07-17T05:34:13.431+0000] {subprocess.py:93} INFO - 26/07/17 05:34:13 INFO ResourceUtils: No custom resources configured for spark.driver.
[2026-07-17T05:34:13.435+0000] {subprocess.py:93} INFO - 26/07/17 05:34:13 INFO ResourceUtils: ==============================================================
[2026-07-17T05:34:13.440+0000] {subprocess.py:93} INFO - 26/07/17 05:34:13 INFO SparkContext: Submitted application: SDP-Bronze
[2026-07-17T05:34:13.520+0000] {subprocess.py:93} INFO - 26/07/17 05:34:13 INFO ResourceProfile: Default ResourceProfile created, executor resources: Map(cores -> name: cores, amount: 1, script: , vendor: , memory -> name: memory, amount: 512, script: , vendor: , offHeap -> name: offHeap, amount: 0, script: , vendor: ), task resources: Map(cpus -> name: cpus, amount: 1.0)
[2026-07-17T05:34:13.559+0000] {subprocess.py:93} INFO - 26/07/17 05:34:13 INFO ResourceProfile: Limiting resource is cpus at 1 tasks per executor
[2026-07-17T05:34:13.570+0000] {subprocess.py:93} INFO - 26/07/17 05:34:13 INFO ResourceProfileManager: Added ResourceProfile id: 0
[2026-07-17T05:34:13.841+0000] {subprocess.py:93} INFO - 26/07/17 05:34:13 INFO SecurityManager: Changing view acls to: spark
[2026-07-17T05:34:13.849+0000] {subprocess.py:93} INFO - 26/07/17 05:34:13 INFO SecurityManager: Changing modify acls to: spark
[2026-07-17T05:34:13.861+0000] {subprocess.py:93} INFO - 26/07/17 05:34:13 INFO SecurityManager: Changing view acls groups to:
[2026-07-17T05:34:13.868+0000] {subprocess.py:93} INFO - 26/07/17 05:34:13 INFO SecurityManager: Changing modify acls groups to:
[2026-07-17T05:34:13.870+0000] {subprocess.py:93} INFO - 26/07/17 05:34:13 INFO SecurityManager: SecurityManager: authentication disabled; ui acls disabled; users with view permissions: spark; groups with view permissions: EMPTY; users with modify permissions: spark; groups with modify permissions: EMPTY
[2026-07-17T05:34:14.970+0000] {subprocess.py:93} INFO - 26/07/17 05:34:14 INFO Utils: Successfully started service 'sparkDriver' on port 36209.
[2026-07-17T05:34:15.157+0000] {subprocess.py:93} INFO - 26/07/17 05:34:15 INFO SparkEnv: Registering MapOutputTracker
[2026-07-17T05:34:15.275+0000] {subprocess.py:93} INFO - 26/07/17 05:34:15 INFO SparkEnv: Registering BlockManagerMaster
[2026-07-17T05:34:15.313+0000] {subprocess.py:93} INFO - 26/07/17 05:34:15 INFO BlockManagerMasterEndpoint: Using org.apache.spark.storage.DefaultTopologyMapper for getting topology information
[2026-07-17T05:34:15.336+0000] {subprocess.py:93} INFO - 26/07/17 05:34:15 INFO BlockManagerMasterEndpoint: BlockManagerMasterEndpoint up
[2026-07-17T05:34:15.345+0000] {subprocess.py:93} INFO - 26/07/17 05:34:15 INFO SparkEnv: Registering BlockManagerMasterHeartbeat
[2026-07-17T05:34:15.397+0000] {subprocess.py:93} INFO - 26/07/17 05:34:15 INFO DiskBlockManager: Created local directory at /tmp/blockmgr-17ce7dce-5ac2-4988-9089-3fb6654027c0
[2026-07-17T05:34:15.421+0000] {subprocess.py:93} INFO - 26/07/17 05:34:15 INFO MemoryStore: MemoryStore started with capacity 434.4 MiB
[2026-07-17T05:34:15.462+0000] {subprocess.py:93} INFO - 26/07/17 05:34:15 INFO SparkEnv: Registering OutputCommitCoordinator
[2026-07-17T05:34:15.881+0000] {subprocess.py:93} INFO - 26/07/17 05:34:15 INFO JettyUtils: Start Jetty 0.0.0.0:4040 for SparkUI
[2026-07-17T05:34:16.046+0000] {subprocess.py:93} INFO - 26/07/17 05:34:16 INFO Utils: Successfully started service 'SparkUI' on port 4040.
[2026-07-17T05:34:16.166+0000] {subprocess.py:93} INFO - 26/07/17 05:34:16 INFO SparkContext: Added JAR file:///opt/jars/delta-spark_2.12-3.2.0.jar at spark://e06292fd71f8:36209/jars/delta-spark_2.12-3.2.0.jar with timestamp 1784266453209
[2026-07-17T05:34:16.168+0000] {subprocess.py:93} INFO - 26/07/17 05:34:16 INFO SparkContext: Added JAR file:///opt/jars/delta-storage-3.2.0.jar at spark://e06292fd71f8:36209/jars/delta-storage-3.2.0.jar with timestamp 1784266453209
[2026-07-17T05:34:16.170+0000] {subprocess.py:93} INFO - 26/07/17 05:34:16 INFO SparkContext: Added JAR file:///opt/jars/spark-sql-kafka-0-10_2.12-3.5.1.jar at spark://e06292fd71f8:36209/jars/spark-sql-kafka-0-10_2.12-3.5.1.jar with timestamp 1784266453209
[2026-07-17T05:34:16.172+0000] {subprocess.py:93} INFO - 26/07/17 05:34:16 INFO SparkContext: Added JAR file:///opt/jars/kafka-clients-3.4.1.jar at spark://e06292fd71f8:36209/jars/kafka-clients-3.4.1.jar with timestamp 1784266453209
[2026-07-17T05:34:16.174+0000] {subprocess.py:93} INFO - 26/07/17 05:34:16 INFO SparkContext: Added JAR file:///opt/jars/spark-token-provider-kafka-0-10_2.12-3.5.1.jar at spark://e06292fd71f8:36209/jars/spark-token-provider-kafka-0-10_2.12-3.5.1.jar with timestamp 1784266453209
[2026-07-17T05:34:16.176+0000] {subprocess.py:93} INFO - 26/07/17 05:34:16 INFO SparkContext: Added JAR file:///opt/jars/commons-pool2-2.11.1.jar at spark://e06292fd71f8:36209/jars/commons-pool2-2.11.1.jar with timestamp 1784266453209
[2026-07-17T05:34:16.371+0000] {subprocess.py:93} INFO - 26/07/17 05:34:16 INFO StandaloneAppClient$ClientEndpoint: Connecting to master spark://sdp-spark-master:7077...
[2026-07-17T05:34:16.452+0000] {subprocess.py:93} INFO - 26/07/17 05:34:16 INFO TransportClientFactory: Successfully created connection to sdp-spark-master/172.18.0.4:7077 after 44 ms (0 ms spent in bootstraps)
[2026-07-17T05:34:16.673+0000] {subprocess.py:93} INFO - 26/07/17 05:34:16 INFO StandaloneSchedulerBackend: Connected to Spark cluster with app ID app-20260717053416-0032
[2026-07-17T05:34:16.679+0000] {subprocess.py:93} INFO - 26/07/17 05:34:16 INFO StandaloneAppClient$ClientEndpoint: Executor added: app-20260717053416-0032/0 on worker-20260716063602-172.18.0.5-44367 (172.18.0.5:44367) with 1 core(s)
[2026-07-17T05:34:16.701+0000] {subprocess.py:93} INFO - 26/07/17 05:34:16 INFO StandaloneSchedulerBackend: Granted executor ID app-20260717053416-0032/0 on hostPort 172.18.0.5:44367 with 1 core(s), 512.0 MiB RAM
[2026-07-17T05:34:16.703+0000] {subprocess.py:93} INFO - 26/07/17 05:34:16 INFO StandaloneAppClient$ClientEndpoint: Executor added: app-20260717053416-0032/1 on worker-20260716063602-172.18.0.5-44367 (172.18.0.5:44367) with 1 core(s)
[2026-07-17T05:34:16.706+0000] {subprocess.py:93} INFO - 26/07/17 05:34:16 INFO StandaloneSchedulerBackend: Granted executor ID app-20260717053416-0032/1 on hostPort 172.18.0.5:44367 with 1 core(s), 512.0 MiB RAM
[2026-07-17T05:34:16.707+0000] {subprocess.py:93} INFO - 26/07/17 05:34:16 INFO StandaloneAppClient$ClientEndpoint: Executor added: app-20260717053416-0032/2 on worker-20260716063602-172.18.0.6-33249 (172.18.0.6:33249) with 1 core(s)
[2026-07-17T05:34:16.710+0000] {subprocess.py:93} INFO - 26/07/17 05:34:16 INFO Utils: Successfully started service 'org.apache.spark.network.netty.NettyBlockTransferService' on port 37749.
[2026-07-17T05:34:16.711+0000] {subprocess.py:93} INFO - 26/07/17 05:34:16 INFO NettyBlockTransferService: Server created on e06292fd71f8:37749
[2026-07-17T05:34:16.714+0000] {subprocess.py:93} INFO - 26/07/17 05:34:16 INFO StandaloneSchedulerBackend: Granted executor ID app-20260717053416-0032/2 on hostPort 172.18.0.6:33249 with 1 core(s), 512.0 MiB RAM
[2026-07-17T05:34:16.715+0000] {subprocess.py:93} INFO - 26/07/17 05:34:16 INFO BlockManager: Using org.apache.spark.storage.RandomBlockReplicationPolicy for block replication policy
[2026-07-17T05:34:16.723+0000] {subprocess.py:93} INFO - 26/07/17 05:34:16 INFO BlockManagerMaster: Registering BlockManager BlockManagerId(driver, e06292fd71f8, 37749, None)
[2026-07-17T05:34:16.732+0000] {subprocess.py:93} INFO - 26/07/17 05:34:16 INFO BlockManagerMasterEndpoint: Registering block manager e06292fd71f8:37749 with 434.4 MiB RAM, BlockManagerId(driver, e06292fd71f8, 37749, None)
[2026-07-17T05:34:16.736+0000] {subprocess.py:93} INFO - 26/07/17 05:34:16 INFO BlockManagerMaster: Registered BlockManager BlockManagerId(driver, e06292fd71f8, 37749, None)
[2026-07-17T05:34:16.740+0000] {subprocess.py:93} INFO - 26/07/17 05:34:16 INFO BlockManager: Initialized BlockManager: BlockManagerId(driver, e06292fd71f8, 37749, None)
[2026-07-17T05:34:17.092+0000] {subprocess.py:93} INFO - 26/07/17 05:34:17 INFO StandaloneAppClient$ClientEndpoint: Executor updated: app-20260717053416-0032/1 is now RUNNING
[2026-07-17T05:34:17.094+0000] {subprocess.py:93} INFO - 26/07/17 05:34:17 INFO StandaloneAppClient$ClientEndpoint: Executor updated: app-20260717053416-0032/0 is now RUNNING
[2026-07-17T05:34:17.268+0000] {subprocess.py:93} INFO - 26/07/17 05:34:17 INFO StandaloneAppClient$ClientEndpoint: Executor updated: app-20260717053416-0032/2 is now RUNNING
[2026-07-17T05:34:17.903+0000] {subprocess.py:93} INFO - 26/07/17 05:34:17 INFO StandaloneSchedulerBackend: SchedulerBackend is ready for scheduling beginning after reached minRegisteredResourcesRatio: 0.0
[2026-07-17T05:34:18.782+0000] {subprocess.py:93} INFO - Starting stream: orders -> /opt/data/bronze/orders
[2026-07-17T05:35:15.659+0000] {subprocess.py:93} INFO - 26/07/17 05:35:15 WARN ResolveWriteToStream: spark.sql.adaptive.enabled is not supported in streaming DataFrames/Datasets and will be disabled.
[2026-07-17T05:35:15.956+0000] {subprocess.py:93} INFO - Starting stream: customers -> /opt/data/bronze/customers
[2026-07-17T05:35:18.155+0000] {subprocess.py:93} INFO - 26/07/17 05:35:18 WARN AdminClientConfig: These configurations '[key.deserializer, value.deserializer, enable.auto.commit, max.poll.records, auto.offset.reset]' were supplied but are not used yet.
[2026-07-17T05:35:19.461+0000] {subprocess.py:93} INFO - 26/07/17 05:35:19 WARN ResolveWriteToStream: spark.sql.adaptive.enabled is not supported in streaming DataFrames/Datasets and will be disabled.
[2026-07-17T05:35:19.514+0000] {subprocess.py:93} INFO - Starting stream: products -> /opt/data/bronze/products
[2026-07-17T05:35:54.119+0000] {job.py:218} ERROR - Job heartbeat got an exception
Traceback (most recent call last):
  File "/home/airflow/.local/lib/python3.12/site-packages/sqlalchemy/engine/base.py", line 3371, in _wrap_pool_connect
    return fn()
           ^^^^
  File "/home/airflow/.local/lib/python3.12/site-packages/sqlalchemy/pool/base.py", line 327, in connect
    return _ConnectionFairy._checkout(self)
           ^^^^^^^^^^^^^^^^^^^^^^^^^^^^^^^^
  File "/home/airflow/.local/lib/python3.12/site-packages/sqlalchemy/pool/base.py", line 894, in _checkout
    fairy = _ConnectionRecord.checkout(pool)
            ^^^^^^^^^^^^^^^^^^^^^^^^^^^^^^^^
  File "/home/airflow/.local/lib/python3.12/site-packages/sqlalchemy/pool/base.py", line 493, in checkout
    rec = pool._do_get()
          ^^^^^^^^^^^^^^
  File "/home/airflow/.local/lib/python3.12/site-packages/sqlalchemy/pool/impl.py", line 256, in _do_get
    return self._create_connection()
           ^^^^^^^^^^^^^^^^^^^^^^^^^
  File "/home/airflow/.local/lib/python3.12/site-packages/sqlalchemy/pool/base.py", line 273, in _create_connection
    return _ConnectionRecord(self)
           ^^^^^^^^^^^^^^^^^^^^^^^
  File "/home/airflow/.local/lib/python3.12/site-packages/sqlalchemy/pool/base.py", line 388, in __init__
    self.__connect()
  File "/home/airflow/.local/lib/python3.12/site-packages/sqlalchemy/pool/base.py", line 690, in __connect
    with util.safe_reraise():
  File "/home/airflow/.local/lib/python3.12/site-packages/sqlalchemy/util/langhelpers.py", line 70, in __exit__
    compat.raise_(
  File "/home/airflow/.local/lib/python3.12/site-packages/sqlalchemy/util/compat.py", line 211, in raise_
    raise exception
  File "/home/airflow/.local/lib/python3.12/site-packages/sqlalchemy/pool/base.py", line 686, in __connect
    self.dbapi_connection = connection = pool._invoke_creator(self)
                                         ^^^^^^^^^^^^^^^^^^^^^^^^^^
  File "/home/airflow/.local/lib/python3.12/site-packages/sqlalchemy/engine/create.py", line 574, in connect
    return dialect.connect(*cargs, **cparams)
           ^^^^^^^^^^^^^^^^^^^^^^^^^^^^^^^^^^
  File "/home/airflow/.local/lib/python3.12/site-packages/sqlalchemy/engine/default.py", line 598, in connect
    return self.dbapi.connect(*cargs, **cparams)
           ^^^^^^^^^^^^^^^^^^^^^^^^^^^^^^^^^^^^^
  File "/home/airflow/.local/lib/python3.12/site-packages/psycopg2/__init__.py", line 122, in connect
    conn = _connect(dsn, connection_factory=connection_factory, **kwasync)
           ^^^^^^^^^^^^^^^^^^^^^^^^^^^^^^^^^^^^^^^^^^^^^^^^^^^^^^^^^^^^^^^
psycopg2.OperationalError: could not translate host name "postgres" to address: Temporary failure in name resolution


The above exception was the direct cause of the following exception:

Traceback (most recent call last):
  File "/home/airflow/.local/lib/python3.12/site-packages/airflow/jobs/job.py", line 192, in heartbeat
    self._merge_from(Job._fetch_from_db(self, session))
                     ^^^^^^^^^^^^^^^^^^^^^^^^^^^^^^^^^
  File "/home/airflow/.local/lib/python3.12/site-packages/airflow/api_internal/internal_api_call.py", line 115, in wrapper
    return func(*args, **kwargs)
           ^^^^^^^^^^^^^^^^^^^^^
  File "/home/airflow/.local/lib/python3.12/site-packages/airflow/utils/session.py", line 76, in wrapper
    return func(*args, **kwargs)
           ^^^^^^^^^^^^^^^^^^^^^
  File "/home/airflow/.local/lib/python3.12/site-packages/airflow/utils/retries.py", line 89, in wrapped_function
    for attempt in run_with_db_retries(max_retries=retries, logger=logger, **retry_kwargs):
  File "/home/airflow/.local/lib/python3.12/site-packages/tenacity/__init__.py", line 347, in __iter__
    do = self.iter(retry_state=retry_state)
         ^^^^^^^^^^^^^^^^^^^^^^^^^^^^^^^^^^
  File "/home/airflow/.local/lib/python3.12/site-packages/tenacity/__init__.py", line 325, in iter
    raise retry_exc.reraise()
          ^^^^^^^^^^^^^^^^^^^
  File "/home/airflow/.local/lib/python3.12/site-packages/tenacity/__init__.py", line 158, in reraise
    raise self.last_attempt.result()
          ^^^^^^^^^^^^^^^^^^^^^^^^^^
  File "/usr/local/lib/python3.12/concurrent/futures/_base.py", line 449, in result
    return self.__get_result()
           ^^^^^^^^^^^^^^^^^^^
  File "/usr/local/lib/python3.12/concurrent/futures/_base.py", line 401, in __get_result
    raise self._exception
  File "/home/airflow/.local/lib/python3.12/site-packages/airflow/utils/retries.py", line 98, in wrapped_function
    return func(*args, **kwargs)
           ^^^^^^^^^^^^^^^^^^^^^
  File "/home/airflow/.local/lib/python3.12/site-packages/airflow/jobs/job.py", line 316, in _fetch_from_db
    session.merge(job)
  File "/home/airflow/.local/lib/python3.12/site-packages/sqlalchemy/orm/session.py", line 3056, in merge
    return self._merge(
           ^^^^^^^^^^^^
  File "/home/airflow/.local/lib/python3.12/site-packages/sqlalchemy/orm/session.py", line 3136, in _merge
    merged = self.get(
             ^^^^^^^^^
  File "/home/airflow/.local/lib/python3.12/site-packages/sqlalchemy/orm/session.py", line 2853, in get
    return self._get_impl(
           ^^^^^^^^^^^^^^^
  File "/home/airflow/.local/lib/python3.12/site-packages/sqlalchemy/orm/session.py", line 2975, in _get_impl
    return db_load_fn(
           ^^^^^^^^^^^
  File "/home/airflow/.local/lib/python3.12/site-packages/sqlalchemy/orm/loading.py", line 530, in load_on_pk_identity
    session.execute(
  File "/home/airflow/.local/lib/python3.12/site-packages/sqlalchemy/orm/session.py", line 1716, in execute
    conn = self._connection_for_bind(bind)
           ^^^^^^^^^^^^^^^^^^^^^^^^^^^^^^^
  File "/home/airflow/.local/lib/python3.12/site-packages/sqlalchemy/orm/session.py", line 1555, in _connection_for_bind
    return self._transaction._connection_for_bind(
           ^^^^^^^^^^^^^^^^^^^^^^^^^^^^^^^^^^^^^^^
  File "/home/airflow/.local/lib/python3.12/site-packages/sqlalchemy/orm/session.py", line 750, in _connection_for_bind
    conn = bind.connect()
           ^^^^^^^^^^^^^^
  File "/home/airflow/.local/lib/python3.12/site-packages/sqlalchemy/future/engine.py", line 412, in connect
    return super(Engine, self).connect()
           ^^^^^^^^^^^^^^^^^^^^^^^^^^^^^
  File "/home/airflow/.local/lib/python3.12/site-packages/sqlalchemy/engine/base.py", line 3325, in connect
    return self._connection_cls(self, close_with_result=close_with_result)
           ^^^^^^^^^^^^^^^^^^^^^^^^^^^^^^^^^^^^^^^^^^^^^^^^^^^^^^^^^^^^^^^
  File "/home/airflow/.local/lib/python3.12/site-packages/sqlalchemy/engine/base.py", line 96, in __init__
    else engine.raw_connection()
         ^^^^^^^^^^^^^^^^^^^^^^^
  File "/home/airflow/.local/lib/python3.12/site-packages/sqlalchemy/engine/base.py", line 3404, in raw_connection
    return self._wrap_pool_connect(self.pool.connect, _connection)
           ^^^^^^^^^^^^^^^^^^^^^^^^^^^^^^^^^^^^^^^^^^^^^^^^^^^^^^^
  File "/home/airflow/.local/lib/python3.12/site-packages/sqlalchemy/engine/base.py", line 3374, in _wrap_pool_connect
    Connection._handle_dbapi_exception_noconnection(
  File "/home/airflow/.local/lib/python3.12/site-packages/sqlalchemy/engine/base.py", line 2208, in _handle_dbapi_exception_noconnection
    util.raise_(
  File "/home/airflow/.local/lib/python3.12/site-packages/sqlalchemy/util/compat.py", line 211, in raise_
    raise exception
  File "/home/airflow/.local/lib/python3.12/site-packages/sqlalchemy/engine/base.py", line 3371, in _wrap_pool_connect
    return fn()
           ^^^^
  File "/home/airflow/.local/lib/python3.12/site-packages/sqlalchemy/pool/base.py", line 327, in connect
    return _ConnectionFairy._checkout(self)
           ^^^^^^^^^^^^^^^^^^^^^^^^^^^^^^^^
  File "/home/airflow/.local/lib/python3.12/site-packages/sqlalchemy/pool/base.py", line 894, in _checkout
    fairy = _ConnectionRecord.checkout(pool)
            ^^^^^^^^^^^^^^^^^^^^^^^^^^^^^^^^
  File "/home/airflow/.local/lib/python3.12/site-packages/sqlalchemy/pool/base.py", line 493, in checkout
    rec = pool._do_get()
          ^^^^^^^^^^^^^^
  File "/home/airflow/.local/lib/python3.12/site-packages/sqlalchemy/pool/impl.py", line 256, in _do_get
    return self._create_connection()
           ^^^^^^^^^^^^^^^^^^^^^^^^^
  File "/home/airflow/.local/lib/python3.12/site-packages/sqlalchemy/pool/base.py", line 273, in _create_connection
    return _ConnectionRecord(self)
           ^^^^^^^^^^^^^^^^^^^^^^^
  File "/home/airflow/.local/lib/python3.12/site-packages/sqlalchemy/pool/base.py", line 388, in __init__
    self.__connect()
  File "/home/airflow/.local/lib/python3.12/site-packages/sqlalchemy/pool/base.py", line 690, in __connect
    with util.safe_reraise():
  File "/home/airflow/.local/lib/python3.12/site-packages/sqlalchemy/util/langhelpers.py", line 70, in __exit__
    compat.raise_(
  File "/home/airflow/.local/lib/python3.12/site-packages/sqlalchemy/util/compat.py", line 211, in raise_
    raise exception
  File "/home/airflow/.local/lib/python3.12/site-packages/sqlalchemy/pool/base.py", line 686, in __connect
    self.dbapi_connection = connection = pool._invoke_creator(self)
                                         ^^^^^^^^^^^^^^^^^^^^^^^^^^
  File "/home/airflow/.local/lib/python3.12/site-packages/sqlalchemy/engine/create.py", line 574, in connect
    return dialect.connect(*cargs, **cparams)
           ^^^^^^^^^^^^^^^^^^^^^^^^^^^^^^^^^^
  File "/home/airflow/.local/lib/python3.12/site-packages/sqlalchemy/engine/default.py", line 598, in connect
    return self.dbapi.connect(*cargs, **cparams)
           ^^^^^^^^^^^^^^^^^^^^^^^^^^^^^^^^^^^^^
  File "/home/airflow/.local/lib/python3.12/site-packages/psycopg2/__init__.py", line 122, in connect
    conn = _connect(dsn, connection_factory=connection_factory, **kwasync)
           ^^^^^^^^^^^^^^^^^^^^^^^^^^^^^^^^^^^^^^^^^^^^^^^^^^^^^^^^^^^^^^^
sqlalchemy.exc.OperationalError: (psycopg2.OperationalError) could not translate host name "postgres" to address: Temporary failure in name resolution

(Background on this error at: https://sqlalche.me/e/14/e3q8)
[2026-07-17T05:35:54.388+0000] {job.py:226} ERROR - Job heartbeat failed with error. Scheduler is in unhealthy state
[2026-07-17T05:36:47.742+0000] {job.py:221} ERROR - Job heartbeat failed with error. Scheduler may go into unhealthy state
[2026-07-17T05:36:56.492+0000] {subprocess.py:93} INFO - 26/07/17 05:35:22 WARN AdminClientConfig: These configurations '[key.deserializer, value.deserializer, enable.auto.commit, max.poll.records, auto.offset.reset]' were supplied but are not used yet.
[2026-07-17T05:36:56.510+0000] {subprocess.py:93} INFO - 26/07/17 05:35:24 WARN ResolveWriteToStream: spark.sql.adaptive.enabled is not supported in streaming DataFrames/Datasets and will be disabled.
[2026-07-17T05:36:56.513+0000] {subprocess.py:93} INFO - 26/07/17 05:35:28 WARN AdminClientConfig: These configurations '[key.deserializer, value.deserializer, enable.auto.commit, max.poll.records, auto.offset.reset]' were supplied but are not used yet.
[2026-07-17T05:36:56.515+0000] {subprocess.py:93} INFO - 26/07/17 05:36:07 WARN TaskSetManager: Lost task 0.0 in stage 5.0 (TID 5) (172.18.0.5 executor 0): java.io.IOException: org.apache.spark.SparkException: [INTERNAL_ERROR_BROADCAST] Failed to get broadcast_11_piece0 of broadcast_11
[2026-07-17T05:36:56.517+0000] {subprocess.py:93} INFO - 	at org.apache.spark.util.SparkErrorUtils.tryOrIOException(SparkErrorUtils.scala:42)
[2026-07-17T05:36:56.526+0000] {subprocess.py:93} INFO - 	at org.apache.spark.util.SparkErrorUtils.tryOrIOException$(SparkErrorUtils.scala:33)
[2026-07-17T05:36:56.543+0000] {subprocess.py:93} INFO - 	at org.apache.spark.util.Utils$.tryOrIOException(Utils.scala:94)
[2026-07-17T05:36:56.556+0000] {subprocess.py:93} INFO - 	at org.apache.spark.broadcast.TorrentBroadcast.readBroadcastBlock(TorrentBroadcast.scala:252)
[2026-07-17T05:36:56.577+0000] {subprocess.py:93} INFO - 	at org.apache.spark.broadcast.TorrentBroadcast.getValue(TorrentBroadcast.scala:109)
[2026-07-17T05:36:56.580+0000] {subprocess.py:93} INFO - 	at org.apache.spark.broadcast.Broadcast.value(Broadcast.scala:70)
[2026-07-17T05:36:56.598+0000] {subprocess.py:93} INFO - 	at org.apache.spark.scheduler.ResultTask.runTask(ResultTask.scala:87)
[2026-07-17T05:36:56.603+0000] {subprocess.py:93} INFO - 	at org.apache.spark.TaskContext.runTaskWithListeners(TaskContext.scala:166)
[2026-07-17T05:36:56.653+0000] {subprocess.py:93} INFO - 	at org.apache.spark.scheduler.Task.run(Task.scala:141)
[2026-07-17T05:36:56.663+0000] {subprocess.py:93} INFO - 	at org.apache.spark.executor.Executor$TaskRunner.$anonfun$run$4(Executor.scala:620)
[2026-07-17T05:36:56.665+0000] {subprocess.py:93} INFO - 	at org.apache.spark.util.SparkErrorUtils.tryWithSafeFinally(SparkErrorUtils.scala:64)
[2026-07-17T05:36:56.667+0000] {subprocess.py:93} INFO - 	at org.apache.spark.util.SparkErrorUtils.tryWithSafeFinally$(SparkErrorUtils.scala:61)
[2026-07-17T05:36:56.679+0000] {subprocess.py:93} INFO - 	at org.apache.spark.util.Utils$.tryWithSafeFinally(Utils.scala:94)
[2026-07-17T05:36:56.698+0000] {subprocess.py:93} INFO - 	at org.apache.spark.executor.Executor$TaskRunner.run(Executor.scala:623)
[2026-07-17T05:36:56.718+0000] {subprocess.py:93} INFO - 	at java.base/java.util.concurrent.ThreadPoolExecutor.runWorker(Unknown Source)
[2026-07-17T05:36:56.727+0000] {subprocess.py:93} INFO - 	at java.base/java.util.concurrent.ThreadPoolExecutor$Worker.run(Unknown Source)
[2026-07-17T05:36:56.749+0000] {subprocess.py:93} INFO - 	at java.base/java.lang.Thread.run(Unknown Source)
[2026-07-17T05:36:56.776+0000] {subprocess.py:93} INFO - Caused by: org.apache.spark.SparkException: [INTERNAL_ERROR_BROADCAST] Failed to get broadcast_11_piece0 of broadcast_11
[2026-07-17T05:36:56.820+0000] {subprocess.py:93} INFO - 	at org.apache.spark.SparkException$.internalError(SparkException.scala:92)
[2026-07-17T05:36:56.845+0000] {subprocess.py:93} INFO - 	at org.apache.spark.SparkException$.internalError(SparkException.scala:100)
[2026-07-17T05:36:56.878+0000] {subprocess.py:93} INFO - 	at org.apache.spark.broadcast.TorrentBroadcast.$anonfun$readBlocks$1(TorrentBroadcast.scala:223)
[2026-07-17T05:36:56.900+0000] {subprocess.py:93} INFO - 	at scala.runtime.java8.JFunction1$mcVI$sp.apply(JFunction1$mcVI$sp.java:23)
[2026-07-17T05:36:56.992+0000] {subprocess.py:93} INFO - 	at scala.collection.immutable.List.foreach(List.scala:431)
[2026-07-17T05:36:56.994+0000] {subprocess.py:93} INFO - 	at org.apache.spark.broadcast.TorrentBroadcast.readBlocks(TorrentBroadcast.scala:192)
[2026-07-17T05:36:57.012+0000] {subprocess.py:93} INFO - 	at org.apache.spark.broadcast.TorrentBroadcast.$anonfun$readBroadcastBlock$4(TorrentBroadcast.scala:281)
[2026-07-17T05:36:57.044+0000] {subprocess.py:93} INFO - 	at scala.Option.getOrElse(Option.scala:189)
[2026-07-17T05:36:57.046+0000] {subprocess.py:93} INFO - 	at org.apache.spark.broadcast.TorrentBroadcast.$anonfun$readBroadcastBlock$2(TorrentBroadcast.scala:257)
[2026-07-17T05:36:57.048+0000] {subprocess.py:93} INFO - 	at org.apache.spark.util.KeyLock.withLock(KeyLock.scala:64)
[2026-07-17T05:36:57.053+0000] {subprocess.py:93} INFO - 	at org.apache.spark.broadcast.TorrentBroadcast.$anonfun$readBroadcastBlock$1(TorrentBroadcast.scala:252)
[2026-07-17T05:36:57.068+0000] {subprocess.py:93} INFO - 	at org.apache.spark.util.SparkErrorUtils.tryOrIOException(SparkErrorUtils.scala:35)
[2026-07-17T05:36:57.081+0000] {subprocess.py:93} INFO - 	... 16 more
[2026-07-17T05:36:57.101+0000] {subprocess.py:93} INFO - 
[2026-07-17T05:36:57.400+0000] {subprocess.py:93} INFO - Traceback (most recent call last):
[2026-07-17T05:36:57.402+0000] {subprocess.py:93} INFO -   File "/opt/pipelines/bronze_runner.py", line 83, in <module>
[2026-07-17T05:36:57.415+0000] {subprocess.py:93} INFO -     q.stop()
[2026-07-17T05:36:57.419+0000] {subprocess.py:93} INFO -   File "/opt/spark/python/lib/pyspark.zip/pyspark/sql/streaming/query.py", line 372, in stop
[2026-07-17T05:36:57.457+0000] {subprocess.py:93} INFO -   File "/opt/spark/python/lib/py4j-0.10.9.7-src.zip/py4j/java_gateway.py", line 1322, in __call__
[2026-07-17T05:36:57.486+0000] {subprocess.py:93} INFO -   File "/opt/spark/python/lib/pyspark.zip/pyspark/errors/exceptions/captured.py", line 179, in deco
[2026-07-17T05:36:57.491+0000] {subprocess.py:93} INFO -   File "/opt/spark/python/lib/py4j-0.10.9.7-src.zip/py4j/protocol.py", line 326, in get_return_value
[2026-07-17T05:36:57.517+0000] {subprocess.py:93} INFO - py4j.protocol.Py4JJavaError: An error occurred while calling o51.stop.
[2026-07-17T05:36:57.523+0000] {subprocess.py:93} INFO - : java.lang.IllegalStateException: Cannot call methods on a stopped SparkContext.
[2026-07-17T05:36:57.540+0000] {subprocess.py:93} INFO - This stopped SparkContext was created at:
[2026-07-17T05:36:57.547+0000] {subprocess.py:93} INFO - 
[2026-07-17T05:36:57.551+0000] {subprocess.py:93} INFO - org.apache.spark.api.java.JavaSparkContext.<init>(JavaSparkContext.scala:58)
[2026-07-17T05:36:57.553+0000] {subprocess.py:93} INFO - java.base/jdk.internal.reflect.NativeConstructorAccessorImpl.newInstance0(Native Method)
[2026-07-17T05:36:57.557+0000] {subprocess.py:93} INFO - java.base/jdk.internal.reflect.NativeConstructorAccessorImpl.newInstance(Unknown Source)
[2026-07-17T05:36:57.570+0000] {subprocess.py:93} INFO - java.base/jdk.internal.reflect.DelegatingConstructorAccessorImpl.newInstance(Unknown Source)
[2026-07-17T05:36:57.574+0000] {subprocess.py:93} INFO - java.base/java.lang.reflect.Constructor.newInstance(Unknown Source)
[2026-07-17T05:36:57.596+0000] {subprocess.py:93} INFO - py4j.reflection.MethodInvoker.invoke(MethodInvoker.java:247)
[2026-07-17T05:36:57.598+0000] {subprocess.py:93} INFO - py4j.reflection.ReflectionEngine.invoke(ReflectionEngine.java:374)
[2026-07-17T05:36:57.599+0000] {subprocess.py:93} INFO - py4j.Gateway.invoke(Gateway.java:238)
[2026-07-17T05:36:57.600+0000] {subprocess.py:93} INFO - py4j.commands.ConstructorCommand.invokeConstructor(ConstructorCommand.java:80)
[2026-07-17T05:36:57.601+0000] {subprocess.py:93} INFO - py4j.commands.ConstructorCommand.execute(ConstructorCommand.java:69)
[2026-07-17T05:36:57.604+0000] {subprocess.py:93} INFO - py4j.ClientServerConnection.waitForCommands(ClientServerConnection.java:182)
[2026-07-17T05:36:57.610+0000] {subprocess.py:93} INFO - py4j.ClientServerConnection.run(ClientServerConnection.java:106)
[2026-07-17T05:36:57.612+0000] {subprocess.py:93} INFO - java.base/java.lang.Thread.run(Unknown Source)
[2026-07-17T05:36:57.613+0000] {subprocess.py:93} INFO - 
[2026-07-17T05:36:57.614+0000] {subprocess.py:93} INFO - The currently active SparkContext was created at:
[2026-07-17T05:36:57.614+0000] {subprocess.py:93} INFO - 
[2026-07-17T05:36:57.615+0000] {subprocess.py:93} INFO - org.apache.spark.api.java.JavaSparkContext.<init>(JavaSparkContext.scala:58)
[2026-07-17T05:36:57.616+0000] {subprocess.py:93} INFO - java.base/jdk.internal.reflect.NativeConstructorAccessorImpl.newInstance0(Native Method)
[2026-07-17T05:36:57.618+0000] {subprocess.py:93} INFO - java.base/jdk.internal.reflect.NativeConstructorAccessorImpl.newInstance(Unknown Source)
[2026-07-17T05:36:57.625+0000] {subprocess.py:93} INFO - java.base/jdk.internal.reflect.DelegatingConstructorAccessorImpl.newInstance(Unknown Source)
[2026-07-17T05:36:57.627+0000] {subprocess.py:93} INFO - java.base/java.lang.reflect.Constructor.newInstance(Unknown Source)
[2026-07-17T05:36:57.629+0000] {subprocess.py:93} INFO - py4j.reflection.MethodInvoker.invoke(MethodInvoker.java:247)
[2026-07-17T05:36:57.630+0000] {subprocess.py:93} INFO - py4j.reflection.ReflectionEngine.invoke(ReflectionEngine.java:374)
[2026-07-17T05:36:57.631+0000] {subprocess.py:93} INFO - py4j.Gateway.invoke(Gateway.java:238)
[2026-07-17T05:36:57.632+0000] {subprocess.py:93} INFO - py4j.commands.ConstructorCommand.invokeConstructor(ConstructorCommand.java:80)
[2026-07-17T05:36:57.640+0000] {subprocess.py:93} INFO - py4j.commands.ConstructorCommand.execute(ConstructorCommand.java:69)
[2026-07-17T05:36:57.645+0000] {subprocess.py:93} INFO - py4j.ClientServerConnection.waitForCommands(ClientServerConnection.java:182)
[2026-07-17T05:36:57.649+0000] {subprocess.py:93} INFO - py4j.ClientServerConnection.run(ClientServerConnection.java:106)
[2026-07-17T05:36:57.659+0000] {subprocess.py:93} INFO - java.base/java.lang.Thread.run(Unknown Source)
[2026-07-17T05:36:57.663+0000] {subprocess.py:93} INFO - 
[2026-07-17T05:36:57.668+0000] {subprocess.py:93} INFO - 	at org.apache.spark.SparkContext.assertNotStopped(SparkContext.scala:122)
[2026-07-17T05:36:57.669+0000] {subprocess.py:93} INFO - 	at org.apache.spark.SparkContext.cancelJobGroup(SparkContext.scala:2577)
[2026-07-17T05:36:57.670+0000] {subprocess.py:93} INFO - 	at org.apache.spark.sql.execution.streaming.MicroBatchExecution.stop(MicroBatchExecution.scala:210)
[2026-07-17T05:36:57.684+0000] {subprocess.py:93} INFO - 	at org.apache.spark.sql.execution.streaming.StreamingQueryWrapper.stop(StreamingQueryWrapper.scala:61)
[2026-07-17T05:36:57.685+0000] {subprocess.py:93} INFO - 	at java.base/jdk.internal.reflect.NativeMethodAccessorImpl.invoke0(Native Method)
[2026-07-17T05:36:57.686+0000] {subprocess.py:93} INFO - 	at java.base/jdk.internal.reflect.NativeMethodAccessorImpl.invoke(Unknown Source)
[2026-07-17T05:36:57.687+0000] {subprocess.py:93} INFO - 	at java.base/jdk.internal.reflect.DelegatingMethodAccessorImpl.invoke(Unknown Source)
[2026-07-17T05:36:57.689+0000] {subprocess.py:93} INFO - 	at java.base/java.lang.reflect.Method.invoke(Unknown Source)
[2026-07-17T05:36:57.726+0000] {subprocess.py:93} INFO - 	at py4j.reflection.MethodInvoker.invoke(MethodInvoker.java:244)
[2026-07-17T05:36:57.738+0000] {subprocess.py:93} INFO - 	at py4j.reflection.ReflectionEngine.invoke(ReflectionEngine.java:374)
[2026-07-17T05:36:57.747+0000] {subprocess.py:93} INFO - 	at py4j.Gateway.invoke(Gateway.java:282)
[2026-07-17T05:36:57.758+0000] {subprocess.py:93} INFO - 	at py4j.commands.AbstractCommand.invokeMethod(AbstractCommand.java:132)
[2026-07-17T05:36:57.769+0000] {subprocess.py:93} INFO - 	at py4j.commands.CallCommand.execute(CallCommand.java:79)
[2026-07-17T05:36:57.782+0000] {subprocess.py:93} INFO - 	at py4j.ClientServerConnection.waitForCommands(ClientServerConnection.java:182)
[2026-07-17T05:36:57.804+0000] {subprocess.py:93} INFO - 	at py4j.ClientServerConnection.run(ClientServerConnection.java:106)
[2026-07-17T05:36:57.825+0000] {subprocess.py:93} INFO - 	at java.base/java.lang.Thread.run(Unknown Source)
[2026-07-17T05:36:57.855+0000] {subprocess.py:93} INFO - 
[2026-07-17T05:36:59.096+0000] {subprocess.py:97} INFO - Command exited with return code 124
[2026-07-17T05:36:59.113+0000] {taskinstance.py:441} INFO - ::group::Post task execution logs
[2026-07-17T05:36:59.270+0000] {taskinstance.py:2890} ERROR - Task failed with exception
Traceback (most recent call last):
  File "/home/airflow/.local/lib/python3.12/site-packages/airflow/models/taskinstance.py", line 465, in _execute_task
    result = _execute_callable(context=context, **execute_callable_kwargs)
             ^^^^^^^^^^^^^^^^^^^^^^^^^^^^^^^^^^^^^^^^^^^^^^^^^^^^^^^^^^^^^
  File "/home/airflow/.local/lib/python3.12/site-packages/airflow/models/taskinstance.py", line 432, in _execute_callable
    return execute_callable(context=context, **execute_callable_kwargs)
           ^^^^^^^^^^^^^^^^^^^^^^^^^^^^^^^^^^^^^^^^^^^^^^^^^^^^^^^^^^^^
  File "/home/airflow/.local/lib/python3.12/site-packages/airflow/models/baseoperator.py", line 400, in wrapper
    return func(self, *args, **kwargs)
           ^^^^^^^^^^^^^^^^^^^^^^^^^^^
  File "/home/airflow/.local/lib/python3.12/site-packages/airflow/operators/bash.py", line 243, in execute
    raise AirflowException(
airflow.exceptions.AirflowException: Bash command failed. The command returned a non-zero exit code 124.
[2026-07-17T05:36:59.310+0000] {taskinstance.py:1205} INFO - Marking task as UP_FOR_RETRY. dag_id=e-commerce_kafka_streaming_pipeline_v1, task_id=run_bronze, execution_date=20260716T160000, start_date=20260717T053359, end_date=20260717T053659
[2026-07-17T05:36:59.393+0000] {standard_task_runner.py:110} ERROR - Failed to execute job 77 for task run_bronze (Bash command failed. The command returned a non-zero exit code 124.; 2693)
[2026-07-17T05:36:59.450+0000] {local_task_job_runner.py:240} INFO - Task exited with return code 1
[2026-07-17T05:36:59.533+0000] {taskinstance.py:3482} INFO - 0 downstream tasks scheduled from follow-on schedule check
[2026-07-17T05:36:59.537+0000] {local_task_job_runner.py:222} INFO - ::endgroup::
