[2026-07-21T10:02:04.762+0000] {local_task_job_runner.py:120} INFO - ::group::Pre task execution logs
[2026-07-21T10:02:04.798+0000] {taskinstance.py:2073} INFO - Dependencies all met for dep_context=non-requeueable deps ti=<TaskInstance: e-commerce_kafka_streaming_pipeline_v1.run_silver scheduled__2026-07-21T09:00:00+00:00 [queued]>
[2026-07-21T10:02:04.809+0000] {taskinstance.py:2073} INFO - Dependencies all met for dep_context=requeueable deps ti=<TaskInstance: e-commerce_kafka_streaming_pipeline_v1.run_silver scheduled__2026-07-21T09:00:00+00:00 [queued]>
[2026-07-21T10:02:04.811+0000] {taskinstance.py:2303} INFO - Starting attempt 1 of 2
[2026-07-21T10:02:04.826+0000] {taskinstance.py:2327} INFO - Executing <Task(BashOperator): run_silver> on 2026-07-21 09:00:00+00:00
[2026-07-21T10:02:04.836+0000] {standard_task_runner.py:90} INFO - Running: ['***', 'tasks', 'run', 'e-commerce_kafka_streaming_pipeline_v1', 'run_silver', 'scheduled__2026-07-21T09:00:00+00:00', '--job-id', '295', '--raw', '--subdir', 'DAGS_FOLDER/sdp_pipeline_dag.py', '--cfg-path', '/tmp/tmpb5taxw5l']
[2026-07-21T10:02:04.839+0000] {standard_task_runner.py:91} INFO - Job 295: Subtask run_silver
[2026-07-21T10:02:04.844+0000] {logging_mixin.py:188} WARNING - /home/***/.local/lib/python3.12/site-packages/***/task/task_runner/standard_task_runner.py:61 DeprecationWarning: This process (pid=14648) is multi-threaded, use of fork() may lead to deadlocks in the child.
[2026-07-21T10:02:04.846+0000] {standard_task_runner.py:63} INFO - Started process 14649 to run task
[2026-07-21T10:02:04.912+0000] {task_command.py:426} INFO - Running <TaskInstance: e-commerce_kafka_streaming_pipeline_v1.run_silver scheduled__2026-07-21T09:00:00+00:00 [running]> on host da27550080bf
[2026-07-21T10:02:05.033+0000] {taskinstance.py:2644} INFO - Exporting env vars: AIRFLOW_CTX_DAG_OWNER='dev' AIRFLOW_CTX_DAG_ID='e-commerce_kafka_streaming_pipeline_v1' AIRFLOW_CTX_TASK_ID='run_silver' AIRFLOW_CTX_EXECUTION_DATE='2026-07-21T09:00:00+00:00' AIRFLOW_CTX_TRY_NUMBER='1' AIRFLOW_CTX_DAG_RUN_ID='scheduled__2026-07-21T09:00:00+00:00'
[2026-07-21T10:02:05.035+0000] {taskinstance.py:430} INFO - ::endgroup::
[2026-07-21T10:02:05.053+0000] {subprocess.py:63} INFO - Tmp dir root location: /tmp
[2026-07-21T10:02:05.057+0000] {subprocess.py:75} INFO - Running command: ['/usr/bin/bash', '-c', 'timeout 150s docker run --rm --network streaming_kafka_project_sdp-net --volume /d/Streaming_kafka_project/pipelines:/opt/pipelines --volume /d/Streaming_kafka_project/data:/opt/data --volume /d/Streaming_kafka_project/checkpoints:/opt/checkpoints --volume /d/Streaming_kafka_project/jars:/opt/jars apache/spark:3.5.1 /opt/spark/bin/spark-submit --master spark://sdp-spark-master:7077 --executor-cores 1 --executor-memory 512m --total-executor-cores 3 --jars /opt/jars/delta-spark_2.12-3.2.0.jar,/opt/jars/delta-storage-3.2.0.jar,/opt/jars/spark-sql-kafka-0-10_2.12-3.5.1.jar,/opt/jars/kafka-clients-3.4.1.jar,/opt/jars/spark-token-provider-kafka-0-10_2.12-3.5.1.jar,/opt/jars/commons-pool2-2.11.1.jar --conf spark.sql.extensions=io.delta.sql.DeltaSparkSessionExtension --conf spark.sql.catalog.spark_catalog=org.apache.spark.sql.delta.catalog.DeltaCatalog  /opt/pipelines/silver_runner.py']
[2026-07-21T10:02:05.071+0000] {subprocess.py:86} INFO - Output:
[2026-07-21T10:02:07.308+0000] {subprocess.py:93} INFO - 26/07/21 10:02:07 WARN NativeCodeLoader: Unable to load native-hadoop library for your platform... using builtin-java classes where applicable
[2026-07-21T10:02:08.050+0000] {subprocess.py:93} INFO - 26/07/21 10:02:08 INFO SparkContext: Running Spark version 3.5.1
[2026-07-21T10:02:08.051+0000] {subprocess.py:93} INFO - 26/07/21 10:02:08 INFO SparkContext: OS info Linux, 6.18.33.2-microsoft-standard-WSL2, amd64
[2026-07-21T10:02:08.052+0000] {subprocess.py:93} INFO - 26/07/21 10:02:08 INFO SparkContext: Java version 11.0.22
[2026-07-21T10:02:08.076+0000] {subprocess.py:93} INFO - 26/07/21 10:02:08 INFO ResourceUtils: ==============================================================
[2026-07-21T10:02:08.078+0000] {subprocess.py:93} INFO - 26/07/21 10:02:08 INFO ResourceUtils: No custom resources configured for spark.driver.
[2026-07-21T10:02:08.079+0000] {subprocess.py:93} INFO - 26/07/21 10:02:08 INFO ResourceUtils: ==============================================================
[2026-07-21T10:02:08.079+0000] {subprocess.py:93} INFO - 26/07/21 10:02:08 INFO SparkContext: Submitted application: SDP-Silver
[2026-07-21T10:02:08.097+0000] {subprocess.py:93} INFO - 26/07/21 10:02:08 INFO ResourceProfile: Default ResourceProfile created, executor resources: Map(cores -> name: cores, amount: 1, script: , vendor: , memory -> name: memory, amount: 512, script: , vendor: , offHeap -> name: offHeap, amount: 0, script: , vendor: ), task resources: Map(cpus -> name: cpus, amount: 1.0)
[2026-07-21T10:02:08.108+0000] {subprocess.py:93} INFO - 26/07/21 10:02:08 INFO ResourceProfile: Limiting resource is cpus at 1 tasks per executor
[2026-07-21T10:02:08.112+0000] {subprocess.py:93} INFO - 26/07/21 10:02:08 INFO ResourceProfileManager: Added ResourceProfile id: 0
[2026-07-21T10:02:08.165+0000] {subprocess.py:93} INFO - 26/07/21 10:02:08 INFO SecurityManager: Changing view acls to: spark
[2026-07-21T10:02:08.167+0000] {subprocess.py:93} INFO - 26/07/21 10:02:08 INFO SecurityManager: Changing modify acls to: spark
[2026-07-21T10:02:08.169+0000] {subprocess.py:93} INFO - 26/07/21 10:02:08 INFO SecurityManager: Changing view acls groups to:
[2026-07-21T10:02:08.170+0000] {subprocess.py:93} INFO - 26/07/21 10:02:08 INFO SecurityManager: Changing modify acls groups to:
[2026-07-21T10:02:08.171+0000] {subprocess.py:93} INFO - 26/07/21 10:02:08 INFO SecurityManager: SecurityManager: authentication disabled; ui acls disabled; users with view permissions: spark; groups with view permissions: EMPTY; users with modify permissions: spark; groups with modify permissions: EMPTY
[2026-07-21T10:02:08.431+0000] {subprocess.py:93} INFO - 26/07/21 10:02:08 INFO Utils: Successfully started service 'sparkDriver' on port 44971.
[2026-07-21T10:02:08.468+0000] {subprocess.py:93} INFO - 26/07/21 10:02:08 INFO SparkEnv: Registering MapOutputTracker
[2026-07-21T10:02:08.510+0000] {subprocess.py:93} INFO - 26/07/21 10:02:08 INFO SparkEnv: Registering BlockManagerMaster
[2026-07-21T10:02:08.525+0000] {subprocess.py:93} INFO - 26/07/21 10:02:08 INFO BlockManagerMasterEndpoint: Using org.apache.spark.storage.DefaultTopologyMapper for getting topology information
[2026-07-21T10:02:08.527+0000] {subprocess.py:93} INFO - 26/07/21 10:02:08 INFO BlockManagerMasterEndpoint: BlockManagerMasterEndpoint up
[2026-07-21T10:02:08.531+0000] {subprocess.py:93} INFO - 26/07/21 10:02:08 INFO SparkEnv: Registering BlockManagerMasterHeartbeat
[2026-07-21T10:02:08.550+0000] {subprocess.py:93} INFO - 26/07/21 10:02:08 INFO DiskBlockManager: Created local directory at /tmp/blockmgr-f06906d8-30a7-4029-bb54-99dffefe3e33
[2026-07-21T10:02:08.561+0000] {subprocess.py:93} INFO - 26/07/21 10:02:08 INFO MemoryStore: MemoryStore started with capacity 434.4 MiB
[2026-07-21T10:02:08.575+0000] {subprocess.py:93} INFO - 26/07/21 10:02:08 INFO SparkEnv: Registering OutputCommitCoordinator
[2026-07-21T10:02:08.705+0000] {subprocess.py:93} INFO - 26/07/21 10:02:08 INFO JettyUtils: Start Jetty 0.0.0.0:4040 for SparkUI
[2026-07-21T10:02:08.760+0000] {subprocess.py:93} INFO - 26/07/21 10:02:08 INFO Utils: Successfully started service 'SparkUI' on port 4040.
[2026-07-21T10:02:08.795+0000] {subprocess.py:93} INFO - 26/07/21 10:02:08 INFO SparkContext: Added JAR file:///opt/jars/delta-spark_2.12-3.2.0.jar at spark://1d51c1d6af8d:44971/jars/delta-spark_2.12-3.2.0.jar with timestamp 1784628128041
[2026-07-21T10:02:08.796+0000] {subprocess.py:93} INFO - 26/07/21 10:02:08 INFO SparkContext: Added JAR file:///opt/jars/delta-storage-3.2.0.jar at spark://1d51c1d6af8d:44971/jars/delta-storage-3.2.0.jar with timestamp 1784628128041
[2026-07-21T10:02:08.797+0000] {subprocess.py:93} INFO - 26/07/21 10:02:08 INFO SparkContext: Added JAR file:///opt/jars/spark-sql-kafka-0-10_2.12-3.5.1.jar at spark://1d51c1d6af8d:44971/jars/spark-sql-kafka-0-10_2.12-3.5.1.jar with timestamp 1784628128041
[2026-07-21T10:02:08.799+0000] {subprocess.py:93} INFO - 26/07/21 10:02:08 INFO SparkContext: Added JAR file:///opt/jars/kafka-clients-3.4.1.jar at spark://1d51c1d6af8d:44971/jars/kafka-clients-3.4.1.jar with timestamp 1784628128041
[2026-07-21T10:02:08.800+0000] {subprocess.py:93} INFO - 26/07/21 10:02:08 INFO SparkContext: Added JAR file:///opt/jars/spark-token-provider-kafka-0-10_2.12-3.5.1.jar at spark://1d51c1d6af8d:44971/jars/spark-token-provider-kafka-0-10_2.12-3.5.1.jar with timestamp 1784628128041
[2026-07-21T10:02:08.801+0000] {subprocess.py:93} INFO - 26/07/21 10:02:08 INFO SparkContext: Added JAR file:///opt/jars/commons-pool2-2.11.1.jar at spark://1d51c1d6af8d:44971/jars/commons-pool2-2.11.1.jar with timestamp 1784628128041
[2026-07-21T10:02:08.881+0000] {subprocess.py:93} INFO - 26/07/21 10:02:08 INFO StandaloneAppClient$ClientEndpoint: Connecting to master spark://sdp-spark-master:7077...
[2026-07-21T10:02:08.939+0000] {subprocess.py:93} INFO - 26/07/21 10:02:08 INFO TransportClientFactory: Successfully created connection to sdp-spark-master/172.18.0.4:7077 after 32 ms (0 ms spent in bootstraps)
[2026-07-21T10:02:09.031+0000] {subprocess.py:93} INFO - 26/07/21 10:02:09 INFO StandaloneSchedulerBackend: Connected to Spark cluster with app ID app-20260721100209-0138
[2026-07-21T10:02:09.038+0000] {subprocess.py:93} INFO - 26/07/21 10:02:09 INFO StandaloneAppClient$ClientEndpoint: Executor added: app-20260721100209-0138/0 on worker-20260716063602-172.18.0.5-44367 (172.18.0.5:44367) with 1 core(s)
[2026-07-21T10:02:09.045+0000] {subprocess.py:93} INFO - 26/07/21 10:02:09 INFO StandaloneSchedulerBackend: Granted executor ID app-20260721100209-0138/0 on hostPort 172.18.0.5:44367 with 1 core(s), 512.0 MiB RAM
[2026-07-21T10:02:09.047+0000] {subprocess.py:93} INFO - 26/07/21 10:02:09 INFO StandaloneAppClient$ClientEndpoint: Executor added: app-20260721100209-0138/1 on worker-20260716063602-172.18.0.5-44367 (172.18.0.5:44367) with 1 core(s)
[2026-07-21T10:02:09.052+0000] {subprocess.py:93} INFO - 26/07/21 10:02:09 INFO StandaloneSchedulerBackend: Granted executor ID app-20260721100209-0138/1 on hostPort 172.18.0.5:44367 with 1 core(s), 512.0 MiB RAM
[2026-07-21T10:02:09.059+0000] {subprocess.py:93} INFO - 26/07/21 10:02:09 INFO StandaloneAppClient$ClientEndpoint: Executor added: app-20260721100209-0138/2 on worker-20260716063602-172.18.0.6-33249 (172.18.0.6:33249) with 1 core(s)
[2026-07-21T10:02:09.061+0000] {subprocess.py:93} INFO - 26/07/21 10:02:09 INFO StandaloneSchedulerBackend: Granted executor ID app-20260721100209-0138/2 on hostPort 172.18.0.6:33249 with 1 core(s), 512.0 MiB RAM
[2026-07-21T10:02:09.096+0000] {subprocess.py:93} INFO - 26/07/21 10:02:09 INFO Utils: Successfully started service 'org.apache.spark.network.netty.NettyBlockTransferService' on port 42497.
[2026-07-21T10:02:09.097+0000] {subprocess.py:93} INFO - 26/07/21 10:02:09 INFO NettyBlockTransferService: Server created on 1d51c1d6af8d:42497
[2026-07-21T10:02:09.101+0000] {subprocess.py:93} INFO - 26/07/21 10:02:09 INFO BlockManager: Using org.apache.spark.storage.RandomBlockReplicationPolicy for block replication policy
[2026-07-21T10:02:09.112+0000] {subprocess.py:93} INFO - 26/07/21 10:02:09 INFO BlockManagerMaster: Registering BlockManager BlockManagerId(driver, 1d51c1d6af8d, 42497, None)
[2026-07-21T10:02:09.116+0000] {subprocess.py:93} INFO - 26/07/21 10:02:09 INFO StandaloneAppClient$ClientEndpoint: Executor updated: app-20260721100209-0138/0 is now RUNNING
[2026-07-21T10:02:09.126+0000] {subprocess.py:93} INFO - 26/07/21 10:02:09 INFO StandaloneAppClient$ClientEndpoint: Executor updated: app-20260721100209-0138/2 is now RUNNING
[2026-07-21T10:02:09.130+0000] {subprocess.py:93} INFO - 26/07/21 10:02:09 INFO BlockManagerMasterEndpoint: Registering block manager 1d51c1d6af8d:42497 with 434.4 MiB RAM, BlockManagerId(driver, 1d51c1d6af8d, 42497, None)
[2026-07-21T10:02:09.139+0000] {subprocess.py:93} INFO - 26/07/21 10:02:09 INFO StandaloneAppClient$ClientEndpoint: Executor updated: app-20260721100209-0138/1 is now RUNNING
[2026-07-21T10:02:09.143+0000] {subprocess.py:93} INFO - 26/07/21 10:02:09 INFO BlockManagerMaster: Registered BlockManager BlockManagerId(driver, 1d51c1d6af8d, 42497, None)
[2026-07-21T10:02:09.145+0000] {subprocess.py:93} INFO - 26/07/21 10:02:09 INFO BlockManager: Initialized BlockManager: BlockManagerId(driver, 1d51c1d6af8d, 42497, None)
[2026-07-21T10:02:09.773+0000] {subprocess.py:93} INFO - 26/07/21 10:02:09 INFO StandaloneSchedulerBackend: SchedulerBackend is ready for scheduling beginning after reached minRegisteredResourcesRatio: 0.0
[2026-07-21T10:02:10.164+0000] {subprocess.py:93} INFO - Starting silver stream: orders --->>  /opt/data/silver/orders
[2026-07-21T10:02:26.197+0000] {subprocess.py:93} INFO - 26/07/21 10:02:26 WARN ResolveWriteToStream: spark.sql.adaptive.enabled is not supported in streaming DataFrames/Datasets and will be disabled.
[2026-07-21T10:02:26.352+0000] {subprocess.py:93} INFO - Silver stream started: /opt/data/bronze/orders --->> /opt/data/silver/orders
[2026-07-21T10:02:26.362+0000] {subprocess.py:93} INFO - Starting silver stream: customers --->>  /opt/data/silver/customers
[2026-07-21T10:02:32.230+0000] {subprocess.py:93} INFO - 26/07/21 10:02:32 WARN ResolveWriteToStream: spark.sql.adaptive.enabled is not supported in streaming DataFrames/Datasets and will be disabled.
[2026-07-21T10:02:32.437+0000] {subprocess.py:93} INFO - Silver stream started: /opt/data/bronze/customers --->> /opt/data/silver/customers
[2026-07-21T10:02:32.440+0000] {subprocess.py:93} INFO - Starting silver stream: products --->>  /opt/data/silver/products
[2026-07-21T10:02:36.746+0000] {subprocess.py:93} INFO - 26/07/21 10:02:36 WARN ResolveWriteToStream: spark.sql.adaptive.enabled is not supported in streaming DataFrames/Datasets and will be disabled.
[2026-07-21T10:02:36.805+0000] {subprocess.py:93} INFO - Silver stream started: /opt/data/bronze/products --->> /opt/data/silver/products
[2026-07-21T10:02:40.335+0000] {subprocess.py:93} INFO - 26/07/21 10:02:40 WARN SparkStringUtils: Truncated the string representation of a plan since it was too large. This behavior can be adjusted by setting 'spark.sql.debug.maxToStringFields'.
[2026-07-21T10:04:10.887+0000] {subprocess.py:97} INFO - Command exited with return code 0
[2026-07-21T10:04:10.890+0000] {taskinstance.py:441} INFO - ::group::Post task execution logs
[2026-07-21T10:04:10.940+0000] {taskinstance.py:1205} INFO - Marking task as SUCCESS. dag_id=e-commerce_kafka_streaming_pipeline_v1, task_id=run_silver, execution_date=20260721T090000, start_date=20260721T100204, end_date=20260721T100410
[2026-07-21T10:04:10.994+0000] {local_task_job_runner.py:240} INFO - Task exited with return code 0
[2026-07-21T10:04:11.037+0000] {taskinstance.py:3482} INFO - 1 downstream tasks scheduled from follow-on schedule check
[2026-07-21T10:04:11.041+0000] {local_task_job_runner.py:222} INFO - ::endgroup::
