[2026-07-21T08:00:05.066+0000] {local_task_job_runner.py:120} INFO - ::group::Pre task execution logs
[2026-07-21T08:00:05.094+0000] {taskinstance.py:2073} INFO - Dependencies all met for dep_context=non-requeueable deps ti=<TaskInstance: e-commerce_kafka_streaming_pipeline_v1.run_bronze scheduled__2026-07-21T07:00:00+00:00 [queued]>
[2026-07-21T08:00:05.101+0000] {taskinstance.py:2073} INFO - Dependencies all met for dep_context=requeueable deps ti=<TaskInstance: e-commerce_kafka_streaming_pipeline_v1.run_bronze scheduled__2026-07-21T07:00:00+00:00 [queued]>
[2026-07-21T08:00:05.102+0000] {taskinstance.py:2303} INFO - Starting attempt 1 of 2
[2026-07-21T08:00:05.116+0000] {taskinstance.py:2327} INFO - Executing <Task(BashOperator): run_bronze> on 2026-07-21 07:00:00+00:00
[2026-07-21T08:00:05.123+0000] {standard_task_runner.py:90} INFO - Running: ['***', 'tasks', 'run', 'e-commerce_kafka_streaming_pipeline_v1', 'run_bronze', 'scheduled__2026-07-21T07:00:00+00:00', '--job-id', '279', '--raw', '--subdir', 'DAGS_FOLDER/sdp_pipeline_dag.py', '--cfg-path', '/tmp/tmpiffdjrmg']
[2026-07-21T08:00:05.126+0000] {standard_task_runner.py:91} INFO - Job 279: Subtask run_bronze
[2026-07-21T08:00:05.141+0000] {logging_mixin.py:188} WARNING - /home/***/.local/lib/python3.12/site-packages/***/task/task_runner/standard_task_runner.py:61 DeprecationWarning: This process (pid=13328) is multi-threaded, use of fork() may lead to deadlocks in the child.
[2026-07-21T08:00:05.142+0000] {standard_task_runner.py:63} INFO - Started process 13329 to run task
[2026-07-21T08:00:05.177+0000] {task_command.py:426} INFO - Running <TaskInstance: e-commerce_kafka_streaming_pipeline_v1.run_bronze scheduled__2026-07-21T07:00:00+00:00 [running]> on host da27550080bf
[2026-07-21T08:00:05.250+0000] {taskinstance.py:2644} INFO - Exporting env vars: AIRFLOW_CTX_DAG_OWNER='dev' AIRFLOW_CTX_DAG_ID='e-commerce_kafka_streaming_pipeline_v1' AIRFLOW_CTX_TASK_ID='run_bronze' AIRFLOW_CTX_EXECUTION_DATE='2026-07-21T07:00:00+00:00' AIRFLOW_CTX_TRY_NUMBER='1' AIRFLOW_CTX_DAG_RUN_ID='scheduled__2026-07-21T07:00:00+00:00'
[2026-07-21T08:00:05.251+0000] {taskinstance.py:430} INFO - ::endgroup::
[2026-07-21T08:00:05.264+0000] {subprocess.py:63} INFO - Tmp dir root location: /tmp
[2026-07-21T08:00:05.267+0000] {subprocess.py:75} INFO - Running command: ['/usr/bin/bash', '-c', 'timeout 150s docker run --rm --network streaming_kafka_project_sdp-net --volume /d/Streaming_kafka_project/pipelines:/opt/pipelines --volume /d/Streaming_kafka_project/data:/opt/data --volume /d/Streaming_kafka_project/checkpoints:/opt/checkpoints --volume /d/Streaming_kafka_project/jars:/opt/jars apache/spark:3.5.1 /opt/spark/bin/spark-submit --master spark://sdp-spark-master:7077 --executor-cores 1 --executor-memory 512m --total-executor-cores 3 --jars /opt/jars/delta-spark_2.12-3.2.0.jar,/opt/jars/delta-storage-3.2.0.jar,/opt/jars/spark-sql-kafka-0-10_2.12-3.5.1.jar,/opt/jars/kafka-clients-3.4.1.jar,/opt/jars/spark-token-provider-kafka-0-10_2.12-3.5.1.jar,/opt/jars/commons-pool2-2.11.1.jar --conf spark.sql.extensions=io.delta.sql.DeltaSparkSessionExtension --conf spark.sql.catalog.spark_catalog=org.apache.spark.sql.delta.catalog.DeltaCatalog  /opt/pipelines/bronze_runner.py']
[2026-07-21T08:00:05.275+0000] {subprocess.py:86} INFO - Output:
[2026-07-21T08:00:06.968+0000] {subprocess.py:93} INFO - 26/07/21 08:00:06 WARN NativeCodeLoader: Unable to load native-hadoop library for your platform... using builtin-java classes where applicable
[2026-07-21T08:00:07.596+0000] {subprocess.py:93} INFO - 26/07/21 08:00:07 INFO SparkContext: Running Spark version 3.5.1
[2026-07-21T08:00:07.597+0000] {subprocess.py:93} INFO - 26/07/21 08:00:07 INFO SparkContext: OS info Linux, 6.18.33.2-microsoft-standard-WSL2, amd64
[2026-07-21T08:00:07.598+0000] {subprocess.py:93} INFO - 26/07/21 08:00:07 INFO SparkContext: Java version 11.0.22
[2026-07-21T08:00:07.619+0000] {subprocess.py:93} INFO - 26/07/21 08:00:07 INFO ResourceUtils: ==============================================================
[2026-07-21T08:00:07.620+0000] {subprocess.py:93} INFO - 26/07/21 08:00:07 INFO ResourceUtils: No custom resources configured for spark.driver.
[2026-07-21T08:00:07.621+0000] {subprocess.py:93} INFO - 26/07/21 08:00:07 INFO ResourceUtils: ==============================================================
[2026-07-21T08:00:07.621+0000] {subprocess.py:93} INFO - 26/07/21 08:00:07 INFO SparkContext: Submitted application: SDP-Bronze
[2026-07-21T08:00:07.637+0000] {subprocess.py:93} INFO - 26/07/21 08:00:07 INFO ResourceProfile: Default ResourceProfile created, executor resources: Map(cores -> name: cores, amount: 1, script: , vendor: , memory -> name: memory, amount: 512, script: , vendor: , offHeap -> name: offHeap, amount: 0, script: , vendor: ), task resources: Map(cpus -> name: cpus, amount: 1.0)
[2026-07-21T08:00:07.646+0000] {subprocess.py:93} INFO - 26/07/21 08:00:07 INFO ResourceProfile: Limiting resource is cpus at 1 tasks per executor
[2026-07-21T08:00:07.647+0000] {subprocess.py:93} INFO - 26/07/21 08:00:07 INFO ResourceProfileManager: Added ResourceProfile id: 0
[2026-07-21T08:00:07.686+0000] {subprocess.py:93} INFO - 26/07/21 08:00:07 INFO SecurityManager: Changing view acls to: spark
[2026-07-21T08:00:07.688+0000] {subprocess.py:93} INFO - 26/07/21 08:00:07 INFO SecurityManager: Changing modify acls to: spark
[2026-07-21T08:00:07.689+0000] {subprocess.py:93} INFO - 26/07/21 08:00:07 INFO SecurityManager: Changing view acls groups to:
[2026-07-21T08:00:07.689+0000] {subprocess.py:93} INFO - 26/07/21 08:00:07 INFO SecurityManager: Changing modify acls groups to:
[2026-07-21T08:00:07.690+0000] {subprocess.py:93} INFO - 26/07/21 08:00:07 INFO SecurityManager: SecurityManager: authentication disabled; ui acls disabled; users with view permissions: spark; groups with view permissions: EMPTY; users with modify permissions: spark; groups with modify permissions: EMPTY
[2026-07-21T08:00:07.920+0000] {subprocess.py:93} INFO - 26/07/21 08:00:07 INFO Utils: Successfully started service 'sparkDriver' on port 38373.
[2026-07-21T08:00:07.956+0000] {subprocess.py:93} INFO - 26/07/21 08:00:07 INFO SparkEnv: Registering MapOutputTracker
[2026-07-21T08:00:07.996+0000] {subprocess.py:93} INFO - 26/07/21 08:00:07 INFO SparkEnv: Registering BlockManagerMaster
[2026-07-21T08:00:08.015+0000] {subprocess.py:93} INFO - 26/07/21 08:00:08 INFO BlockManagerMasterEndpoint: Using org.apache.spark.storage.DefaultTopologyMapper for getting topology information
[2026-07-21T08:00:08.019+0000] {subprocess.py:93} INFO - 26/07/21 08:00:08 INFO BlockManagerMasterEndpoint: BlockManagerMasterEndpoint up
[2026-07-21T08:00:08.021+0000] {subprocess.py:93} INFO - 26/07/21 08:00:08 INFO SparkEnv: Registering BlockManagerMasterHeartbeat
[2026-07-21T08:00:08.046+0000] {subprocess.py:93} INFO - 26/07/21 08:00:08 INFO DiskBlockManager: Created local directory at /tmp/blockmgr-3c50b014-52cf-45e9-94f4-e6b341aba944
[2026-07-21T08:00:08.061+0000] {subprocess.py:93} INFO - 26/07/21 08:00:08 INFO MemoryStore: MemoryStore started with capacity 434.4 MiB
[2026-07-21T08:00:08.082+0000] {subprocess.py:93} INFO - 26/07/21 08:00:08 INFO SparkEnv: Registering OutputCommitCoordinator
[2026-07-21T08:00:08.245+0000] {subprocess.py:93} INFO - 26/07/21 08:00:08 INFO JettyUtils: Start Jetty 0.0.0.0:4040 for SparkUI
[2026-07-21T08:00:08.301+0000] {subprocess.py:93} INFO - 26/07/21 08:00:08 INFO Utils: Successfully started service 'SparkUI' on port 4040.
[2026-07-21T08:00:08.371+0000] {subprocess.py:93} INFO - 26/07/21 08:00:08 INFO SparkContext: Added JAR file:///opt/jars/delta-spark_2.12-3.2.0.jar at spark://6e3fa79cbb05:38373/jars/delta-spark_2.12-3.2.0.jar with timestamp 1784620807587
[2026-07-21T08:00:08.373+0000] {subprocess.py:93} INFO - 26/07/21 08:00:08 INFO SparkContext: Added JAR file:///opt/jars/delta-storage-3.2.0.jar at spark://6e3fa79cbb05:38373/jars/delta-storage-3.2.0.jar with timestamp 1784620807587
[2026-07-21T08:00:08.375+0000] {subprocess.py:93} INFO - 26/07/21 08:00:08 INFO SparkContext: Added JAR file:///opt/jars/spark-sql-kafka-0-10_2.12-3.5.1.jar at spark://6e3fa79cbb05:38373/jars/spark-sql-kafka-0-10_2.12-3.5.1.jar with timestamp 1784620807587
[2026-07-21T08:00:08.376+0000] {subprocess.py:93} INFO - 26/07/21 08:00:08 INFO SparkContext: Added JAR file:///opt/jars/kafka-clients-3.4.1.jar at spark://6e3fa79cbb05:38373/jars/kafka-clients-3.4.1.jar with timestamp 1784620807587
[2026-07-21T08:00:08.377+0000] {subprocess.py:93} INFO - 26/07/21 08:00:08 INFO SparkContext: Added JAR file:///opt/jars/spark-token-provider-kafka-0-10_2.12-3.5.1.jar at spark://6e3fa79cbb05:38373/jars/spark-token-provider-kafka-0-10_2.12-3.5.1.jar with timestamp 1784620807587
[2026-07-21T08:00:08.378+0000] {subprocess.py:93} INFO - 26/07/21 08:00:08 INFO SparkContext: Added JAR file:///opt/jars/commons-pool2-2.11.1.jar at spark://6e3fa79cbb05:38373/jars/commons-pool2-2.11.1.jar with timestamp 1784620807587
[2026-07-21T08:00:08.475+0000] {subprocess.py:93} INFO - 26/07/21 08:00:08 INFO StandaloneAppClient$ClientEndpoint: Connecting to master spark://sdp-spark-master:7077...
[2026-07-21T08:00:08.523+0000] {subprocess.py:93} INFO - 26/07/21 08:00:08 INFO TransportClientFactory: Successfully created connection to sdp-spark-master/172.18.0.4:7077 after 27 ms (0 ms spent in bootstraps)
[2026-07-21T08:00:08.596+0000] {subprocess.py:93} INFO - 26/07/21 08:00:08 INFO StandaloneSchedulerBackend: Connected to Spark cluster with app ID app-20260721080008-0131
[2026-07-21T08:00:08.598+0000] {subprocess.py:93} INFO - 26/07/21 08:00:08 INFO StandaloneAppClient$ClientEndpoint: Executor added: app-20260721080008-0131/0 on worker-20260716063602-172.18.0.5-44367 (172.18.0.5:44367) with 1 core(s)
[2026-07-21T08:00:08.603+0000] {subprocess.py:93} INFO - 26/07/21 08:00:08 INFO StandaloneSchedulerBackend: Granted executor ID app-20260721080008-0131/0 on hostPort 172.18.0.5:44367 with 1 core(s), 512.0 MiB RAM
[2026-07-21T08:00:08.604+0000] {subprocess.py:93} INFO - 26/07/21 08:00:08 INFO StandaloneAppClient$ClientEndpoint: Executor added: app-20260721080008-0131/1 on worker-20260716063602-172.18.0.5-44367 (172.18.0.5:44367) with 1 core(s)
[2026-07-21T08:00:08.605+0000] {subprocess.py:93} INFO - 26/07/21 08:00:08 INFO StandaloneSchedulerBackend: Granted executor ID app-20260721080008-0131/1 on hostPort 172.18.0.5:44367 with 1 core(s), 512.0 MiB RAM
[2026-07-21T08:00:08.606+0000] {subprocess.py:93} INFO - 26/07/21 08:00:08 INFO StandaloneAppClient$ClientEndpoint: Executor added: app-20260721080008-0131/2 on worker-20260716063602-172.18.0.6-33249 (172.18.0.6:33249) with 1 core(s)
[2026-07-21T08:00:08.607+0000] {subprocess.py:93} INFO - 26/07/21 08:00:08 INFO StandaloneSchedulerBackend: Granted executor ID app-20260721080008-0131/2 on hostPort 172.18.0.6:33249 with 1 core(s), 512.0 MiB RAM
[2026-07-21T08:00:08.622+0000] {subprocess.py:93} INFO - 26/07/21 08:00:08 INFO Utils: Successfully started service 'org.apache.spark.network.netty.NettyBlockTransferService' on port 36501.
[2026-07-21T08:00:08.624+0000] {subprocess.py:93} INFO - 26/07/21 08:00:08 INFO NettyBlockTransferService: Server created on 6e3fa79cbb05:36501
[2026-07-21T08:00:08.625+0000] {subprocess.py:93} INFO - 26/07/21 08:00:08 INFO BlockManager: Using org.apache.spark.storage.RandomBlockReplicationPolicy for block replication policy
[2026-07-21T08:00:08.632+0000] {subprocess.py:93} INFO - 26/07/21 08:00:08 INFO BlockManagerMaster: Registering BlockManager BlockManagerId(driver, 6e3fa79cbb05, 36501, None)
[2026-07-21T08:00:08.640+0000] {subprocess.py:93} INFO - 26/07/21 08:00:08 INFO BlockManagerMasterEndpoint: Registering block manager 6e3fa79cbb05:36501 with 434.4 MiB RAM, BlockManagerId(driver, 6e3fa79cbb05, 36501, None)
[2026-07-21T08:00:08.649+0000] {subprocess.py:93} INFO - 26/07/21 08:00:08 INFO BlockManagerMaster: Registered BlockManager BlockManagerId(driver, 6e3fa79cbb05, 36501, None)
[2026-07-21T08:00:08.651+0000] {subprocess.py:93} INFO - 26/07/21 08:00:08 INFO BlockManager: Initialized BlockManager: BlockManagerId(driver, 6e3fa79cbb05, 36501, None)
[2026-07-21T08:00:08.673+0000] {subprocess.py:93} INFO - 26/07/21 08:00:08 INFO StandaloneAppClient$ClientEndpoint: Executor updated: app-20260721080008-0131/2 is now RUNNING
[2026-07-21T08:00:08.675+0000] {subprocess.py:93} INFO - 26/07/21 08:00:08 INFO StandaloneAppClient$ClientEndpoint: Executor updated: app-20260721080008-0131/1 is now RUNNING
[2026-07-21T08:00:08.680+0000] {subprocess.py:93} INFO - 26/07/21 08:00:08 INFO StandaloneAppClient$ClientEndpoint: Executor updated: app-20260721080008-0131/0 is now RUNNING
[2026-07-21T08:00:09.072+0000] {subprocess.py:93} INFO - 26/07/21 08:00:09 INFO StandaloneSchedulerBackend: SchedulerBackend is ready for scheduling beginning after reached minRegisteredResourcesRatio: 0.0
[2026-07-21T08:00:09.404+0000] {subprocess.py:93} INFO - Starting stream: orders -> /opt/data/bronze/orders
[2026-07-21T08:00:20.704+0000] {subprocess.py:93} INFO - 26/07/21 08:00:20 WARN ResolveWriteToStream: spark.sql.adaptive.enabled is not supported in streaming DataFrames/Datasets and will be disabled.
[2026-07-21T08:00:20.831+0000] {subprocess.py:93} INFO - Starting stream: customers -> /opt/data/bronze/customers
[2026-07-21T08:00:23.079+0000] {subprocess.py:93} INFO - 26/07/21 08:00:23 WARN AdminClientConfig: These configurations '[key.deserializer, value.deserializer, enable.auto.commit, max.poll.records, auto.offset.reset]' were supplied but are not used yet.
[2026-07-21T08:00:23.338+0000] {subprocess.py:93} INFO - 26/07/21 08:00:23 WARN ResolveWriteToStream: spark.sql.adaptive.enabled is not supported in streaming DataFrames/Datasets and will be disabled.
[2026-07-21T08:00:23.372+0000] {subprocess.py:93} INFO - Starting stream: products -> /opt/data/bronze/products
[2026-07-21T08:00:24.837+0000] {subprocess.py:93} INFO - 26/07/21 08:00:24 WARN ResolveWriteToStream: spark.sql.adaptive.enabled is not supported in streaming DataFrames/Datasets and will be disabled.
[2026-07-21T08:00:25.363+0000] {subprocess.py:93} INFO - 26/07/21 08:00:25 WARN AdminClientConfig: These configurations '[key.deserializer, value.deserializer, enable.auto.commit, max.poll.records, auto.offset.reset]' were supplied but are not used yet.
[2026-07-21T08:00:26.549+0000] {subprocess.py:93} INFO - 26/07/21 08:00:26 WARN SparkStringUtils: Truncated the string representation of a plan since it was too large. This behavior can be adjusted by setting 'spark.sql.debug.maxToStringFields'.
[2026-07-21T08:00:27.024+0000] {subprocess.py:93} INFO - 26/07/21 08:00:27 WARN AdminClientConfig: These configurations '[key.deserializer, value.deserializer, enable.auto.commit, max.poll.records, auto.offset.reset]' were supplied but are not used yet.
[2026-07-21T08:01:58.229+0000] {subprocess.py:97} INFO - Command exited with return code 0
[2026-07-21T08:01:58.232+0000] {taskinstance.py:441} INFO - ::group::Post task execution logs
[2026-07-21T08:01:58.278+0000] {taskinstance.py:1205} INFO - Marking task as SUCCESS. dag_id=e-commerce_kafka_streaming_pipeline_v1, task_id=run_bronze, execution_date=20260721T070000, start_date=20260721T080005, end_date=20260721T080158
[2026-07-21T08:01:58.317+0000] {local_task_job_runner.py:240} INFO - Task exited with return code 0
[2026-07-21T08:01:58.349+0000] {taskinstance.py:3482} INFO - 1 downstream tasks scheduled from follow-on schedule check
[2026-07-21T08:01:58.353+0000] {local_task_job_runner.py:222} INFO - ::endgroup::
