[2026-07-17T05:44:54.114+0000] {local_task_job_runner.py:120} INFO - ::group::Pre task execution logs
[2026-07-17T05:44:54.152+0000] {taskinstance.py:2073} INFO - Dependencies all met for dep_context=non-requeueable deps ti=<TaskInstance: e-commerce_kafka_streaming_pipeline_v1.run_bronze manual__2026-07-17T05:44:47.925482+00:00 [queued]>
[2026-07-17T05:44:54.161+0000] {taskinstance.py:2073} INFO - Dependencies all met for dep_context=requeueable deps ti=<TaskInstance: e-commerce_kafka_streaming_pipeline_v1.run_bronze manual__2026-07-17T05:44:47.925482+00:00 [queued]>
[2026-07-17T05:44:54.162+0000] {taskinstance.py:2303} INFO - Starting attempt 1 of 2
[2026-07-17T05:44:54.181+0000] {taskinstance.py:2327} INFO - Executing <Task(BashOperator): run_bronze> on 2026-07-17 05:44:47.925482+00:00
[2026-07-17T05:44:54.190+0000] {standard_task_runner.py:90} INFO - Running: ['***', 'tasks', 'run', 'e-commerce_kafka_streaming_pipeline_v1', 'run_bronze', 'manual__2026-07-17T05:44:47.925482+00:00', '--job-id', '88', '--raw', '--subdir', 'DAGS_FOLDER/sdp_pipeline_dag.py', '--cfg-path', '/tmp/tmpa__54bbh']
[2026-07-17T05:44:54.193+0000] {standard_task_runner.py:91} INFO - Job 88: Subtask run_bronze
[2026-07-17T05:44:54.212+0000] {logging_mixin.py:188} WARNING - /home/***/.local/lib/python3.12/site-packages/***/task/task_runner/standard_task_runner.py:61 DeprecationWarning: This process (pid=2884) is multi-threaded, use of fork() may lead to deadlocks in the child.
[2026-07-17T05:44:54.213+0000] {standard_task_runner.py:63} INFO - Started process 2885 to run task
[2026-07-17T05:44:54.255+0000] {task_command.py:426} INFO - Running <TaskInstance: e-commerce_kafka_streaming_pipeline_v1.run_bronze manual__2026-07-17T05:44:47.925482+00:00 [running]> on host da27550080bf
[2026-07-17T05:44:54.339+0000] {taskinstance.py:2644} INFO - Exporting env vars: AIRFLOW_CTX_DAG_OWNER='dev' AIRFLOW_CTX_DAG_ID='e-commerce_kafka_streaming_pipeline_v1' AIRFLOW_CTX_TASK_ID='run_bronze' AIRFLOW_CTX_EXECUTION_DATE='2026-07-17T05:44:47.925482+00:00' AIRFLOW_CTX_TRY_NUMBER='1' AIRFLOW_CTX_DAG_RUN_ID='manual__2026-07-17T05:44:47.925482+00:00'
[2026-07-17T05:44:54.341+0000] {taskinstance.py:430} INFO - ::endgroup::
[2026-07-17T05:44:54.360+0000] {subprocess.py:63} INFO - Tmp dir root location: /tmp
[2026-07-17T05:44:54.364+0000] {subprocess.py:75} INFO - Running command: ['/usr/bin/bash', '-c', 'timeout 150s docker run --rm --network streaming_kafka_project_sdp-net --volume /d/Streaming_kafka_project/pipelines:/opt/pipelines --volume /d/Streaming_kafka_project/data:/opt/data --volume /d/Streaming_kafka_project/checkpoints:/opt/checkpoints --volume /d/Streaming_kafka_project/jars:/opt/jars apache/spark:3.5.1 /opt/spark/bin/spark-submit --master spark://sdp-spark-master:7077 --executor-cores 1 --executor-memory 512m --total-executor-cores 3 --jars /opt/jars/delta-spark_2.12-3.2.0.jar,/opt/jars/delta-storage-3.2.0.jar,/opt/jars/spark-sql-kafka-0-10_2.12-3.5.1.jar,/opt/jars/kafka-clients-3.4.1.jar,/opt/jars/spark-token-provider-kafka-0-10_2.12-3.5.1.jar,/opt/jars/commons-pool2-2.11.1.jar --conf spark.sql.extensions=io.delta.sql.DeltaSparkSessionExtension --conf spark.sql.catalog.spark_catalog=org.apache.spark.sql.delta.catalog.DeltaCatalog  /opt/pipelines/bronze_runner.py']
[2026-07-17T05:44:54.378+0000] {subprocess.py:86} INFO - Output:
[2026-07-17T05:44:57.025+0000] {subprocess.py:93} INFO - 26/07/17 05:44:57 WARN NativeCodeLoader: Unable to load native-hadoop library for your platform... using builtin-java classes where applicable
[2026-07-17T05:44:57.877+0000] {subprocess.py:93} INFO - 26/07/17 05:44:57 INFO SparkContext: Running Spark version 3.5.1
[2026-07-17T05:44:57.891+0000] {subprocess.py:93} INFO - 26/07/17 05:44:57 INFO SparkContext: OS info Linux, 6.18.33.2-microsoft-standard-WSL2, amd64
[2026-07-17T05:44:57.893+0000] {subprocess.py:93} INFO - 26/07/17 05:44:57 INFO SparkContext: Java version 11.0.22
[2026-07-17T05:44:57.936+0000] {subprocess.py:93} INFO - 26/07/17 05:44:57 INFO ResourceUtils: ==============================================================
[2026-07-17T05:44:57.939+0000] {subprocess.py:93} INFO - 26/07/17 05:44:57 INFO ResourceUtils: No custom resources configured for spark.driver.
[2026-07-17T05:44:57.942+0000] {subprocess.py:93} INFO - 26/07/17 05:44:57 INFO ResourceUtils: ==============================================================
[2026-07-17T05:44:57.944+0000] {subprocess.py:93} INFO - 26/07/17 05:44:57 INFO SparkContext: Submitted application: SDP-Bronze
[2026-07-17T05:44:57.983+0000] {subprocess.py:93} INFO - 26/07/17 05:44:57 INFO ResourceProfile: Default ResourceProfile created, executor resources: Map(cores -> name: cores, amount: 1, script: , vendor: , memory -> name: memory, amount: 512, script: , vendor: , offHeap -> name: offHeap, amount: 0, script: , vendor: ), task resources: Map(cpus -> name: cpus, amount: 1.0)
[2026-07-17T05:44:57.995+0000] {subprocess.py:93} INFO - 26/07/17 05:44:57 INFO ResourceProfile: Limiting resource is cpus at 1 tasks per executor
[2026-07-17T05:44:57.997+0000] {subprocess.py:93} INFO - 26/07/17 05:44:57 INFO ResourceProfileManager: Added ResourceProfile id: 0
[2026-07-17T05:44:58.064+0000] {subprocess.py:93} INFO - 26/07/17 05:44:58 INFO SecurityManager: Changing view acls to: spark
[2026-07-17T05:44:58.066+0000] {subprocess.py:93} INFO - 26/07/17 05:44:58 INFO SecurityManager: Changing modify acls to: spark
[2026-07-17T05:44:58.067+0000] {subprocess.py:93} INFO - 26/07/17 05:44:58 INFO SecurityManager: Changing view acls groups to:
[2026-07-17T05:44:58.067+0000] {subprocess.py:93} INFO - 26/07/17 05:44:58 INFO SecurityManager: Changing modify acls groups to:
[2026-07-17T05:44:58.068+0000] {subprocess.py:93} INFO - 26/07/17 05:44:58 INFO SecurityManager: SecurityManager: authentication disabled; ui acls disabled; users with view permissions: spark; groups with view permissions: EMPTY; users with modify permissions: spark; groups with modify permissions: EMPTY
[2026-07-17T05:44:58.347+0000] {subprocess.py:93} INFO - 26/07/17 05:44:58 INFO Utils: Successfully started service 'sparkDriver' on port 36615.
[2026-07-17T05:44:58.399+0000] {subprocess.py:93} INFO - 26/07/17 05:44:58 INFO SparkEnv: Registering MapOutputTracker
[2026-07-17T05:44:58.438+0000] {subprocess.py:93} INFO - 26/07/17 05:44:58 INFO SparkEnv: Registering BlockManagerMaster
[2026-07-17T05:44:58.457+0000] {subprocess.py:93} INFO - 26/07/17 05:44:58 INFO BlockManagerMasterEndpoint: Using org.apache.spark.storage.DefaultTopologyMapper for getting topology information
[2026-07-17T05:44:58.459+0000] {subprocess.py:93} INFO - 26/07/17 05:44:58 INFO BlockManagerMasterEndpoint: BlockManagerMasterEndpoint up
[2026-07-17T05:44:58.462+0000] {subprocess.py:93} INFO - 26/07/17 05:44:58 INFO SparkEnv: Registering BlockManagerMasterHeartbeat
[2026-07-17T05:44:58.488+0000] {subprocess.py:93} INFO - 26/07/17 05:44:58 INFO DiskBlockManager: Created local directory at /tmp/blockmgr-70137780-a7b9-4e2a-a5ea-2249b9b362f3
[2026-07-17T05:44:58.503+0000] {subprocess.py:93} INFO - 26/07/17 05:44:58 INFO MemoryStore: MemoryStore started with capacity 434.4 MiB
[2026-07-17T05:44:58.524+0000] {subprocess.py:93} INFO - 26/07/17 05:44:58 INFO SparkEnv: Registering OutputCommitCoordinator
[2026-07-17T05:44:58.670+0000] {subprocess.py:93} INFO - 26/07/17 05:44:58 INFO JettyUtils: Start Jetty 0.0.0.0:4040 for SparkUI
[2026-07-17T05:44:58.730+0000] {subprocess.py:93} INFO - 26/07/17 05:44:58 INFO Utils: Successfully started service 'SparkUI' on port 4040.
[2026-07-17T05:44:58.775+0000] {subprocess.py:93} INFO - 26/07/17 05:44:58 INFO SparkContext: Added JAR file:///opt/jars/delta-spark_2.12-3.2.0.jar at spark://85164f2292c0:36615/jars/delta-spark_2.12-3.2.0.jar with timestamp 1784267097851
[2026-07-17T05:44:58.778+0000] {subprocess.py:93} INFO - 26/07/17 05:44:58 INFO SparkContext: Added JAR file:///opt/jars/delta-storage-3.2.0.jar at spark://85164f2292c0:36615/jars/delta-storage-3.2.0.jar with timestamp 1784267097851
[2026-07-17T05:44:58.779+0000] {subprocess.py:93} INFO - 26/07/17 05:44:58 INFO SparkContext: Added JAR file:///opt/jars/spark-sql-kafka-0-10_2.12-3.5.1.jar at spark://85164f2292c0:36615/jars/spark-sql-kafka-0-10_2.12-3.5.1.jar with timestamp 1784267097851
[2026-07-17T05:44:58.782+0000] {subprocess.py:93} INFO - 26/07/17 05:44:58 INFO SparkContext: Added JAR file:///opt/jars/kafka-clients-3.4.1.jar at spark://85164f2292c0:36615/jars/kafka-clients-3.4.1.jar with timestamp 1784267097851
[2026-07-17T05:44:58.784+0000] {subprocess.py:93} INFO - 26/07/17 05:44:58 INFO SparkContext: Added JAR file:///opt/jars/spark-token-provider-kafka-0-10_2.12-3.5.1.jar at spark://85164f2292c0:36615/jars/spark-token-provider-kafka-0-10_2.12-3.5.1.jar with timestamp 1784267097851
[2026-07-17T05:44:58.785+0000] {subprocess.py:93} INFO - 26/07/17 05:44:58 INFO SparkContext: Added JAR file:///opt/jars/commons-pool2-2.11.1.jar at spark://85164f2292c0:36615/jars/commons-pool2-2.11.1.jar with timestamp 1784267097851
[2026-07-17T05:44:58.929+0000] {subprocess.py:93} INFO - 26/07/17 05:44:58 INFO StandaloneAppClient$ClientEndpoint: Connecting to master spark://sdp-spark-master:7077...
[2026-07-17T05:44:58.999+0000] {subprocess.py:93} INFO - 26/07/17 05:44:58 INFO TransportClientFactory: Successfully created connection to sdp-spark-master/172.18.0.4:7077 after 33 ms (0 ms spent in bootstraps)
[2026-07-17T05:44:59.087+0000] {subprocess.py:93} INFO - 26/07/17 05:44:59 INFO StandaloneSchedulerBackend: Connected to Spark cluster with app ID app-20260717054459-0039
[2026-07-17T05:44:59.090+0000] {subprocess.py:93} INFO - 26/07/17 05:44:59 INFO StandaloneAppClient$ClientEndpoint: Executor added: app-20260717054459-0039/0 on worker-20260716063602-172.18.0.6-33249 (172.18.0.6:33249) with 1 core(s)
[2026-07-17T05:44:59.092+0000] {subprocess.py:93} INFO - 26/07/17 05:44:59 INFO StandaloneSchedulerBackend: Granted executor ID app-20260717054459-0039/0 on hostPort 172.18.0.6:33249 with 1 core(s), 512.0 MiB RAM
[2026-07-17T05:44:59.094+0000] {subprocess.py:93} INFO - 26/07/17 05:44:59 INFO StandaloneAppClient$ClientEndpoint: Executor added: app-20260717054459-0039/1 on worker-20260716063602-172.18.0.6-33249 (172.18.0.6:33249) with 1 core(s)
[2026-07-17T05:44:59.095+0000] {subprocess.py:93} INFO - 26/07/17 05:44:59 INFO StandaloneSchedulerBackend: Granted executor ID app-20260717054459-0039/1 on hostPort 172.18.0.6:33249 with 1 core(s), 512.0 MiB RAM
[2026-07-17T05:44:59.096+0000] {subprocess.py:93} INFO - 26/07/17 05:44:59 INFO StandaloneAppClient$ClientEndpoint: Executor added: app-20260717054459-0039/2 on worker-20260716063602-172.18.0.5-44367 (172.18.0.5:44367) with 1 core(s)
[2026-07-17T05:44:59.097+0000] {subprocess.py:93} INFO - 26/07/17 05:44:59 INFO StandaloneSchedulerBackend: Granted executor ID app-20260717054459-0039/2 on hostPort 172.18.0.5:44367 with 1 core(s), 512.0 MiB RAM
[2026-07-17T05:44:59.104+0000] {subprocess.py:93} INFO - 26/07/17 05:44:59 INFO Utils: Successfully started service 'org.apache.spark.network.netty.NettyBlockTransferService' on port 33271.
[2026-07-17T05:44:59.109+0000] {subprocess.py:93} INFO - 26/07/17 05:44:59 INFO NettyBlockTransferService: Server created on 85164f2292c0:33271
[2026-07-17T05:44:59.110+0000] {subprocess.py:93} INFO - 26/07/17 05:44:59 INFO BlockManager: Using org.apache.spark.storage.RandomBlockReplicationPolicy for block replication policy
[2026-07-17T05:44:59.117+0000] {subprocess.py:93} INFO - 26/07/17 05:44:59 INFO BlockManagerMaster: Registering BlockManager BlockManagerId(driver, 85164f2292c0, 33271, None)
[2026-07-17T05:44:59.124+0000] {subprocess.py:93} INFO - 26/07/17 05:44:59 INFO BlockManagerMasterEndpoint: Registering block manager 85164f2292c0:33271 with 434.4 MiB RAM, BlockManagerId(driver, 85164f2292c0, 33271, None)
[2026-07-17T05:44:59.130+0000] {subprocess.py:93} INFO - 26/07/17 05:44:59 INFO BlockManagerMaster: Registered BlockManager BlockManagerId(driver, 85164f2292c0, 33271, None)
[2026-07-17T05:44:59.132+0000] {subprocess.py:93} INFO - 26/07/17 05:44:59 INFO BlockManager: Initialized BlockManager: BlockManagerId(driver, 85164f2292c0, 33271, None)
[2026-07-17T05:44:59.164+0000] {subprocess.py:93} INFO - 26/07/17 05:44:59 INFO StandaloneAppClient$ClientEndpoint: Executor updated: app-20260717054459-0039/1 is now RUNNING
[2026-07-17T05:44:59.168+0000] {subprocess.py:93} INFO - 26/07/17 05:44:59 INFO StandaloneAppClient$ClientEndpoint: Executor updated: app-20260717054459-0039/0 is now RUNNING
[2026-07-17T05:44:59.210+0000] {subprocess.py:93} INFO - 26/07/17 05:44:59 INFO StandaloneAppClient$ClientEndpoint: Executor updated: app-20260717054459-0039/2 is now RUNNING
[2026-07-17T05:44:59.712+0000] {subprocess.py:93} INFO - 26/07/17 05:44:59 INFO StandaloneSchedulerBackend: SchedulerBackend is ready for scheduling beginning after reached minRegisteredResourcesRatio: 0.0
[2026-07-17T05:45:00.634+0000] {subprocess.py:93} INFO - Starting stream: orders -> /opt/data/bronze/orders
[2026-07-17T05:45:13.104+0000] {subprocess.py:93} INFO - 26/07/17 05:45:13 WARN ResolveWriteToStream: spark.sql.adaptive.enabled is not supported in streaming DataFrames/Datasets and will be disabled.
[2026-07-17T05:45:13.237+0000] {subprocess.py:93} INFO - Starting stream: customers -> /opt/data/bronze/customers
[2026-07-17T05:45:14.489+0000] {subprocess.py:93} INFO - 26/07/17 05:45:14 WARN AdminClientConfig: These configurations '[key.deserializer, value.deserializer, enable.auto.commit, max.poll.records, auto.offset.reset]' were supplied but are not used yet.
[2026-07-17T05:45:16.026+0000] {subprocess.py:93} INFO - 26/07/17 05:45:16 WARN ResolveWriteToStream: spark.sql.adaptive.enabled is not supported in streaming DataFrames/Datasets and will be disabled.
[2026-07-17T05:45:16.064+0000] {subprocess.py:93} INFO - Starting stream: products -> /opt/data/bronze/products
[2026-07-17T05:45:17.248+0000] {subprocess.py:93} INFO - 26/07/17 05:45:17 WARN ResolveWriteToStream: spark.sql.adaptive.enabled is not supported in streaming DataFrames/Datasets and will be disabled.
[2026-07-17T05:45:17.262+0000] {subprocess.py:93} INFO - 26/07/17 05:45:17 WARN AdminClientConfig: These configurations '[key.deserializer, value.deserializer, enable.auto.commit, max.poll.records, auto.offset.reset]' were supplied but are not used yet.
[2026-07-17T05:45:17.533+0000] {subprocess.py:93} INFO - 26/07/17 05:45:17 WARN SparkStringUtils: Truncated the string representation of a plan since it was too large. This behavior can be adjusted by setting 'spark.sql.debug.maxToStringFields'.
[2026-07-17T05:45:18.487+0000] {subprocess.py:93} INFO - 26/07/17 05:45:18 WARN AdminClientConfig: These configurations '[key.deserializer, value.deserializer, enable.auto.commit, max.poll.records, auto.offset.reset]' were supplied but are not used yet.
[2026-07-17T05:46:50.277+0000] {subprocess.py:97} INFO - Command exited with return code 0
[2026-07-17T05:46:50.280+0000] {taskinstance.py:441} INFO - ::group::Post task execution logs
[2026-07-17T05:46:50.321+0000] {taskinstance.py:1205} INFO - Marking task as SUCCESS. dag_id=e-commerce_kafka_streaming_pipeline_v1, task_id=run_bronze, execution_date=20260717T054447, start_date=20260717T054454, end_date=20260717T054650
[2026-07-17T05:46:50.370+0000] {local_task_job_runner.py:240} INFO - Task exited with return code 0
[2026-07-17T05:46:50.407+0000] {taskinstance.py:3482} INFO - 1 downstream tasks scheduled from follow-on schedule check
[2026-07-17T05:46:50.412+0000] {local_task_job_runner.py:222} INFO - ::endgroup::
