[2026-06-08T12:00:09.458+0000] {local_task_job_runner.py:120} INFO - ::group::Pre task execution logs
[2026-06-08T12:00:09.509+0000] {taskinstance.py:2073} INFO - Dependencies all met for dep_context=non-requeueable deps ti=<TaskInstance: e-commerce_kafka_streaming_pipeline_v9.wait_for_bronze scheduled__2026-06-08T11:00:00+00:00 [queued]>
[2026-06-08T12:00:09.524+0000] {taskinstance.py:2073} INFO - Dependencies all met for dep_context=requeueable deps ti=<TaskInstance: e-commerce_kafka_streaming_pipeline_v9.wait_for_bronze scheduled__2026-06-08T11:00:00+00:00 [queued]>
[2026-06-08T12:00:09.525+0000] {taskinstance.py:2303} INFO - Starting attempt 1 of 2
[2026-06-08T12:00:09.545+0000] {taskinstance.py:2327} INFO - Executing <Task(FileSensor): wait_for_bronze> on 2026-06-08 11:00:00+00:00
[2026-06-08T12:00:09.561+0000] {logging_mixin.py:188} WARNING - /home/***/.local/lib/python3.12/site-packages/***/task/task_runner/standard_task_runner.py:61 DeprecationWarning: This process (pid=1927) is multi-threaded, use of fork() may lead to deadlocks in the child.
[2026-06-08T12:00:09.559+0000] {standard_task_runner.py:90} INFO - Running: ['***', 'tasks', 'run', 'e-commerce_kafka_streaming_pipeline_v9', 'wait_for_bronze', 'scheduled__2026-06-08T11:00:00+00:00', '--job-id', '36', '--raw', '--subdir', 'DAGS_FOLDER/sdp_pipeline_dag.py', '--cfg-path', '/tmp/tmptetun85l']
[2026-06-08T12:00:09.563+0000] {standard_task_runner.py:63} INFO - Started process 1928 to run task
[2026-06-08T12:00:09.563+0000] {standard_task_runner.py:91} INFO - Job 36: Subtask wait_for_bronze
[2026-06-08T12:00:09.659+0000] {task_command.py:426} INFO - Running <TaskInstance: e-commerce_kafka_streaming_pipeline_v9.wait_for_bronze scheduled__2026-06-08T11:00:00+00:00 [running]> on host ae98d7ab7c5e
[2026-06-08T12:00:09.801+0000] {taskinstance.py:2644} INFO - Exporting env vars: AIRFLOW_CTX_DAG_OWNER='dev' AIRFLOW_CTX_DAG_ID='e-commerce_kafka_streaming_pipeline_v9' AIRFLOW_CTX_TASK_ID='wait_for_bronze' AIRFLOW_CTX_EXECUTION_DATE='2026-06-08T11:00:00+00:00' AIRFLOW_CTX_TRY_NUMBER='1' AIRFLOW_CTX_DAG_RUN_ID='scheduled__2026-06-08T11:00:00+00:00'
[2026-06-08T12:00:09.804+0000] {taskinstance.py:430} INFO - ::endgroup::
[2026-06-08T12:00:09.836+0000] {baseoperator.py:399} WARNING - FileSensor.execute cannot be called outside TaskInstance!
[2026-06-08T12:00:09.852+0000] {base.py:84} INFO - Using connection ID 'fs_default' for task execution.
[2026-06-08T12:00:09.853+0000] {filesystem.py:85} INFO - Poking for file /opt/data/bronze/orders
[2026-06-08T12:00:24.857+0000] {filesystem.py:85} INFO - Poking for file /opt/data/bronze/orders
[2026-06-08T12:00:39.864+0000] {filesystem.py:85} INFO - Poking for file /opt/data/bronze/orders
[2026-06-08T12:00:54.867+0000] {filesystem.py:85} INFO - Poking for file /opt/data/bronze/orders
[2026-06-08T12:01:09.867+0000] {filesystem.py:85} INFO - Poking for file /opt/data/bronze/orders
[2026-06-08T12:01:24.877+0000] {filesystem.py:85} INFO - Poking for file /opt/data/bronze/orders
[2026-06-08T12:01:39.876+0000] {filesystem.py:85} INFO - Poking for file /opt/data/bronze/orders
[2026-06-08T12:01:54.889+0000] {filesystem.py:85} INFO - Poking for file /opt/data/bronze/orders
[2026-06-08T12:02:09.894+0000] {filesystem.py:85} INFO - Poking for file /opt/data/bronze/orders
[2026-06-08T12:02:24.898+0000] {filesystem.py:85} INFO - Poking for file /opt/data/bronze/orders
[2026-06-08T12:02:39.908+0000] {filesystem.py:85} INFO - Poking for file /opt/data/bronze/orders
[2026-06-08T12:02:54.910+0000] {filesystem.py:85} INFO - Poking for file /opt/data/bronze/orders
[2026-06-08T12:03:09.914+0000] {filesystem.py:85} INFO - Poking for file /opt/data/bronze/orders
[2026-06-08T12:03:24.928+0000] {filesystem.py:85} INFO - Poking for file /opt/data/bronze/orders
[2026-06-08T12:03:39.930+0000] {filesystem.py:85} INFO - Poking for file /opt/data/bronze/orders
[2026-06-08T12:03:54.932+0000] {filesystem.py:85} INFO - Poking for file /opt/data/bronze/orders
[2026-06-08T12:04:09.924+0000] {filesystem.py:85} INFO - Poking for file /opt/data/bronze/orders
[2026-06-08T12:04:24.935+0000] {filesystem.py:85} INFO - Poking for file /opt/data/bronze/orders
[2026-06-08T12:04:39.930+0000] {filesystem.py:85} INFO - Poking for file /opt/data/bronze/orders
[2026-06-08T12:04:54.942+0000] {filesystem.py:85} INFO - Poking for file /opt/data/bronze/orders
[2026-06-08T12:05:09.944+0000] {filesystem.py:85} INFO - Poking for file /opt/data/bronze/orders
[2026-06-08T12:05:09.953+0000] {taskinstance.py:441} INFO - ::group::Post task execution logs
[2026-06-08T12:05:09.957+0000] {taskinstance.py:2890} ERROR - Task failed with exception
Traceback (most recent call last):
  File "/home/airflow/.local/lib/python3.12/site-packages/airflow/models/taskinstance.py", line 465, in _execute_task
    result = _execute_callable(context=context, **execute_callable_kwargs)
             ^^^^^^^^^^^^^^^^^^^^^^^^^^^^^^^^^^^^^^^^^^^^^^^^^^^^^^^^^^^^^
  File "/home/airflow/.local/lib/python3.12/site-packages/airflow/models/taskinstance.py", line 432, in _execute_callable
    return execute_callable(context=context, **execute_callable_kwargs)
           ^^^^^^^^^^^^^^^^^^^^^^^^^^^^^^^^^^^^^^^^^^^^^^^^^^^^^^^^^^^^
  File "/home/airflow/.local/lib/python3.12/site-packages/airflow/models/baseoperator.py", line 400, in wrapper
    return func(self, *args, **kwargs)
           ^^^^^^^^^^^^^^^^^^^^^^^^^^^
  File "/home/airflow/.local/lib/python3.12/site-packages/airflow/sensors/filesystem.py", line 99, in execute
    super().execute(context=context)
  File "/home/airflow/.local/lib/python3.12/site-packages/airflow/models/baseoperator.py", line 400, in wrapper
    return func(self, *args, **kwargs)
           ^^^^^^^^^^^^^^^^^^^^^^^^^^^
  File "/home/airflow/.local/lib/python3.12/site-packages/airflow/sensors/base.py", line 281, in execute
    raise AirflowSensorTimeout(message)
airflow.exceptions.AirflowSensorTimeout: Sensor has timed out; run duration of 300.2037706650008 seconds exceeds the specified timeout of 300.0.
[2026-06-08T12:05:10.039+0000] {taskinstance.py:1205} INFO - Immediate failure requested. Marking task as FAILED. dag_id=e-commerce_kafka_streaming_pipeline_v9, task_id=wait_for_bronze, execution_date=20260608T110000, start_date=20260608T120009, end_date=20260608T120510
[2026-06-08T12:05:10.131+0000] {standard_task_runner.py:110} ERROR - Failed to execute job 36 for task wait_for_bronze (Sensor has timed out; run duration of 300.2037706650008 seconds exceeds the specified timeout of 300.0.; 1928)
[2026-06-08T12:05:10.232+0000] {local_task_job_runner.py:240} INFO - Task exited with return code 1
[2026-06-08T12:05:10.391+0000] {taskinstance.py:3482} INFO - 0 downstream tasks scheduled from follow-on schedule check
[2026-06-08T12:05:10.406+0000] {local_task_job_runner.py:222} INFO - ::endgroup::
