[2026-07-15T14:22:03.678+0000] {local_task_job_runner.py:120} INFO - ::group::Pre task execution logs
[2026-07-15T14:22:03.737+0000] {taskinstance.py:2073} INFO - Dependencies all met for dep_context=non-requeueable deps ti=<TaskInstance: e-commerce_kafka_streaming_pipeline_v1.wait_for_bronze manual__2026-07-15T14:20:08.797115+00:00 [queued]>
[2026-07-15T14:22:03.746+0000] {taskinstance.py:2073} INFO - Dependencies all met for dep_context=requeueable deps ti=<TaskInstance: e-commerce_kafka_streaming_pipeline_v1.wait_for_bronze manual__2026-07-15T14:20:08.797115+00:00 [queued]>
[2026-07-15T14:22:03.746+0000] {taskinstance.py:2303} INFO - Starting attempt 1 of 2
[2026-07-15T14:22:03.765+0000] {taskinstance.py:2327} INFO - Executing <Task(FileSensor): wait_for_bronze> on 2026-07-15 14:20:08.797115+00:00
[2026-07-15T14:22:03.772+0000] {standard_task_runner.py:90} INFO - Running: ['***', 'tasks', 'run', 'e-commerce_kafka_streaming_pipeline_v1', 'wait_for_bronze', 'manual__2026-07-15T14:20:08.797115+00:00', '--job-id', '13', '--raw', '--subdir', 'DAGS_FOLDER/sdp_pipeline_dag.py', '--cfg-path', '/tmp/tmp81bk94t8']
[2026-07-15T14:22:03.775+0000] {standard_task_runner.py:91} INFO - Job 13: Subtask wait_for_bronze
[2026-07-15T14:22:03.777+0000] {logging_mixin.py:188} WARNING - /home/***/.local/lib/python3.12/site-packages/***/task/task_runner/standard_task_runner.py:61 DeprecationWarning: This process (pid=896) is multi-threaded, use of fork() may lead to deadlocks in the child.
[2026-07-15T14:22:03.778+0000] {standard_task_runner.py:63} INFO - Started process 897 to run task
[2026-07-15T14:22:03.827+0000] {task_command.py:426} INFO - Running <TaskInstance: e-commerce_kafka_streaming_pipeline_v1.wait_for_bronze manual__2026-07-15T14:20:08.797115+00:00 [running]> on host 1491dce99886
[2026-07-15T14:22:03.909+0000] {taskinstance.py:2644} INFO - Exporting env vars: AIRFLOW_CTX_DAG_OWNER='dev' AIRFLOW_CTX_DAG_ID='e-commerce_kafka_streaming_pipeline_v1' AIRFLOW_CTX_TASK_ID='wait_for_bronze' AIRFLOW_CTX_EXECUTION_DATE='2026-07-15T14:20:08.797115+00:00' AIRFLOW_CTX_TRY_NUMBER='1' AIRFLOW_CTX_DAG_RUN_ID='manual__2026-07-15T14:20:08.797115+00:00'
[2026-07-15T14:22:03.910+0000] {taskinstance.py:430} INFO - ::endgroup::
[2026-07-15T14:22:03.934+0000] {baseoperator.py:399} WARNING - FileSensor.execute cannot be called outside TaskInstance!
[2026-07-15T14:22:03.946+0000] {base.py:84} INFO - Using connection ID 'fs_default' for task execution.
[2026-07-15T14:22:03.947+0000] {filesystem.py:85} INFO - Poking for file /opt/data/bronze/orders
[2026-07-15T14:22:03.951+0000] {base.py:294} INFO - Success criteria met. Exiting.
[2026-07-15T14:22:03.951+0000] {filesystem.py:85} INFO - Poking for file /opt/data/bronze/orders
[2026-07-15T14:22:03.955+0000] {taskinstance.py:441} INFO - ::group::Post task execution logs
[2026-07-15T14:22:03.963+0000] {taskinstance.py:1205} INFO - Marking task as SUCCESS. dag_id=e-commerce_kafka_streaming_pipeline_v1, task_id=wait_for_bronze, execution_date=20260715T142008, start_date=20260715T142203, end_date=20260715T142203
[2026-07-15T14:22:03.993+0000] {local_task_job_runner.py:240} INFO - Task exited with return code 0
[2026-07-15T14:22:04.018+0000] {taskinstance.py:3482} INFO - 1 downstream tasks scheduled from follow-on schedule check
[2026-07-15T14:22:04.021+0000] {local_task_job_runner.py:222} INFO - ::endgroup::
