[2026-07-21T06:00:35.725+0000] {local_task_job_runner.py:120} INFO - ::group::Pre task execution logs
[2026-07-21T06:00:35.856+0000] {taskinstance.py:2073} INFO - Dependencies all met for dep_context=non-requeueable deps ti=<TaskInstance: e-commerce_kafka_streaming_pipeline_v1.produce_messages scheduled__2026-07-20T16:00:00+00:00 [queued]>
[2026-07-21T06:00:35.897+0000] {taskinstance.py:2073} INFO - Dependencies all met for dep_context=requeueable deps ti=<TaskInstance: e-commerce_kafka_streaming_pipeline_v1.produce_messages scheduled__2026-07-20T16:00:00+00:00 [queued]>
[2026-07-21T06:00:35.912+0000] {taskinstance.py:2303} INFO - Starting attempt 1 of 2
[2026-07-21T06:00:36.173+0000] {taskinstance.py:2327} INFO - Executing <Task(BashOperator): produce_messages> on 2026-07-20 16:00:00+00:00
[2026-07-21T06:00:36.497+0000] {standard_task_runner.py:90} INFO - Running: ['***', 'tasks', 'run', 'e-commerce_kafka_streaming_pipeline_v1', 'produce_messages', 'scheduled__2026-07-20T16:00:00+00:00', '--job-id', '253', '--raw', '--subdir', 'DAGS_FOLDER/sdp_pipeline_dag.py', '--cfg-path', '/tmp/tmprjf5o95s']
[2026-07-21T06:00:36.739+0000] {standard_task_runner.py:91} INFO - Job 253: Subtask produce_messages
[2026-07-21T06:00:36.775+0000] {logging_mixin.py:188} WARNING - /home/***/.local/lib/python3.12/site-packages/***/task/task_runner/standard_task_runner.py:61 DeprecationWarning: This process (pid=11918) is multi-threaded, use of fork() may lead to deadlocks in the child.
[2026-07-21T06:00:36.798+0000] {standard_task_runner.py:63} INFO - Started process 11927 to run task
[2026-07-21T06:00:37.155+0000] {task_command.py:426} INFO - Running <TaskInstance: e-commerce_kafka_streaming_pipeline_v1.produce_messages scheduled__2026-07-20T16:00:00+00:00 [running]> on host da27550080bf
[2026-07-21T06:00:37.670+0000] {taskinstance.py:2644} INFO - Exporting env vars: AIRFLOW_CTX_DAG_OWNER='dev' AIRFLOW_CTX_DAG_ID='e-commerce_kafka_streaming_pipeline_v1' AIRFLOW_CTX_TASK_ID='produce_messages' AIRFLOW_CTX_EXECUTION_DATE='2026-07-20T16:00:00+00:00' AIRFLOW_CTX_TRY_NUMBER='1' AIRFLOW_CTX_DAG_RUN_ID='scheduled__2026-07-20T16:00:00+00:00'
[2026-07-21T06:00:37.681+0000] {taskinstance.py:430} INFO - ::endgroup::
[2026-07-21T06:00:37.757+0000] {subprocess.py:63} INFO - Tmp dir root location: /tmp
[2026-07-21T06:00:37.767+0000] {subprocess.py:75} INFO - Running command: ['/usr/bin/bash', '-c', 'python3 /opt/pipelines/api_to_kafka.py']
[2026-07-21T06:00:37.794+0000] {subprocess.py:86} INFO - Output:
[2026-07-21T06:00:42.458+0000] {subprocess.py:93} INFO - Error publishing to orders: HTTPSConnectionPool(host='fakestoreapi.com', port=443): Max retries exceeded with url: /carts (Caused by NewConnectionError('<urllib3.connection.HTTPSConnection object at 0x78112c13d850>: Failed to establish a new connection: [Errno -2] Name or service not known'))
[2026-07-21T06:00:42.467+0000] {subprocess.py:93} INFO - Error publishing to customers: HTTPSConnectionPool(host='fakestoreapi.com', port=443): Max retries exceeded with url: /users (Caused by NewConnectionError('<urllib3.connection.HTTPSConnection object at 0x78112c13d880>: Failed to establish a new connection: [Errno -2] Name or service not known'))
[2026-07-21T06:00:42.470+0000] {subprocess.py:93} INFO - Error publishing to products: HTTPSConnectionPool(host='fakestoreapi.com', port=443): Max retries exceeded with url: /products (Caused by NewConnectionError('<urllib3.connection.HTTPSConnection object at 0x78112c13d7f0>: Failed to establish a new connection: [Errno -2] Name or service not known'))
[2026-07-21T06:00:42.733+0000] {subprocess.py:97} INFO - Command exited with return code 0
[2026-07-21T06:00:42.741+0000] {taskinstance.py:441} INFO - ::group::Post task execution logs
[2026-07-21T06:00:42.850+0000] {taskinstance.py:1205} INFO - Marking task as SUCCESS. dag_id=e-commerce_kafka_streaming_pipeline_v1, task_id=produce_messages, execution_date=20260720T160000, start_date=20260721T060035, end_date=20260721T060042
[2026-07-21T06:00:42.951+0000] {local_task_job_runner.py:240} INFO - Task exited with return code 0
[2026-07-21T06:00:43.080+0000] {taskinstance.py:3482} INFO - 1 downstream tasks scheduled from follow-on schedule check
[2026-07-21T06:00:43.089+0000] {local_task_job_runner.py:222} INFO - ::endgroup::
