[2026-07-15T14:20:09.975+0000] {local_task_job_runner.py:120} INFO - ::group::Pre task execution logs
[2026-07-15T14:20:10.007+0000] {taskinstance.py:2073} INFO - Dependencies all met for dep_context=non-requeueable deps ti=<TaskInstance: e-commerce_kafka_streaming_pipeline_v1.produce_messages manual__2026-07-15T14:20:08.797115+00:00 [queued]>
[2026-07-15T14:20:10.016+0000] {taskinstance.py:2073} INFO - Dependencies all met for dep_context=requeueable deps ti=<TaskInstance: e-commerce_kafka_streaming_pipeline_v1.produce_messages manual__2026-07-15T14:20:08.797115+00:00 [queued]>
[2026-07-15T14:20:10.017+0000] {taskinstance.py:2303} INFO - Starting attempt 1 of 2
[2026-07-15T14:20:10.031+0000] {taskinstance.py:2327} INFO - Executing <Task(BashOperator): produce_messages> on 2026-07-15 14:20:08.797115+00:00
[2026-07-15T14:20:10.039+0000] {standard_task_runner.py:90} INFO - Running: ['***', 'tasks', 'run', 'e-commerce_kafka_streaming_pipeline_v1', 'produce_messages', 'manual__2026-07-15T14:20:08.797115+00:00', '--job-id', '11', '--raw', '--subdir', 'DAGS_FOLDER/sdp_pipeline_dag.py', '--cfg-path', '/tmp/tmp7ujw7yuo']
[2026-07-15T14:20:10.043+0000] {standard_task_runner.py:91} INFO - Job 11: Subtask produce_messages
[2026-07-15T14:20:10.045+0000] {logging_mixin.py:188} WARNING - /home/***/.local/lib/python3.12/site-packages/***/task/task_runner/standard_task_runner.py:61 DeprecationWarning: This process (pid=804) is multi-threaded, use of fork() may lead to deadlocks in the child.
[2026-07-15T14:20:10.046+0000] {standard_task_runner.py:63} INFO - Started process 805 to run task
[2026-07-15T14:20:10.110+0000] {task_command.py:426} INFO - Running <TaskInstance: e-commerce_kafka_streaming_pipeline_v1.produce_messages manual__2026-07-15T14:20:08.797115+00:00 [running]> on host 1491dce99886
[2026-07-15T14:20:10.211+0000] {taskinstance.py:2644} INFO - Exporting env vars: AIRFLOW_CTX_DAG_OWNER='dev' AIRFLOW_CTX_DAG_ID='e-commerce_kafka_streaming_pipeline_v1' AIRFLOW_CTX_TASK_ID='produce_messages' AIRFLOW_CTX_EXECUTION_DATE='2026-07-15T14:20:08.797115+00:00' AIRFLOW_CTX_TRY_NUMBER='1' AIRFLOW_CTX_DAG_RUN_ID='manual__2026-07-15T14:20:08.797115+00:00'
[2026-07-15T14:20:10.213+0000] {taskinstance.py:430} INFO - ::endgroup::
[2026-07-15T14:20:10.230+0000] {subprocess.py:63} INFO - Tmp dir root location: /tmp
[2026-07-15T14:20:10.232+0000] {subprocess.py:75} INFO - Running command: ['/usr/bin/bash', '-c', 'python3 /opt/pipelines/api_to_kafka.py']
[2026-07-15T14:20:10.244+0000] {subprocess.py:86} INFO - Output:
[2026-07-15T14:20:14.297+0000] {subprocess.py:93} INFO - Published 7 records to topic 'orders'
[2026-07-15T14:20:14.298+0000] {subprocess.py:93} INFO - Published 10 records to topic 'customers'
[2026-07-15T14:20:14.299+0000] {subprocess.py:93} INFO - Published 20 records to topic 'products'
[2026-07-15T14:20:14.351+0000] {subprocess.py:97} INFO - Command exited with return code 0
[2026-07-15T14:20:14.352+0000] {taskinstance.py:441} INFO - ::group::Post task execution logs
[2026-07-15T14:20:14.379+0000] {taskinstance.py:1205} INFO - Marking task as SUCCESS. dag_id=e-commerce_kafka_streaming_pipeline_v1, task_id=produce_messages, execution_date=20260715T142008, start_date=20260715T142010, end_date=20260715T142014
[2026-07-15T14:20:14.406+0000] {local_task_job_runner.py:240} INFO - Task exited with return code 0
[2026-07-15T14:20:14.436+0000] {taskinstance.py:3482} INFO - 1 downstream tasks scheduled from follow-on schedule check
[2026-07-15T14:20:14.440+0000] {local_task_job_runner.py:222} INFO - ::endgroup::
