[2026-07-20T16:02:03.009+0000] {local_task_job_runner.py:120} INFO - ::group::Pre task execution logs
[2026-07-20T16:02:03.053+0000] {taskinstance.py:2073} INFO - Dependencies all met for dep_context=non-requeueable deps ti=<TaskInstance: e-commerce_kafka_streaming_pipeline_v1.wait_for_bronze scheduled__2026-07-20T15:00:00+00:00 [queued]>
[2026-07-20T16:02:03.067+0000] {taskinstance.py:2073} INFO - Dependencies all met for dep_context=requeueable deps ti=<TaskInstance: e-commerce_kafka_streaming_pipeline_v1.wait_for_bronze scheduled__2026-07-20T15:00:00+00:00 [queued]>
[2026-07-20T16:02:03.069+0000] {taskinstance.py:2303} INFO - Starting attempt 1 of 2
[2026-07-20T16:02:03.090+0000] {taskinstance.py:2327} INFO - Executing <Task(FileSensor): wait_for_bronze> on 2026-07-20 15:00:00+00:00
[2026-07-20T16:02:03.102+0000] {standard_task_runner.py:90} INFO - Running: ['***', 'tasks', 'run', 'e-commerce_kafka_streaming_pipeline_v1', 'wait_for_bronze', 'scheduled__2026-07-20T15:00:00+00:00', '--job-id', '247', '--raw', '--subdir', 'DAGS_FOLDER/sdp_pipeline_dag.py', '--cfg-path', '/tmp/tmpht5k55b6']
[2026-07-20T16:02:03.107+0000] {standard_task_runner.py:91} INFO - Job 247: Subtask wait_for_bronze
[2026-07-20T16:02:03.108+0000] {logging_mixin.py:188} WARNING - /home/***/.local/lib/python3.12/site-packages/***/task/task_runner/standard_task_runner.py:61 DeprecationWarning: This process (pid=11556) is multi-threaded, use of fork() may lead to deadlocks in the child.
[2026-07-20T16:02:03.110+0000] {standard_task_runner.py:63} INFO - Started process 11557 to run task
[2026-07-20T16:02:03.237+0000] {task_command.py:426} INFO - Running <TaskInstance: e-commerce_kafka_streaming_pipeline_v1.wait_for_bronze scheduled__2026-07-20T15:00:00+00:00 [running]> on host da27550080bf
[2026-07-20T16:02:03.416+0000] {taskinstance.py:2644} INFO - Exporting env vars: AIRFLOW_CTX_DAG_OWNER='dev' AIRFLOW_CTX_DAG_ID='e-commerce_kafka_streaming_pipeline_v1' AIRFLOW_CTX_TASK_ID='wait_for_bronze' AIRFLOW_CTX_EXECUTION_DATE='2026-07-20T15:00:00+00:00' AIRFLOW_CTX_TRY_NUMBER='1' AIRFLOW_CTX_DAG_RUN_ID='scheduled__2026-07-20T15:00:00+00:00'
[2026-07-20T16:02:03.419+0000] {taskinstance.py:430} INFO - ::endgroup::
[2026-07-20T16:02:03.447+0000] {baseoperator.py:399} WARNING - FileSensor.execute cannot be called outside TaskInstance!
[2026-07-20T16:02:03.466+0000] {base.py:84} INFO - Using connection ID 'fs_default' for task execution.
[2026-07-20T16:02:03.469+0000] {filesystem.py:85} INFO - Poking for file /opt/data/bronze/orders
[2026-07-20T16:02:03.481+0000] {base.py:294} INFO - Success criteria met. Exiting.
[2026-07-20T16:02:03.483+0000] {filesystem.py:85} INFO - Poking for file /opt/data/bronze/orders
[2026-07-20T16:02:03.495+0000] {taskinstance.py:441} INFO - ::group::Post task execution logs
[2026-07-20T16:02:03.511+0000] {taskinstance.py:1205} INFO - Marking task as SUCCESS. dag_id=e-commerce_kafka_streaming_pipeline_v1, task_id=wait_for_bronze, execution_date=20260720T150000, start_date=20260720T160203, end_date=20260720T160203
[2026-07-20T16:02:03.564+0000] {local_task_job_runner.py:240} INFO - Task exited with return code 0
[2026-07-20T16:02:03.615+0000] {taskinstance.py:3482} INFO - 1 downstream tasks scheduled from follow-on schedule check
[2026-07-20T16:02:03.621+0000] {local_task_job_runner.py:222} INFO - ::endgroup::
