[2026-07-20T06:02:41.040+0000] {local_task_job_runner.py:120} INFO - ::group::Pre task execution logs
[2026-07-20T06:02:41.071+0000] {taskinstance.py:2073} INFO - Dependencies all met for dep_context=non-requeueable deps ti=<TaskInstance: e-commerce_kafka_streaming_pipeline_v1.run_silver scheduled__2026-07-20T05:00:00+00:00 [queued]>
[2026-07-20T06:02:41.079+0000] {taskinstance.py:2073} INFO - Dependencies all met for dep_context=requeueable deps ti=<TaskInstance: e-commerce_kafka_streaming_pipeline_v1.run_silver scheduled__2026-07-20T05:00:00+00:00 [queued]>
[2026-07-20T06:02:41.081+0000] {taskinstance.py:2303} INFO - Starting attempt 1 of 2
[2026-07-20T06:02:41.093+0000] {taskinstance.py:2327} INFO - Executing <Task(BashOperator): run_silver> on 2026-07-20 05:00:00+00:00
[2026-07-20T06:02:41.100+0000] {standard_task_runner.py:90} INFO - Running: ['***', 'tasks', 'run', 'e-commerce_kafka_streaming_pipeline_v1', 'run_silver', 'scheduled__2026-07-20T05:00:00+00:00', '--job-id', '178', '--raw', '--subdir', 'DAGS_FOLDER/sdp_pipeline_dag.py', '--cfg-path', '/tmp/tmpinz_4qos']
[2026-07-20T06:02:41.104+0000] {standard_task_runner.py:91} INFO - Job 178: Subtask run_silver
[2026-07-20T06:02:41.114+0000] {logging_mixin.py:188} WARNING - /home/***/.local/lib/python3.12/site-packages/***/task/task_runner/standard_task_runner.py:61 DeprecationWarning: This process (pid=5609) is multi-threaded, use of fork() may lead to deadlocks in the child.
[2026-07-20T06:02:41.115+0000] {standard_task_runner.py:63} INFO - Started process 5610 to run task
[2026-07-20T06:02:41.157+0000] {task_command.py:426} INFO - Running <TaskInstance: e-commerce_kafka_streaming_pipeline_v1.run_silver scheduled__2026-07-20T05:00:00+00:00 [running]> on host da27550080bf
[2026-07-20T06:02:41.226+0000] {taskinstance.py:2644} INFO - Exporting env vars: AIRFLOW_CTX_DAG_OWNER='dev' AIRFLOW_CTX_DAG_ID='e-commerce_kafka_streaming_pipeline_v1' AIRFLOW_CTX_TASK_ID='run_silver' AIRFLOW_CTX_EXECUTION_DATE='2026-07-20T05:00:00+00:00' AIRFLOW_CTX_TRY_NUMBER='1' AIRFLOW_CTX_DAG_RUN_ID='scheduled__2026-07-20T05:00:00+00:00'
[2026-07-20T06:02:41.228+0000] {taskinstance.py:430} INFO - ::endgroup::
[2026-07-20T06:02:41.241+0000] {subprocess.py:63} INFO - Tmp dir root location: /tmp
[2026-07-20T06:02:41.243+0000] {subprocess.py:75} INFO - Running command: ['/usr/bin/bash', '-c', 'timeout 150s docker run --rm --network streaming_kafka_project_sdp-net --volume /d/Streaming_kafka_project/pipelines:/opt/pipelines --volume /d/Streaming_kafka_project/data:/opt/data --volume /d/Streaming_kafka_project/checkpoints:/opt/checkpoints --volume /d/Streaming_kafka_project/jars:/opt/jars apache/spark:3.5.1 /opt/spark/bin/spark-submit --master spark://sdp-spark-master:7077 --executor-cores 1 --executor-memory 512m --total-executor-cores 3 --jars /opt/jars/delta-spark_2.12-3.2.0.jar,/opt/jars/delta-storage-3.2.0.jar,/opt/jars/spark-sql-kafka-0-10_2.12-3.5.1.jar,/opt/jars/kafka-clients-3.4.1.jar,/opt/jars/spark-token-provider-kafka-0-10_2.12-3.5.1.jar,/opt/jars/commons-pool2-2.11.1.jar --conf spark.sql.extensions=io.delta.sql.DeltaSparkSessionExtension --conf spark.sql.catalog.spark_catalog=org.apache.spark.sql.delta.catalog.DeltaCatalog  /opt/pipelines/silver_runner.py']
[2026-07-20T06:02:41.253+0000] {subprocess.py:86} INFO - Output:
[2026-07-20T06:02:43.885+0000] {subprocess.py:93} INFO - 26/07/20 06:02:43 WARN NativeCodeLoader: Unable to load native-hadoop library for your platform... using builtin-java classes where applicable
[2026-07-20T06:02:45.176+0000] {subprocess.py:93} INFO - 26/07/20 06:02:45 INFO SparkContext: Running Spark version 3.5.1
[2026-07-20T06:02:45.177+0000] {subprocess.py:93} INFO - 26/07/20 06:02:45 INFO SparkContext: OS info Linux, 6.18.33.2-microsoft-standard-WSL2, amd64
[2026-07-20T06:02:45.178+0000] {subprocess.py:93} INFO - 26/07/20 06:02:45 INFO SparkContext: Java version 11.0.22
[2026-07-20T06:02:45.210+0000] {subprocess.py:93} INFO - 26/07/20 06:02:45 INFO ResourceUtils: ==============================================================
[2026-07-20T06:02:45.212+0000] {subprocess.py:93} INFO - 26/07/20 06:02:45 INFO ResourceUtils: No custom resources configured for spark.driver.
[2026-07-20T06:02:45.213+0000] {subprocess.py:93} INFO - 26/07/20 06:02:45 INFO ResourceUtils: ==============================================================
[2026-07-20T06:02:45.214+0000] {subprocess.py:93} INFO - 26/07/20 06:02:45 INFO SparkContext: Submitted application: SDP-Silver
[2026-07-20T06:02:45.236+0000] {subprocess.py:93} INFO - 26/07/20 06:02:45 INFO ResourceProfile: Default ResourceProfile created, executor resources: Map(cores -> name: cores, amount: 1, script: , vendor: , memory -> name: memory, amount: 512, script: , vendor: , offHeap -> name: offHeap, amount: 0, script: , vendor: ), task resources: Map(cpus -> name: cpus, amount: 1.0)
[2026-07-20T06:02:45.253+0000] {subprocess.py:93} INFO - 26/07/20 06:02:45 INFO ResourceProfile: Limiting resource is cpus at 1 tasks per executor
[2026-07-20T06:02:45.255+0000] {subprocess.py:93} INFO - 26/07/20 06:02:45 INFO ResourceProfileManager: Added ResourceProfile id: 0
[2026-07-20T06:02:45.333+0000] {subprocess.py:93} INFO - 26/07/20 06:02:45 INFO SecurityManager: Changing view acls to: spark
[2026-07-20T06:02:45.335+0000] {subprocess.py:93} INFO - 26/07/20 06:02:45 INFO SecurityManager: Changing modify acls to: spark
[2026-07-20T06:02:45.336+0000] {subprocess.py:93} INFO - 26/07/20 06:02:45 INFO SecurityManager: Changing view acls groups to:
[2026-07-20T06:02:45.336+0000] {subprocess.py:93} INFO - 26/07/20 06:02:45 INFO SecurityManager: Changing modify acls groups to:
[2026-07-20T06:02:45.337+0000] {subprocess.py:93} INFO - 26/07/20 06:02:45 INFO SecurityManager: SecurityManager: authentication disabled; ui acls disabled; users with view permissions: spark; groups with view permissions: EMPTY; users with modify permissions: spark; groups with modify permissions: EMPTY
[2026-07-20T06:02:45.573+0000] {subprocess.py:93} INFO - 26/07/20 06:02:45 INFO Utils: Successfully started service 'sparkDriver' on port 41119.
[2026-07-20T06:02:45.612+0000] {subprocess.py:93} INFO - 26/07/20 06:02:45 INFO SparkEnv: Registering MapOutputTracker
[2026-07-20T06:02:45.657+0000] {subprocess.py:93} INFO - 26/07/20 06:02:45 INFO SparkEnv: Registering BlockManagerMaster
[2026-07-20T06:02:45.673+0000] {subprocess.py:93} INFO - 26/07/20 06:02:45 INFO BlockManagerMasterEndpoint: Using org.apache.spark.storage.DefaultTopologyMapper for getting topology information
[2026-07-20T06:02:45.674+0000] {subprocess.py:93} INFO - 26/07/20 06:02:45 INFO BlockManagerMasterEndpoint: BlockManagerMasterEndpoint up
[2026-07-20T06:02:45.677+0000] {subprocess.py:93} INFO - 26/07/20 06:02:45 INFO SparkEnv: Registering BlockManagerMasterHeartbeat
[2026-07-20T06:02:45.697+0000] {subprocess.py:93} INFO - 26/07/20 06:02:45 INFO DiskBlockManager: Created local directory at /tmp/blockmgr-961ce570-1770-4ca7-8b7f-2701fabec4c0
[2026-07-20T06:02:45.709+0000] {subprocess.py:93} INFO - 26/07/20 06:02:45 INFO MemoryStore: MemoryStore started with capacity 434.4 MiB
[2026-07-20T06:02:45.723+0000] {subprocess.py:93} INFO - 26/07/20 06:02:45 INFO SparkEnv: Registering OutputCommitCoordinator
[2026-07-20T06:02:45.843+0000] {subprocess.py:93} INFO - 26/07/20 06:02:45 INFO JettyUtils: Start Jetty 0.0.0.0:4040 for SparkUI
[2026-07-20T06:02:45.892+0000] {subprocess.py:93} INFO - 26/07/20 06:02:45 INFO Utils: Successfully started service 'SparkUI' on port 4040.
[2026-07-20T06:02:45.926+0000] {subprocess.py:93} INFO - 26/07/20 06:02:45 INFO SparkContext: Added JAR file:///opt/jars/delta-spark_2.12-3.2.0.jar at spark://6cbf710fe093:41119/jars/delta-spark_2.12-3.2.0.jar with timestamp 1784527365166
[2026-07-20T06:02:45.927+0000] {subprocess.py:93} INFO - 26/07/20 06:02:45 INFO SparkContext: Added JAR file:///opt/jars/delta-storage-3.2.0.jar at spark://6cbf710fe093:41119/jars/delta-storage-3.2.0.jar with timestamp 1784527365166
[2026-07-20T06:02:45.928+0000] {subprocess.py:93} INFO - 26/07/20 06:02:45 INFO SparkContext: Added JAR file:///opt/jars/spark-sql-kafka-0-10_2.12-3.5.1.jar at spark://6cbf710fe093:41119/jars/spark-sql-kafka-0-10_2.12-3.5.1.jar with timestamp 1784527365166
[2026-07-20T06:02:45.929+0000] {subprocess.py:93} INFO - 26/07/20 06:02:45 INFO SparkContext: Added JAR file:///opt/jars/kafka-clients-3.4.1.jar at spark://6cbf710fe093:41119/jars/kafka-clients-3.4.1.jar with timestamp 1784527365166
[2026-07-20T06:02:45.930+0000] {subprocess.py:93} INFO - 26/07/20 06:02:45 INFO SparkContext: Added JAR file:///opt/jars/spark-token-provider-kafka-0-10_2.12-3.5.1.jar at spark://6cbf710fe093:41119/jars/spark-token-provider-kafka-0-10_2.12-3.5.1.jar with timestamp 1784527365166
[2026-07-20T06:02:45.931+0000] {subprocess.py:93} INFO - 26/07/20 06:02:45 INFO SparkContext: Added JAR file:///opt/jars/commons-pool2-2.11.1.jar at spark://6cbf710fe093:41119/jars/commons-pool2-2.11.1.jar with timestamp 1784527365166
[2026-07-20T06:02:45.997+0000] {subprocess.py:93} INFO - 26/07/20 06:02:45 INFO StandaloneAppClient$ClientEndpoint: Connecting to master spark://sdp-spark-master:7077...
[2026-07-20T06:02:46.037+0000] {subprocess.py:93} INFO - 26/07/20 06:02:46 INFO TransportClientFactory: Successfully created connection to sdp-spark-master/172.18.0.4:7077 after 22 ms (0 ms spent in bootstraps)
[2026-07-20T06:02:46.106+0000] {subprocess.py:93} INFO - 26/07/20 06:02:46 INFO StandaloneSchedulerBackend: Connected to Spark cluster with app ID app-20260720060246-0085
[2026-07-20T06:02:46.108+0000] {subprocess.py:93} INFO - 26/07/20 06:02:46 INFO StandaloneAppClient$ClientEndpoint: Executor added: app-20260720060246-0085/0 on worker-20260716063602-172.18.0.5-44367 (172.18.0.5:44367) with 1 core(s)
[2026-07-20T06:02:46.115+0000] {subprocess.py:93} INFO - 26/07/20 06:02:46 INFO StandaloneSchedulerBackend: Granted executor ID app-20260720060246-0085/0 on hostPort 172.18.0.5:44367 with 1 core(s), 512.0 MiB RAM
[2026-07-20T06:02:46.117+0000] {subprocess.py:93} INFO - 26/07/20 06:02:46 INFO StandaloneAppClient$ClientEndpoint: Executor added: app-20260720060246-0085/1 on worker-20260716063602-172.18.0.5-44367 (172.18.0.5:44367) with 1 core(s)
[2026-07-20T06:02:46.118+0000] {subprocess.py:93} INFO - 26/07/20 06:02:46 INFO StandaloneSchedulerBackend: Granted executor ID app-20260720060246-0085/1 on hostPort 172.18.0.5:44367 with 1 core(s), 512.0 MiB RAM
[2026-07-20T06:02:46.120+0000] {subprocess.py:93} INFO - 26/07/20 06:02:46 INFO StandaloneAppClient$ClientEndpoint: Executor added: app-20260720060246-0085/2 on worker-20260716063602-172.18.0.6-33249 (172.18.0.6:33249) with 1 core(s)
[2026-07-20T06:02:46.121+0000] {subprocess.py:93} INFO - 26/07/20 06:02:46 INFO StandaloneSchedulerBackend: Granted executor ID app-20260720060246-0085/2 on hostPort 172.18.0.6:33249 with 1 core(s), 512.0 MiB RAM
[2026-07-20T06:02:46.126+0000] {subprocess.py:93} INFO - 26/07/20 06:02:46 INFO Utils: Successfully started service 'org.apache.spark.network.netty.NettyBlockTransferService' on port 33029.
[2026-07-20T06:02:46.128+0000] {subprocess.py:93} INFO - 26/07/20 06:02:46 INFO NettyBlockTransferService: Server created on 6cbf710fe093:33029
[2026-07-20T06:02:46.133+0000] {subprocess.py:93} INFO - 26/07/20 06:02:46 INFO BlockManager: Using org.apache.spark.storage.RandomBlockReplicationPolicy for block replication policy
[2026-07-20T06:02:46.139+0000] {subprocess.py:93} INFO - 26/07/20 06:02:46 INFO BlockManagerMaster: Registering BlockManager BlockManagerId(driver, 6cbf710fe093, 33029, None)
[2026-07-20T06:02:46.147+0000] {subprocess.py:93} INFO - 26/07/20 06:02:46 INFO BlockManagerMasterEndpoint: Registering block manager 6cbf710fe093:33029 with 434.4 MiB RAM, BlockManagerId(driver, 6cbf710fe093, 33029, None)
[2026-07-20T06:02:46.149+0000] {subprocess.py:93} INFO - 26/07/20 06:02:46 INFO BlockManagerMaster: Registered BlockManager BlockManagerId(driver, 6cbf710fe093, 33029, None)
[2026-07-20T06:02:46.152+0000] {subprocess.py:93} INFO - 26/07/20 06:02:46 INFO BlockManager: Initialized BlockManager: BlockManagerId(driver, 6cbf710fe093, 33029, None)
[2026-07-20T06:02:46.201+0000] {subprocess.py:93} INFO - 26/07/20 06:02:46 INFO StandaloneAppClient$ClientEndpoint: Executor updated: app-20260720060246-0085/2 is now RUNNING
[2026-07-20T06:02:46.202+0000] {subprocess.py:93} INFO - 26/07/20 06:02:46 INFO StandaloneAppClient$ClientEndpoint: Executor updated: app-20260720060246-0085/1 is now RUNNING
[2026-07-20T06:02:46.209+0000] {subprocess.py:93} INFO - 26/07/20 06:02:46 INFO StandaloneAppClient$ClientEndpoint: Executor updated: app-20260720060246-0085/0 is now RUNNING
[2026-07-20T06:02:46.736+0000] {subprocess.py:93} INFO - 26/07/20 06:02:46 INFO StandaloneSchedulerBackend: SchedulerBackend is ready for scheduling beginning after reached minRegisteredResourcesRatio: 0.0
[2026-07-20T06:02:47.178+0000] {subprocess.py:93} INFO - Starting silver stream: orders --->>  /opt/data/silver/orders
[2026-07-20T06:03:03.427+0000] {subprocess.py:93} INFO - 26/07/20 06:03:03 WARN ResolveWriteToStream: spark.sql.adaptive.enabled is not supported in streaming DataFrames/Datasets and will be disabled.
[2026-07-20T06:03:03.646+0000] {subprocess.py:93} INFO - Silver stream started: /opt/data/bronze/orders --->> /opt/data/silver/orders
[2026-07-20T06:03:03.652+0000] {subprocess.py:93} INFO - Starting silver stream: customers --->>  /opt/data/silver/customers
[2026-07-20T06:03:08.247+0000] {subprocess.py:93} INFO - 26/07/20 06:03:08 WARN ResolveWriteToStream: spark.sql.adaptive.enabled is not supported in streaming DataFrames/Datasets and will be disabled.
[2026-07-20T06:03:08.306+0000] {subprocess.py:93} INFO - Silver stream started: /opt/data/bronze/customers --->> /opt/data/silver/customers
[2026-07-20T06:03:08.315+0000] {subprocess.py:93} INFO - Starting silver stream: products --->>  /opt/data/silver/products
[2026-07-20T06:03:12.299+0000] {subprocess.py:93} INFO - 26/07/20 06:03:12 WARN ResolveWriteToStream: spark.sql.adaptive.enabled is not supported in streaming DataFrames/Datasets and will be disabled.
[2026-07-20T06:03:12.404+0000] {subprocess.py:93} INFO - Silver stream started: /opt/data/bronze/products --->> /opt/data/silver/products
[2026-07-20T06:03:13.517+0000] {subprocess.py:93} INFO - 26/07/20 06:03:13 WARN SparkStringUtils: Truncated the string representation of a plan since it was too large. This behavior can be adjusted by setting 'spark.sql.debug.maxToStringFields'.
[2026-07-20T06:04:46.559+0000] {subprocess.py:97} INFO - Command exited with return code 0
[2026-07-20T06:04:46.563+0000] {taskinstance.py:441} INFO - ::group::Post task execution logs
[2026-07-20T06:04:46.606+0000] {taskinstance.py:1205} INFO - Marking task as SUCCESS. dag_id=e-commerce_kafka_streaming_pipeline_v1, task_id=run_silver, execution_date=20260720T050000, start_date=20260720T060241, end_date=20260720T060446
[2026-07-20T06:04:46.660+0000] {local_task_job_runner.py:240} INFO - Task exited with return code 0
[2026-07-20T06:04:46.699+0000] {taskinstance.py:3482} INFO - 1 downstream tasks scheduled from follow-on schedule check
[2026-07-20T06:04:46.702+0000] {local_task_job_runner.py:222} INFO - ::endgroup::
