[2026-07-16T13:01:56.771+0000] {local_task_job_runner.py:120} INFO - ::group::Pre task execution logs
[2026-07-16T13:01:56.817+0000] {taskinstance.py:2073} INFO - Dependencies all met for dep_context=non-requeueable deps ti=<TaskInstance: e-commerce_kafka_streaming_pipeline_v1.wait_for_bronze scheduled__2026-07-16T12:00:00+00:00 [queued]>
[2026-07-16T13:01:56.830+0000] {taskinstance.py:2073} INFO - Dependencies all met for dep_context=requeueable deps ti=<TaskInstance: e-commerce_kafka_streaming_pipeline_v1.wait_for_bronze scheduled__2026-07-16T12:00:00+00:00 [queued]>
[2026-07-16T13:01:56.831+0000] {taskinstance.py:2303} INFO - Starting attempt 1 of 2
[2026-07-16T13:01:56.850+0000] {taskinstance.py:2327} INFO - Executing <Task(FileSensor): wait_for_bronze> on 2026-07-16 12:00:00+00:00
[2026-07-16T13:01:56.863+0000] {standard_task_runner.py:90} INFO - Running: ['***', 'tasks', 'run', 'e-commerce_kafka_streaming_pipeline_v1', 'wait_for_bronze', 'scheduled__2026-07-16T12:00:00+00:00', '--job-id', '55', '--raw', '--subdir', 'DAGS_FOLDER/sdp_pipeline_dag.py', '--cfg-path', '/tmp/tmpy3nf856x']
[2026-07-16T13:01:56.868+0000] {standard_task_runner.py:91} INFO - Job 55: Subtask wait_for_bronze
[2026-07-16T13:01:56.869+0000] {logging_mixin.py:188} WARNING - /home/***/.local/lib/python3.12/site-packages/***/task/task_runner/standard_task_runner.py:61 DeprecationWarning: This process (pid=1963) is multi-threaded, use of fork() may lead to deadlocks in the child.
[2026-07-16T13:01:56.871+0000] {standard_task_runner.py:63} INFO - Started process 1964 to run task
[2026-07-16T13:01:56.944+0000] {task_command.py:426} INFO - Running <TaskInstance: e-commerce_kafka_streaming_pipeline_v1.wait_for_bronze scheduled__2026-07-16T12:00:00+00:00 [running]> on host da27550080bf
[2026-07-16T13:01:57.110+0000] {taskinstance.py:2644} INFO - Exporting env vars: AIRFLOW_CTX_DAG_OWNER='dev' AIRFLOW_CTX_DAG_ID='e-commerce_kafka_streaming_pipeline_v1' AIRFLOW_CTX_TASK_ID='wait_for_bronze' AIRFLOW_CTX_EXECUTION_DATE='2026-07-16T12:00:00+00:00' AIRFLOW_CTX_TRY_NUMBER='1' AIRFLOW_CTX_DAG_RUN_ID='scheduled__2026-07-16T12:00:00+00:00'
[2026-07-16T13:01:57.112+0000] {taskinstance.py:430} INFO - ::endgroup::
[2026-07-16T13:01:57.134+0000] {baseoperator.py:399} WARNING - FileSensor.execute cannot be called outside TaskInstance!
[2026-07-16T13:01:57.147+0000] {base.py:84} INFO - Using connection ID 'fs_default' for task execution.
[2026-07-16T13:01:57.149+0000] {filesystem.py:85} INFO - Poking for file /opt/data/bronze/orders
[2026-07-16T13:01:57.153+0000] {base.py:294} INFO - Success criteria met. Exiting.
[2026-07-16T13:01:57.154+0000] {filesystem.py:85} INFO - Poking for file /opt/data/bronze/orders
[2026-07-16T13:01:57.158+0000] {taskinstance.py:441} INFO - ::group::Post task execution logs
[2026-07-16T13:01:57.171+0000] {taskinstance.py:1205} INFO - Marking task as SUCCESS. dag_id=e-commerce_kafka_streaming_pipeline_v1, task_id=wait_for_bronze, execution_date=20260716T120000, start_date=20260716T130156, end_date=20260716T130157
[2026-07-16T13:01:57.219+0000] {local_task_job_runner.py:240} INFO - Task exited with return code 0
[2026-07-16T13:01:57.275+0000] {taskinstance.py:3482} INFO - 1 downstream tasks scheduled from follow-on schedule check
[2026-07-16T13:01:57.278+0000] {local_task_job_runner.py:222} INFO - ::endgroup::
