[2026-06-17T12:15:09.059+0000] {local_task_job_runner.py:120} INFO - ::group::Pre task execution logs
[2026-06-17T12:15:09.168+0000] {taskinstance.py:2073} INFO - Dependencies all met for dep_context=non-requeueable deps ti=<TaskInstance: e-commerce_kafka_streaming_pipeline_v10.run_bronze scheduled__2026-06-17T11:00:00+00:00 [queued]>
[2026-06-17T12:15:09.210+0000] {taskinstance.py:2073} INFO - Dependencies all met for dep_context=requeueable deps ti=<TaskInstance: e-commerce_kafka_streaming_pipeline_v10.run_bronze scheduled__2026-06-17T11:00:00+00:00 [queued]>
[2026-06-17T12:15:09.218+0000] {taskinstance.py:2303} INFO - Starting attempt 1 of 2
[2026-06-17T12:15:09.284+0000] {taskinstance.py:2327} INFO - Executing <Task(BashOperator): run_bronze> on 2026-06-17 11:00:00+00:00
[2026-06-17T12:15:09.312+0000] {standard_task_runner.py:90} INFO - Running: ['***', 'tasks', 'run', 'e-commerce_kafka_streaming_pipeline_v10', 'run_bronze', 'scheduled__2026-06-17T11:00:00+00:00', '--job-id', '64', '--raw', '--subdir', 'DAGS_FOLDER/sdp_pipeline_dag.py', '--cfg-path', '/tmp/tmpmh97np30']
[2026-06-17T12:15:09.322+0000] {standard_task_runner.py:91} INFO - Job 64: Subtask run_bronze
[2026-06-17T12:15:09.323+0000] {logging_mixin.py:188} WARNING - /home/***/.local/lib/python3.12/site-packages/***/task/task_runner/standard_task_runner.py:61 DeprecationWarning: This process (pid=4103) is multi-threaded, use of fork() may lead to deadlocks in the child.
[2026-06-17T12:15:09.326+0000] {standard_task_runner.py:63} INFO - Started process 4104 to run task
[2026-06-17T12:15:09.557+0000] {task_command.py:426} INFO - Running <TaskInstance: e-commerce_kafka_streaming_pipeline_v10.run_bronze scheduled__2026-06-17T11:00:00+00:00 [running]> on host c5880b5b3b6f
[2026-06-17T12:15:09.686+0000] {taskinstance.py:2644} INFO - Exporting env vars: AIRFLOW_CTX_DAG_OWNER='dev' AIRFLOW_CTX_DAG_ID='e-commerce_kafka_streaming_pipeline_v10' AIRFLOW_CTX_TASK_ID='run_bronze' AIRFLOW_CTX_EXECUTION_DATE='2026-06-17T11:00:00+00:00' AIRFLOW_CTX_TRY_NUMBER='1' AIRFLOW_CTX_DAG_RUN_ID='scheduled__2026-06-17T11:00:00+00:00'
[2026-06-17T12:15:09.687+0000] {taskinstance.py:430} INFO - ::endgroup::
[2026-06-17T12:15:09.710+0000] {subprocess.py:63} INFO - Tmp dir root location: /tmp
[2026-06-17T12:15:09.712+0000] {subprocess.py:75} INFO - Running command: ['/usr/bin/bash', '-c', 'timeout 120s docker run --rm --network streaming_kafka_project_sdp-net --volume /d/Streaming_kafka_project/pipelines:/opt/pipelines --volume /d/Streaming_kafka_project/data:/opt/data --volume /d/Streaming_kafka_project/checkpoints:/opt/checkpoints --volume /d/Streaming_kafka_project/jars:/opt/jars apache/spark:3.5.1 /opt/spark/bin/spark-submit --master spark://sdp-spark-master:7077 --executor-cores 1 --executor-memory 512m --total-executor-cores 3 --jars /opt/jars/delta-spark_2.12-3.2.0.jar,/opt/jars/delta-storage-3.2.0.jar,/opt/jars/spark-sql-kafka-0-10_2.12-3.5.1.jar,/opt/jars/kafka-clients-3.4.1.jar,/opt/jars/spark-token-provider-kafka-0-10_2.12-3.5.1.jar,/opt/jars/commons-pool2-2.11.1.jar --conf spark.sql.extensions=io.delta.sql.DeltaSparkSessionExtension --conf spark.sql.catalog.spark_catalog=org.apache.spark.sql.delta.catalog.DeltaCatalog  /opt/pipelines/bronze_runner.py']
[2026-06-17T12:15:09.725+0000] {subprocess.py:86} INFO - Output:
[2026-06-17T12:15:14.018+0000] {subprocess.py:93} INFO - 26/06/17 12:15:14 WARN NativeCodeLoader: Unable to load native-hadoop library for your platform... using builtin-java classes where applicable
[2026-06-17T12:15:15.295+0000] {subprocess.py:93} INFO - 26/06/17 12:15:15 INFO SparkContext: Running Spark version 3.5.1
[2026-06-17T12:15:15.296+0000] {subprocess.py:93} INFO - 26/06/17 12:15:15 INFO SparkContext: OS info Linux, 6.6.114.1-microsoft-standard-WSL2, amd64
[2026-06-17T12:15:15.297+0000] {subprocess.py:93} INFO - 26/06/17 12:15:15 INFO SparkContext: Java version 11.0.22
[2026-06-17T12:15:15.356+0000] {subprocess.py:93} INFO - 26/06/17 12:15:15 INFO ResourceUtils: ==============================================================
[2026-06-17T12:15:15.358+0000] {subprocess.py:93} INFO - 26/06/17 12:15:15 INFO ResourceUtils: No custom resources configured for spark.driver.
[2026-06-17T12:15:15.359+0000] {subprocess.py:93} INFO - 26/06/17 12:15:15 INFO ResourceUtils: ==============================================================
[2026-06-17T12:15:15.362+0000] {subprocess.py:93} INFO - 26/06/17 12:15:15 INFO SparkContext: Submitted application: SDP-Bronze
[2026-06-17T12:15:15.405+0000] {subprocess.py:93} INFO - 26/06/17 12:15:15 INFO ResourceProfile: Default ResourceProfile created, executor resources: Map(cores -> name: cores, amount: 1, script: , vendor: , memory -> name: memory, amount: 512, script: , vendor: , offHeap -> name: offHeap, amount: 0, script: , vendor: ), task resources: Map(cpus -> name: cpus, amount: 1.0)
[2026-06-17T12:15:15.431+0000] {subprocess.py:93} INFO - 26/06/17 12:15:15 INFO ResourceProfile: Limiting resource is cpus at 1 tasks per executor
[2026-06-17T12:15:15.437+0000] {subprocess.py:93} INFO - 26/06/17 12:15:15 INFO ResourceProfileManager: Added ResourceProfile id: 0
[2026-06-17T12:15:15.522+0000] {subprocess.py:93} INFO - 26/06/17 12:15:15 INFO SecurityManager: Changing view acls to: spark
[2026-06-17T12:15:15.524+0000] {subprocess.py:93} INFO - 26/06/17 12:15:15 INFO SecurityManager: Changing modify acls to: spark
[2026-06-17T12:15:15.527+0000] {subprocess.py:93} INFO - 26/06/17 12:15:15 INFO SecurityManager: Changing view acls groups to:
[2026-06-17T12:15:15.528+0000] {subprocess.py:93} INFO - 26/06/17 12:15:15 INFO SecurityManager: Changing modify acls groups to:
[2026-06-17T12:15:15.529+0000] {subprocess.py:93} INFO - 26/06/17 12:15:15 INFO SecurityManager: SecurityManager: authentication disabled; ui acls disabled; users with view permissions: spark; groups with view permissions: EMPTY; users with modify permissions: spark; groups with modify permissions: EMPTY
[2026-06-17T12:15:15.986+0000] {subprocess.py:93} INFO - 26/06/17 12:15:15 INFO Utils: Successfully started service 'sparkDriver' on port 38621.
[2026-06-17T12:15:16.043+0000] {subprocess.py:93} INFO - 26/06/17 12:15:16 INFO SparkEnv: Registering MapOutputTracker
[2026-06-17T12:15:16.112+0000] {subprocess.py:93} INFO - 26/06/17 12:15:16 INFO SparkEnv: Registering BlockManagerMaster
[2026-06-17T12:15:16.170+0000] {subprocess.py:93} INFO - 26/06/17 12:15:16 INFO BlockManagerMasterEndpoint: Using org.apache.spark.storage.DefaultTopologyMapper for getting topology information
[2026-06-17T12:15:16.172+0000] {subprocess.py:93} INFO - 26/06/17 12:15:16 INFO BlockManagerMasterEndpoint: BlockManagerMasterEndpoint up
[2026-06-17T12:15:16.184+0000] {subprocess.py:93} INFO - 26/06/17 12:15:16 INFO SparkEnv: Registering BlockManagerMasterHeartbeat
[2026-06-17T12:15:16.232+0000] {subprocess.py:93} INFO - 26/06/17 12:15:16 INFO DiskBlockManager: Created local directory at /tmp/blockmgr-8d0113ff-3c6a-4e4d-a1b0-9e221337e443
[2026-06-17T12:15:16.266+0000] {subprocess.py:93} INFO - 26/06/17 12:15:16 INFO MemoryStore: MemoryStore started with capacity 434.4 MiB
[2026-06-17T12:15:16.294+0000] {subprocess.py:93} INFO - 26/06/17 12:15:16 INFO SparkEnv: Registering OutputCommitCoordinator
[2026-06-17T12:15:16.554+0000] {subprocess.py:93} INFO - 26/06/17 12:15:16 INFO JettyUtils: Start Jetty 0.0.0.0:4040 for SparkUI
[2026-06-17T12:15:16.652+0000] {subprocess.py:93} INFO - 26/06/17 12:15:16 INFO Utils: Successfully started service 'SparkUI' on port 4040.
[2026-06-17T12:15:16.721+0000] {subprocess.py:93} INFO - 26/06/17 12:15:16 INFO SparkContext: Added JAR file:///opt/jars/delta-spark_2.12-3.2.0.jar at spark://ef0bd5fbf5c7:38621/jars/delta-spark_2.12-3.2.0.jar with timestamp 1781698515277
[2026-06-17T12:15:16.723+0000] {subprocess.py:93} INFO - 26/06/17 12:15:16 INFO SparkContext: Added JAR file:///opt/jars/delta-storage-3.2.0.jar at spark://ef0bd5fbf5c7:38621/jars/delta-storage-3.2.0.jar with timestamp 1781698515277
[2026-06-17T12:15:16.725+0000] {subprocess.py:93} INFO - 26/06/17 12:15:16 INFO SparkContext: Added JAR file:///opt/jars/spark-sql-kafka-0-10_2.12-3.5.1.jar at spark://ef0bd5fbf5c7:38621/jars/spark-sql-kafka-0-10_2.12-3.5.1.jar with timestamp 1781698515277
[2026-06-17T12:15:16.728+0000] {subprocess.py:93} INFO - 26/06/17 12:15:16 INFO SparkContext: Added JAR file:///opt/jars/kafka-clients-3.4.1.jar at spark://ef0bd5fbf5c7:38621/jars/kafka-clients-3.4.1.jar with timestamp 1781698515277
[2026-06-17T12:15:16.731+0000] {subprocess.py:93} INFO - 26/06/17 12:15:16 INFO SparkContext: Added JAR file:///opt/jars/spark-token-provider-kafka-0-10_2.12-3.5.1.jar at spark://ef0bd5fbf5c7:38621/jars/spark-token-provider-kafka-0-10_2.12-3.5.1.jar with timestamp 1781698515277
[2026-06-17T12:15:16.733+0000] {subprocess.py:93} INFO - 26/06/17 12:15:16 INFO SparkContext: Added JAR file:///opt/jars/commons-pool2-2.11.1.jar at spark://ef0bd5fbf5c7:38621/jars/commons-pool2-2.11.1.jar with timestamp 1781698515277
[2026-06-17T12:15:16.910+0000] {subprocess.py:93} INFO - 26/06/17 12:15:16 INFO StandaloneAppClient$ClientEndpoint: Connecting to master spark://sdp-spark-master:7077...
[2026-06-17T12:15:16.990+0000] {subprocess.py:93} INFO - 26/06/17 12:15:16 INFO TransportClientFactory: Successfully created connection to sdp-spark-master/172.18.0.3:7077 after 43 ms (0 ms spent in bootstraps)
[2026-06-17T12:15:17.145+0000] {subprocess.py:93} INFO - 26/06/17 12:15:17 INFO StandaloneSchedulerBackend: Connected to Spark cluster with app ID app-20260617121517-0039
[2026-06-17T12:15:17.146+0000] {subprocess.py:93} INFO - 26/06/17 12:15:17 INFO StandaloneAppClient$ClientEndpoint: Executor added: app-20260617121517-0039/0 on worker-20260616111838-172.18.0.5-35429 (172.18.0.5:35429) with 1 core(s)
[2026-06-17T12:15:17.160+0000] {subprocess.py:93} INFO - 26/06/17 12:15:17 INFO StandaloneSchedulerBackend: Granted executor ID app-20260617121517-0039/0 on hostPort 172.18.0.5:35429 with 1 core(s), 512.0 MiB RAM
[2026-06-17T12:15:17.162+0000] {subprocess.py:93} INFO - 26/06/17 12:15:17 INFO StandaloneAppClient$ClientEndpoint: Executor added: app-20260617121517-0039/1 on worker-20260616111838-172.18.0.5-35429 (172.18.0.5:35429) with 1 core(s)
[2026-06-17T12:15:17.165+0000] {subprocess.py:93} INFO - 26/06/17 12:15:17 INFO StandaloneSchedulerBackend: Granted executor ID app-20260617121517-0039/1 on hostPort 172.18.0.5:35429 with 1 core(s), 512.0 MiB RAM
[2026-06-17T12:15:17.167+0000] {subprocess.py:93} INFO - 26/06/17 12:15:17 INFO StandaloneAppClient$ClientEndpoint: Executor added: app-20260617121517-0039/2 on worker-20260616111838-172.18.0.6-45657 (172.18.0.6:45657) with 1 core(s)
[2026-06-17T12:15:17.172+0000] {subprocess.py:93} INFO - 26/06/17 12:15:17 INFO StandaloneSchedulerBackend: Granted executor ID app-20260617121517-0039/2 on hostPort 172.18.0.6:45657 with 1 core(s), 512.0 MiB RAM
[2026-06-17T12:15:17.173+0000] {subprocess.py:93} INFO - 26/06/17 12:15:17 INFO Utils: Successfully started service 'org.apache.spark.network.netty.NettyBlockTransferService' on port 42265.
[2026-06-17T12:15:17.175+0000] {subprocess.py:93} INFO - 26/06/17 12:15:17 INFO NettyBlockTransferService: Server created on ef0bd5fbf5c7:42265
[2026-06-17T12:15:17.178+0000] {subprocess.py:93} INFO - 26/06/17 12:15:17 INFO BlockManager: Using org.apache.spark.storage.RandomBlockReplicationPolicy for block replication policy
[2026-06-17T12:15:17.219+0000] {subprocess.py:93} INFO - 26/06/17 12:15:17 INFO BlockManagerMaster: Registering BlockManager BlockManagerId(driver, ef0bd5fbf5c7, 42265, None)
[2026-06-17T12:15:17.252+0000] {subprocess.py:93} INFO - 26/06/17 12:15:17 INFO BlockManagerMasterEndpoint: Registering block manager ef0bd5fbf5c7:42265 with 434.4 MiB RAM, BlockManagerId(driver, ef0bd5fbf5c7, 42265, None)
[2026-06-17T12:15:17.273+0000] {subprocess.py:93} INFO - 26/06/17 12:15:17 INFO StandaloneAppClient$ClientEndpoint: Executor updated: app-20260617121517-0039/2 is now RUNNING
[2026-06-17T12:15:17.274+0000] {subprocess.py:93} INFO - 26/06/17 12:15:17 INFO StandaloneAppClient$ClientEndpoint: Executor updated: app-20260617121517-0039/0 is now RUNNING
[2026-06-17T12:15:17.293+0000] {subprocess.py:93} INFO - 26/06/17 12:15:17 INFO BlockManagerMaster: Registered BlockManager BlockManagerId(driver, ef0bd5fbf5c7, 42265, None)
[2026-06-17T12:15:17.300+0000] {subprocess.py:93} INFO - 26/06/17 12:15:17 INFO BlockManager: Initialized BlockManager: BlockManagerId(driver, ef0bd5fbf5c7, 42265, None)
[2026-06-17T12:15:17.303+0000] {subprocess.py:93} INFO - 26/06/17 12:15:17 INFO StandaloneAppClient$ClientEndpoint: Executor updated: app-20260617121517-0039/1 is now RUNNING
[2026-06-17T12:15:18.168+0000] {subprocess.py:93} INFO - 26/06/17 12:15:18 INFO StandaloneSchedulerBackend: SchedulerBackend is ready for scheduling beginning after reached minRegisteredResourcesRatio: 0.0
[2026-06-17T12:15:19.006+0000] {subprocess.py:93} INFO - Starting stream: orders -> /opt/data/bronze/orders
[2026-06-17T12:16:03.233+0000] {subprocess.py:93} INFO - 26/06/17 12:16:03 WARN ResolveWriteToStream: spark.sql.adaptive.enabled is not supported in streaming DataFrames/Datasets and will be disabled.
[2026-06-17T12:16:03.630+0000] {subprocess.py:93} INFO - Starting stream: customers -> /opt/data/bronze/customers
[2026-06-17T12:16:10.799+0000] {subprocess.py:93} INFO - 26/06/17 12:16:10 WARN ResolveWriteToStream: spark.sql.adaptive.enabled is not supported in streaming DataFrames/Datasets and will be disabled.
[2026-06-17T12:16:10.993+0000] {subprocess.py:93} INFO - Starting stream: products -> /opt/data/bronze/products
[2026-06-17T12:16:15.376+0000] {subprocess.py:93} INFO - 26/06/17 12:16:15 WARN ResolveWriteToStream: spark.sql.adaptive.enabled is not supported in streaming DataFrames/Datasets and will be disabled.
[2026-06-17T12:16:15.475+0000] {subprocess.py:93} INFO - 26/06/17 12:16:15 WARN SparkStringUtils: Truncated the string representation of a plan since it was too large. This behavior can be adjusted by setting 'spark.sql.debug.maxToStringFields'.
[2026-06-17T12:16:18.890+0000] {subprocess.py:93} INFO - 26/06/17 12:16:18 WARN AdminClientConfig: These configurations '[key.deserializer, value.deserializer, enable.auto.commit, max.poll.records, auto.offset.reset]' were supplied but are not used yet.
[2026-06-17T12:16:22.889+0000] {subprocess.py:93} INFO - 26/06/17 12:16:22 WARN AdminClientConfig: These configurations '[key.deserializer, value.deserializer, enable.auto.commit, max.poll.records, auto.offset.reset]' were supplied but are not used yet.
[2026-06-17T12:17:02.803+0000] {subprocess.py:93} INFO - 26/06/17 12:17:02 WARN AdminClientConfig: These configurations '[key.deserializer, value.deserializer, enable.auto.commit, max.poll.records, auto.offset.reset]' were supplied but are not used yet.
[2026-06-17T12:17:10.190+0000] {subprocess.py:93} INFO - 26/06/17 12:17:10 ERROR DeltaFileFormatWriter: Aborting job bf605f86-c7bd-4df5-95d5-829d8aa9fa13.
[2026-06-17T12:17:10.192+0000] {subprocess.py:93} INFO - org.apache.spark.SparkException: Job 6 cancelled because SparkContext was shut down
[2026-06-17T12:17:10.193+0000] {subprocess.py:93} INFO - 	at org.apache.spark.scheduler.DAGScheduler.$anonfun$cleanUpAfterSchedulerStop$1(DAGScheduler.scala:1253)
[2026-06-17T12:17:10.195+0000] {subprocess.py:93} INFO - 	at org.apache.spark.scheduler.DAGScheduler.$anonfun$cleanUpAfterSchedulerStop$1$adapted(DAGScheduler.scala:1251)
[2026-06-17T12:17:10.199+0000] {subprocess.py:93} INFO - 	at scala.collection.mutable.HashSet.foreach(HashSet.scala:79)
[2026-06-17T12:17:10.200+0000] {subprocess.py:93} INFO - 	at org.apache.spark.scheduler.DAGScheduler.cleanUpAfterSchedulerStop(DAGScheduler.scala:1251)
[2026-06-17T12:17:10.201+0000] {subprocess.py:93} INFO - 	at org.apache.spark.scheduler.DAGSchedulerEventProcessLoop.onStop(DAGScheduler.scala:3087)
[2026-06-17T12:17:10.202+0000] {subprocess.py:93} INFO - 	at org.apache.spark.util.EventLoop.stop(EventLoop.scala:84)
[2026-06-17T12:17:10.204+0000] {subprocess.py:93} INFO - 	at org.apache.spark.scheduler.DAGScheduler.$anonfun$stop$3(DAGScheduler.scala:2973)
[2026-06-17T12:17:10.206+0000] {subprocess.py:93} INFO - 	at org.apache.spark.util.Utils$.tryLogNonFatalError(Utils.scala:1375)
[2026-06-17T12:17:10.209+0000] {subprocess.py:93} INFO - 	at org.apache.spark.scheduler.DAGScheduler.stop(DAGScheduler.scala:2973)
[2026-06-17T12:17:10.210+0000] {subprocess.py:93} INFO - 	at org.apache.spark.SparkContext.$anonfun$stop$12(SparkContext.scala:2263)
[2026-06-17T12:17:10.211+0000] {subprocess.py:93} INFO - 	at org.apache.spark.util.Utils$.tryLogNonFatalError(Utils.scala:1375)
[2026-06-17T12:17:10.212+0000] {subprocess.py:93} INFO - 	at org.apache.spark.SparkContext.stop(SparkContext.scala:2263)
[2026-06-17T12:17:10.213+0000] {subprocess.py:93} INFO - 	at org.apache.spark.SparkContext.stop(SparkContext.scala:2216)
[2026-06-17T12:17:10.216+0000] {subprocess.py:93} INFO - 	at org.apache.spark.SparkContext.$anonfun$new$34(SparkContext.scala:686)
[2026-06-17T12:17:10.216+0000] {subprocess.py:93} INFO - 	at org.apache.spark.util.SparkShutdownHook.run(ShutdownHookManager.scala:214)
[2026-06-17T12:17:10.217+0000] {subprocess.py:93} INFO - 	at org.apache.spark.util.SparkShutdownHookManager.$anonfun$runAll$2(ShutdownHookManager.scala:188)
[2026-06-17T12:17:10.218+0000] {subprocess.py:93} INFO - 	at scala.runtime.java8.JFunction0$mcV$sp.apply(JFunction0$mcV$sp.java:23)
[2026-06-17T12:17:10.219+0000] {subprocess.py:93} INFO - 	at org.apache.spark.util.Utils$.logUncaughtExceptions(Utils.scala:1928)
[2026-06-17T12:17:10.224+0000] {subprocess.py:93} INFO - 	at org.apache.spark.util.SparkShutdownHookManager.$anonfun$runAll$1(ShutdownHookManager.scala:188)
[2026-06-17T12:17:10.227+0000] {subprocess.py:93} INFO - 	at scala.runtime.java8.JFunction0$mcV$sp.apply(JFunction0$mcV$sp.java:23)
[2026-06-17T12:17:10.229+0000] {subprocess.py:93} INFO - 	at scala.util.Try$.apply(Try.scala:213)
[2026-06-17T12:17:10.230+0000] {subprocess.py:93} INFO - 	at org.apache.spark.util.SparkShutdownHookManager.runAll(ShutdownHookManager.scala:188)
[2026-06-17T12:17:10.232+0000] {subprocess.py:93} INFO - 	at org.apache.spark.util.SparkShutdownHookManager$$anon$2.run(ShutdownHookManager.scala:178)
[2026-06-17T12:17:10.233+0000] {subprocess.py:93} INFO - 	at java.base/java.util.concurrent.Executors$RunnableAdapter.call(Unknown Source)
[2026-06-17T12:17:10.235+0000] {subprocess.py:93} INFO - 	at java.base/java.util.concurrent.FutureTask.run(Unknown Source)
[2026-06-17T12:17:10.236+0000] {subprocess.py:93} INFO - 	at java.base/java.util.concurrent.ThreadPoolExecutor.runWorker(Unknown Source)
[2026-06-17T12:17:10.238+0000] {subprocess.py:93} INFO - 	at java.base/java.util.concurrent.ThreadPoolExecutor$Worker.run(Unknown Source)
[2026-06-17T12:17:10.239+0000] {subprocess.py:93} INFO - 	at java.base/java.lang.Thread.run(Unknown Source)
[2026-06-17T12:17:10.240+0000] {subprocess.py:93} INFO - 	at org.apache.spark.scheduler.DAGScheduler.runJob(DAGScheduler.scala:989)
[2026-06-17T12:17:10.242+0000] {subprocess.py:93} INFO - 	at org.apache.spark.SparkContext.runJob(SparkContext.scala:2398)
[2026-06-17T12:17:10.245+0000] {subprocess.py:93} INFO - 	at org.apache.spark.sql.delta.files.DeltaFileFormatWriter$.$anonfun$executeWrite$1(DeltaFileFormatWriter.scala:263)
[2026-06-17T12:17:10.246+0000] {subprocess.py:93} INFO - 	at org.apache.spark.sql.delta.files.DeltaFileFormatWriter$.writeAndCommit(DeltaFileFormatWriter.scala:295)
[2026-06-17T12:17:10.250+0000] {subprocess.py:93} INFO - 	at org.apache.spark.sql.delta.files.DeltaFileFormatWriter$.executeWrite(DeltaFileFormatWriter.scala:234)
[2026-06-17T12:17:10.252+0000] {subprocess.py:93} INFO - 	at org.apache.spark.sql.delta.files.DeltaFileFormatWriter$.write(DeltaFileFormatWriter.scala:214)
[2026-06-17T12:17:10.253+0000] {subprocess.py:93} INFO - 	at org.apache.spark.sql.delta.files.TransactionalWrite.$anonfun$writeFiles$1(TransactionalWrite.scala:440)
[2026-06-17T12:17:10.254+0000] {subprocess.py:93} INFO - 	at org.apache.spark.sql.execution.SQLExecution$.$anonfun$withNewExecutionId$6(SQLExecution.scala:125)
[2026-06-17T12:17:10.256+0000] {subprocess.py:93} INFO - 	at org.apache.spark.sql.execution.SQLExecution$.withSQLConfPropagated(SQLExecution.scala:201)
[2026-06-17T12:17:10.257+0000] {subprocess.py:93} INFO - 	at org.apache.spark.sql.execution.SQLExecution$.$anonfun$withNewExecutionId$1(SQLExecution.scala:108)
[2026-06-17T12:17:10.258+0000] {subprocess.py:93} INFO - 	at org.apache.spark.sql.SparkSession.withActive(SparkSession.scala:900)
[2026-06-17T12:17:10.259+0000] {subprocess.py:93} INFO - 	at org.apache.spark.sql.execution.SQLExecution$.withNewExecutionId(SQLExecution.scala:66)
[2026-06-17T12:17:10.260+0000] {subprocess.py:93} INFO - 	at org.apache.spark.sql.delta.files.TransactionalWrite.writeFiles(TransactionalWrite.scala:398)
[2026-06-17T12:17:10.261+0000] {subprocess.py:93} INFO - 	at org.apache.spark.sql.delta.files.TransactionalWrite.writeFiles$(TransactionalWrite.scala:371)
[2026-06-17T12:17:10.263+0000] {subprocess.py:93} INFO - 	at org.apache.spark.sql.delta.OptimisticTransaction.writeFiles(OptimisticTransaction.scala:147)
[2026-06-17T12:17:10.268+0000] {subprocess.py:93} INFO - 	at org.apache.spark.sql.delta.files.TransactionalWrite.writeFiles(TransactionalWrite.scala:246)
[2026-06-17T12:17:10.268+0000] {subprocess.py:93} INFO - 	at org.apache.spark.sql.delta.files.TransactionalWrite.writeFiles$(TransactionalWrite.scala:242)
[2026-06-17T12:17:10.269+0000] {subprocess.py:93} INFO - 	at org.apache.spark.sql.delta.OptimisticTransaction.writeFiles(OptimisticTransaction.scala:147)
[2026-06-17T12:17:10.270+0000] {subprocess.py:93} INFO - 	at org.apache.spark.sql.delta.files.TransactionalWrite.writeFiles(TransactionalWrite.scala:235)
[2026-06-17T12:17:10.271+0000] {subprocess.py:93} INFO - 	at org.apache.spark.sql.delta.files.TransactionalWrite.writeFiles$(TransactionalWrite.scala:232)
[2026-06-17T12:17:10.272+0000] {subprocess.py:93} INFO - 	at org.apache.spark.sql.delta.OptimisticTransaction.writeFiles(OptimisticTransaction.scala:147)
[2026-06-17T12:17:10.273+0000] {subprocess.py:93} INFO - 	at org.apache.spark.sql.delta.sources.DeltaSink.$anonfun$addBatchWithStatusImpl$4(DeltaSink.scala:139)
[2026-06-17T12:17:10.274+0000] {subprocess.py:93} INFO - 	at org.apache.spark.util.Utils$.timeTakenMs(Utils.scala:552)
[2026-06-17T12:17:10.275+0000] {subprocess.py:93} INFO - 	at org.apache.spark.sql.delta.sources.DeltaSink.addBatchWithStatusImpl(DeltaSink.scala:139)
[2026-06-17T12:17:10.276+0000] {subprocess.py:93} INFO - 	at org.apache.spark.sql.delta.sources.DeltaSink.addBatch(DeltaSink.scala:97)
[2026-06-17T12:17:10.281+0000] {subprocess.py:93} INFO - 	at org.apache.spark.sql.execution.streaming.MicroBatchExecution.$anonfun$runBatch$17(MicroBatchExecution.scala:732)
[2026-06-17T12:17:10.282+0000] {subprocess.py:93} INFO - 	at org.apache.spark.sql.execution.SQLExecution$.$anonfun$withNewExecutionId$6(SQLExecution.scala:125)
[2026-06-17T12:17:10.283+0000] {subprocess.py:93} INFO - 	at org.apache.spark.sql.execution.SQLExecution$.withSQLConfPropagated(SQLExecution.scala:201)
[2026-06-17T12:17:10.284+0000] {subprocess.py:93} INFO - 	at org.apache.spark.sql.execution.SQLExecution$.$anonfun$withNewExecutionId$1(SQLExecution.scala:108)
[2026-06-17T12:17:10.286+0000] {subprocess.py:93} INFO - 	at org.apache.spark.sql.SparkSession.withActive(SparkSession.scala:900)
[2026-06-17T12:17:10.287+0000] {subprocess.py:93} INFO - 	at org.apache.spark.sql.execution.SQLExecution$.withNewExecutionId(SQLExecution.scala:66)
[2026-06-17T12:17:10.288+0000] {subprocess.py:93} INFO - 	at org.apache.spark.sql.execution.streaming.MicroBatchExecution.$anonfun$runBatch$16(MicroBatchExecution.scala:729)
[2026-06-17T12:17:10.292+0000] {subprocess.py:93} INFO - 	at org.apache.spark.sql.execution.streaming.ProgressReporter.reportTimeTaken(ProgressReporter.scala:427)
[2026-06-17T12:17:10.295+0000] {subprocess.py:93} INFO - 	at org.apache.spark.sql.execution.streaming.ProgressReporter.reportTimeTaken$(ProgressReporter.scala:425)
[2026-06-17T12:17:10.297+0000] {subprocess.py:93} INFO - 	at org.apache.spark.sql.execution.streaming.StreamExecution.reportTimeTaken(StreamExecution.scala:67)
[2026-06-17T12:17:10.298+0000] {subprocess.py:93} INFO - 	at org.apache.spark.sql.execution.streaming.MicroBatchExecution.runBatch(MicroBatchExecution.scala:729)
[2026-06-17T12:17:10.299+0000] {subprocess.py:93} INFO - 	at org.apache.spark.sql.execution.streaming.MicroBatchExecution.$anonfun$runActivatedStream$2(MicroBatchExecution.scala:286)
[2026-06-17T12:17:10.300+0000] {subprocess.py:93} INFO - 	at scala.runtime.java8.JFunction0$mcV$sp.apply(JFunction0$mcV$sp.java:23)
[2026-06-17T12:17:10.301+0000] {subprocess.py:93} INFO - 	at org.apache.spark.sql.execution.streaming.ProgressReporter.reportTimeTaken(ProgressReporter.scala:427)
[2026-06-17T12:17:10.302+0000] {subprocess.py:93} INFO - 	at org.apache.spark.sql.execution.streaming.ProgressReporter.reportTimeTaken$(ProgressReporter.scala:425)
[2026-06-17T12:17:10.303+0000] {subprocess.py:93} INFO - 	at org.apache.spark.sql.execution.streaming.StreamExecution.reportTimeTaken(StreamExecution.scala:67)
[2026-06-17T12:17:10.304+0000] {subprocess.py:93} INFO - 	at org.apache.spark.sql.execution.streaming.MicroBatchExecution.$anonfun$runActivatedStream$1(MicroBatchExecution.scala:249)
[2026-06-17T12:17:10.308+0000] {subprocess.py:93} INFO - 	at org.apache.spark.sql.execution.streaming.ProcessingTimeExecutor.execute(TriggerExecutor.scala:67)
[2026-06-17T12:17:10.309+0000] {subprocess.py:93} INFO - 	at org.apache.spark.sql.execution.streaming.MicroBatchExecution.runActivatedStream(MicroBatchExecution.scala:239)
[2026-06-17T12:17:10.309+0000] {subprocess.py:93} INFO - 	at org.apache.spark.sql.execution.streaming.StreamExecution.$anonfun$runStream$1(StreamExecution.scala:311)
[2026-06-17T12:17:10.310+0000] {subprocess.py:93} INFO - 	at scala.runtime.java8.JFunction0$mcV$sp.apply(JFunction0$mcV$sp.java:23)
[2026-06-17T12:17:10.312+0000] {subprocess.py:93} INFO - 	at org.apache.spark.sql.SparkSession.withActive(SparkSession.scala:900)
[2026-06-17T12:17:10.314+0000] {subprocess.py:93} INFO - 	at org.apache.spark.sql.execution.streaming.StreamExecution.org$apache$spark$sql$execution$streaming$StreamExecution$$runStream(StreamExecution.scala:289)
[2026-06-17T12:17:10.315+0000] {subprocess.py:93} INFO - 	at org.apache.spark.sql.execution.streaming.StreamExecution$$anon$1.$anonfun$run$1(StreamExecution.scala:211)
[2026-06-17T12:17:10.320+0000] {subprocess.py:93} INFO - 	at scala.runtime.java8.JFunction0$mcV$sp.apply(JFunction0$mcV$sp.java:23)
[2026-06-17T12:17:10.323+0000] {subprocess.py:93} INFO - 	at org.apache.spark.JobArtifactSet$.withActiveJobArtifactState(JobArtifactSet.scala:94)
[2026-06-17T12:17:10.327+0000] {subprocess.py:93} INFO - 	at org.apache.spark.sql.execution.streaming.StreamExecution$$anon$1.run(StreamExecution.scala:211)
[2026-06-17T12:17:12.176+0000] {subprocess.py:97} INFO - Command exited with return code 124
[2026-06-17T12:17:12.181+0000] {taskinstance.py:441} INFO - ::group::Post task execution logs
[2026-06-17T12:17:12.241+0000] {taskinstance.py:2890} ERROR - Task failed with exception
Traceback (most recent call last):
  File "/home/airflow/.local/lib/python3.12/site-packages/airflow/models/taskinstance.py", line 465, in _execute_task
    result = _execute_callable(context=context, **execute_callable_kwargs)
             ^^^^^^^^^^^^^^^^^^^^^^^^^^^^^^^^^^^^^^^^^^^^^^^^^^^^^^^^^^^^^
  File "/home/airflow/.local/lib/python3.12/site-packages/airflow/models/taskinstance.py", line 432, in _execute_callable
    return execute_callable(context=context, **execute_callable_kwargs)
           ^^^^^^^^^^^^^^^^^^^^^^^^^^^^^^^^^^^^^^^^^^^^^^^^^^^^^^^^^^^^
  File "/home/airflow/.local/lib/python3.12/site-packages/airflow/models/baseoperator.py", line 400, in wrapper
    return func(self, *args, **kwargs)
           ^^^^^^^^^^^^^^^^^^^^^^^^^^^
  File "/home/airflow/.local/lib/python3.12/site-packages/airflow/operators/bash.py", line 243, in execute
    raise AirflowException(
airflow.exceptions.AirflowException: Bash command failed. The command returned a non-zero exit code 124.
[2026-06-17T12:17:12.257+0000] {taskinstance.py:1205} INFO - Marking task as UP_FOR_RETRY. dag_id=e-commerce_kafka_streaming_pipeline_v10, task_id=run_bronze, execution_date=20260617T110000, start_date=20260617T121509, end_date=20260617T121712
[2026-06-17T12:17:12.308+0000] {standard_task_runner.py:110} ERROR - Failed to execute job 64 for task run_bronze (Bash command failed. The command returned a non-zero exit code 124.; 4104)
[2026-06-17T12:17:12.340+0000] {local_task_job_runner.py:240} INFO - Task exited with return code 1
[2026-06-17T12:17:12.379+0000] {taskinstance.py:3482} INFO - 0 downstream tasks scheduled from follow-on schedule check
[2026-06-17T12:17:12.382+0000] {local_task_job_runner.py:222} INFO - ::endgroup::
