[2026-06-17T12:19:12.744+0000] {local_task_job_runner.py:120} INFO - ::group::Pre task execution logs
[2026-06-17T12:19:12.795+0000] {taskinstance.py:2073} INFO - Dependencies all met for dep_context=non-requeueable deps ti=<TaskInstance: e-commerce_kafka_streaming_pipeline_v10.run_bronze scheduled__2026-06-17T11:00:00+00:00 [queued]>
[2026-06-17T12:19:12.810+0000] {taskinstance.py:2073} INFO - Dependencies all met for dep_context=requeueable deps ti=<TaskInstance: e-commerce_kafka_streaming_pipeline_v10.run_bronze scheduled__2026-06-17T11:00:00+00:00 [queued]>
[2026-06-17T12:19:12.811+0000] {taskinstance.py:2303} INFO - Starting attempt 2 of 2
[2026-06-17T12:19:12.836+0000] {taskinstance.py:2327} INFO - Executing <Task(BashOperator): run_bronze> on 2026-06-17 11:00:00+00:00
[2026-06-17T12:19:12.855+0000] {logging_mixin.py:188} WARNING - /home/***/.local/lib/python3.12/site-packages/***/task/task_runner/standard_task_runner.py:61 DeprecationWarning: This process (pid=4156) is multi-threaded, use of fork() may lead to deadlocks in the child.
[2026-06-17T12:19:12.851+0000] {standard_task_runner.py:90} INFO - Running: ['***', 'tasks', 'run', 'e-commerce_kafka_streaming_pipeline_v10', 'run_bronze', 'scheduled__2026-06-17T11:00:00+00:00', '--job-id', '65', '--raw', '--subdir', 'DAGS_FOLDER/sdp_pipeline_dag.py', '--cfg-path', '/tmp/tmp91sxz_e5']
[2026-06-17T12:19:12.857+0000] {standard_task_runner.py:63} INFO - Started process 4157 to run task
[2026-06-17T12:19:12.857+0000] {standard_task_runner.py:91} INFO - Job 65: Subtask run_bronze
[2026-06-17T12:19:12.947+0000] {task_command.py:426} INFO - Running <TaskInstance: e-commerce_kafka_streaming_pipeline_v10.run_bronze scheduled__2026-06-17T11:00:00+00:00 [running]> on host c5880b5b3b6f
[2026-06-17T12:19:13.076+0000] {taskinstance.py:2644} INFO - Exporting env vars: AIRFLOW_CTX_DAG_OWNER='dev' AIRFLOW_CTX_DAG_ID='e-commerce_kafka_streaming_pipeline_v10' AIRFLOW_CTX_TASK_ID='run_bronze' AIRFLOW_CTX_EXECUTION_DATE='2026-06-17T11:00:00+00:00' AIRFLOW_CTX_TRY_NUMBER='2' AIRFLOW_CTX_DAG_RUN_ID='scheduled__2026-06-17T11:00:00+00:00'
[2026-06-17T12:19:13.079+0000] {taskinstance.py:430} INFO - ::endgroup::
[2026-06-17T12:19:13.103+0000] {subprocess.py:63} INFO - Tmp dir root location: /tmp
[2026-06-17T12:19:13.105+0000] {subprocess.py:75} INFO - Running command: ['/usr/bin/bash', '-c', 'timeout 120s docker run --rm --network streaming_kafka_project_sdp-net --volume /d/Streaming_kafka_project/pipelines:/opt/pipelines --volume /d/Streaming_kafka_project/data:/opt/data --volume /d/Streaming_kafka_project/checkpoints:/opt/checkpoints --volume /d/Streaming_kafka_project/jars:/opt/jars apache/spark:3.5.1 /opt/spark/bin/spark-submit --master spark://sdp-spark-master:7077 --executor-cores 1 --executor-memory 512m --total-executor-cores 3 --jars /opt/jars/delta-spark_2.12-3.2.0.jar,/opt/jars/delta-storage-3.2.0.jar,/opt/jars/spark-sql-kafka-0-10_2.12-3.5.1.jar,/opt/jars/kafka-clients-3.4.1.jar,/opt/jars/spark-token-provider-kafka-0-10_2.12-3.5.1.jar,/opt/jars/commons-pool2-2.11.1.jar --conf spark.sql.extensions=io.delta.sql.DeltaSparkSessionExtension --conf spark.sql.catalog.spark_catalog=org.apache.spark.sql.delta.catalog.DeltaCatalog  /opt/pipelines/bronze_runner.py']
[2026-06-17T12:19:13.119+0000] {subprocess.py:86} INFO - Output:
[2026-06-17T12:19:18.226+0000] {subprocess.py:93} INFO - 26/06/17 12:19:18 WARN NativeCodeLoader: Unable to load native-hadoop library for your platform... using builtin-java classes where applicable
[2026-06-17T12:19:19.554+0000] {subprocess.py:93} INFO - 26/06/17 12:19:19 INFO SparkContext: Running Spark version 3.5.1
[2026-06-17T12:19:19.557+0000] {subprocess.py:93} INFO - 26/06/17 12:19:19 INFO SparkContext: OS info Linux, 6.6.114.1-microsoft-standard-WSL2, amd64
[2026-06-17T12:19:19.561+0000] {subprocess.py:93} INFO - 26/06/17 12:19:19 INFO SparkContext: Java version 11.0.22
[2026-06-17T12:19:19.631+0000] {subprocess.py:93} INFO - 26/06/17 12:19:19 INFO ResourceUtils: ==============================================================
[2026-06-17T12:19:19.633+0000] {subprocess.py:93} INFO - 26/06/17 12:19:19 INFO ResourceUtils: No custom resources configured for spark.driver.
[2026-06-17T12:19:19.634+0000] {subprocess.py:93} INFO - 26/06/17 12:19:19 INFO ResourceUtils: ==============================================================
[2026-06-17T12:19:19.635+0000] {subprocess.py:93} INFO - 26/06/17 12:19:19 INFO SparkContext: Submitted application: SDP-Bronze
[2026-06-17T12:19:19.671+0000] {subprocess.py:93} INFO - 26/06/17 12:19:19 INFO ResourceProfile: Default ResourceProfile created, executor resources: Map(cores -> name: cores, amount: 1, script: , vendor: , memory -> name: memory, amount: 512, script: , vendor: , offHeap -> name: offHeap, amount: 0, script: , vendor: ), task resources: Map(cpus -> name: cpus, amount: 1.0)
[2026-06-17T12:19:19.693+0000] {subprocess.py:93} INFO - 26/06/17 12:19:19 INFO ResourceProfile: Limiting resource is cpus at 1 tasks per executor
[2026-06-17T12:19:19.699+0000] {subprocess.py:93} INFO - 26/06/17 12:19:19 INFO ResourceProfileManager: Added ResourceProfile id: 0
[2026-06-17T12:19:19.780+0000] {subprocess.py:93} INFO - 26/06/17 12:19:19 INFO SecurityManager: Changing view acls to: spark
[2026-06-17T12:19:19.782+0000] {subprocess.py:93} INFO - 26/06/17 12:19:19 INFO SecurityManager: Changing modify acls to: spark
[2026-06-17T12:19:19.784+0000] {subprocess.py:93} INFO - 26/06/17 12:19:19 INFO SecurityManager: Changing view acls groups to:
[2026-06-17T12:19:19.785+0000] {subprocess.py:93} INFO - 26/06/17 12:19:19 INFO SecurityManager: Changing modify acls groups to:
[2026-06-17T12:19:19.787+0000] {subprocess.py:93} INFO - 26/06/17 12:19:19 INFO SecurityManager: SecurityManager: authentication disabled; ui acls disabled; users with view permissions: spark; groups with view permissions: EMPTY; users with modify permissions: spark; groups with modify permissions: EMPTY
[2026-06-17T12:19:20.153+0000] {subprocess.py:93} INFO - 26/06/17 12:19:20 INFO Utils: Successfully started service 'sparkDriver' on port 44113.
[2026-06-17T12:19:20.198+0000] {subprocess.py:93} INFO - 26/06/17 12:19:20 INFO SparkEnv: Registering MapOutputTracker
[2026-06-17T12:19:20.249+0000] {subprocess.py:93} INFO - 26/06/17 12:19:20 INFO SparkEnv: Registering BlockManagerMaster
[2026-06-17T12:19:20.288+0000] {subprocess.py:93} INFO - 26/06/17 12:19:20 INFO BlockManagerMasterEndpoint: Using org.apache.spark.storage.DefaultTopologyMapper for getting topology information
[2026-06-17T12:19:20.289+0000] {subprocess.py:93} INFO - 26/06/17 12:19:20 INFO BlockManagerMasterEndpoint: BlockManagerMasterEndpoint up
[2026-06-17T12:19:20.296+0000] {subprocess.py:93} INFO - 26/06/17 12:19:20 INFO SparkEnv: Registering BlockManagerMasterHeartbeat
[2026-06-17T12:19:20.332+0000] {subprocess.py:93} INFO - 26/06/17 12:19:20 INFO DiskBlockManager: Created local directory at /tmp/blockmgr-31df2455-f465-482a-bc7a-405e632c7690
[2026-06-17T12:19:20.359+0000] {subprocess.py:93} INFO - 26/06/17 12:19:20 INFO MemoryStore: MemoryStore started with capacity 434.4 MiB
[2026-06-17T12:19:20.383+0000] {subprocess.py:93} INFO - 26/06/17 12:19:20 INFO SparkEnv: Registering OutputCommitCoordinator
[2026-06-17T12:19:20.613+0000] {subprocess.py:93} INFO - 26/06/17 12:19:20 INFO JettyUtils: Start Jetty 0.0.0.0:4040 for SparkUI
[2026-06-17T12:19:20.710+0000] {subprocess.py:93} INFO - 26/06/17 12:19:20 INFO Utils: Successfully started service 'SparkUI' on port 4040.
[2026-06-17T12:19:20.782+0000] {subprocess.py:93} INFO - 26/06/17 12:19:20 INFO SparkContext: Added JAR file:///opt/jars/delta-spark_2.12-3.2.0.jar at spark://2d2af2cd125c:44113/jars/delta-spark_2.12-3.2.0.jar with timestamp 1781698759525
[2026-06-17T12:19:20.783+0000] {subprocess.py:93} INFO - 26/06/17 12:19:20 INFO SparkContext: Added JAR file:///opt/jars/delta-storage-3.2.0.jar at spark://2d2af2cd125c:44113/jars/delta-storage-3.2.0.jar with timestamp 1781698759525
[2026-06-17T12:19:20.785+0000] {subprocess.py:93} INFO - 26/06/17 12:19:20 INFO SparkContext: Added JAR file:///opt/jars/spark-sql-kafka-0-10_2.12-3.5.1.jar at spark://2d2af2cd125c:44113/jars/spark-sql-kafka-0-10_2.12-3.5.1.jar with timestamp 1781698759525
[2026-06-17T12:19:20.787+0000] {subprocess.py:93} INFO - 26/06/17 12:19:20 INFO SparkContext: Added JAR file:///opt/jars/kafka-clients-3.4.1.jar at spark://2d2af2cd125c:44113/jars/kafka-clients-3.4.1.jar with timestamp 1781698759525
[2026-06-17T12:19:20.789+0000] {subprocess.py:93} INFO - 26/06/17 12:19:20 INFO SparkContext: Added JAR file:///opt/jars/spark-token-provider-kafka-0-10_2.12-3.5.1.jar at spark://2d2af2cd125c:44113/jars/spark-token-provider-kafka-0-10_2.12-3.5.1.jar with timestamp 1781698759525
[2026-06-17T12:19:20.792+0000] {subprocess.py:93} INFO - 26/06/17 12:19:20 INFO SparkContext: Added JAR file:///opt/jars/commons-pool2-2.11.1.jar at spark://2d2af2cd125c:44113/jars/commons-pool2-2.11.1.jar with timestamp 1781698759525
[2026-06-17T12:19:20.981+0000] {subprocess.py:93} INFO - 26/06/17 12:19:20 INFO StandaloneAppClient$ClientEndpoint: Connecting to master spark://sdp-spark-master:7077...
[2026-06-17T12:19:21.067+0000] {subprocess.py:93} INFO - 26/06/17 12:19:21 INFO TransportClientFactory: Successfully created connection to sdp-spark-master/172.18.0.3:7077 after 52 ms (0 ms spent in bootstraps)
[2026-06-17T12:19:21.239+0000] {subprocess.py:93} INFO - 26/06/17 12:19:21 INFO StandaloneSchedulerBackend: Connected to Spark cluster with app ID app-20260617121921-0040
[2026-06-17T12:19:21.250+0000] {subprocess.py:93} INFO - 26/06/17 12:19:21 INFO StandaloneAppClient$ClientEndpoint: Executor added: app-20260617121921-0040/0 on worker-20260616111838-172.18.0.5-35429 (172.18.0.5:35429) with 1 core(s)
[2026-06-17T12:19:21.258+0000] {subprocess.py:93} INFO - 26/06/17 12:19:21 INFO StandaloneSchedulerBackend: Granted executor ID app-20260617121921-0040/0 on hostPort 172.18.0.5:35429 with 1 core(s), 512.0 MiB RAM
[2026-06-17T12:19:21.260+0000] {subprocess.py:93} INFO - 26/06/17 12:19:21 INFO StandaloneAppClient$ClientEndpoint: Executor added: app-20260617121921-0040/1 on worker-20260616111838-172.18.0.5-35429 (172.18.0.5:35429) with 1 core(s)
[2026-06-17T12:19:21.262+0000] {subprocess.py:93} INFO - 26/06/17 12:19:21 INFO StandaloneSchedulerBackend: Granted executor ID app-20260617121921-0040/1 on hostPort 172.18.0.5:35429 with 1 core(s), 512.0 MiB RAM
[2026-06-17T12:19:21.265+0000] {subprocess.py:93} INFO - 26/06/17 12:19:21 INFO StandaloneAppClient$ClientEndpoint: Executor added: app-20260617121921-0040/2 on worker-20260616111838-172.18.0.6-45657 (172.18.0.6:45657) with 1 core(s)
[2026-06-17T12:19:21.267+0000] {subprocess.py:93} INFO - 26/06/17 12:19:21 INFO StandaloneSchedulerBackend: Granted executor ID app-20260617121921-0040/2 on hostPort 172.18.0.6:45657 with 1 core(s), 512.0 MiB RAM
[2026-06-17T12:19:21.328+0000] {subprocess.py:93} INFO - 26/06/17 12:19:21 INFO Utils: Successfully started service 'org.apache.spark.network.netty.NettyBlockTransferService' on port 37227.
[2026-06-17T12:19:21.329+0000] {subprocess.py:93} INFO - 26/06/17 12:19:21 INFO NettyBlockTransferService: Server created on 2d2af2cd125c:37227
[2026-06-17T12:19:21.343+0000] {subprocess.py:93} INFO - 26/06/17 12:19:21 INFO BlockManager: Using org.apache.spark.storage.RandomBlockReplicationPolicy for block replication policy
[2026-06-17T12:19:21.384+0000] {subprocess.py:93} INFO - 26/06/17 12:19:21 INFO StandaloneAppClient$ClientEndpoint: Executor updated: app-20260617121921-0040/0 is now RUNNING
[2026-06-17T12:19:21.391+0000] {subprocess.py:93} INFO - 26/06/17 12:19:21 INFO BlockManagerMaster: Registering BlockManager BlockManagerId(driver, 2d2af2cd125c, 37227, None)
[2026-06-17T12:19:21.401+0000] {subprocess.py:93} INFO - 26/06/17 12:19:21 INFO StandaloneAppClient$ClientEndpoint: Executor updated: app-20260617121921-0040/2 is now RUNNING
[2026-06-17T12:19:21.413+0000] {subprocess.py:93} INFO - 26/06/17 12:19:21 INFO BlockManagerMasterEndpoint: Registering block manager 2d2af2cd125c:37227 with 434.4 MiB RAM, BlockManagerId(driver, 2d2af2cd125c, 37227, None)
[2026-06-17T12:19:21.448+0000] {subprocess.py:93} INFO - 26/06/17 12:19:21 INFO BlockManagerMaster: Registered BlockManager BlockManagerId(driver, 2d2af2cd125c, 37227, None)
[2026-06-17T12:19:21.449+0000] {subprocess.py:93} INFO - 26/06/17 12:19:21 INFO StandaloneAppClient$ClientEndpoint: Executor updated: app-20260617121921-0040/1 is now RUNNING
[2026-06-17T12:19:21.455+0000] {subprocess.py:93} INFO - 26/06/17 12:19:21 INFO BlockManager: Initialized BlockManager: BlockManagerId(driver, 2d2af2cd125c, 37227, None)
[2026-06-17T12:19:22.417+0000] {subprocess.py:93} INFO - 26/06/17 12:19:22 INFO StandaloneSchedulerBackend: SchedulerBackend is ready for scheduling beginning after reached minRegisteredResourcesRatio: 0.0
[2026-06-17T12:19:23.278+0000] {subprocess.py:93} INFO - Starting stream: orders -> /opt/data/bronze/orders
[2026-06-17T12:19:54.302+0000] {subprocess.py:93} INFO - 26/06/17 12:19:54 WARN ResolveWriteToStream: spark.sql.adaptive.enabled is not supported in streaming DataFrames/Datasets and will be disabled.
[2026-06-17T12:19:54.756+0000] {subprocess.py:93} INFO - Starting stream: customers -> /opt/data/bronze/customers
[2026-06-17T12:20:00.353+0000] {subprocess.py:93} INFO - 26/06/17 12:20:00 WARN ResolveWriteToStream: spark.sql.adaptive.enabled is not supported in streaming DataFrames/Datasets and will be disabled.
[2026-06-17T12:20:00.429+0000] {subprocess.py:93} INFO - Starting stream: products -> /opt/data/bronze/products
[2026-06-17T12:20:03.965+0000] {subprocess.py:93} INFO - 26/06/17 12:20:03 WARN ResolveWriteToStream: spark.sql.adaptive.enabled is not supported in streaming DataFrames/Datasets and will be disabled.
[2026-06-17T12:20:04.610+0000] {subprocess.py:93} INFO - 26/06/17 12:20:04 WARN SparkStringUtils: Truncated the string representation of a plan since it was too large. This behavior can be adjusted by setting 'spark.sql.debug.maxToStringFields'.
[2026-06-17T12:21:05.387+0000] {subprocess.py:93} INFO - 26/06/17 12:21:05 WARN AdminClientConfig: These configurations '[key.deserializer, value.deserializer, enable.auto.commit, max.poll.records, auto.offset.reset]' were supplied but are not used yet.
[2026-06-17T12:21:08.022+0000] {subprocess.py:93} INFO - 26/06/17 12:21:08 WARN AdminClientConfig: These configurations '[key.deserializer, value.deserializer, enable.auto.commit, max.poll.records, auto.offset.reset]' were supplied but are not used yet.
[2026-06-17T12:21:09.919+0000] {subprocess.py:93} INFO - 26/06/17 12:21:09 WARN AdminClientConfig: These configurations '[key.deserializer, value.deserializer, enable.auto.commit, max.poll.records, auto.offset.reset]' were supplied but are not used yet.
[2026-06-17T12:21:14.585+0000] {subprocess.py:97} INFO - Command exited with return code 124
[2026-06-17T12:21:14.588+0000] {taskinstance.py:441} INFO - ::group::Post task execution logs
[2026-06-17T12:21:14.614+0000] {taskinstance.py:2890} ERROR - Task failed with exception
Traceback (most recent call last):
  File "/home/airflow/.local/lib/python3.12/site-packages/airflow/models/taskinstance.py", line 465, in _execute_task
    result = _execute_callable(context=context, **execute_callable_kwargs)
             ^^^^^^^^^^^^^^^^^^^^^^^^^^^^^^^^^^^^^^^^^^^^^^^^^^^^^^^^^^^^^
  File "/home/airflow/.local/lib/python3.12/site-packages/airflow/models/taskinstance.py", line 432, in _execute_callable
    return execute_callable(context=context, **execute_callable_kwargs)
           ^^^^^^^^^^^^^^^^^^^^^^^^^^^^^^^^^^^^^^^^^^^^^^^^^^^^^^^^^^^^
  File "/home/airflow/.local/lib/python3.12/site-packages/airflow/models/baseoperator.py", line 400, in wrapper
    return func(self, *args, **kwargs)
           ^^^^^^^^^^^^^^^^^^^^^^^^^^^
  File "/home/airflow/.local/lib/python3.12/site-packages/airflow/operators/bash.py", line 243, in execute
    raise AirflowException(
airflow.exceptions.AirflowException: Bash command failed. The command returned a non-zero exit code 124.
[2026-06-17T12:21:14.625+0000] {taskinstance.py:1205} INFO - Marking task as FAILED. dag_id=e-commerce_kafka_streaming_pipeline_v10, task_id=run_bronze, execution_date=20260617T110000, start_date=20260617T121912, end_date=20260617T122114
[2026-06-17T12:21:14.668+0000] {standard_task_runner.py:110} ERROR - Failed to execute job 65 for task run_bronze (Bash command failed. The command returned a non-zero exit code 124.; 4157)
[2026-06-17T12:21:14.723+0000] {local_task_job_runner.py:240} INFO - Task exited with return code 1
[2026-06-17T12:21:14.802+0000] {taskinstance.py:3482} INFO - 0 downstream tasks scheduled from follow-on schedule check
[2026-06-17T12:21:14.935+0000] {local_task_job_runner.py:222} INFO - ::endgroup::
