[2026-07-17T10:45:33.615+0000] {local_task_job_runner.py:120} INFO - ::group::Pre task execution logs
[2026-07-17T10:45:33.653+0000] {taskinstance.py:2073} INFO - Dependencies all met for dep_context=non-requeueable deps ti=<TaskInstance: e-commerce_kafka_streaming_pipeline_v1.run_bronze scheduled__2026-07-17T09:00:00+00:00 [queued]>
[2026-07-17T10:45:33.665+0000] {taskinstance.py:2073} INFO - Dependencies all met for dep_context=requeueable deps ti=<TaskInstance: e-commerce_kafka_streaming_pipeline_v1.run_bronze scheduled__2026-07-17T09:00:00+00:00 [queued]>
[2026-07-17T10:45:33.666+0000] {taskinstance.py:2303} INFO - Starting attempt 1 of 2
[2026-07-17T10:45:33.685+0000] {taskinstance.py:2327} INFO - Executing <Task(BashOperator): run_bronze> on 2026-07-17 09:00:00+00:00
[2026-07-17T10:45:33.700+0000] {standard_task_runner.py:90} INFO - Running: ['***', 'tasks', 'run', 'e-commerce_kafka_streaming_pipeline_v1', 'run_bronze', 'scheduled__2026-07-17T09:00:00+00:00', '--job-id', '132', '--raw', '--subdir', 'DAGS_FOLDER/sdp_pipeline_dag.py', '--cfg-path', '/tmp/tmpryonp3dl']
[2026-07-17T10:45:33.703+0000] {standard_task_runner.py:91} INFO - Job 132: Subtask run_bronze
[2026-07-17T10:45:33.712+0000] {logging_mixin.py:188} WARNING - /home/***/.local/lib/python3.12/site-packages/***/task/task_runner/standard_task_runner.py:61 DeprecationWarning: This process (pid=3853) is multi-threaded, use of fork() may lead to deadlocks in the child.
[2026-07-17T10:45:33.715+0000] {standard_task_runner.py:63} INFO - Started process 3854 to run task
[2026-07-17T10:45:33.789+0000] {task_command.py:426} INFO - Running <TaskInstance: e-commerce_kafka_streaming_pipeline_v1.run_bronze scheduled__2026-07-17T09:00:00+00:00 [running]> on host da27550080bf
[2026-07-17T10:45:33.908+0000] {taskinstance.py:2644} INFO - Exporting env vars: AIRFLOW_CTX_DAG_OWNER='dev' AIRFLOW_CTX_DAG_ID='e-commerce_kafka_streaming_pipeline_v1' AIRFLOW_CTX_TASK_ID='run_bronze' AIRFLOW_CTX_EXECUTION_DATE='2026-07-17T09:00:00+00:00' AIRFLOW_CTX_TRY_NUMBER='1' AIRFLOW_CTX_DAG_RUN_ID='scheduled__2026-07-17T09:00:00+00:00'
[2026-07-17T10:45:33.910+0000] {taskinstance.py:430} INFO - ::endgroup::
[2026-07-17T10:45:33.929+0000] {subprocess.py:63} INFO - Tmp dir root location: /tmp
[2026-07-17T10:45:33.932+0000] {subprocess.py:75} INFO - Running command: ['/usr/bin/bash', '-c', 'timeout 150s docker run --rm --network streaming_kafka_project_sdp-net --volume /d/Streaming_kafka_project/pipelines:/opt/pipelines --volume /d/Streaming_kafka_project/data:/opt/data --volume /d/Streaming_kafka_project/checkpoints:/opt/checkpoints --volume /d/Streaming_kafka_project/jars:/opt/jars apache/spark:3.5.1 /opt/spark/bin/spark-submit --master spark://sdp-spark-master:7077 --executor-cores 1 --executor-memory 512m --total-executor-cores 3 --jars /opt/jars/delta-spark_2.12-3.2.0.jar,/opt/jars/delta-storage-3.2.0.jar,/opt/jars/spark-sql-kafka-0-10_2.12-3.5.1.jar,/opt/jars/kafka-clients-3.4.1.jar,/opt/jars/spark-token-provider-kafka-0-10_2.12-3.5.1.jar,/opt/jars/commons-pool2-2.11.1.jar --conf spark.sql.extensions=io.delta.sql.DeltaSparkSessionExtension --conf spark.sql.catalog.spark_catalog=org.apache.spark.sql.delta.catalog.DeltaCatalog  /opt/pipelines/bronze_runner.py']
[2026-07-17T10:45:33.944+0000] {subprocess.py:86} INFO - Output:
[2026-07-17T10:45:36.669+0000] {subprocess.py:93} INFO - 26/07/17 10:45:36 WARN NativeCodeLoader: Unable to load native-hadoop library for your platform... using builtin-java classes where applicable
[2026-07-17T10:45:37.699+0000] {subprocess.py:93} INFO - 26/07/17 10:45:37 INFO SparkContext: Running Spark version 3.5.1
[2026-07-17T10:45:37.700+0000] {subprocess.py:93} INFO - 26/07/17 10:45:37 INFO SparkContext: OS info Linux, 6.18.33.2-microsoft-standard-WSL2, amd64
[2026-07-17T10:45:37.701+0000] {subprocess.py:93} INFO - 26/07/17 10:45:37 INFO SparkContext: Java version 11.0.22
[2026-07-17T10:45:37.734+0000] {subprocess.py:93} INFO - 26/07/17 10:45:37 INFO ResourceUtils: ==============================================================
[2026-07-17T10:45:37.737+0000] {subprocess.py:93} INFO - 26/07/17 10:45:37 INFO ResourceUtils: No custom resources configured for spark.driver.
[2026-07-17T10:45:37.738+0000] {subprocess.py:93} INFO - 26/07/17 10:45:37 INFO ResourceUtils: ==============================================================
[2026-07-17T10:45:37.740+0000] {subprocess.py:93} INFO - 26/07/17 10:45:37 INFO SparkContext: Submitted application: SDP-Bronze
[2026-07-17T10:45:37.767+0000] {subprocess.py:93} INFO - 26/07/17 10:45:37 INFO ResourceProfile: Default ResourceProfile created, executor resources: Map(cores -> name: cores, amount: 1, script: , vendor: , memory -> name: memory, amount: 512, script: , vendor: , offHeap -> name: offHeap, amount: 0, script: , vendor: ), task resources: Map(cpus -> name: cpus, amount: 1.0)
[2026-07-17T10:45:37.786+0000] {subprocess.py:93} INFO - 26/07/17 10:45:37 INFO ResourceProfile: Limiting resource is cpus at 1 tasks per executor
[2026-07-17T10:45:37.791+0000] {subprocess.py:93} INFO - 26/07/17 10:45:37 INFO ResourceProfileManager: Added ResourceProfile id: 0
[2026-07-17T10:45:37.852+0000] {subprocess.py:93} INFO - 26/07/17 10:45:37 INFO SecurityManager: Changing view acls to: spark
[2026-07-17T10:45:37.854+0000] {subprocess.py:93} INFO - 26/07/17 10:45:37 INFO SecurityManager: Changing modify acls to: spark
[2026-07-17T10:45:37.856+0000] {subprocess.py:93} INFO - 26/07/17 10:45:37 INFO SecurityManager: Changing view acls groups to:
[2026-07-17T10:45:37.857+0000] {subprocess.py:93} INFO - 26/07/17 10:45:37 INFO SecurityManager: Changing modify acls groups to:
[2026-07-17T10:45:37.858+0000] {subprocess.py:93} INFO - 26/07/17 10:45:37 INFO SecurityManager: SecurityManager: authentication disabled; ui acls disabled; users with view permissions: spark; groups with view permissions: EMPTY; users with modify permissions: spark; groups with modify permissions: EMPTY
[2026-07-17T10:45:38.204+0000] {subprocess.py:93} INFO - 26/07/17 10:45:38 INFO Utils: Successfully started service 'sparkDriver' on port 43295.
[2026-07-17T10:45:38.261+0000] {subprocess.py:93} INFO - 26/07/17 10:45:38 INFO SparkEnv: Registering MapOutputTracker
[2026-07-17T10:45:38.316+0000] {subprocess.py:93} INFO - 26/07/17 10:45:38 INFO SparkEnv: Registering BlockManagerMaster
[2026-07-17T10:45:38.337+0000] {subprocess.py:93} INFO - 26/07/17 10:45:38 INFO BlockManagerMasterEndpoint: Using org.apache.spark.storage.DefaultTopologyMapper for getting topology information
[2026-07-17T10:45:38.338+0000] {subprocess.py:93} INFO - 26/07/17 10:45:38 INFO BlockManagerMasterEndpoint: BlockManagerMasterEndpoint up
[2026-07-17T10:45:38.345+0000] {subprocess.py:93} INFO - 26/07/17 10:45:38 INFO SparkEnv: Registering BlockManagerMasterHeartbeat
[2026-07-17T10:45:38.373+0000] {subprocess.py:93} INFO - 26/07/17 10:45:38 INFO DiskBlockManager: Created local directory at /tmp/blockmgr-3791d39c-33d6-4983-b601-3fdca2762fcd
[2026-07-17T10:45:38.389+0000] {subprocess.py:93} INFO - 26/07/17 10:45:38 INFO MemoryStore: MemoryStore started with capacity 434.4 MiB
[2026-07-17T10:45:38.413+0000] {subprocess.py:93} INFO - 26/07/17 10:45:38 INFO SparkEnv: Registering OutputCommitCoordinator
[2026-07-17T10:45:38.555+0000] {subprocess.py:93} INFO - 26/07/17 10:45:38 INFO JettyUtils: Start Jetty 0.0.0.0:4040 for SparkUI
[2026-07-17T10:45:38.618+0000] {subprocess.py:93} INFO - 26/07/17 10:45:38 INFO Utils: Successfully started service 'SparkUI' on port 4040.
[2026-07-17T10:45:38.658+0000] {subprocess.py:93} INFO - 26/07/17 10:45:38 INFO SparkContext: Added JAR file:///opt/jars/delta-spark_2.12-3.2.0.jar at spark://4f5edd26c1bf:43295/jars/delta-spark_2.12-3.2.0.jar with timestamp 1784285137687
[2026-07-17T10:45:38.660+0000] {subprocess.py:93} INFO - 26/07/17 10:45:38 INFO SparkContext: Added JAR file:///opt/jars/delta-storage-3.2.0.jar at spark://4f5edd26c1bf:43295/jars/delta-storage-3.2.0.jar with timestamp 1784285137687
[2026-07-17T10:45:38.660+0000] {subprocess.py:93} INFO - 26/07/17 10:45:38 INFO SparkContext: Added JAR file:///opt/jars/spark-sql-kafka-0-10_2.12-3.5.1.jar at spark://4f5edd26c1bf:43295/jars/spark-sql-kafka-0-10_2.12-3.5.1.jar with timestamp 1784285137687
[2026-07-17T10:45:38.662+0000] {subprocess.py:93} INFO - 26/07/17 10:45:38 INFO SparkContext: Added JAR file:///opt/jars/kafka-clients-3.4.1.jar at spark://4f5edd26c1bf:43295/jars/kafka-clients-3.4.1.jar with timestamp 1784285137687
[2026-07-17T10:45:38.663+0000] {subprocess.py:93} INFO - 26/07/17 10:45:38 INFO SparkContext: Added JAR file:///opt/jars/spark-token-provider-kafka-0-10_2.12-3.5.1.jar at spark://4f5edd26c1bf:43295/jars/spark-token-provider-kafka-0-10_2.12-3.5.1.jar with timestamp 1784285137687
[2026-07-17T10:45:38.664+0000] {subprocess.py:93} INFO - 26/07/17 10:45:38 INFO SparkContext: Added JAR file:///opt/jars/commons-pool2-2.11.1.jar at spark://4f5edd26c1bf:43295/jars/commons-pool2-2.11.1.jar with timestamp 1784285137687
[2026-07-17T10:45:38.774+0000] {subprocess.py:93} INFO - 26/07/17 10:45:38 INFO StandaloneAppClient$ClientEndpoint: Connecting to master spark://sdp-spark-master:7077...
[2026-07-17T10:45:38.824+0000] {subprocess.py:93} INFO - 26/07/17 10:45:38 INFO TransportClientFactory: Successfully created connection to sdp-spark-master/172.18.0.4:7077 after 30 ms (0 ms spent in bootstraps)
[2026-07-17T10:45:38.904+0000] {subprocess.py:93} INFO - 26/07/17 10:45:38 INFO StandaloneSchedulerBackend: Connected to Spark cluster with app ID app-20260717104538-0062
[2026-07-17T10:45:38.908+0000] {subprocess.py:93} INFO - 26/07/17 10:45:38 INFO StandaloneAppClient$ClientEndpoint: Executor added: app-20260717104538-0062/0 on worker-20260716063602-172.18.0.6-33249 (172.18.0.6:33249) with 1 core(s)
[2026-07-17T10:45:38.913+0000] {subprocess.py:93} INFO - 26/07/17 10:45:38 INFO StandaloneSchedulerBackend: Granted executor ID app-20260717104538-0062/0 on hostPort 172.18.0.6:33249 with 1 core(s), 512.0 MiB RAM
[2026-07-17T10:45:38.915+0000] {subprocess.py:93} INFO - 26/07/17 10:45:38 INFO StandaloneAppClient$ClientEndpoint: Executor added: app-20260717104538-0062/1 on worker-20260716063602-172.18.0.6-33249 (172.18.0.6:33249) with 1 core(s)
[2026-07-17T10:45:38.917+0000] {subprocess.py:93} INFO - 26/07/17 10:45:38 INFO StandaloneSchedulerBackend: Granted executor ID app-20260717104538-0062/1 on hostPort 172.18.0.6:33249 with 1 core(s), 512.0 MiB RAM
[2026-07-17T10:45:38.920+0000] {subprocess.py:93} INFO - 26/07/17 10:45:38 INFO StandaloneAppClient$ClientEndpoint: Executor added: app-20260717104538-0062/2 on worker-20260716063602-172.18.0.5-44367 (172.18.0.5:44367) with 1 core(s)
[2026-07-17T10:45:38.921+0000] {subprocess.py:93} INFO - 26/07/17 10:45:38 INFO StandaloneSchedulerBackend: Granted executor ID app-20260717104538-0062/2 on hostPort 172.18.0.5:44367 with 1 core(s), 512.0 MiB RAM
[2026-07-17T10:45:38.923+0000] {subprocess.py:93} INFO - 26/07/17 10:45:38 INFO Utils: Successfully started service 'org.apache.spark.network.netty.NettyBlockTransferService' on port 46147.
[2026-07-17T10:45:38.924+0000] {subprocess.py:93} INFO - 26/07/17 10:45:38 INFO NettyBlockTransferService: Server created on 4f5edd26c1bf:46147
[2026-07-17T10:45:38.928+0000] {subprocess.py:93} INFO - 26/07/17 10:45:38 INFO BlockManager: Using org.apache.spark.storage.RandomBlockReplicationPolicy for block replication policy
[2026-07-17T10:45:38.937+0000] {subprocess.py:93} INFO - 26/07/17 10:45:38 INFO BlockManagerMaster: Registering BlockManager BlockManagerId(driver, 4f5edd26c1bf, 46147, None)
[2026-07-17T10:45:38.946+0000] {subprocess.py:93} INFO - 26/07/17 10:45:38 INFO BlockManagerMasterEndpoint: Registering block manager 4f5edd26c1bf:46147 with 434.4 MiB RAM, BlockManagerId(driver, 4f5edd26c1bf, 46147, None)
[2026-07-17T10:45:38.955+0000] {subprocess.py:93} INFO - 26/07/17 10:45:38 INFO BlockManagerMaster: Registered BlockManager BlockManagerId(driver, 4f5edd26c1bf, 46147, None)
[2026-07-17T10:45:38.957+0000] {subprocess.py:93} INFO - 26/07/17 10:45:38 INFO BlockManager: Initialized BlockManager: BlockManagerId(driver, 4f5edd26c1bf, 46147, None)
[2026-07-17T10:45:39.014+0000] {subprocess.py:93} INFO - 26/07/17 10:45:39 INFO StandaloneAppClient$ClientEndpoint: Executor updated: app-20260717104538-0062/2 is now RUNNING
[2026-07-17T10:45:39.022+0000] {subprocess.py:93} INFO - 26/07/17 10:45:39 INFO StandaloneAppClient$ClientEndpoint: Executor updated: app-20260717104538-0062/0 is now RUNNING
[2026-07-17T10:45:39.024+0000] {subprocess.py:93} INFO - 26/07/17 10:45:39 INFO StandaloneAppClient$ClientEndpoint: Executor updated: app-20260717104538-0062/1 is now RUNNING
[2026-07-17T10:45:39.560+0000] {subprocess.py:93} INFO - 26/07/17 10:45:39 INFO StandaloneSchedulerBackend: SchedulerBackend is ready for scheduling beginning after reached minRegisteredResourcesRatio: 0.0
[2026-07-17T10:45:40.185+0000] {subprocess.py:93} INFO - Starting stream: orders -> /opt/data/bronze/orders
[2026-07-17T10:46:06.395+0000] {subprocess.py:93} INFO - 26/07/17 10:46:06 WARN ResolveWriteToStream: spark.sql.adaptive.enabled is not supported in streaming DataFrames/Datasets and will be disabled.
[2026-07-17T10:46:06.674+0000] {subprocess.py:93} INFO - Starting stream: customers -> /opt/data/bronze/customers
[2026-07-17T10:46:08.882+0000] {subprocess.py:93} INFO - 26/07/17 10:46:08 WARN AdminClientConfig: These configurations '[key.deserializer, value.deserializer, enable.auto.commit, max.poll.records, auto.offset.reset]' were supplied but are not used yet.
[2026-07-17T10:46:10.593+0000] {subprocess.py:93} INFO - 26/07/17 10:46:10 WARN ResolveWriteToStream: spark.sql.adaptive.enabled is not supported in streaming DataFrames/Datasets and will be disabled.
[2026-07-17T10:46:10.670+0000] {subprocess.py:93} INFO - Starting stream: products -> /opt/data/bronze/products
[2026-07-17T10:46:12.278+0000] {subprocess.py:93} INFO - 26/07/17 10:46:12 WARN AdminClientConfig: These configurations '[key.deserializer, value.deserializer, enable.auto.commit, max.poll.records, auto.offset.reset]' were supplied but are not used yet.
[2026-07-17T10:46:13.144+0000] {subprocess.py:93} INFO - 26/07/17 10:46:13 WARN ResolveWriteToStream: spark.sql.adaptive.enabled is not supported in streaming DataFrames/Datasets and will be disabled.
[2026-07-17T10:46:14.161+0000] {subprocess.py:93} INFO - 26/07/17 10:46:14 WARN AdminClientConfig: These configurations '[key.deserializer, value.deserializer, enable.auto.commit, max.poll.records, auto.offset.reset]' were supplied but are not used yet.
[2026-07-17T10:47:46.275+0000] {subprocess.py:97} INFO - Command exited with return code 0
[2026-07-17T10:47:46.278+0000] {taskinstance.py:441} INFO - ::group::Post task execution logs
[2026-07-17T10:47:46.321+0000] {taskinstance.py:1205} INFO - Marking task as SUCCESS. dag_id=e-commerce_kafka_streaming_pipeline_v1, task_id=run_bronze, execution_date=20260717T090000, start_date=20260717T104533, end_date=20260717T104746
[2026-07-17T10:47:46.382+0000] {local_task_job_runner.py:240} INFO - Task exited with return code 0
[2026-07-17T10:47:46.420+0000] {taskinstance.py:3482} INFO - 1 downstream tasks scheduled from follow-on schedule check
[2026-07-17T10:47:46.423+0000] {local_task_job_runner.py:222} INFO - ::endgroup::
