[2026-07-21T07:04:03.693+0000] {local_task_job_runner.py:120} INFO - ::group::Pre task execution logs
[2026-07-21T07:04:03.733+0000] {taskinstance.py:2073} INFO - Dependencies all met for dep_context=non-requeueable deps ti=<TaskInstance: e-commerce_kafka_streaming_pipeline_v1.run_gold scheduled__2026-07-21T06:00:00+00:00 [queued]>
[2026-07-21T07:04:03.746+0000] {taskinstance.py:2073} INFO - Dependencies all met for dep_context=requeueable deps ti=<TaskInstance: e-commerce_kafka_streaming_pipeline_v1.run_gold scheduled__2026-07-21T06:00:00+00:00 [queued]>
[2026-07-21T07:04:03.747+0000] {taskinstance.py:2303} INFO - Starting attempt 1 of 2
[2026-07-21T07:04:03.765+0000] {taskinstance.py:2327} INFO - Executing <Task(BashOperator): run_gold> on 2026-07-21 06:00:00+00:00
[2026-07-21T07:04:03.777+0000] {standard_task_runner.py:90} INFO - Running: ['***', 'tasks', 'run', 'e-commerce_kafka_streaming_pipeline_v1', 'run_gold', 'scheduled__2026-07-21T06:00:00+00:00', '--job-id', '276', '--raw', '--subdir', 'DAGS_FOLDER/sdp_pipeline_dag.py', '--cfg-path', '/tmp/tmpl5ogtji5']
[2026-07-21T07:04:03.781+0000] {standard_task_runner.py:91} INFO - Job 276: Subtask run_gold
[2026-07-21T07:04:03.800+0000] {logging_mixin.py:188} WARNING - /home/***/.local/lib/python3.12/site-packages/***/task/task_runner/standard_task_runner.py:61 DeprecationWarning: This process (pid=12751) is multi-threaded, use of fork() may lead to deadlocks in the child.
[2026-07-21T07:04:03.802+0000] {standard_task_runner.py:63} INFO - Started process 12752 to run task
[2026-07-21T07:04:03.878+0000] {task_command.py:426} INFO - Running <TaskInstance: e-commerce_kafka_streaming_pipeline_v1.run_gold scheduled__2026-07-21T06:00:00+00:00 [running]> on host da27550080bf
[2026-07-21T07:04:03.991+0000] {taskinstance.py:2644} INFO - Exporting env vars: AIRFLOW_CTX_DAG_OWNER='dev' AIRFLOW_CTX_DAG_ID='e-commerce_kafka_streaming_pipeline_v1' AIRFLOW_CTX_TASK_ID='run_gold' AIRFLOW_CTX_EXECUTION_DATE='2026-07-21T06:00:00+00:00' AIRFLOW_CTX_TRY_NUMBER='1' AIRFLOW_CTX_DAG_RUN_ID='scheduled__2026-07-21T06:00:00+00:00'
[2026-07-21T07:04:03.992+0000] {taskinstance.py:430} INFO - ::endgroup::
[2026-07-21T07:04:04.011+0000] {subprocess.py:63} INFO - Tmp dir root location: /tmp
[2026-07-21T07:04:04.015+0000] {subprocess.py:75} INFO - Running command: ['/usr/bin/bash', '-c', 'docker run --rm --network streaming_kafka_project_sdp-net --volume /d/Streaming_kafka_project/pipelines:/opt/pipelines --volume /d/Streaming_kafka_project/data:/opt/data --volume /d/Streaming_kafka_project/checkpoints:/opt/checkpoints --volume /d/Streaming_kafka_project/jars:/opt/jars apache/spark:3.5.1 /opt/spark/bin/spark-submit --master spark://sdp-spark-master:7077 --executor-cores 1 --executor-memory 512m --total-executor-cores 3 --jars /opt/jars/delta-spark_2.12-3.2.0.jar,/opt/jars/delta-storage-3.2.0.jar,/opt/jars/spark-sql-kafka-0-10_2.12-3.5.1.jar,/opt/jars/kafka-clients-3.4.1.jar,/opt/jars/spark-token-provider-kafka-0-10_2.12-3.5.1.jar,/opt/jars/commons-pool2-2.11.1.jar --conf spark.sql.extensions=io.delta.sql.DeltaSparkSessionExtension --conf spark.sql.catalog.spark_catalog=org.apache.spark.sql.delta.catalog.DeltaCatalog  /opt/pipelines/gold_runner.py']
[2026-07-21T07:04:04.029+0000] {subprocess.py:86} INFO - Output:
[2026-07-21T07:04:06.807+0000] {subprocess.py:93} INFO - 26/07/21 07:04:06 WARN NativeCodeLoader: Unable to load native-hadoop library for your platform... using builtin-java classes where applicable
[2026-07-21T07:04:07.771+0000] {subprocess.py:93} INFO - 26/07/21 07:04:07 INFO SparkContext: Running Spark version 3.5.1
[2026-07-21T07:04:07.772+0000] {subprocess.py:93} INFO - 26/07/21 07:04:07 INFO SparkContext: OS info Linux, 6.18.33.2-microsoft-standard-WSL2, amd64
[2026-07-21T07:04:07.774+0000] {subprocess.py:93} INFO - 26/07/21 07:04:07 INFO SparkContext: Java version 11.0.22
[2026-07-21T07:04:07.801+0000] {subprocess.py:93} INFO - 26/07/21 07:04:07 INFO ResourceUtils: ==============================================================
[2026-07-21T07:04:07.803+0000] {subprocess.py:93} INFO - 26/07/21 07:04:07 INFO ResourceUtils: No custom resources configured for spark.driver.
[2026-07-21T07:04:07.804+0000] {subprocess.py:93} INFO - 26/07/21 07:04:07 INFO ResourceUtils: ==============================================================
[2026-07-21T07:04:07.805+0000] {subprocess.py:93} INFO - 26/07/21 07:04:07 INFO SparkContext: Submitted application: SDP-Gold
[2026-07-21T07:04:07.835+0000] {subprocess.py:93} INFO - 26/07/21 07:04:07 INFO ResourceProfile: Default ResourceProfile created, executor resources: Map(cores -> name: cores, amount: 1, script: , vendor: , memory -> name: memory, amount: 512, script: , vendor: , offHeap -> name: offHeap, amount: 0, script: , vendor: ), task resources: Map(cpus -> name: cpus, amount: 1.0)
[2026-07-21T07:04:07.849+0000] {subprocess.py:93} INFO - 26/07/21 07:04:07 INFO ResourceProfile: Limiting resource is cpus at 1 tasks per executor
[2026-07-21T07:04:07.851+0000] {subprocess.py:93} INFO - 26/07/21 07:04:07 INFO ResourceProfileManager: Added ResourceProfile id: 0
[2026-07-21T07:04:07.907+0000] {subprocess.py:93} INFO - 26/07/21 07:04:07 INFO SecurityManager: Changing view acls to: spark
[2026-07-21T07:04:07.908+0000] {subprocess.py:93} INFO - 26/07/21 07:04:07 INFO SecurityManager: Changing modify acls to: spark
[2026-07-21T07:04:07.909+0000] {subprocess.py:93} INFO - 26/07/21 07:04:07 INFO SecurityManager: Changing view acls groups to:
[2026-07-21T07:04:07.910+0000] {subprocess.py:93} INFO - 26/07/21 07:04:07 INFO SecurityManager: Changing modify acls groups to:
[2026-07-21T07:04:07.911+0000] {subprocess.py:93} INFO - 26/07/21 07:04:07 INFO SecurityManager: SecurityManager: authentication disabled; ui acls disabled; users with view permissions: spark; groups with view permissions: EMPTY; users with modify permissions: spark; groups with modify permissions: EMPTY
[2026-07-21T07:04:08.261+0000] {subprocess.py:93} INFO - 26/07/21 07:04:08 INFO Utils: Successfully started service 'sparkDriver' on port 38957.
[2026-07-21T07:04:08.305+0000] {subprocess.py:93} INFO - 26/07/21 07:04:08 INFO SparkEnv: Registering MapOutputTracker
[2026-07-21T07:04:08.352+0000] {subprocess.py:93} INFO - 26/07/21 07:04:08 INFO SparkEnv: Registering BlockManagerMaster
[2026-07-21T07:04:08.378+0000] {subprocess.py:93} INFO - 26/07/21 07:04:08 INFO BlockManagerMasterEndpoint: Using org.apache.spark.storage.DefaultTopologyMapper for getting topology information
[2026-07-21T07:04:08.380+0000] {subprocess.py:93} INFO - 26/07/21 07:04:08 INFO BlockManagerMasterEndpoint: BlockManagerMasterEndpoint up
[2026-07-21T07:04:08.386+0000] {subprocess.py:93} INFO - 26/07/21 07:04:08 INFO SparkEnv: Registering BlockManagerMasterHeartbeat
[2026-07-21T07:04:08.415+0000] {subprocess.py:93} INFO - 26/07/21 07:04:08 INFO DiskBlockManager: Created local directory at /tmp/blockmgr-88408c3c-e06a-4fdc-9395-2f9df6353891
[2026-07-21T07:04:08.433+0000] {subprocess.py:93} INFO - 26/07/21 07:04:08 INFO MemoryStore: MemoryStore started with capacity 434.4 MiB
[2026-07-21T07:04:08.455+0000] {subprocess.py:93} INFO - 26/07/21 07:04:08 INFO SparkEnv: Registering OutputCommitCoordinator
[2026-07-21T07:04:08.615+0000] {subprocess.py:93} INFO - 26/07/21 07:04:08 INFO JettyUtils: Start Jetty 0.0.0.0:4040 for SparkUI
[2026-07-21T07:04:08.684+0000] {subprocess.py:93} INFO - 26/07/21 07:04:08 INFO Utils: Successfully started service 'SparkUI' on port 4040.
[2026-07-21T07:04:08.728+0000] {subprocess.py:93} INFO - 26/07/21 07:04:08 INFO SparkContext: Added JAR file:///opt/jars/delta-spark_2.12-3.2.0.jar at spark://861a9f8b5ab8:38957/jars/delta-spark_2.12-3.2.0.jar with timestamp 1784617447761
[2026-07-21T07:04:08.730+0000] {subprocess.py:93} INFO - 26/07/21 07:04:08 INFO SparkContext: Added JAR file:///opt/jars/delta-storage-3.2.0.jar at spark://861a9f8b5ab8:38957/jars/delta-storage-3.2.0.jar with timestamp 1784617447761
[2026-07-21T07:04:08.731+0000] {subprocess.py:93} INFO - 26/07/21 07:04:08 INFO SparkContext: Added JAR file:///opt/jars/spark-sql-kafka-0-10_2.12-3.5.1.jar at spark://861a9f8b5ab8:38957/jars/spark-sql-kafka-0-10_2.12-3.5.1.jar with timestamp 1784617447761
[2026-07-21T07:04:08.732+0000] {subprocess.py:93} INFO - 26/07/21 07:04:08 INFO SparkContext: Added JAR file:///opt/jars/kafka-clients-3.4.1.jar at spark://861a9f8b5ab8:38957/jars/kafka-clients-3.4.1.jar with timestamp 1784617447761
[2026-07-21T07:04:08.734+0000] {subprocess.py:93} INFO - 26/07/21 07:04:08 INFO SparkContext: Added JAR file:///opt/jars/spark-token-provider-kafka-0-10_2.12-3.5.1.jar at spark://861a9f8b5ab8:38957/jars/spark-token-provider-kafka-0-10_2.12-3.5.1.jar with timestamp 1784617447761
[2026-07-21T07:04:08.735+0000] {subprocess.py:93} INFO - 26/07/21 07:04:08 INFO SparkContext: Added JAR file:///opt/jars/commons-pool2-2.11.1.jar at spark://861a9f8b5ab8:38957/jars/commons-pool2-2.11.1.jar with timestamp 1784617447761
[2026-07-21T07:04:08.822+0000] {subprocess.py:93} INFO - 26/07/21 07:04:08 INFO StandaloneAppClient$ClientEndpoint: Connecting to master spark://sdp-spark-master:7077...
[2026-07-21T07:04:08.878+0000] {subprocess.py:93} INFO - 26/07/21 07:04:08 INFO TransportClientFactory: Successfully created connection to sdp-spark-master/172.18.0.4:7077 after 33 ms (0 ms spent in bootstraps)
[2026-07-21T07:04:09.024+0000] {subprocess.py:93} INFO - 26/07/21 07:04:09 INFO StandaloneSchedulerBackend: Connected to Spark cluster with app ID app-20260721070408-0130
[2026-07-21T07:04:09.036+0000] {subprocess.py:93} INFO - 26/07/21 07:04:09 INFO StandaloneAppClient$ClientEndpoint: Executor added: app-20260721070408-0130/0 on worker-20260716063602-172.18.0.5-44367 (172.18.0.5:44367) with 1 core(s)
[2026-07-21T07:04:09.048+0000] {subprocess.py:93} INFO - 26/07/21 07:04:09 INFO StandaloneSchedulerBackend: Granted executor ID app-20260721070408-0130/0 on hostPort 172.18.0.5:44367 with 1 core(s), 512.0 MiB RAM
[2026-07-21T07:04:09.050+0000] {subprocess.py:93} INFO - 26/07/21 07:04:09 INFO StandaloneAppClient$ClientEndpoint: Executor added: app-20260721070408-0130/1 on worker-20260716063602-172.18.0.5-44367 (172.18.0.5:44367) with 1 core(s)
[2026-07-21T07:04:09.052+0000] {subprocess.py:93} INFO - 26/07/21 07:04:09 INFO StandaloneSchedulerBackend: Granted executor ID app-20260721070408-0130/1 on hostPort 172.18.0.5:44367 with 1 core(s), 512.0 MiB RAM
[2026-07-21T07:04:09.053+0000] {subprocess.py:93} INFO - 26/07/21 07:04:09 INFO StandaloneAppClient$ClientEndpoint: Executor added: app-20260721070408-0130/2 on worker-20260716063602-172.18.0.6-33249 (172.18.0.6:33249) with 1 core(s)
[2026-07-21T07:04:09.055+0000] {subprocess.py:93} INFO - 26/07/21 07:04:09 INFO StandaloneSchedulerBackend: Granted executor ID app-20260721070408-0130/2 on hostPort 172.18.0.6:33249 with 1 core(s), 512.0 MiB RAM
[2026-07-21T07:04:09.062+0000] {subprocess.py:93} INFO - 26/07/21 07:04:09 INFO Utils: Successfully started service 'org.apache.spark.network.netty.NettyBlockTransferService' on port 35809.
[2026-07-21T07:04:09.064+0000] {subprocess.py:93} INFO - 26/07/21 07:04:09 INFO NettyBlockTransferService: Server created on 861a9f8b5ab8:35809
[2026-07-21T07:04:09.071+0000] {subprocess.py:93} INFO - 26/07/21 07:04:09 INFO BlockManager: Using org.apache.spark.storage.RandomBlockReplicationPolicy for block replication policy
[2026-07-21T07:04:09.086+0000] {subprocess.py:93} INFO - 26/07/21 07:04:09 INFO BlockManagerMaster: Registering BlockManager BlockManagerId(driver, 861a9f8b5ab8, 35809, None)
[2026-07-21T07:04:09.103+0000] {subprocess.py:93} INFO - 26/07/21 07:04:09 INFO BlockManagerMasterEndpoint: Registering block manager 861a9f8b5ab8:35809 with 434.4 MiB RAM, BlockManagerId(driver, 861a9f8b5ab8, 35809, None)
[2026-07-21T07:04:09.131+0000] {subprocess.py:93} INFO - 26/07/21 07:04:09 INFO BlockManagerMaster: Registered BlockManager BlockManagerId(driver, 861a9f8b5ab8, 35809, None)
[2026-07-21T07:04:09.136+0000] {subprocess.py:93} INFO - 26/07/21 07:04:09 INFO BlockManager: Initialized BlockManager: BlockManagerId(driver, 861a9f8b5ab8, 35809, None)
[2026-07-21T07:04:09.163+0000] {subprocess.py:93} INFO - 26/07/21 07:04:09 INFO StandaloneAppClient$ClientEndpoint: Executor updated: app-20260721070408-0130/0 is now RUNNING
[2026-07-21T07:04:09.184+0000] {subprocess.py:93} INFO - 26/07/21 07:04:09 INFO StandaloneAppClient$ClientEndpoint: Executor updated: app-20260721070408-0130/1 is now RUNNING
[2026-07-21T07:04:09.193+0000] {subprocess.py:93} INFO - 26/07/21 07:04:09 INFO StandaloneAppClient$ClientEndpoint: Executor updated: app-20260721070408-0130/2 is now RUNNING
[2026-07-21T07:04:09.615+0000] {subprocess.py:93} INFO - 26/07/21 07:04:09 INFO StandaloneSchedulerBackend: SchedulerBackend is ready for scheduling beginning after reached minRegisteredResourcesRatio: 0.0
[2026-07-21T07:04:36.357+0000] {subprocess.py:93} INFO - 26/07/21 07:04:36 WARN SparkStringUtils: Truncated the string representation of a plan since it was too large. This behavior can be adjusted by setting 'spark.sql.debug.maxToStringFields'.
[2026-07-21T07:05:22.077+0000] {subprocess.py:93} INFO - Gold table written: /opt/data/gold/daily_sales  (4 rows)
[2026-07-21T07:05:37.627+0000] {subprocess.py:93} INFO - Gold table written: /opt/data/gold/product_performance  (10 rows)
[2026-07-21T07:06:04.808+0000] {subprocess.py:93} INFO - Gold table written: /opt/data/gold/customer_orders  (5 rows)
[2026-07-21T07:06:04.809+0000] {subprocess.py:93} INFO - 
[2026-07-21T07:06:04.810+0000] {subprocess.py:93} INFO - Gold pipeline complete.
[2026-07-21T07:06:05.628+0000] {subprocess.py:97} INFO - Command exited with return code 0
[2026-07-21T07:06:05.631+0000] {taskinstance.py:441} INFO - ::group::Post task execution logs
[2026-07-21T07:06:05.669+0000] {taskinstance.py:1205} INFO - Marking task as SUCCESS. dag_id=e-commerce_kafka_streaming_pipeline_v1, task_id=run_gold, execution_date=20260721T060000, start_date=20260721T070403, end_date=20260721T070605
[2026-07-21T07:06:05.719+0000] {local_task_job_runner.py:240} INFO - Task exited with return code 0
[2026-07-21T07:06:05.738+0000] {taskinstance.py:3482} INFO - 1 downstream tasks scheduled from follow-on schedule check
[2026-07-21T07:06:05.743+0000] {local_task_job_runner.py:222} INFO - ::endgroup::
