[2026-07-20T16:02:04.102+0000] {local_task_job_runner.py:120} INFO - ::group::Pre task execution logs
[2026-07-20T16:02:04.152+0000] {taskinstance.py:2073} INFO - Dependencies all met for dep_context=non-requeueable deps ti=<TaskInstance: e-commerce_kafka_streaming_pipeline_v1.run_silver scheduled__2026-07-20T15:00:00+00:00 [queued]>
[2026-07-20T16:02:04.169+0000] {taskinstance.py:2073} INFO - Dependencies all met for dep_context=requeueable deps ti=<TaskInstance: e-commerce_kafka_streaming_pipeline_v1.run_silver scheduled__2026-07-20T15:00:00+00:00 [queued]>
[2026-07-20T16:02:04.172+0000] {taskinstance.py:2303} INFO - Starting attempt 1 of 2
[2026-07-20T16:02:04.192+0000] {taskinstance.py:2327} INFO - Executing <Task(BashOperator): run_silver> on 2026-07-20 15:00:00+00:00
[2026-07-20T16:02:04.209+0000] {standard_task_runner.py:90} INFO - Running: ['***', 'tasks', 'run', 'e-commerce_kafka_streaming_pipeline_v1', 'run_silver', 'scheduled__2026-07-20T15:00:00+00:00', '--job-id', '248', '--raw', '--subdir', 'DAGS_FOLDER/sdp_pipeline_dag.py', '--cfg-path', '/tmp/tmpk_bfx_ez']
[2026-07-20T16:02:04.213+0000] {logging_mixin.py:188} WARNING - /home/***/.local/lib/python3.12/site-packages/***/task/task_runner/standard_task_runner.py:61 DeprecationWarning: This process (pid=11558) is multi-threaded, use of fork() may lead to deadlocks in the child.
[2026-07-20T16:02:04.214+0000] {standard_task_runner.py:91} INFO - Job 248: Subtask run_silver
[2026-07-20T16:02:04.215+0000] {standard_task_runner.py:63} INFO - Started process 11559 to run task
[2026-07-20T16:02:04.309+0000] {task_command.py:426} INFO - Running <TaskInstance: e-commerce_kafka_streaming_pipeline_v1.run_silver scheduled__2026-07-20T15:00:00+00:00 [running]> on host da27550080bf
[2026-07-20T16:02:04.432+0000] {taskinstance.py:2644} INFO - Exporting env vars: AIRFLOW_CTX_DAG_OWNER='dev' AIRFLOW_CTX_DAG_ID='e-commerce_kafka_streaming_pipeline_v1' AIRFLOW_CTX_TASK_ID='run_silver' AIRFLOW_CTX_EXECUTION_DATE='2026-07-20T15:00:00+00:00' AIRFLOW_CTX_TRY_NUMBER='1' AIRFLOW_CTX_DAG_RUN_ID='scheduled__2026-07-20T15:00:00+00:00'
[2026-07-20T16:02:04.434+0000] {taskinstance.py:430} INFO - ::endgroup::
[2026-07-20T16:02:04.458+0000] {subprocess.py:63} INFO - Tmp dir root location: /tmp
[2026-07-20T16:02:04.461+0000] {subprocess.py:75} INFO - Running command: ['/usr/bin/bash', '-c', 'timeout 150s docker run --rm --network streaming_kafka_project_sdp-net --volume /d/Streaming_kafka_project/pipelines:/opt/pipelines --volume /d/Streaming_kafka_project/data:/opt/data --volume /d/Streaming_kafka_project/checkpoints:/opt/checkpoints --volume /d/Streaming_kafka_project/jars:/opt/jars apache/spark:3.5.1 /opt/spark/bin/spark-submit --master spark://sdp-spark-master:7077 --executor-cores 1 --executor-memory 512m --total-executor-cores 3 --jars /opt/jars/delta-spark_2.12-3.2.0.jar,/opt/jars/delta-storage-3.2.0.jar,/opt/jars/spark-sql-kafka-0-10_2.12-3.5.1.jar,/opt/jars/kafka-clients-3.4.1.jar,/opt/jars/spark-token-provider-kafka-0-10_2.12-3.5.1.jar,/opt/jars/commons-pool2-2.11.1.jar --conf spark.sql.extensions=io.delta.sql.DeltaSparkSessionExtension --conf spark.sql.catalog.spark_catalog=org.apache.spark.sql.delta.catalog.DeltaCatalog  /opt/pipelines/silver_runner.py']
[2026-07-20T16:02:04.475+0000] {subprocess.py:86} INFO - Output:
[2026-07-20T16:02:07.367+0000] {subprocess.py:93} INFO - 26/07/20 16:02:07 WARN NativeCodeLoader: Unable to load native-hadoop library for your platform... using builtin-java classes where applicable
[2026-07-20T16:02:08.684+0000] {subprocess.py:93} INFO - 26/07/20 16:02:08 INFO SparkContext: Running Spark version 3.5.1
[2026-07-20T16:02:08.686+0000] {subprocess.py:93} INFO - 26/07/20 16:02:08 INFO SparkContext: OS info Linux, 6.18.33.2-microsoft-standard-WSL2, amd64
[2026-07-20T16:02:08.688+0000] {subprocess.py:93} INFO - 26/07/20 16:02:08 INFO SparkContext: Java version 11.0.22
[2026-07-20T16:02:08.728+0000] {subprocess.py:93} INFO - 26/07/20 16:02:08 INFO ResourceUtils: ==============================================================
[2026-07-20T16:02:08.730+0000] {subprocess.py:93} INFO - 26/07/20 16:02:08 INFO ResourceUtils: No custom resources configured for spark.driver.
[2026-07-20T16:02:08.733+0000] {subprocess.py:93} INFO - 26/07/20 16:02:08 INFO ResourceUtils: ==============================================================
[2026-07-20T16:02:08.734+0000] {subprocess.py:93} INFO - 26/07/20 16:02:08 INFO SparkContext: Submitted application: SDP-Silver
[2026-07-20T16:02:08.768+0000] {subprocess.py:93} INFO - 26/07/20 16:02:08 INFO ResourceProfile: Default ResourceProfile created, executor resources: Map(cores -> name: cores, amount: 1, script: , vendor: , memory -> name: memory, amount: 512, script: , vendor: , offHeap -> name: offHeap, amount: 0, script: , vendor: ), task resources: Map(cpus -> name: cpus, amount: 1.0)
[2026-07-20T16:02:08.788+0000] {subprocess.py:93} INFO - 26/07/20 16:02:08 INFO ResourceProfile: Limiting resource is cpus at 1 tasks per executor
[2026-07-20T16:02:08.794+0000] {subprocess.py:93} INFO - 26/07/20 16:02:08 INFO ResourceProfileManager: Added ResourceProfile id: 0
[2026-07-20T16:02:08.873+0000] {subprocess.py:93} INFO - 26/07/20 16:02:08 INFO SecurityManager: Changing view acls to: spark
[2026-07-20T16:02:08.875+0000] {subprocess.py:93} INFO - 26/07/20 16:02:08 INFO SecurityManager: Changing modify acls to: spark
[2026-07-20T16:02:08.876+0000] {subprocess.py:93} INFO - 26/07/20 16:02:08 INFO SecurityManager: Changing view acls groups to:
[2026-07-20T16:02:08.879+0000] {subprocess.py:93} INFO - 26/07/20 16:02:08 INFO SecurityManager: Changing modify acls groups to:
[2026-07-20T16:02:08.880+0000] {subprocess.py:93} INFO - 26/07/20 16:02:08 INFO SecurityManager: SecurityManager: authentication disabled; ui acls disabled; users with view permissions: spark; groups with view permissions: EMPTY; users with modify permissions: spark; groups with modify permissions: EMPTY
[2026-07-20T16:02:09.224+0000] {subprocess.py:93} INFO - 26/07/20 16:02:09 INFO Utils: Successfully started service 'sparkDriver' on port 39169.
[2026-07-20T16:02:09.272+0000] {subprocess.py:93} INFO - 26/07/20 16:02:09 INFO SparkEnv: Registering MapOutputTracker
[2026-07-20T16:02:09.322+0000] {subprocess.py:93} INFO - 26/07/20 16:02:09 INFO SparkEnv: Registering BlockManagerMaster
[2026-07-20T16:02:09.347+0000] {subprocess.py:93} INFO - 26/07/20 16:02:09 INFO BlockManagerMasterEndpoint: Using org.apache.spark.storage.DefaultTopologyMapper for getting topology information
[2026-07-20T16:02:09.349+0000] {subprocess.py:93} INFO - 26/07/20 16:02:09 INFO BlockManagerMasterEndpoint: BlockManagerMasterEndpoint up
[2026-07-20T16:02:09.354+0000] {subprocess.py:93} INFO - 26/07/20 16:02:09 INFO SparkEnv: Registering BlockManagerMasterHeartbeat
[2026-07-20T16:02:09.385+0000] {subprocess.py:93} INFO - 26/07/20 16:02:09 INFO DiskBlockManager: Created local directory at /tmp/blockmgr-53819e9f-1816-42ca-87ea-f08a2817eca0
[2026-07-20T16:02:09.404+0000] {subprocess.py:93} INFO - 26/07/20 16:02:09 INFO MemoryStore: MemoryStore started with capacity 434.4 MiB
[2026-07-20T16:02:09.425+0000] {subprocess.py:93} INFO - 26/07/20 16:02:09 INFO SparkEnv: Registering OutputCommitCoordinator
[2026-07-20T16:02:09.623+0000] {subprocess.py:93} INFO - 26/07/20 16:02:09 INFO JettyUtils: Start Jetty 0.0.0.0:4040 for SparkUI
[2026-07-20T16:02:09.744+0000] {subprocess.py:93} INFO - 26/07/20 16:02:09 INFO Utils: Successfully started service 'SparkUI' on port 4040.
[2026-07-20T16:02:09.809+0000] {subprocess.py:93} INFO - 26/07/20 16:02:09 INFO SparkContext: Added JAR file:///opt/jars/delta-spark_2.12-3.2.0.jar at spark://cc25bb66b417:39169/jars/delta-spark_2.12-3.2.0.jar with timestamp 1784563328669
[2026-07-20T16:02:09.811+0000] {subprocess.py:93} INFO - 26/07/20 16:02:09 INFO SparkContext: Added JAR file:///opt/jars/delta-storage-3.2.0.jar at spark://cc25bb66b417:39169/jars/delta-storage-3.2.0.jar with timestamp 1784563328669
[2026-07-20T16:02:09.813+0000] {subprocess.py:93} INFO - 26/07/20 16:02:09 INFO SparkContext: Added JAR file:///opt/jars/spark-sql-kafka-0-10_2.12-3.5.1.jar at spark://cc25bb66b417:39169/jars/spark-sql-kafka-0-10_2.12-3.5.1.jar with timestamp 1784563328669
[2026-07-20T16:02:09.815+0000] {subprocess.py:93} INFO - 26/07/20 16:02:09 INFO SparkContext: Added JAR file:///opt/jars/kafka-clients-3.4.1.jar at spark://cc25bb66b417:39169/jars/kafka-clients-3.4.1.jar with timestamp 1784563328669
[2026-07-20T16:02:09.817+0000] {subprocess.py:93} INFO - 26/07/20 16:02:09 INFO SparkContext: Added JAR file:///opt/jars/spark-token-provider-kafka-0-10_2.12-3.5.1.jar at spark://cc25bb66b417:39169/jars/spark-token-provider-kafka-0-10_2.12-3.5.1.jar with timestamp 1784563328669
[2026-07-20T16:02:09.818+0000] {subprocess.py:93} INFO - 26/07/20 16:02:09 INFO SparkContext: Added JAR file:///opt/jars/commons-pool2-2.11.1.jar at spark://cc25bb66b417:39169/jars/commons-pool2-2.11.1.jar with timestamp 1784563328669
[2026-07-20T16:02:09.935+0000] {subprocess.py:93} INFO - 26/07/20 16:02:09 INFO StandaloneAppClient$ClientEndpoint: Connecting to master spark://sdp-spark-master:7077...
[2026-07-20T16:02:10.006+0000] {subprocess.py:93} INFO - 26/07/20 16:02:10 INFO TransportClientFactory: Successfully created connection to sdp-spark-master/172.18.0.4:7077 after 43 ms (0 ms spent in bootstraps)
[2026-07-20T16:02:10.120+0000] {subprocess.py:93} INFO - 26/07/20 16:02:10 INFO StandaloneSchedulerBackend: Connected to Spark cluster with app ID app-20260720160210-0115
[2026-07-20T16:02:10.123+0000] {subprocess.py:93} INFO - 26/07/20 16:02:10 INFO StandaloneAppClient$ClientEndpoint: Executor added: app-20260720160210-0115/0 on worker-20260716063602-172.18.0.5-44367 (172.18.0.5:44367) with 1 core(s)
[2026-07-20T16:02:10.125+0000] {subprocess.py:93} INFO - 26/07/20 16:02:10 INFO StandaloneSchedulerBackend: Granted executor ID app-20260720160210-0115/0 on hostPort 172.18.0.5:44367 with 1 core(s), 512.0 MiB RAM
[2026-07-20T16:02:10.127+0000] {subprocess.py:93} INFO - 26/07/20 16:02:10 INFO StandaloneAppClient$ClientEndpoint: Executor added: app-20260720160210-0115/1 on worker-20260716063602-172.18.0.5-44367 (172.18.0.5:44367) with 1 core(s)
[2026-07-20T16:02:10.129+0000] {subprocess.py:93} INFO - 26/07/20 16:02:10 INFO StandaloneSchedulerBackend: Granted executor ID app-20260720160210-0115/1 on hostPort 172.18.0.5:44367 with 1 core(s), 512.0 MiB RAM
[2026-07-20T16:02:10.130+0000] {subprocess.py:93} INFO - 26/07/20 16:02:10 INFO StandaloneAppClient$ClientEndpoint: Executor added: app-20260720160210-0115/2 on worker-20260716063602-172.18.0.6-33249 (172.18.0.6:33249) with 1 core(s)
[2026-07-20T16:02:10.131+0000] {subprocess.py:93} INFO - 26/07/20 16:02:10 INFO StandaloneSchedulerBackend: Granted executor ID app-20260720160210-0115/2 on hostPort 172.18.0.6:33249 with 1 core(s), 512.0 MiB RAM
[2026-07-20T16:02:10.136+0000] {subprocess.py:93} INFO - 26/07/20 16:02:10 INFO Utils: Successfully started service 'org.apache.spark.network.netty.NettyBlockTransferService' on port 36611.
[2026-07-20T16:02:10.138+0000] {subprocess.py:93} INFO - 26/07/20 16:02:10 INFO NettyBlockTransferService: Server created on cc25bb66b417:36611
[2026-07-20T16:02:10.142+0000] {subprocess.py:93} INFO - 26/07/20 16:02:10 INFO BlockManager: Using org.apache.spark.storage.RandomBlockReplicationPolicy for block replication policy
[2026-07-20T16:02:10.153+0000] {subprocess.py:93} INFO - 26/07/20 16:02:10 INFO BlockManagerMaster: Registering BlockManager BlockManagerId(driver, cc25bb66b417, 36611, None)
[2026-07-20T16:02:10.162+0000] {subprocess.py:93} INFO - 26/07/20 16:02:10 INFO BlockManagerMasterEndpoint: Registering block manager cc25bb66b417:36611 with 434.4 MiB RAM, BlockManagerId(driver, cc25bb66b417, 36611, None)
[2026-07-20T16:02:10.167+0000] {subprocess.py:93} INFO - 26/07/20 16:02:10 INFO BlockManagerMaster: Registered BlockManager BlockManagerId(driver, cc25bb66b417, 36611, None)
[2026-07-20T16:02:10.172+0000] {subprocess.py:93} INFO - 26/07/20 16:02:10 INFO BlockManager: Initialized BlockManager: BlockManagerId(driver, cc25bb66b417, 36611, None)
[2026-07-20T16:02:10.222+0000] {subprocess.py:93} INFO - 26/07/20 16:02:10 INFO StandaloneAppClient$ClientEndpoint: Executor updated: app-20260720160210-0115/0 is now RUNNING
[2026-07-20T16:02:10.225+0000] {subprocess.py:93} INFO - 26/07/20 16:02:10 INFO StandaloneAppClient$ClientEndpoint: Executor updated: app-20260720160210-0115/2 is now RUNNING
[2026-07-20T16:02:10.274+0000] {subprocess.py:93} INFO - 26/07/20 16:02:10 INFO StandaloneAppClient$ClientEndpoint: Executor updated: app-20260720160210-0115/1 is now RUNNING
[2026-07-20T16:02:10.767+0000] {subprocess.py:93} INFO - 26/07/20 16:02:10 INFO StandaloneSchedulerBackend: SchedulerBackend is ready for scheduling beginning after reached minRegisteredResourcesRatio: 0.0
[2026-07-20T16:02:11.251+0000] {subprocess.py:93} INFO - Starting silver stream: orders --->>  /opt/data/silver/orders
[2026-07-20T16:02:31.419+0000] {subprocess.py:93} INFO - 26/07/20 16:02:31 WARN ResolveWriteToStream: spark.sql.adaptive.enabled is not supported in streaming DataFrames/Datasets and will be disabled.
[2026-07-20T16:02:31.677+0000] {subprocess.py:93} INFO - Silver stream started: /opt/data/bronze/orders --->> /opt/data/silver/orders
[2026-07-20T16:02:31.688+0000] {subprocess.py:93} INFO - Starting silver stream: customers --->>  /opt/data/silver/customers
[2026-07-20T16:02:37.236+0000] {subprocess.py:93} INFO - 26/07/20 16:02:37 WARN ResolveWriteToStream: spark.sql.adaptive.enabled is not supported in streaming DataFrames/Datasets and will be disabled.
[2026-07-20T16:02:37.346+0000] {subprocess.py:93} INFO - Silver stream started: /opt/data/bronze/customers --->> /opt/data/silver/customers
[2026-07-20T16:02:37.352+0000] {subprocess.py:93} INFO - Starting silver stream: products --->>  /opt/data/silver/products
[2026-07-20T16:02:42.585+0000] {subprocess.py:93} INFO - 26/07/20 16:02:42 WARN ResolveWriteToStream: spark.sql.adaptive.enabled is not supported in streaming DataFrames/Datasets and will be disabled.
[2026-07-20T16:02:42.662+0000] {subprocess.py:93} INFO - Silver stream started: /opt/data/bronze/products --->> /opt/data/silver/products
[2026-07-20T16:02:45.677+0000] {subprocess.py:93} INFO - 26/07/20 16:02:45 WARN SparkStringUtils: Truncated the string representation of a plan since it was too large. This behavior can be adjusted by setting 'spark.sql.debug.maxToStringFields'.
[2026-07-20T16:04:16.929+0000] {subprocess.py:97} INFO - Command exited with return code 0
[2026-07-20T16:04:16.935+0000] {taskinstance.py:441} INFO - ::group::Post task execution logs
[2026-07-20T16:04:16.994+0000] {taskinstance.py:1205} INFO - Marking task as SUCCESS. dag_id=e-commerce_kafka_streaming_pipeline_v1, task_id=run_silver, execution_date=20260720T150000, start_date=20260720T160204, end_date=20260720T160416
[2026-07-20T16:04:17.064+0000] {local_task_job_runner.py:240} INFO - Task exited with return code 0
[2026-07-20T16:04:17.113+0000] {taskinstance.py:3482} INFO - 1 downstream tasks scheduled from follow-on schedule check
[2026-07-20T16:04:17.120+0000] {local_task_job_runner.py:222} INFO - ::endgroup::
