[2026-07-17T06:09:33.392+0000] {local_task_job_runner.py:120} INFO - ::group::Pre task execution logs
[2026-07-17T06:09:34.032+0000] {taskinstance.py:2073} INFO - Dependencies all met for dep_context=non-requeueable deps ti=<TaskInstance: e-commerce_kafka_streaming_pipeline_v1.wait_for_bronze scheduled__2026-07-17T05:00:00+00:00 [queued]>
[2026-07-17T06:09:34.105+0000] {taskinstance.py:2073} INFO - Dependencies all met for dep_context=requeueable deps ti=<TaskInstance: e-commerce_kafka_streaming_pipeline_v1.wait_for_bronze scheduled__2026-07-17T05:00:00+00:00 [queued]>
[2026-07-17T06:09:34.109+0000] {taskinstance.py:2303} INFO - Starting attempt 1 of 2
[2026-07-17T06:09:34.251+0000] {taskinstance.py:2327} INFO - Executing <Task(FileSensor): wait_for_bronze> on 2026-07-17 05:00:00+00:00
[2026-07-17T06:09:34.346+0000] {logging_mixin.py:188} WARNING - /home/***/.local/lib/python3.12/site-packages/***/task/task_runner/standard_task_runner.py:61 DeprecationWarning: This process (pid=3196) is multi-threaded, use of fork() may lead to deadlocks in the child.
[2026-07-17T06:09:34.355+0000] {standard_task_runner.py:63} INFO - Started process 3198 to run task
[2026-07-17T06:09:34.292+0000] {standard_task_runner.py:90} INFO - Running: ['***', 'tasks', 'run', 'e-commerce_kafka_streaming_pipeline_v1', 'wait_for_bronze', 'scheduled__2026-07-17T05:00:00+00:00', '--job-id', '109', '--raw', '--subdir', 'DAGS_FOLDER/sdp_pipeline_dag.py', '--cfg-path', '/tmp/tmptmb888dc']
[2026-07-17T06:09:34.395+0000] {standard_task_runner.py:91} INFO - Job 109: Subtask wait_for_bronze
[2026-07-17T06:09:34.843+0000] {task_command.py:426} INFO - Running <TaskInstance: e-commerce_kafka_streaming_pipeline_v1.wait_for_bronze scheduled__2026-07-17T05:00:00+00:00 [running]> on host da27550080bf
[2026-07-17T06:09:35.406+0000] {taskinstance.py:2644} INFO - Exporting env vars: AIRFLOW_CTX_DAG_OWNER='dev' AIRFLOW_CTX_DAG_ID='e-commerce_kafka_streaming_pipeline_v1' AIRFLOW_CTX_TASK_ID='wait_for_bronze' AIRFLOW_CTX_EXECUTION_DATE='2026-07-17T05:00:00+00:00' AIRFLOW_CTX_TRY_NUMBER='1' AIRFLOW_CTX_DAG_RUN_ID='scheduled__2026-07-17T05:00:00+00:00'
[2026-07-17T06:09:35.410+0000] {taskinstance.py:430} INFO - ::endgroup::
[2026-07-17T06:09:35.537+0000] {baseoperator.py:399} WARNING - FileSensor.execute cannot be called outside TaskInstance!
[2026-07-17T06:09:35.611+0000] {base.py:84} INFO - Using connection ID 'fs_default' for task execution.
[2026-07-17T06:09:35.613+0000] {filesystem.py:85} INFO - Poking for file /opt/data/bronze/orders
[2026-07-17T06:09:35.640+0000] {base.py:294} INFO - Success criteria met. Exiting.
[2026-07-17T06:09:35.641+0000] {filesystem.py:85} INFO - Poking for file /opt/data/bronze/orders
[2026-07-17T06:09:35.678+0000] {taskinstance.py:441} INFO - ::group::Post task execution logs
[2026-07-17T06:09:35.748+0000] {taskinstance.py:1205} INFO - Marking task as SUCCESS. dag_id=e-commerce_kafka_streaming_pipeline_v1, task_id=wait_for_bronze, execution_date=20260717T050000, start_date=20260717T060934, end_date=20260717T060935
[2026-07-17T06:09:35.975+0000] {local_task_job_runner.py:240} INFO - Task exited with return code 0
[2026-07-17T06:09:36.316+0000] {taskinstance.py:3482} INFO - 0 downstream tasks scheduled from follow-on schedule check
[2026-07-17T06:09:36.434+0000] {local_task_job_runner.py:222} INFO - ::endgroup::
