[2026-06-09T03:35:10.770+0000] {local_task_job_runner.py:120} INFO - ::group::Pre task execution logs
[2026-06-09T03:35:11.074+0000] {taskinstance.py:2073} INFO - Dependencies all met for dep_context=non-requeueable deps ti=<TaskInstance: e-commerce_kafka_streaming_pipeline_v10.run_bronze scheduled__2026-06-09T02:00:00+00:00 [queued]>
[2026-06-09T03:35:11.197+0000] {taskinstance.py:2073} INFO - Dependencies all met for dep_context=requeueable deps ti=<TaskInstance: e-commerce_kafka_streaming_pipeline_v10.run_bronze scheduled__2026-06-09T02:00:00+00:00 [queued]>
[2026-06-09T03:35:11.204+0000] {taskinstance.py:2303} INFO - Starting attempt 1 of 2
[2026-06-09T03:35:11.333+0000] {taskinstance.py:2327} INFO - Executing <Task(BashOperator): run_bronze> on 2026-06-09 02:00:00+00:00
[2026-06-09T03:35:11.524+0000] {standard_task_runner.py:90} INFO - Running: ['***', 'tasks', 'run', 'e-commerce_kafka_streaming_pipeline_v10', 'run_bronze', 'scheduled__2026-06-09T02:00:00+00:00', '--job-id', '68', '--raw', '--subdir', 'DAGS_FOLDER/sdp_pipeline_dag.py', '--cfg-path', '/tmp/tmpl866rt46']
[2026-06-09T03:35:11.542+0000] {standard_task_runner.py:91} INFO - Job 68: Subtask run_bronze
[2026-06-09T03:35:11.530+0000] {logging_mixin.py:188} WARNING - /home/***/.local/lib/python3.12/site-packages/***/task/task_runner/standard_task_runner.py:61 DeprecationWarning: This process (pid=971) is multi-threaded, use of fork() may lead to deadlocks in the child.
[2026-06-09T03:35:11.567+0000] {standard_task_runner.py:63} INFO - Started process 976 to run task
[2026-06-09T03:35:11.963+0000] {task_command.py:426} INFO - Running <TaskInstance: e-commerce_kafka_streaming_pipeline_v10.run_bronze scheduled__2026-06-09T02:00:00+00:00 [running]> on host 19d9c0c71dcc
[2026-06-09T03:35:12.534+0000] {taskinstance.py:2644} INFO - Exporting env vars: AIRFLOW_CTX_DAG_OWNER='dev' AIRFLOW_CTX_DAG_ID='e-commerce_kafka_streaming_pipeline_v10' AIRFLOW_CTX_TASK_ID='run_bronze' AIRFLOW_CTX_EXECUTION_DATE='2026-06-09T02:00:00+00:00' AIRFLOW_CTX_TRY_NUMBER='1' AIRFLOW_CTX_DAG_RUN_ID='scheduled__2026-06-09T02:00:00+00:00'
[2026-06-09T03:35:12.535+0000] {taskinstance.py:430} INFO - ::endgroup::
[2026-06-09T03:35:12.601+0000] {subprocess.py:63} INFO - Tmp dir root location: /tmp
[2026-06-09T03:35:12.609+0000] {subprocess.py:75} INFO - Running command: ['/usr/bin/bash', '-c', 'timeout 120s docker run --rm --network streaming_kafka_project_sdp-net --volume /d/Streaming_kafka_project/pipelines:/opt/pipelines --volume /d/Streaming_kafka_project/data:/opt/data --volume /d/Streaming_kafka_project/checkpoints:/opt/checkpoints --volume /d/Streaming_kafka_project/jars:/opt/jars apache/spark:3.5.1 /opt/spark/bin/spark-submit --master spark://sdp-spark-master:7077 --executor-cores 1 --executor-memory 512m --total-executor-cores 3 --jars /opt/jars/delta-spark_2.12-3.2.0.jar,/opt/jars/delta-storage-3.2.0.jar,/opt/jars/spark-sql-kafka-0-10_2.12-3.5.1.jar,/opt/jars/kafka-clients-3.4.1.jar,/opt/jars/spark-token-provider-kafka-0-10_2.12-3.5.1.jar,/opt/jars/commons-pool2-2.11.1.jar --conf spark.sql.extensions=io.delta.sql.DeltaSparkSessionExtension --conf spark.sql.catalog.spark_catalog=org.apache.spark.sql.delta.catalog.DeltaCatalog  /opt/pipelines/bronze_runner.py']
[2026-06-09T03:35:12.725+0000] {subprocess.py:86} INFO - Output:
[2026-06-09T03:35:35.770+0000] {subprocess.py:93} INFO - 26/06/09 03:35:35 WARN NativeCodeLoader: Unable to load native-hadoop library for your platform... using builtin-java classes where applicable
[2026-06-09T03:35:41.620+0000] {subprocess.py:93} INFO - 26/06/09 03:35:41 INFO SparkContext: Running Spark version 3.5.1
[2026-06-09T03:35:41.621+0000] {subprocess.py:93} INFO - 26/06/09 03:35:41 INFO SparkContext: OS info Linux, 6.6.114.1-microsoft-standard-WSL2, amd64
[2026-06-09T03:35:41.622+0000] {subprocess.py:93} INFO - 26/06/09 03:35:41 INFO SparkContext: Java version 11.0.22
[2026-06-09T03:35:41.804+0000] {subprocess.py:93} INFO - 26/06/09 03:35:41 INFO ResourceUtils: ==============================================================
[2026-06-09T03:35:41.809+0000] {subprocess.py:93} INFO - 26/06/09 03:35:41 INFO ResourceUtils: No custom resources configured for spark.driver.
[2026-06-09T03:35:41.815+0000] {subprocess.py:93} INFO - 26/06/09 03:35:41 INFO ResourceUtils: ==============================================================
[2026-06-09T03:35:41.820+0000] {subprocess.py:93} INFO - 26/06/09 03:35:41 INFO SparkContext: Submitted application: SDP-Bronze
[2026-06-09T03:35:42.007+0000] {subprocess.py:93} INFO - 26/06/09 03:35:41 INFO ResourceProfile: Default ResourceProfile created, executor resources: Map(cores -> name: cores, amount: 1, script: , vendor: , memory -> name: memory, amount: 512, script: , vendor: , offHeap -> name: offHeap, amount: 0, script: , vendor: ), task resources: Map(cpus -> name: cpus, amount: 1.0)
[2026-06-09T03:35:42.154+0000] {subprocess.py:93} INFO - 26/06/09 03:35:42 INFO ResourceProfile: Limiting resource is cpus at 1 tasks per executor
[2026-06-09T03:35:42.170+0000] {subprocess.py:93} INFO - 26/06/09 03:35:42 INFO ResourceProfileManager: Added ResourceProfile id: 0
[2026-06-09T03:35:42.610+0000] {subprocess.py:93} INFO - 26/06/09 03:35:42 INFO SecurityManager: Changing view acls to: spark
[2026-06-09T03:35:42.616+0000] {subprocess.py:93} INFO - 26/06/09 03:35:42 INFO SecurityManager: Changing modify acls to: spark
[2026-06-09T03:35:42.630+0000] {subprocess.py:93} INFO - 26/06/09 03:35:42 INFO SecurityManager: Changing view acls groups to:
[2026-06-09T03:35:42.636+0000] {subprocess.py:93} INFO - 26/06/09 03:35:42 INFO SecurityManager: Changing modify acls groups to:
[2026-06-09T03:35:42.638+0000] {subprocess.py:93} INFO - 26/06/09 03:35:42 INFO SecurityManager: SecurityManager: authentication disabled; ui acls disabled; users with view permissions: spark; groups with view permissions: EMPTY; users with modify permissions: spark; groups with modify permissions: EMPTY
[2026-06-09T03:35:44.583+0000] {subprocess.py:93} INFO - 26/06/09 03:35:44 INFO Utils: Successfully started service 'sparkDriver' on port 33717.
[2026-06-09T03:35:44.725+0000] {subprocess.py:93} INFO - 26/06/09 03:35:44 INFO SparkEnv: Registering MapOutputTracker
[2026-06-09T03:35:45.234+0000] {subprocess.py:93} INFO - 26/06/09 03:35:45 INFO SparkEnv: Registering BlockManagerMaster
[2026-06-09T03:35:45.602+0000] {subprocess.py:93} INFO - 26/06/09 03:35:45 INFO BlockManagerMasterEndpoint: Using org.apache.spark.storage.DefaultTopologyMapper for getting topology information
[2026-06-09T03:35:45.616+0000] {subprocess.py:93} INFO - 26/06/09 03:35:45 INFO BlockManagerMasterEndpoint: BlockManagerMasterEndpoint up
[2026-06-09T03:35:45.648+0000] {subprocess.py:93} INFO - 26/06/09 03:35:45 INFO SparkEnv: Registering BlockManagerMasterHeartbeat
[2026-06-09T03:35:45.805+0000] {subprocess.py:93} INFO - 26/06/09 03:35:45 INFO DiskBlockManager: Created local directory at /tmp/blockmgr-3fb70975-0a2b-4903-934b-e0f3e9e429f5
[2026-06-09T03:35:45.945+0000] {subprocess.py:93} INFO - 26/06/09 03:35:45 INFO MemoryStore: MemoryStore started with capacity 434.4 MiB
[2026-06-09T03:35:46.073+0000] {subprocess.py:93} INFO - 26/06/09 03:35:46 INFO SparkEnv: Registering OutputCommitCoordinator
[2026-06-09T03:35:47.980+0000] {subprocess.py:93} INFO - 26/06/09 03:35:47 INFO JettyUtils: Start Jetty 0.0.0.0:4040 for SparkUI
[2026-06-09T03:35:48.557+0000] {subprocess.py:93} INFO - 26/06/09 03:35:48 INFO Utils: Successfully started service 'SparkUI' on port 4040.
[2026-06-09T03:35:49.393+0000] {subprocess.py:93} INFO - 26/06/09 03:35:49 INFO SparkContext: Added JAR file:///opt/jars/delta-spark_2.12-3.2.0.jar at spark://5d9a5d998d81:33717/jars/delta-spark_2.12-3.2.0.jar with timestamp 1780976141564
[2026-06-09T03:35:49.436+0000] {subprocess.py:93} INFO - 26/06/09 03:35:49 INFO SparkContext: Added JAR file:///opt/jars/delta-storage-3.2.0.jar at spark://5d9a5d998d81:33717/jars/delta-storage-3.2.0.jar with timestamp 1780976141564
[2026-06-09T03:35:49.454+0000] {subprocess.py:93} INFO - 26/06/09 03:35:49 INFO SparkContext: Added JAR file:///opt/jars/spark-sql-kafka-0-10_2.12-3.5.1.jar at spark://5d9a5d998d81:33717/jars/spark-sql-kafka-0-10_2.12-3.5.1.jar with timestamp 1780976141564
[2026-06-09T03:35:49.461+0000] {subprocess.py:93} INFO - 26/06/09 03:35:49 INFO SparkContext: Added JAR file:///opt/jars/kafka-clients-3.4.1.jar at spark://5d9a5d998d81:33717/jars/kafka-clients-3.4.1.jar with timestamp 1780976141564
[2026-06-09T03:35:49.484+0000] {subprocess.py:93} INFO - 26/06/09 03:35:49 INFO SparkContext: Added JAR file:///opt/jars/spark-token-provider-kafka-0-10_2.12-3.5.1.jar at spark://5d9a5d998d81:33717/jars/spark-token-provider-kafka-0-10_2.12-3.5.1.jar with timestamp 1780976141564
[2026-06-09T03:35:49.485+0000] {subprocess.py:93} INFO - 26/06/09 03:35:49 INFO SparkContext: Added JAR file:///opt/jars/commons-pool2-2.11.1.jar at spark://5d9a5d998d81:33717/jars/commons-pool2-2.11.1.jar with timestamp 1780976141564
[2026-06-09T03:35:51.715+0000] {subprocess.py:93} INFO - 26/06/09 03:35:51 INFO StandaloneAppClient$ClientEndpoint: Connecting to master spark://sdp-spark-master:7077...
[2026-06-09T03:35:52.252+0000] {subprocess.py:93} INFO - 26/06/09 03:35:52 INFO TransportClientFactory: Successfully created connection to sdp-spark-master/172.18.0.4:7077 after 301 ms (0 ms spent in bootstraps)
[2026-06-09T03:35:53.353+0000] {subprocess.py:93} INFO - 26/06/09 03:35:53 INFO StandaloneSchedulerBackend: Connected to Spark cluster with app ID app-20260609033553-0018
[2026-06-09T03:35:53.721+0000] {subprocess.py:93} INFO - 26/06/09 03:35:53 INFO Utils: Successfully started service 'org.apache.spark.network.netty.NettyBlockTransferService' on port 46235.
[2026-06-09T03:35:53.802+0000] {subprocess.py:93} INFO - 26/06/09 03:35:53 INFO NettyBlockTransferService: Server created on 5d9a5d998d81:46235
[2026-06-09T03:35:53.961+0000] {subprocess.py:93} INFO - 26/06/09 03:35:53 INFO BlockManager: Using org.apache.spark.storage.RandomBlockReplicationPolicy for block replication policy
[2026-06-09T03:35:54.333+0000] {subprocess.py:93} INFO - 26/06/09 03:35:54 INFO BlockManagerMaster: Registering BlockManager BlockManagerId(driver, 5d9a5d998d81, 46235, None)
[2026-06-09T03:35:54.464+0000] {subprocess.py:93} INFO - 26/06/09 03:35:54 INFO BlockManagerMasterEndpoint: Registering block manager 5d9a5d998d81:46235 with 434.4 MiB RAM, BlockManagerId(driver, 5d9a5d998d81, 46235, None)
[2026-06-09T03:35:54.492+0000] {subprocess.py:93} INFO - 26/06/09 03:35:54 INFO BlockManagerMaster: Registered BlockManager BlockManagerId(driver, 5d9a5d998d81, 46235, None)
[2026-06-09T03:35:54.526+0000] {subprocess.py:93} INFO - 26/06/09 03:35:54 INFO BlockManager: Initialized BlockManager: BlockManagerId(driver, 5d9a5d998d81, 46235, None)
[2026-06-09T03:35:59.033+0000] {subprocess.py:93} INFO - 26/06/09 03:35:59 INFO StandaloneSchedulerBackend: SchedulerBackend is ready for scheduling beginning after reached minRegisteredResourcesRatio: 0.0
[2026-06-09T03:36:02.548+0000] {subprocess.py:93} INFO - Starting stream: orders -> /opt/data/bronze/orders
[2026-06-09T03:37:15.854+0000] {subprocess.py:97} INFO - Command exited with return code 124
[2026-06-09T03:37:15.859+0000] {taskinstance.py:441} INFO - ::group::Post task execution logs
[2026-06-09T03:37:15.908+0000] {taskinstance.py:2890} ERROR - Task failed with exception
Traceback (most recent call last):
  File "/home/airflow/.local/lib/python3.12/site-packages/airflow/models/taskinstance.py", line 465, in _execute_task
    result = _execute_callable(context=context, **execute_callable_kwargs)
             ^^^^^^^^^^^^^^^^^^^^^^^^^^^^^^^^^^^^^^^^^^^^^^^^^^^^^^^^^^^^^
  File "/home/airflow/.local/lib/python3.12/site-packages/airflow/models/taskinstance.py", line 432, in _execute_callable
    return execute_callable(context=context, **execute_callable_kwargs)
           ^^^^^^^^^^^^^^^^^^^^^^^^^^^^^^^^^^^^^^^^^^^^^^^^^^^^^^^^^^^^
  File "/home/airflow/.local/lib/python3.12/site-packages/airflow/models/baseoperator.py", line 400, in wrapper
    return func(self, *args, **kwargs)
           ^^^^^^^^^^^^^^^^^^^^^^^^^^^
  File "/home/airflow/.local/lib/python3.12/site-packages/airflow/operators/bash.py", line 243, in execute
    raise AirflowException(
airflow.exceptions.AirflowException: Bash command failed. The command returned a non-zero exit code 124.
[2026-06-09T03:37:15.925+0000] {taskinstance.py:1205} INFO - Marking task as UP_FOR_RETRY. dag_id=e-commerce_kafka_streaming_pipeline_v10, task_id=run_bronze, execution_date=20260609T020000, start_date=20260609T033511, end_date=20260609T033715
[2026-06-09T03:37:15.978+0000] {standard_task_runner.py:110} ERROR - Failed to execute job 68 for task run_bronze (Bash command failed. The command returned a non-zero exit code 124.; 976)
[2026-06-09T03:37:16.009+0000] {local_task_job_runner.py:240} INFO - Task exited with return code 1
[2026-06-09T03:37:16.110+0000] {taskinstance.py:3482} INFO - 0 downstream tasks scheduled from follow-on schedule check
[2026-06-09T03:37:16.116+0000] {local_task_job_runner.py:222} INFO - ::endgroup::
