[2026-07-16T10:04:15.066+0000] {local_task_job_runner.py:120} INFO - ::group::Pre task execution logs
[2026-07-16T10:04:15.118+0000] {taskinstance.py:2073} INFO - Dependencies all met for dep_context=non-requeueable deps ti=<TaskInstance: e-commerce_kafka_streaming_pipeline_v1.run_gold scheduled__2026-07-16T09:00:00+00:00 [queued]>
[2026-07-16T10:04:15.132+0000] {taskinstance.py:2073} INFO - Dependencies all met for dep_context=requeueable deps ti=<TaskInstance: e-commerce_kafka_streaming_pipeline_v1.run_gold scheduled__2026-07-16T09:00:00+00:00 [queued]>
[2026-07-16T10:04:15.134+0000] {taskinstance.py:2303} INFO - Starting attempt 1 of 2
[2026-07-16T10:04:15.156+0000] {taskinstance.py:2327} INFO - Executing <Task(BashOperator): run_gold> on 2026-07-16 09:00:00+00:00
[2026-07-16T10:04:15.169+0000] {standard_task_runner.py:90} INFO - Running: ['***', 'tasks', 'run', 'e-commerce_kafka_streaming_pipeline_v1', 'run_gold', 'scheduled__2026-07-16T09:00:00+00:00', '--job-id', '40', '--raw', '--subdir', 'DAGS_FOLDER/sdp_pipeline_dag.py', '--cfg-path', '/tmp/tmpsk1_ragy']
[2026-07-16T10:04:15.176+0000] {standard_task_runner.py:91} INFO - Job 40: Subtask run_gold
[2026-07-16T10:04:15.183+0000] {logging_mixin.py:188} WARNING - /home/***/.local/lib/python3.12/site-packages/***/task/task_runner/standard_task_runner.py:61 DeprecationWarning: This process (pid=1472) is multi-threaded, use of fork() may lead to deadlocks in the child.
[2026-07-16T10:04:15.185+0000] {standard_task_runner.py:63} INFO - Started process 1473 to run task
[2026-07-16T10:04:15.292+0000] {task_command.py:426} INFO - Running <TaskInstance: e-commerce_kafka_streaming_pipeline_v1.run_gold scheduled__2026-07-16T09:00:00+00:00 [running]> on host da27550080bf
[2026-07-16T10:04:15.427+0000] {taskinstance.py:2644} INFO - Exporting env vars: AIRFLOW_CTX_DAG_OWNER='dev' AIRFLOW_CTX_DAG_ID='e-commerce_kafka_streaming_pipeline_v1' AIRFLOW_CTX_TASK_ID='run_gold' AIRFLOW_CTX_EXECUTION_DATE='2026-07-16T09:00:00+00:00' AIRFLOW_CTX_TRY_NUMBER='1' AIRFLOW_CTX_DAG_RUN_ID='scheduled__2026-07-16T09:00:00+00:00'
[2026-07-16T10:04:15.429+0000] {taskinstance.py:430} INFO - ::endgroup::
[2026-07-16T10:04:15.457+0000] {subprocess.py:63} INFO - Tmp dir root location: /tmp
[2026-07-16T10:04:15.461+0000] {subprocess.py:75} INFO - Running command: ['/usr/bin/bash', '-c', 'docker run --rm --network streaming_kafka_project_sdp-net --volume /d/Streaming_kafka_project/pipelines:/opt/pipelines --volume /d/Streaming_kafka_project/data:/opt/data --volume /d/Streaming_kafka_project/checkpoints:/opt/checkpoints --volume /d/Streaming_kafka_project/jars:/opt/jars apache/spark:3.5.1 /opt/spark/bin/spark-submit --master spark://sdp-spark-master:7077 --executor-cores 1 --executor-memory 512m --total-executor-cores 3 --jars /opt/jars/delta-spark_2.12-3.2.0.jar,/opt/jars/delta-storage-3.2.0.jar,/opt/jars/spark-sql-kafka-0-10_2.12-3.5.1.jar,/opt/jars/kafka-clients-3.4.1.jar,/opt/jars/spark-token-provider-kafka-0-10_2.12-3.5.1.jar,/opt/jars/commons-pool2-2.11.1.jar --conf spark.sql.extensions=io.delta.sql.DeltaSparkSessionExtension --conf spark.sql.catalog.spark_catalog=org.apache.spark.sql.delta.catalog.DeltaCatalog  /opt/pipelines/gold_runner.py']
[2026-07-16T10:04:15.485+0000] {subprocess.py:86} INFO - Output:
[2026-07-16T10:04:18.598+0000] {subprocess.py:93} INFO - 26/07/16 10:04:18 WARN NativeCodeLoader: Unable to load native-hadoop library for your platform... using builtin-java classes where applicable
[2026-07-16T10:04:19.628+0000] {subprocess.py:93} INFO - 26/07/16 10:04:19 INFO SparkContext: Running Spark version 3.5.1
[2026-07-16T10:04:19.630+0000] {subprocess.py:93} INFO - 26/07/16 10:04:19 INFO SparkContext: OS info Linux, 6.18.33.2-microsoft-standard-WSL2, amd64
[2026-07-16T10:04:19.631+0000] {subprocess.py:93} INFO - 26/07/16 10:04:19 INFO SparkContext: Java version 11.0.22
[2026-07-16T10:04:19.672+0000] {subprocess.py:93} INFO - 26/07/16 10:04:19 INFO ResourceUtils: ==============================================================
[2026-07-16T10:04:19.674+0000] {subprocess.py:93} INFO - 26/07/16 10:04:19 INFO ResourceUtils: No custom resources configured for spark.driver.
[2026-07-16T10:04:19.676+0000] {subprocess.py:93} INFO - 26/07/16 10:04:19 INFO ResourceUtils: ==============================================================
[2026-07-16T10:04:19.678+0000] {subprocess.py:93} INFO - 26/07/16 10:04:19 INFO SparkContext: Submitted application: SDP-Gold
[2026-07-16T10:04:19.719+0000] {subprocess.py:93} INFO - 26/07/16 10:04:19 INFO ResourceProfile: Default ResourceProfile created, executor resources: Map(cores -> name: cores, amount: 1, script: , vendor: , memory -> name: memory, amount: 512, script: , vendor: , offHeap -> name: offHeap, amount: 0, script: , vendor: ), task resources: Map(cpus -> name: cpus, amount: 1.0)
[2026-07-16T10:04:19.741+0000] {subprocess.py:93} INFO - 26/07/16 10:04:19 INFO ResourceProfile: Limiting resource is cpus at 1 tasks per executor
[2026-07-16T10:04:19.745+0000] {subprocess.py:93} INFO - 26/07/16 10:04:19 INFO ResourceProfileManager: Added ResourceProfile id: 0
[2026-07-16T10:04:19.821+0000] {subprocess.py:93} INFO - 26/07/16 10:04:19 INFO SecurityManager: Changing view acls to: spark
[2026-07-16T10:04:19.822+0000] {subprocess.py:93} INFO - 26/07/16 10:04:19 INFO SecurityManager: Changing modify acls to: spark
[2026-07-16T10:04:19.824+0000] {subprocess.py:93} INFO - 26/07/16 10:04:19 INFO SecurityManager: Changing view acls groups to:
[2026-07-16T10:04:19.825+0000] {subprocess.py:93} INFO - 26/07/16 10:04:19 INFO SecurityManager: Changing modify acls groups to:
[2026-07-16T10:04:19.826+0000] {subprocess.py:93} INFO - 26/07/16 10:04:19 INFO SecurityManager: SecurityManager: authentication disabled; ui acls disabled; users with view permissions: spark; groups with view permissions: EMPTY; users with modify permissions: spark; groups with modify permissions: EMPTY
[2026-07-16T10:04:20.206+0000] {subprocess.py:93} INFO - 26/07/16 10:04:20 INFO Utils: Successfully started service 'sparkDriver' on port 33421.
[2026-07-16T10:04:20.253+0000] {subprocess.py:93} INFO - 26/07/16 10:04:20 INFO SparkEnv: Registering MapOutputTracker
[2026-07-16T10:04:20.308+0000] {subprocess.py:93} INFO - 26/07/16 10:04:20 INFO SparkEnv: Registering BlockManagerMaster
[2026-07-16T10:04:20.347+0000] {subprocess.py:93} INFO - 26/07/16 10:04:20 INFO BlockManagerMasterEndpoint: Using org.apache.spark.storage.DefaultTopologyMapper for getting topology information
[2026-07-16T10:04:20.349+0000] {subprocess.py:93} INFO - 26/07/16 10:04:20 INFO BlockManagerMasterEndpoint: BlockManagerMasterEndpoint up
[2026-07-16T10:04:20.358+0000] {subprocess.py:93} INFO - 26/07/16 10:04:20 INFO SparkEnv: Registering BlockManagerMasterHeartbeat
[2026-07-16T10:04:20.399+0000] {subprocess.py:93} INFO - 26/07/16 10:04:20 INFO DiskBlockManager: Created local directory at /tmp/blockmgr-32c10bfa-424e-4b03-b83f-8e2582f9a3b0
[2026-07-16T10:04:20.420+0000] {subprocess.py:93} INFO - 26/07/16 10:04:20 INFO MemoryStore: MemoryStore started with capacity 434.4 MiB
[2026-07-16T10:04:20.444+0000] {subprocess.py:93} INFO - 26/07/16 10:04:20 INFO SparkEnv: Registering OutputCommitCoordinator
[2026-07-16T10:04:20.659+0000] {subprocess.py:93} INFO - 26/07/16 10:04:20 INFO JettyUtils: Start Jetty 0.0.0.0:4040 for SparkUI
[2026-07-16T10:04:20.743+0000] {subprocess.py:93} INFO - 26/07/16 10:04:20 INFO Utils: Successfully started service 'SparkUI' on port 4040.
[2026-07-16T10:04:20.793+0000] {subprocess.py:93} INFO - 26/07/16 10:04:20 INFO SparkContext: Added JAR file:///opt/jars/delta-spark_2.12-3.2.0.jar at spark://77d9adf1c036:33421/jars/delta-spark_2.12-3.2.0.jar with timestamp 1784196259611
[2026-07-16T10:04:20.801+0000] {subprocess.py:93} INFO - 26/07/16 10:04:20 INFO SparkContext: Added JAR file:///opt/jars/delta-storage-3.2.0.jar at spark://77d9adf1c036:33421/jars/delta-storage-3.2.0.jar with timestamp 1784196259611
[2026-07-16T10:04:20.802+0000] {subprocess.py:93} INFO - 26/07/16 10:04:20 INFO SparkContext: Added JAR file:///opt/jars/spark-sql-kafka-0-10_2.12-3.5.1.jar at spark://77d9adf1c036:33421/jars/spark-sql-kafka-0-10_2.12-3.5.1.jar with timestamp 1784196259611
[2026-07-16T10:04:20.806+0000] {subprocess.py:93} INFO - 26/07/16 10:04:20 INFO SparkContext: Added JAR file:///opt/jars/kafka-clients-3.4.1.jar at spark://77d9adf1c036:33421/jars/kafka-clients-3.4.1.jar with timestamp 1784196259611
[2026-07-16T10:04:20.807+0000] {subprocess.py:93} INFO - 26/07/16 10:04:20 INFO SparkContext: Added JAR file:///opt/jars/spark-token-provider-kafka-0-10_2.12-3.5.1.jar at spark://77d9adf1c036:33421/jars/spark-token-provider-kafka-0-10_2.12-3.5.1.jar with timestamp 1784196259611
[2026-07-16T10:04:20.809+0000] {subprocess.py:93} INFO - 26/07/16 10:04:20 INFO SparkContext: Added JAR file:///opt/jars/commons-pool2-2.11.1.jar at spark://77d9adf1c036:33421/jars/commons-pool2-2.11.1.jar with timestamp 1784196259611
[2026-07-16T10:04:20.932+0000] {subprocess.py:93} INFO - 26/07/16 10:04:20 INFO StandaloneAppClient$ClientEndpoint: Connecting to master spark://sdp-spark-master:7077...
[2026-07-16T10:04:20.993+0000] {subprocess.py:93} INFO - 26/07/16 10:04:20 INFO TransportClientFactory: Successfully created connection to sdp-spark-master/172.18.0.4:7077 after 31 ms (0 ms spent in bootstraps)
[2026-07-16T10:04:21.112+0000] {subprocess.py:93} INFO - 26/07/16 10:04:21 INFO StandaloneSchedulerBackend: Connected to Spark cluster with app ID app-20260716100421-0017
[2026-07-16T10:04:21.118+0000] {subprocess.py:93} INFO - 26/07/16 10:04:21 INFO StandaloneAppClient$ClientEndpoint: Executor added: app-20260716100421-0017/0 on worker-20260716063602-172.18.0.5-44367 (172.18.0.5:44367) with 1 core(s)
[2026-07-16T10:04:21.120+0000] {subprocess.py:93} INFO - 26/07/16 10:04:21 INFO StandaloneSchedulerBackend: Granted executor ID app-20260716100421-0017/0 on hostPort 172.18.0.5:44367 with 1 core(s), 512.0 MiB RAM
[2026-07-16T10:04:21.121+0000] {subprocess.py:93} INFO - 26/07/16 10:04:21 INFO StandaloneAppClient$ClientEndpoint: Executor added: app-20260716100421-0017/1 on worker-20260716063602-172.18.0.5-44367 (172.18.0.5:44367) with 1 core(s)
[2026-07-16T10:04:21.123+0000] {subprocess.py:93} INFO - 26/07/16 10:04:21 INFO StandaloneSchedulerBackend: Granted executor ID app-20260716100421-0017/1 on hostPort 172.18.0.5:44367 with 1 core(s), 512.0 MiB RAM
[2026-07-16T10:04:21.124+0000] {subprocess.py:93} INFO - 26/07/16 10:04:21 INFO StandaloneAppClient$ClientEndpoint: Executor added: app-20260716100421-0017/2 on worker-20260716063602-172.18.0.6-33249 (172.18.0.6:33249) with 1 core(s)
[2026-07-16T10:04:21.125+0000] {subprocess.py:93} INFO - 26/07/16 10:04:21 INFO StandaloneSchedulerBackend: Granted executor ID app-20260716100421-0017/2 on hostPort 172.18.0.6:33249 with 1 core(s), 512.0 MiB RAM
[2026-07-16T10:04:21.132+0000] {subprocess.py:93} INFO - 26/07/16 10:04:21 INFO Utils: Successfully started service 'org.apache.spark.network.netty.NettyBlockTransferService' on port 43433.
[2026-07-16T10:04:21.134+0000] {subprocess.py:93} INFO - 26/07/16 10:04:21 INFO NettyBlockTransferService: Server created on 77d9adf1c036:43433
[2026-07-16T10:04:21.137+0000] {subprocess.py:93} INFO - 26/07/16 10:04:21 INFO BlockManager: Using org.apache.spark.storage.RandomBlockReplicationPolicy for block replication policy
[2026-07-16T10:04:21.147+0000] {subprocess.py:93} INFO - 26/07/16 10:04:21 INFO BlockManagerMaster: Registering BlockManager BlockManagerId(driver, 77d9adf1c036, 43433, None)
[2026-07-16T10:04:21.152+0000] {subprocess.py:93} INFO - 26/07/16 10:04:21 INFO BlockManagerMasterEndpoint: Registering block manager 77d9adf1c036:43433 with 434.4 MiB RAM, BlockManagerId(driver, 77d9adf1c036, 43433, None)
[2026-07-16T10:04:21.157+0000] {subprocess.py:93} INFO - 26/07/16 10:04:21 INFO BlockManagerMaster: Registered BlockManager BlockManagerId(driver, 77d9adf1c036, 43433, None)
[2026-07-16T10:04:21.160+0000] {subprocess.py:93} INFO - 26/07/16 10:04:21 INFO BlockManager: Initialized BlockManager: BlockManagerId(driver, 77d9adf1c036, 43433, None)
[2026-07-16T10:04:21.264+0000] {subprocess.py:93} INFO - 26/07/16 10:04:21 INFO StandaloneAppClient$ClientEndpoint: Executor updated: app-20260716100421-0017/1 is now RUNNING
[2026-07-16T10:04:21.278+0000] {subprocess.py:93} INFO - 26/07/16 10:04:21 INFO StandaloneAppClient$ClientEndpoint: Executor updated: app-20260716100421-0017/0 is now RUNNING
[2026-07-16T10:04:21.287+0000] {subprocess.py:93} INFO - 26/07/16 10:04:21 INFO StandaloneAppClient$ClientEndpoint: Executor updated: app-20260716100421-0017/2 is now RUNNING
[2026-07-16T10:04:21.642+0000] {subprocess.py:93} INFO - 26/07/16 10:04:21 INFO StandaloneSchedulerBackend: SchedulerBackend is ready for scheduling beginning after reached minRegisteredResourcesRatio: 0.0
[2026-07-16T10:04:42.216+0000] {subprocess.py:93} INFO - 26/07/16 10:04:42 WARN SparkStringUtils: Truncated the string representation of a plan since it was too large. This behavior can be adjusted by setting 'spark.sql.debug.maxToStringFields'.
[2026-07-16T10:05:23.160+0000] {subprocess.py:93} INFO - Gold table written: /opt/data/gold/daily_sales  (4 rows)
[2026-07-16T10:05:36.004+0000] {subprocess.py:93} INFO - Gold table written: /opt/data/gold/product_performance  (10 rows)
[2026-07-16T10:05:53.240+0000] {subprocess.py:93} INFO - Gold table written: /opt/data/gold/customer_orders  (5 rows)
[2026-07-16T10:05:53.242+0000] {subprocess.py:93} INFO - 
[2026-07-16T10:05:53.243+0000] {subprocess.py:93} INFO - Gold pipeline complete.
[2026-07-16T10:05:54.415+0000] {subprocess.py:97} INFO - Command exited with return code 0
[2026-07-16T10:05:54.418+0000] {taskinstance.py:441} INFO - ::group::Post task execution logs
[2026-07-16T10:05:54.474+0000] {taskinstance.py:1205} INFO - Marking task as SUCCESS. dag_id=e-commerce_kafka_streaming_pipeline_v1, task_id=run_gold, execution_date=20260716T090000, start_date=20260716T100415, end_date=20260716T100554
[2026-07-16T10:05:54.533+0000] {local_task_job_runner.py:240} INFO - Task exited with return code 0
[2026-07-16T10:05:54.573+0000] {taskinstance.py:3482} INFO - 1 downstream tasks scheduled from follow-on schedule check
[2026-07-16T10:05:54.579+0000] {local_task_job_runner.py:222} INFO - ::endgroup::
