[2026-07-17T08:29:52.850+0000] {local_task_job_runner.py:120} INFO - ::group::Pre task execution logs
[2026-07-17T08:29:52.893+0000] {taskinstance.py:2073} INFO - Dependencies all met for dep_context=non-requeueable deps ti=<TaskInstance: e-commerce_kafka_streaming_pipeline_v1.run_silver scheduled__2026-07-17T07:00:00+00:00 [queued]>
[2026-07-17T08:29:52.903+0000] {taskinstance.py:2073} INFO - Dependencies all met for dep_context=requeueable deps ti=<TaskInstance: e-commerce_kafka_streaming_pipeline_v1.run_silver scheduled__2026-07-17T07:00:00+00:00 [queued]>
[2026-07-17T08:29:52.905+0000] {taskinstance.py:2303} INFO - Starting attempt 1 of 2
[2026-07-17T08:29:52.928+0000] {taskinstance.py:2327} INFO - Executing <Task(BashOperator): run_silver> on 2026-07-17 07:00:00+00:00
[2026-07-17T08:29:52.942+0000] {standard_task_runner.py:90} INFO - Running: ['***', 'tasks', 'run', 'e-commerce_kafka_streaming_pipeline_v1', 'run_silver', 'scheduled__2026-07-17T07:00:00+00:00', '--job-id', '120', '--raw', '--subdir', 'DAGS_FOLDER/sdp_pipeline_dag.py', '--cfg-path', '/tmp/tmpejzlt80j']
[2026-07-17T08:29:52.945+0000] {standard_task_runner.py:91} INFO - Job 120: Subtask run_silver
[2026-07-17T08:29:52.968+0000] {logging_mixin.py:188} WARNING - /home/***/.local/lib/python3.12/site-packages/***/task/task_runner/standard_task_runner.py:61 DeprecationWarning: This process (pid=3576) is multi-threaded, use of fork() may lead to deadlocks in the child.
[2026-07-17T08:29:52.970+0000] {standard_task_runner.py:63} INFO - Started process 3577 to run task
[2026-07-17T08:29:53.031+0000] {task_command.py:426} INFO - Running <TaskInstance: e-commerce_kafka_streaming_pipeline_v1.run_silver scheduled__2026-07-17T07:00:00+00:00 [running]> on host da27550080bf
[2026-07-17T08:29:53.165+0000] {taskinstance.py:2644} INFO - Exporting env vars: AIRFLOW_CTX_DAG_OWNER='dev' AIRFLOW_CTX_DAG_ID='e-commerce_kafka_streaming_pipeline_v1' AIRFLOW_CTX_TASK_ID='run_silver' AIRFLOW_CTX_EXECUTION_DATE='2026-07-17T07:00:00+00:00' AIRFLOW_CTX_TRY_NUMBER='1' AIRFLOW_CTX_DAG_RUN_ID='scheduled__2026-07-17T07:00:00+00:00'
[2026-07-17T08:29:53.167+0000] {taskinstance.py:430} INFO - ::endgroup::
[2026-07-17T08:29:53.191+0000] {subprocess.py:63} INFO - Tmp dir root location: /tmp
[2026-07-17T08:29:53.196+0000] {subprocess.py:75} INFO - Running command: ['/usr/bin/bash', '-c', 'timeout 150s docker run --rm --network streaming_kafka_project_sdp-net --volume /d/Streaming_kafka_project/pipelines:/opt/pipelines --volume /d/Streaming_kafka_project/data:/opt/data --volume /d/Streaming_kafka_project/checkpoints:/opt/checkpoints --volume /d/Streaming_kafka_project/jars:/opt/jars apache/spark:3.5.1 /opt/spark/bin/spark-submit --master spark://sdp-spark-master:7077 --executor-cores 1 --executor-memory 512m --total-executor-cores 3 --jars /opt/jars/delta-spark_2.12-3.2.0.jar,/opt/jars/delta-storage-3.2.0.jar,/opt/jars/spark-sql-kafka-0-10_2.12-3.5.1.jar,/opt/jars/kafka-clients-3.4.1.jar,/opt/jars/spark-token-provider-kafka-0-10_2.12-3.5.1.jar,/opt/jars/commons-pool2-2.11.1.jar --conf spark.sql.extensions=io.delta.sql.DeltaSparkSessionExtension --conf spark.sql.catalog.spark_catalog=org.apache.spark.sql.delta.catalog.DeltaCatalog  /opt/pipelines/silver_runner.py']
[2026-07-17T08:29:53.226+0000] {subprocess.py:86} INFO - Output:
[2026-07-17T08:29:55.449+0000] {subprocess.py:93} INFO - 26/07/17 08:29:55 WARN NativeCodeLoader: Unable to load native-hadoop library for your platform... using builtin-java classes where applicable
[2026-07-17T08:29:56.350+0000] {subprocess.py:93} INFO - 26/07/17 08:29:56 INFO SparkContext: Running Spark version 3.5.1
[2026-07-17T08:29:56.351+0000] {subprocess.py:93} INFO - 26/07/17 08:29:56 INFO SparkContext: OS info Linux, 6.18.33.2-microsoft-standard-WSL2, amd64
[2026-07-17T08:29:56.353+0000] {subprocess.py:93} INFO - 26/07/17 08:29:56 INFO SparkContext: Java version 11.0.22
[2026-07-17T08:29:56.380+0000] {subprocess.py:93} INFO - 26/07/17 08:29:56 INFO ResourceUtils: ==============================================================
[2026-07-17T08:29:56.382+0000] {subprocess.py:93} INFO - 26/07/17 08:29:56 INFO ResourceUtils: No custom resources configured for spark.driver.
[2026-07-17T08:29:56.384+0000] {subprocess.py:93} INFO - 26/07/17 08:29:56 INFO ResourceUtils: ==============================================================
[2026-07-17T08:29:56.385+0000] {subprocess.py:93} INFO - 26/07/17 08:29:56 INFO SparkContext: Submitted application: SDP-Silver
[2026-07-17T08:29:56.405+0000] {subprocess.py:93} INFO - 26/07/17 08:29:56 INFO ResourceProfile: Default ResourceProfile created, executor resources: Map(cores -> name: cores, amount: 1, script: , vendor: , memory -> name: memory, amount: 512, script: , vendor: , offHeap -> name: offHeap, amount: 0, script: , vendor: ), task resources: Map(cpus -> name: cpus, amount: 1.0)
[2026-07-17T08:29:56.420+0000] {subprocess.py:93} INFO - 26/07/17 08:29:56 INFO ResourceProfile: Limiting resource is cpus at 1 tasks per executor
[2026-07-17T08:29:56.422+0000] {subprocess.py:93} INFO - 26/07/17 08:29:56 INFO ResourceProfileManager: Added ResourceProfile id: 0
[2026-07-17T08:29:56.476+0000] {subprocess.py:93} INFO - 26/07/17 08:29:56 INFO SecurityManager: Changing view acls to: spark
[2026-07-17T08:29:56.478+0000] {subprocess.py:93} INFO - 26/07/17 08:29:56 INFO SecurityManager: Changing modify acls to: spark
[2026-07-17T08:29:56.479+0000] {subprocess.py:93} INFO - 26/07/17 08:29:56 INFO SecurityManager: Changing view acls groups to:
[2026-07-17T08:29:56.479+0000] {subprocess.py:93} INFO - 26/07/17 08:29:56 INFO SecurityManager: Changing modify acls groups to:
[2026-07-17T08:29:56.480+0000] {subprocess.py:93} INFO - 26/07/17 08:29:56 INFO SecurityManager: SecurityManager: authentication disabled; ui acls disabled; users with view permissions: spark; groups with view permissions: EMPTY; users with modify permissions: spark; groups with modify permissions: EMPTY
[2026-07-17T08:29:56.730+0000] {subprocess.py:93} INFO - 26/07/17 08:29:56 INFO Utils: Successfully started service 'sparkDriver' on port 42543.
[2026-07-17T08:29:56.768+0000] {subprocess.py:93} INFO - 26/07/17 08:29:56 INFO SparkEnv: Registering MapOutputTracker
[2026-07-17T08:29:56.807+0000] {subprocess.py:93} INFO - 26/07/17 08:29:56 INFO SparkEnv: Registering BlockManagerMaster
[2026-07-17T08:29:56.824+0000] {subprocess.py:93} INFO - 26/07/17 08:29:56 INFO BlockManagerMasterEndpoint: Using org.apache.spark.storage.DefaultTopologyMapper for getting topology information
[2026-07-17T08:29:56.826+0000] {subprocess.py:93} INFO - 26/07/17 08:29:56 INFO BlockManagerMasterEndpoint: BlockManagerMasterEndpoint up
[2026-07-17T08:29:56.831+0000] {subprocess.py:93} INFO - 26/07/17 08:29:56 INFO SparkEnv: Registering BlockManagerMasterHeartbeat
[2026-07-17T08:29:56.852+0000] {subprocess.py:93} INFO - 26/07/17 08:29:56 INFO DiskBlockManager: Created local directory at /tmp/blockmgr-592332a1-3996-43e3-ace1-fd1b95272b2d
[2026-07-17T08:29:56.864+0000] {subprocess.py:93} INFO - 26/07/17 08:29:56 INFO MemoryStore: MemoryStore started with capacity 434.4 MiB
[2026-07-17T08:29:56.876+0000] {subprocess.py:93} INFO - 26/07/17 08:29:56 INFO SparkEnv: Registering OutputCommitCoordinator
[2026-07-17T08:29:57.013+0000] {subprocess.py:93} INFO - 26/07/17 08:29:57 INFO JettyUtils: Start Jetty 0.0.0.0:4040 for SparkUI
[2026-07-17T08:29:57.085+0000] {subprocess.py:93} INFO - 26/07/17 08:29:57 INFO Utils: Successfully started service 'SparkUI' on port 4040.
[2026-07-17T08:29:57.129+0000] {subprocess.py:93} INFO - 26/07/17 08:29:57 INFO SparkContext: Added JAR file:///opt/jars/delta-spark_2.12-3.2.0.jar at spark://2e6eccf06ad1:42543/jars/delta-spark_2.12-3.2.0.jar with timestamp 1784276996339
[2026-07-17T08:29:57.130+0000] {subprocess.py:93} INFO - 26/07/17 08:29:57 INFO SparkContext: Added JAR file:///opt/jars/delta-storage-3.2.0.jar at spark://2e6eccf06ad1:42543/jars/delta-storage-3.2.0.jar with timestamp 1784276996339
[2026-07-17T08:29:57.131+0000] {subprocess.py:93} INFO - 26/07/17 08:29:57 INFO SparkContext: Added JAR file:///opt/jars/spark-sql-kafka-0-10_2.12-3.5.1.jar at spark://2e6eccf06ad1:42543/jars/spark-sql-kafka-0-10_2.12-3.5.1.jar with timestamp 1784276996339
[2026-07-17T08:29:57.132+0000] {subprocess.py:93} INFO - 26/07/17 08:29:57 INFO SparkContext: Added JAR file:///opt/jars/kafka-clients-3.4.1.jar at spark://2e6eccf06ad1:42543/jars/kafka-clients-3.4.1.jar with timestamp 1784276996339
[2026-07-17T08:29:57.133+0000] {subprocess.py:93} INFO - 26/07/17 08:29:57 INFO SparkContext: Added JAR file:///opt/jars/spark-token-provider-kafka-0-10_2.12-3.5.1.jar at spark://2e6eccf06ad1:42543/jars/spark-token-provider-kafka-0-10_2.12-3.5.1.jar with timestamp 1784276996339
[2026-07-17T08:29:57.134+0000] {subprocess.py:93} INFO - 26/07/17 08:29:57 INFO SparkContext: Added JAR file:///opt/jars/commons-pool2-2.11.1.jar at spark://2e6eccf06ad1:42543/jars/commons-pool2-2.11.1.jar with timestamp 1784276996339
[2026-07-17T08:29:57.208+0000] {subprocess.py:93} INFO - 26/07/17 08:29:57 INFO StandaloneAppClient$ClientEndpoint: Connecting to master spark://sdp-spark-master:7077...
[2026-07-17T08:29:57.253+0000] {subprocess.py:93} INFO - 26/07/17 08:29:57 INFO TransportClientFactory: Successfully created connection to sdp-spark-master/172.18.0.4:7077 after 23 ms (0 ms spent in bootstraps)
[2026-07-17T08:29:57.337+0000] {subprocess.py:93} INFO - 26/07/17 08:29:57 INFO StandaloneSchedulerBackend: Connected to Spark cluster with app ID app-20260717082957-0057
[2026-07-17T08:29:57.339+0000] {subprocess.py:93} INFO - 26/07/17 08:29:57 INFO StandaloneAppClient$ClientEndpoint: Executor added: app-20260717082957-0057/0 on worker-20260716063602-172.18.0.6-33249 (172.18.0.6:33249) with 1 core(s)
[2026-07-17T08:29:57.340+0000] {subprocess.py:93} INFO - 26/07/17 08:29:57 INFO StandaloneSchedulerBackend: Granted executor ID app-20260717082957-0057/0 on hostPort 172.18.0.6:33249 with 1 core(s), 512.0 MiB RAM
[2026-07-17T08:29:57.342+0000] {subprocess.py:93} INFO - 26/07/17 08:29:57 INFO StandaloneAppClient$ClientEndpoint: Executor added: app-20260717082957-0057/1 on worker-20260716063602-172.18.0.6-33249 (172.18.0.6:33249) with 1 core(s)
[2026-07-17T08:29:57.344+0000] {subprocess.py:93} INFO - 26/07/17 08:29:57 INFO StandaloneSchedulerBackend: Granted executor ID app-20260717082957-0057/1 on hostPort 172.18.0.6:33249 with 1 core(s), 512.0 MiB RAM
[2026-07-17T08:29:57.345+0000] {subprocess.py:93} INFO - 26/07/17 08:29:57 INFO StandaloneAppClient$ClientEndpoint: Executor added: app-20260717082957-0057/2 on worker-20260716063602-172.18.0.5-44367 (172.18.0.5:44367) with 1 core(s)
[2026-07-17T08:29:57.346+0000] {subprocess.py:93} INFO - 26/07/17 08:29:57 INFO StandaloneSchedulerBackend: Granted executor ID app-20260717082957-0057/2 on hostPort 172.18.0.5:44367 with 1 core(s), 512.0 MiB RAM
[2026-07-17T08:29:57.351+0000] {subprocess.py:93} INFO - 26/07/17 08:29:57 INFO Utils: Successfully started service 'org.apache.spark.network.netty.NettyBlockTransferService' on port 46565.
[2026-07-17T08:29:57.353+0000] {subprocess.py:93} INFO - 26/07/17 08:29:57 INFO NettyBlockTransferService: Server created on 2e6eccf06ad1:46565
[2026-07-17T08:29:57.354+0000] {subprocess.py:93} INFO - 26/07/17 08:29:57 INFO BlockManager: Using org.apache.spark.storage.RandomBlockReplicationPolicy for block replication policy
[2026-07-17T08:29:57.361+0000] {subprocess.py:93} INFO - 26/07/17 08:29:57 INFO BlockManagerMaster: Registering BlockManager BlockManagerId(driver, 2e6eccf06ad1, 46565, None)
[2026-07-17T08:29:57.369+0000] {subprocess.py:93} INFO - 26/07/17 08:29:57 INFO BlockManagerMasterEndpoint: Registering block manager 2e6eccf06ad1:46565 with 434.4 MiB RAM, BlockManagerId(driver, 2e6eccf06ad1, 46565, None)
[2026-07-17T08:29:57.376+0000] {subprocess.py:93} INFO - 26/07/17 08:29:57 INFO BlockManagerMaster: Registered BlockManager BlockManagerId(driver, 2e6eccf06ad1, 46565, None)
[2026-07-17T08:29:57.380+0000] {subprocess.py:93} INFO - 26/07/17 08:29:57 INFO BlockManager: Initialized BlockManager: BlockManagerId(driver, 2e6eccf06ad1, 46565, None)
[2026-07-17T08:29:57.431+0000] {subprocess.py:93} INFO - 26/07/17 08:29:57 INFO StandaloneAppClient$ClientEndpoint: Executor updated: app-20260717082957-0057/0 is now RUNNING
[2026-07-17T08:29:57.437+0000] {subprocess.py:93} INFO - 26/07/17 08:29:57 INFO StandaloneAppClient$ClientEndpoint: Executor updated: app-20260717082957-0057/1 is now RUNNING
[2026-07-17T08:29:57.441+0000] {subprocess.py:93} INFO - 26/07/17 08:29:57 INFO StandaloneAppClient$ClientEndpoint: Executor updated: app-20260717082957-0057/2 is now RUNNING
[2026-07-17T08:29:57.872+0000] {subprocess.py:93} INFO - 26/07/17 08:29:57 INFO StandaloneSchedulerBackend: SchedulerBackend is ready for scheduling beginning after reached minRegisteredResourcesRatio: 0.0
[2026-07-17T08:29:58.572+0000] {subprocess.py:93} INFO - Starting silver stream: orders --->>  /opt/data/silver/orders
[2026-07-17T08:30:14.755+0000] {subprocess.py:93} INFO - 26/07/17 08:30:14 WARN ResolveWriteToStream: spark.sql.adaptive.enabled is not supported in streaming DataFrames/Datasets and will be disabled.
[2026-07-17T08:30:14.929+0000] {subprocess.py:93} INFO - Silver stream started: /opt/data/bronze/orders --->> /opt/data/silver/orders
[2026-07-17T08:30:14.937+0000] {subprocess.py:93} INFO - Starting silver stream: customers --->>  /opt/data/silver/customers
[2026-07-17T08:30:17.995+0000] {subprocess.py:93} INFO - 26/07/17 08:30:17 WARN ResolveWriteToStream: spark.sql.adaptive.enabled is not supported in streaming DataFrames/Datasets and will be disabled.
[2026-07-17T08:30:18.091+0000] {subprocess.py:93} INFO - Silver stream started: /opt/data/bronze/customers --->> /opt/data/silver/customers
[2026-07-17T08:30:18.111+0000] {subprocess.py:93} INFO - Starting silver stream: products --->>  /opt/data/silver/products
[2026-07-17T08:30:24.789+0000] {subprocess.py:93} INFO - 26/07/17 08:30:24 WARN ResolveWriteToStream: spark.sql.adaptive.enabled is not supported in streaming DataFrames/Datasets and will be disabled.
[2026-07-17T08:30:24.864+0000] {subprocess.py:93} INFO - Silver stream started: /opt/data/bronze/products --->> /opt/data/silver/products
[2026-07-17T08:31:59.156+0000] {subprocess.py:97} INFO - Command exited with return code 0
[2026-07-17T08:31:59.159+0000] {taskinstance.py:441} INFO - ::group::Post task execution logs
[2026-07-17T08:31:59.208+0000] {taskinstance.py:1205} INFO - Marking task as SUCCESS. dag_id=e-commerce_kafka_streaming_pipeline_v1, task_id=run_silver, execution_date=20260717T070000, start_date=20260717T082952, end_date=20260717T083159
[2026-07-17T08:31:59.273+0000] {local_task_job_runner.py:240} INFO - Task exited with return code 0
[2026-07-17T08:31:59.339+0000] {taskinstance.py:3482} INFO - 1 downstream tasks scheduled from follow-on schedule check
[2026-07-17T08:31:59.347+0000] {local_task_job_runner.py:222} INFO - ::endgroup::
