[2026-06-17T09:30:53.588+0000] {local_task_job_runner.py:120} INFO - ::group::Pre task execution logs
[2026-06-17T09:30:54.026+0000] {taskinstance.py:2073} INFO - Dependencies all met for dep_context=non-requeueable deps ti=<TaskInstance: e-commerce_kafka_streaming_pipeline_v10.run_bronze scheduled__2026-06-17T06:00:00+00:00 [queued]>
[2026-06-17T09:30:54.096+0000] {taskinstance.py:2073} INFO - Dependencies all met for dep_context=requeueable deps ti=<TaskInstance: e-commerce_kafka_streaming_pipeline_v10.run_bronze scheduled__2026-06-17T06:00:00+00:00 [queued]>
[2026-06-17T09:30:54.108+0000] {taskinstance.py:2303} INFO - Starting attempt 2 of 2
[2026-06-17T09:30:54.245+0000] {taskinstance.py:2327} INFO - Executing <Task(BashOperator): run_bronze> on 2026-06-17 06:00:00+00:00
[2026-06-17T09:30:54.297+0000] {standard_task_runner.py:90} INFO - Running: ['***', 'tasks', 'run', 'e-commerce_kafka_streaming_pipeline_v10', 'run_bronze', 'scheduled__2026-06-17T06:00:00+00:00', '--job-id', '52', '--raw', '--subdir', 'DAGS_FOLDER/sdp_pipeline_dag.py', '--cfg-path', '/tmp/tmpan2j65xx']
[2026-06-17T09:30:54.345+0000] {standard_task_runner.py:91} INFO - Job 52: Subtask run_bronze
[2026-06-17T09:30:54.593+0000] {logging_mixin.py:188} WARNING - /home/***/.local/lib/python3.12/site-packages/***/task/task_runner/standard_task_runner.py:61 DeprecationWarning: This process (pid=2963) is multi-threaded, use of fork() may lead to deadlocks in the child.
[2026-06-17T09:30:54.615+0000] {standard_task_runner.py:63} INFO - Started process 2966 to run task
[2026-06-17T09:30:54.780+0000] {task_command.py:426} INFO - Running <TaskInstance: e-commerce_kafka_streaming_pipeline_v10.run_bronze scheduled__2026-06-17T06:00:00+00:00 [running]> on host c5880b5b3b6f
[2026-06-17T09:30:55.300+0000] {taskinstance.py:2644} INFO - Exporting env vars: AIRFLOW_CTX_DAG_OWNER='dev' AIRFLOW_CTX_DAG_ID='e-commerce_kafka_streaming_pipeline_v10' AIRFLOW_CTX_TASK_ID='run_bronze' AIRFLOW_CTX_EXECUTION_DATE='2026-06-17T06:00:00+00:00' AIRFLOW_CTX_TRY_NUMBER='2' AIRFLOW_CTX_DAG_RUN_ID='scheduled__2026-06-17T06:00:00+00:00'
[2026-06-17T09:30:55.312+0000] {taskinstance.py:430} INFO - ::endgroup::
[2026-06-17T09:30:55.435+0000] {subprocess.py:63} INFO - Tmp dir root location: /tmp
[2026-06-17T09:30:55.449+0000] {subprocess.py:75} INFO - Running command: ['/usr/bin/bash', '-c', 'timeout 120s docker run --rm --network streaming_kafka_project_sdp-net --volume /d/Streaming_kafka_project/pipelines:/opt/pipelines --volume /d/Streaming_kafka_project/data:/opt/data --volume /d/Streaming_kafka_project/checkpoints:/opt/checkpoints --volume /d/Streaming_kafka_project/jars:/opt/jars apache/spark:3.5.1 /opt/spark/bin/spark-submit --master spark://sdp-spark-master:7077 --executor-cores 1 --executor-memory 512m --total-executor-cores 3 --jars /opt/jars/delta-spark_2.12-3.2.0.jar,/opt/jars/delta-storage-3.2.0.jar,/opt/jars/spark-sql-kafka-0-10_2.12-3.5.1.jar,/opt/jars/kafka-clients-3.4.1.jar,/opt/jars/spark-token-provider-kafka-0-10_2.12-3.5.1.jar,/opt/jars/commons-pool2-2.11.1.jar --conf spark.sql.extensions=io.delta.sql.DeltaSparkSessionExtension --conf spark.sql.catalog.spark_catalog=org.apache.spark.sql.delta.catalog.DeltaCatalog  /opt/pipelines/bronze_runner.py']
[2026-06-17T09:30:55.485+0000] {subprocess.py:86} INFO - Output:
[2026-06-17T09:31:04.734+0000] {subprocess.py:93} INFO - 26/06/17 09:31:04 WARN NativeCodeLoader: Unable to load native-hadoop library for your platform... using builtin-java classes where applicable
[2026-06-17T09:31:09.342+0000] {subprocess.py:93} INFO - 26/06/17 09:31:09 INFO SparkContext: Running Spark version 3.5.1
[2026-06-17T09:31:09.343+0000] {subprocess.py:93} INFO - 26/06/17 09:31:09 INFO SparkContext: OS info Linux, 6.6.114.1-microsoft-standard-WSL2, amd64
[2026-06-17T09:31:09.344+0000] {subprocess.py:93} INFO - 26/06/17 09:31:09 INFO SparkContext: Java version 11.0.22
[2026-06-17T09:31:09.476+0000] {subprocess.py:93} INFO - 26/06/17 09:31:09 INFO ResourceUtils: ==============================================================
[2026-06-17T09:31:09.491+0000] {subprocess.py:93} INFO - 26/06/17 09:31:09 INFO ResourceUtils: No custom resources configured for spark.driver.
[2026-06-17T09:31:09.492+0000] {subprocess.py:93} INFO - 26/06/17 09:31:09 INFO ResourceUtils: ==============================================================
[2026-06-17T09:31:09.494+0000] {subprocess.py:93} INFO - 26/06/17 09:31:09 INFO SparkContext: Submitted application: SDP-Bronze
[2026-06-17T09:31:09.580+0000] {subprocess.py:93} INFO - 26/06/17 09:31:09 INFO ResourceProfile: Default ResourceProfile created, executor resources: Map(cores -> name: cores, amount: 1, script: , vendor: , memory -> name: memory, amount: 512, script: , vendor: , offHeap -> name: offHeap, amount: 0, script: , vendor: ), task resources: Map(cpus -> name: cpus, amount: 1.0)
[2026-06-17T09:31:09.635+0000] {subprocess.py:93} INFO - 26/06/17 09:31:09 INFO ResourceProfile: Limiting resource is cpus at 1 tasks per executor
[2026-06-17T09:31:09.652+0000] {subprocess.py:93} INFO - 26/06/17 09:31:09 INFO ResourceProfileManager: Added ResourceProfile id: 0
[2026-06-17T09:31:09.901+0000] {subprocess.py:93} INFO - 26/06/17 09:31:09 INFO SecurityManager: Changing view acls to: spark
[2026-06-17T09:31:09.902+0000] {subprocess.py:93} INFO - 26/06/17 09:31:09 INFO SecurityManager: Changing modify acls to: spark
[2026-06-17T09:31:09.904+0000] {subprocess.py:93} INFO - 26/06/17 09:31:09 INFO SecurityManager: Changing view acls groups to:
[2026-06-17T09:31:09.905+0000] {subprocess.py:93} INFO - 26/06/17 09:31:09 INFO SecurityManager: Changing modify acls groups to:
[2026-06-17T09:31:09.906+0000] {subprocess.py:93} INFO - 26/06/17 09:31:09 INFO SecurityManager: SecurityManager: authentication disabled; ui acls disabled; users with view permissions: spark; groups with view permissions: EMPTY; users with modify permissions: spark; groups with modify permissions: EMPTY
[2026-06-17T09:31:11.702+0000] {subprocess.py:93} INFO - 26/06/17 09:31:11 INFO Utils: Successfully started service 'sparkDriver' on port 37191.
[2026-06-17T09:31:12.205+0000] {subprocess.py:93} INFO - 26/06/17 09:31:12 INFO SparkEnv: Registering MapOutputTracker
[2026-06-17T09:31:12.860+0000] {subprocess.py:93} INFO - 26/06/17 09:31:12 INFO SparkEnv: Registering BlockManagerMaster
[2026-06-17T09:31:13.089+0000] {subprocess.py:93} INFO - 26/06/17 09:31:13 INFO BlockManagerMasterEndpoint: Using org.apache.spark.storage.DefaultTopologyMapper for getting topology information
[2026-06-17T09:31:13.150+0000] {subprocess.py:93} INFO - 26/06/17 09:31:13 INFO BlockManagerMasterEndpoint: BlockManagerMasterEndpoint up
[2026-06-17T09:31:13.158+0000] {subprocess.py:93} INFO - 26/06/17 09:31:13 INFO SparkEnv: Registering BlockManagerMasterHeartbeat
[2026-06-17T09:31:13.514+0000] {subprocess.py:93} INFO - 26/06/17 09:31:13 INFO DiskBlockManager: Created local directory at /tmp/blockmgr-8d646db8-fbd5-4684-9b71-10d3e547eefa
[2026-06-17T09:31:13.746+0000] {subprocess.py:93} INFO - 26/06/17 09:31:13 INFO MemoryStore: MemoryStore started with capacity 434.4 MiB
[2026-06-17T09:31:13.925+0000] {subprocess.py:93} INFO - 26/06/17 09:31:13 INFO SparkEnv: Registering OutputCommitCoordinator
[2026-06-17T09:31:16.217+0000] {subprocess.py:93} INFO - 26/06/17 09:31:16 INFO JettyUtils: Start Jetty 0.0.0.0:4040 for SparkUI
[2026-06-17T09:31:16.622+0000] {subprocess.py:93} INFO - 26/06/17 09:31:16 INFO Utils: Successfully started service 'SparkUI' on port 4040.
[2026-06-17T09:31:16.833+0000] {subprocess.py:93} INFO - 26/06/17 09:31:16 INFO SparkContext: Added JAR file:///opt/jars/delta-spark_2.12-3.2.0.jar at spark://7703ef175bcd:37191/jars/delta-spark_2.12-3.2.0.jar with timestamp 1781688669268
[2026-06-17T09:31:16.846+0000] {subprocess.py:93} INFO - 26/06/17 09:31:16 INFO SparkContext: Added JAR file:///opt/jars/delta-storage-3.2.0.jar at spark://7703ef175bcd:37191/jars/delta-storage-3.2.0.jar with timestamp 1781688669268
[2026-06-17T09:31:16.858+0000] {subprocess.py:93} INFO - 26/06/17 09:31:16 INFO SparkContext: Added JAR file:///opt/jars/spark-sql-kafka-0-10_2.12-3.5.1.jar at spark://7703ef175bcd:37191/jars/spark-sql-kafka-0-10_2.12-3.5.1.jar with timestamp 1781688669268
[2026-06-17T09:31:16.878+0000] {subprocess.py:93} INFO - 26/06/17 09:31:16 INFO SparkContext: Added JAR file:///opt/jars/kafka-clients-3.4.1.jar at spark://7703ef175bcd:37191/jars/kafka-clients-3.4.1.jar with timestamp 1781688669268
[2026-06-17T09:31:16.893+0000] {subprocess.py:93} INFO - 26/06/17 09:31:16 INFO SparkContext: Added JAR file:///opt/jars/spark-token-provider-kafka-0-10_2.12-3.5.1.jar at spark://7703ef175bcd:37191/jars/spark-token-provider-kafka-0-10_2.12-3.5.1.jar with timestamp 1781688669268
[2026-06-17T09:31:16.908+0000] {subprocess.py:93} INFO - 26/06/17 09:31:16 INFO SparkContext: Added JAR file:///opt/jars/commons-pool2-2.11.1.jar at spark://7703ef175bcd:37191/jars/commons-pool2-2.11.1.jar with timestamp 1781688669268
[2026-06-17T09:31:18.107+0000] {subprocess.py:93} INFO - 26/06/17 09:31:18 INFO StandaloneAppClient$ClientEndpoint: Connecting to master spark://sdp-spark-master:7077...
[2026-06-17T09:31:19.337+0000] {subprocess.py:93} INFO - 26/06/17 09:31:19 INFO TransportClientFactory: Successfully created connection to sdp-spark-master/172.18.0.3:7077 after 638 ms (0 ms spent in bootstraps)
[2026-06-17T09:31:20.436+0000] {subprocess.py:93} INFO - 26/06/17 09:31:20 INFO StandaloneSchedulerBackend: Connected to Spark cluster with app ID app-20260617093120-0030
[2026-06-17T09:31:20.446+0000] {subprocess.py:93} INFO - 26/06/17 09:31:20 INFO StandaloneAppClient$ClientEndpoint: Executor added: app-20260617093120-0030/0 on worker-20260616111838-172.18.0.5-35429 (172.18.0.5:35429) with 1 core(s)
[2026-06-17T09:31:20.473+0000] {subprocess.py:93} INFO - 26/06/17 09:31:20 INFO StandaloneSchedulerBackend: Granted executor ID app-20260617093120-0030/0 on hostPort 172.18.0.5:35429 with 1 core(s), 512.0 MiB RAM
[2026-06-17T09:31:20.484+0000] {subprocess.py:93} INFO - 26/06/17 09:31:20 INFO StandaloneAppClient$ClientEndpoint: Executor added: app-20260617093120-0030/1 on worker-20260616111838-172.18.0.5-35429 (172.18.0.5:35429) with 1 core(s)
[2026-06-17T09:31:20.497+0000] {subprocess.py:93} INFO - 26/06/17 09:31:20 INFO StandaloneSchedulerBackend: Granted executor ID app-20260617093120-0030/1 on hostPort 172.18.0.5:35429 with 1 core(s), 512.0 MiB RAM
[2026-06-17T09:31:20.503+0000] {subprocess.py:93} INFO - 26/06/17 09:31:20 INFO StandaloneAppClient$ClientEndpoint: Executor added: app-20260617093120-0030/2 on worker-20260616111838-172.18.0.6-45657 (172.18.0.6:45657) with 1 core(s)
[2026-06-17T09:31:20.529+0000] {subprocess.py:93} INFO - 26/06/17 09:31:20 INFO StandaloneSchedulerBackend: Granted executor ID app-20260617093120-0030/2 on hostPort 172.18.0.6:45657 with 1 core(s), 512.0 MiB RAM
[2026-06-17T09:31:20.554+0000] {subprocess.py:93} INFO - 26/06/17 09:31:20 INFO Utils: Successfully started service 'org.apache.spark.network.netty.NettyBlockTransferService' on port 40297.
[2026-06-17T09:31:20.560+0000] {subprocess.py:93} INFO - 26/06/17 09:31:20 INFO NettyBlockTransferService: Server created on 7703ef175bcd:40297
[2026-06-17T09:31:20.567+0000] {subprocess.py:93} INFO - 26/06/17 09:31:20 INFO BlockManager: Using org.apache.spark.storage.RandomBlockReplicationPolicy for block replication policy
[2026-06-17T09:31:20.631+0000] {subprocess.py:93} INFO - 26/06/17 09:31:20 INFO BlockManagerMaster: Registering BlockManager BlockManagerId(driver, 7703ef175bcd, 40297, None)
[2026-06-17T09:31:20.675+0000] {subprocess.py:93} INFO - 26/06/17 09:31:20 INFO BlockManagerMasterEndpoint: Registering block manager 7703ef175bcd:40297 with 434.4 MiB RAM, BlockManagerId(driver, 7703ef175bcd, 40297, None)
[2026-06-17T09:31:20.731+0000] {subprocess.py:93} INFO - 26/06/17 09:31:20 INFO BlockManagerMaster: Registered BlockManager BlockManagerId(driver, 7703ef175bcd, 40297, None)
[2026-06-17T09:31:20.753+0000] {subprocess.py:93} INFO - 26/06/17 09:31:20 INFO BlockManager: Initialized BlockManager: BlockManagerId(driver, 7703ef175bcd, 40297, None)
[2026-06-17T09:31:20.834+0000] {subprocess.py:93} INFO - 26/06/17 09:31:20 INFO StandaloneAppClient$ClientEndpoint: Executor updated: app-20260617093120-0030/2 is now RUNNING
[2026-06-17T09:31:20.908+0000] {subprocess.py:93} INFO - 26/06/17 09:31:20 INFO StandaloneAppClient$ClientEndpoint: Executor updated: app-20260617093120-0030/0 is now RUNNING
[2026-06-17T09:31:21.152+0000] {subprocess.py:93} INFO - 26/06/17 09:31:21 INFO StandaloneAppClient$ClientEndpoint: Executor updated: app-20260617093120-0030/1 is now RUNNING
[2026-06-17T09:31:22.377+0000] {subprocess.py:93} INFO - 26/06/17 09:31:22 INFO StandaloneSchedulerBackend: SchedulerBackend is ready for scheduling beginning after reached minRegisteredResourcesRatio: 0.0
[2026-06-17T09:31:27.987+0000] {subprocess.py:93} INFO - Starting stream: orders -> /opt/data/bronze/orders
[2026-06-17T09:32:50.390+0000] {subprocess.py:93} INFO - 26/06/17 09:32:50 WARN ResolveWriteToStream: spark.sql.adaptive.enabled is not supported in streaming DataFrames/Datasets and will be disabled.
[2026-06-17T09:32:51.596+0000] {subprocess.py:93} INFO - Starting stream: customers -> /opt/data/bronze/customers
[2026-06-17T09:32:56.442+0000] {subprocess.py:93} INFO - Traceback (most recent call last):
[2026-06-17T09:32:56.444+0000] {subprocess.py:93} INFO -   File "/opt/pipelines/bronze_runner.py", line 62, in <module>
[2026-06-17T09:32:56.457+0000] {subprocess.py:93} INFO -     bronze_df.writeStream
[2026-06-17T09:32:56.459+0000] {subprocess.py:93} INFO -   File "/opt/spark/python/lib/pyspark.zip/pyspark/sql/streaming/readwriter.py", line 1527, in start
[2026-06-17T09:32:56.461+0000] {subprocess.py:93} INFO -   File "/opt/spark/python/lib/py4j-0.10.9.7-src.zip/py4j/java_gateway.py", line 1322, in __call__
[2026-06-17T09:32:56.463+0000] {subprocess.py:93} INFO -   File "/opt/spark/python/lib/pyspark.zip/pyspark/errors/exceptions/captured.py", line 179, in deco
[2026-06-17T09:32:56.464+0000] {subprocess.py:93} INFO -   File "/opt/spark/python/lib/py4j-0.10.9.7-src.zip/py4j/protocol.py", line 326, in get_return_value
[2026-06-17T09:32:56.508+0000] {subprocess.py:93} INFO - py4j.protocol.Py4JJavaError: An error occurred while calling o66.start.
[2026-06-17T09:32:56.509+0000] {subprocess.py:93} INFO - : java.lang.IllegalStateException: Cannot call methods on a stopped SparkContext.
[2026-06-17T09:32:56.513+0000] {subprocess.py:93} INFO - This stopped SparkContext was created at:
[2026-06-17T09:32:56.514+0000] {subprocess.py:93} INFO - 
[2026-06-17T09:32:56.517+0000] {subprocess.py:93} INFO - org.apache.spark.api.java.JavaSparkContext.<init>(JavaSparkContext.scala:58)
[2026-06-17T09:32:56.521+0000] {subprocess.py:93} INFO - java.base/jdk.internal.reflect.NativeConstructorAccessorImpl.newInstance0(Native Method)
[2026-06-17T09:32:56.524+0000] {subprocess.py:93} INFO - java.base/jdk.internal.reflect.NativeConstructorAccessorImpl.newInstance(Unknown Source)
[2026-06-17T09:32:56.530+0000] {subprocess.py:93} INFO - java.base/jdk.internal.reflect.DelegatingConstructorAccessorImpl.newInstance(Unknown Source)
[2026-06-17T09:32:56.532+0000] {subprocess.py:93} INFO - java.base/java.lang.reflect.Constructor.newInstance(Unknown Source)
[2026-06-17T09:32:56.534+0000] {subprocess.py:93} INFO - py4j.reflection.MethodInvoker.invoke(MethodInvoker.java:247)
[2026-06-17T09:32:56.535+0000] {subprocess.py:93} INFO - py4j.reflection.ReflectionEngine.invoke(ReflectionEngine.java:374)
[2026-06-17T09:32:56.542+0000] {subprocess.py:93} INFO - py4j.Gateway.invoke(Gateway.java:238)
[2026-06-17T09:32:56.543+0000] {subprocess.py:93} INFO - py4j.commands.ConstructorCommand.invokeConstructor(ConstructorCommand.java:80)
[2026-06-17T09:32:56.544+0000] {subprocess.py:93} INFO - py4j.commands.ConstructorCommand.execute(ConstructorCommand.java:69)
[2026-06-17T09:32:56.547+0000] {subprocess.py:93} INFO - py4j.ClientServerConnection.waitForCommands(ClientServerConnection.java:182)
[2026-06-17T09:32:56.548+0000] {subprocess.py:93} INFO - py4j.ClientServerConnection.run(ClientServerConnection.java:106)
[2026-06-17T09:32:56.549+0000] {subprocess.py:93} INFO - java.base/java.lang.Thread.run(Unknown Source)
[2026-06-17T09:32:56.551+0000] {subprocess.py:93} INFO - 
[2026-06-17T09:32:56.552+0000] {subprocess.py:93} INFO - The currently active SparkContext was created at:
[2026-06-17T09:32:56.554+0000] {subprocess.py:93} INFO - 
[2026-06-17T09:32:56.557+0000] {subprocess.py:93} INFO - org.apache.spark.api.java.JavaSparkContext.<init>(JavaSparkContext.scala:58)
[2026-06-17T09:32:56.558+0000] {subprocess.py:93} INFO - java.base/jdk.internal.reflect.NativeConstructorAccessorImpl.newInstance0(Native Method)
[2026-06-17T09:32:56.559+0000] {subprocess.py:93} INFO - java.base/jdk.internal.reflect.NativeConstructorAccessorImpl.newInstance(Unknown Source)
[2026-06-17T09:32:56.561+0000] {subprocess.py:93} INFO - java.base/jdk.internal.reflect.DelegatingConstructorAccessorImpl.newInstance(Unknown Source)
[2026-06-17T09:32:56.566+0000] {subprocess.py:93} INFO - java.base/java.lang.reflect.Constructor.newInstance(Unknown Source)
[2026-06-17T09:32:56.568+0000] {subprocess.py:93} INFO - py4j.reflection.MethodInvoker.invoke(MethodInvoker.java:247)
[2026-06-17T09:32:56.569+0000] {subprocess.py:93} INFO - py4j.reflection.ReflectionEngine.invoke(ReflectionEngine.java:374)
[2026-06-17T09:32:56.570+0000] {subprocess.py:93} INFO - py4j.Gateway.invoke(Gateway.java:238)
[2026-06-17T09:32:56.571+0000] {subprocess.py:93} INFO - py4j.commands.ConstructorCommand.invokeConstructor(ConstructorCommand.java:80)
[2026-06-17T09:32:56.574+0000] {subprocess.py:93} INFO - py4j.commands.ConstructorCommand.execute(ConstructorCommand.java:69)
[2026-06-17T09:32:56.575+0000] {subprocess.py:93} INFO - py4j.ClientServerConnection.waitForCommands(ClientServerConnection.java:182)
[2026-06-17T09:32:56.578+0000] {subprocess.py:93} INFO - py4j.ClientServerConnection.run(ClientServerConnection.java:106)
[2026-06-17T09:32:56.580+0000] {subprocess.py:93} INFO - java.base/java.lang.Thread.run(Unknown Source)
[2026-06-17T09:32:56.581+0000] {subprocess.py:93} INFO - 
[2026-06-17T09:32:56.582+0000] {subprocess.py:93} INFO - 	at org.apache.spark.SparkContext.assertNotStopped(SparkContext.scala:122)
[2026-06-17T09:32:56.584+0000] {subprocess.py:93} INFO - 	at org.apache.spark.SparkContext.defaultParallelism(SparkContext.scala:2707)
[2026-06-17T09:32:56.585+0000] {subprocess.py:93} INFO - 	at org.apache.spark.sql.SparkSession.$anonfun$leafNodeDefaultParallelism$1(SparkSession.scala:906)
[2026-06-17T09:32:56.586+0000] {subprocess.py:93} INFO - 	at scala.runtime.java8.JFunction0$mcI$sp.apply(JFunction0$mcI$sp.java:23)
[2026-06-17T09:32:56.587+0000] {subprocess.py:93} INFO - 	at scala.Option.getOrElse(Option.scala:189)
[2026-06-17T09:32:56.589+0000] {subprocess.py:93} INFO - 	at org.apache.spark.sql.SparkSession.leafNodeDefaultParallelism(SparkSession.scala:906)
[2026-06-17T09:32:56.594+0000] {subprocess.py:93} INFO - 	at org.apache.spark.sql.execution.datasources.FilePartition$.$anonfun$maxSplitBytes$1(FilePartition.scala:115)
[2026-06-17T09:32:56.595+0000] {subprocess.py:93} INFO - 	at scala.runtime.java8.JFunction0$mcI$sp.apply(JFunction0$mcI$sp.java:23)
[2026-06-17T09:32:56.597+0000] {subprocess.py:93} INFO - 	at scala.Option.getOrElse(Option.scala:189)
[2026-06-17T09:32:56.598+0000] {subprocess.py:93} INFO - 	at org.apache.spark.sql.execution.datasources.FilePartition$.maxSplitBytes(FilePartition.scala:115)
[2026-06-17T09:32:56.600+0000] {subprocess.py:93} INFO - 	at org.apache.spark.sql.execution.FileSourceScanExec.createReadRDD(DataSourceScanExec.scala:676)
[2026-06-17T09:32:56.601+0000] {subprocess.py:93} INFO - 	at org.apache.spark.sql.execution.FileSourceScanExec.inputRDD$lzycompute(DataSourceScanExec.scala:553)
[2026-06-17T09:32:56.602+0000] {subprocess.py:93} INFO - 	at org.apache.spark.sql.execution.FileSourceScanExec.inputRDD(DataSourceScanExec.scala:537)
[2026-06-17T09:32:56.604+0000] {subprocess.py:93} INFO - 	at org.apache.spark.sql.execution.FileSourceScanExec.doExecute(DataSourceScanExec.scala:575)
[2026-06-17T09:32:56.605+0000] {subprocess.py:93} INFO - 	at org.apache.spark.sql.execution.SparkPlan.$anonfun$execute$1(SparkPlan.scala:195)
[2026-06-17T09:32:56.607+0000] {subprocess.py:93} INFO - 	at org.apache.spark.sql.execution.SparkPlan.$anonfun$executeQuery$1(SparkPlan.scala:246)
[2026-06-17T09:32:56.609+0000] {subprocess.py:93} INFO - 	at org.apache.spark.rdd.RDDOperationScope$.withScope(RDDOperationScope.scala:151)
[2026-06-17T09:32:56.610+0000] {subprocess.py:93} INFO - 	at org.apache.spark.sql.execution.SparkPlan.executeQuery(SparkPlan.scala:243)
[2026-06-17T09:32:56.612+0000] {subprocess.py:93} INFO - 	at org.apache.spark.sql.execution.SparkPlan.execute(SparkPlan.scala:191)
[2026-06-17T09:32:56.613+0000] {subprocess.py:93} INFO - 	at org.apache.spark.sql.execution.InputAdapter.inputRDD(WholeStageCodegenExec.scala:527)
[2026-06-17T09:32:56.614+0000] {subprocess.py:93} INFO - 	at org.apache.spark.sql.execution.InputRDDCodegen.inputRDDs(WholeStageCodegenExec.scala:455)
[2026-06-17T09:32:56.615+0000] {subprocess.py:93} INFO - 	at org.apache.spark.sql.execution.InputRDDCodegen.inputRDDs$(WholeStageCodegenExec.scala:454)
[2026-06-17T09:32:56.616+0000] {subprocess.py:93} INFO - 	at org.apache.spark.sql.execution.InputAdapter.inputRDDs(WholeStageCodegenExec.scala:498)
[2026-06-17T09:32:56.618+0000] {subprocess.py:93} INFO - 	at org.apache.spark.sql.execution.FilterExec.inputRDDs(basicPhysicalOperators.scala:242)
[2026-06-17T09:32:56.622+0000] {subprocess.py:93} INFO - 	at org.apache.spark.sql.execution.ProjectExec.inputRDDs(basicPhysicalOperators.scala:51)
[2026-06-17T09:32:56.624+0000] {subprocess.py:93} INFO - 	at org.apache.spark.sql.execution.WholeStageCodegenExec.doExecute(WholeStageCodegenExec.scala:751)
[2026-06-17T09:32:56.626+0000] {subprocess.py:93} INFO - 	at org.apache.spark.sql.execution.SparkPlan.$anonfun$execute$1(SparkPlan.scala:195)
[2026-06-17T09:32:56.628+0000] {subprocess.py:93} INFO - 	at org.apache.spark.sql.execution.SparkPlan.$anonfun$executeQuery$1(SparkPlan.scala:246)
[2026-06-17T09:32:56.630+0000] {subprocess.py:93} INFO - 	at org.apache.spark.rdd.RDDOperationScope$.withScope(RDDOperationScope.scala:151)
[2026-06-17T09:32:56.631+0000] {subprocess.py:93} INFO - 	at org.apache.spark.sql.execution.SparkPlan.executeQuery(SparkPlan.scala:243)
[2026-06-17T09:32:56.632+0000] {subprocess.py:93} INFO - 	at org.apache.spark.sql.execution.SparkPlan.execute(SparkPlan.scala:191)
[2026-06-17T09:32:56.634+0000] {subprocess.py:93} INFO - 	at org.apache.spark.sql.execution.SparkPlan.getByteArrayRdd(SparkPlan.scala:364)
[2026-06-17T09:32:56.637+0000] {subprocess.py:93} INFO - 	at org.apache.spark.sql.execution.SparkPlan.executeCollect(SparkPlan.scala:445)
[2026-06-17T09:32:56.638+0000] {subprocess.py:93} INFO - 	at org.apache.spark.sql.Dataset.collectFromPlan(Dataset.scala:4332)
[2026-06-17T09:32:56.646+0000] {subprocess.py:93} INFO - 	at org.apache.spark.sql.Dataset.$anonfun$collect$1(Dataset.scala:3573)
[2026-06-17T09:32:56.647+0000] {subprocess.py:93} INFO - 	at org.apache.spark.sql.Dataset.$anonfun$withAction$2(Dataset.scala:4322)
[2026-06-17T09:32:56.648+0000] {subprocess.py:93} INFO - 	at org.apache.spark.sql.execution.QueryExecution$.withInternalError(QueryExecution.scala:546)
[2026-06-17T09:32:56.649+0000] {subprocess.py:93} INFO - 	at org.apache.spark.sql.Dataset.$anonfun$withAction$1(Dataset.scala:4320)
[2026-06-17T09:32:56.651+0000] {subprocess.py:93} INFO - 	at org.apache.spark.sql.execution.SQLExecution$.$anonfun$withNewExecutionId$6(SQLExecution.scala:125)
[2026-06-17T09:32:56.652+0000] {subprocess.py:93} INFO - 	at org.apache.spark.sql.execution.SQLExecution$.withSQLConfPropagated(SQLExecution.scala:201)
[2026-06-17T09:32:56.653+0000] {subprocess.py:93} INFO - 	at org.apache.spark.sql.execution.SQLExecution$.$anonfun$withNewExecutionId$1(SQLExecution.scala:108)
[2026-06-17T09:32:56.660+0000] {subprocess.py:93} INFO - 	at org.apache.spark.sql.SparkSession.withActive(SparkSession.scala:900)
[2026-06-17T09:32:56.661+0000] {subprocess.py:93} INFO - 	at org.apache.spark.sql.execution.SQLExecution$.withNewExecutionId(SQLExecution.scala:66)
[2026-06-17T09:32:56.664+0000] {subprocess.py:93} INFO - 	at org.apache.spark.sql.Dataset.withAction(Dataset.scala:4320)
[2026-06-17T09:32:56.666+0000] {subprocess.py:93} INFO - 	at org.apache.spark.sql.Dataset.collect(Dataset.scala:3573)
[2026-06-17T09:32:56.667+0000] {subprocess.py:93} INFO - 	at org.apache.spark.sql.delta.Snapshot.protocolMetadataAndICTReconstruction(Snapshot.scala:309)
[2026-06-17T09:32:56.668+0000] {subprocess.py:93} INFO - 	at org.apache.spark.sql.delta.Snapshot._reconstructedProtocolMetadataAndICT$lzycompute(Snapshot.scala:203)
[2026-06-17T09:32:56.669+0000] {subprocess.py:93} INFO - 	at org.apache.spark.sql.delta.Snapshot._reconstructedProtocolMetadataAndICT(Snapshot.scala:196)
[2026-06-17T09:32:56.670+0000] {subprocess.py:93} INFO - 	at org.apache.spark.sql.delta.Snapshot.metadata(Snapshot.scala:278)
[2026-06-17T09:32:56.671+0000] {subprocess.py:93} INFO - 	at org.apache.spark.sql.delta.managedcommit.CommitOwnerProvider$.getTableCommitOwner(CommitOwnerClient.scala:212)
[2026-06-17T09:32:56.672+0000] {subprocess.py:93} INFO - 	at org.apache.spark.sql.delta.Snapshot.initializeTableCommitOwner(Snapshot.scala:237)
[2026-06-17T09:32:56.673+0000] {subprocess.py:93} INFO - 	at org.apache.spark.sql.delta.Snapshot.<init>(Snapshot.scala:235)
[2026-06-17T09:32:56.675+0000] {subprocess.py:93} INFO - 	at org.apache.spark.sql.delta.SnapshotManagement.$anonfun$createSnapshot$2(SnapshotManagement.scala:634)
[2026-06-17T09:32:56.676+0000] {subprocess.py:93} INFO - 	at org.apache.spark.sql.delta.SnapshotManagement.createSnapshotFromGivenOrEquivalentLogSegment(SnapshotManagement.scala:796)
[2026-06-17T09:32:56.678+0000] {subprocess.py:93} INFO - 	at org.apache.spark.sql.delta.SnapshotManagement.createSnapshotFromGivenOrEquivalentLogSegment$(SnapshotManagement.scala:782)
[2026-06-17T09:32:56.682+0000] {subprocess.py:93} INFO - 	at org.apache.spark.sql.delta.DeltaLog.createSnapshotFromGivenOrEquivalentLogSegment(DeltaLog.scala:74)
[2026-06-17T09:32:56.684+0000] {subprocess.py:93} INFO - 	at org.apache.spark.sql.delta.SnapshotManagement.createSnapshot(SnapshotManagement.scala:627)
[2026-06-17T09:32:56.685+0000] {subprocess.py:93} INFO - 	at org.apache.spark.sql.delta.SnapshotManagement.createSnapshot$(SnapshotManagement.scala:618)
[2026-06-17T09:32:56.688+0000] {subprocess.py:93} INFO - 	at org.apache.spark.sql.delta.DeltaLog.createSnapshot(DeltaLog.scala:74)
[2026-06-17T09:32:56.689+0000] {subprocess.py:93} INFO - 	at org.apache.spark.sql.delta.SnapshotManagement.$anonfun$getSnapshotForLogSegmentInternal$1(SnapshotManagement.scala:1043)
[2026-06-17T09:32:56.690+0000] {subprocess.py:93} INFO - 	at scala.Option.map(Option.scala:230)
[2026-06-17T09:32:56.691+0000] {subprocess.py:93} INFO - 	at org.apache.spark.sql.delta.SnapshotManagement.getSnapshotForLogSegmentInternal(SnapshotManagement.scala:1036)
[2026-06-17T09:32:56.692+0000] {subprocess.py:93} INFO - 	at org.apache.spark.sql.delta.SnapshotManagement.getSnapshotForLogSegmentInternal$(SnapshotManagement.scala:1031)
[2026-06-17T09:32:56.693+0000] {subprocess.py:93} INFO - 	at org.apache.spark.sql.delta.DeltaLog.getSnapshotForLogSegmentInternal(DeltaLog.scala:74)
[2026-06-17T09:32:56.694+0000] {subprocess.py:93} INFO - 	at org.apache.spark.sql.delta.SnapshotManagement.getUpdatedSnapshot(SnapshotManagement.scala:1012)
[2026-06-17T09:32:56.695+0000] {subprocess.py:93} INFO - 	at org.apache.spark.sql.delta.SnapshotManagement.getUpdatedSnapshot$(SnapshotManagement.scala:1003)
[2026-06-17T09:32:56.699+0000] {subprocess.py:93} INFO - 	at org.apache.spark.sql.delta.DeltaLog.getUpdatedSnapshot(DeltaLog.scala:74)
[2026-06-17T09:32:56.700+0000] {subprocess.py:93} INFO - 	at org.apache.spark.sql.delta.SnapshotManagement.$anonfun$getSnapshotAtInit$2(SnapshotManagement.scala:583)
[2026-06-17T09:32:56.701+0000] {subprocess.py:93} INFO - 	at org.apache.spark.sql.delta.metering.DeltaLogging.recordFrameProfile(DeltaLogging.scala:168)
[2026-06-17T09:32:56.704+0000] {subprocess.py:93} INFO - 	at org.apache.spark.sql.delta.metering.DeltaLogging.recordFrameProfile$(DeltaLogging.scala:166)
[2026-06-17T09:32:56.705+0000] {subprocess.py:93} INFO - 	at org.apache.spark.sql.delta.DeltaLog.recordFrameProfile(DeltaLog.scala:74)
[2026-06-17T09:32:56.706+0000] {subprocess.py:93} INFO - 	at org.apache.spark.sql.delta.SnapshotManagement.$anonfun$getSnapshotAtInit$1(SnapshotManagement.scala:573)
[2026-06-17T09:32:56.707+0000] {subprocess.py:93} INFO - 	at org.apache.spark.sql.delta.SnapshotManagement.withSnapshotLockInterruptibly(SnapshotManagement.scala:78)
[2026-06-17T09:32:56.709+0000] {subprocess.py:93} INFO - 	at org.apache.spark.sql.delta.SnapshotManagement.withSnapshotLockInterruptibly$(SnapshotManagement.scala:75)
[2026-06-17T09:32:56.710+0000] {subprocess.py:93} INFO - 	at org.apache.spark.sql.delta.DeltaLog.withSnapshotLockInterruptibly(DeltaLog.scala:74)
[2026-06-17T09:32:56.717+0000] {subprocess.py:93} INFO - 	at org.apache.spark.sql.delta.SnapshotManagement.getSnapshotAtInit(SnapshotManagement.scala:573)
[2026-06-17T09:32:56.719+0000] {subprocess.py:93} INFO - 	at org.apache.spark.sql.delta.SnapshotManagement.getSnapshotAtInit$(SnapshotManagement.scala:572)
[2026-06-17T09:32:56.721+0000] {subprocess.py:93} INFO - 	at org.apache.spark.sql.delta.DeltaLog.getSnapshotAtInit(DeltaLog.scala:74)
[2026-06-17T09:32:56.722+0000] {subprocess.py:93} INFO - 	at org.apache.spark.sql.delta.SnapshotManagement.$init$(SnapshotManagement.scala:69)
[2026-06-17T09:32:56.727+0000] {subprocess.py:93} INFO - 	at org.apache.spark.sql.delta.DeltaLog.<init>(DeltaLog.scala:80)
[2026-06-17T09:32:56.728+0000] {subprocess.py:93} INFO - 	at org.apache.spark.sql.delta.DeltaLog$.$anonfun$apply$4(DeltaLog.scala:853)
[2026-06-17T09:32:56.729+0000] {subprocess.py:93} INFO - 	at org.apache.spark.sql.catalyst.plans.logical.AnalysisHelper$.allowInvokingTransformsInAnalyzer(AnalysisHelper.scala:323)
[2026-06-17T09:32:56.730+0000] {subprocess.py:93} INFO - 	at org.apache.spark.sql.delta.DeltaLog$.$anonfun$apply$3(DeltaLog.scala:848)
[2026-06-17T09:32:56.731+0000] {subprocess.py:93} INFO - 	at org.apache.spark.sql.delta.metering.DeltaLogging.recordFrameProfile(DeltaLogging.scala:168)
[2026-06-17T09:32:56.732+0000] {subprocess.py:93} INFO - 	at org.apache.spark.sql.delta.metering.DeltaLogging.recordFrameProfile$(DeltaLogging.scala:166)
[2026-06-17T09:32:56.737+0000] {subprocess.py:93} INFO - 	at org.apache.spark.sql.delta.DeltaLog$.recordFrameProfile(DeltaLog.scala:651)
[2026-06-17T09:32:56.740+0000] {subprocess.py:93} INFO - 	at org.apache.spark.sql.delta.metering.DeltaLogging.$anonfun$recordDeltaOperationInternal$1(DeltaLogging.scala:136)
[2026-06-17T09:32:56.744+0000] {subprocess.py:93} INFO - 	at com.databricks.spark.util.DatabricksLogging.recordOperation(DatabricksLogging.scala:128)
[2026-06-17T09:32:56.745+0000] {subprocess.py:93} INFO - 	at com.databricks.spark.util.DatabricksLogging.recordOperation$(DatabricksLogging.scala:117)
[2026-06-17T09:32:56.746+0000] {subprocess.py:93} INFO - 	at org.apache.spark.sql.delta.DeltaLog$.recordOperation(DeltaLog.scala:651)
[2026-06-17T09:32:56.747+0000] {subprocess.py:93} INFO - 	at org.apache.spark.sql.delta.metering.DeltaLogging.recordDeltaOperationInternal(DeltaLogging.scala:135)
[2026-06-17T09:32:56.749+0000] {subprocess.py:93} INFO - 	at org.apache.spark.sql.delta.metering.DeltaLogging.recordDeltaOperation(DeltaLogging.scala:125)
[2026-06-17T09:32:56.751+0000] {subprocess.py:93} INFO - 	at org.apache.spark.sql.delta.metering.DeltaLogging.recordDeltaOperation$(DeltaLogging.scala:115)
[2026-06-17T09:32:56.753+0000] {subprocess.py:93} INFO - 	at org.apache.spark.sql.delta.DeltaLog$.recordDeltaOperation(DeltaLog.scala:651)
[2026-06-17T09:32:56.754+0000] {subprocess.py:93} INFO - 	at org.apache.spark.sql.delta.DeltaLog$.createDeltaLog$1(DeltaLog.scala:847)
[2026-06-17T09:32:56.755+0000] {subprocess.py:93} INFO - 	at org.apache.spark.sql.delta.DeltaLog$.$anonfun$apply$5(DeltaLog.scala:866)
[2026-06-17T09:32:56.756+0000] {subprocess.py:93} INFO - 	at com.google.common.cache.LocalCache$LocalManualCache$1.load(LocalCache.java:4792)
[2026-06-17T09:32:56.757+0000] {subprocess.py:93} INFO - 	at com.google.common.cache.LocalCache$LoadingValueReference.loadFuture(LocalCache.java:3599)
[2026-06-17T09:32:56.758+0000] {subprocess.py:93} INFO - 	at com.google.common.cache.LocalCache$Segment.loadSync(LocalCache.java:2379)
[2026-06-17T09:32:56.759+0000] {subprocess.py:93} INFO - 	at com.google.common.cache.LocalCache$Segment.lockedGetOrLoad(LocalCache.java:2342)
[2026-06-17T09:32:56.760+0000] {subprocess.py:93} INFO - 	at com.google.common.cache.LocalCache$Segment.get(LocalCache.java:2257)
[2026-06-17T09:32:56.761+0000] {subprocess.py:93} INFO - 	at com.google.common.cache.LocalCache.get(LocalCache.java:4000)
[2026-06-17T09:32:56.762+0000] {subprocess.py:93} INFO - 	at com.google.common.cache.LocalCache$LocalManualCache.get(LocalCache.java:4789)
[2026-06-17T09:32:56.763+0000] {subprocess.py:93} INFO - 	at org.apache.spark.sql.delta.DeltaLog$.getDeltaLogFromCache$1(DeltaLog.scala:865)
[2026-06-17T09:32:56.763+0000] {subprocess.py:93} INFO - 	at org.apache.spark.sql.delta.DeltaLog$.apply(DeltaLog.scala:875)
[2026-06-17T09:32:56.764+0000] {subprocess.py:93} INFO - 	at org.apache.spark.sql.delta.DeltaLog$.apply(DeltaLog.scala:784)
[2026-06-17T09:32:56.765+0000] {subprocess.py:93} INFO - 	at org.apache.spark.sql.delta.DeltaLog$.forTable(DeltaLog.scala:746)
[2026-06-17T09:32:56.770+0000] {subprocess.py:93} INFO - 	at org.apache.spark.sql.delta.sources.DeltaSink.<init>(DeltaSink.scala:54)
[2026-06-17T09:32:56.772+0000] {subprocess.py:93} INFO - 	at org.apache.spark.sql.delta.sources.DeltaDataSource.createSink(DeltaDataSource.scala:174)
[2026-06-17T09:32:56.773+0000] {subprocess.py:93} INFO - 	at org.apache.spark.sql.execution.datasources.DataSource.createSink(DataSource.scala:313)
[2026-06-17T09:32:56.775+0000] {subprocess.py:93} INFO - 	at org.apache.spark.sql.streaming.DataStreamWriter.createV1Sink(DataStreamWriter.scala:442)
[2026-06-17T09:32:56.777+0000] {subprocess.py:93} INFO - 	at org.apache.spark.sql.streaming.DataStreamWriter.startInternal(DataStreamWriter.scala:404)
[2026-06-17T09:32:56.778+0000] {subprocess.py:93} INFO - 	at org.apache.spark.sql.streaming.DataStreamWriter.start(DataStreamWriter.scala:251)
[2026-06-17T09:32:56.779+0000] {subprocess.py:93} INFO - 	at java.base/jdk.internal.reflect.NativeMethodAccessorImpl.invoke0(Native Method)
[2026-06-17T09:32:56.780+0000] {subprocess.py:93} INFO - 	at java.base/jdk.internal.reflect.NativeMethodAccessorImpl.invoke(Unknown Source)
[2026-06-17T09:32:56.781+0000] {subprocess.py:93} INFO - 	at java.base/jdk.internal.reflect.DelegatingMethodAccessorImpl.invoke(Unknown Source)
[2026-06-17T09:32:56.782+0000] {subprocess.py:93} INFO - 	at java.base/java.lang.reflect.Method.invoke(Unknown Source)
[2026-06-17T09:32:56.783+0000] {subprocess.py:93} INFO - 	at py4j.reflection.MethodInvoker.invoke(MethodInvoker.java:244)
[2026-06-17T09:32:56.785+0000] {subprocess.py:93} INFO - 	at py4j.reflection.ReflectionEngine.invoke(ReflectionEngine.java:374)
[2026-06-17T09:32:56.787+0000] {subprocess.py:93} INFO - 	at py4j.Gateway.invoke(Gateway.java:282)
[2026-06-17T09:32:56.788+0000] {subprocess.py:93} INFO - 	at py4j.commands.AbstractCommand.invokeMethod(AbstractCommand.java:132)
[2026-06-17T09:32:56.789+0000] {subprocess.py:93} INFO - 	at py4j.commands.CallCommand.execute(CallCommand.java:79)
[2026-06-17T09:32:56.790+0000] {subprocess.py:93} INFO - 	at py4j.ClientServerConnection.waitForCommands(ClientServerConnection.java:182)
[2026-06-17T09:32:56.791+0000] {subprocess.py:93} INFO - 	at py4j.ClientServerConnection.run(ClientServerConnection.java:106)
[2026-06-17T09:32:56.792+0000] {subprocess.py:93} INFO - 	at java.base/java.lang.Thread.run(Unknown Source)
[2026-06-17T09:32:56.794+0000] {subprocess.py:93} INFO - 
[2026-06-17T09:32:57.803+0000] {subprocess.py:97} INFO - Command exited with return code 124
[2026-06-17T09:32:57.817+0000] {taskinstance.py:441} INFO - ::group::Post task execution logs
[2026-06-17T09:32:57.911+0000] {taskinstance.py:2890} ERROR - Task failed with exception
Traceback (most recent call last):
  File "/home/airflow/.local/lib/python3.12/site-packages/airflow/models/taskinstance.py", line 465, in _execute_task
    result = _execute_callable(context=context, **execute_callable_kwargs)
             ^^^^^^^^^^^^^^^^^^^^^^^^^^^^^^^^^^^^^^^^^^^^^^^^^^^^^^^^^^^^^
  File "/home/airflow/.local/lib/python3.12/site-packages/airflow/models/taskinstance.py", line 432, in _execute_callable
    return execute_callable(context=context, **execute_callable_kwargs)
           ^^^^^^^^^^^^^^^^^^^^^^^^^^^^^^^^^^^^^^^^^^^^^^^^^^^^^^^^^^^^
  File "/home/airflow/.local/lib/python3.12/site-packages/airflow/models/baseoperator.py", line 400, in wrapper
    return func(self, *args, **kwargs)
           ^^^^^^^^^^^^^^^^^^^^^^^^^^^
  File "/home/airflow/.local/lib/python3.12/site-packages/airflow/operators/bash.py", line 243, in execute
    raise AirflowException(
airflow.exceptions.AirflowException: Bash command failed. The command returned a non-zero exit code 124.
[2026-06-17T09:32:57.935+0000] {taskinstance.py:1205} INFO - Marking task as FAILED. dag_id=e-commerce_kafka_streaming_pipeline_v10, task_id=run_bronze, execution_date=20260617T060000, start_date=20260617T093054, end_date=20260617T093257
[2026-06-17T09:32:57.999+0000] {standard_task_runner.py:110} ERROR - Failed to execute job 52 for task run_bronze (Bash command failed. The command returned a non-zero exit code 124.; 2966)
[2026-06-17T09:32:58.089+0000] {local_task_job_runner.py:240} INFO - Task exited with return code 1
[2026-06-17T09:32:58.282+0000] {taskinstance.py:3482} INFO - 0 downstream tasks scheduled from follow-on schedule check
[2026-06-17T09:32:58.307+0000] {local_task_job_runner.py:222} INFO - ::endgroup::
