[2026-07-15T11:37:16.233+0000] {local_task_job_runner.py:120} INFO - ::group::Pre task execution logs
[2026-07-15T11:37:16.272+0000] {taskinstance.py:2073} INFO - Dependencies all met for dep_context=non-requeueable deps ti=<TaskInstance: e-commerce_kafka_streaming_pipeline_v1.produce_messages manual__2026-07-15T11:37:15.628177+00:00 [queued]>
[2026-07-15T11:37:16.282+0000] {taskinstance.py:2073} INFO - Dependencies all met for dep_context=requeueable deps ti=<TaskInstance: e-commerce_kafka_streaming_pipeline_v1.produce_messages manual__2026-07-15T11:37:15.628177+00:00 [queued]>
[2026-07-15T11:37:16.283+0000] {taskinstance.py:2303} INFO - Starting attempt 1 of 2
[2026-07-15T11:37:16.297+0000] {taskinstance.py:2327} INFO - Executing <Task(BashOperator): produce_messages> on 2026-07-15 11:37:15.628177+00:00
[2026-07-15T11:37:16.307+0000] {standard_task_runner.py:90} INFO - Running: ['***', 'tasks', 'run', 'e-commerce_kafka_streaming_pipeline_v1', 'produce_messages', 'manual__2026-07-15T11:37:15.628177+00:00', '--job-id', '29', '--raw', '--subdir', 'DAGS_FOLDER/sdp_pipeline_dag.py', '--cfg-path', '/tmp/tmpy9d15uqb']
[2026-07-15T11:37:16.311+0000] {standard_task_runner.py:91} INFO - Job 29: Subtask produce_messages
[2026-07-15T11:37:16.311+0000] {logging_mixin.py:188} WARNING - /home/***/.local/lib/python3.12/site-packages/***/task/task_runner/standard_task_runner.py:61 DeprecationWarning: This process (pid=4073) is multi-threaded, use of fork() may lead to deadlocks in the child.
[2026-07-15T11:37:16.313+0000] {standard_task_runner.py:63} INFO - Started process 4074 to run task
[2026-07-15T11:37:16.382+0000] {task_command.py:426} INFO - Running <TaskInstance: e-commerce_kafka_streaming_pipeline_v1.produce_messages manual__2026-07-15T11:37:15.628177+00:00 [running]> on host 6d7ac32de880
[2026-07-15T11:37:16.462+0000] {taskinstance.py:2644} INFO - Exporting env vars: AIRFLOW_CTX_DAG_OWNER='dev' AIRFLOW_CTX_DAG_ID='e-commerce_kafka_streaming_pipeline_v1' AIRFLOW_CTX_TASK_ID='produce_messages' AIRFLOW_CTX_EXECUTION_DATE='2026-07-15T11:37:15.628177+00:00' AIRFLOW_CTX_TRY_NUMBER='1' AIRFLOW_CTX_DAG_RUN_ID='manual__2026-07-15T11:37:15.628177+00:00'
[2026-07-15T11:37:16.463+0000] {taskinstance.py:430} INFO - ::endgroup::
[2026-07-15T11:37:16.478+0000] {subprocess.py:63} INFO - Tmp dir root location: /tmp
[2026-07-15T11:37:16.481+0000] {subprocess.py:75} INFO - Running command: ['/usr/bin/bash', '-c', 'python3 /opt/pipelines/api_to_kafka.py']
[2026-07-15T11:37:16.491+0000] {subprocess.py:86} INFO - Output:
[2026-07-15T11:37:18.924+0000] {subprocess.py:93} INFO - Published 7 records to topic 'orders'
[2026-07-15T11:37:18.925+0000] {subprocess.py:93} INFO - Published 10 records to topic 'customers'
[2026-07-15T11:37:18.927+0000] {subprocess.py:93} INFO - Published 20 records to topic 'products'
[2026-07-15T11:37:18.987+0000] {subprocess.py:97} INFO - Command exited with return code 0
[2026-07-15T11:37:18.989+0000] {taskinstance.py:441} INFO - ::group::Post task execution logs
[2026-07-15T11:37:19.014+0000] {taskinstance.py:1205} INFO - Marking task as SUCCESS. dag_id=e-commerce_kafka_streaming_pipeline_v1, task_id=produce_messages, execution_date=20260715T113715, start_date=20260715T113716, end_date=20260715T113719
[2026-07-15T11:37:19.057+0000] {local_task_job_runner.py:240} INFO - Task exited with return code 0
[2026-07-15T11:37:19.086+0000] {taskinstance.py:3482} INFO - 1 downstream tasks scheduled from follow-on schedule check
[2026-07-15T11:37:19.090+0000] {local_task_job_runner.py:222} INFO - ::endgroup::
