[2026-07-15T12:58:36.003+0000] {local_task_job_runner.py:120} INFO - ::group::Pre task execution logs
[2026-07-15T12:58:36.147+0000] {taskinstance.py:2073} INFO - Dependencies all met for dep_context=non-requeueable deps ti=<TaskInstance: e-commerce_kafka_streaming_pipeline_v1.produce_messages manual__2026-07-15T11:37:15.628177+00:00 [queued]>
[2026-07-15T12:58:36.183+0000] {taskinstance.py:2073} INFO - Dependencies all met for dep_context=requeueable deps ti=<TaskInstance: e-commerce_kafka_streaming_pipeline_v1.produce_messages manual__2026-07-15T11:37:15.628177+00:00 [queued]>
[2026-07-15T12:58:36.191+0000] {taskinstance.py:2303} INFO - Starting attempt 2 of 3
[2026-07-15T12:58:36.227+0000] {taskinstance.py:2327} INFO - Executing <Task(BashOperator): produce_messages> on 2026-07-15 11:37:15.628177+00:00
[2026-07-15T12:58:36.261+0000] {logging_mixin.py:188} WARNING - /home/***/.local/lib/python3.12/site-packages/***/task/task_runner/standard_task_runner.py:61 DeprecationWarning: This process (pid=1942) is multi-threaded, use of fork() may lead to deadlocks in the child.
[2026-07-15T12:58:36.264+0000] {standard_task_runner.py:63} INFO - Started process 1943 to run task
[2026-07-15T12:58:36.254+0000] {standard_task_runner.py:90} INFO - Running: ['***', 'tasks', 'run', 'e-commerce_kafka_streaming_pipeline_v1', 'produce_messages', 'manual__2026-07-15T11:37:15.628177+00:00', '--job-id', '58', '--raw', '--subdir', 'DAGS_FOLDER/sdp_pipeline_dag.py', '--cfg-path', '/tmp/tmpn82ke5tu']
[2026-07-15T12:58:36.267+0000] {standard_task_runner.py:91} INFO - Job 58: Subtask produce_messages
[2026-07-15T12:58:36.395+0000] {task_command.py:426} INFO - Running <TaskInstance: e-commerce_kafka_streaming_pipeline_v1.produce_messages manual__2026-07-15T11:37:15.628177+00:00 [running]> on host 6d7ac32de880
[2026-07-15T12:58:36.651+0000] {taskinstance.py:2644} INFO - Exporting env vars: AIRFLOW_CTX_DAG_OWNER='dev' AIRFLOW_CTX_DAG_ID='e-commerce_kafka_streaming_pipeline_v1' AIRFLOW_CTX_TASK_ID='produce_messages' AIRFLOW_CTX_EXECUTION_DATE='2026-07-15T11:37:15.628177+00:00' AIRFLOW_CTX_TRY_NUMBER='2' AIRFLOW_CTX_DAG_RUN_ID='manual__2026-07-15T11:37:15.628177+00:00'
[2026-07-15T12:58:36.655+0000] {taskinstance.py:430} INFO - ::endgroup::
[2026-07-15T12:58:36.706+0000] {subprocess.py:63} INFO - Tmp dir root location: /tmp
[2026-07-15T12:58:36.712+0000] {subprocess.py:75} INFO - Running command: ['/usr/bin/bash', '-c', 'python3 /opt/pipelines/api_to_kafka.py']
[2026-07-15T12:58:36.751+0000] {subprocess.py:86} INFO - Output:
[2026-07-15T12:58:40.459+0000] {subprocess.py:93} INFO - Published 7 records to topic 'orders'
[2026-07-15T12:58:40.463+0000] {subprocess.py:93} INFO - Published 10 records to topic 'customers'
[2026-07-15T12:58:40.465+0000] {subprocess.py:93} INFO - Published 20 records to topic 'products'
[2026-07-15T12:58:40.596+0000] {subprocess.py:97} INFO - Command exited with return code 0
[2026-07-15T12:58:40.600+0000] {taskinstance.py:441} INFO - ::group::Post task execution logs
[2026-07-15T12:58:40.644+0000] {taskinstance.py:1205} INFO - Marking task as SUCCESS. dag_id=e-commerce_kafka_streaming_pipeline_v1, task_id=produce_messages, execution_date=20260715T113715, start_date=20260715T125836, end_date=20260715T125840
[2026-07-15T12:58:40.696+0000] {local_task_job_runner.py:240} INFO - Task exited with return code 0
[2026-07-15T12:58:40.746+0000] {taskinstance.py:3482} INFO - 1 downstream tasks scheduled from follow-on schedule check
[2026-07-15T12:58:40.760+0000] {local_task_job_runner.py:222} INFO - ::endgroup::
