[2026-06-16T11:23:31.781+0000] {local_task_job_runner.py:120} INFO - ::group::Pre task execution logs
[2026-06-16T11:23:31.918+0000] {taskinstance.py:2073} INFO - Dependencies all met for dep_context=non-requeueable deps ti=<TaskInstance: e-commerce_kafka_streaming_pipeline_v10.produce_messages scheduled__2026-06-16T10:00:00+00:00 [queued]>
[2026-06-16T11:23:31.939+0000] {taskinstance.py:2073} INFO - Dependencies all met for dep_context=requeueable deps ti=<TaskInstance: e-commerce_kafka_streaming_pipeline_v10.produce_messages scheduled__2026-06-16T10:00:00+00:00 [queued]>
[2026-06-16T11:23:31.940+0000] {taskinstance.py:2303} INFO - Starting attempt 1 of 2
[2026-06-16T11:23:31.998+0000] {taskinstance.py:2327} INFO - Executing <Task(BashOperator): produce_messages> on 2026-06-16 10:00:00+00:00
[2026-06-16T11:23:32.023+0000] {standard_task_runner.py:90} INFO - Running: ['***', 'tasks', 'run', 'e-commerce_kafka_streaming_pipeline_v10', 'produce_messages', 'scheduled__2026-06-16T10:00:00+00:00', '--job-id', '4', '--raw', '--subdir', 'DAGS_FOLDER/sdp_pipeline_dag.py', '--cfg-path', '/tmp/tmp1hefxkhy']
[2026-06-16T11:23:32.037+0000] {standard_task_runner.py:91} INFO - Job 4: Subtask produce_messages
[2026-06-16T11:23:32.044+0000] {logging_mixin.py:188} WARNING - /home/***/.local/lib/python3.12/site-packages/***/task/task_runner/standard_task_runner.py:61 DeprecationWarning: This process (pid=211) is multi-threaded, use of fork() may lead to deadlocks in the child.
[2026-06-16T11:23:32.046+0000] {standard_task_runner.py:63} INFO - Started process 214 to run task
[2026-06-16T11:23:32.220+0000] {task_command.py:426} INFO - Running <TaskInstance: e-commerce_kafka_streaming_pipeline_v10.produce_messages scheduled__2026-06-16T10:00:00+00:00 [running]> on host c5880b5b3b6f
[2026-06-16T11:23:32.471+0000] {taskinstance.py:2644} INFO - Exporting env vars: AIRFLOW_CTX_DAG_OWNER='dev' AIRFLOW_CTX_DAG_ID='e-commerce_kafka_streaming_pipeline_v10' AIRFLOW_CTX_TASK_ID='produce_messages' AIRFLOW_CTX_EXECUTION_DATE='2026-06-16T10:00:00+00:00' AIRFLOW_CTX_TRY_NUMBER='1' AIRFLOW_CTX_DAG_RUN_ID='scheduled__2026-06-16T10:00:00+00:00'
[2026-06-16T11:23:32.473+0000] {taskinstance.py:430} INFO - ::endgroup::
[2026-06-16T11:23:32.642+0000] {subprocess.py:63} INFO - Tmp dir root location: /tmp
[2026-06-16T11:23:32.649+0000] {subprocess.py:75} INFO - Running command: ['/usr/bin/bash', '-c', 'python3 /opt/pipelines/api_to_kafka.py']
[2026-06-16T11:23:32.698+0000] {subprocess.py:86} INFO - Output:
[2026-06-16T11:23:41.206+0000] {subprocess.py:93} INFO - Published 7 records to topic 'orders'
[2026-06-16T11:23:41.209+0000] {subprocess.py:93} INFO - Published 10 records to topic 'customers'
[2026-06-16T11:23:41.210+0000] {subprocess.py:93} INFO - Published 20 records to topic 'products'
[2026-06-16T11:23:41.330+0000] {subprocess.py:97} INFO - Command exited with return code 0
[2026-06-16T11:23:41.334+0000] {taskinstance.py:441} INFO - ::group::Post task execution logs
[2026-06-16T11:23:41.382+0000] {taskinstance.py:1205} INFO - Marking task as SUCCESS. dag_id=e-commerce_kafka_streaming_pipeline_v10, task_id=produce_messages, execution_date=20260616T100000, start_date=20260616T112331, end_date=20260616T112341
[2026-06-16T11:23:41.452+0000] {local_task_job_runner.py:240} INFO - Task exited with return code 0
[2026-06-16T11:23:41.522+0000] {taskinstance.py:3482} INFO - 1 downstream tasks scheduled from follow-on schedule check
[2026-06-16T11:23:41.526+0000] {local_task_job_runner.py:222} INFO - ::endgroup::
[2026-06-16T11:30:30.118+0000] {local_task_job_runner.py:120} INFO - ::group::Pre task execution logs
[2026-06-16T11:30:30.276+0000] {taskinstance.py:2073} INFO - Dependencies all met for dep_context=non-requeueable deps ti=<TaskInstance: e-commerce_kafka_streaming_pipeline_v10.produce_messages scheduled__2026-06-16T10:00:00+00:00 [queued]>
[2026-06-16T11:30:30.297+0000] {taskinstance.py:2073} INFO - Dependencies all met for dep_context=requeueable deps ti=<TaskInstance: e-commerce_kafka_streaming_pipeline_v10.produce_messages scheduled__2026-06-16T10:00:00+00:00 [queued]>
[2026-06-16T11:30:30.299+0000] {taskinstance.py:2303} INFO - Starting attempt 1 of 2
[2026-06-16T11:30:30.337+0000] {taskinstance.py:2327} INFO - Executing <Task(BashOperator): produce_messages> on 2026-06-16 10:00:00+00:00
[2026-06-16T11:30:30.358+0000] {standard_task_runner.py:90} INFO - Running: ['***', 'tasks', 'run', 'e-commerce_kafka_streaming_pipeline_v10', 'produce_messages', 'scheduled__2026-06-16T10:00:00+00:00', '--job-id', '10', '--raw', '--subdir', 'DAGS_FOLDER/sdp_pipeline_dag.py', '--cfg-path', '/tmp/tmplk4vc8yi']
[2026-06-16T11:30:30.376+0000] {standard_task_runner.py:91} INFO - Job 10: Subtask produce_messages
[2026-06-16T11:30:30.377+0000] {logging_mixin.py:188} WARNING - /home/***/.local/lib/python3.12/site-packages/***/task/task_runner/standard_task_runner.py:61 DeprecationWarning: This process (pid=342) is multi-threaded, use of fork() may lead to deadlocks in the child.
[2026-06-16T11:30:30.382+0000] {standard_task_runner.py:63} INFO - Started process 343 to run task
[2026-06-16T11:30:30.493+0000] {task_command.py:426} INFO - Running <TaskInstance: e-commerce_kafka_streaming_pipeline_v10.produce_messages scheduled__2026-06-16T10:00:00+00:00 [running]> on host c5880b5b3b6f
[2026-06-16T11:30:30.659+0000] {taskinstance.py:2644} INFO - Exporting env vars: AIRFLOW_CTX_DAG_OWNER='dev' AIRFLOW_CTX_DAG_ID='e-commerce_kafka_streaming_pipeline_v10' AIRFLOW_CTX_TASK_ID='produce_messages' AIRFLOW_CTX_EXECUTION_DATE='2026-06-16T10:00:00+00:00' AIRFLOW_CTX_TRY_NUMBER='1' AIRFLOW_CTX_DAG_RUN_ID='scheduled__2026-06-16T10:00:00+00:00'
[2026-06-16T11:30:30.660+0000] {taskinstance.py:430} INFO - ::endgroup::
[2026-06-16T11:30:30.688+0000] {subprocess.py:63} INFO - Tmp dir root location: /tmp
[2026-06-16T11:30:30.691+0000] {subprocess.py:75} INFO - Running command: ['/usr/bin/bash', '-c', 'python3 /opt/pipelines/api_to_kafka.py']
[2026-06-16T11:30:30.706+0000] {subprocess.py:86} INFO - Output:
[2026-06-16T11:30:34.718+0000] {subprocess.py:93} INFO - Published 7 records to topic 'orders'
[2026-06-16T11:30:34.722+0000] {subprocess.py:93} INFO - Published 10 records to topic 'customers'
[2026-06-16T11:30:34.729+0000] {subprocess.py:93} INFO - Published 20 records to topic 'products'
[2026-06-16T11:30:34.949+0000] {subprocess.py:97} INFO - Command exited with return code 0
[2026-06-16T11:30:34.954+0000] {taskinstance.py:441} INFO - ::group::Post task execution logs
[2026-06-16T11:30:35.068+0000] {taskinstance.py:1205} INFO - Marking task as SUCCESS. dag_id=e-commerce_kafka_streaming_pipeline_v10, task_id=produce_messages, execution_date=20260616T100000, start_date=20260616T113030, end_date=20260616T113035
[2026-06-16T11:30:35.161+0000] {local_task_job_runner.py:240} INFO - Task exited with return code 0
[2026-06-16T11:30:35.296+0000] {taskinstance.py:3482} INFO - 1 downstream tasks scheduled from follow-on schedule check
[2026-06-16T11:30:35.302+0000] {local_task_job_runner.py:222} INFO - ::endgroup::
