[2026-07-15T11:53:52.669+0000] {local_task_job_runner.py:120} INFO - ::group::Pre task execution logs
[2026-07-15T11:53:52.723+0000] {taskinstance.py:2073} INFO - Dependencies all met for dep_context=non-requeueable deps ti=<TaskInstance: e-commerce_kafka_streaming_pipeline_v1.run_silver manual__2026-07-15T11:51:45.274940+00:00 [queued]>
[2026-07-15T11:53:52.738+0000] {taskinstance.py:2073} INFO - Dependencies all met for dep_context=requeueable deps ti=<TaskInstance: e-commerce_kafka_streaming_pipeline_v1.run_silver manual__2026-07-15T11:51:45.274940+00:00 [queued]>
[2026-07-15T11:53:52.740+0000] {taskinstance.py:2303} INFO - Starting attempt 1 of 2
[2026-07-15T11:53:52.762+0000] {taskinstance.py:2327} INFO - Executing <Task(BashOperator): run_silver> on 2026-07-15 11:51:45.274940+00:00
[2026-07-15T11:53:52.773+0000] {standard_task_runner.py:90} INFO - Running: ['***', 'tasks', 'run', 'e-commerce_kafka_streaming_pipeline_v1', 'run_silver', 'manual__2026-07-15T11:51:45.274940+00:00', '--job-id', '37', '--raw', '--subdir', 'DAGS_FOLDER/sdp_pipeline_dag.py', '--cfg-path', '/tmp/tmprzlta7l2']
[2026-07-15T11:53:52.777+0000] {standard_task_runner.py:91} INFO - Job 37: Subtask run_silver
[2026-07-15T11:53:52.793+0000] {logging_mixin.py:188} WARNING - /home/***/.local/lib/python3.12/site-packages/***/task/task_runner/standard_task_runner.py:61 DeprecationWarning: This process (pid=4940) is multi-threaded, use of fork() may lead to deadlocks in the child.
[2026-07-15T11:53:52.796+0000] {standard_task_runner.py:63} INFO - Started process 4941 to run task
[2026-07-15T11:53:52.878+0000] {task_command.py:426} INFO - Running <TaskInstance: e-commerce_kafka_streaming_pipeline_v1.run_silver manual__2026-07-15T11:51:45.274940+00:00 [running]> on host 6d7ac32de880
[2026-07-15T11:53:53.021+0000] {taskinstance.py:2644} INFO - Exporting env vars: AIRFLOW_CTX_DAG_OWNER='dev' AIRFLOW_CTX_DAG_ID='e-commerce_kafka_streaming_pipeline_v1' AIRFLOW_CTX_TASK_ID='run_silver' AIRFLOW_CTX_EXECUTION_DATE='2026-07-15T11:51:45.274940+00:00' AIRFLOW_CTX_TRY_NUMBER='1' AIRFLOW_CTX_DAG_RUN_ID='manual__2026-07-15T11:51:45.274940+00:00'
[2026-07-15T11:53:53.023+0000] {taskinstance.py:430} INFO - ::endgroup::
[2026-07-15T11:53:53.044+0000] {subprocess.py:63} INFO - Tmp dir root location: /tmp
[2026-07-15T11:53:53.046+0000] {subprocess.py:75} INFO - Running command: ['/usr/bin/bash', '-c', 'timeout 150s docker run --rm --network streaming_kafka_project_sdp-net --volume /d/Streaming_kafka_project/pipelines:/opt/pipelines --volume /d/Streaming_kafka_project/data:/opt/data --volume /d/Streaming_kafka_project/checkpoints:/opt/checkpoints --volume /d/Streaming_kafka_project/jars:/opt/jars apache/spark:3.5.1 /opt/spark/bin/spark-submit --master spark://sdp-spark-master:7077 --executor-cores 1 --executor-memory 512m --total-executor-cores 3 --jars /opt/jars/delta-spark_2.12-3.2.0.jar,/opt/jars/delta-storage-3.2.0.jar,/opt/jars/spark-sql-kafka-0-10_2.12-3.5.1.jar,/opt/jars/kafka-clients-3.4.1.jar,/opt/jars/spark-token-provider-kafka-0-10_2.12-3.5.1.jar,/opt/jars/commons-pool2-2.11.1.jar --conf spark.sql.extensions=io.delta.sql.DeltaSparkSessionExtension --conf spark.sql.catalog.spark_catalog=org.apache.spark.sql.delta.catalog.DeltaCatalog  /opt/pipelines/silver_runner.py']
[2026-07-15T11:53:53.064+0000] {subprocess.py:86} INFO - Output:
[2026-07-15T11:53:55.919+0000] {subprocess.py:93} INFO - 26/07/15 11:53:55 WARN NativeCodeLoader: Unable to load native-hadoop library for your platform... using builtin-java classes where applicable
[2026-07-15T11:53:56.905+0000] {subprocess.py:93} INFO - 26/07/15 11:53:56 INFO SparkContext: Running Spark version 3.5.1
[2026-07-15T11:53:56.906+0000] {subprocess.py:93} INFO - 26/07/15 11:53:56 INFO SparkContext: OS info Linux, 6.18.33.2-microsoft-standard-WSL2, amd64
[2026-07-15T11:53:56.908+0000] {subprocess.py:93} INFO - 26/07/15 11:53:56 INFO SparkContext: Java version 11.0.22
[2026-07-15T11:53:56.951+0000] {subprocess.py:93} INFO - 26/07/15 11:53:56 INFO ResourceUtils: ==============================================================
[2026-07-15T11:53:56.952+0000] {subprocess.py:93} INFO - 26/07/15 11:53:56 INFO ResourceUtils: No custom resources configured for spark.driver.
[2026-07-15T11:53:56.954+0000] {subprocess.py:93} INFO - 26/07/15 11:53:56 INFO ResourceUtils: ==============================================================
[2026-07-15T11:53:56.955+0000] {subprocess.py:93} INFO - 26/07/15 11:53:56 INFO SparkContext: Submitted application: SDP-Silver
[2026-07-15T11:53:56.985+0000] {subprocess.py:93} INFO - 26/07/15 11:53:56 INFO ResourceProfile: Default ResourceProfile created, executor resources: Map(cores -> name: cores, amount: 1, script: , vendor: , memory -> name: memory, amount: 512, script: , vendor: , offHeap -> name: offHeap, amount: 0, script: , vendor: ), task resources: Map(cpus -> name: cpus, amount: 1.0)
[2026-07-15T11:53:57.009+0000] {subprocess.py:93} INFO - 26/07/15 11:53:57 INFO ResourceProfile: Limiting resource is cpus at 1 tasks per executor
[2026-07-15T11:53:57.012+0000] {subprocess.py:93} INFO - 26/07/15 11:53:57 INFO ResourceProfileManager: Added ResourceProfile id: 0
[2026-07-15T11:53:57.094+0000] {subprocess.py:93} INFO - 26/07/15 11:53:57 INFO SecurityManager: Changing view acls to: spark
[2026-07-15T11:53:57.096+0000] {subprocess.py:93} INFO - 26/07/15 11:53:57 INFO SecurityManager: Changing modify acls to: spark
[2026-07-15T11:53:57.098+0000] {subprocess.py:93} INFO - 26/07/15 11:53:57 INFO SecurityManager: Changing view acls groups to:
[2026-07-15T11:53:57.100+0000] {subprocess.py:93} INFO - 26/07/15 11:53:57 INFO SecurityManager: Changing modify acls groups to:
[2026-07-15T11:53:57.102+0000] {subprocess.py:93} INFO - 26/07/15 11:53:57 INFO SecurityManager: SecurityManager: authentication disabled; ui acls disabled; users with view permissions: spark; groups with view permissions: EMPTY; users with modify permissions: spark; groups with modify permissions: EMPTY
[2026-07-15T11:53:57.466+0000] {subprocess.py:93} INFO - 26/07/15 11:53:57 INFO Utils: Successfully started service 'sparkDriver' on port 35887.
[2026-07-15T11:53:57.509+0000] {subprocess.py:93} INFO - 26/07/15 11:53:57 INFO SparkEnv: Registering MapOutputTracker
[2026-07-15T11:53:57.554+0000] {subprocess.py:93} INFO - 26/07/15 11:53:57 INFO SparkEnv: Registering BlockManagerMaster
[2026-07-15T11:53:57.576+0000] {subprocess.py:93} INFO - 26/07/15 11:53:57 INFO BlockManagerMasterEndpoint: Using org.apache.spark.storage.DefaultTopologyMapper for getting topology information
[2026-07-15T11:53:57.578+0000] {subprocess.py:93} INFO - 26/07/15 11:53:57 INFO BlockManagerMasterEndpoint: BlockManagerMasterEndpoint up
[2026-07-15T11:53:57.585+0000] {subprocess.py:93} INFO - 26/07/15 11:53:57 INFO SparkEnv: Registering BlockManagerMasterHeartbeat
[2026-07-15T11:53:57.609+0000] {subprocess.py:93} INFO - 26/07/15 11:53:57 INFO DiskBlockManager: Created local directory at /tmp/blockmgr-4d7b31ea-56c8-43f0-afc6-fc338199baf4
[2026-07-15T11:53:57.627+0000] {subprocess.py:93} INFO - 26/07/15 11:53:57 INFO MemoryStore: MemoryStore started with capacity 434.4 MiB
[2026-07-15T11:53:57.650+0000] {subprocess.py:93} INFO - 26/07/15 11:53:57 INFO SparkEnv: Registering OutputCommitCoordinator
[2026-07-15T11:53:57.820+0000] {subprocess.py:93} INFO - 26/07/15 11:53:57 INFO JettyUtils: Start Jetty 0.0.0.0:4040 for SparkUI
[2026-07-15T11:53:57.897+0000] {subprocess.py:93} INFO - 26/07/15 11:53:57 INFO Utils: Successfully started service 'SparkUI' on port 4040.
[2026-07-15T11:53:57.965+0000] {subprocess.py:93} INFO - 26/07/15 11:53:57 INFO SparkContext: Added JAR file:///opt/jars/delta-spark_2.12-3.2.0.jar at spark://1395a51a9ce0:35887/jars/delta-spark_2.12-3.2.0.jar with timestamp 1784116436892
[2026-07-15T11:53:57.970+0000] {subprocess.py:93} INFO - 26/07/15 11:53:57 INFO SparkContext: Added JAR file:///opt/jars/delta-storage-3.2.0.jar at spark://1395a51a9ce0:35887/jars/delta-storage-3.2.0.jar with timestamp 1784116436892
[2026-07-15T11:53:57.974+0000] {subprocess.py:93} INFO - 26/07/15 11:53:57 INFO SparkContext: Added JAR file:///opt/jars/spark-sql-kafka-0-10_2.12-3.5.1.jar at spark://1395a51a9ce0:35887/jars/spark-sql-kafka-0-10_2.12-3.5.1.jar with timestamp 1784116436892
[2026-07-15T11:53:57.976+0000] {subprocess.py:93} INFO - 26/07/15 11:53:57 INFO SparkContext: Added JAR file:///opt/jars/kafka-clients-3.4.1.jar at spark://1395a51a9ce0:35887/jars/kafka-clients-3.4.1.jar with timestamp 1784116436892
[2026-07-15T11:53:57.977+0000] {subprocess.py:93} INFO - 26/07/15 11:53:57 INFO SparkContext: Added JAR file:///opt/jars/spark-token-provider-kafka-0-10_2.12-3.5.1.jar at spark://1395a51a9ce0:35887/jars/spark-token-provider-kafka-0-10_2.12-3.5.1.jar with timestamp 1784116436892
[2026-07-15T11:53:57.978+0000] {subprocess.py:93} INFO - 26/07/15 11:53:57 INFO SparkContext: Added JAR file:///opt/jars/commons-pool2-2.11.1.jar at spark://1395a51a9ce0:35887/jars/commons-pool2-2.11.1.jar with timestamp 1784116436892
[2026-07-15T11:53:58.102+0000] {subprocess.py:93} INFO - 26/07/15 11:53:58 INFO StandaloneAppClient$ClientEndpoint: Connecting to master spark://sdp-spark-master:7077...
[2026-07-15T11:53:58.170+0000] {subprocess.py:93} INFO - 26/07/15 11:53:58 INFO TransportClientFactory: Successfully created connection to sdp-spark-master/172.18.0.4:7077 after 38 ms (0 ms spent in bootstraps)
[2026-07-15T11:53:58.281+0000] {subprocess.py:93} INFO - 26/07/15 11:53:58 INFO StandaloneSchedulerBackend: Connected to Spark cluster with app ID app-20260715115358-0018
[2026-07-15T11:53:58.285+0000] {subprocess.py:93} INFO - 26/07/15 11:53:58 INFO StandaloneAppClient$ClientEndpoint: Executor added: app-20260715115358-0018/0 on worker-20260715085701-172.18.0.6-38245 (172.18.0.6:38245) with 1 core(s)
[2026-07-15T11:53:58.291+0000] {subprocess.py:93} INFO - 26/07/15 11:53:58 INFO StandaloneSchedulerBackend: Granted executor ID app-20260715115358-0018/0 on hostPort 172.18.0.6:38245 with 1 core(s), 512.0 MiB RAM
[2026-07-15T11:53:58.293+0000] {subprocess.py:93} INFO - 26/07/15 11:53:58 INFO StandaloneAppClient$ClientEndpoint: Executor added: app-20260715115358-0018/1 on worker-20260715085701-172.18.0.6-38245 (172.18.0.6:38245) with 1 core(s)
[2026-07-15T11:53:58.295+0000] {subprocess.py:93} INFO - 26/07/15 11:53:58 INFO StandaloneSchedulerBackend: Granted executor ID app-20260715115358-0018/1 on hostPort 172.18.0.6:38245 with 1 core(s), 512.0 MiB RAM
[2026-07-15T11:53:58.296+0000] {subprocess.py:93} INFO - 26/07/15 11:53:58 INFO StandaloneAppClient$ClientEndpoint: Executor added: app-20260715115358-0018/2 on worker-20260715085701-172.18.0.5-38247 (172.18.0.5:38247) with 1 core(s)
[2026-07-15T11:53:58.298+0000] {subprocess.py:93} INFO - 26/07/15 11:53:58 INFO StandaloneSchedulerBackend: Granted executor ID app-20260715115358-0018/2 on hostPort 172.18.0.5:38247 with 1 core(s), 512.0 MiB RAM
[2026-07-15T11:53:58.305+0000] {subprocess.py:93} INFO - 26/07/15 11:53:58 INFO Utils: Successfully started service 'org.apache.spark.network.netty.NettyBlockTransferService' on port 37293.
[2026-07-15T11:53:58.307+0000] {subprocess.py:93} INFO - 26/07/15 11:53:58 INFO NettyBlockTransferService: Server created on 1395a51a9ce0:37293
[2026-07-15T11:53:58.309+0000] {subprocess.py:93} INFO - 26/07/15 11:53:58 INFO BlockManager: Using org.apache.spark.storage.RandomBlockReplicationPolicy for block replication policy
[2026-07-15T11:53:58.320+0000] {subprocess.py:93} INFO - 26/07/15 11:53:58 INFO BlockManagerMaster: Registering BlockManager BlockManagerId(driver, 1395a51a9ce0, 37293, None)
[2026-07-15T11:53:58.327+0000] {subprocess.py:93} INFO - 26/07/15 11:53:58 INFO BlockManagerMasterEndpoint: Registering block manager 1395a51a9ce0:37293 with 434.4 MiB RAM, BlockManagerId(driver, 1395a51a9ce0, 37293, None)
[2026-07-15T11:53:58.331+0000] {subprocess.py:93} INFO - 26/07/15 11:53:58 INFO BlockManagerMaster: Registered BlockManager BlockManagerId(driver, 1395a51a9ce0, 37293, None)
[2026-07-15T11:53:58.333+0000] {subprocess.py:93} INFO - 26/07/15 11:53:58 INFO BlockManager: Initialized BlockManager: BlockManagerId(driver, 1395a51a9ce0, 37293, None)
[2026-07-15T11:53:58.429+0000] {subprocess.py:93} INFO - 26/07/15 11:53:58 INFO StandaloneAppClient$ClientEndpoint: Executor updated: app-20260715115358-0018/2 is now RUNNING
[2026-07-15T11:53:58.435+0000] {subprocess.py:93} INFO - 26/07/15 11:53:58 INFO StandaloneAppClient$ClientEndpoint: Executor updated: app-20260715115358-0018/1 is now RUNNING
[2026-07-15T11:53:58.472+0000] {subprocess.py:93} INFO - 26/07/15 11:53:58 INFO StandaloneAppClient$ClientEndpoint: Executor updated: app-20260715115358-0018/0 is now RUNNING
[2026-07-15T11:53:58.849+0000] {subprocess.py:93} INFO - 26/07/15 11:53:58 INFO StandaloneSchedulerBackend: SchedulerBackend is ready for scheduling beginning after reached minRegisteredResourcesRatio: 0.0
[2026-07-15T11:53:59.527+0000] {subprocess.py:93} INFO - Starting silver stream: orders --->>  /opt/data/silver/orders
[2026-07-15T11:54:15.123+0000] {subprocess.py:93} INFO - 26/07/15 11:54:15 WARN ResolveWriteToStream: spark.sql.adaptive.enabled is not supported in streaming DataFrames/Datasets and will be disabled.
[2026-07-15T11:54:15.334+0000] {subprocess.py:93} INFO - Silver stream started: /opt/data/bronze/orders --->> /opt/data/silver/orders
[2026-07-15T11:54:15.349+0000] {subprocess.py:93} INFO - Starting silver stream: customers --->>  /opt/data/silver/customers
[2026-07-15T11:54:17.201+0000] {subprocess.py:93} INFO - 26/07/15 11:54:17 WARN ResolveWriteToStream: spark.sql.adaptive.enabled is not supported in streaming DataFrames/Datasets and will be disabled.
[2026-07-15T11:54:17.291+0000] {subprocess.py:93} INFO - Silver stream started: /opt/data/bronze/customers --->> /opt/data/silver/customers
[2026-07-15T11:54:17.296+0000] {subprocess.py:93} INFO - Starting silver stream: products --->>  /opt/data/silver/products
[2026-07-15T11:54:19.597+0000] {subprocess.py:93} INFO - 26/07/15 11:54:19 WARN ResolveWriteToStream: spark.sql.adaptive.enabled is not supported in streaming DataFrames/Datasets and will be disabled.
[2026-07-15T11:54:19.688+0000] {subprocess.py:93} INFO - Silver stream started: /opt/data/bronze/products --->> /opt/data/silver/products
[2026-07-15T11:54:21.159+0000] {subprocess.py:93} INFO - 26/07/15 11:54:21 WARN SparkStringUtils: Truncated the string representation of a plan since it was too large. This behavior can be adjusted by setting 'spark.sql.debug.maxToStringFields'.
[2026-07-15T11:55:52.597+0000] {subprocess.py:97} INFO - Command exited with return code 0
[2026-07-15T11:55:52.602+0000] {taskinstance.py:441} INFO - ::group::Post task execution logs
[2026-07-15T11:55:52.667+0000] {taskinstance.py:1205} INFO - Marking task as SUCCESS. dag_id=e-commerce_kafka_streaming_pipeline_v1, task_id=run_silver, execution_date=20260715T115145, start_date=20260715T115352, end_date=20260715T115552
[2026-07-15T11:55:52.701+0000] {local_task_job_runner.py:240} INFO - Task exited with return code 0
[2026-07-15T11:55:52.742+0000] {taskinstance.py:3482} INFO - 1 downstream tasks scheduled from follow-on schedule check
[2026-07-15T11:55:52.746+0000] {local_task_job_runner.py:222} INFO - ::endgroup::
