[2026-07-21T08:04:02.538+0000] {local_task_job_runner.py:120} INFO - ::group::Pre task execution logs
[2026-07-21T08:04:02.587+0000] {taskinstance.py:2073} INFO - Dependencies all met for dep_context=non-requeueable deps ti=<TaskInstance: e-commerce_kafka_streaming_pipeline_v1.wait_for_silver scheduled__2026-07-21T07:00:00+00:00 [queued]>
[2026-07-21T08:04:02.604+0000] {taskinstance.py:2073} INFO - Dependencies all met for dep_context=requeueable deps ti=<TaskInstance: e-commerce_kafka_streaming_pipeline_v1.wait_for_silver scheduled__2026-07-21T07:00:00+00:00 [queued]>
[2026-07-21T08:04:02.606+0000] {taskinstance.py:2303} INFO - Starting attempt 1 of 2
[2026-07-21T08:04:02.624+0000] {taskinstance.py:2327} INFO - Executing <Task(FileSensor): wait_for_silver> on 2026-07-21 07:00:00+00:00
[2026-07-21T08:04:02.633+0000] {standard_task_runner.py:90} INFO - Running: ['***', 'tasks', 'run', 'e-commerce_kafka_streaming_pipeline_v1', 'wait_for_silver', 'scheduled__2026-07-21T07:00:00+00:00', '--job-id', '282', '--raw', '--subdir', 'DAGS_FOLDER/sdp_pipeline_dag.py', '--cfg-path', '/tmp/tmpmygbg6gy']
[2026-07-21T08:04:02.637+0000] {standard_task_runner.py:91} INFO - Job 282: Subtask wait_for_silver
[2026-07-21T08:04:02.653+0000] {logging_mixin.py:188} WARNING - /home/***/.local/lib/python3.12/site-packages/***/task/task_runner/standard_task_runner.py:61 DeprecationWarning: This process (pid=13396) is multi-threaded, use of fork() may lead to deadlocks in the child.
[2026-07-21T08:04:02.655+0000] {standard_task_runner.py:63} INFO - Started process 13397 to run task
[2026-07-21T08:04:02.717+0000] {task_command.py:426} INFO - Running <TaskInstance: e-commerce_kafka_streaming_pipeline_v1.wait_for_silver scheduled__2026-07-21T07:00:00+00:00 [running]> on host da27550080bf
[2026-07-21T08:04:02.875+0000] {taskinstance.py:2644} INFO - Exporting env vars: AIRFLOW_CTX_DAG_OWNER='dev' AIRFLOW_CTX_DAG_ID='e-commerce_kafka_streaming_pipeline_v1' AIRFLOW_CTX_TASK_ID='wait_for_silver' AIRFLOW_CTX_EXECUTION_DATE='2026-07-21T07:00:00+00:00' AIRFLOW_CTX_TRY_NUMBER='1' AIRFLOW_CTX_DAG_RUN_ID='scheduled__2026-07-21T07:00:00+00:00'
[2026-07-21T08:04:02.879+0000] {taskinstance.py:430} INFO - ::endgroup::
[2026-07-21T08:04:02.899+0000] {baseoperator.py:399} WARNING - FileSensor.execute cannot be called outside TaskInstance!
[2026-07-21T08:04:02.910+0000] {base.py:84} INFO - Using connection ID 'fs_default' for task execution.
[2026-07-21T08:04:02.911+0000] {filesystem.py:85} INFO - Poking for file /opt/data/silver/orders
[2026-07-21T08:04:02.918+0000] {base.py:294} INFO - Success criteria met. Exiting.
[2026-07-21T08:04:02.919+0000] {filesystem.py:85} INFO - Poking for file /opt/data/silver/orders
[2026-07-21T08:04:02.926+0000] {taskinstance.py:441} INFO - ::group::Post task execution logs
[2026-07-21T08:04:02.939+0000] {taskinstance.py:1205} INFO - Marking task as SUCCESS. dag_id=e-commerce_kafka_streaming_pipeline_v1, task_id=wait_for_silver, execution_date=20260721T070000, start_date=20260721T080402, end_date=20260721T080402
[2026-07-21T08:04:02.990+0000] {local_task_job_runner.py:240} INFO - Task exited with return code 0
[2026-07-21T08:04:03.031+0000] {taskinstance.py:3482} INFO - 1 downstream tasks scheduled from follow-on schedule check
[2026-07-21T08:04:03.034+0000] {local_task_job_runner.py:222} INFO - ::endgroup::
