[2026-07-20T06:04:48.961+0000] {local_task_job_runner.py:120} INFO - ::group::Pre task execution logs
[2026-07-20T06:04:49.000+0000] {taskinstance.py:2073} INFO - Dependencies all met for dep_context=non-requeueable deps ti=<TaskInstance: e-commerce_kafka_streaming_pipeline_v1.run_gold scheduled__2026-07-20T05:00:00+00:00 [queued]>
[2026-07-20T06:04:49.011+0000] {taskinstance.py:2073} INFO - Dependencies all met for dep_context=requeueable deps ti=<TaskInstance: e-commerce_kafka_streaming_pipeline_v1.run_gold scheduled__2026-07-20T05:00:00+00:00 [queued]>
[2026-07-20T06:04:49.012+0000] {taskinstance.py:2303} INFO - Starting attempt 1 of 2
[2026-07-20T06:04:49.027+0000] {taskinstance.py:2327} INFO - Executing <Task(BashOperator): run_gold> on 2026-07-20 05:00:00+00:00
[2026-07-20T06:04:49.036+0000] {standard_task_runner.py:90} INFO - Running: ['***', 'tasks', 'run', 'e-commerce_kafka_streaming_pipeline_v1', 'run_gold', 'scheduled__2026-07-20T05:00:00+00:00', '--job-id', '180', '--raw', '--subdir', 'DAGS_FOLDER/sdp_pipeline_dag.py', '--cfg-path', '/tmp/tmp1iroaki2']
[2026-07-20T06:04:49.039+0000] {standard_task_runner.py:91} INFO - Job 180: Subtask run_gold
[2026-07-20T06:04:49.055+0000] {logging_mixin.py:188} WARNING - /home/***/.local/lib/python3.12/site-packages/***/task/task_runner/standard_task_runner.py:61 DeprecationWarning: This process (pid=5643) is multi-threaded, use of fork() may lead to deadlocks in the child.
[2026-07-20T06:04:49.056+0000] {standard_task_runner.py:63} INFO - Started process 5644 to run task
[2026-07-20T06:04:49.108+0000] {task_command.py:426} INFO - Running <TaskInstance: e-commerce_kafka_streaming_pipeline_v1.run_gold scheduled__2026-07-20T05:00:00+00:00 [running]> on host da27550080bf
[2026-07-20T06:04:49.231+0000] {taskinstance.py:2644} INFO - Exporting env vars: AIRFLOW_CTX_DAG_OWNER='dev' AIRFLOW_CTX_DAG_ID='e-commerce_kafka_streaming_pipeline_v1' AIRFLOW_CTX_TASK_ID='run_gold' AIRFLOW_CTX_EXECUTION_DATE='2026-07-20T05:00:00+00:00' AIRFLOW_CTX_TRY_NUMBER='1' AIRFLOW_CTX_DAG_RUN_ID='scheduled__2026-07-20T05:00:00+00:00'
[2026-07-20T06:04:49.233+0000] {taskinstance.py:430} INFO - ::endgroup::
[2026-07-20T06:04:49.249+0000] {subprocess.py:63} INFO - Tmp dir root location: /tmp
[2026-07-20T06:04:49.253+0000] {subprocess.py:75} INFO - Running command: ['/usr/bin/bash', '-c', 'docker run --rm --network streaming_kafka_project_sdp-net --volume /d/Streaming_kafka_project/pipelines:/opt/pipelines --volume /d/Streaming_kafka_project/data:/opt/data --volume /d/Streaming_kafka_project/checkpoints:/opt/checkpoints --volume /d/Streaming_kafka_project/jars:/opt/jars apache/spark:3.5.1 /opt/spark/bin/spark-submit --master spark://sdp-spark-master:7077 --executor-cores 1 --executor-memory 512m --total-executor-cores 3 --jars /opt/jars/delta-spark_2.12-3.2.0.jar,/opt/jars/delta-storage-3.2.0.jar,/opt/jars/spark-sql-kafka-0-10_2.12-3.5.1.jar,/opt/jars/kafka-clients-3.4.1.jar,/opt/jars/spark-token-provider-kafka-0-10_2.12-3.5.1.jar,/opt/jars/commons-pool2-2.11.1.jar --conf spark.sql.extensions=io.delta.sql.DeltaSparkSessionExtension --conf spark.sql.catalog.spark_catalog=org.apache.spark.sql.delta.catalog.DeltaCatalog  /opt/pipelines/gold_runner.py']
[2026-07-20T06:04:49.263+0000] {subprocess.py:86} INFO - Output:
[2026-07-20T06:04:51.905+0000] {subprocess.py:93} INFO - 26/07/20 06:04:51 WARN NativeCodeLoader: Unable to load native-hadoop library for your platform... using builtin-java classes where applicable
[2026-07-20T06:04:53.275+0000] {subprocess.py:93} INFO - 26/07/20 06:04:53 INFO SparkContext: Running Spark version 3.5.1
[2026-07-20T06:04:53.276+0000] {subprocess.py:93} INFO - 26/07/20 06:04:53 INFO SparkContext: OS info Linux, 6.18.33.2-microsoft-standard-WSL2, amd64
[2026-07-20T06:04:53.277+0000] {subprocess.py:93} INFO - 26/07/20 06:04:53 INFO SparkContext: Java version 11.0.22
[2026-07-20T06:04:53.303+0000] {subprocess.py:93} INFO - 26/07/20 06:04:53 INFO ResourceUtils: ==============================================================
[2026-07-20T06:04:53.305+0000] {subprocess.py:93} INFO - 26/07/20 06:04:53 INFO ResourceUtils: No custom resources configured for spark.driver.
[2026-07-20T06:04:53.306+0000] {subprocess.py:93} INFO - 26/07/20 06:04:53 INFO ResourceUtils: ==============================================================
[2026-07-20T06:04:53.306+0000] {subprocess.py:93} INFO - 26/07/20 06:04:53 INFO SparkContext: Submitted application: SDP-Gold
[2026-07-20T06:04:53.335+0000] {subprocess.py:93} INFO - 26/07/20 06:04:53 INFO ResourceProfile: Default ResourceProfile created, executor resources: Map(cores -> name: cores, amount: 1, script: , vendor: , memory -> name: memory, amount: 512, script: , vendor: , offHeap -> name: offHeap, amount: 0, script: , vendor: ), task resources: Map(cpus -> name: cpus, amount: 1.0)
[2026-07-20T06:04:53.363+0000] {subprocess.py:93} INFO - 26/07/20 06:04:53 INFO ResourceProfile: Limiting resource is cpus at 1 tasks per executor
[2026-07-20T06:04:53.365+0000] {subprocess.py:93} INFO - 26/07/20 06:04:53 INFO ResourceProfileManager: Added ResourceProfile id: 0
[2026-07-20T06:04:53.431+0000] {subprocess.py:93} INFO - 26/07/20 06:04:53 INFO SecurityManager: Changing view acls to: spark
[2026-07-20T06:04:53.432+0000] {subprocess.py:93} INFO - 26/07/20 06:04:53 INFO SecurityManager: Changing modify acls to: spark
[2026-07-20T06:04:53.433+0000] {subprocess.py:93} INFO - 26/07/20 06:04:53 INFO SecurityManager: Changing view acls groups to:
[2026-07-20T06:04:53.434+0000] {subprocess.py:93} INFO - 26/07/20 06:04:53 INFO SecurityManager: Changing modify acls groups to:
[2026-07-20T06:04:53.435+0000] {subprocess.py:93} INFO - 26/07/20 06:04:53 INFO SecurityManager: SecurityManager: authentication disabled; ui acls disabled; users with view permissions: spark; groups with view permissions: EMPTY; users with modify permissions: spark; groups with modify permissions: EMPTY
[2026-07-20T06:04:53.658+0000] {subprocess.py:93} INFO - 26/07/20 06:04:53 INFO Utils: Successfully started service 'sparkDriver' on port 43631.
[2026-07-20T06:04:53.688+0000] {subprocess.py:93} INFO - 26/07/20 06:04:53 INFO SparkEnv: Registering MapOutputTracker
[2026-07-20T06:04:53.723+0000] {subprocess.py:93} INFO - 26/07/20 06:04:53 INFO SparkEnv: Registering BlockManagerMaster
[2026-07-20T06:04:53.741+0000] {subprocess.py:93} INFO - 26/07/20 06:04:53 INFO BlockManagerMasterEndpoint: Using org.apache.spark.storage.DefaultTopologyMapper for getting topology information
[2026-07-20T06:04:53.742+0000] {subprocess.py:93} INFO - 26/07/20 06:04:53 INFO BlockManagerMasterEndpoint: BlockManagerMasterEndpoint up
[2026-07-20T06:04:53.747+0000] {subprocess.py:93} INFO - 26/07/20 06:04:53 INFO SparkEnv: Registering BlockManagerMasterHeartbeat
[2026-07-20T06:04:53.770+0000] {subprocess.py:93} INFO - 26/07/20 06:04:53 INFO DiskBlockManager: Created local directory at /tmp/blockmgr-d593b776-f532-42a7-a181-34cead253385
[2026-07-20T06:04:53.785+0000] {subprocess.py:93} INFO - 26/07/20 06:04:53 INFO MemoryStore: MemoryStore started with capacity 434.4 MiB
[2026-07-20T06:04:53.804+0000] {subprocess.py:93} INFO - 26/07/20 06:04:53 INFO SparkEnv: Registering OutputCommitCoordinator
[2026-07-20T06:04:53.947+0000] {subprocess.py:93} INFO - 26/07/20 06:04:53 INFO JettyUtils: Start Jetty 0.0.0.0:4040 for SparkUI
[2026-07-20T06:04:54.011+0000] {subprocess.py:93} INFO - 26/07/20 06:04:54 INFO Utils: Successfully started service 'SparkUI' on port 4040.
[2026-07-20T06:04:54.048+0000] {subprocess.py:93} INFO - 26/07/20 06:04:54 INFO SparkContext: Added JAR file:///opt/jars/delta-spark_2.12-3.2.0.jar at spark://4c1ef39cc2ed:43631/jars/delta-spark_2.12-3.2.0.jar with timestamp 1784527493265
[2026-07-20T06:04:54.050+0000] {subprocess.py:93} INFO - 26/07/20 06:04:54 INFO SparkContext: Added JAR file:///opt/jars/delta-storage-3.2.0.jar at spark://4c1ef39cc2ed:43631/jars/delta-storage-3.2.0.jar with timestamp 1784527493265
[2026-07-20T06:04:54.051+0000] {subprocess.py:93} INFO - 26/07/20 06:04:54 INFO SparkContext: Added JAR file:///opt/jars/spark-sql-kafka-0-10_2.12-3.5.1.jar at spark://4c1ef39cc2ed:43631/jars/spark-sql-kafka-0-10_2.12-3.5.1.jar with timestamp 1784527493265
[2026-07-20T06:04:54.052+0000] {subprocess.py:93} INFO - 26/07/20 06:04:54 INFO SparkContext: Added JAR file:///opt/jars/kafka-clients-3.4.1.jar at spark://4c1ef39cc2ed:43631/jars/kafka-clients-3.4.1.jar with timestamp 1784527493265
[2026-07-20T06:04:54.053+0000] {subprocess.py:93} INFO - 26/07/20 06:04:54 INFO SparkContext: Added JAR file:///opt/jars/spark-token-provider-kafka-0-10_2.12-3.5.1.jar at spark://4c1ef39cc2ed:43631/jars/spark-token-provider-kafka-0-10_2.12-3.5.1.jar with timestamp 1784527493265
[2026-07-20T06:04:54.054+0000] {subprocess.py:93} INFO - 26/07/20 06:04:54 INFO SparkContext: Added JAR file:///opt/jars/commons-pool2-2.11.1.jar at spark://4c1ef39cc2ed:43631/jars/commons-pool2-2.11.1.jar with timestamp 1784527493265
[2026-07-20T06:04:54.141+0000] {subprocess.py:93} INFO - 26/07/20 06:04:54 INFO StandaloneAppClient$ClientEndpoint: Connecting to master spark://sdp-spark-master:7077...
[2026-07-20T06:04:54.192+0000] {subprocess.py:93} INFO - 26/07/20 06:04:54 INFO TransportClientFactory: Successfully created connection to sdp-spark-master/172.18.0.4:7077 after 29 ms (0 ms spent in bootstraps)
[2026-07-20T06:04:54.279+0000] {subprocess.py:93} INFO - 26/07/20 06:04:54 INFO StandaloneSchedulerBackend: Connected to Spark cluster with app ID app-20260720060454-0086
[2026-07-20T06:04:54.282+0000] {subprocess.py:93} INFO - 26/07/20 06:04:54 INFO StandaloneAppClient$ClientEndpoint: Executor added: app-20260720060454-0086/0 on worker-20260716063602-172.18.0.5-44367 (172.18.0.5:44367) with 1 core(s)
[2026-07-20T06:04:54.283+0000] {subprocess.py:93} INFO - 26/07/20 06:04:54 INFO StandaloneSchedulerBackend: Granted executor ID app-20260720060454-0086/0 on hostPort 172.18.0.5:44367 with 1 core(s), 512.0 MiB RAM
[2026-07-20T06:04:54.284+0000] {subprocess.py:93} INFO - 26/07/20 06:04:54 INFO StandaloneAppClient$ClientEndpoint: Executor added: app-20260720060454-0086/1 on worker-20260716063602-172.18.0.5-44367 (172.18.0.5:44367) with 1 core(s)
[2026-07-20T06:04:54.285+0000] {subprocess.py:93} INFO - 26/07/20 06:04:54 INFO StandaloneSchedulerBackend: Granted executor ID app-20260720060454-0086/1 on hostPort 172.18.0.5:44367 with 1 core(s), 512.0 MiB RAM
[2026-07-20T06:04:54.286+0000] {subprocess.py:93} INFO - 26/07/20 06:04:54 INFO StandaloneAppClient$ClientEndpoint: Executor added: app-20260720060454-0086/2 on worker-20260716063602-172.18.0.6-33249 (172.18.0.6:33249) with 1 core(s)
[2026-07-20T06:04:54.288+0000] {subprocess.py:93} INFO - 26/07/20 06:04:54 INFO StandaloneSchedulerBackend: Granted executor ID app-20260720060454-0086/2 on hostPort 172.18.0.6:33249 with 1 core(s), 512.0 MiB RAM
[2026-07-20T06:04:54.292+0000] {subprocess.py:93} INFO - 26/07/20 06:04:54 INFO Utils: Successfully started service 'org.apache.spark.network.netty.NettyBlockTransferService' on port 38841.
[2026-07-20T06:04:54.294+0000] {subprocess.py:93} INFO - 26/07/20 06:04:54 INFO NettyBlockTransferService: Server created on 4c1ef39cc2ed:38841
[2026-07-20T06:04:54.295+0000] {subprocess.py:93} INFO - 26/07/20 06:04:54 INFO BlockManager: Using org.apache.spark.storage.RandomBlockReplicationPolicy for block replication policy
[2026-07-20T06:04:54.303+0000] {subprocess.py:93} INFO - 26/07/20 06:04:54 INFO BlockManagerMaster: Registering BlockManager BlockManagerId(driver, 4c1ef39cc2ed, 38841, None)
[2026-07-20T06:04:54.307+0000] {subprocess.py:93} INFO - 26/07/20 06:04:54 INFO BlockManagerMasterEndpoint: Registering block manager 4c1ef39cc2ed:38841 with 434.4 MiB RAM, BlockManagerId(driver, 4c1ef39cc2ed, 38841, None)
[2026-07-20T06:04:54.310+0000] {subprocess.py:93} INFO - 26/07/20 06:04:54 INFO BlockManagerMaster: Registered BlockManager BlockManagerId(driver, 4c1ef39cc2ed, 38841, None)
[2026-07-20T06:04:54.312+0000] {subprocess.py:93} INFO - 26/07/20 06:04:54 INFO BlockManager: Initialized BlockManager: BlockManagerId(driver, 4c1ef39cc2ed, 38841, None)
[2026-07-20T06:04:54.392+0000] {subprocess.py:93} INFO - 26/07/20 06:04:54 INFO StandaloneAppClient$ClientEndpoint: Executor updated: app-20260720060454-0086/2 is now RUNNING
[2026-07-20T06:04:54.434+0000] {subprocess.py:93} INFO - 26/07/20 06:04:54 INFO StandaloneAppClient$ClientEndpoint: Executor updated: app-20260720060454-0086/1 is now RUNNING
[2026-07-20T06:04:54.447+0000] {subprocess.py:93} INFO - 26/07/20 06:04:54 INFO StandaloneAppClient$ClientEndpoint: Executor updated: app-20260720060454-0086/0 is now RUNNING
[2026-07-20T06:04:54.888+0000] {subprocess.py:93} INFO - 26/07/20 06:04:54 INFO StandaloneSchedulerBackend: SchedulerBackend is ready for scheduling beginning after reached minRegisteredResourcesRatio: 0.0
[2026-07-20T06:05:20.662+0000] {subprocess.py:93} INFO - 26/07/20 06:05:20 WARN SparkStringUtils: Truncated the string representation of a plan since it was too large. This behavior can be adjusted by setting 'spark.sql.debug.maxToStringFields'.
[2026-07-20T06:06:20.907+0000] {subprocess.py:93} INFO - Gold table written: /opt/data/gold/daily_sales  (4 rows)
[2026-07-20T06:06:39.081+0000] {subprocess.py:93} INFO - Gold table written: /opt/data/gold/product_performance  (10 rows)
[2026-07-20T06:56:35.649+0000] {subprocess.py:93} INFO - Gold table written: /opt/data/gold/customer_orders  (5 rows)
[2026-07-20T06:56:35.652+0000] {subprocess.py:93} INFO - 
[2026-07-20T06:56:35.654+0000] {subprocess.py:93} INFO - Gold pipeline complete.
[2026-07-20T06:56:37.165+0000] {subprocess.py:97} INFO - Command exited with return code 0
[2026-07-20T06:56:37.167+0000] {taskinstance.py:441} INFO - ::group::Post task execution logs
[2026-07-20T06:56:37.209+0000] {taskinstance.py:1205} INFO - Marking task as SUCCESS. dag_id=e-commerce_kafka_streaming_pipeline_v1, task_id=run_gold, execution_date=20260720T050000, start_date=20260720T060449, end_date=20260720T065637
[2026-07-20T06:56:37.242+0000] {local_task_job_runner.py:240} INFO - Task exited with return code 0
[2026-07-20T06:56:37.265+0000] {taskinstance.py:3482} INFO - 1 downstream tasks scheduled from follow-on schedule check
[2026-07-20T06:56:37.268+0000] {local_task_job_runner.py:222} INFO - ::endgroup::
