[2026-07-15T15:21:07.760+0000] {local_task_job_runner.py:120} INFO - ::group::Pre task execution logs
[2026-07-15T15:21:07.801+0000] {taskinstance.py:2073} INFO - Dependencies all met for dep_context=non-requeueable deps ti=<TaskInstance: e-commerce_kafka_streaming_pipeline_v1.verify_gold scheduled__2026-07-15T14:00:00+00:00 [queued]>
[2026-07-15T15:21:07.812+0000] {taskinstance.py:2073} INFO - Dependencies all met for dep_context=requeueable deps ti=<TaskInstance: e-commerce_kafka_streaming_pipeline_v1.verify_gold scheduled__2026-07-15T14:00:00+00:00 [queued]>
[2026-07-15T15:21:07.814+0000] {taskinstance.py:2303} INFO - Starting attempt 1 of 2
[2026-07-15T15:21:07.831+0000] {taskinstance.py:2327} INFO - Executing <Task(BashOperator): verify_gold> on 2026-07-15 14:00:00+00:00
[2026-07-15T15:21:07.840+0000] {standard_task_runner.py:90} INFO - Running: ['***', 'tasks', 'run', 'e-commerce_kafka_streaming_pipeline_v1', 'verify_gold', 'scheduled__2026-07-15T14:00:00+00:00', '--job-id', '24', '--raw', '--subdir', 'DAGS_FOLDER/sdp_pipeline_dag.py', '--cfg-path', '/tmp/tmp2l38csex']
[2026-07-15T15:21:07.844+0000] {standard_task_runner.py:91} INFO - Job 24: Subtask verify_gold
[2026-07-15T15:21:07.844+0000] {logging_mixin.py:188} WARNING - /home/***/.local/lib/python3.12/site-packages/***/task/task_runner/standard_task_runner.py:61 DeprecationWarning: This process (pid=1465) is multi-threaded, use of fork() may lead to deadlocks in the child.
[2026-07-15T15:21:07.846+0000] {standard_task_runner.py:63} INFO - Started process 1466 to run task
[2026-07-15T15:21:07.924+0000] {task_command.py:426} INFO - Running <TaskInstance: e-commerce_kafka_streaming_pipeline_v1.verify_gold scheduled__2026-07-15T14:00:00+00:00 [running]> on host 1491dce99886
[2026-07-15T15:21:08.040+0000] {taskinstance.py:2644} INFO - Exporting env vars: AIRFLOW_CTX_DAG_OWNER='dev' AIRFLOW_CTX_DAG_ID='e-commerce_kafka_streaming_pipeline_v1' AIRFLOW_CTX_TASK_ID='verify_gold' AIRFLOW_CTX_EXECUTION_DATE='2026-07-15T14:00:00+00:00' AIRFLOW_CTX_TRY_NUMBER='1' AIRFLOW_CTX_DAG_RUN_ID='scheduled__2026-07-15T14:00:00+00:00'
[2026-07-15T15:21:08.042+0000] {taskinstance.py:430} INFO - ::endgroup::
[2026-07-15T15:21:08.063+0000] {subprocess.py:63} INFO - Tmp dir root location: /tmp
[2026-07-15T15:21:08.066+0000] {subprocess.py:75} INFO - Running command: ['/usr/bin/bash', '-c', '\n            echo "=== Gold tables ==="\n            ls -lh /opt/data/gold/ || echo "Gold dir not found"\n            echo "=== Daily Sales rows ==="\n            ls /opt/data/gold/daily_sales/ 2>/dev/null | wc -l || echo "0"\n            echo "Pipeline complete!"\n        ']
[2026-07-15T15:21:08.079+0000] {subprocess.py:86} INFO - Output:
[2026-07-15T15:21:08.082+0000] {subprocess.py:93} INFO - === Gold tables ===
[2026-07-15T15:21:08.098+0000] {subprocess.py:93} INFO - total 0
[2026-07-15T15:21:08.099+0000] {subprocess.py:93} INFO - drwxr-xr-x 1 185 185 4.0K Jul 15 15:21 customer_orders
[2026-07-15T15:21:08.101+0000] {subprocess.py:93} INFO - drwxr-xr-x 1 185 185 4.0K Jul 15 15:20 daily_sales
[2026-07-15T15:21:08.102+0000] {subprocess.py:93} INFO - drwxr-xr-x 1 185 185 4.0K Jul 15 15:20 product_performance
[2026-07-15T15:21:08.103+0000] {subprocess.py:93} INFO - === Daily Sales rows ===
[2026-07-15T15:21:08.107+0000] {subprocess.py:93} INFO - 3
[2026-07-15T15:21:08.109+0000] {subprocess.py:93} INFO - Pipeline complete!
[2026-07-15T15:21:08.110+0000] {subprocess.py:97} INFO - Command exited with return code 0
[2026-07-15T15:21:08.112+0000] {taskinstance.py:441} INFO - ::group::Post task execution logs
[2026-07-15T15:21:08.142+0000] {taskinstance.py:1205} INFO - Marking task as SUCCESS. dag_id=e-commerce_kafka_streaming_pipeline_v1, task_id=verify_gold, execution_date=20260715T140000, start_date=20260715T152107, end_date=20260715T152108
[2026-07-15T15:21:08.182+0000] {local_task_job_runner.py:240} INFO - Task exited with return code 0
[2026-07-15T15:21:08.201+0000] {taskinstance.py:3482} INFO - 0 downstream tasks scheduled from follow-on schedule check
[2026-07-15T15:21:08.205+0000] {local_task_job_runner.py:222} INFO - ::endgroup::
