[2026-07-17T05:34:00.530+0000] {local_task_job_runner.py:120} INFO - ::group::Pre task execution logs
[2026-07-17T05:34:00.709+0000] {taskinstance.py:2073} INFO - Dependencies all met for dep_context=non-requeueable deps ti=<TaskInstance: e-commerce_kafka_streaming_pipeline_v1.produce_messages scheduled__2026-07-17T04:00:00+00:00 [queued]>
[2026-07-17T05:34:00.768+0000] {taskinstance.py:2073} INFO - Dependencies all met for dep_context=requeueable deps ti=<TaskInstance: e-commerce_kafka_streaming_pipeline_v1.produce_messages scheduled__2026-07-17T04:00:00+00:00 [queued]>
[2026-07-17T05:34:00.780+0000] {taskinstance.py:2303} INFO - Starting attempt 1 of 2
[2026-07-17T05:34:00.859+0000] {taskinstance.py:2327} INFO - Executing <Task(BashOperator): produce_messages> on 2026-07-17 04:00:00+00:00
[2026-07-17T05:34:00.919+0000] {standard_task_runner.py:90} INFO - Running: ['***', 'tasks', 'run', 'e-commerce_kafka_streaming_pipeline_v1', 'produce_messages', 'scheduled__2026-07-17T04:00:00+00:00', '--job-id', '80', '--raw', '--subdir', 'DAGS_FOLDER/sdp_pipeline_dag.py', '--cfg-path', '/tmp/tmp2oc6x2g3']
[2026-07-17T05:34:00.953+0000] {standard_task_runner.py:91} INFO - Job 80: Subtask produce_messages
[2026-07-17T05:34:01.000+0000] {logging_mixin.py:188} WARNING - /home/***/.local/lib/python3.12/site-packages/***/task/task_runner/standard_task_runner.py:61 DeprecationWarning: This process (pid=2690) is multi-threaded, use of fork() may lead to deadlocks in the child.
[2026-07-17T05:34:01.005+0000] {standard_task_runner.py:63} INFO - Started process 2696 to run task
[2026-07-17T05:34:01.169+0000] {task_command.py:426} INFO - Running <TaskInstance: e-commerce_kafka_streaming_pipeline_v1.produce_messages scheduled__2026-07-17T04:00:00+00:00 [running]> on host da27550080bf
[2026-07-17T05:34:01.513+0000] {taskinstance.py:2644} INFO - Exporting env vars: AIRFLOW_CTX_DAG_OWNER='dev' AIRFLOW_CTX_DAG_ID='e-commerce_kafka_streaming_pipeline_v1' AIRFLOW_CTX_TASK_ID='produce_messages' AIRFLOW_CTX_EXECUTION_DATE='2026-07-17T04:00:00+00:00' AIRFLOW_CTX_TRY_NUMBER='1' AIRFLOW_CTX_DAG_RUN_ID='scheduled__2026-07-17T04:00:00+00:00'
[2026-07-17T05:34:01.539+0000] {taskinstance.py:430} INFO - ::endgroup::
[2026-07-17T05:34:01.643+0000] {subprocess.py:63} INFO - Tmp dir root location: /tmp
[2026-07-17T05:34:01.654+0000] {subprocess.py:75} INFO - Running command: ['/usr/bin/bash', '-c', 'python3 /opt/pipelines/api_to_kafka.py']
[2026-07-17T05:34:01.707+0000] {subprocess.py:86} INFO - Output:
[2026-07-17T05:34:05.439+0000] {subprocess.py:93} INFO - Error publishing to orders: HTTPSConnectionPool(host='fakestoreapi.com', port=443): Max retries exceeded with url: /carts (Caused by NewConnectionError('<urllib3.connection.HTTPSConnection object at 0x745b17b96c00>: Failed to establish a new connection: [Errno -2] Name or service not known'))
[2026-07-17T05:34:05.442+0000] {subprocess.py:93} INFO - Error publishing to customers: HTTPSConnectionPool(host='fakestoreapi.com', port=443): Max retries exceeded with url: /users (Caused by NewConnectionError('<urllib3.connection.HTTPSConnection object at 0x745b16a9d520>: Failed to establish a new connection: [Errno -2] Name or service not known'))
[2026-07-17T05:34:05.459+0000] {subprocess.py:93} INFO - Error publishing to products: HTTPSConnectionPool(host='fakestoreapi.com', port=443): Max retries exceeded with url: /products (Caused by NewConnectionError('<urllib3.connection.HTTPSConnection object at 0x745b16a9d220>: Failed to establish a new connection: [Errno -2] Name or service not known'))
[2026-07-17T05:34:05.885+0000] {subprocess.py:97} INFO - Command exited with return code 0
[2026-07-17T05:34:05.901+0000] {taskinstance.py:441} INFO - ::group::Post task execution logs
[2026-07-17T05:34:06.065+0000] {taskinstance.py:1205} INFO - Marking task as SUCCESS. dag_id=e-commerce_kafka_streaming_pipeline_v1, task_id=produce_messages, execution_date=20260717T040000, start_date=20260717T053400, end_date=20260717T053406
[2026-07-17T05:34:06.294+0000] {local_task_job_runner.py:240} INFO - Task exited with return code 0
[2026-07-17T05:34:06.387+0000] {taskinstance.py:3482} INFO - 1 downstream tasks scheduled from follow-on schedule check
[2026-07-17T05:34:06.398+0000] {local_task_job_runner.py:222} INFO - ::endgroup::
