[2026-07-20T14:04:04.939+0000] {local_task_job_runner.py:120} INFO - ::group::Pre task execution logs
[2026-07-20T14:04:04.978+0000] {taskinstance.py:2073} INFO - Dependencies all met for dep_context=non-requeueable deps ti=<TaskInstance: e-commerce_kafka_streaming_pipeline_v1.run_gold scheduled__2026-07-20T13:00:00+00:00 [queued]>
[2026-07-20T14:04:04.990+0000] {taskinstance.py:2073} INFO - Dependencies all met for dep_context=requeueable deps ti=<TaskInstance: e-commerce_kafka_streaming_pipeline_v1.run_gold scheduled__2026-07-20T13:00:00+00:00 [queued]>
[2026-07-20T14:04:04.991+0000] {taskinstance.py:2303} INFO - Starting attempt 1 of 2
[2026-07-20T14:04:05.007+0000] {taskinstance.py:2327} INFO - Executing <Task(BashOperator): run_gold> on 2026-07-20 13:00:00+00:00
[2026-07-20T14:04:05.016+0000] {standard_task_runner.py:90} INFO - Running: ['***', 'tasks', 'run', 'e-commerce_kafka_streaming_pipeline_v1', 'run_gold', 'scheduled__2026-07-20T13:00:00+00:00', '--job-id', '236', '--raw', '--subdir', 'DAGS_FOLDER/sdp_pipeline_dag.py', '--cfg-path', '/tmp/tmp7goyweei']
[2026-07-20T14:04:05.019+0000] {logging_mixin.py:188} WARNING - /home/***/.local/lib/python3.12/site-packages/***/task/task_runner/standard_task_runner.py:61 DeprecationWarning: This process (pid=10307) is multi-threaded, use of fork() may lead to deadlocks in the child.
[2026-07-20T14:04:05.020+0000] {standard_task_runner.py:91} INFO - Job 236: Subtask run_gold
[2026-07-20T14:04:05.020+0000] {standard_task_runner.py:63} INFO - Started process 10308 to run task
[2026-07-20T14:04:05.100+0000] {task_command.py:426} INFO - Running <TaskInstance: e-commerce_kafka_streaming_pipeline_v1.run_gold scheduled__2026-07-20T13:00:00+00:00 [running]> on host da27550080bf
[2026-07-20T14:04:05.192+0000] {taskinstance.py:2644} INFO - Exporting env vars: AIRFLOW_CTX_DAG_OWNER='dev' AIRFLOW_CTX_DAG_ID='e-commerce_kafka_streaming_pipeline_v1' AIRFLOW_CTX_TASK_ID='run_gold' AIRFLOW_CTX_EXECUTION_DATE='2026-07-20T13:00:00+00:00' AIRFLOW_CTX_TRY_NUMBER='1' AIRFLOW_CTX_DAG_RUN_ID='scheduled__2026-07-20T13:00:00+00:00'
[2026-07-20T14:04:05.193+0000] {taskinstance.py:430} INFO - ::endgroup::
[2026-07-20T14:04:05.208+0000] {subprocess.py:63} INFO - Tmp dir root location: /tmp
[2026-07-20T14:04:05.210+0000] {subprocess.py:75} INFO - Running command: ['/usr/bin/bash', '-c', 'docker run --rm --network streaming_kafka_project_sdp-net --volume /d/Streaming_kafka_project/pipelines:/opt/pipelines --volume /d/Streaming_kafka_project/data:/opt/data --volume /d/Streaming_kafka_project/checkpoints:/opt/checkpoints --volume /d/Streaming_kafka_project/jars:/opt/jars apache/spark:3.5.1 /opt/spark/bin/spark-submit --master spark://sdp-spark-master:7077 --executor-cores 1 --executor-memory 512m --total-executor-cores 3 --jars /opt/jars/delta-spark_2.12-3.2.0.jar,/opt/jars/delta-storage-3.2.0.jar,/opt/jars/spark-sql-kafka-0-10_2.12-3.5.1.jar,/opt/jars/kafka-clients-3.4.1.jar,/opt/jars/spark-token-provider-kafka-0-10_2.12-3.5.1.jar,/opt/jars/commons-pool2-2.11.1.jar --conf spark.sql.extensions=io.delta.sql.DeltaSparkSessionExtension --conf spark.sql.catalog.spark_catalog=org.apache.spark.sql.delta.catalog.DeltaCatalog  /opt/pipelines/gold_runner.py']
[2026-07-20T14:04:05.223+0000] {subprocess.py:86} INFO - Output:
[2026-07-20T14:04:07.848+0000] {subprocess.py:93} INFO - 26/07/20 14:04:07 WARN NativeCodeLoader: Unable to load native-hadoop library for your platform... using builtin-java classes where applicable
[2026-07-20T14:04:08.668+0000] {subprocess.py:93} INFO - 26/07/20 14:04:08 INFO SparkContext: Running Spark version 3.5.1
[2026-07-20T14:04:08.670+0000] {subprocess.py:93} INFO - 26/07/20 14:04:08 INFO SparkContext: OS info Linux, 6.18.33.2-microsoft-standard-WSL2, amd64
[2026-07-20T14:04:08.671+0000] {subprocess.py:93} INFO - 26/07/20 14:04:08 INFO SparkContext: Java version 11.0.22
[2026-07-20T14:04:08.702+0000] {subprocess.py:93} INFO - 26/07/20 14:04:08 INFO ResourceUtils: ==============================================================
[2026-07-20T14:04:08.703+0000] {subprocess.py:93} INFO - 26/07/20 14:04:08 INFO ResourceUtils: No custom resources configured for spark.driver.
[2026-07-20T14:04:08.704+0000] {subprocess.py:93} INFO - 26/07/20 14:04:08 INFO ResourceUtils: ==============================================================
[2026-07-20T14:04:08.706+0000] {subprocess.py:93} INFO - 26/07/20 14:04:08 INFO SparkContext: Submitted application: SDP-Gold
[2026-07-20T14:04:08.731+0000] {subprocess.py:93} INFO - 26/07/20 14:04:08 INFO ResourceProfile: Default ResourceProfile created, executor resources: Map(cores -> name: cores, amount: 1, script: , vendor: , memory -> name: memory, amount: 512, script: , vendor: , offHeap -> name: offHeap, amount: 0, script: , vendor: ), task resources: Map(cpus -> name: cpus, amount: 1.0)
[2026-07-20T14:04:08.746+0000] {subprocess.py:93} INFO - 26/07/20 14:04:08 INFO ResourceProfile: Limiting resource is cpus at 1 tasks per executor
[2026-07-20T14:04:08.749+0000] {subprocess.py:93} INFO - 26/07/20 14:04:08 INFO ResourceProfileManager: Added ResourceProfile id: 0
[2026-07-20T14:04:08.809+0000] {subprocess.py:93} INFO - 26/07/20 14:04:08 INFO SecurityManager: Changing view acls to: spark
[2026-07-20T14:04:08.811+0000] {subprocess.py:93} INFO - 26/07/20 14:04:08 INFO SecurityManager: Changing modify acls to: spark
[2026-07-20T14:04:08.812+0000] {subprocess.py:93} INFO - 26/07/20 14:04:08 INFO SecurityManager: Changing view acls groups to:
[2026-07-20T14:04:08.813+0000] {subprocess.py:93} INFO - 26/07/20 14:04:08 INFO SecurityManager: Changing modify acls groups to:
[2026-07-20T14:04:08.814+0000] {subprocess.py:93} INFO - 26/07/20 14:04:08 INFO SecurityManager: SecurityManager: authentication disabled; ui acls disabled; users with view permissions: spark; groups with view permissions: EMPTY; users with modify permissions: spark; groups with modify permissions: EMPTY
[2026-07-20T14:04:09.129+0000] {subprocess.py:93} INFO - 26/07/20 14:04:09 INFO Utils: Successfully started service 'sparkDriver' on port 46693.
[2026-07-20T14:04:09.172+0000] {subprocess.py:93} INFO - 26/07/20 14:04:09 INFO SparkEnv: Registering MapOutputTracker
[2026-07-20T14:04:09.213+0000] {subprocess.py:93} INFO - 26/07/20 14:04:09 INFO SparkEnv: Registering BlockManagerMaster
[2026-07-20T14:04:09.233+0000] {subprocess.py:93} INFO - 26/07/20 14:04:09 INFO BlockManagerMasterEndpoint: Using org.apache.spark.storage.DefaultTopologyMapper for getting topology information
[2026-07-20T14:04:09.235+0000] {subprocess.py:93} INFO - 26/07/20 14:04:09 INFO BlockManagerMasterEndpoint: BlockManagerMasterEndpoint up
[2026-07-20T14:04:09.239+0000] {subprocess.py:93} INFO - 26/07/20 14:04:09 INFO SparkEnv: Registering BlockManagerMasterHeartbeat
[2026-07-20T14:04:09.264+0000] {subprocess.py:93} INFO - 26/07/20 14:04:09 INFO DiskBlockManager: Created local directory at /tmp/blockmgr-9cfcc03e-f652-443a-ac04-c717cb062761
[2026-07-20T14:04:09.278+0000] {subprocess.py:93} INFO - 26/07/20 14:04:09 INFO MemoryStore: MemoryStore started with capacity 434.4 MiB
[2026-07-20T14:04:09.297+0000] {subprocess.py:93} INFO - 26/07/20 14:04:09 INFO SparkEnv: Registering OutputCommitCoordinator
[2026-07-20T14:04:09.452+0000] {subprocess.py:93} INFO - 26/07/20 14:04:09 INFO JettyUtils: Start Jetty 0.0.0.0:4040 for SparkUI
[2026-07-20T14:04:09.515+0000] {subprocess.py:93} INFO - 26/07/20 14:04:09 INFO Utils: Successfully started service 'SparkUI' on port 4040.
[2026-07-20T14:04:09.554+0000] {subprocess.py:93} INFO - 26/07/20 14:04:09 INFO SparkContext: Added JAR file:///opt/jars/delta-spark_2.12-3.2.0.jar at spark://649418eab08d:46693/jars/delta-spark_2.12-3.2.0.jar with timestamp 1784556248657
[2026-07-20T14:04:09.556+0000] {subprocess.py:93} INFO - 26/07/20 14:04:09 INFO SparkContext: Added JAR file:///opt/jars/delta-storage-3.2.0.jar at spark://649418eab08d:46693/jars/delta-storage-3.2.0.jar with timestamp 1784556248657
[2026-07-20T14:04:09.557+0000] {subprocess.py:93} INFO - 26/07/20 14:04:09 INFO SparkContext: Added JAR file:///opt/jars/spark-sql-kafka-0-10_2.12-3.5.1.jar at spark://649418eab08d:46693/jars/spark-sql-kafka-0-10_2.12-3.5.1.jar with timestamp 1784556248657
[2026-07-20T14:04:09.558+0000] {subprocess.py:93} INFO - 26/07/20 14:04:09 INFO SparkContext: Added JAR file:///opt/jars/kafka-clients-3.4.1.jar at spark://649418eab08d:46693/jars/kafka-clients-3.4.1.jar with timestamp 1784556248657
[2026-07-20T14:04:09.558+0000] {subprocess.py:93} INFO - 26/07/20 14:04:09 INFO SparkContext: Added JAR file:///opt/jars/spark-token-provider-kafka-0-10_2.12-3.5.1.jar at spark://649418eab08d:46693/jars/spark-token-provider-kafka-0-10_2.12-3.5.1.jar with timestamp 1784556248657
[2026-07-20T14:04:09.559+0000] {subprocess.py:93} INFO - 26/07/20 14:04:09 INFO SparkContext: Added JAR file:///opt/jars/commons-pool2-2.11.1.jar at spark://649418eab08d:46693/jars/commons-pool2-2.11.1.jar with timestamp 1784556248657
[2026-07-20T14:04:09.638+0000] {subprocess.py:93} INFO - 26/07/20 14:04:09 INFO StandaloneAppClient$ClientEndpoint: Connecting to master spark://sdp-spark-master:7077...
[2026-07-20T14:04:09.687+0000] {subprocess.py:93} INFO - 26/07/20 14:04:09 INFO TransportClientFactory: Successfully created connection to sdp-spark-master/172.18.0.4:7077 after 27 ms (0 ms spent in bootstraps)
[2026-07-20T14:04:09.771+0000] {subprocess.py:93} INFO - 26/07/20 14:04:09 INFO StandaloneSchedulerBackend: Connected to Spark cluster with app ID app-20260720140409-0110
[2026-07-20T14:04:09.773+0000] {subprocess.py:93} INFO - 26/07/20 14:04:09 INFO StandaloneAppClient$ClientEndpoint: Executor added: app-20260720140409-0110/0 on worker-20260716063602-172.18.0.5-44367 (172.18.0.5:44367) with 1 core(s)
[2026-07-20T14:04:09.774+0000] {subprocess.py:93} INFO - 26/07/20 14:04:09 INFO StandaloneSchedulerBackend: Granted executor ID app-20260720140409-0110/0 on hostPort 172.18.0.5:44367 with 1 core(s), 512.0 MiB RAM
[2026-07-20T14:04:09.776+0000] {subprocess.py:93} INFO - 26/07/20 14:04:09 INFO StandaloneAppClient$ClientEndpoint: Executor added: app-20260720140409-0110/1 on worker-20260716063602-172.18.0.5-44367 (172.18.0.5:44367) with 1 core(s)
[2026-07-20T14:04:09.777+0000] {subprocess.py:93} INFO - 26/07/20 14:04:09 INFO StandaloneSchedulerBackend: Granted executor ID app-20260720140409-0110/1 on hostPort 172.18.0.5:44367 with 1 core(s), 512.0 MiB RAM
[2026-07-20T14:04:09.782+0000] {subprocess.py:93} INFO - 26/07/20 14:04:09 INFO StandaloneAppClient$ClientEndpoint: Executor added: app-20260720140409-0110/2 on worker-20260716063602-172.18.0.6-33249 (172.18.0.6:33249) with 1 core(s)
[2026-07-20T14:04:09.785+0000] {subprocess.py:93} INFO - 26/07/20 14:04:09 INFO StandaloneSchedulerBackend: Granted executor ID app-20260720140409-0110/2 on hostPort 172.18.0.6:33249 with 1 core(s), 512.0 MiB RAM
[2026-07-20T14:04:09.787+0000] {subprocess.py:93} INFO - 26/07/20 14:04:09 INFO Utils: Successfully started service 'org.apache.spark.network.netty.NettyBlockTransferService' on port 40717.
[2026-07-20T14:04:09.789+0000] {subprocess.py:93} INFO - 26/07/20 14:04:09 INFO NettyBlockTransferService: Server created on 649418eab08d:40717
[2026-07-20T14:04:09.791+0000] {subprocess.py:93} INFO - 26/07/20 14:04:09 INFO BlockManager: Using org.apache.spark.storage.RandomBlockReplicationPolicy for block replication policy
[2026-07-20T14:04:09.801+0000] {subprocess.py:93} INFO - 26/07/20 14:04:09 INFO BlockManagerMaster: Registering BlockManager BlockManagerId(driver, 649418eab08d, 40717, None)
[2026-07-20T14:04:09.809+0000] {subprocess.py:93} INFO - 26/07/20 14:04:09 INFO BlockManagerMasterEndpoint: Registering block manager 649418eab08d:40717 with 434.4 MiB RAM, BlockManagerId(driver, 649418eab08d, 40717, None)
[2026-07-20T14:04:09.816+0000] {subprocess.py:93} INFO - 26/07/20 14:04:09 INFO BlockManagerMaster: Registered BlockManager BlockManagerId(driver, 649418eab08d, 40717, None)
[2026-07-20T14:04:09.829+0000] {subprocess.py:93} INFO - 26/07/20 14:04:09 INFO BlockManager: Initialized BlockManager: BlockManagerId(driver, 649418eab08d, 40717, None)
[2026-07-20T14:04:09.830+0000] {subprocess.py:93} INFO - 26/07/20 14:04:09 INFO StandaloneAppClient$ClientEndpoint: Executor updated: app-20260720140409-0110/2 is now RUNNING
[2026-07-20T14:04:09.832+0000] {subprocess.py:93} INFO - 26/07/20 14:04:09 INFO StandaloneAppClient$ClientEndpoint: Executor updated: app-20260720140409-0110/1 is now RUNNING
[2026-07-20T14:04:09.837+0000] {subprocess.py:93} INFO - 26/07/20 14:04:09 INFO StandaloneAppClient$ClientEndpoint: Executor updated: app-20260720140409-0110/0 is now RUNNING
[2026-07-20T14:04:10.190+0000] {subprocess.py:93} INFO - 26/07/20 14:04:10 INFO StandaloneSchedulerBackend: SchedulerBackend is ready for scheduling beginning after reached minRegisteredResourcesRatio: 0.0
[2026-07-20T14:04:36.188+0000] {subprocess.py:93} INFO - 26/07/20 14:04:36 WARN SparkStringUtils: Truncated the string representation of a plan since it was too large. This behavior can be adjusted by setting 'spark.sql.debug.maxToStringFields'.
[2026-07-20T14:05:14.459+0000] {subprocess.py:93} INFO - Gold table written: /opt/data/gold/daily_sales  (4 rows)
[2026-07-20T14:05:30.695+0000] {subprocess.py:93} INFO - Gold table written: /opt/data/gold/product_performance  (10 rows)
[2026-07-20T14:05:51.402+0000] {subprocess.py:93} INFO - Gold table written: /opt/data/gold/customer_orders  (5 rows)
[2026-07-20T14:05:51.404+0000] {subprocess.py:93} INFO - 
[2026-07-20T14:05:51.406+0000] {subprocess.py:93} INFO - Gold pipeline complete.
[2026-07-20T14:05:52.831+0000] {subprocess.py:97} INFO - Command exited with return code 0
[2026-07-20T14:05:52.834+0000] {taskinstance.py:441} INFO - ::group::Post task execution logs
[2026-07-20T14:05:52.873+0000] {taskinstance.py:1205} INFO - Marking task as SUCCESS. dag_id=e-commerce_kafka_streaming_pipeline_v1, task_id=run_gold, execution_date=20260720T130000, start_date=20260720T140404, end_date=20260720T140552
[2026-07-20T14:05:52.909+0000] {local_task_job_runner.py:240} INFO - Task exited with return code 0
[2026-07-20T14:05:52.933+0000] {taskinstance.py:3482} INFO - 1 downstream tasks scheduled from follow-on schedule check
[2026-07-20T14:05:52.937+0000] {local_task_job_runner.py:222} INFO - ::endgroup::
