[2026-06-09T05:04:10.543+0000] {local_task_job_runner.py:120} INFO - ::group::Pre task execution logs
[2026-06-09T05:04:10.624+0000] {taskinstance.py:2073} INFO - Dependencies all met for dep_context=non-requeueable deps ti=<TaskInstance: e-commerce_kafka_streaming_pipeline_v10.run_bronze scheduled__2026-06-09T04:00:00+00:00 [queued]>
[2026-06-09T05:04:10.645+0000] {taskinstance.py:2073} INFO - Dependencies all met for dep_context=requeueable deps ti=<TaskInstance: e-commerce_kafka_streaming_pipeline_v10.run_bronze scheduled__2026-06-09T04:00:00+00:00 [queued]>
[2026-06-09T05:04:10.646+0000] {taskinstance.py:2303} INFO - Starting attempt 2 of 2
[2026-06-09T05:04:10.677+0000] {taskinstance.py:2327} INFO - Executing <Task(BashOperator): run_bronze> on 2026-06-09 04:00:00+00:00
[2026-06-09T05:04:10.697+0000] {standard_task_runner.py:90} INFO - Running: ['***', 'tasks', 'run', 'e-commerce_kafka_streaming_pipeline_v10', 'run_bronze', 'scheduled__2026-06-09T04:00:00+00:00', '--job-id', '78', '--raw', '--subdir', 'DAGS_FOLDER/sdp_pipeline_dag.py', '--cfg-path', '/tmp/tmp07943g2k']
[2026-06-09T05:04:10.701+0000] {logging_mixin.py:188} WARNING - /home/***/.local/lib/python3.12/site-packages/***/task/task_runner/standard_task_runner.py:61 DeprecationWarning: This process (pid=1959) is multi-threaded, use of fork() may lead to deadlocks in the child.
[2026-06-09T05:04:10.703+0000] {standard_task_runner.py:91} INFO - Job 78: Subtask run_bronze
[2026-06-09T05:04:10.704+0000] {standard_task_runner.py:63} INFO - Started process 1960 to run task
[2026-06-09T05:04:10.838+0000] {task_command.py:426} INFO - Running <TaskInstance: e-commerce_kafka_streaming_pipeline_v10.run_bronze scheduled__2026-06-09T04:00:00+00:00 [running]> on host 19d9c0c71dcc
[2026-06-09T05:04:11.065+0000] {taskinstance.py:2644} INFO - Exporting env vars: AIRFLOW_CTX_DAG_OWNER='dev' AIRFLOW_CTX_DAG_ID='e-commerce_kafka_streaming_pipeline_v10' AIRFLOW_CTX_TASK_ID='run_bronze' AIRFLOW_CTX_EXECUTION_DATE='2026-06-09T04:00:00+00:00' AIRFLOW_CTX_TRY_NUMBER='2' AIRFLOW_CTX_DAG_RUN_ID='scheduled__2026-06-09T04:00:00+00:00'
[2026-06-09T05:04:11.066+0000] {taskinstance.py:430} INFO - ::endgroup::
[2026-06-09T05:04:11.102+0000] {subprocess.py:63} INFO - Tmp dir root location: /tmp
[2026-06-09T05:04:11.105+0000] {subprocess.py:75} INFO - Running command: ['/usr/bin/bash', '-c', 'timeout 120s docker run --rm --network streaming_kafka_project_sdp-net --volume /d/Streaming_kafka_project/pipelines:/opt/pipelines --volume /d/Streaming_kafka_project/data:/opt/data --volume /d/Streaming_kafka_project/checkpoints:/opt/checkpoints --volume /d/Streaming_kafka_project/jars:/opt/jars apache/spark:3.5.1 /opt/spark/bin/spark-submit --master spark://sdp-spark-master:7077 --executor-cores 1 --executor-memory 512m --total-executor-cores 3 --jars /opt/jars/delta-spark_2.12-3.2.0.jar,/opt/jars/delta-storage-3.2.0.jar,/opt/jars/spark-sql-kafka-0-10_2.12-3.5.1.jar,/opt/jars/kafka-clients-3.4.1.jar,/opt/jars/spark-token-provider-kafka-0-10_2.12-3.5.1.jar,/opt/jars/commons-pool2-2.11.1.jar --conf spark.sql.extensions=io.delta.sql.DeltaSparkSessionExtension --conf spark.sql.catalog.spark_catalog=org.apache.spark.sql.delta.catalog.DeltaCatalog  /opt/pipelines/bronze_runner.py']
[2026-06-09T05:04:11.129+0000] {subprocess.py:86} INFO - Output:
[2026-06-09T05:04:16.291+0000] {subprocess.py:93} INFO - 26/06/09 05:04:16 WARN NativeCodeLoader: Unable to load native-hadoop library for your platform... using builtin-java classes where applicable
[2026-06-09T05:04:17.637+0000] {subprocess.py:93} INFO - 26/06/09 05:04:17 INFO SparkContext: Running Spark version 3.5.1
[2026-06-09T05:04:17.638+0000] {subprocess.py:93} INFO - 26/06/09 05:04:17 INFO SparkContext: OS info Linux, 6.6.114.1-microsoft-standard-WSL2, amd64
[2026-06-09T05:04:17.639+0000] {subprocess.py:93} INFO - 26/06/09 05:04:17 INFO SparkContext: Java version 11.0.22
[2026-06-09T05:04:17.699+0000] {subprocess.py:93} INFO - 26/06/09 05:04:17 INFO ResourceUtils: ==============================================================
[2026-06-09T05:04:17.701+0000] {subprocess.py:93} INFO - 26/06/09 05:04:17 INFO ResourceUtils: No custom resources configured for spark.driver.
[2026-06-09T05:04:17.705+0000] {subprocess.py:93} INFO - 26/06/09 05:04:17 INFO ResourceUtils: ==============================================================
[2026-06-09T05:04:17.707+0000] {subprocess.py:93} INFO - 26/06/09 05:04:17 INFO SparkContext: Submitted application: SDP-Bronze
[2026-06-09T05:04:17.755+0000] {subprocess.py:93} INFO - 26/06/09 05:04:17 INFO ResourceProfile: Default ResourceProfile created, executor resources: Map(cores -> name: cores, amount: 1, script: , vendor: , memory -> name: memory, amount: 512, script: , vendor: , offHeap -> name: offHeap, amount: 0, script: , vendor: ), task resources: Map(cpus -> name: cpus, amount: 1.0)
[2026-06-09T05:04:17.778+0000] {subprocess.py:93} INFO - 26/06/09 05:04:17 INFO ResourceProfile: Limiting resource is cpus at 1 tasks per executor
[2026-06-09T05:04:17.784+0000] {subprocess.py:93} INFO - 26/06/09 05:04:17 INFO ResourceProfileManager: Added ResourceProfile id: 0
[2026-06-09T05:04:17.869+0000] {subprocess.py:93} INFO - 26/06/09 05:04:17 INFO SecurityManager: Changing view acls to: spark
[2026-06-09T05:04:17.871+0000] {subprocess.py:93} INFO - 26/06/09 05:04:17 INFO SecurityManager: Changing modify acls to: spark
[2026-06-09T05:04:17.875+0000] {subprocess.py:93} INFO - 26/06/09 05:04:17 INFO SecurityManager: Changing view acls groups to:
[2026-06-09T05:04:17.876+0000] {subprocess.py:93} INFO - 26/06/09 05:04:17 INFO SecurityManager: Changing modify acls groups to:
[2026-06-09T05:04:17.877+0000] {subprocess.py:93} INFO - 26/06/09 05:04:17 INFO SecurityManager: SecurityManager: authentication disabled; ui acls disabled; users with view permissions: spark; groups with view permissions: EMPTY; users with modify permissions: spark; groups with modify permissions: EMPTY
[2026-06-09T05:04:18.285+0000] {subprocess.py:93} INFO - 26/06/09 05:04:18 INFO Utils: Successfully started service 'sparkDriver' on port 44983.
[2026-06-09T05:04:18.338+0000] {subprocess.py:93} INFO - 26/06/09 05:04:18 INFO SparkEnv: Registering MapOutputTracker
[2026-06-09T05:04:18.394+0000] {subprocess.py:93} INFO - 26/06/09 05:04:18 INFO SparkEnv: Registering BlockManagerMaster
[2026-06-09T05:04:18.457+0000] {subprocess.py:93} INFO - 26/06/09 05:04:18 INFO BlockManagerMasterEndpoint: Using org.apache.spark.storage.DefaultTopologyMapper for getting topology information
[2026-06-09T05:04:18.458+0000] {subprocess.py:93} INFO - 26/06/09 05:04:18 INFO BlockManagerMasterEndpoint: BlockManagerMasterEndpoint up
[2026-06-09T05:04:18.466+0000] {subprocess.py:93} INFO - 26/06/09 05:04:18 INFO SparkEnv: Registering BlockManagerMasterHeartbeat
[2026-06-09T05:04:18.506+0000] {subprocess.py:93} INFO - 26/06/09 05:04:18 INFO DiskBlockManager: Created local directory at /tmp/blockmgr-58fc6393-4d5c-4233-8d1b-9326497bf27f
[2026-06-09T05:04:18.533+0000] {subprocess.py:93} INFO - 26/06/09 05:04:18 INFO MemoryStore: MemoryStore started with capacity 434.4 MiB
[2026-06-09T05:04:18.562+0000] {subprocess.py:93} INFO - 26/06/09 05:04:18 INFO SparkEnv: Registering OutputCommitCoordinator
[2026-06-09T05:04:18.838+0000] {subprocess.py:93} INFO - 26/06/09 05:04:18 INFO JettyUtils: Start Jetty 0.0.0.0:4040 for SparkUI
[2026-06-09T05:04:19.079+0000] {subprocess.py:93} INFO - 26/06/09 05:04:19 INFO Utils: Successfully started service 'SparkUI' on port 4040.
[2026-06-09T05:04:19.243+0000] {subprocess.py:93} INFO - 26/06/09 05:04:19 INFO SparkContext: Added JAR file:///opt/jars/delta-spark_2.12-3.2.0.jar at spark://4821b91beb73:44983/jars/delta-spark_2.12-3.2.0.jar with timestamp 1780981457615
[2026-06-09T05:04:19.247+0000] {subprocess.py:93} INFO - 26/06/09 05:04:19 INFO SparkContext: Added JAR file:///opt/jars/delta-storage-3.2.0.jar at spark://4821b91beb73:44983/jars/delta-storage-3.2.0.jar with timestamp 1780981457615
[2026-06-09T05:04:19.251+0000] {subprocess.py:93} INFO - 26/06/09 05:04:19 INFO SparkContext: Added JAR file:///opt/jars/spark-sql-kafka-0-10_2.12-3.5.1.jar at spark://4821b91beb73:44983/jars/spark-sql-kafka-0-10_2.12-3.5.1.jar with timestamp 1780981457615
[2026-06-09T05:04:19.254+0000] {subprocess.py:93} INFO - 26/06/09 05:04:19 INFO SparkContext: Added JAR file:///opt/jars/kafka-clients-3.4.1.jar at spark://4821b91beb73:44983/jars/kafka-clients-3.4.1.jar with timestamp 1780981457615
[2026-06-09T05:04:19.256+0000] {subprocess.py:93} INFO - 26/06/09 05:04:19 INFO SparkContext: Added JAR file:///opt/jars/spark-token-provider-kafka-0-10_2.12-3.5.1.jar at spark://4821b91beb73:44983/jars/spark-token-provider-kafka-0-10_2.12-3.5.1.jar with timestamp 1780981457615
[2026-06-09T05:04:19.257+0000] {subprocess.py:93} INFO - 26/06/09 05:04:19 INFO SparkContext: Added JAR file:///opt/jars/commons-pool2-2.11.1.jar at spark://4821b91beb73:44983/jars/commons-pool2-2.11.1.jar with timestamp 1780981457615
[2026-06-09T05:04:19.423+0000] {subprocess.py:93} INFO - 26/06/09 05:04:19 INFO StandaloneAppClient$ClientEndpoint: Connecting to master spark://sdp-spark-master:7077...
[2026-06-09T05:04:19.506+0000] {subprocess.py:93} INFO - 26/06/09 05:04:19 INFO TransportClientFactory: Successfully created connection to sdp-spark-master/172.18.0.4:7077 after 48 ms (0 ms spent in bootstraps)
[2026-06-09T05:04:19.689+0000] {subprocess.py:93} INFO - 26/06/09 05:04:19 INFO StandaloneSchedulerBackend: Connected to Spark cluster with app ID app-20260609050419-0026
[2026-06-09T05:04:19.704+0000] {subprocess.py:93} INFO - 26/06/09 05:04:19 INFO StandaloneAppClient$ClientEndpoint: Executor added: app-20260609050419-0026/0 on worker-20260608131402-172.18.0.6-44005 (172.18.0.6:44005) with 1 core(s)
[2026-06-09T05:04:19.728+0000] {subprocess.py:93} INFO - 26/06/09 05:04:19 INFO StandaloneSchedulerBackend: Granted executor ID app-20260609050419-0026/0 on hostPort 172.18.0.6:44005 with 1 core(s), 512.0 MiB RAM
[2026-06-09T05:04:19.731+0000] {subprocess.py:93} INFO - 26/06/09 05:04:19 INFO StandaloneAppClient$ClientEndpoint: Executor added: app-20260609050419-0026/1 on worker-20260608131402-172.18.0.6-44005 (172.18.0.6:44005) with 1 core(s)
[2026-06-09T05:04:19.736+0000] {subprocess.py:93} INFO - 26/06/09 05:04:19 INFO StandaloneSchedulerBackend: Granted executor ID app-20260609050419-0026/1 on hostPort 172.18.0.6:44005 with 1 core(s), 512.0 MiB RAM
[2026-06-09T05:04:19.743+0000] {subprocess.py:93} INFO - 26/06/09 05:04:19 INFO StandaloneAppClient$ClientEndpoint: Executor added: app-20260609050419-0026/2 on worker-20260608131402-172.18.0.5-38399 (172.18.0.5:38399) with 1 core(s)
[2026-06-09T05:04:19.747+0000] {subprocess.py:93} INFO - 26/06/09 05:04:19 INFO StandaloneSchedulerBackend: Granted executor ID app-20260609050419-0026/2 on hostPort 172.18.0.5:38399 with 1 core(s), 512.0 MiB RAM
[2026-06-09T05:04:19.775+0000] {subprocess.py:93} INFO - 26/06/09 05:04:19 INFO Utils: Successfully started service 'org.apache.spark.network.netty.NettyBlockTransferService' on port 46423.
[2026-06-09T05:04:19.777+0000] {subprocess.py:93} INFO - 26/06/09 05:04:19 INFO NettyBlockTransferService: Server created on 4821b91beb73:46423
[2026-06-09T05:04:19.788+0000] {subprocess.py:93} INFO - 26/06/09 05:04:19 INFO BlockManager: Using org.apache.spark.storage.RandomBlockReplicationPolicy for block replication policy
[2026-06-09T05:04:19.828+0000] {subprocess.py:93} INFO - 26/06/09 05:04:19 INFO BlockManagerMaster: Registering BlockManager BlockManagerId(driver, 4821b91beb73, 46423, None)
[2026-06-09T05:04:19.837+0000] {subprocess.py:93} INFO - 26/06/09 05:04:19 INFO BlockManagerMasterEndpoint: Registering block manager 4821b91beb73:46423 with 434.4 MiB RAM, BlockManagerId(driver, 4821b91beb73, 46423, None)
[2026-06-09T05:04:19.846+0000] {subprocess.py:93} INFO - 26/06/09 05:04:19 INFO BlockManagerMaster: Registered BlockManager BlockManagerId(driver, 4821b91beb73, 46423, None)
[2026-06-09T05:04:19.864+0000] {subprocess.py:93} INFO - 26/06/09 05:04:19 INFO BlockManager: Initialized BlockManager: BlockManagerId(driver, 4821b91beb73, 46423, None)
[2026-06-09T05:04:20.039+0000] {subprocess.py:93} INFO - 26/06/09 05:04:20 INFO StandaloneAppClient$ClientEndpoint: Executor updated: app-20260609050419-0026/2 is now RUNNING
[2026-06-09T05:04:20.047+0000] {subprocess.py:93} INFO - 26/06/09 05:04:20 INFO StandaloneAppClient$ClientEndpoint: Executor updated: app-20260609050419-0026/0 is now RUNNING
[2026-06-09T05:04:20.052+0000] {subprocess.py:93} INFO - 26/06/09 05:04:20 INFO StandaloneAppClient$ClientEndpoint: Executor updated: app-20260609050419-0026/1 is now RUNNING
[2026-06-09T05:04:21.120+0000] {subprocess.py:93} INFO - 26/06/09 05:04:21 INFO StandaloneSchedulerBackend: SchedulerBackend is ready for scheduling beginning after reached minRegisteredResourcesRatio: 0.0
[2026-06-09T05:04:22.292+0000] {subprocess.py:93} INFO - Starting stream: orders -> /opt/data/bronze/orders
[2026-06-09T05:04:58.547+0000] {subprocess.py:93} INFO - 26/06/09 05:04:58 WARN ResolveWriteToStream: spark.sql.adaptive.enabled is not supported in streaming DataFrames/Datasets and will be disabled.
[2026-06-09T05:04:58.865+0000] {subprocess.py:93} INFO - Starting stream: customers -> /opt/data/bronze/customers
[2026-06-09T05:05:01.633+0000] {subprocess.py:93} INFO - 26/06/09 05:05:01 WARN ResolveWriteToStream: spark.sql.adaptive.enabled is not supported in streaming DataFrames/Datasets and will be disabled.
[2026-06-09T05:05:01.796+0000] {subprocess.py:93} INFO - Starting stream: products -> /opt/data/bronze/products
[2026-06-09T05:05:04.008+0000] {subprocess.py:93} INFO - 26/06/09 05:05:04 WARN ResolveWriteToStream: spark.sql.adaptive.enabled is not supported in streaming DataFrames/Datasets and will be disabled.
[2026-06-09T05:05:05.694+0000] {subprocess.py:93} INFO - 26/06/09 05:05:05 WARN SparkStringUtils: Truncated the string representation of a plan since it was too large. This behavior can be adjusted by setting 'spark.sql.debug.maxToStringFields'.
[2026-06-09T05:05:06.086+0000] {subprocess.py:93} INFO - 26/06/09 05:05:06 WARN AdminClientConfig: These configurations '[key.deserializer, value.deserializer, enable.auto.commit, max.poll.records, auto.offset.reset]' were supplied but are not used yet.
[2026-06-09T05:06:06.216+0000] {subprocess.py:93} INFO - 26/06/09 05:06:06 WARN AdminClientConfig: These configurations '[key.deserializer, value.deserializer, enable.auto.commit, max.poll.records, auto.offset.reset]' were supplied but are not used yet.
[2026-06-09T05:06:12.988+0000] {subprocess.py:97} INFO - Command exited with return code 124
[2026-06-09T05:06:12.991+0000] {taskinstance.py:441} INFO - ::group::Post task execution logs
[2026-06-09T05:06:13.023+0000] {taskinstance.py:2890} ERROR - Task failed with exception
Traceback (most recent call last):
  File "/home/airflow/.local/lib/python3.12/site-packages/airflow/models/taskinstance.py", line 465, in _execute_task
    result = _execute_callable(context=context, **execute_callable_kwargs)
             ^^^^^^^^^^^^^^^^^^^^^^^^^^^^^^^^^^^^^^^^^^^^^^^^^^^^^^^^^^^^^
  File "/home/airflow/.local/lib/python3.12/site-packages/airflow/models/taskinstance.py", line 432, in _execute_callable
    return execute_callable(context=context, **execute_callable_kwargs)
           ^^^^^^^^^^^^^^^^^^^^^^^^^^^^^^^^^^^^^^^^^^^^^^^^^^^^^^^^^^^^
  File "/home/airflow/.local/lib/python3.12/site-packages/airflow/models/baseoperator.py", line 400, in wrapper
    return func(self, *args, **kwargs)
           ^^^^^^^^^^^^^^^^^^^^^^^^^^^
  File "/home/airflow/.local/lib/python3.12/site-packages/airflow/operators/bash.py", line 243, in execute
    raise AirflowException(
airflow.exceptions.AirflowException: Bash command failed. The command returned a non-zero exit code 124.
[2026-06-09T05:06:13.040+0000] {taskinstance.py:1205} INFO - Marking task as FAILED. dag_id=e-commerce_kafka_streaming_pipeline_v10, task_id=run_bronze, execution_date=20260609T040000, start_date=20260609T050410, end_date=20260609T050613
[2026-06-09T05:06:13.080+0000] {standard_task_runner.py:110} ERROR - Failed to execute job 78 for task run_bronze (Bash command failed. The command returned a non-zero exit code 124.; 1960)
[2026-06-09T05:06:13.118+0000] {local_task_job_runner.py:240} INFO - Task exited with return code 1
[2026-06-09T05:06:13.193+0000] {taskinstance.py:3482} INFO - 0 downstream tasks scheduled from follow-on schedule check
[2026-06-09T05:06:13.209+0000] {local_task_job_runner.py:222} INFO - ::endgroup::
