[2026-06-09T05:00:06.125+0000] {local_task_job_runner.py:120} INFO - ::group::Pre task execution logs
[2026-06-09T05:00:06.177+0000] {taskinstance.py:2073} INFO - Dependencies all met for dep_context=non-requeueable deps ti=<TaskInstance: e-commerce_kafka_streaming_pipeline_v10.run_bronze scheduled__2026-06-09T04:00:00+00:00 [queued]>
[2026-06-09T05:00:06.192+0000] {taskinstance.py:2073} INFO - Dependencies all met for dep_context=requeueable deps ti=<TaskInstance: e-commerce_kafka_streaming_pipeline_v10.run_bronze scheduled__2026-06-09T04:00:00+00:00 [queued]>
[2026-06-09T05:00:06.193+0000] {taskinstance.py:2303} INFO - Starting attempt 1 of 2
[2026-06-09T05:00:06.212+0000] {taskinstance.py:2327} INFO - Executing <Task(BashOperator): run_bronze> on 2026-06-09 04:00:00+00:00
[2026-06-09T05:00:06.229+0000] {logging_mixin.py:188} WARNING - /home/***/.local/lib/python3.12/site-packages/***/task/task_runner/standard_task_runner.py:61 DeprecationWarning: This process (pid=1907) is multi-threaded, use of fork() may lead to deadlocks in the child.
[2026-06-09T05:00:06.227+0000] {standard_task_runner.py:90} INFO - Running: ['***', 'tasks', 'run', 'e-commerce_kafka_streaming_pipeline_v10', 'run_bronze', 'scheduled__2026-06-09T04:00:00+00:00', '--job-id', '77', '--raw', '--subdir', 'DAGS_FOLDER/sdp_pipeline_dag.py', '--cfg-path', '/tmp/tmp75lot7e4']
[2026-06-09T05:00:06.231+0000] {standard_task_runner.py:63} INFO - Started process 1908 to run task
[2026-06-09T05:00:06.231+0000] {standard_task_runner.py:91} INFO - Job 77: Subtask run_bronze
[2026-06-09T05:00:06.325+0000] {task_command.py:426} INFO - Running <TaskInstance: e-commerce_kafka_streaming_pipeline_v10.run_bronze scheduled__2026-06-09T04:00:00+00:00 [running]> on host 19d9c0c71dcc
[2026-06-09T05:00:06.476+0000] {taskinstance.py:2644} INFO - Exporting env vars: AIRFLOW_CTX_DAG_OWNER='dev' AIRFLOW_CTX_DAG_ID='e-commerce_kafka_streaming_pipeline_v10' AIRFLOW_CTX_TASK_ID='run_bronze' AIRFLOW_CTX_EXECUTION_DATE='2026-06-09T04:00:00+00:00' AIRFLOW_CTX_TRY_NUMBER='1' AIRFLOW_CTX_DAG_RUN_ID='scheduled__2026-06-09T04:00:00+00:00'
[2026-06-09T05:00:06.480+0000] {taskinstance.py:430} INFO - ::endgroup::
[2026-06-09T05:00:06.512+0000] {subprocess.py:63} INFO - Tmp dir root location: /tmp
[2026-06-09T05:00:06.514+0000] {subprocess.py:75} INFO - Running command: ['/usr/bin/bash', '-c', 'timeout 120s docker run --rm --network streaming_kafka_project_sdp-net --volume /d/Streaming_kafka_project/pipelines:/opt/pipelines --volume /d/Streaming_kafka_project/data:/opt/data --volume /d/Streaming_kafka_project/checkpoints:/opt/checkpoints --volume /d/Streaming_kafka_project/jars:/opt/jars apache/spark:3.5.1 /opt/spark/bin/spark-submit --master spark://sdp-spark-master:7077 --executor-cores 1 --executor-memory 512m --total-executor-cores 3 --jars /opt/jars/delta-spark_2.12-3.2.0.jar,/opt/jars/delta-storage-3.2.0.jar,/opt/jars/spark-sql-kafka-0-10_2.12-3.5.1.jar,/opt/jars/kafka-clients-3.4.1.jar,/opt/jars/spark-token-provider-kafka-0-10_2.12-3.5.1.jar,/opt/jars/commons-pool2-2.11.1.jar --conf spark.sql.extensions=io.delta.sql.DeltaSparkSessionExtension --conf spark.sql.catalog.spark_catalog=org.apache.spark.sql.delta.catalog.DeltaCatalog  /opt/pipelines/bronze_runner.py']
[2026-06-09T05:00:06.532+0000] {subprocess.py:86} INFO - Output:
[2026-06-09T05:00:12.441+0000] {subprocess.py:93} INFO - 26/06/09 05:00:12 WARN NativeCodeLoader: Unable to load native-hadoop library for your platform... using builtin-java classes where applicable
[2026-06-09T05:00:13.990+0000] {subprocess.py:93} INFO - 26/06/09 05:00:13 INFO SparkContext: Running Spark version 3.5.1
[2026-06-09T05:00:13.992+0000] {subprocess.py:93} INFO - 26/06/09 05:00:13 INFO SparkContext: OS info Linux, 6.6.114.1-microsoft-standard-WSL2, amd64
[2026-06-09T05:00:13.994+0000] {subprocess.py:93} INFO - 26/06/09 05:00:13 INFO SparkContext: Java version 11.0.22
[2026-06-09T05:00:14.084+0000] {subprocess.py:93} INFO - 26/06/09 05:00:14 INFO ResourceUtils: ==============================================================
[2026-06-09T05:00:14.091+0000] {subprocess.py:93} INFO - 26/06/09 05:00:14 INFO ResourceUtils: No custom resources configured for spark.driver.
[2026-06-09T05:00:14.092+0000] {subprocess.py:93} INFO - 26/06/09 05:00:14 INFO ResourceUtils: ==============================================================
[2026-06-09T05:00:14.093+0000] {subprocess.py:93} INFO - 26/06/09 05:00:14 INFO SparkContext: Submitted application: SDP-Bronze
[2026-06-09T05:00:14.153+0000] {subprocess.py:93} INFO - 26/06/09 05:00:14 INFO ResourceProfile: Default ResourceProfile created, executor resources: Map(cores -> name: cores, amount: 1, script: , vendor: , memory -> name: memory, amount: 512, script: , vendor: , offHeap -> name: offHeap, amount: 0, script: , vendor: ), task resources: Map(cpus -> name: cpus, amount: 1.0)
[2026-06-09T05:00:14.200+0000] {subprocess.py:93} INFO - 26/06/09 05:00:14 INFO ResourceProfile: Limiting resource is cpus at 1 tasks per executor
[2026-06-09T05:00:14.206+0000] {subprocess.py:93} INFO - 26/06/09 05:00:14 INFO ResourceProfileManager: Added ResourceProfile id: 0
[2026-06-09T05:00:14.350+0000] {subprocess.py:93} INFO - 26/06/09 05:00:14 INFO SecurityManager: Changing view acls to: spark
[2026-06-09T05:00:14.355+0000] {subprocess.py:93} INFO - 26/06/09 05:00:14 INFO SecurityManager: Changing modify acls to: spark
[2026-06-09T05:00:14.358+0000] {subprocess.py:93} INFO - 26/06/09 05:00:14 INFO SecurityManager: Changing view acls groups to:
[2026-06-09T05:00:14.360+0000] {subprocess.py:93} INFO - 26/06/09 05:00:14 INFO SecurityManager: Changing modify acls groups to:
[2026-06-09T05:00:14.361+0000] {subprocess.py:93} INFO - 26/06/09 05:00:14 INFO SecurityManager: SecurityManager: authentication disabled; ui acls disabled; users with view permissions: spark; groups with view permissions: EMPTY; users with modify permissions: spark; groups with modify permissions: EMPTY
[2026-06-09T05:00:15.022+0000] {subprocess.py:93} INFO - 26/06/09 05:00:15 INFO Utils: Successfully started service 'sparkDriver' on port 39527.
[2026-06-09T05:00:15.183+0000] {subprocess.py:93} INFO - 26/06/09 05:00:15 INFO SparkEnv: Registering MapOutputTracker
[2026-06-09T05:00:15.308+0000] {subprocess.py:93} INFO - 26/06/09 05:00:15 INFO SparkEnv: Registering BlockManagerMaster
[2026-06-09T05:00:15.413+0000] {subprocess.py:93} INFO - 26/06/09 05:00:15 INFO BlockManagerMasterEndpoint: Using org.apache.spark.storage.DefaultTopologyMapper for getting topology information
[2026-06-09T05:00:15.420+0000] {subprocess.py:93} INFO - 26/06/09 05:00:15 INFO BlockManagerMasterEndpoint: BlockManagerMasterEndpoint up
[2026-06-09T05:00:15.438+0000] {subprocess.py:93} INFO - 26/06/09 05:00:15 INFO SparkEnv: Registering BlockManagerMasterHeartbeat
[2026-06-09T05:00:15.577+0000] {subprocess.py:93} INFO - 26/06/09 05:00:15 INFO DiskBlockManager: Created local directory at /tmp/blockmgr-c31ad9c4-3445-480a-9382-f45aad6bf8ec
[2026-06-09T05:00:15.646+0000] {subprocess.py:93} INFO - 26/06/09 05:00:15 INFO MemoryStore: MemoryStore started with capacity 434.4 MiB
[2026-06-09T05:00:15.718+0000] {subprocess.py:93} INFO - 26/06/09 05:00:15 INFO SparkEnv: Registering OutputCommitCoordinator
[2026-06-09T05:00:16.241+0000] {subprocess.py:93} INFO - 26/06/09 05:00:16 INFO JettyUtils: Start Jetty 0.0.0.0:4040 for SparkUI
[2026-06-09T05:00:16.433+0000] {subprocess.py:93} INFO - 26/06/09 05:00:16 INFO Utils: Successfully started service 'SparkUI' on port 4040.
[2026-06-09T05:00:16.546+0000] {subprocess.py:93} INFO - 26/06/09 05:00:16 INFO SparkContext: Added JAR file:///opt/jars/delta-spark_2.12-3.2.0.jar at spark://997655c603f9:39527/jars/delta-spark_2.12-3.2.0.jar with timestamp 1780981213968
[2026-06-09T05:00:16.550+0000] {subprocess.py:93} INFO - 26/06/09 05:00:16 INFO SparkContext: Added JAR file:///opt/jars/delta-storage-3.2.0.jar at spark://997655c603f9:39527/jars/delta-storage-3.2.0.jar with timestamp 1780981213968
[2026-06-09T05:00:16.557+0000] {subprocess.py:93} INFO - 26/06/09 05:00:16 INFO SparkContext: Added JAR file:///opt/jars/spark-sql-kafka-0-10_2.12-3.5.1.jar at spark://997655c603f9:39527/jars/spark-sql-kafka-0-10_2.12-3.5.1.jar with timestamp 1780981213968
[2026-06-09T05:00:16.564+0000] {subprocess.py:93} INFO - 26/06/09 05:00:16 INFO SparkContext: Added JAR file:///opt/jars/kafka-clients-3.4.1.jar at spark://997655c603f9:39527/jars/kafka-clients-3.4.1.jar with timestamp 1780981213968
[2026-06-09T05:00:16.570+0000] {subprocess.py:93} INFO - 26/06/09 05:00:16 INFO SparkContext: Added JAR file:///opt/jars/spark-token-provider-kafka-0-10_2.12-3.5.1.jar at spark://997655c603f9:39527/jars/spark-token-provider-kafka-0-10_2.12-3.5.1.jar with timestamp 1780981213968
[2026-06-09T05:00:16.575+0000] {subprocess.py:93} INFO - 26/06/09 05:00:16 INFO SparkContext: Added JAR file:///opt/jars/commons-pool2-2.11.1.jar at spark://997655c603f9:39527/jars/commons-pool2-2.11.1.jar with timestamp 1780981213968
[2026-06-09T05:00:16.833+0000] {subprocess.py:93} INFO - 26/06/09 05:00:16 INFO StandaloneAppClient$ClientEndpoint: Connecting to master spark://sdp-spark-master:7077...
[2026-06-09T05:00:17.013+0000] {subprocess.py:93} INFO - 26/06/09 05:00:17 INFO TransportClientFactory: Successfully created connection to sdp-spark-master/172.18.0.4:7077 after 117 ms (0 ms spent in bootstraps)
[2026-06-09T05:00:17.265+0000] {subprocess.py:93} INFO - 26/06/09 05:00:17 INFO StandaloneSchedulerBackend: Connected to Spark cluster with app ID app-20260609050017-0025
[2026-06-09T05:00:17.281+0000] {subprocess.py:93} INFO - 26/06/09 05:00:17 INFO StandaloneAppClient$ClientEndpoint: Executor added: app-20260609050017-0025/0 on worker-20260608131402-172.18.0.6-44005 (172.18.0.6:44005) with 1 core(s)
[2026-06-09T05:00:17.298+0000] {subprocess.py:93} INFO - 26/06/09 05:00:17 INFO StandaloneSchedulerBackend: Granted executor ID app-20260609050017-0025/0 on hostPort 172.18.0.6:44005 with 1 core(s), 512.0 MiB RAM
[2026-06-09T05:00:17.314+0000] {subprocess.py:93} INFO - 26/06/09 05:00:17 INFO StandaloneAppClient$ClientEndpoint: Executor added: app-20260609050017-0025/1 on worker-20260608131402-172.18.0.6-44005 (172.18.0.6:44005) with 1 core(s)
[2026-06-09T05:00:17.318+0000] {subprocess.py:93} INFO - 26/06/09 05:00:17 INFO StandaloneSchedulerBackend: Granted executor ID app-20260609050017-0025/1 on hostPort 172.18.0.6:44005 with 1 core(s), 512.0 MiB RAM
[2026-06-09T05:00:17.320+0000] {subprocess.py:93} INFO - 26/06/09 05:00:17 INFO StandaloneAppClient$ClientEndpoint: Executor added: app-20260609050017-0025/2 on worker-20260608131402-172.18.0.5-38399 (172.18.0.5:38399) with 1 core(s)
[2026-06-09T05:00:17.323+0000] {subprocess.py:93} INFO - 26/06/09 05:00:17 INFO StandaloneSchedulerBackend: Granted executor ID app-20260609050017-0025/2 on hostPort 172.18.0.5:38399 with 1 core(s), 512.0 MiB RAM
[2026-06-09T05:00:17.338+0000] {subprocess.py:93} INFO - 26/06/09 05:00:17 INFO Utils: Successfully started service 'org.apache.spark.network.netty.NettyBlockTransferService' on port 35403.
[2026-06-09T05:00:17.339+0000] {subprocess.py:93} INFO - 26/06/09 05:00:17 INFO NettyBlockTransferService: Server created on 997655c603f9:35403
[2026-06-09T05:00:17.361+0000] {subprocess.py:93} INFO - 26/06/09 05:00:17 INFO BlockManager: Using org.apache.spark.storage.RandomBlockReplicationPolicy for block replication policy
[2026-06-09T05:00:17.385+0000] {subprocess.py:93} INFO - 26/06/09 05:00:17 INFO BlockManagerMaster: Registering BlockManager BlockManagerId(driver, 997655c603f9, 35403, None)
[2026-06-09T05:00:17.395+0000] {subprocess.py:93} INFO - 26/06/09 05:00:17 INFO BlockManagerMasterEndpoint: Registering block manager 997655c603f9:35403 with 434.4 MiB RAM, BlockManagerId(driver, 997655c603f9, 35403, None)
[2026-06-09T05:00:17.429+0000] {subprocess.py:93} INFO - 26/06/09 05:00:17 INFO BlockManagerMaster: Registered BlockManager BlockManagerId(driver, 997655c603f9, 35403, None)
[2026-06-09T05:00:17.432+0000] {subprocess.py:93} INFO - 26/06/09 05:00:17 INFO BlockManager: Initialized BlockManager: BlockManagerId(driver, 997655c603f9, 35403, None)
[2026-06-09T05:00:17.887+0000] {subprocess.py:93} INFO - 26/06/09 05:00:17 INFO StandaloneAppClient$ClientEndpoint: Executor updated: app-20260609050017-0025/0 is now RUNNING
[2026-06-09T05:00:17.888+0000] {subprocess.py:93} INFO - 26/06/09 05:00:17 INFO StandaloneAppClient$ClientEndpoint: Executor updated: app-20260609050017-0025/1 is now RUNNING
[2026-06-09T05:00:17.923+0000] {subprocess.py:93} INFO - 26/06/09 05:00:17 INFO StandaloneAppClient$ClientEndpoint: Executor updated: app-20260609050017-0025/2 is now RUNNING
[2026-06-09T05:00:19.161+0000] {subprocess.py:93} INFO - 26/06/09 05:00:19 INFO StandaloneSchedulerBackend: SchedulerBackend is ready for scheduling beginning after reached minRegisteredResourcesRatio: 0.0
[2026-06-09T05:00:20.437+0000] {subprocess.py:93} INFO - Starting stream: orders -> /opt/data/bronze/orders
[2026-06-09T05:00:52.217+0000] {subprocess.py:93} INFO - 26/06/09 05:00:52 WARN ResolveWriteToStream: spark.sql.adaptive.enabled is not supported in streaming DataFrames/Datasets and will be disabled.
[2026-06-09T05:00:52.543+0000] {subprocess.py:93} INFO - Starting stream: customers -> /opt/data/bronze/customers
[2026-06-09T05:00:54.243+0000] {subprocess.py:93} INFO - 26/06/09 05:00:54 WARN AdminClientConfig: These configurations '[key.deserializer, value.deserializer, enable.auto.commit, max.poll.records, auto.offset.reset]' were supplied but are not used yet.
[2026-06-09T05:01:00.385+0000] {subprocess.py:93} INFO - 26/06/09 05:01:00 WARN ResolveWriteToStream: spark.sql.adaptive.enabled is not supported in streaming DataFrames/Datasets and will be disabled.
[2026-06-09T05:01:00.516+0000] {subprocess.py:93} INFO - Starting stream: products -> /opt/data/bronze/products
[2026-06-09T05:01:01.620+0000] {subprocess.py:93} INFO - 26/06/09 05:01:01 WARN AdminClientConfig: These configurations '[key.deserializer, value.deserializer, enable.auto.commit, max.poll.records, auto.offset.reset]' were supplied but are not used yet.
[2026-06-09T05:01:03.035+0000] {subprocess.py:93} INFO - 26/06/09 05:01:03 WARN ResolveWriteToStream: spark.sql.adaptive.enabled is not supported in streaming DataFrames/Datasets and will be disabled.
[2026-06-09T05:01:03.811+0000] {subprocess.py:93} INFO - 26/06/09 05:01:03 WARN SparkStringUtils: Truncated the string representation of a plan since it was too large. This behavior can be adjusted by setting 'spark.sql.debug.maxToStringFields'.
[2026-06-09T05:01:04.035+0000] {subprocess.py:93} INFO - 26/06/09 05:01:04 WARN AdminClientConfig: These configurations '[key.deserializer, value.deserializer, enable.auto.commit, max.poll.records, auto.offset.reset]' were supplied but are not used yet.
[2026-06-09T05:02:07.354+0000] {subprocess.py:93} INFO - 26/06/09 05:02:07 ERROR DeltaFileFormatWriter: Aborting job 7dec88f0-928d-46ec-a1fa-cd778cd51960.
[2026-06-09T05:02:07.355+0000] {subprocess.py:93} INFO - org.apache.spark.SparkException: Job 9 cancelled because SparkContext was shut down
[2026-06-09T05:02:07.356+0000] {subprocess.py:93} INFO - 	at org.apache.spark.scheduler.DAGScheduler.$anonfun$cleanUpAfterSchedulerStop$1(DAGScheduler.scala:1253)
[2026-06-09T05:02:07.357+0000] {subprocess.py:93} INFO - 	at org.apache.spark.scheduler.DAGScheduler.$anonfun$cleanUpAfterSchedulerStop$1$adapted(DAGScheduler.scala:1251)
[2026-06-09T05:02:07.358+0000] {subprocess.py:93} INFO - 	at scala.collection.mutable.HashSet.foreach(HashSet.scala:79)
[2026-06-09T05:02:07.359+0000] {subprocess.py:93} INFO - 	at org.apache.spark.scheduler.DAGScheduler.cleanUpAfterSchedulerStop(DAGScheduler.scala:1251)
[2026-06-09T05:02:07.361+0000] {subprocess.py:93} INFO - 	at org.apache.spark.scheduler.DAGSchedulerEventProcessLoop.onStop(DAGScheduler.scala:3087)
[2026-06-09T05:02:07.362+0000] {subprocess.py:93} INFO - 	at org.apache.spark.util.EventLoop.stop(EventLoop.scala:84)
[2026-06-09T05:02:07.367+0000] {subprocess.py:93} INFO - 	at org.apache.spark.scheduler.DAGScheduler.$anonfun$stop$3(DAGScheduler.scala:2973)
[2026-06-09T05:02:07.383+0000] {subprocess.py:93} INFO - 	at org.apache.spark.util.Utils$.tryLogNonFatalError(Utils.scala:1375)
[2026-06-09T05:02:07.386+0000] {subprocess.py:93} INFO - 	at org.apache.spark.scheduler.DAGScheduler.stop(DAGScheduler.scala:2973)
[2026-06-09T05:02:07.389+0000] {subprocess.py:93} INFO - 	at org.apache.spark.SparkContext.$anonfun$stop$12(SparkContext.scala:2263)
[2026-06-09T05:02:07.399+0000] {subprocess.py:93} INFO - 	at org.apache.spark.util.Utils$.tryLogNonFatalError(Utils.scala:1375)
[2026-06-09T05:02:07.402+0000] {subprocess.py:93} INFO - 	at org.apache.spark.SparkContext.stop(SparkContext.scala:2263)
[2026-06-09T05:02:07.414+0000] {subprocess.py:93} INFO - 	at org.apache.spark.SparkContext.stop(SparkContext.scala:2216)
[2026-06-09T05:02:07.415+0000] {subprocess.py:93} INFO - 	at org.apache.spark.SparkContext.$anonfun$new$34(SparkContext.scala:686)
[2026-06-09T05:02:07.416+0000] {subprocess.py:93} INFO - 	at org.apache.spark.util.SparkShutdownHook.run(ShutdownHookManager.scala:214)
[2026-06-09T05:02:07.417+0000] {subprocess.py:93} INFO - 	at org.apache.spark.util.SparkShutdownHookManager.$anonfun$runAll$2(ShutdownHookManager.scala:188)
[2026-06-09T05:02:07.418+0000] {subprocess.py:93} INFO - 	at scala.runtime.java8.JFunction0$mcV$sp.apply(JFunction0$mcV$sp.java:23)
[2026-06-09T05:02:07.419+0000] {subprocess.py:93} INFO - 	at org.apache.spark.util.Utils$.logUncaughtExceptions(Utils.scala:1928)
[2026-06-09T05:02:07.419+0000] {subprocess.py:93} INFO - 	at org.apache.spark.util.SparkShutdownHookManager.$anonfun$runAll$1(ShutdownHookManager.scala:188)
[2026-06-09T05:02:07.420+0000] {subprocess.py:93} INFO - 	at scala.runtime.java8.JFunction0$mcV$sp.apply(JFunction0$mcV$sp.java:23)
[2026-06-09T05:02:07.421+0000] {subprocess.py:93} INFO - 	at scala.util.Try$.apply(Try.scala:213)
[2026-06-09T05:02:07.422+0000] {subprocess.py:93} INFO - 	at org.apache.spark.util.SparkShutdownHookManager.runAll(ShutdownHookManager.scala:188)
[2026-06-09T05:02:07.426+0000] {subprocess.py:93} INFO - 	at org.apache.spark.util.SparkShutdownHookManager$$anon$2.run(ShutdownHookManager.scala:178)
[2026-06-09T05:02:07.427+0000] {subprocess.py:93} INFO - 	at java.base/java.util.concurrent.Executors$RunnableAdapter.call(Unknown Source)
[2026-06-09T05:02:07.429+0000] {subprocess.py:93} INFO - 	at java.base/java.util.concurrent.FutureTask.run(Unknown Source)
[2026-06-09T05:02:07.436+0000] {subprocess.py:93} INFO - 	at java.base/java.util.concurrent.ThreadPoolExecutor.runWorker(Unknown Source)
[2026-06-09T05:02:07.437+0000] {subprocess.py:93} INFO - 	at java.base/java.util.concurrent.ThreadPoolExecutor$Worker.run(Unknown Source)
[2026-06-09T05:02:07.438+0000] {subprocess.py:93} INFO - 	at java.base/java.lang.Thread.run(Unknown Source)
[2026-06-09T05:02:07.439+0000] {subprocess.py:93} INFO - 	at org.apache.spark.scheduler.DAGScheduler.runJob(DAGScheduler.scala:989)
[2026-06-09T05:02:07.440+0000] {subprocess.py:93} INFO - 	at org.apache.spark.SparkContext.runJob(SparkContext.scala:2398)
[2026-06-09T05:02:07.441+0000] {subprocess.py:93} INFO - 	at org.apache.spark.sql.delta.files.DeltaFileFormatWriter$.$anonfun$executeWrite$1(DeltaFileFormatWriter.scala:263)
[2026-06-09T05:02:07.444+0000] {subprocess.py:93} INFO - 	at org.apache.spark.sql.delta.files.DeltaFileFormatWriter$.writeAndCommit(DeltaFileFormatWriter.scala:295)
[2026-06-09T05:02:07.445+0000] {subprocess.py:93} INFO - 	at org.apache.spark.sql.delta.files.DeltaFileFormatWriter$.executeWrite(DeltaFileFormatWriter.scala:234)
[2026-06-09T05:02:07.450+0000] {subprocess.py:93} INFO - 	at org.apache.spark.sql.delta.files.DeltaFileFormatWriter$.write(DeltaFileFormatWriter.scala:214)
[2026-06-09T05:02:07.451+0000] {subprocess.py:93} INFO - 	at org.apache.spark.sql.delta.files.TransactionalWrite.$anonfun$writeFiles$1(TransactionalWrite.scala:440)
[2026-06-09T05:02:07.456+0000] {subprocess.py:93} INFO - 	at org.apache.spark.sql.execution.SQLExecution$.$anonfun$withNewExecutionId$6(SQLExecution.scala:125)
[2026-06-09T05:02:07.460+0000] {subprocess.py:93} INFO - 	at org.apache.spark.sql.execution.SQLExecution$.withSQLConfPropagated(SQLExecution.scala:201)
[2026-06-09T05:02:07.470+0000] {subprocess.py:93} INFO - 	at org.apache.spark.sql.execution.SQLExecution$.$anonfun$withNewExecutionId$1(SQLExecution.scala:108)
[2026-06-09T05:02:07.471+0000] {subprocess.py:93} INFO - 	at org.apache.spark.sql.SparkSession.withActive(SparkSession.scala:900)
[2026-06-09T05:02:07.472+0000] {subprocess.py:93} INFO - 	at org.apache.spark.sql.execution.SQLExecution$.withNewExecutionId(SQLExecution.scala:66)
[2026-06-09T05:02:07.473+0000] {subprocess.py:93} INFO - 	at org.apache.spark.sql.delta.files.TransactionalWrite.writeFiles(TransactionalWrite.scala:398)
[2026-06-09T05:02:07.473+0000] {subprocess.py:93} INFO - 	at org.apache.spark.sql.delta.files.TransactionalWrite.writeFiles$(TransactionalWrite.scala:371)
[2026-06-09T05:02:07.474+0000] {subprocess.py:93} INFO - 	at org.apache.spark.sql.delta.OptimisticTransaction.writeFiles(OptimisticTransaction.scala:147)
[2026-06-09T05:02:07.475+0000] {subprocess.py:93} INFO - 	at org.apache.spark.sql.delta.files.TransactionalWrite.writeFiles(TransactionalWrite.scala:246)
[2026-06-09T05:02:07.477+0000] {subprocess.py:93} INFO - 	at org.apache.spark.sql.delta.files.TransactionalWrite.writeFiles$(TransactionalWrite.scala:242)
[2026-06-09T05:02:07.478+0000] {subprocess.py:93} INFO - 	at org.apache.spark.sql.delta.OptimisticTransaction.writeFiles(OptimisticTransaction.scala:147)
[2026-06-09T05:02:07.486+0000] {subprocess.py:93} INFO - 	at org.apache.spark.sql.delta.files.TransactionalWrite.writeFiles(TransactionalWrite.scala:235)
[2026-06-09T05:02:07.487+0000] {subprocess.py:93} INFO - 	at org.apache.spark.sql.delta.files.TransactionalWrite.writeFiles$(TransactionalWrite.scala:232)
[2026-06-09T05:02:07.488+0000] {subprocess.py:93} INFO - 	at org.apache.spark.sql.delta.OptimisticTransaction.writeFiles(OptimisticTransaction.scala:147)
[2026-06-09T05:02:07.489+0000] {subprocess.py:93} INFO - 	at org.apache.spark.sql.delta.sources.DeltaSink.$anonfun$addBatchWithStatusImpl$4(DeltaSink.scala:139)
[2026-06-09T05:02:07.490+0000] {subprocess.py:93} INFO - 	at org.apache.spark.util.Utils$.timeTakenMs(Utils.scala:552)
[2026-06-09T05:02:07.491+0000] {subprocess.py:93} INFO - 	at org.apache.spark.sql.delta.sources.DeltaSink.addBatchWithStatusImpl(DeltaSink.scala:139)
[2026-06-09T05:02:07.492+0000] {subprocess.py:93} INFO - 	at org.apache.spark.sql.delta.sources.DeltaSink.addBatch(DeltaSink.scala:97)
[2026-06-09T05:02:07.493+0000] {subprocess.py:93} INFO - 	at org.apache.spark.sql.execution.streaming.MicroBatchExecution.$anonfun$runBatch$17(MicroBatchExecution.scala:732)
[2026-06-09T05:02:07.494+0000] {subprocess.py:93} INFO - 	at org.apache.spark.sql.execution.SQLExecution$.$anonfun$withNewExecutionId$6(SQLExecution.scala:125)
[2026-06-09T05:02:07.495+0000] {subprocess.py:93} INFO - 	at org.apache.spark.sql.execution.SQLExecution$.withSQLConfPropagated(SQLExecution.scala:201)
[2026-06-09T05:02:07.500+0000] {subprocess.py:93} INFO - 	at org.apache.spark.sql.execution.SQLExecution$.$anonfun$withNewExecutionId$1(SQLExecution.scala:108)
[2026-06-09T05:02:07.501+0000] {subprocess.py:93} INFO - 	at org.apache.spark.sql.SparkSession.withActive(SparkSession.scala:900)
[2026-06-09T05:02:07.502+0000] {subprocess.py:93} INFO - 	at org.apache.spark.sql.execution.SQLExecution$.withNewExecutionId(SQLExecution.scala:66)
[2026-06-09T05:02:07.503+0000] {subprocess.py:93} INFO - 	at org.apache.spark.sql.execution.streaming.MicroBatchExecution.$anonfun$runBatch$16(MicroBatchExecution.scala:729)
[2026-06-09T05:02:07.504+0000] {subprocess.py:93} INFO - 	at org.apache.spark.sql.execution.streaming.ProgressReporter.reportTimeTaken(ProgressReporter.scala:427)
[2026-06-09T05:02:07.506+0000] {subprocess.py:93} INFO - 	at org.apache.spark.sql.execution.streaming.ProgressReporter.reportTimeTaken$(ProgressReporter.scala:425)
[2026-06-09T05:02:07.508+0000] {subprocess.py:93} INFO - 	at org.apache.spark.sql.execution.streaming.StreamExecution.reportTimeTaken(StreamExecution.scala:67)
[2026-06-09T05:02:07.509+0000] {subprocess.py:93} INFO - 	at org.apache.spark.sql.execution.streaming.MicroBatchExecution.runBatch(MicroBatchExecution.scala:729)
[2026-06-09T05:02:07.514+0000] {subprocess.py:93} INFO - 	at org.apache.spark.sql.execution.streaming.MicroBatchExecution.$anonfun$runActivatedStream$2(MicroBatchExecution.scala:286)
[2026-06-09T05:02:07.515+0000] {subprocess.py:93} INFO - 	at scala.runtime.java8.JFunction0$mcV$sp.apply(JFunction0$mcV$sp.java:23)
[2026-06-09T05:02:07.516+0000] {subprocess.py:93} INFO - 	at org.apache.spark.sql.execution.streaming.ProgressReporter.reportTimeTaken(ProgressReporter.scala:427)
[2026-06-09T05:02:07.517+0000] {subprocess.py:93} INFO - 	at org.apache.spark.sql.execution.streaming.ProgressReporter.reportTimeTaken$(ProgressReporter.scala:425)
[2026-06-09T05:02:07.518+0000] {subprocess.py:93} INFO - 	at org.apache.spark.sql.execution.streaming.StreamExecution.reportTimeTaken(StreamExecution.scala:67)
[2026-06-09T05:02:07.519+0000] {subprocess.py:93} INFO - 	at org.apache.spark.sql.execution.streaming.MicroBatchExecution.$anonfun$runActivatedStream$1(MicroBatchExecution.scala:249)
[2026-06-09T05:02:07.520+0000] {subprocess.py:93} INFO - 	at org.apache.spark.sql.execution.streaming.ProcessingTimeExecutor.execute(TriggerExecutor.scala:67)
[2026-06-09T05:02:07.520+0000] {subprocess.py:93} INFO - 	at org.apache.spark.sql.execution.streaming.MicroBatchExecution.runActivatedStream(MicroBatchExecution.scala:239)
[2026-06-09T05:02:07.522+0000] {subprocess.py:93} INFO - 	at org.apache.spark.sql.execution.streaming.StreamExecution.$anonfun$runStream$1(StreamExecution.scala:311)
[2026-06-09T05:02:07.523+0000] {subprocess.py:93} INFO - 	at scala.runtime.java8.JFunction0$mcV$sp.apply(JFunction0$mcV$sp.java:23)
[2026-06-09T05:02:07.524+0000] {subprocess.py:93} INFO - 	at org.apache.spark.sql.SparkSession.withActive(SparkSession.scala:900)
[2026-06-09T05:02:07.525+0000] {subprocess.py:93} INFO - 	at org.apache.spark.sql.execution.streaming.StreamExecution.org$apache$spark$sql$execution$streaming$StreamExecution$$runStream(StreamExecution.scala:289)
[2026-06-09T05:02:07.526+0000] {subprocess.py:93} INFO - 	at org.apache.spark.sql.execution.streaming.StreamExecution$$anon$1.$anonfun$run$1(StreamExecution.scala:211)
[2026-06-09T05:02:07.527+0000] {subprocess.py:93} INFO - 	at scala.runtime.java8.JFunction0$mcV$sp.apply(JFunction0$mcV$sp.java:23)
[2026-06-09T05:02:07.527+0000] {subprocess.py:93} INFO - 	at org.apache.spark.JobArtifactSet$.withActiveJobArtifactState(JobArtifactSet.scala:94)
[2026-06-09T05:02:07.528+0000] {subprocess.py:93} INFO - 	at org.apache.spark.sql.execution.streaming.StreamExecution$$anon$1.run(StreamExecution.scala:211)
[2026-06-09T05:02:09.142+0000] {subprocess.py:97} INFO - Command exited with return code 124
[2026-06-09T05:02:09.144+0000] {taskinstance.py:441} INFO - ::group::Post task execution logs
[2026-06-09T05:02:09.189+0000] {taskinstance.py:2890} ERROR - Task failed with exception
Traceback (most recent call last):
  File "/home/airflow/.local/lib/python3.12/site-packages/airflow/models/taskinstance.py", line 465, in _execute_task
    result = _execute_callable(context=context, **execute_callable_kwargs)
             ^^^^^^^^^^^^^^^^^^^^^^^^^^^^^^^^^^^^^^^^^^^^^^^^^^^^^^^^^^^^^
  File "/home/airflow/.local/lib/python3.12/site-packages/airflow/models/taskinstance.py", line 432, in _execute_callable
    return execute_callable(context=context, **execute_callable_kwargs)
           ^^^^^^^^^^^^^^^^^^^^^^^^^^^^^^^^^^^^^^^^^^^^^^^^^^^^^^^^^^^^
  File "/home/airflow/.local/lib/python3.12/site-packages/airflow/models/baseoperator.py", line 400, in wrapper
    return func(self, *args, **kwargs)
           ^^^^^^^^^^^^^^^^^^^^^^^^^^^
  File "/home/airflow/.local/lib/python3.12/site-packages/airflow/operators/bash.py", line 243, in execute
    raise AirflowException(
airflow.exceptions.AirflowException: Bash command failed. The command returned a non-zero exit code 124.
[2026-06-09T05:02:09.209+0000] {taskinstance.py:1205} INFO - Marking task as UP_FOR_RETRY. dag_id=e-commerce_kafka_streaming_pipeline_v10, task_id=run_bronze, execution_date=20260609T040000, start_date=20260609T050006, end_date=20260609T050209
[2026-06-09T05:02:09.252+0000] {standard_task_runner.py:110} ERROR - Failed to execute job 77 for task run_bronze (Bash command failed. The command returned a non-zero exit code 124.; 1908)
[2026-06-09T05:02:09.322+0000] {local_task_job_runner.py:240} INFO - Task exited with return code 1
[2026-06-09T05:02:09.393+0000] {taskinstance.py:3482} INFO - 0 downstream tasks scheduled from follow-on schedule check
[2026-06-09T05:02:09.397+0000] {local_task_job_runner.py:222} INFO - ::endgroup::
