[2026-06-16T15:16:50.679+0000] {local_task_job_runner.py:120} INFO - ::group::Pre task execution logs
[2026-06-16T15:16:50.742+0000] {taskinstance.py:2073} INFO - Dependencies all met for dep_context=non-requeueable deps ti=<TaskInstance: e-commerce_kafka_streaming_pipeline_v10.run_bronze scheduled__2026-06-16T14:00:00+00:00 [queued]>
[2026-06-16T15:16:50.755+0000] {taskinstance.py:2073} INFO - Dependencies all met for dep_context=requeueable deps ti=<TaskInstance: e-commerce_kafka_streaming_pipeline_v10.run_bronze scheduled__2026-06-16T14:00:00+00:00 [queued]>
[2026-06-16T15:16:50.756+0000] {taskinstance.py:2303} INFO - Starting attempt 1 of 2
[2026-06-16T15:16:50.777+0000] {taskinstance.py:2327} INFO - Executing <Task(BashOperator): run_bronze> on 2026-06-16 14:00:00+00:00
[2026-06-16T15:16:50.790+0000] {standard_task_runner.py:90} INFO - Running: ['***', 'tasks', 'run', 'e-commerce_kafka_streaming_pipeline_v10', 'run_bronze', 'scheduled__2026-06-16T14:00:00+00:00', '--job-id', '22', '--raw', '--subdir', 'DAGS_FOLDER/sdp_pipeline_dag.py', '--cfg-path', '/tmp/tmpm1ojrpq0']
[2026-06-16T15:16:50.794+0000] {standard_task_runner.py:91} INFO - Job 22: Subtask run_bronze
[2026-06-16T15:16:50.795+0000] {logging_mixin.py:188} WARNING - /home/***/.local/lib/python3.12/site-packages/***/task/task_runner/standard_task_runner.py:61 DeprecationWarning: This process (pid=1435) is multi-threaded, use of fork() may lead to deadlocks in the child.
[2026-06-16T15:16:50.797+0000] {standard_task_runner.py:63} INFO - Started process 1436 to run task
[2026-06-16T15:16:50.895+0000] {task_command.py:426} INFO - Running <TaskInstance: e-commerce_kafka_streaming_pipeline_v10.run_bronze scheduled__2026-06-16T14:00:00+00:00 [running]> on host c5880b5b3b6f
[2026-06-16T15:16:51.035+0000] {taskinstance.py:2644} INFO - Exporting env vars: AIRFLOW_CTX_DAG_OWNER='dev' AIRFLOW_CTX_DAG_ID='e-commerce_kafka_streaming_pipeline_v10' AIRFLOW_CTX_TASK_ID='run_bronze' AIRFLOW_CTX_EXECUTION_DATE='2026-06-16T14:00:00+00:00' AIRFLOW_CTX_TRY_NUMBER='1' AIRFLOW_CTX_DAG_RUN_ID='scheduled__2026-06-16T14:00:00+00:00'
[2026-06-16T15:16:51.037+0000] {taskinstance.py:430} INFO - ::endgroup::
[2026-06-16T15:16:51.063+0000] {subprocess.py:63} INFO - Tmp dir root location: /tmp
[2026-06-16T15:16:51.065+0000] {subprocess.py:75} INFO - Running command: ['/usr/bin/bash', '-c', 'timeout 120s docker run --rm --network streaming_kafka_project_sdp-net --volume /d/Streaming_kafka_project/pipelines:/opt/pipelines --volume /d/Streaming_kafka_project/data:/opt/data --volume /d/Streaming_kafka_project/checkpoints:/opt/checkpoints --volume /d/Streaming_kafka_project/jars:/opt/jars apache/spark:3.5.1 /opt/spark/bin/spark-submit --master spark://sdp-spark-master:7077 --executor-cores 1 --executor-memory 512m --total-executor-cores 3 --jars /opt/jars/delta-spark_2.12-3.2.0.jar,/opt/jars/delta-storage-3.2.0.jar,/opt/jars/spark-sql-kafka-0-10_2.12-3.5.1.jar,/opt/jars/kafka-clients-3.4.1.jar,/opt/jars/spark-token-provider-kafka-0-10_2.12-3.5.1.jar,/opt/jars/commons-pool2-2.11.1.jar --conf spark.sql.extensions=io.delta.sql.DeltaSparkSessionExtension --conf spark.sql.catalog.spark_catalog=org.apache.spark.sql.delta.catalog.DeltaCatalog  /opt/pipelines/bronze_runner.py']
[2026-06-16T15:16:51.077+0000] {subprocess.py:86} INFO - Output:
[2026-06-16T15:16:56.562+0000] {subprocess.py:93} INFO - 26/06/16 15:16:56 WARN NativeCodeLoader: Unable to load native-hadoop library for your platform... using builtin-java classes where applicable
[2026-06-16T15:16:58.047+0000] {subprocess.py:93} INFO - 26/06/16 15:16:58 INFO SparkContext: Running Spark version 3.5.1
[2026-06-16T15:16:58.049+0000] {subprocess.py:93} INFO - 26/06/16 15:16:58 INFO SparkContext: OS info Linux, 6.6.114.1-microsoft-standard-WSL2, amd64
[2026-06-16T15:16:58.052+0000] {subprocess.py:93} INFO - 26/06/16 15:16:58 INFO SparkContext: Java version 11.0.22
[2026-06-16T15:16:58.145+0000] {subprocess.py:93} INFO - 26/06/16 15:16:58 INFO ResourceUtils: ==============================================================
[2026-06-16T15:16:58.147+0000] {subprocess.py:93} INFO - 26/06/16 15:16:58 INFO ResourceUtils: No custom resources configured for spark.driver.
[2026-06-16T15:16:58.148+0000] {subprocess.py:93} INFO - 26/06/16 15:16:58 INFO ResourceUtils: ==============================================================
[2026-06-16T15:16:58.150+0000] {subprocess.py:93} INFO - 26/06/16 15:16:58 INFO SparkContext: Submitted application: SDP-Bronze
[2026-06-16T15:16:58.207+0000] {subprocess.py:93} INFO - 26/06/16 15:16:58 INFO ResourceProfile: Default ResourceProfile created, executor resources: Map(cores -> name: cores, amount: 1, script: , vendor: , memory -> name: memory, amount: 512, script: , vendor: , offHeap -> name: offHeap, amount: 0, script: , vendor: ), task resources: Map(cpus -> name: cpus, amount: 1.0)
[2026-06-16T15:16:58.246+0000] {subprocess.py:93} INFO - 26/06/16 15:16:58 INFO ResourceProfile: Limiting resource is cpus at 1 tasks per executor
[2026-06-16T15:16:58.258+0000] {subprocess.py:93} INFO - 26/06/16 15:16:58 INFO ResourceProfileManager: Added ResourceProfile id: 0
[2026-06-16T15:16:58.382+0000] {subprocess.py:93} INFO - 26/06/16 15:16:58 INFO SecurityManager: Changing view acls to: spark
[2026-06-16T15:16:58.386+0000] {subprocess.py:93} INFO - 26/06/16 15:16:58 INFO SecurityManager: Changing modify acls to: spark
[2026-06-16T15:16:58.391+0000] {subprocess.py:93} INFO - 26/06/16 15:16:58 INFO SecurityManager: Changing view acls groups to:
[2026-06-16T15:16:58.392+0000] {subprocess.py:93} INFO - 26/06/16 15:16:58 INFO SecurityManager: Changing modify acls groups to:
[2026-06-16T15:16:58.394+0000] {subprocess.py:93} INFO - 26/06/16 15:16:58 INFO SecurityManager: SecurityManager: authentication disabled; ui acls disabled; users with view permissions: spark; groups with view permissions: EMPTY; users with modify permissions: spark; groups with modify permissions: EMPTY
[2026-06-16T15:16:59.497+0000] {subprocess.py:93} INFO - 26/06/16 15:16:59 INFO Utils: Successfully started service 'sparkDriver' on port 40139.
[2026-06-16T15:16:59.684+0000] {subprocess.py:93} INFO - 26/06/16 15:16:59 INFO SparkEnv: Registering MapOutputTracker
[2026-06-16T15:16:59.885+0000] {subprocess.py:93} INFO - 26/06/16 15:16:59 INFO SparkEnv: Registering BlockManagerMaster
[2026-06-16T15:17:00.228+0000] {subprocess.py:93} INFO - 26/06/16 15:17:00 INFO BlockManagerMasterEndpoint: Using org.apache.spark.storage.DefaultTopologyMapper for getting topology information
[2026-06-16T15:17:00.229+0000] {subprocess.py:93} INFO - 26/06/16 15:17:00 INFO BlockManagerMasterEndpoint: BlockManagerMasterEndpoint up
[2026-06-16T15:17:00.238+0000] {subprocess.py:93} INFO - 26/06/16 15:17:00 INFO SparkEnv: Registering BlockManagerMasterHeartbeat
[2026-06-16T15:17:00.314+0000] {subprocess.py:93} INFO - 26/06/16 15:17:00 INFO DiskBlockManager: Created local directory at /tmp/blockmgr-70cf66b4-9a9c-423d-8c14-0b021aae91a5
[2026-06-16T15:17:00.353+0000] {subprocess.py:93} INFO - 26/06/16 15:17:00 INFO MemoryStore: MemoryStore started with capacity 434.4 MiB
[2026-06-16T15:17:00.397+0000] {subprocess.py:93} INFO - 26/06/16 15:17:00 INFO SparkEnv: Registering OutputCommitCoordinator
[2026-06-16T15:17:00.824+0000] {subprocess.py:93} INFO - 26/06/16 15:17:00 INFO JettyUtils: Start Jetty 0.0.0.0:4040 for SparkUI
[2026-06-16T15:17:00.974+0000] {subprocess.py:93} INFO - 26/06/16 15:17:00 INFO Utils: Successfully started service 'SparkUI' on port 4040.
[2026-06-16T15:17:01.079+0000] {subprocess.py:93} INFO - 26/06/16 15:17:01 INFO SparkContext: Added JAR file:///opt/jars/delta-spark_2.12-3.2.0.jar at spark://4ccfa30c8381:40139/jars/delta-spark_2.12-3.2.0.jar with timestamp 1781623018021
[2026-06-16T15:17:01.083+0000] {subprocess.py:93} INFO - 26/06/16 15:17:01 INFO SparkContext: Added JAR file:///opt/jars/delta-storage-3.2.0.jar at spark://4ccfa30c8381:40139/jars/delta-storage-3.2.0.jar with timestamp 1781623018021
[2026-06-16T15:17:01.088+0000] {subprocess.py:93} INFO - 26/06/16 15:17:01 INFO SparkContext: Added JAR file:///opt/jars/spark-sql-kafka-0-10_2.12-3.5.1.jar at spark://4ccfa30c8381:40139/jars/spark-sql-kafka-0-10_2.12-3.5.1.jar with timestamp 1781623018021
[2026-06-16T15:17:01.089+0000] {subprocess.py:93} INFO - 26/06/16 15:17:01 INFO SparkContext: Added JAR file:///opt/jars/kafka-clients-3.4.1.jar at spark://4ccfa30c8381:40139/jars/kafka-clients-3.4.1.jar with timestamp 1781623018021
[2026-06-16T15:17:01.091+0000] {subprocess.py:93} INFO - 26/06/16 15:17:01 INFO SparkContext: Added JAR file:///opt/jars/spark-token-provider-kafka-0-10_2.12-3.5.1.jar at spark://4ccfa30c8381:40139/jars/spark-token-provider-kafka-0-10_2.12-3.5.1.jar with timestamp 1781623018021
[2026-06-16T15:17:01.095+0000] {subprocess.py:93} INFO - 26/06/16 15:17:01 INFO SparkContext: Added JAR file:///opt/jars/commons-pool2-2.11.1.jar at spark://4ccfa30c8381:40139/jars/commons-pool2-2.11.1.jar with timestamp 1781623018021
[2026-06-16T15:17:01.329+0000] {subprocess.py:93} INFO - 26/06/16 15:17:01 INFO StandaloneAppClient$ClientEndpoint: Connecting to master spark://sdp-spark-master:7077...
[2026-06-16T15:17:01.478+0000] {subprocess.py:93} INFO - 26/06/16 15:17:01 INFO TransportClientFactory: Successfully created connection to sdp-spark-master/172.18.0.3:7077 after 79 ms (0 ms spent in bootstraps)
[2026-06-16T15:17:01.695+0000] {subprocess.py:93} INFO - 26/06/16 15:17:01 INFO StandaloneSchedulerBackend: Connected to Spark cluster with app ID app-20260616151701-0011
[2026-06-16T15:17:01.752+0000] {subprocess.py:93} INFO - 26/06/16 15:17:01 INFO StandaloneAppClient$ClientEndpoint: Executor added: app-20260616151701-0011/0 on worker-20260616111838-172.18.0.6-45657 (172.18.0.6:45657) with 1 core(s)
[2026-06-16T15:17:01.794+0000] {subprocess.py:93} INFO - 26/06/16 15:17:01 INFO Utils: Successfully started service 'org.apache.spark.network.netty.NettyBlockTransferService' on port 35761.
[2026-06-16T15:17:01.818+0000] {subprocess.py:93} INFO - 26/06/16 15:17:01 INFO NettyBlockTransferService: Server created on 4ccfa30c8381:35761
[2026-06-16T15:17:01.844+0000] {subprocess.py:93} INFO - 26/06/16 15:17:01 INFO BlockManager: Using org.apache.spark.storage.RandomBlockReplicationPolicy for block replication policy
[2026-06-16T15:17:01.852+0000] {subprocess.py:93} INFO - 26/06/16 15:17:01 INFO StandaloneSchedulerBackend: Granted executor ID app-20260616151701-0011/0 on hostPort 172.18.0.6:45657 with 1 core(s), 512.0 MiB RAM
[2026-06-16T15:17:01.854+0000] {subprocess.py:93} INFO - 26/06/16 15:17:01 INFO StandaloneAppClient$ClientEndpoint: Executor added: app-20260616151701-0011/1 on worker-20260616111838-172.18.0.6-45657 (172.18.0.6:45657) with 1 core(s)
[2026-06-16T15:17:01.855+0000] {subprocess.py:93} INFO - 26/06/16 15:17:01 INFO StandaloneSchedulerBackend: Granted executor ID app-20260616151701-0011/1 on hostPort 172.18.0.6:45657 with 1 core(s), 512.0 MiB RAM
[2026-06-16T15:17:01.856+0000] {subprocess.py:93} INFO - 26/06/16 15:17:01 INFO StandaloneAppClient$ClientEndpoint: Executor added: app-20260616151701-0011/2 on worker-20260616111838-172.18.0.5-35429 (172.18.0.5:35429) with 1 core(s)
[2026-06-16T15:17:01.863+0000] {subprocess.py:93} INFO - 26/06/16 15:17:01 INFO StandaloneSchedulerBackend: Granted executor ID app-20260616151701-0011/2 on hostPort 172.18.0.5:35429 with 1 core(s), 512.0 MiB RAM
[2026-06-16T15:17:01.954+0000] {subprocess.py:93} INFO - 26/06/16 15:17:01 INFO BlockManagerMaster: Registering BlockManager BlockManagerId(driver, 4ccfa30c8381, 35761, None)
[2026-06-16T15:17:01.987+0000] {subprocess.py:93} INFO - 26/06/16 15:17:01 INFO BlockManagerMasterEndpoint: Registering block manager 4ccfa30c8381:35761 with 434.4 MiB RAM, BlockManagerId(driver, 4ccfa30c8381, 35761, None)
[2026-06-16T15:17:02.044+0000] {subprocess.py:93} INFO - 26/06/16 15:17:02 INFO BlockManagerMaster: Registered BlockManager BlockManagerId(driver, 4ccfa30c8381, 35761, None)
[2026-06-16T15:17:02.065+0000] {subprocess.py:93} INFO - 26/06/16 15:17:02 INFO BlockManager: Initialized BlockManager: BlockManagerId(driver, 4ccfa30c8381, 35761, None)
[2026-06-16T15:17:02.113+0000] {subprocess.py:93} INFO - 26/06/16 15:17:02 INFO StandaloneAppClient$ClientEndpoint: Executor updated: app-20260616151701-0011/2 is now RUNNING
[2026-06-16T15:17:02.145+0000] {subprocess.py:93} INFO - 26/06/16 15:17:02 INFO StandaloneAppClient$ClientEndpoint: Executor updated: app-20260616151701-0011/0 is now RUNNING
[2026-06-16T15:17:02.175+0000] {subprocess.py:93} INFO - 26/06/16 15:17:02 INFO StandaloneAppClient$ClientEndpoint: Executor updated: app-20260616151701-0011/1 is now RUNNING
[2026-06-16T15:17:03.423+0000] {subprocess.py:93} INFO - 26/06/16 15:17:03 INFO StandaloneSchedulerBackend: SchedulerBackend is ready for scheduling beginning after reached minRegisteredResourcesRatio: 0.0
[2026-06-16T15:17:04.568+0000] {subprocess.py:93} INFO - Starting stream: orders -> /opt/data/bronze/orders
[2026-06-16T15:17:40.181+0000] {subprocess.py:93} INFO - 26/06/16 15:17:40 WARN ResolveWriteToStream: spark.sql.adaptive.enabled is not supported in streaming DataFrames/Datasets and will be disabled.
[2026-06-16T15:17:40.575+0000] {subprocess.py:93} INFO - Starting stream: customers -> /opt/data/bronze/customers
[2026-06-16T15:17:46.654+0000] {subprocess.py:93} INFO - 26/06/16 15:17:46 WARN ResolveWriteToStream: spark.sql.adaptive.enabled is not supported in streaming DataFrames/Datasets and will be disabled.
[2026-06-16T15:17:46.759+0000] {subprocess.py:93} INFO - Starting stream: products -> /opt/data/bronze/products
[2026-06-16T15:17:50.153+0000] {subprocess.py:93} INFO - 26/06/16 15:17:50 WARN ResolveWriteToStream: spark.sql.adaptive.enabled is not supported in streaming DataFrames/Datasets and will be disabled.
[2026-06-16T15:17:51.018+0000] {subprocess.py:93} INFO - 26/06/16 15:17:51 WARN SparkStringUtils: Truncated the string representation of a plan since it was too large. This behavior can be adjusted by setting 'spark.sql.debug.maxToStringFields'.
[2026-06-16T15:18:51.287+0000] {subprocess.py:93} INFO - 26/06/16 15:18:51 ERROR DeltaFileFormatWriter: Aborting job 9f7022fa-7c18-490c-9632-65b461eeaf0f.
[2026-06-16T15:18:51.289+0000] {subprocess.py:93} INFO - org.apache.spark.SparkException: Job 7 cancelled because SparkContext was shut down
[2026-06-16T15:18:51.290+0000] {subprocess.py:93} INFO - 	at org.apache.spark.scheduler.DAGScheduler.$anonfun$cleanUpAfterSchedulerStop$1(DAGScheduler.scala:1253)
[2026-06-16T15:18:51.293+0000] {subprocess.py:93} INFO - 	at org.apache.spark.scheduler.DAGScheduler.$anonfun$cleanUpAfterSchedulerStop$1$adapted(DAGScheduler.scala:1251)
[2026-06-16T15:18:51.294+0000] {subprocess.py:93} INFO - 	at scala.collection.mutable.HashSet.foreach(HashSet.scala:79)
[2026-06-16T15:18:51.295+0000] {subprocess.py:93} INFO - 	at org.apache.spark.scheduler.DAGScheduler.cleanUpAfterSchedulerStop(DAGScheduler.scala:1251)
[2026-06-16T15:18:51.296+0000] {subprocess.py:93} INFO - 	at org.apache.spark.scheduler.DAGSchedulerEventProcessLoop.onStop(DAGScheduler.scala:3087)
[2026-06-16T15:18:51.304+0000] {subprocess.py:93} INFO - 	at org.apache.spark.util.EventLoop.stop(EventLoop.scala:84)
[2026-06-16T15:18:51.305+0000] {subprocess.py:93} INFO - 	at org.apache.spark.scheduler.DAGScheduler.$anonfun$stop$3(DAGScheduler.scala:2973)
[2026-06-16T15:18:51.306+0000] {subprocess.py:93} INFO - 	at org.apache.spark.util.Utils$.tryLogNonFatalError(Utils.scala:1375)
[2026-06-16T15:18:51.307+0000] {subprocess.py:93} INFO - 	at org.apache.spark.scheduler.DAGScheduler.stop(DAGScheduler.scala:2973)
[2026-06-16T15:18:51.313+0000] {subprocess.py:93} INFO - 	at org.apache.spark.SparkContext.$anonfun$stop$12(SparkContext.scala:2263)
[2026-06-16T15:18:51.316+0000] {subprocess.py:93} INFO - 	at org.apache.spark.util.Utils$.tryLogNonFatalError(Utils.scala:1375)
[2026-06-16T15:18:51.318+0000] {subprocess.py:93} INFO - 	at org.apache.spark.SparkContext.stop(SparkContext.scala:2263)
[2026-06-16T15:18:51.326+0000] {subprocess.py:93} INFO - 	at org.apache.spark.SparkContext.stop(SparkContext.scala:2216)
[2026-06-16T15:18:51.330+0000] {subprocess.py:93} INFO - 	at org.apache.spark.SparkContext.$anonfun$new$34(SparkContext.scala:686)
[2026-06-16T15:18:51.335+0000] {subprocess.py:93} INFO - 	at org.apache.spark.util.SparkShutdownHook.run(ShutdownHookManager.scala:214)
[2026-06-16T15:18:51.339+0000] {subprocess.py:93} INFO - 	at org.apache.spark.util.SparkShutdownHookManager.$anonfun$runAll$2(ShutdownHookManager.scala:188)
[2026-06-16T15:18:51.343+0000] {subprocess.py:93} INFO - 	at scala.runtime.java8.JFunction0$mcV$sp.apply(JFunction0$mcV$sp.java:23)
[2026-06-16T15:18:51.345+0000] {subprocess.py:93} INFO - 	at org.apache.spark.util.Utils$.logUncaughtExceptions(Utils.scala:1928)
[2026-06-16T15:18:51.346+0000] {subprocess.py:93} INFO - 	at org.apache.spark.util.SparkShutdownHookManager.$anonfun$runAll$1(ShutdownHookManager.scala:188)
[2026-06-16T15:18:51.351+0000] {subprocess.py:93} INFO - 	at scala.runtime.java8.JFunction0$mcV$sp.apply(JFunction0$mcV$sp.java:23)
[2026-06-16T15:18:51.354+0000] {subprocess.py:93} INFO - 	at scala.util.Try$.apply(Try.scala:213)
[2026-06-16T15:18:51.356+0000] {subprocess.py:93} INFO - 	at org.apache.spark.util.SparkShutdownHookManager.runAll(ShutdownHookManager.scala:188)
[2026-06-16T15:18:51.361+0000] {subprocess.py:93} INFO - 	at org.apache.spark.util.SparkShutdownHookManager$$anon$2.run(ShutdownHookManager.scala:178)
[2026-06-16T15:18:51.368+0000] {subprocess.py:93} INFO - 	at java.base/java.util.concurrent.Executors$RunnableAdapter.call(Unknown Source)
[2026-06-16T15:18:51.376+0000] {subprocess.py:93} INFO - 	at java.base/java.util.concurrent.FutureTask.run(Unknown Source)
[2026-06-16T15:18:51.377+0000] {subprocess.py:93} INFO - 	at java.base/java.util.concurrent.ThreadPoolExecutor.runWorker(Unknown Source)
[2026-06-16T15:18:51.387+0000] {subprocess.py:93} INFO - 	at java.base/java.util.concurrent.ThreadPoolExecutor$Worker.run(Unknown Source)
[2026-06-16T15:18:51.388+0000] {subprocess.py:93} INFO - 	at java.base/java.lang.Thread.run(Unknown Source)
[2026-06-16T15:18:51.390+0000] {subprocess.py:93} INFO - 	at org.apache.spark.scheduler.DAGScheduler.runJob(DAGScheduler.scala:989)
[2026-06-16T15:18:51.391+0000] {subprocess.py:93} INFO - 	at org.apache.spark.SparkContext.runJob(SparkContext.scala:2398)
[2026-06-16T15:18:51.392+0000] {subprocess.py:93} INFO - 	at org.apache.spark.sql.delta.files.DeltaFileFormatWriter$.$anonfun$executeWrite$1(DeltaFileFormatWriter.scala:263)
[2026-06-16T15:18:51.393+0000] {subprocess.py:93} INFO - 	at org.apache.spark.sql.delta.files.DeltaFileFormatWriter$.writeAndCommit(DeltaFileFormatWriter.scala:295)
[2026-06-16T15:18:51.401+0000] {subprocess.py:93} INFO - 	at org.apache.spark.sql.delta.files.DeltaFileFormatWriter$.executeWrite(DeltaFileFormatWriter.scala:234)
[2026-06-16T15:18:51.410+0000] {subprocess.py:93} INFO - 	at org.apache.spark.sql.delta.files.DeltaFileFormatWriter$.write(DeltaFileFormatWriter.scala:214)
[2026-06-16T15:18:51.413+0000] {subprocess.py:93} INFO - 	at org.apache.spark.sql.delta.files.TransactionalWrite.$anonfun$writeFiles$1(TransactionalWrite.scala:440)
[2026-06-16T15:18:51.429+0000] {subprocess.py:93} INFO - 	at org.apache.spark.sql.execution.SQLExecution$.$anonfun$withNewExecutionId$6(SQLExecution.scala:125)
[2026-06-16T15:18:51.437+0000] {subprocess.py:93} INFO - 	at org.apache.spark.sql.execution.SQLExecution$.withSQLConfPropagated(SQLExecution.scala:201)
[2026-06-16T15:18:51.448+0000] {subprocess.py:93} INFO - 	at org.apache.spark.sql.execution.SQLExecution$.$anonfun$withNewExecutionId$1(SQLExecution.scala:108)
[2026-06-16T15:18:51.449+0000] {subprocess.py:93} INFO - 	at org.apache.spark.sql.SparkSession.withActive(SparkSession.scala:900)
[2026-06-16T15:18:51.454+0000] {subprocess.py:93} INFO - 	at org.apache.spark.sql.execution.SQLExecution$.withNewExecutionId(SQLExecution.scala:66)
[2026-06-16T15:18:51.464+0000] {subprocess.py:93} INFO - 	at org.apache.spark.sql.delta.files.TransactionalWrite.writeFiles(TransactionalWrite.scala:398)
[2026-06-16T15:18:51.465+0000] {subprocess.py:93} INFO - 	at org.apache.spark.sql.delta.files.TransactionalWrite.writeFiles$(TransactionalWrite.scala:371)
[2026-06-16T15:18:51.468+0000] {subprocess.py:93} INFO - 	at org.apache.spark.sql.delta.OptimisticTransaction.writeFiles(OptimisticTransaction.scala:147)
[2026-06-16T15:18:51.492+0000] {subprocess.py:93} INFO - 	at org.apache.spark.sql.delta.files.TransactionalWrite.writeFiles(TransactionalWrite.scala:246)
[2026-06-16T15:18:51.494+0000] {subprocess.py:93} INFO - 	at org.apache.spark.sql.delta.files.TransactionalWrite.writeFiles$(TransactionalWrite.scala:242)
[2026-06-16T15:18:51.505+0000] {subprocess.py:93} INFO - 	at org.apache.spark.sql.delta.OptimisticTransaction.writeFiles(OptimisticTransaction.scala:147)
[2026-06-16T15:18:51.506+0000] {subprocess.py:93} INFO - 	at org.apache.spark.sql.delta.files.TransactionalWrite.writeFiles(TransactionalWrite.scala:235)
[2026-06-16T15:18:51.517+0000] {subprocess.py:93} INFO - 	at org.apache.spark.sql.delta.files.TransactionalWrite.writeFiles$(TransactionalWrite.scala:232)
[2026-06-16T15:18:51.519+0000] {subprocess.py:93} INFO - 	at org.apache.spark.sql.delta.OptimisticTransaction.writeFiles(OptimisticTransaction.scala:147)
[2026-06-16T15:18:51.530+0000] {subprocess.py:93} INFO - 	at org.apache.spark.sql.delta.sources.DeltaSink.$anonfun$addBatchWithStatusImpl$4(DeltaSink.scala:139)
[2026-06-16T15:18:51.535+0000] {subprocess.py:93} INFO - 	at org.apache.spark.util.Utils$.timeTakenMs(Utils.scala:552)
[2026-06-16T15:18:51.544+0000] {subprocess.py:93} INFO - 	at org.apache.spark.sql.delta.sources.DeltaSink.addBatchWithStatusImpl(DeltaSink.scala:139)
[2026-06-16T15:18:51.544+0000] {subprocess.py:93} INFO - 	at org.apache.spark.sql.delta.sources.DeltaSink.addBatch(DeltaSink.scala:97)
[2026-06-16T15:18:51.548+0000] {subprocess.py:93} INFO - 	at org.apache.spark.sql.execution.streaming.MicroBatchExecution.$anonfun$runBatch$17(MicroBatchExecution.scala:732)
[2026-06-16T15:18:51.549+0000] {subprocess.py:93} INFO - 	at org.apache.spark.sql.execution.SQLExecution$.$anonfun$withNewExecutionId$6(SQLExecution.scala:125)
[2026-06-16T15:18:51.551+0000] {subprocess.py:93} INFO - 	at org.apache.spark.sql.execution.SQLExecution$.withSQLConfPropagated(SQLExecution.scala:201)
[2026-06-16T15:18:51.554+0000] {subprocess.py:93} INFO - 	at org.apache.spark.sql.execution.SQLExecution$.$anonfun$withNewExecutionId$1(SQLExecution.scala:108)
[2026-06-16T15:18:51.556+0000] {subprocess.py:93} INFO - 	at org.apache.spark.sql.SparkSession.withActive(SparkSession.scala:900)
[2026-06-16T15:18:51.561+0000] {subprocess.py:93} INFO - 	at org.apache.spark.sql.execution.SQLExecution$.withNewExecutionId(SQLExecution.scala:66)
[2026-06-16T15:18:51.564+0000] {subprocess.py:93} INFO - 	at org.apache.spark.sql.execution.streaming.MicroBatchExecution.$anonfun$runBatch$16(MicroBatchExecution.scala:729)
[2026-06-16T15:18:51.565+0000] {subprocess.py:93} INFO - 	at org.apache.spark.sql.execution.streaming.ProgressReporter.reportTimeTaken(ProgressReporter.scala:427)
[2026-06-16T15:18:51.566+0000] {subprocess.py:93} INFO - 	at org.apache.spark.sql.execution.streaming.ProgressReporter.reportTimeTaken$(ProgressReporter.scala:425)
[2026-06-16T15:18:51.576+0000] {subprocess.py:93} INFO - 	at org.apache.spark.sql.execution.streaming.StreamExecution.reportTimeTaken(StreamExecution.scala:67)
[2026-06-16T15:18:51.577+0000] {subprocess.py:93} INFO - 	at org.apache.spark.sql.execution.streaming.MicroBatchExecution.runBatch(MicroBatchExecution.scala:729)
[2026-06-16T15:18:51.578+0000] {subprocess.py:93} INFO - 	at org.apache.spark.sql.execution.streaming.MicroBatchExecution.$anonfun$runActivatedStream$2(MicroBatchExecution.scala:286)
[2026-06-16T15:18:51.579+0000] {subprocess.py:93} INFO - 	at scala.runtime.java8.JFunction0$mcV$sp.apply(JFunction0$mcV$sp.java:23)
[2026-06-16T15:18:51.581+0000] {subprocess.py:93} INFO - 	at org.apache.spark.sql.execution.streaming.ProgressReporter.reportTimeTaken(ProgressReporter.scala:427)
[2026-06-16T15:18:51.588+0000] {subprocess.py:93} INFO - 	at org.apache.spark.sql.execution.streaming.ProgressReporter.reportTimeTaken$(ProgressReporter.scala:425)
[2026-06-16T15:18:51.589+0000] {subprocess.py:93} INFO - 	at org.apache.spark.sql.execution.streaming.StreamExecution.reportTimeTaken(StreamExecution.scala:67)
[2026-06-16T15:18:51.590+0000] {subprocess.py:93} INFO - 	at org.apache.spark.sql.execution.streaming.MicroBatchExecution.$anonfun$runActivatedStream$1(MicroBatchExecution.scala:249)
[2026-06-16T15:18:51.594+0000] {subprocess.py:93} INFO - 	at org.apache.spark.sql.execution.streaming.ProcessingTimeExecutor.execute(TriggerExecutor.scala:67)
[2026-06-16T15:18:51.596+0000] {subprocess.py:93} INFO - 	at org.apache.spark.sql.execution.streaming.MicroBatchExecution.runActivatedStream(MicroBatchExecution.scala:239)
[2026-06-16T15:18:51.597+0000] {subprocess.py:93} INFO - 	at org.apache.spark.sql.execution.streaming.StreamExecution.$anonfun$runStream$1(StreamExecution.scala:311)
[2026-06-16T15:18:51.598+0000] {subprocess.py:93} INFO - 	at scala.runtime.java8.JFunction0$mcV$sp.apply(JFunction0$mcV$sp.java:23)
[2026-06-16T15:18:51.599+0000] {subprocess.py:93} INFO - 	at org.apache.spark.sql.SparkSession.withActive(SparkSession.scala:900)
[2026-06-16T15:18:51.608+0000] {subprocess.py:93} INFO - 	at org.apache.spark.sql.execution.streaming.StreamExecution.org$apache$spark$sql$execution$streaming$StreamExecution$$runStream(StreamExecution.scala:289)
[2026-06-16T15:18:51.609+0000] {subprocess.py:93} INFO - 	at org.apache.spark.sql.execution.streaming.StreamExecution$$anon$1.$anonfun$run$1(StreamExecution.scala:211)
[2026-06-16T15:18:51.610+0000] {subprocess.py:93} INFO - 	at scala.runtime.java8.JFunction0$mcV$sp.apply(JFunction0$mcV$sp.java:23)
[2026-06-16T15:18:51.611+0000] {subprocess.py:93} INFO - 	at org.apache.spark.JobArtifactSet$.withActiveJobArtifactState(JobArtifactSet.scala:94)
[2026-06-16T15:18:51.612+0000] {subprocess.py:93} INFO - 	at org.apache.spark.sql.execution.streaming.StreamExecution$$anon$1.run(StreamExecution.scala:211)
[2026-06-16T15:18:51.616+0000] {subprocess.py:93} INFO - 26/06/16 15:18:51 ERROR DeltaFileFormatWriter: Aborting job ccbf2b17-be5e-40df-aab5-89a9b37d08d4.
[2026-06-16T15:18:51.620+0000] {subprocess.py:93} INFO - org.apache.spark.SparkException: Job 6 cancelled because SparkContext was shut down
[2026-06-16T15:18:51.621+0000] {subprocess.py:93} INFO - 	at org.apache.spark.scheduler.DAGScheduler.$anonfun$cleanUpAfterSchedulerStop$1(DAGScheduler.scala:1253)
[2026-06-16T15:18:51.628+0000] {subprocess.py:93} INFO - 	at org.apache.spark.scheduler.DAGScheduler.$anonfun$cleanUpAfterSchedulerStop$1$adapted(DAGScheduler.scala:1251)
[2026-06-16T15:18:51.629+0000] {subprocess.py:93} INFO - 	at scala.collection.mutable.HashSet.foreach(HashSet.scala:79)
[2026-06-16T15:18:51.631+0000] {subprocess.py:93} INFO - 	at org.apache.spark.scheduler.DAGScheduler.cleanUpAfterSchedulerStop(DAGScheduler.scala:1251)
[2026-06-16T15:18:51.632+0000] {subprocess.py:93} INFO - 	at org.apache.spark.scheduler.DAGSchedulerEventProcessLoop.onStop(DAGScheduler.scala:3087)
[2026-06-16T15:18:51.633+0000] {subprocess.py:93} INFO - 	at org.apache.spark.util.EventLoop.stop(EventLoop.scala:84)
[2026-06-16T15:18:51.637+0000] {subprocess.py:93} INFO - 	at org.apache.spark.scheduler.DAGScheduler.$anonfun$stop$3(DAGScheduler.scala:2973)
[2026-06-16T15:18:51.639+0000] {subprocess.py:93} INFO - 	at org.apache.spark.util.Utils$.tryLogNonFatalError(Utils.scala:1375)
[2026-06-16T15:18:51.640+0000] {subprocess.py:93} INFO - 	at org.apache.spark.scheduler.DAGScheduler.stop(DAGScheduler.scala:2973)
[2026-06-16T15:18:51.641+0000] {subprocess.py:93} INFO - 	at org.apache.spark.SparkContext.$anonfun$stop$12(SparkContext.scala:2263)
[2026-06-16T15:18:51.642+0000] {subprocess.py:93} INFO - 	at org.apache.spark.util.Utils$.tryLogNonFatalError(Utils.scala:1375)
[2026-06-16T15:18:51.645+0000] {subprocess.py:93} INFO - 	at org.apache.spark.SparkContext.stop(SparkContext.scala:2263)
[2026-06-16T15:18:51.646+0000] {subprocess.py:93} INFO - 	at org.apache.spark.SparkContext.stop(SparkContext.scala:2216)
[2026-06-16T15:18:51.649+0000] {subprocess.py:93} INFO - 	at org.apache.spark.SparkContext.$anonfun$new$34(SparkContext.scala:686)
[2026-06-16T15:18:51.650+0000] {subprocess.py:93} INFO - 	at org.apache.spark.util.SparkShutdownHook.run(ShutdownHookManager.scala:214)
[2026-06-16T15:18:51.654+0000] {subprocess.py:93} INFO - 	at org.apache.spark.util.SparkShutdownHookManager.$anonfun$runAll$2(ShutdownHookManager.scala:188)
[2026-06-16T15:18:51.656+0000] {subprocess.py:93} INFO - 	at scala.runtime.java8.JFunction0$mcV$sp.apply(JFunction0$mcV$sp.java:23)
[2026-06-16T15:18:51.657+0000] {subprocess.py:93} INFO - 	at org.apache.spark.util.Utils$.logUncaughtExceptions(Utils.scala:1928)
[2026-06-16T15:18:51.660+0000] {subprocess.py:93} INFO - 	at org.apache.spark.util.SparkShutdownHookManager.$anonfun$runAll$1(ShutdownHookManager.scala:188)
[2026-06-16T15:18:51.667+0000] {subprocess.py:93} INFO - 	at scala.runtime.java8.JFunction0$mcV$sp.apply(JFunction0$mcV$sp.java:23)
[2026-06-16T15:18:51.671+0000] {subprocess.py:93} INFO - 	at scala.util.Try$.apply(Try.scala:213)
[2026-06-16T15:18:51.673+0000] {subprocess.py:93} INFO - 	at org.apache.spark.util.SparkShutdownHookManager.runAll(ShutdownHookManager.scala:188)
[2026-06-16T15:18:51.674+0000] {subprocess.py:93} INFO - 	at org.apache.spark.util.SparkShutdownHookManager$$anon$2.run(ShutdownHookManager.scala:178)
[2026-06-16T15:18:51.676+0000] {subprocess.py:93} INFO - 	at java.base/java.util.concurrent.Executors$RunnableAdapter.call(Unknown Source)
[2026-06-16T15:18:51.679+0000] {subprocess.py:93} INFO - 	at java.base/java.util.concurrent.FutureTask.run(Unknown Source)
[2026-06-16T15:18:51.680+0000] {subprocess.py:93} INFO - 	at java.base/java.util.concurrent.ThreadPoolExecutor.runWorker(Unknown Source)
[2026-06-16T15:18:51.682+0000] {subprocess.py:93} INFO - 	at java.base/java.util.concurrent.ThreadPoolExecutor$Worker.run(Unknown Source)
[2026-06-16T15:18:51.688+0000] {subprocess.py:93} INFO - 	at java.base/java.lang.Thread.run(Unknown Source)
[2026-06-16T15:18:51.689+0000] {subprocess.py:93} INFO - 	at org.apache.spark.scheduler.DAGScheduler.runJob(DAGScheduler.scala:989)
[2026-06-16T15:18:51.690+0000] {subprocess.py:93} INFO - 	at org.apache.spark.SparkContext.runJob(SparkContext.scala:2398)
[2026-06-16T15:18:51.692+0000] {subprocess.py:93} INFO - 	at org.apache.spark.sql.delta.files.DeltaFileFormatWriter$.$anonfun$executeWrite$1(DeltaFileFormatWriter.scala:263)
[2026-06-16T15:18:51.693+0000] {subprocess.py:93} INFO - 	at org.apache.spark.sql.delta.files.DeltaFileFormatWriter$.writeAndCommit(DeltaFileFormatWriter.scala:295)
[2026-06-16T15:18:51.694+0000] {subprocess.py:93} INFO - 	at org.apache.spark.sql.delta.files.DeltaFileFormatWriter$.executeWrite(DeltaFileFormatWriter.scala:234)
[2026-06-16T15:18:51.695+0000] {subprocess.py:93} INFO - 	at org.apache.spark.sql.delta.files.DeltaFileFormatWriter$.write(DeltaFileFormatWriter.scala:214)
[2026-06-16T15:18:51.696+0000] {subprocess.py:93} INFO - 	at org.apache.spark.sql.delta.files.TransactionalWrite.$anonfun$writeFiles$1(TransactionalWrite.scala:440)
[2026-06-16T15:18:51.697+0000] {subprocess.py:93} INFO - 	at org.apache.spark.sql.execution.SQLExecution$.$anonfun$withNewExecutionId$6(SQLExecution.scala:125)
[2026-06-16T15:18:51.698+0000] {subprocess.py:93} INFO - 	at org.apache.spark.sql.execution.SQLExecution$.withSQLConfPropagated(SQLExecution.scala:201)
[2026-06-16T15:18:51.699+0000] {subprocess.py:93} INFO - 	at org.apache.spark.sql.execution.SQLExecution$.$anonfun$withNewExecutionId$1(SQLExecution.scala:108)
[2026-06-16T15:18:51.700+0000] {subprocess.py:93} INFO - 	at org.apache.spark.sql.SparkSession.withActive(SparkSession.scala:900)
[2026-06-16T15:18:51.701+0000] {subprocess.py:93} INFO - 	at org.apache.spark.sql.execution.SQLExecution$.withNewExecutionId(SQLExecution.scala:66)
[2026-06-16T15:18:51.703+0000] {subprocess.py:93} INFO - 	at org.apache.spark.sql.delta.files.TransactionalWrite.writeFiles(TransactionalWrite.scala:398)
[2026-06-16T15:18:51.714+0000] {subprocess.py:93} INFO - 	at org.apache.spark.sql.delta.files.TransactionalWrite.writeFiles$(TransactionalWrite.scala:371)
[2026-06-16T15:18:51.715+0000] {subprocess.py:93} INFO - 	at org.apache.spark.sql.delta.OptimisticTransaction.writeFiles(OptimisticTransaction.scala:147)
[2026-06-16T15:18:51.716+0000] {subprocess.py:93} INFO - 	at org.apache.spark.sql.delta.files.TransactionalWrite.writeFiles(TransactionalWrite.scala:246)
[2026-06-16T15:18:51.717+0000] {subprocess.py:93} INFO - 	at org.apache.spark.sql.delta.files.TransactionalWrite.writeFiles$(TransactionalWrite.scala:242)
[2026-06-16T15:18:51.724+0000] {subprocess.py:93} INFO - 	at org.apache.spark.sql.delta.OptimisticTransaction.writeFiles(OptimisticTransaction.scala:147)
[2026-06-16T15:18:51.725+0000] {subprocess.py:93} INFO - 	at org.apache.spark.sql.delta.files.TransactionalWrite.writeFiles(TransactionalWrite.scala:235)
[2026-06-16T15:18:51.726+0000] {subprocess.py:93} INFO - 	at org.apache.spark.sql.delta.files.TransactionalWrite.writeFiles$(TransactionalWrite.scala:232)
[2026-06-16T15:18:51.727+0000] {subprocess.py:93} INFO - 	at org.apache.spark.sql.delta.OptimisticTransaction.writeFiles(OptimisticTransaction.scala:147)
[2026-06-16T15:18:51.729+0000] {subprocess.py:93} INFO - 	at org.apache.spark.sql.delta.sources.DeltaSink.$anonfun$addBatchWithStatusImpl$4(DeltaSink.scala:139)
[2026-06-16T15:18:51.730+0000] {subprocess.py:93} INFO - 	at org.apache.spark.util.Utils$.timeTakenMs(Utils.scala:552)
[2026-06-16T15:18:51.731+0000] {subprocess.py:93} INFO - 	at org.apache.spark.sql.delta.sources.DeltaSink.addBatchWithStatusImpl(DeltaSink.scala:139)
[2026-06-16T15:18:51.732+0000] {subprocess.py:93} INFO - 	at org.apache.spark.sql.delta.sources.DeltaSink.addBatch(DeltaSink.scala:97)
[2026-06-16T15:18:51.733+0000] {subprocess.py:93} INFO - 	at org.apache.spark.sql.execution.streaming.MicroBatchExecution.$anonfun$runBatch$17(MicroBatchExecution.scala:732)
[2026-06-16T15:18:51.734+0000] {subprocess.py:93} INFO - 	at org.apache.spark.sql.execution.SQLExecution$.$anonfun$withNewExecutionId$6(SQLExecution.scala:125)
[2026-06-16T15:18:51.736+0000] {subprocess.py:93} INFO - 	at org.apache.spark.sql.execution.SQLExecution$.withSQLConfPropagated(SQLExecution.scala:201)
[2026-06-16T15:18:51.737+0000] {subprocess.py:93} INFO - 	at org.apache.spark.sql.execution.SQLExecution$.$anonfun$withNewExecutionId$1(SQLExecution.scala:108)
[2026-06-16T15:18:51.738+0000] {subprocess.py:93} INFO - 	at org.apache.spark.sql.SparkSession.withActive(SparkSession.scala:900)
[2026-06-16T15:18:51.743+0000] {subprocess.py:93} INFO - 	at org.apache.spark.sql.execution.SQLExecution$.withNewExecutionId(SQLExecution.scala:66)
[2026-06-16T15:18:51.748+0000] {subprocess.py:93} INFO - 	at org.apache.spark.sql.execution.streaming.MicroBatchExecution.$anonfun$runBatch$16(MicroBatchExecution.scala:729)
[2026-06-16T15:18:51.749+0000] {subprocess.py:93} INFO - 	at org.apache.spark.sql.execution.streaming.ProgressReporter.reportTimeTaken(ProgressReporter.scala:427)
[2026-06-16T15:18:51.750+0000] {subprocess.py:93} INFO - 	at org.apache.spark.sql.execution.streaming.ProgressReporter.reportTimeTaken$(ProgressReporter.scala:425)
[2026-06-16T15:18:51.751+0000] {subprocess.py:93} INFO - 	at org.apache.spark.sql.execution.streaming.StreamExecution.reportTimeTaken(StreamExecution.scala:67)
[2026-06-16T15:18:51.754+0000] {subprocess.py:93} INFO - 	at org.apache.spark.sql.execution.streaming.MicroBatchExecution.runBatch(MicroBatchExecution.scala:729)
[2026-06-16T15:18:51.755+0000] {subprocess.py:93} INFO - 	at org.apache.spark.sql.execution.streaming.MicroBatchExecution.$anonfun$runActivatedStream$2(MicroBatchExecution.scala:286)
[2026-06-16T15:18:51.756+0000] {subprocess.py:93} INFO - 	at scala.runtime.java8.JFunction0$mcV$sp.apply(JFunction0$mcV$sp.java:23)
[2026-06-16T15:18:51.758+0000] {subprocess.py:93} INFO - 	at org.apache.spark.sql.execution.streaming.ProgressReporter.reportTimeTaken(ProgressReporter.scala:427)
[2026-06-16T15:18:51.759+0000] {subprocess.py:93} INFO - 	at org.apache.spark.sql.execution.streaming.ProgressReporter.reportTimeTaken$(ProgressReporter.scala:425)
[2026-06-16T15:18:51.760+0000] {subprocess.py:93} INFO - 	at org.apache.spark.sql.execution.streaming.StreamExecution.reportTimeTaken(StreamExecution.scala:67)
[2026-06-16T15:18:51.761+0000] {subprocess.py:93} INFO - 	at org.apache.spark.sql.execution.streaming.MicroBatchExecution.$anonfun$runActivatedStream$1(MicroBatchExecution.scala:249)
[2026-06-16T15:18:51.765+0000] {subprocess.py:93} INFO - 	at org.apache.spark.sql.execution.streaming.ProcessingTimeExecutor.execute(TriggerExecutor.scala:67)
[2026-06-16T15:18:51.766+0000] {subprocess.py:93} INFO - 	at org.apache.spark.sql.execution.streaming.MicroBatchExecution.runActivatedStream(MicroBatchExecution.scala:239)
[2026-06-16T15:18:51.767+0000] {subprocess.py:93} INFO - 	at org.apache.spark.sql.execution.streaming.StreamExecution.$anonfun$runStream$1(StreamExecution.scala:311)
[2026-06-16T15:18:51.768+0000] {subprocess.py:93} INFO - 	at scala.runtime.java8.JFunction0$mcV$sp.apply(JFunction0$mcV$sp.java:23)
[2026-06-16T15:18:51.770+0000] {subprocess.py:93} INFO - 	at org.apache.spark.sql.SparkSession.withActive(SparkSession.scala:900)
[2026-06-16T15:18:51.771+0000] {subprocess.py:93} INFO - 	at org.apache.spark.sql.execution.streaming.StreamExecution.org$apache$spark$sql$execution$streaming$StreamExecution$$runStream(StreamExecution.scala:289)
[2026-06-16T15:18:51.772+0000] {subprocess.py:93} INFO - 	at org.apache.spark.sql.execution.streaming.StreamExecution$$anon$1.$anonfun$run$1(StreamExecution.scala:211)
[2026-06-16T15:18:51.773+0000] {subprocess.py:93} INFO - 	at scala.runtime.java8.JFunction0$mcV$sp.apply(JFunction0$mcV$sp.java:23)
[2026-06-16T15:18:51.775+0000] {subprocess.py:93} INFO - 	at org.apache.spark.JobArtifactSet$.withActiveJobArtifactState(JobArtifactSet.scala:94)
[2026-06-16T15:18:51.776+0000] {subprocess.py:93} INFO - 	at org.apache.spark.sql.execution.streaming.StreamExecution$$anon$1.run(StreamExecution.scala:211)
[2026-06-16T15:18:52.894+0000] {subprocess.py:97} INFO - Command exited with return code 124
[2026-06-16T15:18:52.897+0000] {taskinstance.py:441} INFO - ::group::Post task execution logs
[2026-06-16T15:18:52.933+0000] {taskinstance.py:2890} ERROR - Task failed with exception
Traceback (most recent call last):
  File "/home/airflow/.local/lib/python3.12/site-packages/airflow/models/taskinstance.py", line 465, in _execute_task
    result = _execute_callable(context=context, **execute_callable_kwargs)
             ^^^^^^^^^^^^^^^^^^^^^^^^^^^^^^^^^^^^^^^^^^^^^^^^^^^^^^^^^^^^^
  File "/home/airflow/.local/lib/python3.12/site-packages/airflow/models/taskinstance.py", line 432, in _execute_callable
    return execute_callable(context=context, **execute_callable_kwargs)
           ^^^^^^^^^^^^^^^^^^^^^^^^^^^^^^^^^^^^^^^^^^^^^^^^^^^^^^^^^^^^
  File "/home/airflow/.local/lib/python3.12/site-packages/airflow/models/baseoperator.py", line 400, in wrapper
    return func(self, *args, **kwargs)
           ^^^^^^^^^^^^^^^^^^^^^^^^^^^
  File "/home/airflow/.local/lib/python3.12/site-packages/airflow/operators/bash.py", line 243, in execute
    raise AirflowException(
airflow.exceptions.AirflowException: Bash command failed. The command returned a non-zero exit code 124.
[2026-06-16T15:18:52.948+0000] {taskinstance.py:1205} INFO - Marking task as UP_FOR_RETRY. dag_id=e-commerce_kafka_streaming_pipeline_v10, task_id=run_bronze, execution_date=20260616T140000, start_date=20260616T151650, end_date=20260616T151852
[2026-06-16T15:18:52.990+0000] {standard_task_runner.py:110} ERROR - Failed to execute job 22 for task run_bronze (Bash command failed. The command returned a non-zero exit code 124.; 1436)
[2026-06-16T15:18:53.043+0000] {local_task_job_runner.py:240} INFO - Task exited with return code 1
[2026-06-16T15:18:53.120+0000] {taskinstance.py:3482} INFO - 0 downstream tasks scheduled from follow-on schedule check
[2026-06-16T15:18:53.138+0000] {local_task_job_runner.py:222} INFO - ::endgroup::
