[2026-07-15T14:10:25.253+0000] {local_task_job_runner.py:120} INFO - ::group::Pre task execution logs
[2026-07-15T14:10:25.315+0000] {taskinstance.py:2073} INFO - Dependencies all met for dep_context=non-requeueable deps ti=<TaskInstance: e-commerce_kafka_streaming_pipeline_v1.run_bronze manual__2026-07-15T14:10:19.714886+00:00 [queued]>
[2026-07-15T14:10:25.329+0000] {taskinstance.py:2073} INFO - Dependencies all met for dep_context=requeueable deps ti=<TaskInstance: e-commerce_kafka_streaming_pipeline_v1.run_bronze manual__2026-07-15T14:10:19.714886+00:00 [queued]>
[2026-07-15T14:10:25.330+0000] {taskinstance.py:2303} INFO - Starting attempt 1 of 2
[2026-07-15T14:10:25.351+0000] {taskinstance.py:2327} INFO - Executing <Task(BashOperator): run_bronze> on 2026-07-15 14:10:19.714886+00:00
[2026-07-15T14:10:25.367+0000] {standard_task_runner.py:90} INFO - Running: ['***', 'tasks', 'run', 'e-commerce_kafka_streaming_pipeline_v1', 'run_bronze', 'manual__2026-07-15T14:10:19.714886+00:00', '--job-id', '4', '--raw', '--subdir', 'DAGS_FOLDER/sdp_pipeline_dag.py', '--cfg-path', '/tmp/tmp4pdh8ffi']
[2026-07-15T14:10:25.371+0000] {standard_task_runner.py:91} INFO - Job 4: Subtask run_bronze
[2026-07-15T14:10:25.375+0000] {logging_mixin.py:188} WARNING - /home/***/.local/lib/python3.12/site-packages/***/task/task_runner/standard_task_runner.py:61 DeprecationWarning: This process (pid=266) is multi-threaded, use of fork() may lead to deadlocks in the child.
[2026-07-15T14:10:25.377+0000] {standard_task_runner.py:63} INFO - Started process 272 to run task
[2026-07-15T14:10:25.466+0000] {task_command.py:426} INFO - Running <TaskInstance: e-commerce_kafka_streaming_pipeline_v1.run_bronze manual__2026-07-15T14:10:19.714886+00:00 [running]> on host 1491dce99886
[2026-07-15T14:10:25.578+0000] {taskinstance.py:2644} INFO - Exporting env vars: AIRFLOW_CTX_DAG_OWNER='dev' AIRFLOW_CTX_DAG_ID='e-commerce_kafka_streaming_pipeline_v1' AIRFLOW_CTX_TASK_ID='run_bronze' AIRFLOW_CTX_EXECUTION_DATE='2026-07-15T14:10:19.714886+00:00' AIRFLOW_CTX_TRY_NUMBER='1' AIRFLOW_CTX_DAG_RUN_ID='manual__2026-07-15T14:10:19.714886+00:00'
[2026-07-15T14:10:25.580+0000] {taskinstance.py:430} INFO - ::endgroup::
[2026-07-15T14:10:25.603+0000] {subprocess.py:63} INFO - Tmp dir root location: /tmp
[2026-07-15T14:10:25.605+0000] {subprocess.py:75} INFO - Running command: ['/usr/bin/bash', '-c', 'timeout 150s docker run --rm --network streaming_kafka_project_sdp-net --volume /d/Streaming_kafka_project/pipelines:/opt/pipelines --volume /d/Streaming_kafka_project/data:/opt/data --volume /d/Streaming_kafka_project/checkpoints:/opt/checkpoints --volume /d/Streaming_kafka_project/jars:/opt/jars apache/spark:3.5.1 /opt/spark/bin/spark-submit --master spark://sdp-spark-master:7077 --executor-cores 1 --executor-memory 512m --total-executor-cores 3 --jars /opt/jars/delta-spark_2.12-3.2.0.jar,/opt/jars/delta-storage-3.2.0.jar,/opt/jars/spark-sql-kafka-0-10_2.12-3.5.1.jar,/opt/jars/kafka-clients-3.4.1.jar,/opt/jars/spark-token-provider-kafka-0-10_2.12-3.5.1.jar,/opt/jars/commons-pool2-2.11.1.jar --conf spark.sql.extensions=io.delta.sql.DeltaSparkSessionExtension --conf spark.sql.catalog.spark_catalog=org.apache.spark.sql.delta.catalog.DeltaCatalog  /opt/pipelines/bronze_runner.py']
[2026-07-15T14:10:25.617+0000] {subprocess.py:86} INFO - Output:
[2026-07-15T14:10:30.211+0000] {subprocess.py:93} INFO - 26/07/15 14:10:30 WARN NativeCodeLoader: Unable to load native-hadoop library for your platform... using builtin-java classes where applicable
[2026-07-15T14:10:31.876+0000] {subprocess.py:93} INFO - 26/07/15 14:10:31 INFO SparkContext: Running Spark version 3.5.1
[2026-07-15T14:10:31.877+0000] {subprocess.py:93} INFO - 26/07/15 14:10:31 INFO SparkContext: OS info Linux, 6.18.33.2-microsoft-standard-WSL2, amd64
[2026-07-15T14:10:31.879+0000] {subprocess.py:93} INFO - 26/07/15 14:10:31 INFO SparkContext: Java version 11.0.22
[2026-07-15T14:10:31.930+0000] {subprocess.py:93} INFO - 26/07/15 14:10:31 INFO ResourceUtils: ==============================================================
[2026-07-15T14:10:31.932+0000] {subprocess.py:93} INFO - 26/07/15 14:10:31 INFO ResourceUtils: No custom resources configured for spark.driver.
[2026-07-15T14:10:31.938+0000] {subprocess.py:93} INFO - 26/07/15 14:10:31 INFO ResourceUtils: ==============================================================
[2026-07-15T14:10:31.939+0000] {subprocess.py:93} INFO - 26/07/15 14:10:31 INFO SparkContext: Submitted application: SDP-Bronze
[2026-07-15T14:10:31.976+0000] {subprocess.py:93} INFO - 26/07/15 14:10:31 INFO ResourceProfile: Default ResourceProfile created, executor resources: Map(cores -> name: cores, amount: 1, script: , vendor: , memory -> name: memory, amount: 512, script: , vendor: , offHeap -> name: offHeap, amount: 0, script: , vendor: ), task resources: Map(cpus -> name: cpus, amount: 1.0)
[2026-07-15T14:10:32.009+0000] {subprocess.py:93} INFO - 26/07/15 14:10:32 INFO ResourceProfile: Limiting resource is cpus at 1 tasks per executor
[2026-07-15T14:10:32.014+0000] {subprocess.py:93} INFO - 26/07/15 14:10:32 INFO ResourceProfileManager: Added ResourceProfile id: 0
[2026-07-15T14:10:32.139+0000] {subprocess.py:93} INFO - 26/07/15 14:10:32 INFO SecurityManager: Changing view acls to: spark
[2026-07-15T14:10:32.141+0000] {subprocess.py:93} INFO - 26/07/15 14:10:32 INFO SecurityManager: Changing modify acls to: spark
[2026-07-15T14:10:32.148+0000] {subprocess.py:93} INFO - 26/07/15 14:10:32 INFO SecurityManager: Changing view acls groups to:
[2026-07-15T14:10:32.152+0000] {subprocess.py:93} INFO - 26/07/15 14:10:32 INFO SecurityManager: Changing modify acls groups to:
[2026-07-15T14:10:32.154+0000] {subprocess.py:93} INFO - 26/07/15 14:10:32 INFO SecurityManager: SecurityManager: authentication disabled; ui acls disabled; users with view permissions: spark; groups with view permissions: EMPTY; users with modify permissions: spark; groups with modify permissions: EMPTY
[2026-07-15T14:10:32.823+0000] {subprocess.py:93} INFO - 26/07/15 14:10:32 INFO Utils: Successfully started service 'sparkDriver' on port 35803.
[2026-07-15T14:10:32.893+0000] {subprocess.py:93} INFO - 26/07/15 14:10:32 INFO SparkEnv: Registering MapOutputTracker
[2026-07-15T14:10:32.954+0000] {subprocess.py:93} INFO - 26/07/15 14:10:32 INFO SparkEnv: Registering BlockManagerMaster
[2026-07-15T14:10:32.980+0000] {subprocess.py:93} INFO - 26/07/15 14:10:32 INFO BlockManagerMasterEndpoint: Using org.apache.spark.storage.DefaultTopologyMapper for getting topology information
[2026-07-15T14:10:32.982+0000] {subprocess.py:93} INFO - 26/07/15 14:10:32 INFO BlockManagerMasterEndpoint: BlockManagerMasterEndpoint up
[2026-07-15T14:10:32.990+0000] {subprocess.py:93} INFO - 26/07/15 14:10:32 INFO SparkEnv: Registering BlockManagerMasterHeartbeat
[2026-07-15T14:10:33.059+0000] {subprocess.py:93} INFO - 26/07/15 14:10:33 INFO DiskBlockManager: Created local directory at /tmp/blockmgr-c78ade2f-9553-4ae7-8ee0-339e590a377d
[2026-07-15T14:10:33.085+0000] {subprocess.py:93} INFO - 26/07/15 14:10:33 INFO MemoryStore: MemoryStore started with capacity 434.4 MiB
[2026-07-15T14:10:33.111+0000] {subprocess.py:93} INFO - 26/07/15 14:10:33 INFO SparkEnv: Registering OutputCommitCoordinator
[2026-07-15T14:10:33.391+0000] {subprocess.py:93} INFO - 26/07/15 14:10:33 INFO JettyUtils: Start Jetty 0.0.0.0:4040 for SparkUI
[2026-07-15T14:10:33.472+0000] {subprocess.py:93} INFO - 26/07/15 14:10:33 INFO Utils: Successfully started service 'SparkUI' on port 4040.
[2026-07-15T14:10:33.531+0000] {subprocess.py:93} INFO - 26/07/15 14:10:33 INFO SparkContext: Added JAR file:///opt/jars/delta-spark_2.12-3.2.0.jar at spark://223982272b02:35803/jars/delta-spark_2.12-3.2.0.jar with timestamp 1784124631862
[2026-07-15T14:10:33.533+0000] {subprocess.py:93} INFO - 26/07/15 14:10:33 INFO SparkContext: Added JAR file:///opt/jars/delta-storage-3.2.0.jar at spark://223982272b02:35803/jars/delta-storage-3.2.0.jar with timestamp 1784124631862
[2026-07-15T14:10:33.537+0000] {subprocess.py:93} INFO - 26/07/15 14:10:33 INFO SparkContext: Added JAR file:///opt/jars/spark-sql-kafka-0-10_2.12-3.5.1.jar at spark://223982272b02:35803/jars/spark-sql-kafka-0-10_2.12-3.5.1.jar with timestamp 1784124631862
[2026-07-15T14:10:33.540+0000] {subprocess.py:93} INFO - 26/07/15 14:10:33 INFO SparkContext: Added JAR file:///opt/jars/kafka-clients-3.4.1.jar at spark://223982272b02:35803/jars/kafka-clients-3.4.1.jar with timestamp 1784124631862
[2026-07-15T14:10:33.542+0000] {subprocess.py:93} INFO - 26/07/15 14:10:33 INFO SparkContext: Added JAR file:///opt/jars/spark-token-provider-kafka-0-10_2.12-3.5.1.jar at spark://223982272b02:35803/jars/spark-token-provider-kafka-0-10_2.12-3.5.1.jar with timestamp 1784124631862
[2026-07-15T14:10:33.544+0000] {subprocess.py:93} INFO - 26/07/15 14:10:33 INFO SparkContext: Added JAR file:///opt/jars/commons-pool2-2.11.1.jar at spark://223982272b02:35803/jars/commons-pool2-2.11.1.jar with timestamp 1784124631862
[2026-07-15T14:10:33.747+0000] {subprocess.py:93} INFO - 26/07/15 14:10:33 INFO StandaloneAppClient$ClientEndpoint: Connecting to master spark://sdp-spark-master:7077...
[2026-07-15T14:10:33.837+0000] {subprocess.py:93} INFO - 26/07/15 14:10:33 INFO TransportClientFactory: Successfully created connection to sdp-spark-master/172.18.0.3:7077 after 53 ms (0 ms spent in bootstraps)
[2026-07-15T14:10:34.250+0000] {subprocess.py:93} INFO - 26/07/15 14:10:34 INFO StandaloneSchedulerBackend: Connected to Spark cluster with app ID app-20260715141034-0001
[2026-07-15T14:10:34.253+0000] {subprocess.py:93} INFO - 26/07/15 14:10:34 INFO StandaloneAppClient$ClientEndpoint: Executor added: app-20260715141034-0001/0 on worker-20260715140648-172.18.0.6-34411 (172.18.0.6:34411) with 1 core(s)
[2026-07-15T14:10:34.261+0000] {subprocess.py:93} INFO - 26/07/15 14:10:34 INFO StandaloneSchedulerBackend: Granted executor ID app-20260715141034-0001/0 on hostPort 172.18.0.6:34411 with 1 core(s), 512.0 MiB RAM
[2026-07-15T14:10:34.262+0000] {subprocess.py:93} INFO - 26/07/15 14:10:34 INFO StandaloneAppClient$ClientEndpoint: Executor added: app-20260715141034-0001/1 on worker-20260715140648-172.18.0.6-34411 (172.18.0.6:34411) with 1 core(s)
[2026-07-15T14:10:34.266+0000] {subprocess.py:93} INFO - 26/07/15 14:10:34 INFO StandaloneSchedulerBackend: Granted executor ID app-20260715141034-0001/1 on hostPort 172.18.0.6:34411 with 1 core(s), 512.0 MiB RAM
[2026-07-15T14:10:34.274+0000] {subprocess.py:93} INFO - 26/07/15 14:10:34 INFO StandaloneAppClient$ClientEndpoint: Executor added: app-20260715141034-0001/2 on worker-20260715140648-172.18.0.5-43879 (172.18.0.5:43879) with 1 core(s)
[2026-07-15T14:10:34.277+0000] {subprocess.py:93} INFO - 26/07/15 14:10:34 INFO StandaloneSchedulerBackend: Granted executor ID app-20260715141034-0001/2 on hostPort 172.18.0.5:43879 with 1 core(s), 512.0 MiB RAM
[2026-07-15T14:10:34.297+0000] {subprocess.py:93} INFO - 26/07/15 14:10:34 INFO Utils: Successfully started service 'org.apache.spark.network.netty.NettyBlockTransferService' on port 38767.
[2026-07-15T14:10:34.303+0000] {subprocess.py:93} INFO - 26/07/15 14:10:34 INFO NettyBlockTransferService: Server created on 223982272b02:38767
[2026-07-15T14:10:34.310+0000] {subprocess.py:93} INFO - 26/07/15 14:10:34 INFO BlockManager: Using org.apache.spark.storage.RandomBlockReplicationPolicy for block replication policy
[2026-07-15T14:10:34.317+0000] {subprocess.py:93} INFO - 26/07/15 14:10:34 INFO BlockManagerMaster: Registering BlockManager BlockManagerId(driver, 223982272b02, 38767, None)
[2026-07-15T14:10:34.337+0000] {subprocess.py:93} INFO - 26/07/15 14:10:34 INFO BlockManagerMasterEndpoint: Registering block manager 223982272b02:38767 with 434.4 MiB RAM, BlockManagerId(driver, 223982272b02, 38767, None)
[2026-07-15T14:10:34.344+0000] {subprocess.py:93} INFO - 26/07/15 14:10:34 INFO BlockManagerMaster: Registered BlockManager BlockManagerId(driver, 223982272b02, 38767, None)
[2026-07-15T14:10:34.360+0000] {subprocess.py:93} INFO - 26/07/15 14:10:34 INFO BlockManager: Initialized BlockManager: BlockManagerId(driver, 223982272b02, 38767, None)
[2026-07-15T14:10:35.319+0000] {subprocess.py:93} INFO - 26/07/15 14:10:35 INFO StandaloneSchedulerBackend: SchedulerBackend is ready for scheduling beginning after reached minRegisteredResourcesRatio: 0.0
[2026-07-15T14:10:35.660+0000] {subprocess.py:93} INFO - 26/07/15 14:10:35 INFO StandaloneAppClient$ClientEndpoint: Executor updated: app-20260715141034-0001/2 is now RUNNING
[2026-07-15T14:10:36.026+0000] {subprocess.py:93} INFO - 26/07/15 14:10:36 INFO StandaloneAppClient$ClientEndpoint: Executor updated: app-20260715141034-0001/0 is now RUNNING
[2026-07-15T14:10:36.063+0000] {subprocess.py:93} INFO - 26/07/15 14:10:36 INFO StandaloneAppClient$ClientEndpoint: Executor updated: app-20260715141034-0001/1 is now RUNNING
[2026-07-15T14:10:36.432+0000] {subprocess.py:93} INFO - Starting stream: orders -> /opt/data/bronze/orders
[2026-07-15T14:10:51.436+0000] {subprocess.py:93} INFO - 26/07/15 14:10:51 WARN ResolveWriteToStream: spark.sql.adaptive.enabled is not supported in streaming DataFrames/Datasets and will be disabled.
[2026-07-15T14:10:52.804+0000] {subprocess.py:93} INFO - Starting stream: customers -> /opt/data/bronze/customers
[2026-07-15T14:10:53.315+0000] {subprocess.py:93} INFO - 26/07/15 14:10:53 WARN ResolveWriteToStream: spark.sql.adaptive.enabled is not supported in streaming DataFrames/Datasets and will be disabled.
[2026-07-15T14:10:54.773+0000] {subprocess.py:93} INFO - Starting stream: products -> /opt/data/bronze/products
[2026-07-15T14:10:54.923+0000] {subprocess.py:93} INFO - 26/07/15 14:10:54 WARN ResolveWriteToStream: spark.sql.adaptive.enabled is not supported in streaming DataFrames/Datasets and will be disabled.
[2026-07-15T14:10:54.969+0000] {subprocess.py:93} INFO - 26/07/15 14:10:54 WARN AdminClientConfig: These configurations '[key.deserializer, value.deserializer, enable.auto.commit, max.poll.records, auto.offset.reset]' were supplied but are not used yet.
[2026-07-15T14:10:54.971+0000] {subprocess.py:93} INFO - 26/07/15 14:10:54 WARN AdminClientConfig: These configurations '[key.deserializer, value.deserializer, enable.auto.commit, max.poll.records, auto.offset.reset]' were supplied but are not used yet.
[2026-07-15T14:10:55.611+0000] {subprocess.py:93} INFO - 26/07/15 14:10:55 WARN AdminClientConfig: These configurations '[key.deserializer, value.deserializer, enable.auto.commit, max.poll.records, auto.offset.reset]' were supplied but are not used yet.
[2026-07-15T14:12:28.029+0000] {subprocess.py:97} INFO - Command exited with return code 0
[2026-07-15T14:12:28.031+0000] {taskinstance.py:441} INFO - ::group::Post task execution logs
[2026-07-15T14:12:28.074+0000] {taskinstance.py:1205} INFO - Marking task as SUCCESS. dag_id=e-commerce_kafka_streaming_pipeline_v1, task_id=run_bronze, execution_date=20260715T141019, start_date=20260715T141025, end_date=20260715T141228
[2026-07-15T14:12:28.107+0000] {local_task_job_runner.py:240} INFO - Task exited with return code 0
[2026-07-15T14:12:28.135+0000] {taskinstance.py:3482} INFO - 1 downstream tasks scheduled from follow-on schedule check
[2026-07-15T14:12:28.138+0000] {local_task_job_runner.py:222} INFO - ::endgroup::
