[2026-07-20T11:04:01.694+0000] {local_task_job_runner.py:120} INFO - ::group::Pre task execution logs
[2026-07-20T11:04:01.727+0000] {taskinstance.py:2073} INFO - Dependencies all met for dep_context=non-requeueable deps ti=<TaskInstance: e-commerce_kafka_streaming_pipeline_v1.run_gold scheduled__2026-07-20T10:00:00+00:00 [queued]>
[2026-07-20T11:04:01.738+0000] {taskinstance.py:2073} INFO - Dependencies all met for dep_context=requeueable deps ti=<TaskInstance: e-commerce_kafka_streaming_pipeline_v1.run_gold scheduled__2026-07-20T10:00:00+00:00 [queued]>
[2026-07-20T11:04:01.739+0000] {taskinstance.py:2303} INFO - Starting attempt 1 of 2
[2026-07-20T11:04:01.753+0000] {taskinstance.py:2327} INFO - Executing <Task(BashOperator): run_gold> on 2026-07-20 10:00:00+00:00
[2026-07-20T11:04:01.762+0000] {standard_task_runner.py:90} INFO - Running: ['***', 'tasks', 'run', 'e-commerce_kafka_streaming_pipeline_v1', 'run_gold', 'scheduled__2026-07-20T10:00:00+00:00', '--job-id', '215', '--raw', '--subdir', 'DAGS_FOLDER/sdp_pipeline_dag.py', '--cfg-path', '/tmp/tmp9ywpk4ti']
[2026-07-20T11:04:01.764+0000] {logging_mixin.py:188} WARNING - /home/***/.local/lib/python3.12/site-packages/***/task/task_runner/standard_task_runner.py:61 DeprecationWarning: This process (pid=8369) is multi-threaded, use of fork() may lead to deadlocks in the child.
[2026-07-20T11:04:01.765+0000] {standard_task_runner.py:91} INFO - Job 215: Subtask run_gold
[2026-07-20T11:04:01.766+0000] {standard_task_runner.py:63} INFO - Started process 8370 to run task
[2026-07-20T11:04:01.824+0000] {task_command.py:426} INFO - Running <TaskInstance: e-commerce_kafka_streaming_pipeline_v1.run_gold scheduled__2026-07-20T10:00:00+00:00 [running]> on host da27550080bf
[2026-07-20T11:04:01.905+0000] {taskinstance.py:2644} INFO - Exporting env vars: AIRFLOW_CTX_DAG_OWNER='dev' AIRFLOW_CTX_DAG_ID='e-commerce_kafka_streaming_pipeline_v1' AIRFLOW_CTX_TASK_ID='run_gold' AIRFLOW_CTX_EXECUTION_DATE='2026-07-20T10:00:00+00:00' AIRFLOW_CTX_TRY_NUMBER='1' AIRFLOW_CTX_DAG_RUN_ID='scheduled__2026-07-20T10:00:00+00:00'
[2026-07-20T11:04:01.906+0000] {taskinstance.py:430} INFO - ::endgroup::
[2026-07-20T11:04:01.919+0000] {subprocess.py:63} INFO - Tmp dir root location: /tmp
[2026-07-20T11:04:01.921+0000] {subprocess.py:75} INFO - Running command: ['/usr/bin/bash', '-c', 'docker run --rm --network streaming_kafka_project_sdp-net --volume /d/Streaming_kafka_project/pipelines:/opt/pipelines --volume /d/Streaming_kafka_project/data:/opt/data --volume /d/Streaming_kafka_project/checkpoints:/opt/checkpoints --volume /d/Streaming_kafka_project/jars:/opt/jars apache/spark:3.5.1 /opt/spark/bin/spark-submit --master spark://sdp-spark-master:7077 --executor-cores 1 --executor-memory 512m --total-executor-cores 3 --jars /opt/jars/delta-spark_2.12-3.2.0.jar,/opt/jars/delta-storage-3.2.0.jar,/opt/jars/spark-sql-kafka-0-10_2.12-3.5.1.jar,/opt/jars/kafka-clients-3.4.1.jar,/opt/jars/spark-token-provider-kafka-0-10_2.12-3.5.1.jar,/opt/jars/commons-pool2-2.11.1.jar --conf spark.sql.extensions=io.delta.sql.DeltaSparkSessionExtension --conf spark.sql.catalog.spark_catalog=org.apache.spark.sql.delta.catalog.DeltaCatalog  /opt/pipelines/gold_runner.py']
[2026-07-20T11:04:01.931+0000] {subprocess.py:86} INFO - Output:
[2026-07-20T11:04:04.966+0000] {subprocess.py:93} INFO - 26/07/20 11:04:04 WARN NativeCodeLoader: Unable to load native-hadoop library for your platform... using builtin-java classes where applicable
[2026-07-20T11:04:06.304+0000] {subprocess.py:93} INFO - 26/07/20 11:04:06 INFO SparkContext: Running Spark version 3.5.1
[2026-07-20T11:04:06.308+0000] {subprocess.py:93} INFO - 26/07/20 11:04:06 INFO SparkContext: OS info Linux, 6.18.33.2-microsoft-standard-WSL2, amd64
[2026-07-20T11:04:06.310+0000] {subprocess.py:93} INFO - 26/07/20 11:04:06 INFO SparkContext: Java version 11.0.22
[2026-07-20T11:04:06.348+0000] {subprocess.py:93} INFO - 26/07/20 11:04:06 INFO ResourceUtils: ==============================================================
[2026-07-20T11:04:06.350+0000] {subprocess.py:93} INFO - 26/07/20 11:04:06 INFO ResourceUtils: No custom resources configured for spark.driver.
[2026-07-20T11:04:06.351+0000] {subprocess.py:93} INFO - 26/07/20 11:04:06 INFO ResourceUtils: ==============================================================
[2026-07-20T11:04:06.352+0000] {subprocess.py:93} INFO - 26/07/20 11:04:06 INFO SparkContext: Submitted application: SDP-Gold
[2026-07-20T11:04:06.380+0000] {subprocess.py:93} INFO - 26/07/20 11:04:06 INFO ResourceProfile: Default ResourceProfile created, executor resources: Map(cores -> name: cores, amount: 1, script: , vendor: , memory -> name: memory, amount: 512, script: , vendor: , offHeap -> name: offHeap, amount: 0, script: , vendor: ), task resources: Map(cpus -> name: cpus, amount: 1.0)
[2026-07-20T11:04:06.396+0000] {subprocess.py:93} INFO - 26/07/20 11:04:06 INFO ResourceProfile: Limiting resource is cpus at 1 tasks per executor
[2026-07-20T11:04:06.400+0000] {subprocess.py:93} INFO - 26/07/20 11:04:06 INFO ResourceProfileManager: Added ResourceProfile id: 0
[2026-07-20T11:04:06.466+0000] {subprocess.py:93} INFO - 26/07/20 11:04:06 INFO SecurityManager: Changing view acls to: spark
[2026-07-20T11:04:06.468+0000] {subprocess.py:93} INFO - 26/07/20 11:04:06 INFO SecurityManager: Changing modify acls to: spark
[2026-07-20T11:04:06.469+0000] {subprocess.py:93} INFO - 26/07/20 11:04:06 INFO SecurityManager: Changing view acls groups to:
[2026-07-20T11:04:06.471+0000] {subprocess.py:93} INFO - 26/07/20 11:04:06 INFO SecurityManager: Changing modify acls groups to:
[2026-07-20T11:04:06.472+0000] {subprocess.py:93} INFO - 26/07/20 11:04:06 INFO SecurityManager: SecurityManager: authentication disabled; ui acls disabled; users with view permissions: spark; groups with view permissions: EMPTY; users with modify permissions: spark; groups with modify permissions: EMPTY
[2026-07-20T11:04:06.829+0000] {subprocess.py:93} INFO - 26/07/20 11:04:06 INFO Utils: Successfully started service 'sparkDriver' on port 45583.
[2026-07-20T11:04:06.866+0000] {subprocess.py:93} INFO - 26/07/20 11:04:06 INFO SparkEnv: Registering MapOutputTracker
[2026-07-20T11:04:06.905+0000] {subprocess.py:93} INFO - 26/07/20 11:04:06 INFO SparkEnv: Registering BlockManagerMaster
[2026-07-20T11:04:06.926+0000] {subprocess.py:93} INFO - 26/07/20 11:04:06 INFO BlockManagerMasterEndpoint: Using org.apache.spark.storage.DefaultTopologyMapper for getting topology information
[2026-07-20T11:04:06.928+0000] {subprocess.py:93} INFO - 26/07/20 11:04:06 INFO BlockManagerMasterEndpoint: BlockManagerMasterEndpoint up
[2026-07-20T11:04:06.932+0000] {subprocess.py:93} INFO - 26/07/20 11:04:06 INFO SparkEnv: Registering BlockManagerMasterHeartbeat
[2026-07-20T11:04:06.960+0000] {subprocess.py:93} INFO - 26/07/20 11:04:06 INFO DiskBlockManager: Created local directory at /tmp/blockmgr-46d263b2-4954-410a-936a-468366202add
[2026-07-20T11:04:06.978+0000] {subprocess.py:93} INFO - 26/07/20 11:04:06 INFO MemoryStore: MemoryStore started with capacity 434.4 MiB
[2026-07-20T11:04:06.997+0000] {subprocess.py:93} INFO - 26/07/20 11:04:06 INFO SparkEnv: Registering OutputCommitCoordinator
[2026-07-20T11:04:07.250+0000] {subprocess.py:93} INFO - 26/07/20 11:04:07 INFO JettyUtils: Start Jetty 0.0.0.0:4040 for SparkUI
[2026-07-20T11:04:07.331+0000] {subprocess.py:93} INFO - 26/07/20 11:04:07 INFO Utils: Successfully started service 'SparkUI' on port 4040.
[2026-07-20T11:04:07.377+0000] {subprocess.py:93} INFO - 26/07/20 11:04:07 INFO SparkContext: Added JAR file:///opt/jars/delta-spark_2.12-3.2.0.jar at spark://6c69b60fed9d:45583/jars/delta-spark_2.12-3.2.0.jar with timestamp 1784545446280
[2026-07-20T11:04:07.378+0000] {subprocess.py:93} INFO - 26/07/20 11:04:07 INFO SparkContext: Added JAR file:///opt/jars/delta-storage-3.2.0.jar at spark://6c69b60fed9d:45583/jars/delta-storage-3.2.0.jar with timestamp 1784545446280
[2026-07-20T11:04:07.380+0000] {subprocess.py:93} INFO - 26/07/20 11:04:07 INFO SparkContext: Added JAR file:///opt/jars/spark-sql-kafka-0-10_2.12-3.5.1.jar at spark://6c69b60fed9d:45583/jars/spark-sql-kafka-0-10_2.12-3.5.1.jar with timestamp 1784545446280
[2026-07-20T11:04:07.381+0000] {subprocess.py:93} INFO - 26/07/20 11:04:07 INFO SparkContext: Added JAR file:///opt/jars/kafka-clients-3.4.1.jar at spark://6c69b60fed9d:45583/jars/kafka-clients-3.4.1.jar with timestamp 1784545446280
[2026-07-20T11:04:07.382+0000] {subprocess.py:93} INFO - 26/07/20 11:04:07 INFO SparkContext: Added JAR file:///opt/jars/spark-token-provider-kafka-0-10_2.12-3.5.1.jar at spark://6c69b60fed9d:45583/jars/spark-token-provider-kafka-0-10_2.12-3.5.1.jar with timestamp 1784545446280
[2026-07-20T11:04:07.383+0000] {subprocess.py:93} INFO - 26/07/20 11:04:07 INFO SparkContext: Added JAR file:///opt/jars/commons-pool2-2.11.1.jar at spark://6c69b60fed9d:45583/jars/commons-pool2-2.11.1.jar with timestamp 1784545446280
[2026-07-20T11:04:07.496+0000] {subprocess.py:93} INFO - 26/07/20 11:04:07 INFO StandaloneAppClient$ClientEndpoint: Connecting to master spark://sdp-spark-master:7077...
[2026-07-20T11:04:07.570+0000] {subprocess.py:93} INFO - 26/07/20 11:04:07 INFO TransportClientFactory: Successfully created connection to sdp-spark-master/172.18.0.4:7077 after 47 ms (0 ms spent in bootstraps)
[2026-07-20T11:04:07.692+0000] {subprocess.py:93} INFO - 26/07/20 11:04:07 INFO StandaloneSchedulerBackend: Connected to Spark cluster with app ID app-20260720110407-0101
[2026-07-20T11:04:07.694+0000] {subprocess.py:93} INFO - 26/07/20 11:04:07 INFO StandaloneAppClient$ClientEndpoint: Executor added: app-20260720110407-0101/0 on worker-20260716063602-172.18.0.5-44367 (172.18.0.5:44367) with 1 core(s)
[2026-07-20T11:04:07.696+0000] {subprocess.py:93} INFO - 26/07/20 11:04:07 INFO StandaloneSchedulerBackend: Granted executor ID app-20260720110407-0101/0 on hostPort 172.18.0.5:44367 with 1 core(s), 512.0 MiB RAM
[2026-07-20T11:04:07.699+0000] {subprocess.py:93} INFO - 26/07/20 11:04:07 INFO StandaloneAppClient$ClientEndpoint: Executor added: app-20260720110407-0101/1 on worker-20260716063602-172.18.0.5-44367 (172.18.0.5:44367) with 1 core(s)
[2026-07-20T11:04:07.704+0000] {subprocess.py:93} INFO - 26/07/20 11:04:07 INFO StandaloneSchedulerBackend: Granted executor ID app-20260720110407-0101/1 on hostPort 172.18.0.5:44367 with 1 core(s), 512.0 MiB RAM
[2026-07-20T11:04:07.706+0000] {subprocess.py:93} INFO - 26/07/20 11:04:07 INFO StandaloneAppClient$ClientEndpoint: Executor added: app-20260720110407-0101/2 on worker-20260716063602-172.18.0.6-33249 (172.18.0.6:33249) with 1 core(s)
[2026-07-20T11:04:07.707+0000] {subprocess.py:93} INFO - 26/07/20 11:04:07 INFO StandaloneSchedulerBackend: Granted executor ID app-20260720110407-0101/2 on hostPort 172.18.0.6:33249 with 1 core(s), 512.0 MiB RAM
[2026-07-20T11:04:07.713+0000] {subprocess.py:93} INFO - 26/07/20 11:04:07 INFO Utils: Successfully started service 'org.apache.spark.network.netty.NettyBlockTransferService' on port 33023.
[2026-07-20T11:04:07.718+0000] {subprocess.py:93} INFO - 26/07/20 11:04:07 INFO NettyBlockTransferService: Server created on 6c69b60fed9d:33023
[2026-07-20T11:04:07.721+0000] {subprocess.py:93} INFO - 26/07/20 11:04:07 INFO BlockManager: Using org.apache.spark.storage.RandomBlockReplicationPolicy for block replication policy
[2026-07-20T11:04:07.732+0000] {subprocess.py:93} INFO - 26/07/20 11:04:07 INFO BlockManagerMaster: Registering BlockManager BlockManagerId(driver, 6c69b60fed9d, 33023, None)
[2026-07-20T11:04:07.739+0000] {subprocess.py:93} INFO - 26/07/20 11:04:07 INFO BlockManagerMasterEndpoint: Registering block manager 6c69b60fed9d:33023 with 434.4 MiB RAM, BlockManagerId(driver, 6c69b60fed9d, 33023, None)
[2026-07-20T11:04:07.748+0000] {subprocess.py:93} INFO - 26/07/20 11:04:07 INFO BlockManagerMaster: Registered BlockManager BlockManagerId(driver, 6c69b60fed9d, 33023, None)
[2026-07-20T11:04:07.757+0000] {subprocess.py:93} INFO - 26/07/20 11:04:07 INFO BlockManager: Initialized BlockManager: BlockManagerId(driver, 6c69b60fed9d, 33023, None)
[2026-07-20T11:04:07.770+0000] {subprocess.py:93} INFO - 26/07/20 11:04:07 INFO StandaloneAppClient$ClientEndpoint: Executor updated: app-20260720110407-0101/0 is now RUNNING
[2026-07-20T11:04:07.773+0000] {subprocess.py:93} INFO - 26/07/20 11:04:07 INFO StandaloneAppClient$ClientEndpoint: Executor updated: app-20260720110407-0101/2 is now RUNNING
[2026-07-20T11:04:07.783+0000] {subprocess.py:93} INFO - 26/07/20 11:04:07 INFO StandaloneAppClient$ClientEndpoint: Executor updated: app-20260720110407-0101/1 is now RUNNING
[2026-07-20T11:04:08.359+0000] {subprocess.py:93} INFO - 26/07/20 11:04:08 INFO StandaloneSchedulerBackend: SchedulerBackend is ready for scheduling beginning after reached minRegisteredResourcesRatio: 0.0
[2026-07-20T11:04:33.876+0000] {subprocess.py:93} INFO - 26/07/20 11:04:33 WARN SparkStringUtils: Truncated the string representation of a plan since it was too large. This behavior can be adjusted by setting 'spark.sql.debug.maxToStringFields'.
[2026-07-20T11:05:14.472+0000] {subprocess.py:93} INFO - Gold table written: /opt/data/gold/daily_sales  (4 rows)
[2026-07-20T11:05:29.035+0000] {subprocess.py:93} INFO - Gold table written: /opt/data/gold/product_performance  (10 rows)
[2026-07-20T11:05:47.812+0000] {subprocess.py:93} INFO - Gold table written: /opt/data/gold/customer_orders  (5 rows)
[2026-07-20T11:05:47.815+0000] {subprocess.py:93} INFO - 
[2026-07-20T11:05:47.817+0000] {subprocess.py:93} INFO - Gold pipeline complete.
[2026-07-20T11:05:48.542+0000] {subprocess.py:97} INFO - Command exited with return code 0
[2026-07-20T11:05:48.545+0000] {taskinstance.py:441} INFO - ::group::Post task execution logs
[2026-07-20T11:05:48.586+0000] {taskinstance.py:1205} INFO - Marking task as SUCCESS. dag_id=e-commerce_kafka_streaming_pipeline_v1, task_id=run_gold, execution_date=20260720T100000, start_date=20260720T110401, end_date=20260720T110548
[2026-07-20T11:05:48.625+0000] {local_task_job_runner.py:240} INFO - Task exited with return code 0
[2026-07-20T11:05:48.646+0000] {taskinstance.py:3482} INFO - 1 downstream tasks scheduled from follow-on schedule check
[2026-07-20T11:05:48.650+0000] {local_task_job_runner.py:222} INFO - ::endgroup::
