[2026-06-09T03:39:14.168+0000] {local_task_job_runner.py:120} INFO - ::group::Pre task execution logs
[2026-06-09T03:39:14.370+0000] {taskinstance.py:2073} INFO - Dependencies all met for dep_context=non-requeueable deps ti=<TaskInstance: e-commerce_kafka_streaming_pipeline_v10.run_bronze scheduled__2026-06-08T14:00:00+00:00 [queued]>
[2026-06-09T03:39:14.392+0000] {taskinstance.py:2073} INFO - Dependencies all met for dep_context=requeueable deps ti=<TaskInstance: e-commerce_kafka_streaming_pipeline_v10.run_bronze scheduled__2026-06-08T14:00:00+00:00 [queued]>
[2026-06-09T03:39:14.393+0000] {taskinstance.py:2303} INFO - Starting attempt 2 of 2
[2026-06-09T03:39:14.434+0000] {taskinstance.py:2327} INFO - Executing <Task(BashOperator): run_bronze> on 2026-06-08 14:00:00+00:00
[2026-06-09T03:39:14.467+0000] {standard_task_runner.py:90} INFO - Running: ['***', 'tasks', 'run', 'e-commerce_kafka_streaming_pipeline_v10', 'run_bronze', 'scheduled__2026-06-08T14:00:00+00:00', '--job-id', '71', '--raw', '--subdir', 'DAGS_FOLDER/sdp_pipeline_dag.py', '--cfg-path', '/tmp/tmptna1jipy']
[2026-06-09T03:39:14.475+0000] {standard_task_runner.py:91} INFO - Job 71: Subtask run_bronze
[2026-06-09T03:39:14.471+0000] {logging_mixin.py:188} WARNING - /home/***/.local/lib/python3.12/site-packages/***/task/task_runner/standard_task_runner.py:61 DeprecationWarning: This process (pid=1045) is multi-threaded, use of fork() may lead to deadlocks in the child.
[2026-06-09T03:39:14.481+0000] {standard_task_runner.py:63} INFO - Started process 1047 to run task
[2026-06-09T03:39:14.690+0000] {task_command.py:426} INFO - Running <TaskInstance: e-commerce_kafka_streaming_pipeline_v10.run_bronze scheduled__2026-06-08T14:00:00+00:00 [running]> on host 19d9c0c71dcc
[2026-06-09T03:39:15.018+0000] {taskinstance.py:2644} INFO - Exporting env vars: AIRFLOW_CTX_DAG_OWNER='dev' AIRFLOW_CTX_DAG_ID='e-commerce_kafka_streaming_pipeline_v10' AIRFLOW_CTX_TASK_ID='run_bronze' AIRFLOW_CTX_EXECUTION_DATE='2026-06-08T14:00:00+00:00' AIRFLOW_CTX_TRY_NUMBER='2' AIRFLOW_CTX_DAG_RUN_ID='scheduled__2026-06-08T14:00:00+00:00'
[2026-06-09T03:39:15.021+0000] {taskinstance.py:430} INFO - ::endgroup::
[2026-06-09T03:39:15.081+0000] {subprocess.py:63} INFO - Tmp dir root location: /tmp
[2026-06-09T03:39:15.090+0000] {subprocess.py:75} INFO - Running command: ['/usr/bin/bash', '-c', 'timeout 120s docker run --rm --network streaming_kafka_project_sdp-net --volume /d/Streaming_kafka_project/pipelines:/opt/pipelines --volume /d/Streaming_kafka_project/data:/opt/data --volume /d/Streaming_kafka_project/checkpoints:/opt/checkpoints --volume /d/Streaming_kafka_project/jars:/opt/jars apache/spark:3.5.1 /opt/spark/bin/spark-submit --master spark://sdp-spark-master:7077 --executor-cores 1 --executor-memory 512m --total-executor-cores 3 --jars /opt/jars/delta-spark_2.12-3.2.0.jar,/opt/jars/delta-storage-3.2.0.jar,/opt/jars/spark-sql-kafka-0-10_2.12-3.5.1.jar,/opt/jars/kafka-clients-3.4.1.jar,/opt/jars/spark-token-provider-kafka-0-10_2.12-3.5.1.jar,/opt/jars/commons-pool2-2.11.1.jar --conf spark.sql.extensions=io.delta.sql.DeltaSparkSessionExtension --conf spark.sql.catalog.spark_catalog=org.apache.spark.sql.delta.catalog.DeltaCatalog  /opt/pipelines/bronze_runner.py']
[2026-06-09T03:39:15.136+0000] {subprocess.py:86} INFO - Output:
[2026-06-09T03:39:35.048+0000] {subprocess.py:93} INFO - 26/06/09 03:39:35 WARN NativeCodeLoader: Unable to load native-hadoop library for your platform... using builtin-java classes where applicable
[2026-06-09T03:39:40.363+0000] {subprocess.py:93} INFO - 26/06/09 03:39:40 INFO SparkContext: Running Spark version 3.5.1
[2026-06-09T03:39:40.369+0000] {subprocess.py:93} INFO - 26/06/09 03:39:40 INFO SparkContext: OS info Linux, 6.6.114.1-microsoft-standard-WSL2, amd64
[2026-06-09T03:39:40.376+0000] {subprocess.py:93} INFO - 26/06/09 03:39:40 INFO SparkContext: Java version 11.0.22
[2026-06-09T03:39:40.569+0000] {subprocess.py:93} INFO - 26/06/09 03:39:40 INFO ResourceUtils: ==============================================================
[2026-06-09T03:39:40.578+0000] {subprocess.py:93} INFO - 26/06/09 03:39:40 INFO ResourceUtils: No custom resources configured for spark.driver.
[2026-06-09T03:39:40.579+0000] {subprocess.py:93} INFO - 26/06/09 03:39:40 INFO ResourceUtils: ==============================================================
[2026-06-09T03:39:40.580+0000] {subprocess.py:93} INFO - 26/06/09 03:39:40 INFO SparkContext: Submitted application: SDP-Bronze
[2026-06-09T03:39:40.709+0000] {subprocess.py:93} INFO - 26/06/09 03:39:40 INFO ResourceProfile: Default ResourceProfile created, executor resources: Map(cores -> name: cores, amount: 1, script: , vendor: , memory -> name: memory, amount: 512, script: , vendor: , offHeap -> name: offHeap, amount: 0, script: , vendor: ), task resources: Map(cpus -> name: cpus, amount: 1.0)
[2026-06-09T03:39:40.797+0000] {subprocess.py:93} INFO - 26/06/09 03:39:40 INFO ResourceProfile: Limiting resource is cpus at 1 tasks per executor
[2026-06-09T03:39:40.813+0000] {subprocess.py:93} INFO - 26/06/09 03:39:40 INFO ResourceProfileManager: Added ResourceProfile id: 0
[2026-06-09T03:39:41.155+0000] {subprocess.py:93} INFO - 26/06/09 03:39:41 INFO SecurityManager: Changing view acls to: spark
[2026-06-09T03:39:41.156+0000] {subprocess.py:93} INFO - 26/06/09 03:39:41 INFO SecurityManager: Changing modify acls to: spark
[2026-06-09T03:39:41.159+0000] {subprocess.py:93} INFO - 26/06/09 03:39:41 INFO SecurityManager: Changing view acls groups to:
[2026-06-09T03:39:41.173+0000] {subprocess.py:93} INFO - 26/06/09 03:39:41 INFO SecurityManager: Changing modify acls groups to:
[2026-06-09T03:39:41.188+0000] {subprocess.py:93} INFO - 26/06/09 03:39:41 INFO SecurityManager: SecurityManager: authentication disabled; ui acls disabled; users with view permissions: spark; groups with view permissions: EMPTY; users with modify permissions: spark; groups with modify permissions: EMPTY
[2026-06-09T03:39:43.561+0000] {subprocess.py:93} INFO - 26/06/09 03:39:43 INFO Utils: Successfully started service 'sparkDriver' on port 40973.
[2026-06-09T03:39:43.822+0000] {subprocess.py:93} INFO - 26/06/09 03:39:43 INFO SparkEnv: Registering MapOutputTracker
[2026-06-09T03:39:44.085+0000] {subprocess.py:93} INFO - 26/06/09 03:39:44 INFO SparkEnv: Registering BlockManagerMaster
[2026-06-09T03:39:44.522+0000] {subprocess.py:93} INFO - 26/06/09 03:39:44 INFO BlockManagerMasterEndpoint: Using org.apache.spark.storage.DefaultTopologyMapper for getting topology information
[2026-06-09T03:39:44.524+0000] {subprocess.py:93} INFO - 26/06/09 03:39:44 INFO BlockManagerMasterEndpoint: BlockManagerMasterEndpoint up
[2026-06-09T03:39:44.537+0000] {subprocess.py:93} INFO - 26/06/09 03:39:44 INFO SparkEnv: Registering BlockManagerMasterHeartbeat
[2026-06-09T03:39:44.795+0000] {subprocess.py:93} INFO - 26/06/09 03:39:44 INFO DiskBlockManager: Created local directory at /tmp/blockmgr-a19ea680-9ea7-46bb-8c98-5c4218094fab
[2026-06-09T03:39:44.972+0000] {subprocess.py:93} INFO - 26/06/09 03:39:44 INFO MemoryStore: MemoryStore started with capacity 434.4 MiB
[2026-06-09T03:39:45.067+0000] {subprocess.py:93} INFO - 26/06/09 03:39:45 INFO SparkEnv: Registering OutputCommitCoordinator
[2026-06-09T03:39:46.245+0000] {subprocess.py:93} INFO - 26/06/09 03:39:46 INFO JettyUtils: Start Jetty 0.0.0.0:4040 for SparkUI
[2026-06-09T03:39:47.000+0000] {subprocess.py:93} INFO - 26/06/09 03:39:46 INFO Utils: Successfully started service 'SparkUI' on port 4040.
[2026-06-09T03:39:47.385+0000] {subprocess.py:93} INFO - 26/06/09 03:39:47 INFO SparkContext: Added JAR file:///opt/jars/delta-spark_2.12-3.2.0.jar at spark://5d5995b7e494:40973/jars/delta-spark_2.12-3.2.0.jar with timestamp 1780976380257
[2026-06-09T03:39:47.415+0000] {subprocess.py:93} INFO - 26/06/09 03:39:47 INFO SparkContext: Added JAR file:///opt/jars/delta-storage-3.2.0.jar at spark://5d5995b7e494:40973/jars/delta-storage-3.2.0.jar with timestamp 1780976380257
[2026-06-09T03:39:47.420+0000] {subprocess.py:93} INFO - 26/06/09 03:39:47 INFO SparkContext: Added JAR file:///opt/jars/spark-sql-kafka-0-10_2.12-3.5.1.jar at spark://5d5995b7e494:40973/jars/spark-sql-kafka-0-10_2.12-3.5.1.jar with timestamp 1780976380257
[2026-06-09T03:39:47.424+0000] {subprocess.py:93} INFO - 26/06/09 03:39:47 INFO SparkContext: Added JAR file:///opt/jars/kafka-clients-3.4.1.jar at spark://5d5995b7e494:40973/jars/kafka-clients-3.4.1.jar with timestamp 1780976380257
[2026-06-09T03:39:47.434+0000] {subprocess.py:93} INFO - 26/06/09 03:39:47 INFO SparkContext: Added JAR file:///opt/jars/spark-token-provider-kafka-0-10_2.12-3.5.1.jar at spark://5d5995b7e494:40973/jars/spark-token-provider-kafka-0-10_2.12-3.5.1.jar with timestamp 1780976380257
[2026-06-09T03:39:47.442+0000] {subprocess.py:93} INFO - 26/06/09 03:39:47 INFO SparkContext: Added JAR file:///opt/jars/commons-pool2-2.11.1.jar at spark://5d5995b7e494:40973/jars/commons-pool2-2.11.1.jar with timestamp 1780976380257
[2026-06-09T03:39:48.488+0000] {subprocess.py:93} INFO - 26/06/09 03:39:48 INFO StandaloneAppClient$ClientEndpoint: Connecting to master spark://sdp-spark-master:7077...
[2026-06-09T03:39:48.983+0000] {subprocess.py:93} INFO - 26/06/09 03:39:48 INFO TransportClientFactory: Successfully created connection to sdp-spark-master/172.18.0.4:7077 after 238 ms (0 ms spent in bootstraps)
[2026-06-09T03:39:49.937+0000] {subprocess.py:93} INFO - 26/06/09 03:39:49 INFO StandaloneSchedulerBackend: Connected to Spark cluster with app ID app-20260609033949-0020
[2026-06-09T03:39:49.996+0000] {subprocess.py:93} INFO - 26/06/09 03:39:49 INFO StandaloneAppClient$ClientEndpoint: Executor added: app-20260609033949-0020/0 on worker-20260608131402-172.18.0.5-38399 (172.18.0.5:38399) with 1 core(s)
[2026-06-09T03:39:50.041+0000] {subprocess.py:93} INFO - 26/06/09 03:39:50 INFO StandaloneSchedulerBackend: Granted executor ID app-20260609033949-0020/0 on hostPort 172.18.0.5:38399 with 1 core(s), 512.0 MiB RAM
[2026-06-09T03:39:50.042+0000] {subprocess.py:93} INFO - 26/06/09 03:39:50 INFO StandaloneAppClient$ClientEndpoint: Executor added: app-20260609033949-0020/1 on worker-20260608131402-172.18.0.5-38399 (172.18.0.5:38399) with 1 core(s)
[2026-06-09T03:39:50.043+0000] {subprocess.py:93} INFO - 26/06/09 03:39:50 INFO StandaloneSchedulerBackend: Granted executor ID app-20260609033949-0020/1 on hostPort 172.18.0.5:38399 with 1 core(s), 512.0 MiB RAM
[2026-06-09T03:39:50.068+0000] {subprocess.py:93} INFO - 26/06/09 03:39:50 INFO StandaloneAppClient$ClientEndpoint: Executor added: app-20260609033949-0020/2 on worker-20260608131402-172.18.0.6-44005 (172.18.0.6:44005) with 1 core(s)
[2026-06-09T03:39:50.069+0000] {subprocess.py:93} INFO - 26/06/09 03:39:50 INFO StandaloneSchedulerBackend: Granted executor ID app-20260609033949-0020/2 on hostPort 172.18.0.6:44005 with 1 core(s), 512.0 MiB RAM
[2026-06-09T03:39:50.169+0000] {subprocess.py:93} INFO - 26/06/09 03:39:50 INFO Utils: Successfully started service 'org.apache.spark.network.netty.NettyBlockTransferService' on port 40555.
[2026-06-09T03:39:50.171+0000] {subprocess.py:93} INFO - 26/06/09 03:39:50 INFO NettyBlockTransferService: Server created on 5d5995b7e494:40555
[2026-06-09T03:39:50.185+0000] {subprocess.py:93} INFO - 26/06/09 03:39:50 INFO BlockManager: Using org.apache.spark.storage.RandomBlockReplicationPolicy for block replication policy
[2026-06-09T03:39:50.316+0000] {subprocess.py:93} INFO - 26/06/09 03:39:50 INFO BlockManagerMaster: Registering BlockManager BlockManagerId(driver, 5d5995b7e494, 40555, None)
[2026-06-09T03:39:50.328+0000] {subprocess.py:93} INFO - 26/06/09 03:39:50 INFO BlockManagerMasterEndpoint: Registering block manager 5d5995b7e494:40555 with 434.4 MiB RAM, BlockManagerId(driver, 5d5995b7e494, 40555, None)
[2026-06-09T03:39:50.404+0000] {subprocess.py:93} INFO - 26/06/09 03:39:50 INFO BlockManagerMaster: Registered BlockManager BlockManagerId(driver, 5d5995b7e494, 40555, None)
[2026-06-09T03:39:50.418+0000] {subprocess.py:93} INFO - 26/06/09 03:39:50 INFO BlockManager: Initialized BlockManager: BlockManagerId(driver, 5d5995b7e494, 40555, None)
[2026-06-09T03:39:52.218+0000] {subprocess.py:93} INFO - 26/06/09 03:39:52 INFO StandaloneAppClient$ClientEndpoint: Executor updated: app-20260609033949-0020/0 is now RUNNING
[2026-06-09T03:39:52.463+0000] {subprocess.py:93} INFO - 26/06/09 03:39:52 INFO StandaloneAppClient$ClientEndpoint: Executor updated: app-20260609033949-0020/1 is now RUNNING
[2026-06-09T03:39:52.531+0000] {subprocess.py:93} INFO - 26/06/09 03:39:52 INFO StandaloneAppClient$ClientEndpoint: Executor updated: app-20260609033949-0020/2 is now RUNNING
[2026-06-09T03:39:54.432+0000] {subprocess.py:93} INFO - 26/06/09 03:39:54 INFO StandaloneSchedulerBackend: SchedulerBackend is ready for scheduling beginning after reached minRegisteredResourcesRatio: 0.0
[2026-06-09T03:39:57.708+0000] {subprocess.py:93} INFO - Starting stream: orders -> /opt/data/bronze/orders
[2026-06-09T03:41:18.130+0000] {subprocess.py:93} INFO - 26/06/09 03:41:18 ERROR TorrentBroadcast: Store broadcast broadcast_0 fail, remove all pieces of the broadcast
[2026-06-09T03:41:20.361+0000] {subprocess.py:97} INFO - Command exited with return code 124
[2026-06-09T03:41:20.375+0000] {taskinstance.py:441} INFO - ::group::Post task execution logs
[2026-06-09T03:41:20.591+0000] {taskinstance.py:2890} ERROR - Task failed with exception
Traceback (most recent call last):
  File "/home/airflow/.local/lib/python3.12/site-packages/airflow/models/taskinstance.py", line 465, in _execute_task
    result = _execute_callable(context=context, **execute_callable_kwargs)
             ^^^^^^^^^^^^^^^^^^^^^^^^^^^^^^^^^^^^^^^^^^^^^^^^^^^^^^^^^^^^^
  File "/home/airflow/.local/lib/python3.12/site-packages/airflow/models/taskinstance.py", line 432, in _execute_callable
    return execute_callable(context=context, **execute_callable_kwargs)
           ^^^^^^^^^^^^^^^^^^^^^^^^^^^^^^^^^^^^^^^^^^^^^^^^^^^^^^^^^^^^
  File "/home/airflow/.local/lib/python3.12/site-packages/airflow/models/baseoperator.py", line 400, in wrapper
    return func(self, *args, **kwargs)
           ^^^^^^^^^^^^^^^^^^^^^^^^^^^
  File "/home/airflow/.local/lib/python3.12/site-packages/airflow/operators/bash.py", line 243, in execute
    raise AirflowException(
airflow.exceptions.AirflowException: Bash command failed. The command returned a non-zero exit code 124.
[2026-06-09T03:41:20.647+0000] {taskinstance.py:1205} INFO - Marking task as FAILED. dag_id=e-commerce_kafka_streaming_pipeline_v10, task_id=run_bronze, execution_date=20260608T140000, start_date=20260609T033914, end_date=20260609T034120
[2026-06-09T03:41:21.021+0000] {standard_task_runner.py:110} ERROR - Failed to execute job 71 for task run_bronze (Bash command failed. The command returned a non-zero exit code 124.; 1047)
[2026-06-09T03:41:21.208+0000] {local_task_job_runner.py:240} INFO - Task exited with return code 1
[2026-06-09T03:41:21.545+0000] {taskinstance.py:3482} INFO - 0 downstream tasks scheduled from follow-on schedule check
[2026-06-09T03:41:21.595+0000] {local_task_job_runner.py:222} INFO - ::endgroup::
