[2026-06-10T01:21:31.437+0000] {local_task_job_runner.py:120} INFO - ::group::Pre task execution logs
[2026-06-10T01:21:31.747+0000] {taskinstance.py:2073} INFO - Dependencies all met for dep_context=non-requeueable deps ti=<TaskInstance: e-commerce_kafka_streaming_pipeline_v10.run_bronze scheduled__2026-06-10T00:00:00+00:00 [queued]>
[2026-06-10T01:21:31.845+0000] {taskinstance.py:2073} INFO - Dependencies all met for dep_context=requeueable deps ti=<TaskInstance: e-commerce_kafka_streaming_pipeline_v10.run_bronze scheduled__2026-06-10T00:00:00+00:00 [queued]>
[2026-06-10T01:21:31.852+0000] {taskinstance.py:2303} INFO - Starting attempt 1 of 2
[2026-06-10T01:21:31.917+0000] {taskinstance.py:2327} INFO - Executing <Task(BashOperator): run_bronze> on 2026-06-10 00:00:00+00:00
[2026-06-10T01:21:31.979+0000] {logging_mixin.py:188} WARNING - /home/***/.local/lib/python3.12/site-packages/***/task/task_runner/standard_task_runner.py:61 DeprecationWarning: This process (pid=5792) is multi-threaded, use of fork() may lead to deadlocks in the child.
[2026-06-10T01:21:31.986+0000] {standard_task_runner.py:63} INFO - Started process 5793 to run task
[2026-06-10T01:21:31.978+0000] {standard_task_runner.py:90} INFO - Running: ['***', 'tasks', 'run', 'e-commerce_kafka_streaming_pipeline_v10', 'run_bronze', 'scheduled__2026-06-10T00:00:00+00:00', '--job-id', '117', '--raw', '--subdir', 'DAGS_FOLDER/sdp_pipeline_dag.py', '--cfg-path', '/tmp/tmp41t01fb2']
[2026-06-10T01:21:31.989+0000] {standard_task_runner.py:91} INFO - Job 117: Subtask run_bronze
[2026-06-10T01:21:32.331+0000] {task_command.py:426} INFO - Running <TaskInstance: e-commerce_kafka_streaming_pipeline_v10.run_bronze scheduled__2026-06-10T00:00:00+00:00 [running]> on host 19d9c0c71dcc
[2026-06-10T01:21:32.926+0000] {taskinstance.py:2644} INFO - Exporting env vars: AIRFLOW_CTX_DAG_OWNER='dev' AIRFLOW_CTX_DAG_ID='e-commerce_kafka_streaming_pipeline_v10' AIRFLOW_CTX_TASK_ID='run_bronze' AIRFLOW_CTX_EXECUTION_DATE='2026-06-10T00:00:00+00:00' AIRFLOW_CTX_TRY_NUMBER='1' AIRFLOW_CTX_DAG_RUN_ID='scheduled__2026-06-10T00:00:00+00:00'
[2026-06-10T01:21:32.929+0000] {taskinstance.py:430} INFO - ::endgroup::
[2026-06-10T01:21:32.971+0000] {subprocess.py:63} INFO - Tmp dir root location: /tmp
[2026-06-10T01:21:32.974+0000] {subprocess.py:75} INFO - Running command: ['/usr/bin/bash', '-c', 'timeout 120s docker run --rm --network streaming_kafka_project_sdp-net --volume /d/Streaming_kafka_project/pipelines:/opt/pipelines --volume /d/Streaming_kafka_project/data:/opt/data --volume /d/Streaming_kafka_project/checkpoints:/opt/checkpoints --volume /d/Streaming_kafka_project/jars:/opt/jars apache/spark:3.5.1 /opt/spark/bin/spark-submit --master spark://sdp-spark-master:7077 --executor-cores 1 --executor-memory 512m --total-executor-cores 3 --jars /opt/jars/delta-spark_2.12-3.2.0.jar,/opt/jars/delta-storage-3.2.0.jar,/opt/jars/spark-sql-kafka-0-10_2.12-3.5.1.jar,/opt/jars/kafka-clients-3.4.1.jar,/opt/jars/spark-token-provider-kafka-0-10_2.12-3.5.1.jar,/opt/jars/commons-pool2-2.11.1.jar --conf spark.sql.extensions=io.delta.sql.DeltaSparkSessionExtension --conf spark.sql.catalog.spark_catalog=org.apache.spark.sql.delta.catalog.DeltaCatalog  /opt/pipelines/bronze_runner.py']
[2026-06-10T01:21:32.999+0000] {subprocess.py:86} INFO - Output:
[2026-06-10T01:21:56.777+0000] {subprocess.py:93} INFO - 26/06/10 01:21:56 WARN NativeCodeLoader: Unable to load native-hadoop library for your platform... using builtin-java classes where applicable
[2026-06-10T01:22:00.268+0000] {subprocess.py:93} INFO - 26/06/10 01:22:00 INFO SparkContext: Running Spark version 3.5.1
[2026-06-10T01:22:00.271+0000] {subprocess.py:93} INFO - 26/06/10 01:22:00 INFO SparkContext: OS info Linux, 6.6.114.1-microsoft-standard-WSL2, amd64
[2026-06-10T01:22:00.275+0000] {subprocess.py:93} INFO - 26/06/10 01:22:00 INFO SparkContext: Java version 11.0.22
[2026-06-10T01:22:00.432+0000] {subprocess.py:93} INFO - 26/06/10 01:22:00 INFO ResourceUtils: ==============================================================
[2026-06-10T01:22:00.449+0000] {subprocess.py:93} INFO - 26/06/10 01:22:00 INFO ResourceUtils: No custom resources configured for spark.driver.
[2026-06-10T01:22:00.454+0000] {subprocess.py:93} INFO - 26/06/10 01:22:00 INFO ResourceUtils: ==============================================================
[2026-06-10T01:22:00.482+0000] {subprocess.py:93} INFO - 26/06/10 01:22:00 INFO SparkContext: Submitted application: SDP-Bronze
[2026-06-10T01:22:00.577+0000] {subprocess.py:93} INFO - 26/06/10 01:22:00 INFO ResourceProfile: Default ResourceProfile created, executor resources: Map(cores -> name: cores, amount: 1, script: , vendor: , memory -> name: memory, amount: 512, script: , vendor: , offHeap -> name: offHeap, amount: 0, script: , vendor: ), task resources: Map(cpus -> name: cpus, amount: 1.0)
[2026-06-10T01:22:00.640+0000] {subprocess.py:93} INFO - 26/06/10 01:22:00 INFO ResourceProfile: Limiting resource is cpus at 1 tasks per executor
[2026-06-10T01:22:00.655+0000] {subprocess.py:93} INFO - 26/06/10 01:22:00 INFO ResourceProfileManager: Added ResourceProfile id: 0
[2026-06-10T01:22:00.832+0000] {subprocess.py:93} INFO - 26/06/10 01:22:00 INFO SecurityManager: Changing view acls to: spark
[2026-06-10T01:22:00.841+0000] {subprocess.py:93} INFO - 26/06/10 01:22:00 INFO SecurityManager: Changing modify acls to: spark
[2026-06-10T01:22:00.846+0000] {subprocess.py:93} INFO - 26/06/10 01:22:00 INFO SecurityManager: Changing view acls groups to:
[2026-06-10T01:22:00.850+0000] {subprocess.py:93} INFO - 26/06/10 01:22:00 INFO SecurityManager: Changing modify acls groups to:
[2026-06-10T01:22:00.852+0000] {subprocess.py:93} INFO - 26/06/10 01:22:00 INFO SecurityManager: SecurityManager: authentication disabled; ui acls disabled; users with view permissions: spark; groups with view permissions: EMPTY; users with modify permissions: spark; groups with modify permissions: EMPTY
[2026-06-10T01:22:02.328+0000] {subprocess.py:93} INFO - 26/06/10 01:22:02 INFO Utils: Successfully started service 'sparkDriver' on port 32883.
[2026-06-10T01:22:03.142+0000] {subprocess.py:93} INFO - 26/06/10 01:22:03 INFO SparkEnv: Registering MapOutputTracker
[2026-06-10T01:22:03.486+0000] {subprocess.py:93} INFO - 26/06/10 01:22:03 INFO SparkEnv: Registering BlockManagerMaster
[2026-06-10T01:22:03.660+0000] {subprocess.py:93} INFO - 26/06/10 01:22:03 INFO BlockManagerMasterEndpoint: Using org.apache.spark.storage.DefaultTopologyMapper for getting topology information
[2026-06-10T01:22:03.676+0000] {subprocess.py:93} INFO - 26/06/10 01:22:03 INFO BlockManagerMasterEndpoint: BlockManagerMasterEndpoint up
[2026-06-10T01:22:03.717+0000] {subprocess.py:93} INFO - 26/06/10 01:22:03 INFO SparkEnv: Registering BlockManagerMasterHeartbeat
[2026-06-10T01:22:03.950+0000] {subprocess.py:93} INFO - 26/06/10 01:22:03 INFO DiskBlockManager: Created local directory at /tmp/blockmgr-c9930318-85f8-494a-9a4c-b3a4abc44aa4
[2026-06-10T01:22:04.088+0000] {subprocess.py:93} INFO - 26/06/10 01:22:04 INFO MemoryStore: MemoryStore started with capacity 434.4 MiB
[2026-06-10T01:22:04.227+0000] {subprocess.py:93} INFO - 26/06/10 01:22:04 INFO SparkEnv: Registering OutputCommitCoordinator
[2026-06-10T01:22:06.114+0000] {subprocess.py:93} INFO - 26/06/10 01:22:06 INFO JettyUtils: Start Jetty 0.0.0.0:4040 for SparkUI
[2026-06-10T01:22:06.857+0000] {subprocess.py:93} INFO - 26/06/10 01:22:06 INFO Utils: Successfully started service 'SparkUI' on port 4040.
[2026-06-10T01:22:07.301+0000] {subprocess.py:93} INFO - 26/06/10 01:22:07 INFO SparkContext: Added JAR file:///opt/jars/delta-spark_2.12-3.2.0.jar at spark://b7a86a7b7dac:32883/jars/delta-spark_2.12-3.2.0.jar with timestamp 1781054520225
[2026-06-10T01:22:07.317+0000] {subprocess.py:93} INFO - 26/06/10 01:22:07 INFO SparkContext: Added JAR file:///opt/jars/delta-storage-3.2.0.jar at spark://b7a86a7b7dac:32883/jars/delta-storage-3.2.0.jar with timestamp 1781054520225
[2026-06-10T01:22:07.321+0000] {subprocess.py:93} INFO - 26/06/10 01:22:07 INFO SparkContext: Added JAR file:///opt/jars/spark-sql-kafka-0-10_2.12-3.5.1.jar at spark://b7a86a7b7dac:32883/jars/spark-sql-kafka-0-10_2.12-3.5.1.jar with timestamp 1781054520225
[2026-06-10T01:22:07.355+0000] {subprocess.py:93} INFO - 26/06/10 01:22:07 INFO SparkContext: Added JAR file:///opt/jars/kafka-clients-3.4.1.jar at spark://b7a86a7b7dac:32883/jars/kafka-clients-3.4.1.jar with timestamp 1781054520225
[2026-06-10T01:22:07.363+0000] {subprocess.py:93} INFO - 26/06/10 01:22:07 INFO SparkContext: Added JAR file:///opt/jars/spark-token-provider-kafka-0-10_2.12-3.5.1.jar at spark://b7a86a7b7dac:32883/jars/spark-token-provider-kafka-0-10_2.12-3.5.1.jar with timestamp 1781054520225
[2026-06-10T01:22:07.382+0000] {subprocess.py:93} INFO - 26/06/10 01:22:07 INFO SparkContext: Added JAR file:///opt/jars/commons-pool2-2.11.1.jar at spark://b7a86a7b7dac:32883/jars/commons-pool2-2.11.1.jar with timestamp 1781054520225
[2026-06-10T01:22:08.815+0000] {subprocess.py:93} INFO - 26/06/10 01:22:08 INFO StandaloneAppClient$ClientEndpoint: Connecting to master spark://sdp-spark-master:7077...
[2026-06-10T01:22:09.162+0000] {subprocess.py:93} INFO - 26/06/10 01:22:09 INFO TransportClientFactory: Successfully created connection to sdp-spark-master/172.18.0.4:7077 after 214 ms (0 ms spent in bootstraps)
[2026-06-10T01:22:10.985+0000] {subprocess.py:93} INFO - 26/06/10 01:22:10 INFO StandaloneSchedulerBackend: Connected to Spark cluster with app ID app-20260610012210-0051
[2026-06-10T01:22:11.169+0000] {subprocess.py:93} INFO - 26/06/10 01:22:11 INFO Utils: Successfully started service 'org.apache.spark.network.netty.NettyBlockTransferService' on port 41053.
[2026-06-10T01:22:11.177+0000] {subprocess.py:93} INFO - 26/06/10 01:22:11 INFO NettyBlockTransferService: Server created on b7a86a7b7dac:41053
[2026-06-10T01:22:11.217+0000] {subprocess.py:93} INFO - 26/06/10 01:22:11 INFO BlockManager: Using org.apache.spark.storage.RandomBlockReplicationPolicy for block replication policy
[2026-06-10T01:22:11.306+0000] {subprocess.py:93} INFO - 26/06/10 01:22:11 INFO BlockManagerMaster: Registering BlockManager BlockManagerId(driver, b7a86a7b7dac, 41053, None)
[2026-06-10T01:22:11.340+0000] {subprocess.py:93} INFO - 26/06/10 01:22:11 INFO BlockManagerMasterEndpoint: Registering block manager b7a86a7b7dac:41053 with 434.4 MiB RAM, BlockManagerId(driver, b7a86a7b7dac, 41053, None)
[2026-06-10T01:22:11.400+0000] {subprocess.py:93} INFO - 26/06/10 01:22:11 INFO BlockManagerMaster: Registered BlockManager BlockManagerId(driver, b7a86a7b7dac, 41053, None)
[2026-06-10T01:22:11.414+0000] {subprocess.py:93} INFO - 26/06/10 01:22:11 INFO BlockManager: Initialized BlockManager: BlockManagerId(driver, b7a86a7b7dac, 41053, None)
[2026-06-10T01:22:14.018+0000] {subprocess.py:93} INFO - 26/06/10 01:22:14 INFO StandaloneSchedulerBackend: SchedulerBackend is ready for scheduling beginning after reached minRegisteredResourcesRatio: 0.0
[2026-06-10T01:22:16.553+0000] {subprocess.py:93} INFO - Starting stream: orders -> /opt/data/bronze/orders
[2026-06-10T01:23:35.410+0000] {subprocess.py:97} INFO - Command exited with return code 124
[2026-06-10T01:23:35.419+0000] {taskinstance.py:441} INFO - ::group::Post task execution logs
[2026-06-10T01:23:35.499+0000] {taskinstance.py:2890} ERROR - Task failed with exception
Traceback (most recent call last):
  File "/home/airflow/.local/lib/python3.12/site-packages/airflow/models/taskinstance.py", line 465, in _execute_task
    result = _execute_callable(context=context, **execute_callable_kwargs)
             ^^^^^^^^^^^^^^^^^^^^^^^^^^^^^^^^^^^^^^^^^^^^^^^^^^^^^^^^^^^^^
  File "/home/airflow/.local/lib/python3.12/site-packages/airflow/models/taskinstance.py", line 432, in _execute_callable
    return execute_callable(context=context, **execute_callable_kwargs)
           ^^^^^^^^^^^^^^^^^^^^^^^^^^^^^^^^^^^^^^^^^^^^^^^^^^^^^^^^^^^^
  File "/home/airflow/.local/lib/python3.12/site-packages/airflow/models/baseoperator.py", line 400, in wrapper
    return func(self, *args, **kwargs)
           ^^^^^^^^^^^^^^^^^^^^^^^^^^^
  File "/home/airflow/.local/lib/python3.12/site-packages/airflow/operators/bash.py", line 243, in execute
    raise AirflowException(
airflow.exceptions.AirflowException: Bash command failed. The command returned a non-zero exit code 124.
[2026-06-10T01:23:35.517+0000] {taskinstance.py:1205} INFO - Marking task as UP_FOR_RETRY. dag_id=e-commerce_kafka_streaming_pipeline_v10, task_id=run_bronze, execution_date=20260610T000000, start_date=20260610T012131, end_date=20260610T012335
[2026-06-10T01:23:35.660+0000] {standard_task_runner.py:110} ERROR - Failed to execute job 117 for task run_bronze (Bash command failed. The command returned a non-zero exit code 124.; 5793)
[2026-06-10T01:23:35.743+0000] {local_task_job_runner.py:240} INFO - Task exited with return code 1
[2026-06-10T01:23:36.088+0000] {taskinstance.py:3482} INFO - 0 downstream tasks scheduled from follow-on schedule check
[2026-06-10T01:23:36.105+0000] {local_task_job_runner.py:222} INFO - ::endgroup::
