[2026-07-20T08:01:58.246+0000] {local_task_job_runner.py:120} INFO - ::group::Pre task execution logs
[2026-07-20T08:01:58.285+0000] {taskinstance.py:2073} INFO - Dependencies all met for dep_context=non-requeueable deps ti=<TaskInstance: e-commerce_kafka_streaming_pipeline_v1.run_silver scheduled__2026-07-20T07:00:00+00:00 [queued]>
[2026-07-20T08:01:58.294+0000] {taskinstance.py:2073} INFO - Dependencies all met for dep_context=requeueable deps ti=<TaskInstance: e-commerce_kafka_streaming_pipeline_v1.run_silver scheduled__2026-07-20T07:00:00+00:00 [queued]>
[2026-07-20T08:01:58.295+0000] {taskinstance.py:2303} INFO - Starting attempt 1 of 2
[2026-07-20T08:01:58.310+0000] {taskinstance.py:2327} INFO - Executing <Task(BashOperator): run_silver> on 2026-07-20 07:00:00+00:00
[2026-07-20T08:01:58.318+0000] {standard_task_runner.py:90} INFO - Running: ['***', 'tasks', 'run', 'e-commerce_kafka_streaming_pipeline_v1', 'run_silver', 'scheduled__2026-07-20T07:00:00+00:00', '--job-id', '192', '--raw', '--subdir', 'DAGS_FOLDER/sdp_pipeline_dag.py', '--cfg-path', '/tmp/tmpv7rfs_ha']
[2026-07-20T08:01:58.322+0000] {standard_task_runner.py:91} INFO - Job 192: Subtask run_silver
[2026-07-20T08:01:58.332+0000] {logging_mixin.py:188} WARNING - /home/***/.local/lib/python3.12/site-packages/***/task/task_runner/standard_task_runner.py:61 DeprecationWarning: This process (pid=6403) is multi-threaded, use of fork() may lead to deadlocks in the child.
[2026-07-20T08:01:58.334+0000] {standard_task_runner.py:63} INFO - Started process 6404 to run task
[2026-07-20T08:01:58.379+0000] {task_command.py:426} INFO - Running <TaskInstance: e-commerce_kafka_streaming_pipeline_v1.run_silver scheduled__2026-07-20T07:00:00+00:00 [running]> on host da27550080bf
[2026-07-20T08:01:58.471+0000] {taskinstance.py:2644} INFO - Exporting env vars: AIRFLOW_CTX_DAG_OWNER='dev' AIRFLOW_CTX_DAG_ID='e-commerce_kafka_streaming_pipeline_v1' AIRFLOW_CTX_TASK_ID='run_silver' AIRFLOW_CTX_EXECUTION_DATE='2026-07-20T07:00:00+00:00' AIRFLOW_CTX_TRY_NUMBER='1' AIRFLOW_CTX_DAG_RUN_ID='scheduled__2026-07-20T07:00:00+00:00'
[2026-07-20T08:01:58.472+0000] {taskinstance.py:430} INFO - ::endgroup::
[2026-07-20T08:01:58.486+0000] {subprocess.py:63} INFO - Tmp dir root location: /tmp
[2026-07-20T08:01:58.489+0000] {subprocess.py:75} INFO - Running command: ['/usr/bin/bash', '-c', 'timeout 150s docker run --rm --network streaming_kafka_project_sdp-net --volume /d/Streaming_kafka_project/pipelines:/opt/pipelines --volume /d/Streaming_kafka_project/data:/opt/data --volume /d/Streaming_kafka_project/checkpoints:/opt/checkpoints --volume /d/Streaming_kafka_project/jars:/opt/jars apache/spark:3.5.1 /opt/spark/bin/spark-submit --master spark://sdp-spark-master:7077 --executor-cores 1 --executor-memory 512m --total-executor-cores 3 --jars /opt/jars/delta-spark_2.12-3.2.0.jar,/opt/jars/delta-storage-3.2.0.jar,/opt/jars/spark-sql-kafka-0-10_2.12-3.5.1.jar,/opt/jars/kafka-clients-3.4.1.jar,/opt/jars/spark-token-provider-kafka-0-10_2.12-3.5.1.jar,/opt/jars/commons-pool2-2.11.1.jar --conf spark.sql.extensions=io.delta.sql.DeltaSparkSessionExtension --conf spark.sql.catalog.spark_catalog=org.apache.spark.sql.delta.catalog.DeltaCatalog  /opt/pipelines/silver_runner.py']
[2026-07-20T08:01:58.499+0000] {subprocess.py:86} INFO - Output:
[2026-07-20T08:02:00.271+0000] {subprocess.py:93} INFO - 26/07/20 08:02:00 WARN NativeCodeLoader: Unable to load native-hadoop library for your platform... using builtin-java classes where applicable
[2026-07-20T08:02:00.901+0000] {subprocess.py:93} INFO - 26/07/20 08:02:00 INFO SparkContext: Running Spark version 3.5.1
[2026-07-20T08:02:00.902+0000] {subprocess.py:93} INFO - 26/07/20 08:02:00 INFO SparkContext: OS info Linux, 6.18.33.2-microsoft-standard-WSL2, amd64
[2026-07-20T08:02:00.903+0000] {subprocess.py:93} INFO - 26/07/20 08:02:00 INFO SparkContext: Java version 11.0.22
[2026-07-20T08:02:00.927+0000] {subprocess.py:93} INFO - 26/07/20 08:02:00 INFO ResourceUtils: ==============================================================
[2026-07-20T08:02:00.929+0000] {subprocess.py:93} INFO - 26/07/20 08:02:00 INFO ResourceUtils: No custom resources configured for spark.driver.
[2026-07-20T08:02:00.930+0000] {subprocess.py:93} INFO - 26/07/20 08:02:00 INFO ResourceUtils: ==============================================================
[2026-07-20T08:02:00.930+0000] {subprocess.py:93} INFO - 26/07/20 08:02:00 INFO SparkContext: Submitted application: SDP-Silver
[2026-07-20T08:02:00.949+0000] {subprocess.py:93} INFO - 26/07/20 08:02:00 INFO ResourceProfile: Default ResourceProfile created, executor resources: Map(cores -> name: cores, amount: 1, script: , vendor: , memory -> name: memory, amount: 512, script: , vendor: , offHeap -> name: offHeap, amount: 0, script: , vendor: ), task resources: Map(cpus -> name: cpus, amount: 1.0)
[2026-07-20T08:02:00.963+0000] {subprocess.py:93} INFO - 26/07/20 08:02:00 INFO ResourceProfile: Limiting resource is cpus at 1 tasks per executor
[2026-07-20T08:02:00.965+0000] {subprocess.py:93} INFO - 26/07/20 08:02:00 INFO ResourceProfileManager: Added ResourceProfile id: 0
[2026-07-20T08:02:01.009+0000] {subprocess.py:93} INFO - 26/07/20 08:02:01 INFO SecurityManager: Changing view acls to: spark
[2026-07-20T08:02:01.011+0000] {subprocess.py:93} INFO - 26/07/20 08:02:01 INFO SecurityManager: Changing modify acls to: spark
[2026-07-20T08:02:01.012+0000] {subprocess.py:93} INFO - 26/07/20 08:02:01 INFO SecurityManager: Changing view acls groups to:
[2026-07-20T08:02:01.012+0000] {subprocess.py:93} INFO - 26/07/20 08:02:01 INFO SecurityManager: Changing modify acls groups to:
[2026-07-20T08:02:01.013+0000] {subprocess.py:93} INFO - 26/07/20 08:02:01 INFO SecurityManager: SecurityManager: authentication disabled; ui acls disabled; users with view permissions: spark; groups with view permissions: EMPTY; users with modify permissions: spark; groups with modify permissions: EMPTY
[2026-07-20T08:02:01.204+0000] {subprocess.py:93} INFO - 26/07/20 08:02:01 INFO Utils: Successfully started service 'sparkDriver' on port 35265.
[2026-07-20T08:02:01.230+0000] {subprocess.py:93} INFO - 26/07/20 08:02:01 INFO SparkEnv: Registering MapOutputTracker
[2026-07-20T08:02:01.263+0000] {subprocess.py:93} INFO - 26/07/20 08:02:01 INFO SparkEnv: Registering BlockManagerMaster
[2026-07-20T08:02:01.281+0000] {subprocess.py:93} INFO - 26/07/20 08:02:01 INFO BlockManagerMasterEndpoint: Using org.apache.spark.storage.DefaultTopologyMapper for getting topology information
[2026-07-20T08:02:01.282+0000] {subprocess.py:93} INFO - 26/07/20 08:02:01 INFO BlockManagerMasterEndpoint: BlockManagerMasterEndpoint up
[2026-07-20T08:02:01.286+0000] {subprocess.py:93} INFO - 26/07/20 08:02:01 INFO SparkEnv: Registering BlockManagerMasterHeartbeat
[2026-07-20T08:02:01.305+0000] {subprocess.py:93} INFO - 26/07/20 08:02:01 INFO DiskBlockManager: Created local directory at /tmp/blockmgr-c50d292a-6545-4f38-ae95-e8af7b3289f5
[2026-07-20T08:02:01.318+0000] {subprocess.py:93} INFO - 26/07/20 08:02:01 INFO MemoryStore: MemoryStore started with capacity 434.4 MiB
[2026-07-20T08:02:01.335+0000] {subprocess.py:93} INFO - 26/07/20 08:02:01 INFO SparkEnv: Registering OutputCommitCoordinator
[2026-07-20T08:02:01.461+0000] {subprocess.py:93} INFO - 26/07/20 08:02:01 INFO JettyUtils: Start Jetty 0.0.0.0:4040 for SparkUI
[2026-07-20T08:02:01.515+0000] {subprocess.py:93} INFO - 26/07/20 08:02:01 INFO Utils: Successfully started service 'SparkUI' on port 4040.
[2026-07-20T08:02:01.553+0000] {subprocess.py:93} INFO - 26/07/20 08:02:01 INFO SparkContext: Added JAR file:///opt/jars/delta-spark_2.12-3.2.0.jar at spark://fc95a270fa33:35265/jars/delta-spark_2.12-3.2.0.jar with timestamp 1784534520892
[2026-07-20T08:02:01.554+0000] {subprocess.py:93} INFO - 26/07/20 08:02:01 INFO SparkContext: Added JAR file:///opt/jars/delta-storage-3.2.0.jar at spark://fc95a270fa33:35265/jars/delta-storage-3.2.0.jar with timestamp 1784534520892
[2026-07-20T08:02:01.555+0000] {subprocess.py:93} INFO - 26/07/20 08:02:01 INFO SparkContext: Added JAR file:///opt/jars/spark-sql-kafka-0-10_2.12-3.5.1.jar at spark://fc95a270fa33:35265/jars/spark-sql-kafka-0-10_2.12-3.5.1.jar with timestamp 1784534520892
[2026-07-20T08:02:01.556+0000] {subprocess.py:93} INFO - 26/07/20 08:02:01 INFO SparkContext: Added JAR file:///opt/jars/kafka-clients-3.4.1.jar at spark://fc95a270fa33:35265/jars/kafka-clients-3.4.1.jar with timestamp 1784534520892
[2026-07-20T08:02:01.557+0000] {subprocess.py:93} INFO - 26/07/20 08:02:01 INFO SparkContext: Added JAR file:///opt/jars/spark-token-provider-kafka-0-10_2.12-3.5.1.jar at spark://fc95a270fa33:35265/jars/spark-token-provider-kafka-0-10_2.12-3.5.1.jar with timestamp 1784534520892
[2026-07-20T08:02:01.558+0000] {subprocess.py:93} INFO - 26/07/20 08:02:01 INFO SparkContext: Added JAR file:///opt/jars/commons-pool2-2.11.1.jar at spark://fc95a270fa33:35265/jars/commons-pool2-2.11.1.jar with timestamp 1784534520892
[2026-07-20T08:02:01.622+0000] {subprocess.py:93} INFO - 26/07/20 08:02:01 INFO StandaloneAppClient$ClientEndpoint: Connecting to master spark://sdp-spark-master:7077...
[2026-07-20T08:02:01.658+0000] {subprocess.py:93} INFO - 26/07/20 08:02:01 INFO TransportClientFactory: Successfully created connection to sdp-spark-master/172.18.0.4:7077 after 20 ms (0 ms spent in bootstraps)
[2026-07-20T08:02:01.726+0000] {subprocess.py:93} INFO - 26/07/20 08:02:01 INFO StandaloneSchedulerBackend: Connected to Spark cluster with app ID app-20260720080201-0091
[2026-07-20T08:02:01.728+0000] {subprocess.py:93} INFO - 26/07/20 08:02:01 INFO StandaloneAppClient$ClientEndpoint: Executor added: app-20260720080201-0091/0 on worker-20260716063602-172.18.0.5-44367 (172.18.0.5:44367) with 1 core(s)
[2026-07-20T08:02:01.730+0000] {subprocess.py:93} INFO - 26/07/20 08:02:01 INFO StandaloneSchedulerBackend: Granted executor ID app-20260720080201-0091/0 on hostPort 172.18.0.5:44367 with 1 core(s), 512.0 MiB RAM
[2026-07-20T08:02:01.732+0000] {subprocess.py:93} INFO - 26/07/20 08:02:01 INFO StandaloneAppClient$ClientEndpoint: Executor added: app-20260720080201-0091/1 on worker-20260716063602-172.18.0.5-44367 (172.18.0.5:44367) with 1 core(s)
[2026-07-20T08:02:01.733+0000] {subprocess.py:93} INFO - 26/07/20 08:02:01 INFO StandaloneSchedulerBackend: Granted executor ID app-20260720080201-0091/1 on hostPort 172.18.0.5:44367 with 1 core(s), 512.0 MiB RAM
[2026-07-20T08:02:01.734+0000] {subprocess.py:93} INFO - 26/07/20 08:02:01 INFO StandaloneAppClient$ClientEndpoint: Executor added: app-20260720080201-0091/2 on worker-20260716063602-172.18.0.6-33249 (172.18.0.6:33249) with 1 core(s)
[2026-07-20T08:02:01.735+0000] {subprocess.py:93} INFO - 26/07/20 08:02:01 INFO StandaloneSchedulerBackend: Granted executor ID app-20260720080201-0091/2 on hostPort 172.18.0.6:33249 with 1 core(s), 512.0 MiB RAM
[2026-07-20T08:02:01.740+0000] {subprocess.py:93} INFO - 26/07/20 08:02:01 INFO Utils: Successfully started service 'org.apache.spark.network.netty.NettyBlockTransferService' on port 44327.
[2026-07-20T08:02:01.765+0000] {subprocess.py:93} INFO - 26/07/20 08:02:01 INFO NettyBlockTransferService: Server created on fc95a270fa33:44327
[2026-07-20T08:02:01.766+0000] {subprocess.py:93} INFO - 26/07/20 08:02:01 INFO BlockManager: Using org.apache.spark.storage.RandomBlockReplicationPolicy for block replication policy
[2026-07-20T08:02:01.770+0000] {subprocess.py:93} INFO - 26/07/20 08:02:01 INFO BlockManagerMaster: Registering BlockManager BlockManagerId(driver, fc95a270fa33, 44327, None)
[2026-07-20T08:02:01.771+0000] {subprocess.py:93} INFO - 26/07/20 08:02:01 INFO BlockManagerMasterEndpoint: Registering block manager fc95a270fa33:44327 with 434.4 MiB RAM, BlockManagerId(driver, fc95a270fa33, 44327, None)
[2026-07-20T08:02:01.773+0000] {subprocess.py:93} INFO - 26/07/20 08:02:01 INFO BlockManagerMaster: Registered BlockManager BlockManagerId(driver, fc95a270fa33, 44327, None)
[2026-07-20T08:02:01.776+0000] {subprocess.py:93} INFO - 26/07/20 08:02:01 INFO BlockManager: Initialized BlockManager: BlockManagerId(driver, fc95a270fa33, 44327, None)
[2026-07-20T08:02:01.788+0000] {subprocess.py:93} INFO - 26/07/20 08:02:01 INFO StandaloneAppClient$ClientEndpoint: Executor updated: app-20260720080201-0091/2 is now RUNNING
[2026-07-20T08:02:01.798+0000] {subprocess.py:93} INFO - 26/07/20 08:02:01 INFO StandaloneAppClient$ClientEndpoint: Executor updated: app-20260720080201-0091/1 is now RUNNING
[2026-07-20T08:02:01.838+0000] {subprocess.py:93} INFO - 26/07/20 08:02:01 INFO StandaloneAppClient$ClientEndpoint: Executor updated: app-20260720080201-0091/0 is now RUNNING
[2026-07-20T08:02:02.164+0000] {subprocess.py:93} INFO - 26/07/20 08:02:02 INFO StandaloneSchedulerBackend: SchedulerBackend is ready for scheduling beginning after reached minRegisteredResourcesRatio: 0.0
[2026-07-20T08:02:02.572+0000] {subprocess.py:93} INFO - Starting silver stream: orders --->>  /opt/data/silver/orders
[2026-07-20T08:02:16.084+0000] {subprocess.py:93} INFO - 26/07/20 08:02:16 WARN ResolveWriteToStream: spark.sql.adaptive.enabled is not supported in streaming DataFrames/Datasets and will be disabled.
[2026-07-20T08:02:16.204+0000] {subprocess.py:93} INFO - Silver stream started: /opt/data/bronze/orders --->> /opt/data/silver/orders
[2026-07-20T08:02:16.210+0000] {subprocess.py:93} INFO - Starting silver stream: customers --->>  /opt/data/silver/customers
[2026-07-20T08:02:20.017+0000] {subprocess.py:93} INFO - 26/07/20 08:02:20 WARN ResolveWriteToStream: spark.sql.adaptive.enabled is not supported in streaming DataFrames/Datasets and will be disabled.
[2026-07-20T08:02:20.073+0000] {subprocess.py:93} INFO - Silver stream started: /opt/data/bronze/customers --->> /opt/data/silver/customers
[2026-07-20T08:02:20.078+0000] {subprocess.py:93} INFO - Starting silver stream: products --->>  /opt/data/silver/products
[2026-07-20T08:02:22.608+0000] {subprocess.py:93} INFO - 26/07/20 08:02:22 WARN ResolveWriteToStream: spark.sql.adaptive.enabled is not supported in streaming DataFrames/Datasets and will be disabled.
[2026-07-20T08:02:22.665+0000] {subprocess.py:93} INFO - Silver stream started: /opt/data/bronze/products --->> /opt/data/silver/products
[2026-07-20T08:03:55.760+0000] {subprocess.py:97} INFO - Command exited with return code 0
[2026-07-20T08:03:55.764+0000] {taskinstance.py:441} INFO - ::group::Post task execution logs
[2026-07-20T08:03:55.808+0000] {taskinstance.py:1205} INFO - Marking task as SUCCESS. dag_id=e-commerce_kafka_streaming_pipeline_v1, task_id=run_silver, execution_date=20260720T070000, start_date=20260720T080158, end_date=20260720T080355
[2026-07-20T08:03:55.863+0000] {local_task_job_runner.py:240} INFO - Task exited with return code 0
[2026-07-20T08:03:55.895+0000] {taskinstance.py:3482} INFO - 1 downstream tasks scheduled from follow-on schedule check
[2026-07-20T08:03:55.899+0000] {local_task_job_runner.py:222} INFO - ::endgroup::
