[2026-06-09T10:30:58.423+0000] {local_task_job_runner.py:120} INFO - ::group::Pre task execution logs
[2026-06-09T10:30:58.490+0000] {taskinstance.py:2073} INFO - Dependencies all met for dep_context=non-requeueable deps ti=<TaskInstance: e-commerce_kafka_streaming_pipeline_v10.run_bronze scheduled__2026-06-09T09:00:00+00:00 [queued]>
[2026-06-09T10:30:58.508+0000] {taskinstance.py:2073} INFO - Dependencies all met for dep_context=requeueable deps ti=<TaskInstance: e-commerce_kafka_streaming_pipeline_v10.run_bronze scheduled__2026-06-09T09:00:00+00:00 [queued]>
[2026-06-09T10:30:58.509+0000] {taskinstance.py:2303} INFO - Starting attempt 1 of 2
[2026-06-09T10:30:58.539+0000] {taskinstance.py:2327} INFO - Executing <Task(BashOperator): run_bronze> on 2026-06-09 09:00:00+00:00
[2026-06-09T10:30:58.553+0000] {standard_task_runner.py:90} INFO - Running: ['***', 'tasks', 'run', 'e-commerce_kafka_streaming_pipeline_v10', 'run_bronze', 'scheduled__2026-06-09T09:00:00+00:00', '--job-id', '92', '--raw', '--subdir', 'DAGS_FOLDER/sdp_pipeline_dag.py', '--cfg-path', '/tmp/tmpu4h_gaus']
[2026-06-09T10:30:58.559+0000] {standard_task_runner.py:91} INFO - Job 92: Subtask run_bronze
[2026-06-09T10:30:58.560+0000] {logging_mixin.py:188} WARNING - /home/***/.local/lib/python3.12/site-packages/***/task/task_runner/standard_task_runner.py:61 DeprecationWarning: This process (pid=4040) is multi-threaded, use of fork() may lead to deadlocks in the child.
[2026-06-09T10:30:58.562+0000] {standard_task_runner.py:63} INFO - Started process 4041 to run task
[2026-06-09T10:30:58.683+0000] {task_command.py:426} INFO - Running <TaskInstance: e-commerce_kafka_streaming_pipeline_v10.run_bronze scheduled__2026-06-09T09:00:00+00:00 [running]> on host 19d9c0c71dcc
[2026-06-09T10:30:58.842+0000] {taskinstance.py:2644} INFO - Exporting env vars: AIRFLOW_CTX_DAG_OWNER='dev' AIRFLOW_CTX_DAG_ID='e-commerce_kafka_streaming_pipeline_v10' AIRFLOW_CTX_TASK_ID='run_bronze' AIRFLOW_CTX_EXECUTION_DATE='2026-06-09T09:00:00+00:00' AIRFLOW_CTX_TRY_NUMBER='1' AIRFLOW_CTX_DAG_RUN_ID='scheduled__2026-06-09T09:00:00+00:00'
[2026-06-09T10:30:58.844+0000] {taskinstance.py:430} INFO - ::endgroup::
[2026-06-09T10:30:58.874+0000] {subprocess.py:63} INFO - Tmp dir root location: /tmp
[2026-06-09T10:30:58.877+0000] {subprocess.py:75} INFO - Running command: ['/usr/bin/bash', '-c', 'timeout 120s docker run --rm --network streaming_kafka_project_sdp-net --volume /d/Streaming_kafka_project/pipelines:/opt/pipelines --volume /d/Streaming_kafka_project/data:/opt/data --volume /d/Streaming_kafka_project/checkpoints:/opt/checkpoints --volume /d/Streaming_kafka_project/jars:/opt/jars apache/spark:3.5.1 /opt/spark/bin/spark-submit --master spark://sdp-spark-master:7077 --executor-cores 1 --executor-memory 512m --total-executor-cores 3 --jars /opt/jars/delta-spark_2.12-3.2.0.jar,/opt/jars/delta-storage-3.2.0.jar,/opt/jars/spark-sql-kafka-0-10_2.12-3.5.1.jar,/opt/jars/kafka-clients-3.4.1.jar,/opt/jars/spark-token-provider-kafka-0-10_2.12-3.5.1.jar,/opt/jars/commons-pool2-2.11.1.jar --conf spark.sql.extensions=io.delta.sql.DeltaSparkSessionExtension --conf spark.sql.catalog.spark_catalog=org.apache.spark.sql.delta.catalog.DeltaCatalog  /opt/pipelines/bronze_runner.py']
[2026-06-09T10:30:58.894+0000] {subprocess.py:86} INFO - Output:
[2026-06-09T10:31:04.815+0000] {subprocess.py:93} INFO - 26/06/09 10:31:04 WARN NativeCodeLoader: Unable to load native-hadoop library for your platform... using builtin-java classes where applicable
[2026-06-09T10:31:08.303+0000] {subprocess.py:93} INFO - 26/06/09 10:31:08 INFO SparkContext: Running Spark version 3.5.1
[2026-06-09T10:31:08.306+0000] {subprocess.py:93} INFO - 26/06/09 10:31:08 INFO SparkContext: OS info Linux, 6.6.114.1-microsoft-standard-WSL2, amd64
[2026-06-09T10:31:08.307+0000] {subprocess.py:93} INFO - 26/06/09 10:31:08 INFO SparkContext: Java version 11.0.22
[2026-06-09T10:31:08.400+0000] {subprocess.py:93} INFO - 26/06/09 10:31:08 INFO ResourceUtils: ==============================================================
[2026-06-09T10:31:08.402+0000] {subprocess.py:93} INFO - 26/06/09 10:31:08 INFO ResourceUtils: No custom resources configured for spark.driver.
[2026-06-09T10:31:08.404+0000] {subprocess.py:93} INFO - 26/06/09 10:31:08 INFO ResourceUtils: ==============================================================
[2026-06-09T10:31:08.405+0000] {subprocess.py:93} INFO - 26/06/09 10:31:08 INFO SparkContext: Submitted application: SDP-Bronze
[2026-06-09T10:31:08.486+0000] {subprocess.py:93} INFO - 26/06/09 10:31:08 INFO ResourceProfile: Default ResourceProfile created, executor resources: Map(cores -> name: cores, amount: 1, script: , vendor: , memory -> name: memory, amount: 512, script: , vendor: , offHeap -> name: offHeap, amount: 0, script: , vendor: ), task resources: Map(cpus -> name: cpus, amount: 1.0)
[2026-06-09T10:31:08.526+0000] {subprocess.py:93} INFO - 26/06/09 10:31:08 INFO ResourceProfile: Limiting resource is cpus at 1 tasks per executor
[2026-06-09T10:31:08.534+0000] {subprocess.py:93} INFO - 26/06/09 10:31:08 INFO ResourceProfileManager: Added ResourceProfile id: 0
[2026-06-09T10:31:08.642+0000] {subprocess.py:93} INFO - 26/06/09 10:31:08 INFO SecurityManager: Changing view acls to: spark
[2026-06-09T10:31:08.647+0000] {subprocess.py:93} INFO - 26/06/09 10:31:08 INFO SecurityManager: Changing modify acls to: spark
[2026-06-09T10:31:08.649+0000] {subprocess.py:93} INFO - 26/06/09 10:31:08 INFO SecurityManager: Changing view acls groups to:
[2026-06-09T10:31:08.650+0000] {subprocess.py:93} INFO - 26/06/09 10:31:08 INFO SecurityManager: Changing modify acls groups to:
[2026-06-09T10:31:08.651+0000] {subprocess.py:93} INFO - 26/06/09 10:31:08 INFO SecurityManager: SecurityManager: authentication disabled; ui acls disabled; users with view permissions: spark; groups with view permissions: EMPTY; users with modify permissions: spark; groups with modify permissions: EMPTY
[2026-06-09T10:31:09.125+0000] {subprocess.py:93} INFO - 26/06/09 10:31:09 INFO Utils: Successfully started service 'sparkDriver' on port 34157.
[2026-06-09T10:31:09.196+0000] {subprocess.py:93} INFO - 26/06/09 10:31:09 INFO SparkEnv: Registering MapOutputTracker
[2026-06-09T10:31:09.276+0000] {subprocess.py:93} INFO - 26/06/09 10:31:09 INFO SparkEnv: Registering BlockManagerMaster
[2026-06-09T10:31:09.346+0000] {subprocess.py:93} INFO - 26/06/09 10:31:09 INFO BlockManagerMasterEndpoint: Using org.apache.spark.storage.DefaultTopologyMapper for getting topology information
[2026-06-09T10:31:09.348+0000] {subprocess.py:93} INFO - 26/06/09 10:31:09 INFO BlockManagerMasterEndpoint: BlockManagerMasterEndpoint up
[2026-06-09T10:31:09.357+0000] {subprocess.py:93} INFO - 26/06/09 10:31:09 INFO SparkEnv: Registering BlockManagerMasterHeartbeat
[2026-06-09T10:31:09.425+0000] {subprocess.py:93} INFO - 26/06/09 10:31:09 INFO DiskBlockManager: Created local directory at /tmp/blockmgr-ed7ccc10-0e3e-46d9-b8f6-8c1d13e6c92f
[2026-06-09T10:31:09.470+0000] {subprocess.py:93} INFO - 26/06/09 10:31:09 INFO MemoryStore: MemoryStore started with capacity 434.4 MiB
[2026-06-09T10:31:09.539+0000] {subprocess.py:93} INFO - 26/06/09 10:31:09 INFO SparkEnv: Registering OutputCommitCoordinator
[2026-06-09T10:31:09.841+0000] {subprocess.py:93} INFO - 26/06/09 10:31:09 INFO JettyUtils: Start Jetty 0.0.0.0:4040 for SparkUI
[2026-06-09T10:31:09.949+0000] {subprocess.py:93} INFO - 26/06/09 10:31:09 INFO Utils: Successfully started service 'SparkUI' on port 4040.
[2026-06-09T10:31:10.012+0000] {subprocess.py:93} INFO - 26/06/09 10:31:10 INFO SparkContext: Added JAR file:///opt/jars/delta-spark_2.12-3.2.0.jar at spark://555492e2e7d8:34157/jars/delta-spark_2.12-3.2.0.jar with timestamp 1781001068275
[2026-06-09T10:31:10.015+0000] {subprocess.py:93} INFO - 26/06/09 10:31:10 INFO SparkContext: Added JAR file:///opt/jars/delta-storage-3.2.0.jar at spark://555492e2e7d8:34157/jars/delta-storage-3.2.0.jar with timestamp 1781001068275
[2026-06-09T10:31:10.020+0000] {subprocess.py:93} INFO - 26/06/09 10:31:10 INFO SparkContext: Added JAR file:///opt/jars/spark-sql-kafka-0-10_2.12-3.5.1.jar at spark://555492e2e7d8:34157/jars/spark-sql-kafka-0-10_2.12-3.5.1.jar with timestamp 1781001068275
[2026-06-09T10:31:10.021+0000] {subprocess.py:93} INFO - 26/06/09 10:31:10 INFO SparkContext: Added JAR file:///opt/jars/kafka-clients-3.4.1.jar at spark://555492e2e7d8:34157/jars/kafka-clients-3.4.1.jar with timestamp 1781001068275
[2026-06-09T10:31:10.023+0000] {subprocess.py:93} INFO - 26/06/09 10:31:10 INFO SparkContext: Added JAR file:///opt/jars/spark-token-provider-kafka-0-10_2.12-3.5.1.jar at spark://555492e2e7d8:34157/jars/spark-token-provider-kafka-0-10_2.12-3.5.1.jar with timestamp 1781001068275
[2026-06-09T10:31:10.029+0000] {subprocess.py:93} INFO - 26/06/09 10:31:10 INFO SparkContext: Added JAR file:///opt/jars/commons-pool2-2.11.1.jar at spark://555492e2e7d8:34157/jars/commons-pool2-2.11.1.jar with timestamp 1781001068275
[2026-06-09T10:31:10.186+0000] {subprocess.py:93} INFO - 26/06/09 10:31:10 INFO StandaloneAppClient$ClientEndpoint: Connecting to master spark://sdp-spark-master:7077...
[2026-06-09T10:31:10.311+0000] {subprocess.py:93} INFO - 26/06/09 10:31:10 INFO TransportClientFactory: Successfully created connection to sdp-spark-master/172.18.0.4:7077 after 67 ms (0 ms spent in bootstraps)
[2026-06-09T10:31:10.525+0000] {subprocess.py:93} INFO - 26/06/09 10:31:10 INFO StandaloneSchedulerBackend: Connected to Spark cluster with app ID app-20260609103110-0035
[2026-06-09T10:31:10.539+0000] {subprocess.py:93} INFO - 26/06/09 10:31:10 INFO StandaloneAppClient$ClientEndpoint: Executor added: app-20260609103110-0035/0 on worker-20260608131402-172.18.0.5-38399 (172.18.0.5:38399) with 1 core(s)
[2026-06-09T10:31:10.558+0000] {subprocess.py:93} INFO - 26/06/09 10:31:10 INFO StandaloneSchedulerBackend: Granted executor ID app-20260609103110-0035/0 on hostPort 172.18.0.5:38399 with 1 core(s), 512.0 MiB RAM
[2026-06-09T10:31:10.565+0000] {subprocess.py:93} INFO - 26/06/09 10:31:10 INFO StandaloneAppClient$ClientEndpoint: Executor added: app-20260609103110-0035/1 on worker-20260608131402-172.18.0.5-38399 (172.18.0.5:38399) with 1 core(s)
[2026-06-09T10:31:10.573+0000] {subprocess.py:93} INFO - 26/06/09 10:31:10 INFO StandaloneSchedulerBackend: Granted executor ID app-20260609103110-0035/1 on hostPort 172.18.0.5:38399 with 1 core(s), 512.0 MiB RAM
[2026-06-09T10:31:10.576+0000] {subprocess.py:93} INFO - 26/06/09 10:31:10 INFO StandaloneAppClient$ClientEndpoint: Executor added: app-20260609103110-0035/2 on worker-20260608131402-172.18.0.6-44005 (172.18.0.6:44005) with 1 core(s)
[2026-06-09T10:31:10.586+0000] {subprocess.py:93} INFO - 26/06/09 10:31:10 INFO StandaloneSchedulerBackend: Granted executor ID app-20260609103110-0035/2 on hostPort 172.18.0.6:44005 with 1 core(s), 512.0 MiB RAM
[2026-06-09T10:31:10.592+0000] {subprocess.py:93} INFO - 26/06/09 10:31:10 INFO Utils: Successfully started service 'org.apache.spark.network.netty.NettyBlockTransferService' on port 32887.
[2026-06-09T10:31:10.593+0000] {subprocess.py:93} INFO - 26/06/09 10:31:10 INFO NettyBlockTransferService: Server created on 555492e2e7d8:32887
[2026-06-09T10:31:10.606+0000] {subprocess.py:93} INFO - 26/06/09 10:31:10 INFO BlockManager: Using org.apache.spark.storage.RandomBlockReplicationPolicy for block replication policy
[2026-06-09T10:31:10.645+0000] {subprocess.py:93} INFO - 26/06/09 10:31:10 INFO BlockManagerMaster: Registering BlockManager BlockManagerId(driver, 555492e2e7d8, 32887, None)
[2026-06-09T10:31:10.656+0000] {subprocess.py:93} INFO - 26/06/09 10:31:10 INFO BlockManagerMasterEndpoint: Registering block manager 555492e2e7d8:32887 with 434.4 MiB RAM, BlockManagerId(driver, 555492e2e7d8, 32887, None)
[2026-06-09T10:31:10.671+0000] {subprocess.py:93} INFO - 26/06/09 10:31:10 INFO BlockManagerMaster: Registered BlockManager BlockManagerId(driver, 555492e2e7d8, 32887, None)
[2026-06-09T10:31:10.677+0000] {subprocess.py:93} INFO - 26/06/09 10:31:10 INFO BlockManager: Initialized BlockManager: BlockManagerId(driver, 555492e2e7d8, 32887, None)
[2026-06-09T10:31:10.816+0000] {subprocess.py:93} INFO - 26/06/09 10:31:10 INFO StandaloneAppClient$ClientEndpoint: Executor updated: app-20260609103110-0035/0 is now RUNNING
[2026-06-09T10:31:10.818+0000] {subprocess.py:93} INFO - 26/06/09 10:31:10 INFO StandaloneAppClient$ClientEndpoint: Executor updated: app-20260609103110-0035/1 is now RUNNING
[2026-06-09T10:31:10.874+0000] {subprocess.py:93} INFO - 26/06/09 10:31:10 INFO StandaloneAppClient$ClientEndpoint: Executor updated: app-20260609103110-0035/2 is now RUNNING
[2026-06-09T10:31:11.846+0000] {subprocess.py:93} INFO - 26/06/09 10:31:11 INFO StandaloneSchedulerBackend: SchedulerBackend is ready for scheduling beginning after reached minRegisteredResourcesRatio: 0.0
[2026-06-09T10:31:13.160+0000] {subprocess.py:93} INFO - Starting stream: orders -> /opt/data/bronze/orders
[2026-06-09T10:31:50.653+0000] {subprocess.py:93} INFO - 26/06/09 10:31:50 WARN ResolveWriteToStream: spark.sql.adaptive.enabled is not supported in streaming DataFrames/Datasets and will be disabled.
[2026-06-09T10:31:51.145+0000] {subprocess.py:93} INFO - Starting stream: customers -> /opt/data/bronze/customers
[2026-06-09T10:31:54.405+0000] {subprocess.py:93} INFO - 26/06/09 10:31:54 WARN ResolveWriteToStream: spark.sql.adaptive.enabled is not supported in streaming DataFrames/Datasets and will be disabled.
[2026-06-09T10:31:54.523+0000] {subprocess.py:93} INFO - Starting stream: products -> /opt/data/bronze/products
[2026-06-09T10:31:57.056+0000] {subprocess.py:93} INFO - 26/06/09 10:31:57 WARN ResolveWriteToStream: spark.sql.adaptive.enabled is not supported in streaming DataFrames/Datasets and will be disabled.
[2026-06-09T10:31:59.278+0000] {subprocess.py:93} INFO - 26/06/09 10:31:59 WARN SparkStringUtils: Truncated the string representation of a plan since it was too large. This behavior can be adjusted by setting 'spark.sql.debug.maxToStringFields'.
[2026-06-09T10:32:58.999+0000] {subprocess.py:93} INFO - 26/06/09 10:32:58 ERROR DeltaFileFormatWriter: Aborting job 394d1a42-4991-4a54-85de-0e2b7f633713.
[2026-06-09T10:32:59.000+0000] {subprocess.py:93} INFO - org.apache.spark.SparkException: Job 6 cancelled because SparkContext was shut down
[2026-06-09T10:32:59.001+0000] {subprocess.py:93} INFO - 	at org.apache.spark.scheduler.DAGScheduler.$anonfun$cleanUpAfterSchedulerStop$1(DAGScheduler.scala:1253)
[2026-06-09T10:32:59.004+0000] {subprocess.py:93} INFO - 	at org.apache.spark.scheduler.DAGScheduler.$anonfun$cleanUpAfterSchedulerStop$1$adapted(DAGScheduler.scala:1251)
[2026-06-09T10:32:59.005+0000] {subprocess.py:93} INFO - 	at scala.collection.mutable.HashSet.foreach(HashSet.scala:79)
[2026-06-09T10:32:59.005+0000] {subprocess.py:93} INFO - 	at org.apache.spark.scheduler.DAGScheduler.cleanUpAfterSchedulerStop(DAGScheduler.scala:1251)
[2026-06-09T10:32:59.013+0000] {subprocess.py:93} INFO - 	at org.apache.spark.scheduler.DAGSchedulerEventProcessLoop.onStop(DAGScheduler.scala:3087)
[2026-06-09T10:32:59.014+0000] {subprocess.py:93} INFO - 	at org.apache.spark.util.EventLoop.stop(EventLoop.scala:84)
[2026-06-09T10:32:59.020+0000] {subprocess.py:93} INFO - 	at org.apache.spark.scheduler.DAGScheduler.$anonfun$stop$3(DAGScheduler.scala:2973)
[2026-06-09T10:32:59.020+0000] {subprocess.py:93} INFO - 	at org.apache.spark.util.Utils$.tryLogNonFatalError(Utils.scala:1375)
[2026-06-09T10:32:59.021+0000] {subprocess.py:93} INFO - 	at org.apache.spark.scheduler.DAGScheduler.stop(DAGScheduler.scala:2973)
[2026-06-09T10:32:59.022+0000] {subprocess.py:93} INFO - 	at org.apache.spark.SparkContext.$anonfun$stop$12(SparkContext.scala:2263)
[2026-06-09T10:32:59.026+0000] {subprocess.py:93} INFO - 	at org.apache.spark.util.Utils$.tryLogNonFatalError(Utils.scala:1375)
[2026-06-09T10:32:59.029+0000] {subprocess.py:93} INFO - 	at org.apache.spark.SparkContext.stop(SparkContext.scala:2263)
[2026-06-09T10:32:59.032+0000] {subprocess.py:93} INFO - 	at org.apache.spark.SparkContext.stop(SparkContext.scala:2216)
[2026-06-09T10:32:59.033+0000] {subprocess.py:93} INFO - 	at org.apache.spark.SparkContext.$anonfun$new$34(SparkContext.scala:686)
[2026-06-09T10:32:59.034+0000] {subprocess.py:93} INFO - 	at org.apache.spark.util.SparkShutdownHook.run(ShutdownHookManager.scala:214)
[2026-06-09T10:32:59.035+0000] {subprocess.py:93} INFO - 	at org.apache.spark.util.SparkShutdownHookManager.$anonfun$runAll$2(ShutdownHookManager.scala:188)
[2026-06-09T10:32:59.038+0000] {subprocess.py:93} INFO - 	at scala.runtime.java8.JFunction0$mcV$sp.apply(JFunction0$mcV$sp.java:23)
[2026-06-09T10:32:59.043+0000] {subprocess.py:93} INFO - 	at org.apache.spark.util.Utils$.logUncaughtExceptions(Utils.scala:1928)
[2026-06-09T10:32:59.044+0000] {subprocess.py:93} INFO - 	at org.apache.spark.util.SparkShutdownHookManager.$anonfun$runAll$1(ShutdownHookManager.scala:188)
[2026-06-09T10:32:59.048+0000] {subprocess.py:93} INFO - 	at scala.runtime.java8.JFunction0$mcV$sp.apply(JFunction0$mcV$sp.java:23)
[2026-06-09T10:32:59.048+0000] {subprocess.py:93} INFO - 	at scala.util.Try$.apply(Try.scala:213)
[2026-06-09T10:32:59.049+0000] {subprocess.py:93} INFO - 	at org.apache.spark.util.SparkShutdownHookManager.runAll(ShutdownHookManager.scala:188)
[2026-06-09T10:32:59.050+0000] {subprocess.py:93} INFO - 	at org.apache.spark.util.SparkShutdownHookManager$$anon$2.run(ShutdownHookManager.scala:178)
[2026-06-09T10:32:59.052+0000] {subprocess.py:93} INFO - 	at java.base/java.util.concurrent.Executors$RunnableAdapter.call(Unknown Source)
[2026-06-09T10:32:59.059+0000] {subprocess.py:93} INFO - 	at java.base/java.util.concurrent.FutureTask.run(Unknown Source)
[2026-06-09T10:32:59.061+0000] {subprocess.py:93} INFO - 	at java.base/java.util.concurrent.ThreadPoolExecutor.runWorker(Unknown Source)
[2026-06-09T10:32:59.063+0000] {subprocess.py:93} INFO - 	at java.base/java.util.concurrent.ThreadPoolExecutor$Worker.run(Unknown Source)
[2026-06-09T10:32:59.068+0000] {subprocess.py:93} INFO - 	at java.base/java.lang.Thread.run(Unknown Source)
[2026-06-09T10:32:59.068+0000] {subprocess.py:93} INFO - 	at org.apache.spark.scheduler.DAGScheduler.runJob(DAGScheduler.scala:989)
[2026-06-09T10:32:59.069+0000] {subprocess.py:93} INFO - 	at org.apache.spark.SparkContext.runJob(SparkContext.scala:2398)
[2026-06-09T10:32:59.070+0000] {subprocess.py:93} INFO - 	at org.apache.spark.sql.delta.files.DeltaFileFormatWriter$.$anonfun$executeWrite$1(DeltaFileFormatWriter.scala:263)
[2026-06-09T10:32:59.071+0000] {subprocess.py:93} INFO - 	at org.apache.spark.sql.delta.files.DeltaFileFormatWriter$.writeAndCommit(DeltaFileFormatWriter.scala:295)
[2026-06-09T10:32:59.072+0000] {subprocess.py:93} INFO - 	at org.apache.spark.sql.delta.files.DeltaFileFormatWriter$.executeWrite(DeltaFileFormatWriter.scala:234)
[2026-06-09T10:32:59.077+0000] {subprocess.py:93} INFO - 	at org.apache.spark.sql.delta.files.DeltaFileFormatWriter$.write(DeltaFileFormatWriter.scala:214)
[2026-06-09T10:32:59.080+0000] {subprocess.py:93} INFO - 	at org.apache.spark.sql.delta.files.TransactionalWrite.$anonfun$writeFiles$1(TransactionalWrite.scala:440)
[2026-06-09T10:32:59.083+0000] {subprocess.py:93} INFO - 	at org.apache.spark.sql.execution.SQLExecution$.$anonfun$withNewExecutionId$6(SQLExecution.scala:125)
[2026-06-09T10:32:59.085+0000] {subprocess.py:93} INFO - 	at org.apache.spark.sql.execution.SQLExecution$.withSQLConfPropagated(SQLExecution.scala:201)
[2026-06-09T10:32:59.088+0000] {subprocess.py:93} INFO - 	at org.apache.spark.sql.execution.SQLExecution$.$anonfun$withNewExecutionId$1(SQLExecution.scala:108)
[2026-06-09T10:32:59.092+0000] {subprocess.py:93} INFO - 	at org.apache.spark.sql.SparkSession.withActive(SparkSession.scala:900)
[2026-06-09T10:32:59.093+0000] {subprocess.py:93} INFO - 	at org.apache.spark.sql.execution.SQLExecution$.withNewExecutionId(SQLExecution.scala:66)
[2026-06-09T10:32:59.094+0000] {subprocess.py:93} INFO - 	at org.apache.spark.sql.delta.files.TransactionalWrite.writeFiles(TransactionalWrite.scala:398)
[2026-06-09T10:32:59.095+0000] {subprocess.py:93} INFO - 	at org.apache.spark.sql.delta.files.TransactionalWrite.writeFiles$(TransactionalWrite.scala:371)
[2026-06-09T10:32:59.096+0000] {subprocess.py:93} INFO - 	at org.apache.spark.sql.delta.OptimisticTransaction.writeFiles(OptimisticTransaction.scala:147)
[2026-06-09T10:32:59.097+0000] {subprocess.py:93} INFO - 	at org.apache.spark.sql.delta.files.TransactionalWrite.writeFiles(TransactionalWrite.scala:246)
[2026-06-09T10:32:59.098+0000] {subprocess.py:93} INFO - 	at org.apache.spark.sql.delta.files.TransactionalWrite.writeFiles$(TransactionalWrite.scala:242)
[2026-06-09T10:32:59.100+0000] {subprocess.py:93} INFO - 	at org.apache.spark.sql.delta.OptimisticTransaction.writeFiles(OptimisticTransaction.scala:147)
[2026-06-09T10:32:59.101+0000] {subprocess.py:93} INFO - 	at org.apache.spark.sql.delta.files.TransactionalWrite.writeFiles(TransactionalWrite.scala:235)
[2026-06-09T10:32:59.101+0000] {subprocess.py:93} INFO - 	at org.apache.spark.sql.delta.files.TransactionalWrite.writeFiles$(TransactionalWrite.scala:232)
[2026-06-09T10:32:59.104+0000] {subprocess.py:93} INFO - 	at org.apache.spark.sql.delta.OptimisticTransaction.writeFiles(OptimisticTransaction.scala:147)
[2026-06-09T10:32:59.105+0000] {subprocess.py:93} INFO - 	at org.apache.spark.sql.delta.sources.DeltaSink.$anonfun$addBatchWithStatusImpl$4(DeltaSink.scala:139)
[2026-06-09T10:32:59.106+0000] {subprocess.py:93} INFO - 	at org.apache.spark.util.Utils$.timeTakenMs(Utils.scala:552)
[2026-06-09T10:32:59.107+0000] {subprocess.py:93} INFO - 	at org.apache.spark.sql.delta.sources.DeltaSink.addBatchWithStatusImpl(DeltaSink.scala:139)
[2026-06-09T10:32:59.108+0000] {subprocess.py:93} INFO - 	at org.apache.spark.sql.delta.sources.DeltaSink.addBatch(DeltaSink.scala:97)
[2026-06-09T10:32:59.109+0000] {subprocess.py:93} INFO - 	at org.apache.spark.sql.execution.streaming.MicroBatchExecution.$anonfun$runBatch$17(MicroBatchExecution.scala:732)
[2026-06-09T10:32:59.112+0000] {subprocess.py:93} INFO - 	at org.apache.spark.sql.execution.SQLExecution$.$anonfun$withNewExecutionId$6(SQLExecution.scala:125)
[2026-06-09T10:32:59.120+0000] {subprocess.py:93} INFO - 	at org.apache.spark.sql.execution.SQLExecution$.withSQLConfPropagated(SQLExecution.scala:201)
[2026-06-09T10:32:59.121+0000] {subprocess.py:93} INFO - 	at org.apache.spark.sql.execution.SQLExecution$.$anonfun$withNewExecutionId$1(SQLExecution.scala:108)
[2026-06-09T10:32:59.123+0000] {subprocess.py:93} INFO - 	at org.apache.spark.sql.SparkSession.withActive(SparkSession.scala:900)
[2026-06-09T10:32:59.127+0000] {subprocess.py:93} INFO - 	at org.apache.spark.sql.execution.SQLExecution$.withNewExecutionId(SQLExecution.scala:66)
[2026-06-09T10:32:59.128+0000] {subprocess.py:93} INFO - 	at org.apache.spark.sql.execution.streaming.MicroBatchExecution.$anonfun$runBatch$16(MicroBatchExecution.scala:729)
[2026-06-09T10:32:59.129+0000] {subprocess.py:93} INFO - 	at org.apache.spark.sql.execution.streaming.ProgressReporter.reportTimeTaken(ProgressReporter.scala:427)
[2026-06-09T10:32:59.130+0000] {subprocess.py:93} INFO - 	at org.apache.spark.sql.execution.streaming.ProgressReporter.reportTimeTaken$(ProgressReporter.scala:425)
[2026-06-09T10:32:59.132+0000] {subprocess.py:93} INFO - 	at org.apache.spark.sql.execution.streaming.StreamExecution.reportTimeTaken(StreamExecution.scala:67)
[2026-06-09T10:32:59.133+0000] {subprocess.py:93} INFO - 	at org.apache.spark.sql.execution.streaming.MicroBatchExecution.runBatch(MicroBatchExecution.scala:729)
[2026-06-09T10:32:59.135+0000] {subprocess.py:93} INFO - 	at org.apache.spark.sql.execution.streaming.MicroBatchExecution.$anonfun$runActivatedStream$2(MicroBatchExecution.scala:286)
[2026-06-09T10:32:59.136+0000] {subprocess.py:93} INFO - 	at scala.runtime.java8.JFunction0$mcV$sp.apply(JFunction0$mcV$sp.java:23)
[2026-06-09T10:32:59.137+0000] {subprocess.py:93} INFO - 	at org.apache.spark.sql.execution.streaming.ProgressReporter.reportTimeTaken(ProgressReporter.scala:427)
[2026-06-09T10:32:59.138+0000] {subprocess.py:93} INFO - 	at org.apache.spark.sql.execution.streaming.ProgressReporter.reportTimeTaken$(ProgressReporter.scala:425)
[2026-06-09T10:32:59.139+0000] {subprocess.py:93} INFO - 	at org.apache.spark.sql.execution.streaming.StreamExecution.reportTimeTaken(StreamExecution.scala:67)
[2026-06-09T10:32:59.143+0000] {subprocess.py:93} INFO - 	at org.apache.spark.sql.execution.streaming.MicroBatchExecution.$anonfun$runActivatedStream$1(MicroBatchExecution.scala:249)
[2026-06-09T10:32:59.145+0000] {subprocess.py:93} INFO - 	at org.apache.spark.sql.execution.streaming.ProcessingTimeExecutor.execute(TriggerExecutor.scala:67)
[2026-06-09T10:32:59.146+0000] {subprocess.py:93} INFO - 	at org.apache.spark.sql.execution.streaming.MicroBatchExecution.runActivatedStream(MicroBatchExecution.scala:239)
[2026-06-09T10:32:59.147+0000] {subprocess.py:93} INFO - 	at org.apache.spark.sql.execution.streaming.StreamExecution.$anonfun$runStream$1(StreamExecution.scala:311)
[2026-06-09T10:32:59.149+0000] {subprocess.py:93} INFO - 	at scala.runtime.java8.JFunction0$mcV$sp.apply(JFunction0$mcV$sp.java:23)
[2026-06-09T10:32:59.153+0000] {subprocess.py:93} INFO - 	at org.apache.spark.sql.SparkSession.withActive(SparkSession.scala:900)
[2026-06-09T10:32:59.154+0000] {subprocess.py:93} INFO - 	at org.apache.spark.sql.execution.streaming.StreamExecution.org$apache$spark$sql$execution$streaming$StreamExecution$$runStream(StreamExecution.scala:289)
[2026-06-09T10:32:59.156+0000] {subprocess.py:93} INFO - 	at org.apache.spark.sql.execution.streaming.StreamExecution$$anon$1.$anonfun$run$1(StreamExecution.scala:211)
[2026-06-09T10:32:59.161+0000] {subprocess.py:93} INFO - 	at scala.runtime.java8.JFunction0$mcV$sp.apply(JFunction0$mcV$sp.java:23)
[2026-06-09T10:32:59.163+0000] {subprocess.py:93} INFO - 	at org.apache.spark.JobArtifactSet$.withActiveJobArtifactState(JobArtifactSet.scala:94)
[2026-06-09T10:32:59.164+0000] {subprocess.py:93} INFO - 	at org.apache.spark.sql.execution.streaming.StreamExecution$$anon$1.run(StreamExecution.scala:211)
[2026-06-09T10:32:59.166+0000] {subprocess.py:93} INFO - 26/06/09 10:32:59 ERROR DeltaFileFormatWriter: Aborting job 0c266b6d-bca9-4d6f-9bf3-1b53f710a211.
[2026-06-09T10:32:59.167+0000] {subprocess.py:93} INFO - org.apache.spark.SparkException: Job 7 cancelled because SparkContext was shut down
[2026-06-09T10:32:59.168+0000] {subprocess.py:93} INFO - 	at org.apache.spark.scheduler.DAGScheduler.$anonfun$cleanUpAfterSchedulerStop$1(DAGScheduler.scala:1253)
[2026-06-09T10:32:59.169+0000] {subprocess.py:93} INFO - 	at org.apache.spark.scheduler.DAGScheduler.$anonfun$cleanUpAfterSchedulerStop$1$adapted(DAGScheduler.scala:1251)
[2026-06-09T10:32:59.170+0000] {subprocess.py:93} INFO - 	at scala.collection.mutable.HashSet.foreach(HashSet.scala:79)
[2026-06-09T10:32:59.171+0000] {subprocess.py:93} INFO - 	at org.apache.spark.scheduler.DAGScheduler.cleanUpAfterSchedulerStop(DAGScheduler.scala:1251)
[2026-06-09T10:32:59.172+0000] {subprocess.py:93} INFO - 	at org.apache.spark.scheduler.DAGSchedulerEventProcessLoop.onStop(DAGScheduler.scala:3087)
[2026-06-09T10:32:59.177+0000] {subprocess.py:93} INFO - 	at org.apache.spark.util.EventLoop.stop(EventLoop.scala:84)
[2026-06-09T10:32:59.178+0000] {subprocess.py:93} INFO - 	at org.apache.spark.scheduler.DAGScheduler.$anonfun$stop$3(DAGScheduler.scala:2973)
[2026-06-09T10:32:59.179+0000] {subprocess.py:93} INFO - 	at org.apache.spark.util.Utils$.tryLogNonFatalError(Utils.scala:1375)
[2026-06-09T10:32:59.179+0000] {subprocess.py:93} INFO - 	at org.apache.spark.scheduler.DAGScheduler.stop(DAGScheduler.scala:2973)
[2026-06-09T10:32:59.180+0000] {subprocess.py:93} INFO - 	at org.apache.spark.SparkContext.$anonfun$stop$12(SparkContext.scala:2263)
[2026-06-09T10:32:59.181+0000] {subprocess.py:93} INFO - 	at org.apache.spark.util.Utils$.tryLogNonFatalError(Utils.scala:1375)
[2026-06-09T10:32:59.183+0000] {subprocess.py:93} INFO - 	at org.apache.spark.SparkContext.stop(SparkContext.scala:2263)
[2026-06-09T10:32:59.183+0000] {subprocess.py:93} INFO - 	at org.apache.spark.SparkContext.stop(SparkContext.scala:2216)
[2026-06-09T10:32:59.188+0000] {subprocess.py:93} INFO - 	at org.apache.spark.SparkContext.$anonfun$new$34(SparkContext.scala:686)
[2026-06-09T10:32:59.189+0000] {subprocess.py:93} INFO - 	at org.apache.spark.util.SparkShutdownHook.run(ShutdownHookManager.scala:214)
[2026-06-09T10:32:59.192+0000] {subprocess.py:93} INFO - 	at org.apache.spark.util.SparkShutdownHookManager.$anonfun$runAll$2(ShutdownHookManager.scala:188)
[2026-06-09T10:32:59.193+0000] {subprocess.py:93} INFO - 	at scala.runtime.java8.JFunction0$mcV$sp.apply(JFunction0$mcV$sp.java:23)
[2026-06-09T10:32:59.194+0000] {subprocess.py:93} INFO - 	at org.apache.spark.util.Utils$.logUncaughtExceptions(Utils.scala:1928)
[2026-06-09T10:32:59.195+0000] {subprocess.py:93} INFO - 	at org.apache.spark.util.SparkShutdownHookManager.$anonfun$runAll$1(ShutdownHookManager.scala:188)
[2026-06-09T10:32:59.195+0000] {subprocess.py:93} INFO - 	at scala.runtime.java8.JFunction0$mcV$sp.apply(JFunction0$mcV$sp.java:23)
[2026-06-09T10:32:59.196+0000] {subprocess.py:93} INFO - 	at scala.util.Try$.apply(Try.scala:213)
[2026-06-09T10:32:59.197+0000] {subprocess.py:93} INFO - 	at org.apache.spark.util.SparkShutdownHookManager.runAll(ShutdownHookManager.scala:188)
[2026-06-09T10:32:59.198+0000] {subprocess.py:93} INFO - 	at org.apache.spark.util.SparkShutdownHookManager$$anon$2.run(ShutdownHookManager.scala:178)
[2026-06-09T10:32:59.203+0000] {subprocess.py:93} INFO - 	at java.base/java.util.concurrent.Executors$RunnableAdapter.call(Unknown Source)
[2026-06-09T10:32:59.204+0000] {subprocess.py:93} INFO - 	at java.base/java.util.concurrent.FutureTask.run(Unknown Source)
[2026-06-09T10:32:59.205+0000] {subprocess.py:93} INFO - 	at java.base/java.util.concurrent.ThreadPoolExecutor.runWorker(Unknown Source)
[2026-06-09T10:32:59.209+0000] {subprocess.py:93} INFO - 	at java.base/java.util.concurrent.ThreadPoolExecutor$Worker.run(Unknown Source)
[2026-06-09T10:32:59.210+0000] {subprocess.py:93} INFO - 	at java.base/java.lang.Thread.run(Unknown Source)
[2026-06-09T10:32:59.212+0000] {subprocess.py:93} INFO - 	at org.apache.spark.scheduler.DAGScheduler.runJob(DAGScheduler.scala:989)
[2026-06-09T10:32:59.213+0000] {subprocess.py:93} INFO - 	at org.apache.spark.SparkContext.runJob(SparkContext.scala:2398)
[2026-06-09T10:32:59.213+0000] {subprocess.py:93} INFO - 	at org.apache.spark.sql.delta.files.DeltaFileFormatWriter$.$anonfun$executeWrite$1(DeltaFileFormatWriter.scala:263)
[2026-06-09T10:32:59.214+0000] {subprocess.py:93} INFO - 	at org.apache.spark.sql.delta.files.DeltaFileFormatWriter$.writeAndCommit(DeltaFileFormatWriter.scala:295)
[2026-06-09T10:32:59.216+0000] {subprocess.py:93} INFO - 	at org.apache.spark.sql.delta.files.DeltaFileFormatWriter$.executeWrite(DeltaFileFormatWriter.scala:234)
[2026-06-09T10:32:59.217+0000] {subprocess.py:93} INFO - 	at org.apache.spark.sql.delta.files.DeltaFileFormatWriter$.write(DeltaFileFormatWriter.scala:214)
[2026-06-09T10:32:59.220+0000] {subprocess.py:93} INFO - 	at org.apache.spark.sql.delta.files.TransactionalWrite.$anonfun$writeFiles$1(TransactionalWrite.scala:440)
[2026-06-09T10:32:59.220+0000] {subprocess.py:93} INFO - 	at org.apache.spark.sql.execution.SQLExecution$.$anonfun$withNewExecutionId$6(SQLExecution.scala:125)
[2026-06-09T10:32:59.221+0000] {subprocess.py:93} INFO - 	at org.apache.spark.sql.execution.SQLExecution$.withSQLConfPropagated(SQLExecution.scala:201)
[2026-06-09T10:32:59.222+0000] {subprocess.py:93} INFO - 	at org.apache.spark.sql.execution.SQLExecution$.$anonfun$withNewExecutionId$1(SQLExecution.scala:108)
[2026-06-09T10:32:59.227+0000] {subprocess.py:93} INFO - 	at org.apache.spark.sql.SparkSession.withActive(SparkSession.scala:900)
[2026-06-09T10:32:59.227+0000] {subprocess.py:93} INFO - 	at org.apache.spark.sql.execution.SQLExecution$.withNewExecutionId(SQLExecution.scala:66)
[2026-06-09T10:32:59.228+0000] {subprocess.py:93} INFO - 	at org.apache.spark.sql.delta.files.TransactionalWrite.writeFiles(TransactionalWrite.scala:398)
[2026-06-09T10:32:59.229+0000] {subprocess.py:93} INFO - 	at org.apache.spark.sql.delta.files.TransactionalWrite.writeFiles$(TransactionalWrite.scala:371)
[2026-06-09T10:32:59.230+0000] {subprocess.py:93} INFO - 	at org.apache.spark.sql.delta.OptimisticTransaction.writeFiles(OptimisticTransaction.scala:147)
[2026-06-09T10:32:59.231+0000] {subprocess.py:93} INFO - 	at org.apache.spark.sql.delta.files.TransactionalWrite.writeFiles(TransactionalWrite.scala:246)
[2026-06-09T10:32:59.232+0000] {subprocess.py:93} INFO - 	at org.apache.spark.sql.delta.files.TransactionalWrite.writeFiles$(TransactionalWrite.scala:242)
[2026-06-09T10:32:59.236+0000] {subprocess.py:93} INFO - 	at org.apache.spark.sql.delta.OptimisticTransaction.writeFiles(OptimisticTransaction.scala:147)
[2026-06-09T10:32:59.237+0000] {subprocess.py:93} INFO - 	at org.apache.spark.sql.delta.files.TransactionalWrite.writeFiles(TransactionalWrite.scala:235)
[2026-06-09T10:32:59.238+0000] {subprocess.py:93} INFO - 	at org.apache.spark.sql.delta.files.TransactionalWrite.writeFiles$(TransactionalWrite.scala:232)
[2026-06-09T10:32:59.238+0000] {subprocess.py:93} INFO - 	at org.apache.spark.sql.delta.OptimisticTransaction.writeFiles(OptimisticTransaction.scala:147)
[2026-06-09T10:32:59.241+0000] {subprocess.py:93} INFO - 	at org.apache.spark.sql.delta.sources.DeltaSink.$anonfun$addBatchWithStatusImpl$4(DeltaSink.scala:139)
[2026-06-09T10:32:59.244+0000] {subprocess.py:93} INFO - 	at org.apache.spark.util.Utils$.timeTakenMs(Utils.scala:552)
[2026-06-09T10:32:59.245+0000] {subprocess.py:93} INFO - 	at org.apache.spark.sql.delta.sources.DeltaSink.addBatchWithStatusImpl(DeltaSink.scala:139)
[2026-06-09T10:32:59.246+0000] {subprocess.py:93} INFO - 	at org.apache.spark.sql.delta.sources.DeltaSink.addBatch(DeltaSink.scala:97)
[2026-06-09T10:32:59.247+0000] {subprocess.py:93} INFO - 	at org.apache.spark.sql.execution.streaming.MicroBatchExecution.$anonfun$runBatch$17(MicroBatchExecution.scala:732)
[2026-06-09T10:32:59.248+0000] {subprocess.py:93} INFO - 	at org.apache.spark.sql.execution.SQLExecution$.$anonfun$withNewExecutionId$6(SQLExecution.scala:125)
[2026-06-09T10:32:59.249+0000] {subprocess.py:93} INFO - 	at org.apache.spark.sql.execution.SQLExecution$.withSQLConfPropagated(SQLExecution.scala:201)
[2026-06-09T10:32:59.252+0000] {subprocess.py:93} INFO - 	at org.apache.spark.sql.execution.SQLExecution$.$anonfun$withNewExecutionId$1(SQLExecution.scala:108)
[2026-06-09T10:32:59.253+0000] {subprocess.py:93} INFO - 	at org.apache.spark.sql.SparkSession.withActive(SparkSession.scala:900)
[2026-06-09T10:32:59.254+0000] {subprocess.py:93} INFO - 	at org.apache.spark.sql.execution.SQLExecution$.withNewExecutionId(SQLExecution.scala:66)
[2026-06-09T10:32:59.255+0000] {subprocess.py:93} INFO - 	at org.apache.spark.sql.execution.streaming.MicroBatchExecution.$anonfun$runBatch$16(MicroBatchExecution.scala:729)
[2026-06-09T10:32:59.255+0000] {subprocess.py:93} INFO - 	at org.apache.spark.sql.execution.streaming.ProgressReporter.reportTimeTaken(ProgressReporter.scala:427)
[2026-06-09T10:32:59.259+0000] {subprocess.py:93} INFO - 	at org.apache.spark.sql.execution.streaming.ProgressReporter.reportTimeTaken$(ProgressReporter.scala:425)
[2026-06-09T10:32:59.260+0000] {subprocess.py:93} INFO - 	at org.apache.spark.sql.execution.streaming.StreamExecution.reportTimeTaken(StreamExecution.scala:67)
[2026-06-09T10:32:59.261+0000] {subprocess.py:93} INFO - 	at org.apache.spark.sql.execution.streaming.MicroBatchExecution.runBatch(MicroBatchExecution.scala:729)
[2026-06-09T10:32:59.262+0000] {subprocess.py:93} INFO - 	at org.apache.spark.sql.execution.streaming.MicroBatchExecution.$anonfun$runActivatedStream$2(MicroBatchExecution.scala:286)
[2026-06-09T10:32:59.263+0000] {subprocess.py:93} INFO - 	at scala.runtime.java8.JFunction0$mcV$sp.apply(JFunction0$mcV$sp.java:23)
[2026-06-09T10:32:59.267+0000] {subprocess.py:93} INFO - 	at org.apache.spark.sql.execution.streaming.ProgressReporter.reportTimeTaken(ProgressReporter.scala:427)
[2026-06-09T10:32:59.268+0000] {subprocess.py:93} INFO - 	at org.apache.spark.sql.execution.streaming.ProgressReporter.reportTimeTaken$(ProgressReporter.scala:425)
[2026-06-09T10:32:59.269+0000] {subprocess.py:93} INFO - 	at org.apache.spark.sql.execution.streaming.StreamExecution.reportTimeTaken(StreamExecution.scala:67)
[2026-06-09T10:32:59.270+0000] {subprocess.py:93} INFO - 	at org.apache.spark.sql.execution.streaming.MicroBatchExecution.$anonfun$runActivatedStream$1(MicroBatchExecution.scala:249)
[2026-06-09T10:32:59.271+0000] {subprocess.py:93} INFO - 	at org.apache.spark.sql.execution.streaming.ProcessingTimeExecutor.execute(TriggerExecutor.scala:67)
[2026-06-09T10:32:59.272+0000] {subprocess.py:93} INFO - 	at org.apache.spark.sql.execution.streaming.MicroBatchExecution.runActivatedStream(MicroBatchExecution.scala:239)
[2026-06-09T10:32:59.277+0000] {subprocess.py:93} INFO - 	at org.apache.spark.sql.execution.streaming.StreamExecution.$anonfun$runStream$1(StreamExecution.scala:311)
[2026-06-09T10:32:59.278+0000] {subprocess.py:93} INFO - 	at scala.runtime.java8.JFunction0$mcV$sp.apply(JFunction0$mcV$sp.java:23)
[2026-06-09T10:32:59.278+0000] {subprocess.py:93} INFO - 	at org.apache.spark.sql.SparkSession.withActive(SparkSession.scala:900)
[2026-06-09T10:32:59.279+0000] {subprocess.py:93} INFO - 	at org.apache.spark.sql.execution.streaming.StreamExecution.org$apache$spark$sql$execution$streaming$StreamExecution$$runStream(StreamExecution.scala:289)
[2026-06-09T10:32:59.280+0000] {subprocess.py:93} INFO - 	at org.apache.spark.sql.execution.streaming.StreamExecution$$anon$1.$anonfun$run$1(StreamExecution.scala:211)
[2026-06-09T10:32:59.281+0000] {subprocess.py:93} INFO - 	at scala.runtime.java8.JFunction0$mcV$sp.apply(JFunction0$mcV$sp.java:23)
[2026-06-09T10:32:59.282+0000] {subprocess.py:93} INFO - 	at org.apache.spark.JobArtifactSet$.withActiveJobArtifactState(JobArtifactSet.scala:94)
[2026-06-09T10:32:59.283+0000] {subprocess.py:93} INFO - 	at org.apache.spark.sql.execution.streaming.StreamExecution$$anon$1.run(StreamExecution.scala:211)
[2026-06-09T10:33:00.664+0000] {subprocess.py:97} INFO - Command exited with return code 124
[2026-06-09T10:33:00.669+0000] {taskinstance.py:441} INFO - ::group::Post task execution logs
[2026-06-09T10:33:00.711+0000] {taskinstance.py:2890} ERROR - Task failed with exception
Traceback (most recent call last):
  File "/home/airflow/.local/lib/python3.12/site-packages/airflow/models/taskinstance.py", line 465, in _execute_task
    result = _execute_callable(context=context, **execute_callable_kwargs)
             ^^^^^^^^^^^^^^^^^^^^^^^^^^^^^^^^^^^^^^^^^^^^^^^^^^^^^^^^^^^^^
  File "/home/airflow/.local/lib/python3.12/site-packages/airflow/models/taskinstance.py", line 432, in _execute_callable
    return execute_callable(context=context, **execute_callable_kwargs)
           ^^^^^^^^^^^^^^^^^^^^^^^^^^^^^^^^^^^^^^^^^^^^^^^^^^^^^^^^^^^^
  File "/home/airflow/.local/lib/python3.12/site-packages/airflow/models/baseoperator.py", line 400, in wrapper
    return func(self, *args, **kwargs)
           ^^^^^^^^^^^^^^^^^^^^^^^^^^^
  File "/home/airflow/.local/lib/python3.12/site-packages/airflow/operators/bash.py", line 243, in execute
    raise AirflowException(
airflow.exceptions.AirflowException: Bash command failed. The command returned a non-zero exit code 124.
[2026-06-09T10:33:00.722+0000] {taskinstance.py:1205} INFO - Marking task as UP_FOR_RETRY. dag_id=e-commerce_kafka_streaming_pipeline_v10, task_id=run_bronze, execution_date=20260609T090000, start_date=20260609T103058, end_date=20260609T103300
[2026-06-09T10:33:00.765+0000] {standard_task_runner.py:110} ERROR - Failed to execute job 92 for task run_bronze (Bash command failed. The command returned a non-zero exit code 124.; 4041)
[2026-06-09T10:33:00.829+0000] {local_task_job_runner.py:240} INFO - Task exited with return code 1
[2026-06-09T10:33:00.905+0000] {taskinstance.py:3482} INFO - 0 downstream tasks scheduled from follow-on schedule check
[2026-06-09T10:33:00.913+0000] {local_task_job_runner.py:222} INFO - ::endgroup::
