[2026-06-09T10:35:01.356+0000] {local_task_job_runner.py:120} INFO - ::group::Pre task execution logs
[2026-06-09T10:35:01.429+0000] {taskinstance.py:2073} INFO - Dependencies all met for dep_context=non-requeueable deps ti=<TaskInstance: e-commerce_kafka_streaming_pipeline_v10.run_bronze scheduled__2026-06-09T09:00:00+00:00 [queued]>
[2026-06-09T10:35:01.446+0000] {taskinstance.py:2073} INFO - Dependencies all met for dep_context=requeueable deps ti=<TaskInstance: e-commerce_kafka_streaming_pipeline_v10.run_bronze scheduled__2026-06-09T09:00:00+00:00 [queued]>
[2026-06-09T10:35:01.447+0000] {taskinstance.py:2303} INFO - Starting attempt 2 of 2
[2026-06-09T10:35:01.472+0000] {taskinstance.py:2327} INFO - Executing <Task(BashOperator): run_bronze> on 2026-06-09 09:00:00+00:00
[2026-06-09T10:35:01.487+0000] {standard_task_runner.py:90} INFO - Running: ['***', 'tasks', 'run', 'e-commerce_kafka_streaming_pipeline_v10', 'run_bronze', 'scheduled__2026-06-09T09:00:00+00:00', '--job-id', '93', '--raw', '--subdir', 'DAGS_FOLDER/sdp_pipeline_dag.py', '--cfg-path', '/tmp/tmplyr6wc65']
[2026-06-09T10:35:01.494+0000] {standard_task_runner.py:91} INFO - Job 93: Subtask run_bronze
[2026-06-09T10:35:01.496+0000] {logging_mixin.py:188} WARNING - /home/***/.local/lib/python3.12/site-packages/***/task/task_runner/standard_task_runner.py:61 DeprecationWarning: This process (pid=4092) is multi-threaded, use of fork() may lead to deadlocks in the child.
[2026-06-09T10:35:01.498+0000] {standard_task_runner.py:63} INFO - Started process 4093 to run task
[2026-06-09T10:35:01.597+0000] {task_command.py:426} INFO - Running <TaskInstance: e-commerce_kafka_streaming_pipeline_v10.run_bronze scheduled__2026-06-09T09:00:00+00:00 [running]> on host 19d9c0c71dcc
[2026-06-09T10:35:01.753+0000] {taskinstance.py:2644} INFO - Exporting env vars: AIRFLOW_CTX_DAG_OWNER='dev' AIRFLOW_CTX_DAG_ID='e-commerce_kafka_streaming_pipeline_v10' AIRFLOW_CTX_TASK_ID='run_bronze' AIRFLOW_CTX_EXECUTION_DATE='2026-06-09T09:00:00+00:00' AIRFLOW_CTX_TRY_NUMBER='2' AIRFLOW_CTX_DAG_RUN_ID='scheduled__2026-06-09T09:00:00+00:00'
[2026-06-09T10:35:01.757+0000] {taskinstance.py:430} INFO - ::endgroup::
[2026-06-09T10:35:01.800+0000] {subprocess.py:63} INFO - Tmp dir root location: /tmp
[2026-06-09T10:35:01.802+0000] {subprocess.py:75} INFO - Running command: ['/usr/bin/bash', '-c', 'timeout 120s docker run --rm --network streaming_kafka_project_sdp-net --volume /d/Streaming_kafka_project/pipelines:/opt/pipelines --volume /d/Streaming_kafka_project/data:/opt/data --volume /d/Streaming_kafka_project/checkpoints:/opt/checkpoints --volume /d/Streaming_kafka_project/jars:/opt/jars apache/spark:3.5.1 /opt/spark/bin/spark-submit --master spark://sdp-spark-master:7077 --executor-cores 1 --executor-memory 512m --total-executor-cores 3 --jars /opt/jars/delta-spark_2.12-3.2.0.jar,/opt/jars/delta-storage-3.2.0.jar,/opt/jars/spark-sql-kafka-0-10_2.12-3.5.1.jar,/opt/jars/kafka-clients-3.4.1.jar,/opt/jars/spark-token-provider-kafka-0-10_2.12-3.5.1.jar,/opt/jars/commons-pool2-2.11.1.jar --conf spark.sql.extensions=io.delta.sql.DeltaSparkSessionExtension --conf spark.sql.catalog.spark_catalog=org.apache.spark.sql.delta.catalog.DeltaCatalog  /opt/pipelines/bronze_runner.py']
[2026-06-09T10:35:01.824+0000] {subprocess.py:86} INFO - Output:
[2026-06-09T10:35:09.090+0000] {subprocess.py:93} INFO - 26/06/09 10:35:09 WARN NativeCodeLoader: Unable to load native-hadoop library for your platform... using builtin-java classes where applicable
[2026-06-09T10:35:10.420+0000] {subprocess.py:93} INFO - 26/06/09 10:35:10 INFO SparkContext: Running Spark version 3.5.1
[2026-06-09T10:35:10.422+0000] {subprocess.py:93} INFO - 26/06/09 10:35:10 INFO SparkContext: OS info Linux, 6.6.114.1-microsoft-standard-WSL2, amd64
[2026-06-09T10:35:10.428+0000] {subprocess.py:93} INFO - 26/06/09 10:35:10 INFO SparkContext: Java version 11.0.22
[2026-06-09T10:35:10.480+0000] {subprocess.py:93} INFO - 26/06/09 10:35:10 INFO ResourceUtils: ==============================================================
[2026-06-09T10:35:10.482+0000] {subprocess.py:93} INFO - 26/06/09 10:35:10 INFO ResourceUtils: No custom resources configured for spark.driver.
[2026-06-09T10:35:10.484+0000] {subprocess.py:93} INFO - 26/06/09 10:35:10 INFO ResourceUtils: ==============================================================
[2026-06-09T10:35:10.485+0000] {subprocess.py:93} INFO - 26/06/09 10:35:10 INFO SparkContext: Submitted application: SDP-Bronze
[2026-06-09T10:35:10.521+0000] {subprocess.py:93} INFO - 26/06/09 10:35:10 INFO ResourceProfile: Default ResourceProfile created, executor resources: Map(cores -> name: cores, amount: 1, script: , vendor: , memory -> name: memory, amount: 512, script: , vendor: , offHeap -> name: offHeap, amount: 0, script: , vendor: ), task resources: Map(cpus -> name: cpus, amount: 1.0)
[2026-06-09T10:35:10.543+0000] {subprocess.py:93} INFO - 26/06/09 10:35:10 INFO ResourceProfile: Limiting resource is cpus at 1 tasks per executor
[2026-06-09T10:35:10.551+0000] {subprocess.py:93} INFO - 26/06/09 10:35:10 INFO ResourceProfileManager: Added ResourceProfile id: 0
[2026-06-09T10:35:10.634+0000] {subprocess.py:93} INFO - 26/06/09 10:35:10 INFO SecurityManager: Changing view acls to: spark
[2026-06-09T10:35:10.637+0000] {subprocess.py:93} INFO - 26/06/09 10:35:10 INFO SecurityManager: Changing modify acls to: spark
[2026-06-09T10:35:10.638+0000] {subprocess.py:93} INFO - 26/06/09 10:35:10 INFO SecurityManager: Changing view acls groups to:
[2026-06-09T10:35:10.639+0000] {subprocess.py:93} INFO - 26/06/09 10:35:10 INFO SecurityManager: Changing modify acls groups to:
[2026-06-09T10:35:10.640+0000] {subprocess.py:93} INFO - 26/06/09 10:35:10 INFO SecurityManager: SecurityManager: authentication disabled; ui acls disabled; users with view permissions: spark; groups with view permissions: EMPTY; users with modify permissions: spark; groups with modify permissions: EMPTY
[2026-06-09T10:35:11.068+0000] {subprocess.py:93} INFO - 26/06/09 10:35:11 INFO Utils: Successfully started service 'sparkDriver' on port 45785.
[2026-06-09T10:35:11.124+0000] {subprocess.py:93} INFO - 26/06/09 10:35:11 INFO SparkEnv: Registering MapOutputTracker
[2026-06-09T10:35:11.185+0000] {subprocess.py:93} INFO - 26/06/09 10:35:11 INFO SparkEnv: Registering BlockManagerMaster
[2026-06-09T10:35:11.241+0000] {subprocess.py:93} INFO - 26/06/09 10:35:11 INFO BlockManagerMasterEndpoint: Using org.apache.spark.storage.DefaultTopologyMapper for getting topology information
[2026-06-09T10:35:11.243+0000] {subprocess.py:93} INFO - 26/06/09 10:35:11 INFO BlockManagerMasterEndpoint: BlockManagerMasterEndpoint up
[2026-06-09T10:35:11.250+0000] {subprocess.py:93} INFO - 26/06/09 10:35:11 INFO SparkEnv: Registering BlockManagerMasterHeartbeat
[2026-06-09T10:35:11.306+0000] {subprocess.py:93} INFO - 26/06/09 10:35:11 INFO DiskBlockManager: Created local directory at /tmp/blockmgr-5e77f2b6-e933-47d4-97b2-2886d5b81ba1
[2026-06-09T10:35:11.341+0000] {subprocess.py:93} INFO - 26/06/09 10:35:11 INFO MemoryStore: MemoryStore started with capacity 434.4 MiB
[2026-06-09T10:35:11.385+0000] {subprocess.py:93} INFO - 26/06/09 10:35:11 INFO SparkEnv: Registering OutputCommitCoordinator
[2026-06-09T10:35:11.683+0000] {subprocess.py:93} INFO - 26/06/09 10:35:11 INFO JettyUtils: Start Jetty 0.0.0.0:4040 for SparkUI
[2026-06-09T10:35:11.809+0000] {subprocess.py:93} INFO - 26/06/09 10:35:11 INFO Utils: Successfully started service 'SparkUI' on port 4040.
[2026-06-09T10:35:11.899+0000] {subprocess.py:93} INFO - 26/06/09 10:35:11 INFO SparkContext: Added JAR file:///opt/jars/delta-spark_2.12-3.2.0.jar at spark://b975a9767d5b:45785/jars/delta-spark_2.12-3.2.0.jar with timestamp 1781001310401
[2026-06-09T10:35:11.900+0000] {subprocess.py:93} INFO - 26/06/09 10:35:11 INFO SparkContext: Added JAR file:///opt/jars/delta-storage-3.2.0.jar at spark://b975a9767d5b:45785/jars/delta-storage-3.2.0.jar with timestamp 1781001310401
[2026-06-09T10:35:11.902+0000] {subprocess.py:93} INFO - 26/06/09 10:35:11 INFO SparkContext: Added JAR file:///opt/jars/spark-sql-kafka-0-10_2.12-3.5.1.jar at spark://b975a9767d5b:45785/jars/spark-sql-kafka-0-10_2.12-3.5.1.jar with timestamp 1781001310401
[2026-06-09T10:35:11.904+0000] {subprocess.py:93} INFO - 26/06/09 10:35:11 INFO SparkContext: Added JAR file:///opt/jars/kafka-clients-3.4.1.jar at spark://b975a9767d5b:45785/jars/kafka-clients-3.4.1.jar with timestamp 1781001310401
[2026-06-09T10:35:11.907+0000] {subprocess.py:93} INFO - 26/06/09 10:35:11 INFO SparkContext: Added JAR file:///opt/jars/spark-token-provider-kafka-0-10_2.12-3.5.1.jar at spark://b975a9767d5b:45785/jars/spark-token-provider-kafka-0-10_2.12-3.5.1.jar with timestamp 1781001310401
[2026-06-09T10:35:11.913+0000] {subprocess.py:93} INFO - 26/06/09 10:35:11 INFO SparkContext: Added JAR file:///opt/jars/commons-pool2-2.11.1.jar at spark://b975a9767d5b:45785/jars/commons-pool2-2.11.1.jar with timestamp 1781001310401
[2026-06-09T10:35:12.101+0000] {subprocess.py:93} INFO - 26/06/09 10:35:12 INFO StandaloneAppClient$ClientEndpoint: Connecting to master spark://sdp-spark-master:7077...
[2026-06-09T10:35:12.186+0000] {subprocess.py:93} INFO - 26/06/09 10:35:12 INFO TransportClientFactory: Successfully created connection to sdp-spark-master/172.18.0.4:7077 after 47 ms (0 ms spent in bootstraps)
[2026-06-09T10:35:12.320+0000] {subprocess.py:93} INFO - 26/06/09 10:35:12 INFO StandaloneSchedulerBackend: Connected to Spark cluster with app ID app-20260609103512-0036
[2026-06-09T10:35:12.336+0000] {subprocess.py:93} INFO - 26/06/09 10:35:12 INFO StandaloneAppClient$ClientEndpoint: Executor added: app-20260609103512-0036/0 on worker-20260608131402-172.18.0.5-38399 (172.18.0.5:38399) with 1 core(s)
[2026-06-09T10:35:12.342+0000] {subprocess.py:93} INFO - 26/06/09 10:35:12 INFO StandaloneSchedulerBackend: Granted executor ID app-20260609103512-0036/0 on hostPort 172.18.0.5:38399 with 1 core(s), 512.0 MiB RAM
[2026-06-09T10:35:12.345+0000] {subprocess.py:93} INFO - 26/06/09 10:35:12 INFO StandaloneAppClient$ClientEndpoint: Executor added: app-20260609103512-0036/1 on worker-20260608131402-172.18.0.5-38399 (172.18.0.5:38399) with 1 core(s)
[2026-06-09T10:35:12.351+0000] {subprocess.py:93} INFO - 26/06/09 10:35:12 INFO StandaloneSchedulerBackend: Granted executor ID app-20260609103512-0036/1 on hostPort 172.18.0.5:38399 with 1 core(s), 512.0 MiB RAM
[2026-06-09T10:35:12.354+0000] {subprocess.py:93} INFO - 26/06/09 10:35:12 INFO StandaloneAppClient$ClientEndpoint: Executor added: app-20260609103512-0036/2 on worker-20260608131402-172.18.0.6-44005 (172.18.0.6:44005) with 1 core(s)
[2026-06-09T10:35:12.355+0000] {subprocess.py:93} INFO - 26/06/09 10:35:12 INFO StandaloneSchedulerBackend: Granted executor ID app-20260609103512-0036/2 on hostPort 172.18.0.6:44005 with 1 core(s), 512.0 MiB RAM
[2026-06-09T10:35:12.373+0000] {subprocess.py:93} INFO - 26/06/09 10:35:12 INFO Utils: Successfully started service 'org.apache.spark.network.netty.NettyBlockTransferService' on port 43849.
[2026-06-09T10:35:12.374+0000] {subprocess.py:93} INFO - 26/06/09 10:35:12 INFO NettyBlockTransferService: Server created on b975a9767d5b:43849
[2026-06-09T10:35:12.389+0000] {subprocess.py:93} INFO - 26/06/09 10:35:12 INFO BlockManager: Using org.apache.spark.storage.RandomBlockReplicationPolicy for block replication policy
[2026-06-09T10:35:12.436+0000] {subprocess.py:93} INFO - 26/06/09 10:35:12 INFO BlockManagerMaster: Registering BlockManager BlockManagerId(driver, b975a9767d5b, 43849, None)
[2026-06-09T10:35:12.458+0000] {subprocess.py:93} INFO - 26/06/09 10:35:12 INFO BlockManagerMasterEndpoint: Registering block manager b975a9767d5b:43849 with 434.4 MiB RAM, BlockManagerId(driver, b975a9767d5b, 43849, None)
[2026-06-09T10:35:12.491+0000] {subprocess.py:93} INFO - 26/06/09 10:35:12 INFO StandaloneAppClient$ClientEndpoint: Executor updated: app-20260609103512-0036/2 is now RUNNING
[2026-06-09T10:35:12.500+0000] {subprocess.py:93} INFO - 26/06/09 10:35:12 INFO StandaloneAppClient$ClientEndpoint: Executor updated: app-20260609103512-0036/0 is now RUNNING
[2026-06-09T10:35:12.513+0000] {subprocess.py:93} INFO - 26/06/09 10:35:12 INFO BlockManagerMaster: Registered BlockManager BlockManagerId(driver, b975a9767d5b, 43849, None)
[2026-06-09T10:35:12.515+0000] {subprocess.py:93} INFO - 26/06/09 10:35:12 INFO BlockManager: Initialized BlockManager: BlockManagerId(driver, b975a9767d5b, 43849, None)
[2026-06-09T10:35:12.530+0000] {subprocess.py:93} INFO - 26/06/09 10:35:12 INFO StandaloneAppClient$ClientEndpoint: Executor updated: app-20260609103512-0036/1 is now RUNNING
[2026-06-09T10:35:13.434+0000] {subprocess.py:93} INFO - 26/06/09 10:35:13 INFO StandaloneSchedulerBackend: SchedulerBackend is ready for scheduling beginning after reached minRegisteredResourcesRatio: 0.0
[2026-06-09T10:35:14.730+0000] {subprocess.py:93} INFO - Starting stream: orders -> /opt/data/bronze/orders
[2026-06-09T10:35:47.247+0000] {subprocess.py:93} INFO - 26/06/09 10:35:47 WARN ResolveWriteToStream: spark.sql.adaptive.enabled is not supported in streaming DataFrames/Datasets and will be disabled.
[2026-06-09T10:35:47.904+0000] {subprocess.py:93} INFO - Starting stream: customers -> /opt/data/bronze/customers
[2026-06-09T10:35:50.508+0000] {subprocess.py:93} INFO - 26/06/09 10:35:50 WARN ResolveWriteToStream: spark.sql.adaptive.enabled is not supported in streaming DataFrames/Datasets and will be disabled.
[2026-06-09T10:35:50.613+0000] {subprocess.py:93} INFO - Starting stream: products -> /opt/data/bronze/products
[2026-06-09T10:35:52.903+0000] {subprocess.py:93} INFO - 26/06/09 10:35:52 WARN ResolveWriteToStream: spark.sql.adaptive.enabled is not supported in streaming DataFrames/Datasets and will be disabled.
[2026-06-09T10:35:55.094+0000] {subprocess.py:93} INFO - 26/06/09 10:35:55 WARN SparkStringUtils: Truncated the string representation of a plan since it was too large. This behavior can be adjusted by setting 'spark.sql.debug.maxToStringFields'.
[2026-06-09T10:37:03.082+0000] {subprocess.py:93} INFO - 26/06/09 10:37:03 ERROR DeltaFileFormatWriter: Aborting job 52f92fd8-a320-42b5-8cfd-21020f973574.
[2026-06-09T10:37:03.083+0000] {subprocess.py:93} INFO - org.apache.spark.SparkException: Job 7 cancelled because SparkContext was shut down
[2026-06-09T10:37:03.084+0000] {subprocess.py:93} INFO - 	at org.apache.spark.scheduler.DAGScheduler.$anonfun$cleanUpAfterSchedulerStop$1(DAGScheduler.scala:1253)
[2026-06-09T10:37:03.085+0000] {subprocess.py:93} INFO - 	at org.apache.spark.scheduler.DAGScheduler.$anonfun$cleanUpAfterSchedulerStop$1$adapted(DAGScheduler.scala:1251)
[2026-06-09T10:37:03.086+0000] {subprocess.py:93} INFO - 	at scala.collection.mutable.HashSet.foreach(HashSet.scala:79)
[2026-06-09T10:37:03.087+0000] {subprocess.py:93} INFO - 	at org.apache.spark.scheduler.DAGScheduler.cleanUpAfterSchedulerStop(DAGScheduler.scala:1251)
[2026-06-09T10:37:03.088+0000] {subprocess.py:93} INFO - 	at org.apache.spark.scheduler.DAGSchedulerEventProcessLoop.onStop(DAGScheduler.scala:3087)
[2026-06-09T10:37:03.119+0000] {subprocess.py:93} INFO - 	at org.apache.spark.util.EventLoop.stop(EventLoop.scala:84)
[2026-06-09T10:37:03.120+0000] {subprocess.py:93} INFO - 	at org.apache.spark.scheduler.DAGScheduler.$anonfun$stop$3(DAGScheduler.scala:2973)
[2026-06-09T10:37:03.133+0000] {subprocess.py:93} INFO - 	at org.apache.spark.util.Utils$.tryLogNonFatalError(Utils.scala:1375)
[2026-06-09T10:37:03.134+0000] {subprocess.py:93} INFO - 	at org.apache.spark.scheduler.DAGScheduler.stop(DAGScheduler.scala:2973)
[2026-06-09T10:37:03.135+0000] {subprocess.py:93} INFO - 	at org.apache.spark.SparkContext.$anonfun$stop$12(SparkContext.scala:2263)
[2026-06-09T10:37:03.136+0000] {subprocess.py:93} INFO - 	at org.apache.spark.util.Utils$.tryLogNonFatalError(Utils.scala:1375)
[2026-06-09T10:37:03.137+0000] {subprocess.py:93} INFO - 	at org.apache.spark.SparkContext.stop(SparkContext.scala:2263)
[2026-06-09T10:37:03.139+0000] {subprocess.py:93} INFO - 	at org.apache.spark.SparkContext.stop(SparkContext.scala:2216)
[2026-06-09T10:37:03.152+0000] {subprocess.py:93} INFO - 	at org.apache.spark.SparkContext.$anonfun$new$34(SparkContext.scala:686)
[2026-06-09T10:37:03.155+0000] {subprocess.py:93} INFO - 	at org.apache.spark.util.SparkShutdownHook.run(ShutdownHookManager.scala:214)
[2026-06-09T10:37:03.156+0000] {subprocess.py:93} INFO - 	at org.apache.spark.util.SparkShutdownHookManager.$anonfun$runAll$2(ShutdownHookManager.scala:188)
[2026-06-09T10:37:03.165+0000] {subprocess.py:93} INFO - 	at scala.runtime.java8.JFunction0$mcV$sp.apply(JFunction0$mcV$sp.java:23)
[2026-06-09T10:37:03.168+0000] {subprocess.py:93} INFO - 	at org.apache.spark.util.Utils$.logUncaughtExceptions(Utils.scala:1928)
[2026-06-09T10:37:03.170+0000] {subprocess.py:93} INFO - 	at org.apache.spark.util.SparkShutdownHookManager.$anonfun$runAll$1(ShutdownHookManager.scala:188)
[2026-06-09T10:37:03.173+0000] {subprocess.py:93} INFO - 	at scala.runtime.java8.JFunction0$mcV$sp.apply(JFunction0$mcV$sp.java:23)
[2026-06-09T10:37:03.175+0000] {subprocess.py:93} INFO - 	at scala.util.Try$.apply(Try.scala:213)
[2026-06-09T10:37:03.182+0000] {subprocess.py:93} INFO - 	at org.apache.spark.util.SparkShutdownHookManager.runAll(ShutdownHookManager.scala:188)
[2026-06-09T10:37:03.187+0000] {subprocess.py:93} INFO - 	at org.apache.spark.util.SparkShutdownHookManager$$anon$2.run(ShutdownHookManager.scala:178)
[2026-06-09T10:37:03.190+0000] {subprocess.py:93} INFO - 	at java.base/java.util.concurrent.Executors$RunnableAdapter.call(Unknown Source)
[2026-06-09T10:37:03.190+0000] {subprocess.py:93} INFO - 	at java.base/java.util.concurrent.FutureTask.run(Unknown Source)
[2026-06-09T10:37:03.191+0000] {subprocess.py:93} INFO - 	at java.base/java.util.concurrent.ThreadPoolExecutor.runWorker(Unknown Source)
[2026-06-09T10:37:03.192+0000] {subprocess.py:93} INFO - 	at java.base/java.util.concurrent.ThreadPoolExecutor$Worker.run(Unknown Source)
[2026-06-09T10:37:03.193+0000] {subprocess.py:93} INFO - 	at java.base/java.lang.Thread.run(Unknown Source)
[2026-06-09T10:37:03.194+0000] {subprocess.py:93} INFO - 	at org.apache.spark.scheduler.DAGScheduler.runJob(DAGScheduler.scala:989)
[2026-06-09T10:37:03.238+0000] {subprocess.py:93} INFO - 	at org.apache.spark.SparkContext.runJob(SparkContext.scala:2398)
[2026-06-09T10:37:03.254+0000] {subprocess.py:93} INFO - 	at org.apache.spark.sql.delta.files.DeltaFileFormatWriter$.$anonfun$executeWrite$1(DeltaFileFormatWriter.scala:263)
[2026-06-09T10:37:03.260+0000] {subprocess.py:93} INFO - 	at org.apache.spark.sql.delta.files.DeltaFileFormatWriter$.writeAndCommit(DeltaFileFormatWriter.scala:295)
[2026-06-09T10:37:03.261+0000] {subprocess.py:93} INFO - 	at org.apache.spark.sql.delta.files.DeltaFileFormatWriter$.executeWrite(DeltaFileFormatWriter.scala:234)
[2026-06-09T10:37:03.270+0000] {subprocess.py:93} INFO - 	at org.apache.spark.sql.delta.files.DeltaFileFormatWriter$.write(DeltaFileFormatWriter.scala:214)
[2026-06-09T10:37:03.286+0000] {subprocess.py:93} INFO - 	at org.apache.spark.sql.delta.files.TransactionalWrite.$anonfun$writeFiles$1(TransactionalWrite.scala:440)
[2026-06-09T10:37:03.287+0000] {subprocess.py:93} INFO - 	at org.apache.spark.sql.execution.SQLExecution$.$anonfun$withNewExecutionId$6(SQLExecution.scala:125)
[2026-06-09T10:37:03.290+0000] {subprocess.py:93} INFO - 	at org.apache.spark.sql.execution.SQLExecution$.withSQLConfPropagated(SQLExecution.scala:201)
[2026-06-09T10:37:03.302+0000] {subprocess.py:93} INFO - 	at org.apache.spark.sql.execution.SQLExecution$.$anonfun$withNewExecutionId$1(SQLExecution.scala:108)
[2026-06-09T10:37:03.304+0000] {subprocess.py:93} INFO - 	at org.apache.spark.sql.SparkSession.withActive(SparkSession.scala:900)
[2026-06-09T10:37:03.305+0000] {subprocess.py:93} INFO - 	at org.apache.spark.sql.execution.SQLExecution$.withNewExecutionId(SQLExecution.scala:66)
[2026-06-09T10:37:03.318+0000] {subprocess.py:93} INFO - 	at org.apache.spark.sql.delta.files.TransactionalWrite.writeFiles(TransactionalWrite.scala:398)
[2026-06-09T10:37:03.319+0000] {subprocess.py:93} INFO - 	at org.apache.spark.sql.delta.files.TransactionalWrite.writeFiles$(TransactionalWrite.scala:371)
[2026-06-09T10:37:03.319+0000] {subprocess.py:93} INFO - 	at org.apache.spark.sql.delta.OptimisticTransaction.writeFiles(OptimisticTransaction.scala:147)
[2026-06-09T10:37:03.320+0000] {subprocess.py:93} INFO - 	at org.apache.spark.sql.delta.files.TransactionalWrite.writeFiles(TransactionalWrite.scala:246)
[2026-06-09T10:37:03.321+0000] {subprocess.py:93} INFO - 	at org.apache.spark.sql.delta.files.TransactionalWrite.writeFiles$(TransactionalWrite.scala:242)
[2026-06-09T10:37:03.334+0000] {subprocess.py:93} INFO - 	at org.apache.spark.sql.delta.OptimisticTransaction.writeFiles(OptimisticTransaction.scala:147)
[2026-06-09T10:37:03.337+0000] {subprocess.py:93} INFO - 	at org.apache.spark.sql.delta.files.TransactionalWrite.writeFiles(TransactionalWrite.scala:235)
[2026-06-09T10:37:03.337+0000] {subprocess.py:93} INFO - 	at org.apache.spark.sql.delta.files.TransactionalWrite.writeFiles$(TransactionalWrite.scala:232)
[2026-06-09T10:37:03.338+0000] {subprocess.py:93} INFO - 	at org.apache.spark.sql.delta.OptimisticTransaction.writeFiles(OptimisticTransaction.scala:147)
[2026-06-09T10:37:03.370+0000] {subprocess.py:93} INFO - 	at org.apache.spark.sql.delta.sources.DeltaSink.$anonfun$addBatchWithStatusImpl$4(DeltaSink.scala:139)
[2026-06-09T10:37:03.386+0000] {subprocess.py:93} INFO - 	at org.apache.spark.util.Utils$.timeTakenMs(Utils.scala:552)
[2026-06-09T10:37:03.393+0000] {subprocess.py:93} INFO - 	at org.apache.spark.sql.delta.sources.DeltaSink.addBatchWithStatusImpl(DeltaSink.scala:139)
[2026-06-09T10:37:03.402+0000] {subprocess.py:93} INFO - 	at org.apache.spark.sql.delta.sources.DeltaSink.addBatch(DeltaSink.scala:97)
[2026-06-09T10:37:03.409+0000] {subprocess.py:93} INFO - 	at org.apache.spark.sql.execution.streaming.MicroBatchExecution.$anonfun$runBatch$17(MicroBatchExecution.scala:732)
[2026-06-09T10:37:03.425+0000] {subprocess.py:93} INFO - 	at org.apache.spark.sql.execution.SQLExecution$.$anonfun$withNewExecutionId$6(SQLExecution.scala:125)
[2026-06-09T10:37:03.427+0000] {subprocess.py:93} INFO - 	at org.apache.spark.sql.execution.SQLExecution$.withSQLConfPropagated(SQLExecution.scala:201)
[2026-06-09T10:37:03.431+0000] {subprocess.py:93} INFO - 	at org.apache.spark.sql.execution.SQLExecution$.$anonfun$withNewExecutionId$1(SQLExecution.scala:108)
[2026-06-09T10:37:03.441+0000] {subprocess.py:93} INFO - 	at org.apache.spark.sql.SparkSession.withActive(SparkSession.scala:900)
[2026-06-09T10:37:03.446+0000] {subprocess.py:93} INFO - 	at org.apache.spark.sql.execution.SQLExecution$.withNewExecutionId(SQLExecution.scala:66)
[2026-06-09T10:37:03.447+0000] {subprocess.py:93} INFO - 	at org.apache.spark.sql.execution.streaming.MicroBatchExecution.$anonfun$runBatch$16(MicroBatchExecution.scala:729)
[2026-06-09T10:37:03.448+0000] {subprocess.py:93} INFO - 	at org.apache.spark.sql.execution.streaming.ProgressReporter.reportTimeTaken(ProgressReporter.scala:427)
[2026-06-09T10:37:03.449+0000] {subprocess.py:93} INFO - 	at org.apache.spark.sql.execution.streaming.ProgressReporter.reportTimeTaken$(ProgressReporter.scala:425)
[2026-06-09T10:37:03.450+0000] {subprocess.py:93} INFO - 	at org.apache.spark.sql.execution.streaming.StreamExecution.reportTimeTaken(StreamExecution.scala:67)
[2026-06-09T10:37:03.468+0000] {subprocess.py:93} INFO - 	at org.apache.spark.sql.execution.streaming.MicroBatchExecution.runBatch(MicroBatchExecution.scala:729)
[2026-06-09T10:37:03.480+0000] {subprocess.py:93} INFO - 	at org.apache.spark.sql.execution.streaming.MicroBatchExecution.$anonfun$runActivatedStream$2(MicroBatchExecution.scala:286)
[2026-06-09T10:37:03.482+0000] {subprocess.py:93} INFO - 	at scala.runtime.java8.JFunction0$mcV$sp.apply(JFunction0$mcV$sp.java:23)
[2026-06-09T10:37:03.483+0000] {subprocess.py:93} INFO - 	at org.apache.spark.sql.execution.streaming.ProgressReporter.reportTimeTaken(ProgressReporter.scala:427)
[2026-06-09T10:37:03.484+0000] {subprocess.py:93} INFO - 	at org.apache.spark.sql.execution.streaming.ProgressReporter.reportTimeTaken$(ProgressReporter.scala:425)
[2026-06-09T10:37:03.496+0000] {subprocess.py:93} INFO - 	at org.apache.spark.sql.execution.streaming.StreamExecution.reportTimeTaken(StreamExecution.scala:67)
[2026-06-09T10:37:03.497+0000] {subprocess.py:93} INFO - 	at org.apache.spark.sql.execution.streaming.MicroBatchExecution.$anonfun$runActivatedStream$1(MicroBatchExecution.scala:249)
[2026-06-09T10:37:03.498+0000] {subprocess.py:93} INFO - 	at org.apache.spark.sql.execution.streaming.ProcessingTimeExecutor.execute(TriggerExecutor.scala:67)
[2026-06-09T10:37:03.499+0000] {subprocess.py:93} INFO - 	at org.apache.spark.sql.execution.streaming.MicroBatchExecution.runActivatedStream(MicroBatchExecution.scala:239)
[2026-06-09T10:37:03.501+0000] {subprocess.py:93} INFO - 	at org.apache.spark.sql.execution.streaming.StreamExecution.$anonfun$runStream$1(StreamExecution.scala:311)
[2026-06-09T10:37:03.502+0000] {subprocess.py:93} INFO - 	at scala.runtime.java8.JFunction0$mcV$sp.apply(JFunction0$mcV$sp.java:23)
[2026-06-09T10:37:03.514+0000] {subprocess.py:93} INFO - 	at org.apache.spark.sql.SparkSession.withActive(SparkSession.scala:900)
[2026-06-09T10:37:03.515+0000] {subprocess.py:93} INFO - 	at org.apache.spark.sql.execution.streaming.StreamExecution.org$apache$spark$sql$execution$streaming$StreamExecution$$runStream(StreamExecution.scala:289)
[2026-06-09T10:37:03.517+0000] {subprocess.py:93} INFO - 	at org.apache.spark.sql.execution.streaming.StreamExecution$$anon$1.$anonfun$run$1(StreamExecution.scala:211)
[2026-06-09T10:37:03.517+0000] {subprocess.py:93} INFO - 	at scala.runtime.java8.JFunction0$mcV$sp.apply(JFunction0$mcV$sp.java:23)
[2026-06-09T10:37:03.518+0000] {subprocess.py:93} INFO - 	at org.apache.spark.JobArtifactSet$.withActiveJobArtifactState(JobArtifactSet.scala:94)
[2026-06-09T10:37:03.519+0000] {subprocess.py:93} INFO - 	at org.apache.spark.sql.execution.streaming.StreamExecution$$anon$1.run(StreamExecution.scala:211)
[2026-06-09T10:37:03.552+0000] {subprocess.py:93} INFO - 26/06/09 10:37:03 ERROR TransportRequestHandler: Error while invoking RpcHandler#receive() for one-way message.
[2026-06-09T10:37:03.555+0000] {subprocess.py:93} INFO - org.apache.spark.SparkException: Could not find CoarseGrainedScheduler.
[2026-06-09T10:37:03.564+0000] {subprocess.py:93} INFO - 	at org.apache.spark.rpc.netty.Dispatcher.postMessage(Dispatcher.scala:178)
[2026-06-09T10:37:03.565+0000] {subprocess.py:93} INFO - 	at org.apache.spark.rpc.netty.Dispatcher.postOneWayMessage(Dispatcher.scala:150)
[2026-06-09T10:37:03.566+0000] {subprocess.py:93} INFO - 	at org.apache.spark.rpc.netty.NettyRpcHandler.receive(NettyRpcEnv.scala:690)
[2026-06-09T10:37:03.569+0000] {subprocess.py:93} INFO - 	at org.apache.spark.network.server.TransportRequestHandler.processOneWayMessage(TransportRequestHandler.java:274)
[2026-06-09T10:37:03.570+0000] {subprocess.py:93} INFO - 	at org.apache.spark.network.server.TransportRequestHandler.handle(TransportRequestHandler.java:111)
[2026-06-09T10:37:03.571+0000] {subprocess.py:93} INFO - 	at org.apache.spark.network.server.TransportChannelHandler.channelRead0(TransportChannelHandler.java:140)
[2026-06-09T10:37:03.572+0000] {subprocess.py:93} INFO - 	at org.apache.spark.network.server.TransportChannelHandler.channelRead0(TransportChannelHandler.java:53)
[2026-06-09T10:37:03.573+0000] {subprocess.py:93} INFO - 	at io.netty.channel.SimpleChannelInboundHandler.channelRead(SimpleChannelInboundHandler.java:99)
[2026-06-09T10:37:03.574+0000] {subprocess.py:93} INFO - 	at io.netty.channel.AbstractChannelHandlerContext.invokeChannelRead(AbstractChannelHandlerContext.java:444)
[2026-06-09T10:37:03.587+0000] {subprocess.py:93} INFO - 	at io.netty.channel.AbstractChannelHandlerContext.invokeChannelRead(AbstractChannelHandlerContext.java:420)
[2026-06-09T10:37:03.588+0000] {subprocess.py:93} INFO - 	at io.netty.channel.AbstractChannelHandlerContext.fireChannelRead(AbstractChannelHandlerContext.java:412)
[2026-06-09T10:37:03.589+0000] {subprocess.py:93} INFO - 	at io.netty.handler.timeout.IdleStateHandler.channelRead(IdleStateHandler.java:286)
[2026-06-09T10:37:03.590+0000] {subprocess.py:93} INFO - 	at io.netty.channel.AbstractChannelHandlerContext.invokeChannelRead(AbstractChannelHandlerContext.java:442)
[2026-06-09T10:37:03.591+0000] {subprocess.py:93} INFO - 	at io.netty.channel.AbstractChannelHandlerContext.invokeChannelRead(AbstractChannelHandlerContext.java:420)
[2026-06-09T10:37:03.606+0000] {subprocess.py:93} INFO - 	at io.netty.channel.AbstractChannelHandlerContext.fireChannelRead(AbstractChannelHandlerContext.java:412)
[2026-06-09T10:37:03.618+0000] {subprocess.py:93} INFO - 	at io.netty.handler.codec.MessageToMessageDecoder.channelRead(MessageToMessageDecoder.java:103)
[2026-06-09T10:37:03.619+0000] {subprocess.py:93} INFO - 	at io.netty.channel.AbstractChannelHandlerContext.invokeChannelRead(AbstractChannelHandlerContext.java:444)
[2026-06-09T10:37:03.622+0000] {subprocess.py:93} INFO - 	at io.netty.channel.AbstractChannelHandlerContext.invokeChannelRead(AbstractChannelHandlerContext.java:420)
[2026-06-09T10:37:03.650+0000] {subprocess.py:93} INFO - 	at io.netty.channel.AbstractChannelHandlerContext.fireChannelRead(AbstractChannelHandlerContext.java:412)
[2026-06-09T10:37:03.651+0000] {subprocess.py:93} INFO - 	at org.apache.spark.network.util.TransportFrameDecoder.channelRead(TransportFrameDecoder.java:102)
[2026-06-09T10:37:03.652+0000] {subprocess.py:93} INFO - 	at io.netty.channel.AbstractChannelHandlerContext.invokeChannelRead(AbstractChannelHandlerContext.java:444)
[2026-06-09T10:37:03.653+0000] {subprocess.py:93} INFO - 	at io.netty.channel.AbstractChannelHandlerContext.invokeChannelRead(AbstractChannelHandlerContext.java:420)
[2026-06-09T10:37:03.682+0000] {subprocess.py:93} INFO - 	at io.netty.channel.AbstractChannelHandlerContext.fireChannelRead(AbstractChannelHandlerContext.java:412)
[2026-06-09T10:37:03.683+0000] {subprocess.py:93} INFO - 	at io.netty.channel.DefaultChannelPipeline$HeadContext.channelRead(DefaultChannelPipeline.java:1410)
[2026-06-09T10:37:03.686+0000] {subprocess.py:93} INFO - 	at io.netty.channel.AbstractChannelHandlerContext.invokeChannelRead(AbstractChannelHandlerContext.java:440)
[2026-06-09T10:37:03.732+0000] {subprocess.py:93} INFO - 	at io.netty.channel.AbstractChannelHandlerContext.invokeChannelRead(AbstractChannelHandlerContext.java:420)
[2026-06-09T10:37:03.733+0000] {subprocess.py:93} INFO - 	at io.netty.channel.DefaultChannelPipeline.fireChannelRead(DefaultChannelPipeline.java:919)
[2026-06-09T10:37:03.766+0000] {subprocess.py:93} INFO - 	at io.netty.channel.nio.AbstractNioByteChannel$NioByteUnsafe.read(AbstractNioByteChannel.java:166)
[2026-06-09T10:37:03.768+0000] {subprocess.py:93} INFO - 	at io.netty.channel.nio.NioEventLoop.processSelectedKey(NioEventLoop.java:788)
[2026-06-09T10:37:03.769+0000] {subprocess.py:93} INFO - 	at io.netty.channel.nio.NioEventLoop.processSelectedKeysOptimized(NioEventLoop.java:724)
[2026-06-09T10:37:03.815+0000] {subprocess.py:93} INFO - 	at io.netty.channel.nio.NioEventLoop.processSelectedKeys(NioEventLoop.java:650)
[2026-06-09T10:37:03.830+0000] {subprocess.py:93} INFO - 	at io.netty.channel.nio.NioEventLoop.run(NioEventLoop.java:562)
[2026-06-09T10:37:03.878+0000] {subprocess.py:93} INFO - 	at io.netty.util.concurrent.SingleThreadEventExecutor$4.run(SingleThreadEventExecutor.java:997)
[2026-06-09T10:37:03.894+0000] {subprocess.py:93} INFO - 	at io.netty.util.internal.ThreadExecutorMap$2.run(ThreadExecutorMap.java:74)
[2026-06-09T10:37:03.909+0000] {subprocess.py:93} INFO - 	at io.netty.util.concurrent.FastThreadLocalRunnable.run(FastThreadLocalRunnable.java:30)
[2026-06-09T10:37:03.919+0000] {subprocess.py:93} INFO - 	at java.base/java.lang.Thread.run(Unknown Source)
[2026-06-09T10:37:06.133+0000] {subprocess.py:97} INFO - Command exited with return code 124
[2026-06-09T10:37:06.148+0000] {taskinstance.py:441} INFO - ::group::Post task execution logs
[2026-06-09T10:37:06.223+0000] {taskinstance.py:2890} ERROR - Task failed with exception
Traceback (most recent call last):
  File "/home/airflow/.local/lib/python3.12/site-packages/airflow/models/taskinstance.py", line 465, in _execute_task
    result = _execute_callable(context=context, **execute_callable_kwargs)
             ^^^^^^^^^^^^^^^^^^^^^^^^^^^^^^^^^^^^^^^^^^^^^^^^^^^^^^^^^^^^^
  File "/home/airflow/.local/lib/python3.12/site-packages/airflow/models/taskinstance.py", line 432, in _execute_callable
    return execute_callable(context=context, **execute_callable_kwargs)
           ^^^^^^^^^^^^^^^^^^^^^^^^^^^^^^^^^^^^^^^^^^^^^^^^^^^^^^^^^^^^
  File "/home/airflow/.local/lib/python3.12/site-packages/airflow/models/baseoperator.py", line 400, in wrapper
    return func(self, *args, **kwargs)
           ^^^^^^^^^^^^^^^^^^^^^^^^^^^
  File "/home/airflow/.local/lib/python3.12/site-packages/airflow/operators/bash.py", line 243, in execute
    raise AirflowException(
airflow.exceptions.AirflowException: Bash command failed. The command returned a non-zero exit code 124.
[2026-06-09T10:37:06.266+0000] {taskinstance.py:1205} INFO - Marking task as FAILED. dag_id=e-commerce_kafka_streaming_pipeline_v10, task_id=run_bronze, execution_date=20260609T090000, start_date=20260609T103501, end_date=20260609T103706
[2026-06-09T10:37:06.369+0000] {standard_task_runner.py:110} ERROR - Failed to execute job 93 for task run_bronze (Bash command failed. The command returned a non-zero exit code 124.; 4093)
[2026-06-09T10:37:06.425+0000] {local_task_job_runner.py:240} INFO - Task exited with return code 1
[2026-06-09T10:37:06.591+0000] {taskinstance.py:3482} INFO - 0 downstream tasks scheduled from follow-on schedule check
[2026-06-09T10:37:06.606+0000] {local_task_job_runner.py:222} INFO - ::endgroup::
