[2026-07-22T06:46:49.569+0000] {local_task_job_runner.py:120} INFO - ::group::Pre task execution logs
[2026-07-22T06:46:49.608+0000] {taskinstance.py:2073} INFO - Dependencies all met for dep_context=non-requeueable deps ti=<TaskInstance: e-commerce_kafka_streaming_pipeline_v1.run_gold manual__2026-07-22T06:42:32.393350+00:00 [queued]>
[2026-07-22T06:46:49.618+0000] {taskinstance.py:2073} INFO - Dependencies all met for dep_context=requeueable deps ti=<TaskInstance: e-commerce_kafka_streaming_pipeline_v1.run_gold manual__2026-07-22T06:42:32.393350+00:00 [queued]>
[2026-07-22T06:46:49.619+0000] {taskinstance.py:2303} INFO - Starting attempt 1 of 2
[2026-07-22T06:46:49.635+0000] {taskinstance.py:2327} INFO - Executing <Task(BashOperator): run_gold> on 2026-07-22 06:42:32.393350+00:00
[2026-07-22T06:46:49.643+0000] {standard_task_runner.py:90} INFO - Running: ['***', 'tasks', 'run', 'e-commerce_kafka_streaming_pipeline_v1', 'run_gold', 'manual__2026-07-22T06:42:32.393350+00:00', '--job-id', '344', '--raw', '--subdir', 'DAGS_FOLDER/sdp_pipeline_dag.py', '--cfg-path', '/tmp/tmpnmb66uhr']
[2026-07-22T06:46:49.646+0000] {standard_task_runner.py:91} INFO - Job 344: Subtask run_gold
[2026-07-22T06:46:49.663+0000] {logging_mixin.py:188} WARNING - /home/***/.local/lib/python3.12/site-packages/***/task/task_runner/standard_task_runner.py:61 DeprecationWarning: This process (pid=18037) is multi-threaded, use of fork() may lead to deadlocks in the child.
[2026-07-22T06:46:49.665+0000] {standard_task_runner.py:63} INFO - Started process 18038 to run task
[2026-07-22T06:46:49.713+0000] {task_command.py:426} INFO - Running <TaskInstance: e-commerce_kafka_streaming_pipeline_v1.run_gold manual__2026-07-22T06:42:32.393350+00:00 [running]> on host da27550080bf
[2026-07-22T06:46:49.804+0000] {taskinstance.py:2644} INFO - Exporting env vars: AIRFLOW_CTX_DAG_OWNER='dev' AIRFLOW_CTX_DAG_ID='e-commerce_kafka_streaming_pipeline_v1' AIRFLOW_CTX_TASK_ID='run_gold' AIRFLOW_CTX_EXECUTION_DATE='2026-07-22T06:42:32.393350+00:00' AIRFLOW_CTX_TRY_NUMBER='1' AIRFLOW_CTX_DAG_RUN_ID='manual__2026-07-22T06:42:32.393350+00:00'
[2026-07-22T06:46:49.806+0000] {taskinstance.py:430} INFO - ::endgroup::
[2026-07-22T06:46:49.821+0000] {subprocess.py:63} INFO - Tmp dir root location: /tmp
[2026-07-22T06:46:49.825+0000] {subprocess.py:75} INFO - Running command: ['/usr/bin/bash', '-c', 'docker run --rm --network streaming_kafka_project_sdp-net --volume /d/Streaming_kafka_project/pipelines:/opt/pipelines --volume /d/Streaming_kafka_project/data:/opt/data --volume /d/Streaming_kafka_project/checkpoints:/opt/checkpoints --volume /d/Streaming_kafka_project/jars:/opt/jars apache/spark:3.5.1 /opt/spark/bin/spark-submit --master spark://sdp-spark-master:7077 --executor-cores 1 --executor-memory 512m --total-executor-cores 3 --jars /opt/jars/delta-spark_2.12-3.2.0.jar,/opt/jars/delta-storage-3.2.0.jar,/opt/jars/spark-sql-kafka-0-10_2.12-3.5.1.jar,/opt/jars/kafka-clients-3.4.1.jar,/opt/jars/spark-token-provider-kafka-0-10_2.12-3.5.1.jar,/opt/jars/commons-pool2-2.11.1.jar --conf spark.sql.extensions=io.delta.sql.DeltaSparkSessionExtension --conf spark.sql.catalog.spark_catalog=org.apache.spark.sql.delta.catalog.DeltaCatalog  /opt/pipelines/gold_runner.py']
[2026-07-22T06:46:49.835+0000] {subprocess.py:86} INFO - Output:
[2026-07-22T06:46:52.898+0000] {subprocess.py:93} INFO - 26/07/22 06:46:52 WARN NativeCodeLoader: Unable to load native-hadoop library for your platform... using builtin-java classes where applicable
[2026-07-22T06:46:54.116+0000] {subprocess.py:93} INFO - 26/07/22 06:46:54 INFO SparkContext: Running Spark version 3.5.1
[2026-07-22T06:46:54.118+0000] {subprocess.py:93} INFO - 26/07/22 06:46:54 INFO SparkContext: OS info Linux, 6.18.33.2-microsoft-standard-WSL2, amd64
[2026-07-22T06:46:54.119+0000] {subprocess.py:93} INFO - 26/07/22 06:46:54 INFO SparkContext: Java version 11.0.22
[2026-07-22T06:46:54.158+0000] {subprocess.py:93} INFO - 26/07/22 06:46:54 INFO ResourceUtils: ==============================================================
[2026-07-22T06:46:54.159+0000] {subprocess.py:93} INFO - 26/07/22 06:46:54 INFO ResourceUtils: No custom resources configured for spark.driver.
[2026-07-22T06:46:54.161+0000] {subprocess.py:93} INFO - 26/07/22 06:46:54 INFO ResourceUtils: ==============================================================
[2026-07-22T06:46:54.162+0000] {subprocess.py:93} INFO - 26/07/22 06:46:54 INFO SparkContext: Submitted application: SDP-Gold
[2026-07-22T06:46:54.190+0000] {subprocess.py:93} INFO - 26/07/22 06:46:54 INFO ResourceProfile: Default ResourceProfile created, executor resources: Map(cores -> name: cores, amount: 1, script: , vendor: , memory -> name: memory, amount: 512, script: , vendor: , offHeap -> name: offHeap, amount: 0, script: , vendor: ), task resources: Map(cpus -> name: cpus, amount: 1.0)
[2026-07-22T06:46:54.211+0000] {subprocess.py:93} INFO - 26/07/22 06:46:54 INFO ResourceProfile: Limiting resource is cpus at 1 tasks per executor
[2026-07-22T06:46:54.213+0000] {subprocess.py:93} INFO - 26/07/22 06:46:54 INFO ResourceProfileManager: Added ResourceProfile id: 0
[2026-07-22T06:46:54.292+0000] {subprocess.py:93} INFO - 26/07/22 06:46:54 INFO SecurityManager: Changing view acls to: spark
[2026-07-22T06:46:54.295+0000] {subprocess.py:93} INFO - 26/07/22 06:46:54 INFO SecurityManager: Changing modify acls to: spark
[2026-07-22T06:46:54.296+0000] {subprocess.py:93} INFO - 26/07/22 06:46:54 INFO SecurityManager: Changing view acls groups to:
[2026-07-22T06:46:54.297+0000] {subprocess.py:93} INFO - 26/07/22 06:46:54 INFO SecurityManager: Changing modify acls groups to:
[2026-07-22T06:46:54.298+0000] {subprocess.py:93} INFO - 26/07/22 06:46:54 INFO SecurityManager: SecurityManager: authentication disabled; ui acls disabled; users with view permissions: spark; groups with view permissions: EMPTY; users with modify permissions: spark; groups with modify permissions: EMPTY
[2026-07-22T06:46:54.751+0000] {subprocess.py:93} INFO - 26/07/22 06:46:54 INFO Utils: Successfully started service 'sparkDriver' on port 33709.
[2026-07-22T06:46:54.796+0000] {subprocess.py:93} INFO - 26/07/22 06:46:54 INFO SparkEnv: Registering MapOutputTracker
[2026-07-22T06:46:54.852+0000] {subprocess.py:93} INFO - 26/07/22 06:46:54 INFO SparkEnv: Registering BlockManagerMaster
[2026-07-22T06:46:54.882+0000] {subprocess.py:93} INFO - 26/07/22 06:46:54 INFO BlockManagerMasterEndpoint: Using org.apache.spark.storage.DefaultTopologyMapper for getting topology information
[2026-07-22T06:46:54.884+0000] {subprocess.py:93} INFO - 26/07/22 06:46:54 INFO BlockManagerMasterEndpoint: BlockManagerMasterEndpoint up
[2026-07-22T06:46:54.891+0000] {subprocess.py:93} INFO - 26/07/22 06:46:54 INFO SparkEnv: Registering BlockManagerMasterHeartbeat
[2026-07-22T06:46:54.928+0000] {subprocess.py:93} INFO - 26/07/22 06:46:54 INFO DiskBlockManager: Created local directory at /tmp/blockmgr-042f19bd-f7f8-4e0c-b651-3b87d7e5723b
[2026-07-22T06:46:54.953+0000] {subprocess.py:93} INFO - 26/07/22 06:46:54 INFO MemoryStore: MemoryStore started with capacity 434.4 MiB
[2026-07-22T06:46:54.979+0000] {subprocess.py:93} INFO - 26/07/22 06:46:54 INFO SparkEnv: Registering OutputCommitCoordinator
[2026-07-22T06:46:55.175+0000] {subprocess.py:93} INFO - 26/07/22 06:46:55 INFO JettyUtils: Start Jetty 0.0.0.0:4040 for SparkUI
[2026-07-22T06:46:55.240+0000] {subprocess.py:93} INFO - 26/07/22 06:46:55 INFO Utils: Successfully started service 'SparkUI' on port 4040.
[2026-07-22T06:46:55.283+0000] {subprocess.py:93} INFO - 26/07/22 06:46:55 INFO SparkContext: Added JAR file:///opt/jars/delta-spark_2.12-3.2.0.jar at spark://61f5191887ac:33709/jars/delta-spark_2.12-3.2.0.jar with timestamp 1784702814101
[2026-07-22T06:46:55.285+0000] {subprocess.py:93} INFO - 26/07/22 06:46:55 INFO SparkContext: Added JAR file:///opt/jars/delta-storage-3.2.0.jar at spark://61f5191887ac:33709/jars/delta-storage-3.2.0.jar with timestamp 1784702814101
[2026-07-22T06:46:55.286+0000] {subprocess.py:93} INFO - 26/07/22 06:46:55 INFO SparkContext: Added JAR file:///opt/jars/spark-sql-kafka-0-10_2.12-3.5.1.jar at spark://61f5191887ac:33709/jars/spark-sql-kafka-0-10_2.12-3.5.1.jar with timestamp 1784702814101
[2026-07-22T06:46:55.287+0000] {subprocess.py:93} INFO - 26/07/22 06:46:55 INFO SparkContext: Added JAR file:///opt/jars/kafka-clients-3.4.1.jar at spark://61f5191887ac:33709/jars/kafka-clients-3.4.1.jar with timestamp 1784702814101
[2026-07-22T06:46:55.288+0000] {subprocess.py:93} INFO - 26/07/22 06:46:55 INFO SparkContext: Added JAR file:///opt/jars/spark-token-provider-kafka-0-10_2.12-3.5.1.jar at spark://61f5191887ac:33709/jars/spark-token-provider-kafka-0-10_2.12-3.5.1.jar with timestamp 1784702814101
[2026-07-22T06:46:55.289+0000] {subprocess.py:93} INFO - 26/07/22 06:46:55 INFO SparkContext: Added JAR file:///opt/jars/commons-pool2-2.11.1.jar at spark://61f5191887ac:33709/jars/commons-pool2-2.11.1.jar with timestamp 1784702814101
[2026-07-22T06:46:55.377+0000] {subprocess.py:93} INFO - 26/07/22 06:46:55 INFO StandaloneAppClient$ClientEndpoint: Connecting to master spark://sdp-spark-master:7077...
[2026-07-22T06:46:55.451+0000] {subprocess.py:93} INFO - 26/07/22 06:46:55 INFO TransportClientFactory: Successfully created connection to sdp-spark-master/172.18.0.4:7077 after 46 ms (0 ms spent in bootstraps)
[2026-07-22T06:46:55.619+0000] {subprocess.py:93} INFO - 26/07/22 06:46:55 INFO StandaloneSchedulerBackend: Connected to Spark cluster with app ID app-20260722064655-0162
[2026-07-22T06:46:55.624+0000] {subprocess.py:93} INFO - 26/07/22 06:46:55 INFO StandaloneAppClient$ClientEndpoint: Executor added: app-20260722064655-0162/0 on worker-20260716063602-172.18.0.5-44367 (172.18.0.5:44367) with 1 core(s)
[2026-07-22T06:46:55.628+0000] {subprocess.py:93} INFO - 26/07/22 06:46:55 INFO StandaloneSchedulerBackend: Granted executor ID app-20260722064655-0162/0 on hostPort 172.18.0.5:44367 with 1 core(s), 512.0 MiB RAM
[2026-07-22T06:46:55.631+0000] {subprocess.py:93} INFO - 26/07/22 06:46:55 INFO StandaloneAppClient$ClientEndpoint: Executor added: app-20260722064655-0162/1 on worker-20260716063602-172.18.0.5-44367 (172.18.0.5:44367) with 1 core(s)
[2026-07-22T06:46:55.636+0000] {subprocess.py:93} INFO - 26/07/22 06:46:55 INFO StandaloneSchedulerBackend: Granted executor ID app-20260722064655-0162/1 on hostPort 172.18.0.5:44367 with 1 core(s), 512.0 MiB RAM
[2026-07-22T06:46:55.637+0000] {subprocess.py:93} INFO - 26/07/22 06:46:55 INFO StandaloneAppClient$ClientEndpoint: Executor added: app-20260722064655-0162/2 on worker-20260716063602-172.18.0.6-33249 (172.18.0.6:33249) with 1 core(s)
[2026-07-22T06:46:55.641+0000] {subprocess.py:93} INFO - 26/07/22 06:46:55 INFO StandaloneSchedulerBackend: Granted executor ID app-20260722064655-0162/2 on hostPort 172.18.0.6:33249 with 1 core(s), 512.0 MiB RAM
[2026-07-22T06:46:55.643+0000] {subprocess.py:93} INFO - 26/07/22 06:46:55 INFO Utils: Successfully started service 'org.apache.spark.network.netty.NettyBlockTransferService' on port 42407.
[2026-07-22T06:46:55.644+0000] {subprocess.py:93} INFO - 26/07/22 06:46:55 INFO NettyBlockTransferService: Server created on 61f5191887ac:42407
[2026-07-22T06:46:55.648+0000] {subprocess.py:93} INFO - 26/07/22 06:46:55 INFO BlockManager: Using org.apache.spark.storage.RandomBlockReplicationPolicy for block replication policy
[2026-07-22T06:46:55.661+0000] {subprocess.py:93} INFO - 26/07/22 06:46:55 INFO BlockManagerMaster: Registering BlockManager BlockManagerId(driver, 61f5191887ac, 42407, None)
[2026-07-22T06:46:55.668+0000] {subprocess.py:93} INFO - 26/07/22 06:46:55 INFO BlockManagerMasterEndpoint: Registering block manager 61f5191887ac:42407 with 434.4 MiB RAM, BlockManagerId(driver, 61f5191887ac, 42407, None)
[2026-07-22T06:46:55.673+0000] {subprocess.py:93} INFO - 26/07/22 06:46:55 INFO BlockManagerMaster: Registered BlockManager BlockManagerId(driver, 61f5191887ac, 42407, None)
[2026-07-22T06:46:55.678+0000] {subprocess.py:93} INFO - 26/07/22 06:46:55 INFO BlockManager: Initialized BlockManager: BlockManagerId(driver, 61f5191887ac, 42407, None)
[2026-07-22T06:46:55.771+0000] {subprocess.py:93} INFO - 26/07/22 06:46:55 INFO StandaloneAppClient$ClientEndpoint: Executor updated: app-20260722064655-0162/2 is now RUNNING
[2026-07-22T06:46:55.784+0000] {subprocess.py:93} INFO - 26/07/22 06:46:55 INFO StandaloneAppClient$ClientEndpoint: Executor updated: app-20260722064655-0162/1 is now RUNNING
[2026-07-22T06:46:55.787+0000] {subprocess.py:93} INFO - 26/07/22 06:46:55 INFO StandaloneAppClient$ClientEndpoint: Executor updated: app-20260722064655-0162/0 is now RUNNING
[2026-07-22T06:46:56.275+0000] {subprocess.py:93} INFO - 26/07/22 06:46:56 INFO StandaloneSchedulerBackend: SchedulerBackend is ready for scheduling beginning after reached minRegisteredResourcesRatio: 0.0
[2026-07-22T06:47:25.656+0000] {subprocess.py:93} INFO - 26/07/22 06:47:25 WARN SparkStringUtils: Truncated the string representation of a plan since it was too large. This behavior can be adjusted by setting 'spark.sql.debug.maxToStringFields'.
[2026-07-22T06:48:16.498+0000] {subprocess.py:93} INFO - Gold table written: /opt/data/gold/daily_sales  (4 rows)
[2026-07-22T06:48:34.067+0000] {subprocess.py:93} INFO - Gold table written: /opt/data/gold/product_performance  (10 rows)
[2026-07-22T06:48:59.095+0000] {subprocess.py:93} INFO - Gold table written: /opt/data/gold/customer_orders  (5 rows)
[2026-07-22T06:48:59.097+0000] {subprocess.py:93} INFO - 
[2026-07-22T06:48:59.099+0000] {subprocess.py:93} INFO - Gold pipeline complete.
[2026-07-22T06:48:59.986+0000] {subprocess.py:97} INFO - Command exited with return code 0
[2026-07-22T06:48:59.989+0000] {taskinstance.py:441} INFO - ::group::Post task execution logs
[2026-07-22T06:49:00.048+0000] {taskinstance.py:1205} INFO - Marking task as SUCCESS. dag_id=e-commerce_kafka_streaming_pipeline_v1, task_id=run_gold, execution_date=20260722T064232, start_date=20260722T064649, end_date=20260722T064900
[2026-07-22T06:49:00.108+0000] {local_task_job_runner.py:240} INFO - Task exited with return code 0
[2026-07-22T06:49:00.139+0000] {taskinstance.py:3482} INFO - 1 downstream tasks scheduled from follow-on schedule check
[2026-07-22T06:49:00.142+0000] {local_task_job_runner.py:222} INFO - ::endgroup::
