[2026-07-16T09:02:38.841+0000] {local_task_job_runner.py:120} INFO - ::group::Pre task execution logs
[2026-07-16T09:02:38.882+0000] {taskinstance.py:2073} INFO - Dependencies all met for dep_context=non-requeueable deps ti=<TaskInstance: e-commerce_kafka_streaming_pipeline_v1.run_silver scheduled__2026-07-16T08:00:00+00:00 [queued]>
[2026-07-16T09:02:38.894+0000] {taskinstance.py:2073} INFO - Dependencies all met for dep_context=requeueable deps ti=<TaskInstance: e-commerce_kafka_streaming_pipeline_v1.run_silver scheduled__2026-07-16T08:00:00+00:00 [queued]>
[2026-07-16T09:02:38.895+0000] {taskinstance.py:2303} INFO - Starting attempt 1 of 2
[2026-07-16T09:02:38.911+0000] {taskinstance.py:2327} INFO - Executing <Task(BashOperator): run_silver> on 2026-07-16 08:00:00+00:00
[2026-07-16T09:02:38.920+0000] {standard_task_runner.py:90} INFO - Running: ['***', 'tasks', 'run', 'e-commerce_kafka_streaming_pipeline_v1', 'run_silver', 'scheduled__2026-07-16T08:00:00+00:00', '--job-id', '31', '--raw', '--subdir', 'DAGS_FOLDER/sdp_pipeline_dag.py', '--cfg-path', '/tmp/tmpazehg2_u']
[2026-07-16T09:02:38.923+0000] {standard_task_runner.py:91} INFO - Job 31: Subtask run_silver
[2026-07-16T09:02:38.923+0000] {logging_mixin.py:188} WARNING - /home/***/.local/lib/python3.12/site-packages/***/task/task_runner/standard_task_runner.py:61 DeprecationWarning: This process (pid=798) is multi-threaded, use of fork() may lead to deadlocks in the child.
[2026-07-16T09:02:38.924+0000] {standard_task_runner.py:63} INFO - Started process 799 to run task
[2026-07-16T09:02:38.999+0000] {task_command.py:426} INFO - Running <TaskInstance: e-commerce_kafka_streaming_pipeline_v1.run_silver scheduled__2026-07-16T08:00:00+00:00 [running]> on host da27550080bf
[2026-07-16T09:02:39.086+0000] {taskinstance.py:2644} INFO - Exporting env vars: AIRFLOW_CTX_DAG_OWNER='dev' AIRFLOW_CTX_DAG_ID='e-commerce_kafka_streaming_pipeline_v1' AIRFLOW_CTX_TASK_ID='run_silver' AIRFLOW_CTX_EXECUTION_DATE='2026-07-16T08:00:00+00:00' AIRFLOW_CTX_TRY_NUMBER='1' AIRFLOW_CTX_DAG_RUN_ID='scheduled__2026-07-16T08:00:00+00:00'
[2026-07-16T09:02:39.088+0000] {taskinstance.py:430} INFO - ::endgroup::
[2026-07-16T09:02:39.102+0000] {subprocess.py:63} INFO - Tmp dir root location: /tmp
[2026-07-16T09:02:39.104+0000] {subprocess.py:75} INFO - Running command: ['/usr/bin/bash', '-c', 'timeout 150s docker run --rm --network streaming_kafka_project_sdp-net --volume /d/Streaming_kafka_project/pipelines:/opt/pipelines --volume /d/Streaming_kafka_project/data:/opt/data --volume /d/Streaming_kafka_project/checkpoints:/opt/checkpoints --volume /d/Streaming_kafka_project/jars:/opt/jars apache/spark:3.5.1 /opt/spark/bin/spark-submit --master spark://sdp-spark-master:7077 --executor-cores 1 --executor-memory 512m --total-executor-cores 3 --jars /opt/jars/delta-spark_2.12-3.2.0.jar,/opt/jars/delta-storage-3.2.0.jar,/opt/jars/spark-sql-kafka-0-10_2.12-3.5.1.jar,/opt/jars/kafka-clients-3.4.1.jar,/opt/jars/spark-token-provider-kafka-0-10_2.12-3.5.1.jar,/opt/jars/commons-pool2-2.11.1.jar --conf spark.sql.extensions=io.delta.sql.DeltaSparkSessionExtension --conf spark.sql.catalog.spark_catalog=org.apache.spark.sql.delta.catalog.DeltaCatalog  /opt/pipelines/silver_runner.py']
[2026-07-16T09:02:39.118+0000] {subprocess.py:86} INFO - Output:
[2026-07-16T09:02:42.112+0000] {subprocess.py:93} INFO - 26/07/16 09:02:42 WARN NativeCodeLoader: Unable to load native-hadoop library for your platform... using builtin-java classes where applicable
[2026-07-16T09:02:43.117+0000] {subprocess.py:93} INFO - 26/07/16 09:02:43 INFO SparkContext: Running Spark version 3.5.1
[2026-07-16T09:02:43.118+0000] {subprocess.py:93} INFO - 26/07/16 09:02:43 INFO SparkContext: OS info Linux, 6.18.33.2-microsoft-standard-WSL2, amd64
[2026-07-16T09:02:43.119+0000] {subprocess.py:93} INFO - 26/07/16 09:02:43 INFO SparkContext: Java version 11.0.22
[2026-07-16T09:02:43.165+0000] {subprocess.py:93} INFO - 26/07/16 09:02:43 INFO ResourceUtils: ==============================================================
[2026-07-16T09:02:43.166+0000] {subprocess.py:93} INFO - 26/07/16 09:02:43 INFO ResourceUtils: No custom resources configured for spark.driver.
[2026-07-16T09:02:43.167+0000] {subprocess.py:93} INFO - 26/07/16 09:02:43 INFO ResourceUtils: ==============================================================
[2026-07-16T09:02:43.168+0000] {subprocess.py:93} INFO - 26/07/16 09:02:43 INFO SparkContext: Submitted application: SDP-Silver
[2026-07-16T09:02:43.202+0000] {subprocess.py:93} INFO - 26/07/16 09:02:43 INFO ResourceProfile: Default ResourceProfile created, executor resources: Map(cores -> name: cores, amount: 1, script: , vendor: , memory -> name: memory, amount: 512, script: , vendor: , offHeap -> name: offHeap, amount: 0, script: , vendor: ), task resources: Map(cpus -> name: cpus, amount: 1.0)
[2026-07-16T09:02:43.222+0000] {subprocess.py:93} INFO - 26/07/16 09:02:43 INFO ResourceProfile: Limiting resource is cpus at 1 tasks per executor
[2026-07-16T09:02:43.227+0000] {subprocess.py:93} INFO - 26/07/16 09:02:43 INFO ResourceProfileManager: Added ResourceProfile id: 0
[2026-07-16T09:02:43.300+0000] {subprocess.py:93} INFO - 26/07/16 09:02:43 INFO SecurityManager: Changing view acls to: spark
[2026-07-16T09:02:43.302+0000] {subprocess.py:93} INFO - 26/07/16 09:02:43 INFO SecurityManager: Changing modify acls to: spark
[2026-07-16T09:02:43.303+0000] {subprocess.py:93} INFO - 26/07/16 09:02:43 INFO SecurityManager: Changing view acls groups to:
[2026-07-16T09:02:43.304+0000] {subprocess.py:93} INFO - 26/07/16 09:02:43 INFO SecurityManager: Changing modify acls groups to:
[2026-07-16T09:02:43.305+0000] {subprocess.py:93} INFO - 26/07/16 09:02:43 INFO SecurityManager: SecurityManager: authentication disabled; ui acls disabled; users with view permissions: spark; groups with view permissions: EMPTY; users with modify permissions: spark; groups with modify permissions: EMPTY
[2026-07-16T09:02:43.655+0000] {subprocess.py:93} INFO - 26/07/16 09:02:43 INFO Utils: Successfully started service 'sparkDriver' on port 45775.
[2026-07-16T09:02:43.739+0000] {subprocess.py:93} INFO - 26/07/16 09:02:43 INFO SparkEnv: Registering MapOutputTracker
[2026-07-16T09:02:43.773+0000] {subprocess.py:93} INFO - 26/07/16 09:02:43 INFO SparkEnv: Registering BlockManagerMaster
[2026-07-16T09:02:43.792+0000] {subprocess.py:93} INFO - 26/07/16 09:02:43 INFO BlockManagerMasterEndpoint: Using org.apache.spark.storage.DefaultTopologyMapper for getting topology information
[2026-07-16T09:02:43.794+0000] {subprocess.py:93} INFO - 26/07/16 09:02:43 INFO BlockManagerMasterEndpoint: BlockManagerMasterEndpoint up
[2026-07-16T09:02:43.798+0000] {subprocess.py:93} INFO - 26/07/16 09:02:43 INFO SparkEnv: Registering BlockManagerMasterHeartbeat
[2026-07-16T09:02:43.823+0000] {subprocess.py:93} INFO - 26/07/16 09:02:43 INFO DiskBlockManager: Created local directory at /tmp/blockmgr-331b4d8c-1932-4fa7-ada5-98bb5a4d69a3
[2026-07-16T09:02:43.847+0000] {subprocess.py:93} INFO - 26/07/16 09:02:43 INFO MemoryStore: MemoryStore started with capacity 434.4 MiB
[2026-07-16T09:02:43.865+0000] {subprocess.py:93} INFO - 26/07/16 09:02:43 INFO SparkEnv: Registering OutputCommitCoordinator
[2026-07-16T09:02:44.005+0000] {subprocess.py:93} INFO - 26/07/16 09:02:44 INFO JettyUtils: Start Jetty 0.0.0.0:4040 for SparkUI
[2026-07-16T09:02:44.069+0000] {subprocess.py:93} INFO - 26/07/16 09:02:44 INFO Utils: Successfully started service 'SparkUI' on port 4040.
[2026-07-16T09:02:44.103+0000] {subprocess.py:93} INFO - 26/07/16 09:02:44 INFO SparkContext: Added JAR file:///opt/jars/delta-spark_2.12-3.2.0.jar at spark://b30fb679b0a3:45775/jars/delta-spark_2.12-3.2.0.jar with timestamp 1784192563105
[2026-07-16T09:02:44.104+0000] {subprocess.py:93} INFO - 26/07/16 09:02:44 INFO SparkContext: Added JAR file:///opt/jars/delta-storage-3.2.0.jar at spark://b30fb679b0a3:45775/jars/delta-storage-3.2.0.jar with timestamp 1784192563105
[2026-07-16T09:02:44.106+0000] {subprocess.py:93} INFO - 26/07/16 09:02:44 INFO SparkContext: Added JAR file:///opt/jars/spark-sql-kafka-0-10_2.12-3.5.1.jar at spark://b30fb679b0a3:45775/jars/spark-sql-kafka-0-10_2.12-3.5.1.jar with timestamp 1784192563105
[2026-07-16T09:02:44.107+0000] {subprocess.py:93} INFO - 26/07/16 09:02:44 INFO SparkContext: Added JAR file:///opt/jars/kafka-clients-3.4.1.jar at spark://b30fb679b0a3:45775/jars/kafka-clients-3.4.1.jar with timestamp 1784192563105
[2026-07-16T09:02:44.108+0000] {subprocess.py:93} INFO - 26/07/16 09:02:44 INFO SparkContext: Added JAR file:///opt/jars/spark-token-provider-kafka-0-10_2.12-3.5.1.jar at spark://b30fb679b0a3:45775/jars/spark-token-provider-kafka-0-10_2.12-3.5.1.jar with timestamp 1784192563105
[2026-07-16T09:02:44.109+0000] {subprocess.py:93} INFO - 26/07/16 09:02:44 INFO SparkContext: Added JAR file:///opt/jars/commons-pool2-2.11.1.jar at spark://b30fb679b0a3:45775/jars/commons-pool2-2.11.1.jar with timestamp 1784192563105
[2026-07-16T09:02:44.195+0000] {subprocess.py:93} INFO - 26/07/16 09:02:44 INFO StandaloneAppClient$ClientEndpoint: Connecting to master spark://sdp-spark-master:7077...
[2026-07-16T09:02:44.247+0000] {subprocess.py:93} INFO - 26/07/16 09:02:44 INFO TransportClientFactory: Successfully created connection to sdp-spark-master/172.18.0.4:7077 after 30 ms (0 ms spent in bootstraps)
[2026-07-16T09:02:44.366+0000] {subprocess.py:93} INFO - 26/07/16 09:02:44 INFO StandaloneSchedulerBackend: Connected to Spark cluster with app ID app-20260716090244-0013
[2026-07-16T09:02:44.372+0000] {subprocess.py:93} INFO - 26/07/16 09:02:44 INFO StandaloneAppClient$ClientEndpoint: Executor added: app-20260716090244-0013/0 on worker-20260716063602-172.18.0.5-44367 (172.18.0.5:44367) with 1 core(s)
[2026-07-16T09:02:44.376+0000] {subprocess.py:93} INFO - 26/07/16 09:02:44 INFO StandaloneSchedulerBackend: Granted executor ID app-20260716090244-0013/0 on hostPort 172.18.0.5:44367 with 1 core(s), 512.0 MiB RAM
[2026-07-16T09:02:44.384+0000] {subprocess.py:93} INFO - 26/07/16 09:02:44 INFO StandaloneAppClient$ClientEndpoint: Executor added: app-20260716090244-0013/1 on worker-20260716063602-172.18.0.5-44367 (172.18.0.5:44367) with 1 core(s)
[2026-07-16T09:02:44.386+0000] {subprocess.py:93} INFO - 26/07/16 09:02:44 INFO StandaloneSchedulerBackend: Granted executor ID app-20260716090244-0013/1 on hostPort 172.18.0.5:44367 with 1 core(s), 512.0 MiB RAM
[2026-07-16T09:02:44.387+0000] {subprocess.py:93} INFO - 26/07/16 09:02:44 INFO StandaloneAppClient$ClientEndpoint: Executor added: app-20260716090244-0013/2 on worker-20260716063602-172.18.0.6-33249 (172.18.0.6:33249) with 1 core(s)
[2026-07-16T09:02:44.389+0000] {subprocess.py:93} INFO - 26/07/16 09:02:44 INFO StandaloneSchedulerBackend: Granted executor ID app-20260716090244-0013/2 on hostPort 172.18.0.6:33249 with 1 core(s), 512.0 MiB RAM
[2026-07-16T09:02:44.390+0000] {subprocess.py:93} INFO - 26/07/16 09:02:44 INFO Utils: Successfully started service 'org.apache.spark.network.netty.NettyBlockTransferService' on port 36251.
[2026-07-16T09:02:44.391+0000] {subprocess.py:93} INFO - 26/07/16 09:02:44 INFO NettyBlockTransferService: Server created on b30fb679b0a3:36251
[2026-07-16T09:02:44.392+0000] {subprocess.py:93} INFO - 26/07/16 09:02:44 INFO BlockManager: Using org.apache.spark.storage.RandomBlockReplicationPolicy for block replication policy
[2026-07-16T09:02:44.399+0000] {subprocess.py:93} INFO - 26/07/16 09:02:44 INFO BlockManagerMaster: Registering BlockManager BlockManagerId(driver, b30fb679b0a3, 36251, None)
[2026-07-16T09:02:44.406+0000] {subprocess.py:93} INFO - 26/07/16 09:02:44 INFO BlockManagerMasterEndpoint: Registering block manager b30fb679b0a3:36251 with 434.4 MiB RAM, BlockManagerId(driver, b30fb679b0a3, 36251, None)
[2026-07-16T09:02:44.411+0000] {subprocess.py:93} INFO - 26/07/16 09:02:44 INFO BlockManagerMaster: Registered BlockManager BlockManagerId(driver, b30fb679b0a3, 36251, None)
[2026-07-16T09:02:44.414+0000] {subprocess.py:93} INFO - 26/07/16 09:02:44 INFO BlockManager: Initialized BlockManager: BlockManagerId(driver, b30fb679b0a3, 36251, None)
[2026-07-16T09:02:44.512+0000] {subprocess.py:93} INFO - 26/07/16 09:02:44 INFO StandaloneAppClient$ClientEndpoint: Executor updated: app-20260716090244-0013/0 is now RUNNING
[2026-07-16T09:02:44.515+0000] {subprocess.py:93} INFO - 26/07/16 09:02:44 INFO StandaloneAppClient$ClientEndpoint: Executor updated: app-20260716090244-0013/1 is now RUNNING
[2026-07-16T09:02:44.517+0000] {subprocess.py:93} INFO - 26/07/16 09:02:44 INFO StandaloneAppClient$ClientEndpoint: Executor updated: app-20260716090244-0013/2 is now RUNNING
[2026-07-16T09:02:44.763+0000] {subprocess.py:93} INFO - 26/07/16 09:02:44 INFO StandaloneSchedulerBackend: SchedulerBackend is ready for scheduling beginning after reached minRegisteredResourcesRatio: 0.0
[2026-07-16T09:02:45.161+0000] {subprocess.py:93} INFO - Starting silver stream: orders --->>  /opt/data/silver/orders
[2026-07-16T09:02:59.992+0000] {subprocess.py:93} INFO - 26/07/16 09:02:59 WARN ResolveWriteToStream: spark.sql.adaptive.enabled is not supported in streaming DataFrames/Datasets and will be disabled.
[2026-07-16T09:03:00.221+0000] {subprocess.py:93} INFO - Silver stream started: /opt/data/bronze/orders --->> /opt/data/silver/orders
[2026-07-16T09:03:00.231+0000] {subprocess.py:93} INFO - Starting silver stream: customers --->>  /opt/data/silver/customers
[2026-07-16T09:03:02.998+0000] {subprocess.py:93} INFO - 26/07/16 09:03:02 WARN ResolveWriteToStream: spark.sql.adaptive.enabled is not supported in streaming DataFrames/Datasets and will be disabled.
[2026-07-16T09:03:03.145+0000] {subprocess.py:93} INFO - Silver stream started: /opt/data/bronze/customers --->> /opt/data/silver/customers
[2026-07-16T09:03:03.154+0000] {subprocess.py:93} INFO - Starting silver stream: products --->>  /opt/data/silver/products
[2026-07-16T09:03:05.760+0000] {subprocess.py:93} INFO - 26/07/16 09:03:05 WARN ResolveWriteToStream: spark.sql.adaptive.enabled is not supported in streaming DataFrames/Datasets and will be disabled.
[2026-07-16T09:03:05.835+0000] {subprocess.py:93} INFO - Silver stream started: /opt/data/bronze/products --->> /opt/data/silver/products
[2026-07-16T09:03:08.796+0000] {subprocess.py:93} INFO - 26/07/16 09:03:08 WARN SparkStringUtils: Truncated the string representation of a plan since it was too large. This behavior can be adjusted by setting 'spark.sql.debug.maxToStringFields'.
[2026-07-16T09:04:38.857+0000] {subprocess.py:97} INFO - Command exited with return code 0
[2026-07-16T09:04:38.863+0000] {taskinstance.py:441} INFO - ::group::Post task execution logs
[2026-07-16T09:04:38.917+0000] {taskinstance.py:1205} INFO - Marking task as SUCCESS. dag_id=e-commerce_kafka_streaming_pipeline_v1, task_id=run_silver, execution_date=20260716T080000, start_date=20260716T090238, end_date=20260716T090438
[2026-07-16T09:04:38.970+0000] {local_task_job_runner.py:240} INFO - Task exited with return code 0
[2026-07-16T09:04:39.003+0000] {taskinstance.py:3482} INFO - 1 downstream tasks scheduled from follow-on schedule check
[2026-07-16T09:04:39.006+0000] {local_task_job_runner.py:222} INFO - ::endgroup::
