[2026-06-09T14:00:07.695+0000] {local_task_job_runner.py:120} INFO - ::group::Pre task execution logs
[2026-06-09T14:00:07.758+0000] {taskinstance.py:2073} INFO - Dependencies all met for dep_context=non-requeueable deps ti=<TaskInstance: e-commerce_kafka_streaming_pipeline_v10.run_bronze scheduled__2026-06-09T13:00:00+00:00 [queued]>
[2026-06-09T14:00:07.796+0000] {taskinstance.py:2073} INFO - Dependencies all met for dep_context=requeueable deps ti=<TaskInstance: e-commerce_kafka_streaming_pipeline_v10.run_bronze scheduled__2026-06-09T13:00:00+00:00 [queued]>
[2026-06-09T14:00:07.798+0000] {taskinstance.py:2303} INFO - Starting attempt 1 of 2
[2026-06-09T14:00:07.844+0000] {taskinstance.py:2327} INFO - Executing <Task(BashOperator): run_bronze> on 2026-06-09 13:00:00+00:00
[2026-06-09T14:00:07.863+0000] {standard_task_runner.py:90} INFO - Running: ['***', 'tasks', 'run', 'e-commerce_kafka_streaming_pipeline_v10', 'run_bronze', 'scheduled__2026-06-09T13:00:00+00:00', '--job-id', '109', '--raw', '--subdir', 'DAGS_FOLDER/sdp_pipeline_dag.py', '--cfg-path', '/tmp/tmp1cx4x4bl']
[2026-06-09T14:00:07.868+0000] {standard_task_runner.py:91} INFO - Job 109: Subtask run_bronze
[2026-06-09T14:00:07.869+0000] {logging_mixin.py:188} WARNING - /home/***/.local/lib/python3.12/site-packages/***/task/task_runner/standard_task_runner.py:61 DeprecationWarning: This process (pid=5428) is multi-threaded, use of fork() may lead to deadlocks in the child.
[2026-06-09T14:00:07.872+0000] {standard_task_runner.py:63} INFO - Started process 5429 to run task
[2026-06-09T14:00:07.992+0000] {task_command.py:426} INFO - Running <TaskInstance: e-commerce_kafka_streaming_pipeline_v10.run_bronze scheduled__2026-06-09T13:00:00+00:00 [running]> on host 19d9c0c71dcc
[2026-06-09T14:00:08.126+0000] {taskinstance.py:2644} INFO - Exporting env vars: AIRFLOW_CTX_DAG_OWNER='dev' AIRFLOW_CTX_DAG_ID='e-commerce_kafka_streaming_pipeline_v10' AIRFLOW_CTX_TASK_ID='run_bronze' AIRFLOW_CTX_EXECUTION_DATE='2026-06-09T13:00:00+00:00' AIRFLOW_CTX_TRY_NUMBER='1' AIRFLOW_CTX_DAG_RUN_ID='scheduled__2026-06-09T13:00:00+00:00'
[2026-06-09T14:00:08.127+0000] {taskinstance.py:430} INFO - ::endgroup::
[2026-06-09T14:00:08.150+0000] {subprocess.py:63} INFO - Tmp dir root location: /tmp
[2026-06-09T14:00:08.151+0000] {subprocess.py:75} INFO - Running command: ['/usr/bin/bash', '-c', 'timeout 120s docker run --rm --network streaming_kafka_project_sdp-net --volume /d/Streaming_kafka_project/pipelines:/opt/pipelines --volume /d/Streaming_kafka_project/data:/opt/data --volume /d/Streaming_kafka_project/checkpoints:/opt/checkpoints --volume /d/Streaming_kafka_project/jars:/opt/jars apache/spark:3.5.1 /opt/spark/bin/spark-submit --master spark://sdp-spark-master:7077 --executor-cores 1 --executor-memory 512m --total-executor-cores 3 --jars /opt/jars/delta-spark_2.12-3.2.0.jar,/opt/jars/delta-storage-3.2.0.jar,/opt/jars/spark-sql-kafka-0-10_2.12-3.5.1.jar,/opt/jars/kafka-clients-3.4.1.jar,/opt/jars/spark-token-provider-kafka-0-10_2.12-3.5.1.jar,/opt/jars/commons-pool2-2.11.1.jar --conf spark.sql.extensions=io.delta.sql.DeltaSparkSessionExtension --conf spark.sql.catalog.spark_catalog=org.apache.spark.sql.delta.catalog.DeltaCatalog  /opt/pipelines/bronze_runner.py']
[2026-06-09T14:00:08.165+0000] {subprocess.py:86} INFO - Output:
[2026-06-09T14:00:12.216+0000] {subprocess.py:93} INFO - 26/06/09 14:00:12 WARN NativeCodeLoader: Unable to load native-hadoop library for your platform... using builtin-java classes where applicable
[2026-06-09T14:00:13.506+0000] {subprocess.py:93} INFO - 26/06/09 14:00:13 INFO SparkContext: Running Spark version 3.5.1
[2026-06-09T14:00:13.511+0000] {subprocess.py:93} INFO - 26/06/09 14:00:13 INFO SparkContext: OS info Linux, 6.6.114.1-microsoft-standard-WSL2, amd64
[2026-06-09T14:00:13.512+0000] {subprocess.py:93} INFO - 26/06/09 14:00:13 INFO SparkContext: Java version 11.0.22
[2026-06-09T14:00:13.562+0000] {subprocess.py:93} INFO - 26/06/09 14:00:13 INFO ResourceUtils: ==============================================================
[2026-06-09T14:00:13.563+0000] {subprocess.py:93} INFO - 26/06/09 14:00:13 INFO ResourceUtils: No custom resources configured for spark.driver.
[2026-06-09T14:00:13.564+0000] {subprocess.py:93} INFO - 26/06/09 14:00:13 INFO ResourceUtils: ==============================================================
[2026-06-09T14:00:13.571+0000] {subprocess.py:93} INFO - 26/06/09 14:00:13 INFO SparkContext: Submitted application: SDP-Bronze
[2026-06-09T14:00:13.607+0000] {subprocess.py:93} INFO - 26/06/09 14:00:13 INFO ResourceProfile: Default ResourceProfile created, executor resources: Map(cores -> name: cores, amount: 1, script: , vendor: , memory -> name: memory, amount: 512, script: , vendor: , offHeap -> name: offHeap, amount: 0, script: , vendor: ), task resources: Map(cpus -> name: cpus, amount: 1.0)
[2026-06-09T14:00:13.628+0000] {subprocess.py:93} INFO - 26/06/09 14:00:13 INFO ResourceProfile: Limiting resource is cpus at 1 tasks per executor
[2026-06-09T14:00:13.633+0000] {subprocess.py:93} INFO - 26/06/09 14:00:13 INFO ResourceProfileManager: Added ResourceProfile id: 0
[2026-06-09T14:00:13.712+0000] {subprocess.py:93} INFO - 26/06/09 14:00:13 INFO SecurityManager: Changing view acls to: spark
[2026-06-09T14:00:13.717+0000] {subprocess.py:93} INFO - 26/06/09 14:00:13 INFO SecurityManager: Changing modify acls to: spark
[2026-06-09T14:00:13.718+0000] {subprocess.py:93} INFO - 26/06/09 14:00:13 INFO SecurityManager: Changing view acls groups to:
[2026-06-09T14:00:13.719+0000] {subprocess.py:93} INFO - 26/06/09 14:00:13 INFO SecurityManager: Changing modify acls groups to:
[2026-06-09T14:00:13.720+0000] {subprocess.py:93} INFO - 26/06/09 14:00:13 INFO SecurityManager: SecurityManager: authentication disabled; ui acls disabled; users with view permissions: spark; groups with view permissions: EMPTY; users with modify permissions: spark; groups with modify permissions: EMPTY
[2026-06-09T14:00:14.062+0000] {subprocess.py:93} INFO - 26/06/09 14:00:14 INFO Utils: Successfully started service 'sparkDriver' on port 37009.
[2026-06-09T14:00:14.108+0000] {subprocess.py:93} INFO - 26/06/09 14:00:14 INFO SparkEnv: Registering MapOutputTracker
[2026-06-09T14:00:14.159+0000] {subprocess.py:93} INFO - 26/06/09 14:00:14 INFO SparkEnv: Registering BlockManagerMaster
[2026-06-09T14:00:14.199+0000] {subprocess.py:93} INFO - 26/06/09 14:00:14 INFO BlockManagerMasterEndpoint: Using org.apache.spark.storage.DefaultTopologyMapper for getting topology information
[2026-06-09T14:00:14.201+0000] {subprocess.py:93} INFO - 26/06/09 14:00:14 INFO BlockManagerMasterEndpoint: BlockManagerMasterEndpoint up
[2026-06-09T14:00:14.210+0000] {subprocess.py:93} INFO - 26/06/09 14:00:14 INFO SparkEnv: Registering BlockManagerMasterHeartbeat
[2026-06-09T14:00:14.249+0000] {subprocess.py:93} INFO - 26/06/09 14:00:14 INFO DiskBlockManager: Created local directory at /tmp/blockmgr-8908979c-94dc-4110-8504-1388db53dd9c
[2026-06-09T14:00:14.279+0000] {subprocess.py:93} INFO - 26/06/09 14:00:14 INFO MemoryStore: MemoryStore started with capacity 434.4 MiB
[2026-06-09T14:00:14.308+0000] {subprocess.py:93} INFO - 26/06/09 14:00:14 INFO SparkEnv: Registering OutputCommitCoordinator
[2026-06-09T14:00:14.578+0000] {subprocess.py:93} INFO - 26/06/09 14:00:14 INFO JettyUtils: Start Jetty 0.0.0.0:4040 for SparkUI
[2026-06-09T14:00:14.660+0000] {subprocess.py:93} INFO - 26/06/09 14:00:14 INFO Utils: Successfully started service 'SparkUI' on port 4040.
[2026-06-09T14:00:14.730+0000] {subprocess.py:93} INFO - 26/06/09 14:00:14 INFO SparkContext: Added JAR file:///opt/jars/delta-spark_2.12-3.2.0.jar at spark://569d8d15e734:37009/jars/delta-spark_2.12-3.2.0.jar with timestamp 1781013613490
[2026-06-09T14:00:14.732+0000] {subprocess.py:93} INFO - 26/06/09 14:00:14 INFO SparkContext: Added JAR file:///opt/jars/delta-storage-3.2.0.jar at spark://569d8d15e734:37009/jars/delta-storage-3.2.0.jar with timestamp 1781013613490
[2026-06-09T14:00:14.736+0000] {subprocess.py:93} INFO - 26/06/09 14:00:14 INFO SparkContext: Added JAR file:///opt/jars/spark-sql-kafka-0-10_2.12-3.5.1.jar at spark://569d8d15e734:37009/jars/spark-sql-kafka-0-10_2.12-3.5.1.jar with timestamp 1781013613490
[2026-06-09T14:00:14.738+0000] {subprocess.py:93} INFO - 26/06/09 14:00:14 INFO SparkContext: Added JAR file:///opt/jars/kafka-clients-3.4.1.jar at spark://569d8d15e734:37009/jars/kafka-clients-3.4.1.jar with timestamp 1781013613490
[2026-06-09T14:00:14.740+0000] {subprocess.py:93} INFO - 26/06/09 14:00:14 INFO SparkContext: Added JAR file:///opt/jars/spark-token-provider-kafka-0-10_2.12-3.5.1.jar at spark://569d8d15e734:37009/jars/spark-token-provider-kafka-0-10_2.12-3.5.1.jar with timestamp 1781013613490
[2026-06-09T14:00:14.742+0000] {subprocess.py:93} INFO - 26/06/09 14:00:14 INFO SparkContext: Added JAR file:///opt/jars/commons-pool2-2.11.1.jar at spark://569d8d15e734:37009/jars/commons-pool2-2.11.1.jar with timestamp 1781013613490
[2026-06-09T14:00:14.884+0000] {subprocess.py:93} INFO - 26/06/09 14:00:14 INFO StandaloneAppClient$ClientEndpoint: Connecting to master spark://sdp-spark-master:7077...
[2026-06-09T14:00:14.966+0000] {subprocess.py:93} INFO - 26/06/09 14:00:14 INFO TransportClientFactory: Successfully created connection to sdp-spark-master/172.18.0.4:7077 after 47 ms (0 ms spent in bootstraps)
[2026-06-09T14:00:15.113+0000] {subprocess.py:93} INFO - 26/06/09 14:00:15 INFO StandaloneSchedulerBackend: Connected to Spark cluster with app ID app-20260609140015-0046
[2026-06-09T14:00:15.123+0000] {subprocess.py:93} INFO - 26/06/09 14:00:15 INFO StandaloneAppClient$ClientEndpoint: Executor added: app-20260609140015-0046/0 on worker-20260608131402-172.18.0.5-38399 (172.18.0.5:38399) with 1 core(s)
[2026-06-09T14:00:15.136+0000] {subprocess.py:93} INFO - 26/06/09 14:00:15 INFO StandaloneSchedulerBackend: Granted executor ID app-20260609140015-0046/0 on hostPort 172.18.0.5:38399 with 1 core(s), 512.0 MiB RAM
[2026-06-09T14:00:15.139+0000] {subprocess.py:93} INFO - 26/06/09 14:00:15 INFO StandaloneAppClient$ClientEndpoint: Executor added: app-20260609140015-0046/1 on worker-20260608131402-172.18.0.5-38399 (172.18.0.5:38399) with 1 core(s)
[2026-06-09T14:00:15.145+0000] {subprocess.py:93} INFO - 26/06/09 14:00:15 INFO StandaloneSchedulerBackend: Granted executor ID app-20260609140015-0046/1 on hostPort 172.18.0.5:38399 with 1 core(s), 512.0 MiB RAM
[2026-06-09T14:00:15.149+0000] {subprocess.py:93} INFO - 26/06/09 14:00:15 INFO StandaloneAppClient$ClientEndpoint: Executor added: app-20260609140015-0046/2 on worker-20260608131402-172.18.0.6-44005 (172.18.0.6:44005) with 1 core(s)
[2026-06-09T14:00:15.152+0000] {subprocess.py:93} INFO - 26/06/09 14:00:15 INFO StandaloneSchedulerBackend: Granted executor ID app-20260609140015-0046/2 on hostPort 172.18.0.6:44005 with 1 core(s), 512.0 MiB RAM
[2026-06-09T14:00:15.182+0000] {subprocess.py:93} INFO - 26/06/09 14:00:15 INFO Utils: Successfully started service 'org.apache.spark.network.netty.NettyBlockTransferService' on port 42445.
[2026-06-09T14:00:15.184+0000] {subprocess.py:93} INFO - 26/06/09 14:00:15 INFO NettyBlockTransferService: Server created on 569d8d15e734:42445
[2026-06-09T14:00:15.192+0000] {subprocess.py:93} INFO - 26/06/09 14:00:15 INFO BlockManager: Using org.apache.spark.storage.RandomBlockReplicationPolicy for block replication policy
[2026-06-09T14:00:15.223+0000] {subprocess.py:93} INFO - 26/06/09 14:00:15 INFO BlockManagerMaster: Registering BlockManager BlockManagerId(driver, 569d8d15e734, 42445, None)
[2026-06-09T14:00:15.243+0000] {subprocess.py:93} INFO - 26/06/09 14:00:15 INFO BlockManagerMasterEndpoint: Registering block manager 569d8d15e734:42445 with 434.4 MiB RAM, BlockManagerId(driver, 569d8d15e734, 42445, None)
[2026-06-09T14:00:15.266+0000] {subprocess.py:93} INFO - 26/06/09 14:00:15 INFO BlockManagerMaster: Registered BlockManager BlockManagerId(driver, 569d8d15e734, 42445, None)
[2026-06-09T14:00:15.280+0000] {subprocess.py:93} INFO - 26/06/09 14:00:15 INFO BlockManager: Initialized BlockManager: BlockManagerId(driver, 569d8d15e734, 42445, None)
[2026-06-09T14:00:15.335+0000] {subprocess.py:93} INFO - 26/06/09 14:00:15 INFO StandaloneAppClient$ClientEndpoint: Executor updated: app-20260609140015-0046/0 is now RUNNING
[2026-06-09T14:00:15.337+0000] {subprocess.py:93} INFO - 26/06/09 14:00:15 INFO StandaloneAppClient$ClientEndpoint: Executor updated: app-20260609140015-0046/1 is now RUNNING
[2026-06-09T14:00:15.350+0000] {subprocess.py:93} INFO - 26/06/09 14:00:15 INFO StandaloneAppClient$ClientEndpoint: Executor updated: app-20260609140015-0046/2 is now RUNNING
[2026-06-09T14:00:16.272+0000] {subprocess.py:93} INFO - 26/06/09 14:00:16 INFO StandaloneSchedulerBackend: SchedulerBackend is ready for scheduling beginning after reached minRegisteredResourcesRatio: 0.0
[2026-06-09T14:00:17.033+0000] {subprocess.py:93} INFO - Starting stream: orders -> /opt/data/bronze/orders
[2026-06-09T14:00:48.196+0000] {subprocess.py:93} INFO - 26/06/09 14:00:48 WARN ResolveWriteToStream: spark.sql.adaptive.enabled is not supported in streaming DataFrames/Datasets and will be disabled.
[2026-06-09T14:00:48.640+0000] {subprocess.py:93} INFO - Starting stream: customers -> /opt/data/bronze/customers
[2026-06-09T14:00:51.373+0000] {subprocess.py:93} INFO - 26/06/09 14:00:51 WARN ResolveWriteToStream: spark.sql.adaptive.enabled is not supported in streaming DataFrames/Datasets and will be disabled.
[2026-06-09T14:00:51.446+0000] {subprocess.py:93} INFO - Starting stream: products -> /opt/data/bronze/products
[2026-06-09T14:00:54.408+0000] {subprocess.py:93} INFO - 26/06/09 14:00:54 WARN ResolveWriteToStream: spark.sql.adaptive.enabled is not supported in streaming DataFrames/Datasets and will be disabled.
[2026-06-09T14:00:55.832+0000] {subprocess.py:93} INFO - 26/06/09 14:00:55 WARN SparkStringUtils: Truncated the string representation of a plan since it was too large. This behavior can be adjusted by setting 'spark.sql.debug.maxToStringFields'.
[2026-06-09T14:00:57.352+0000] {subprocess.py:93} INFO - 26/06/09 14:00:57 WARN AdminClientConfig: These configurations '[key.deserializer, value.deserializer, enable.auto.commit, max.poll.records, auto.offset.reset]' were supplied but are not used yet.
[2026-06-09T14:01:40.900+0000] {subprocess.py:93} INFO - 26/06/09 14:01:40 WARN AdminClientConfig: These configurations '[key.deserializer, value.deserializer, enable.auto.commit, max.poll.records, auto.offset.reset]' were supplied but are not used yet.
[2026-06-09T14:01:48.094+0000] {subprocess.py:93} INFO - 26/06/09 14:01:48 WARN AdminClientConfig: These configurations '[key.deserializer, value.deserializer, enable.auto.commit, max.poll.records, auto.offset.reset]' were supplied but are not used yet.
[2026-06-09T14:02:10.124+0000] {subprocess.py:97} INFO - Command exited with return code 124
[2026-06-09T14:02:10.130+0000] {taskinstance.py:441} INFO - ::group::Post task execution logs
[2026-06-09T14:02:10.221+0000] {taskinstance.py:2890} ERROR - Task failed with exception
Traceback (most recent call last):
  File "/home/airflow/.local/lib/python3.12/site-packages/airflow/models/taskinstance.py", line 465, in _execute_task
    result = _execute_callable(context=context, **execute_callable_kwargs)
             ^^^^^^^^^^^^^^^^^^^^^^^^^^^^^^^^^^^^^^^^^^^^^^^^^^^^^^^^^^^^^
  File "/home/airflow/.local/lib/python3.12/site-packages/airflow/models/taskinstance.py", line 432, in _execute_callable
    return execute_callable(context=context, **execute_callable_kwargs)
           ^^^^^^^^^^^^^^^^^^^^^^^^^^^^^^^^^^^^^^^^^^^^^^^^^^^^^^^^^^^^
  File "/home/airflow/.local/lib/python3.12/site-packages/airflow/models/baseoperator.py", line 400, in wrapper
    return func(self, *args, **kwargs)
           ^^^^^^^^^^^^^^^^^^^^^^^^^^^
  File "/home/airflow/.local/lib/python3.12/site-packages/airflow/operators/bash.py", line 243, in execute
    raise AirflowException(
airflow.exceptions.AirflowException: Bash command failed. The command returned a non-zero exit code 124.
[2026-06-09T14:02:10.245+0000] {taskinstance.py:1205} INFO - Marking task as UP_FOR_RETRY. dag_id=e-commerce_kafka_streaming_pipeline_v10, task_id=run_bronze, execution_date=20260609T130000, start_date=20260609T140007, end_date=20260609T140210
[2026-06-09T14:02:10.340+0000] {standard_task_runner.py:110} ERROR - Failed to execute job 109 for task run_bronze (Bash command failed. The command returned a non-zero exit code 124.; 5429)
[2026-06-09T14:02:10.398+0000] {local_task_job_runner.py:240} INFO - Task exited with return code 1
[2026-06-09T14:02:10.547+0000] {taskinstance.py:3482} INFO - 0 downstream tasks scheduled from follow-on schedule check
[2026-06-09T14:02:10.572+0000] {local_task_job_runner.py:222} INFO - ::endgroup::
