[2026-07-17T05:34:09.007+0000] {local_task_job_runner.py:120} INFO - ::group::Pre task execution logs
[2026-07-17T05:34:09.259+0000] {taskinstance.py:2073} INFO - Dependencies all met for dep_context=non-requeueable deps ti=<TaskInstance: e-commerce_kafka_streaming_pipeline_v1.run_bronze scheduled__2026-07-17T04:00:00+00:00 [queued]>
[2026-07-17T05:34:09.430+0000] {taskinstance.py:2073} INFO - Dependencies all met for dep_context=requeueable deps ti=<TaskInstance: e-commerce_kafka_streaming_pipeline_v1.run_bronze scheduled__2026-07-17T04:00:00+00:00 [queued]>
[2026-07-17T05:34:09.437+0000] {taskinstance.py:2303} INFO - Starting attempt 1 of 2
[2026-07-17T05:34:09.540+0000] {taskinstance.py:2327} INFO - Executing <Task(BashOperator): run_bronze> on 2026-07-17 04:00:00+00:00
[2026-07-17T05:34:09.581+0000] {standard_task_runner.py:90} INFO - Running: ['***', 'tasks', 'run', 'e-commerce_kafka_streaming_pipeline_v1', 'run_bronze', 'scheduled__2026-07-17T04:00:00+00:00', '--job-id', '82', '--raw', '--subdir', 'DAGS_FOLDER/sdp_pipeline_dag.py', '--cfg-path', '/tmp/tmpk0hlzlt_']
[2026-07-17T05:34:09.594+0000] {standard_task_runner.py:91} INFO - Job 82: Subtask run_bronze
[2026-07-17T05:34:09.620+0000] {logging_mixin.py:188} WARNING - /home/***/.local/lib/python3.12/site-packages/***/task/task_runner/standard_task_runner.py:61 DeprecationWarning: This process (pid=2722) is multi-threaded, use of fork() may lead to deadlocks in the child.
[2026-07-17T05:34:09.626+0000] {standard_task_runner.py:63} INFO - Started process 2733 to run task
[2026-07-17T05:34:09.758+0000] {task_command.py:426} INFO - Running <TaskInstance: e-commerce_kafka_streaming_pipeline_v1.run_bronze scheduled__2026-07-17T04:00:00+00:00 [running]> on host da27550080bf
[2026-07-17T05:34:10.136+0000] {taskinstance.py:2644} INFO - Exporting env vars: AIRFLOW_CTX_DAG_OWNER='dev' AIRFLOW_CTX_DAG_ID='e-commerce_kafka_streaming_pipeline_v1' AIRFLOW_CTX_TASK_ID='run_bronze' AIRFLOW_CTX_EXECUTION_DATE='2026-07-17T04:00:00+00:00' AIRFLOW_CTX_TRY_NUMBER='1' AIRFLOW_CTX_DAG_RUN_ID='scheduled__2026-07-17T04:00:00+00:00'
[2026-07-17T05:34:10.139+0000] {taskinstance.py:430} INFO - ::endgroup::
[2026-07-17T05:34:10.222+0000] {subprocess.py:63} INFO - Tmp dir root location: /tmp
[2026-07-17T05:34:10.237+0000] {subprocess.py:75} INFO - Running command: ['/usr/bin/bash', '-c', 'timeout 150s docker run --rm --network streaming_kafka_project_sdp-net --volume /d/Streaming_kafka_project/pipelines:/opt/pipelines --volume /d/Streaming_kafka_project/data:/opt/data --volume /d/Streaming_kafka_project/checkpoints:/opt/checkpoints --volume /d/Streaming_kafka_project/jars:/opt/jars apache/spark:3.5.1 /opt/spark/bin/spark-submit --master spark://sdp-spark-master:7077 --executor-cores 1 --executor-memory 512m --total-executor-cores 3 --jars /opt/jars/delta-spark_2.12-3.2.0.jar,/opt/jars/delta-storage-3.2.0.jar,/opt/jars/spark-sql-kafka-0-10_2.12-3.5.1.jar,/opt/jars/kafka-clients-3.4.1.jar,/opt/jars/spark-token-provider-kafka-0-10_2.12-3.5.1.jar,/opt/jars/commons-pool2-2.11.1.jar --conf spark.sql.extensions=io.delta.sql.DeltaSparkSessionExtension --conf spark.sql.catalog.spark_catalog=org.apache.spark.sql.delta.catalog.DeltaCatalog  /opt/pipelines/bronze_runner.py']
[2026-07-17T05:34:10.292+0000] {subprocess.py:86} INFO - Output:
[2026-07-17T05:34:16.960+0000] {subprocess.py:93} INFO - 26/07/17 05:34:16 WARN NativeCodeLoader: Unable to load native-hadoop library for your platform... using builtin-java classes where applicable
[2026-07-17T05:34:19.110+0000] {subprocess.py:93} INFO - 26/07/17 05:34:19 INFO SparkContext: Running Spark version 3.5.1
[2026-07-17T05:34:19.112+0000] {subprocess.py:93} INFO - 26/07/17 05:34:19 INFO SparkContext: OS info Linux, 6.18.33.2-microsoft-standard-WSL2, amd64
[2026-07-17T05:34:19.114+0000] {subprocess.py:93} INFO - 26/07/17 05:34:19 INFO SparkContext: Java version 11.0.22
[2026-07-17T05:34:19.227+0000] {subprocess.py:93} INFO - 26/07/17 05:34:19 INFO ResourceUtils: ==============================================================
[2026-07-17T05:34:19.229+0000] {subprocess.py:93} INFO - 26/07/17 05:34:19 INFO ResourceUtils: No custom resources configured for spark.driver.
[2026-07-17T05:34:19.233+0000] {subprocess.py:93} INFO - 26/07/17 05:34:19 INFO ResourceUtils: ==============================================================
[2026-07-17T05:34:19.238+0000] {subprocess.py:93} INFO - 26/07/17 05:34:19 INFO SparkContext: Submitted application: SDP-Bronze
[2026-07-17T05:34:19.356+0000] {subprocess.py:93} INFO - 26/07/17 05:34:19 INFO ResourceProfile: Default ResourceProfile created, executor resources: Map(cores -> name: cores, amount: 1, script: , vendor: , memory -> name: memory, amount: 512, script: , vendor: , offHeap -> name: offHeap, amount: 0, script: , vendor: ), task resources: Map(cpus -> name: cpus, amount: 1.0)
[2026-07-17T05:34:19.500+0000] {subprocess.py:93} INFO - 26/07/17 05:34:19 INFO ResourceProfile: Limiting resource is cpus at 1 tasks per executor
[2026-07-17T05:34:19.502+0000] {subprocess.py:93} INFO - 26/07/17 05:34:19 INFO ResourceProfileManager: Added ResourceProfile id: 0
[2026-07-17T05:34:19.844+0000] {subprocess.py:93} INFO - 26/07/17 05:34:19 INFO SecurityManager: Changing view acls to: spark
[2026-07-17T05:34:19.847+0000] {subprocess.py:93} INFO - 26/07/17 05:34:19 INFO SecurityManager: Changing modify acls to: spark
[2026-07-17T05:34:19.855+0000] {subprocess.py:93} INFO - 26/07/17 05:34:19 INFO SecurityManager: Changing view acls groups to:
[2026-07-17T05:34:19.861+0000] {subprocess.py:93} INFO - 26/07/17 05:34:19 INFO SecurityManager: Changing modify acls groups to:
[2026-07-17T05:34:19.863+0000] {subprocess.py:93} INFO - 26/07/17 05:34:19 INFO SecurityManager: SecurityManager: authentication disabled; ui acls disabled; users with view permissions: spark; groups with view permissions: EMPTY; users with modify permissions: spark; groups with modify permissions: EMPTY
[2026-07-17T05:34:21.605+0000] {subprocess.py:93} INFO - 26/07/17 05:34:21 INFO Utils: Successfully started service 'sparkDriver' on port 46797.
[2026-07-17T05:34:21.829+0000] {subprocess.py:93} INFO - 26/07/17 05:34:21 INFO SparkEnv: Registering MapOutputTracker
[2026-07-17T05:34:22.064+0000] {subprocess.py:93} INFO - 26/07/17 05:34:22 INFO SparkEnv: Registering BlockManagerMaster
[2026-07-17T05:34:22.126+0000] {subprocess.py:93} INFO - 26/07/17 05:34:22 INFO BlockManagerMasterEndpoint: Using org.apache.spark.storage.DefaultTopologyMapper for getting topology information
[2026-07-17T05:34:22.141+0000] {subprocess.py:93} INFO - 26/07/17 05:34:22 INFO BlockManagerMasterEndpoint: BlockManagerMasterEndpoint up
[2026-07-17T05:34:22.171+0000] {subprocess.py:93} INFO - 26/07/17 05:34:22 INFO SparkEnv: Registering BlockManagerMasterHeartbeat
[2026-07-17T05:34:22.264+0000] {subprocess.py:93} INFO - 26/07/17 05:34:22 INFO DiskBlockManager: Created local directory at /tmp/blockmgr-b6e57975-9cc9-4ab5-9b45-9a1406410860
[2026-07-17T05:34:22.268+0000] {subprocess.py:93} INFO - 26/07/17 05:34:22 INFO MemoryStore: MemoryStore started with capacity 434.4 MiB
[2026-07-17T05:34:22.325+0000] {subprocess.py:93} INFO - 26/07/17 05:34:22 INFO SparkEnv: Registering OutputCommitCoordinator
[2026-07-17T05:34:23.348+0000] {subprocess.py:93} INFO - 26/07/17 05:34:23 INFO JettyUtils: Start Jetty 0.0.0.0:4040 for SparkUI
[2026-07-17T05:34:23.580+0000] {subprocess.py:93} INFO - 26/07/17 05:34:23 INFO Utils: Successfully started service 'SparkUI' on port 4040.
[2026-07-17T05:34:23.931+0000] {subprocess.py:93} INFO - 26/07/17 05:34:23 INFO SparkContext: Added JAR file:///opt/jars/delta-spark_2.12-3.2.0.jar at spark://8fe4d3e39f1e:46797/jars/delta-spark_2.12-3.2.0.jar with timestamp 1784266459088
[2026-07-17T05:34:23.949+0000] {subprocess.py:93} INFO - 26/07/17 05:34:23 INFO SparkContext: Added JAR file:///opt/jars/delta-storage-3.2.0.jar at spark://8fe4d3e39f1e:46797/jars/delta-storage-3.2.0.jar with timestamp 1784266459088
[2026-07-17T05:34:23.951+0000] {subprocess.py:93} INFO - 26/07/17 05:34:23 INFO SparkContext: Added JAR file:///opt/jars/spark-sql-kafka-0-10_2.12-3.5.1.jar at spark://8fe4d3e39f1e:46797/jars/spark-sql-kafka-0-10_2.12-3.5.1.jar with timestamp 1784266459088
[2026-07-17T05:34:23.967+0000] {subprocess.py:93} INFO - 26/07/17 05:34:23 INFO SparkContext: Added JAR file:///opt/jars/kafka-clients-3.4.1.jar at spark://8fe4d3e39f1e:46797/jars/kafka-clients-3.4.1.jar with timestamp 1784266459088
[2026-07-17T05:34:23.978+0000] {subprocess.py:93} INFO - 26/07/17 05:34:23 INFO SparkContext: Added JAR file:///opt/jars/spark-token-provider-kafka-0-10_2.12-3.5.1.jar at spark://8fe4d3e39f1e:46797/jars/spark-token-provider-kafka-0-10_2.12-3.5.1.jar with timestamp 1784266459088
[2026-07-17T05:34:23.983+0000] {subprocess.py:93} INFO - 26/07/17 05:34:23 INFO SparkContext: Added JAR file:///opt/jars/commons-pool2-2.11.1.jar at spark://8fe4d3e39f1e:46797/jars/commons-pool2-2.11.1.jar with timestamp 1784266459088
[2026-07-17T05:34:24.638+0000] {subprocess.py:93} INFO - 26/07/17 05:34:24 INFO StandaloneAppClient$ClientEndpoint: Connecting to master spark://sdp-spark-master:7077...
[2026-07-17T05:34:24.924+0000] {subprocess.py:93} INFO - 26/07/17 05:34:24 INFO TransportClientFactory: Successfully created connection to sdp-spark-master/172.18.0.4:7077 after 167 ms (0 ms spent in bootstraps)
[2026-07-17T05:34:25.360+0000] {subprocess.py:93} INFO - 26/07/17 05:34:25 INFO StandaloneSchedulerBackend: Connected to Spark cluster with app ID app-20260717053425-0034
[2026-07-17T05:34:25.443+0000] {subprocess.py:93} INFO - 26/07/17 05:34:25 INFO Utils: Successfully started service 'org.apache.spark.network.netty.NettyBlockTransferService' on port 41955.
[2026-07-17T05:34:25.459+0000] {subprocess.py:93} INFO - 26/07/17 05:34:25 INFO NettyBlockTransferService: Server created on 8fe4d3e39f1e:41955
[2026-07-17T05:34:25.461+0000] {subprocess.py:93} INFO - 26/07/17 05:34:25 INFO BlockManager: Using org.apache.spark.storage.RandomBlockReplicationPolicy for block replication policy
[2026-07-17T05:34:25.462+0000] {subprocess.py:93} INFO - 26/07/17 05:34:25 INFO BlockManagerMaster: Registering BlockManager BlockManagerId(driver, 8fe4d3e39f1e, 41955, None)
[2026-07-17T05:34:25.468+0000] {subprocess.py:93} INFO - 26/07/17 05:34:25 INFO BlockManagerMasterEndpoint: Registering block manager 8fe4d3e39f1e:41955 with 434.4 MiB RAM, BlockManagerId(driver, 8fe4d3e39f1e, 41955, None)
[2026-07-17T05:34:25.516+0000] {subprocess.py:93} INFO - 26/07/17 05:34:25 INFO BlockManagerMaster: Registered BlockManager BlockManagerId(driver, 8fe4d3e39f1e, 41955, None)
[2026-07-17T05:34:25.523+0000] {subprocess.py:93} INFO - 26/07/17 05:34:25 INFO BlockManager: Initialized BlockManager: BlockManagerId(driver, 8fe4d3e39f1e, 41955, None)
[2026-07-17T05:34:26.898+0000] {subprocess.py:93} INFO - 26/07/17 05:34:26 INFO StandaloneSchedulerBackend: SchedulerBackend is ready for scheduling beginning after reached minRegisteredResourcesRatio: 0.0
[2026-07-17T05:34:27.850+0000] {subprocess.py:93} INFO - Starting stream: orders -> /opt/data/bronze/orders
[2026-07-17T05:35:52.684+0000] {job.py:218} ERROR - Job heartbeat got an exception
Traceback (most recent call last):
  File "/home/airflow/.local/lib/python3.12/site-packages/sqlalchemy/engine/base.py", line 3371, in _wrap_pool_connect
    return fn()
           ^^^^
  File "/home/airflow/.local/lib/python3.12/site-packages/sqlalchemy/pool/base.py", line 327, in connect
    return _ConnectionFairy._checkout(self)
           ^^^^^^^^^^^^^^^^^^^^^^^^^^^^^^^^
  File "/home/airflow/.local/lib/python3.12/site-packages/sqlalchemy/pool/base.py", line 894, in _checkout
    fairy = _ConnectionRecord.checkout(pool)
            ^^^^^^^^^^^^^^^^^^^^^^^^^^^^^^^^
  File "/home/airflow/.local/lib/python3.12/site-packages/sqlalchemy/pool/base.py", line 493, in checkout
    rec = pool._do_get()
          ^^^^^^^^^^^^^^
  File "/home/airflow/.local/lib/python3.12/site-packages/sqlalchemy/pool/impl.py", line 256, in _do_get
    return self._create_connection()
           ^^^^^^^^^^^^^^^^^^^^^^^^^
  File "/home/airflow/.local/lib/python3.12/site-packages/sqlalchemy/pool/base.py", line 273, in _create_connection
    return _ConnectionRecord(self)
           ^^^^^^^^^^^^^^^^^^^^^^^
  File "/home/airflow/.local/lib/python3.12/site-packages/sqlalchemy/pool/base.py", line 388, in __init__
    self.__connect()
  File "/home/airflow/.local/lib/python3.12/site-packages/sqlalchemy/pool/base.py", line 690, in __connect
    with util.safe_reraise():
  File "/home/airflow/.local/lib/python3.12/site-packages/sqlalchemy/util/langhelpers.py", line 70, in __exit__
    compat.raise_(
  File "/home/airflow/.local/lib/python3.12/site-packages/sqlalchemy/util/compat.py", line 211, in raise_
    raise exception
  File "/home/airflow/.local/lib/python3.12/site-packages/sqlalchemy/pool/base.py", line 686, in __connect
    self.dbapi_connection = connection = pool._invoke_creator(self)
                                         ^^^^^^^^^^^^^^^^^^^^^^^^^^
  File "/home/airflow/.local/lib/python3.12/site-packages/sqlalchemy/engine/create.py", line 574, in connect
    return dialect.connect(*cargs, **cparams)
           ^^^^^^^^^^^^^^^^^^^^^^^^^^^^^^^^^^
  File "/home/airflow/.local/lib/python3.12/site-packages/sqlalchemy/engine/default.py", line 598, in connect
    return self.dbapi.connect(*cargs, **cparams)
           ^^^^^^^^^^^^^^^^^^^^^^^^^^^^^^^^^^^^^
  File "/home/airflow/.local/lib/python3.12/site-packages/psycopg2/__init__.py", line 122, in connect
    conn = _connect(dsn, connection_factory=connection_factory, **kwasync)
           ^^^^^^^^^^^^^^^^^^^^^^^^^^^^^^^^^^^^^^^^^^^^^^^^^^^^^^^^^^^^^^^
psycopg2.OperationalError: could not translate host name "postgres" to address: Temporary failure in name resolution


The above exception was the direct cause of the following exception:

Traceback (most recent call last):
  File "/home/airflow/.local/lib/python3.12/site-packages/airflow/jobs/job.py", line 192, in heartbeat
    self._merge_from(Job._fetch_from_db(self, session))
                     ^^^^^^^^^^^^^^^^^^^^^^^^^^^^^^^^^
  File "/home/airflow/.local/lib/python3.12/site-packages/airflow/api_internal/internal_api_call.py", line 115, in wrapper
    return func(*args, **kwargs)
           ^^^^^^^^^^^^^^^^^^^^^
  File "/home/airflow/.local/lib/python3.12/site-packages/airflow/utils/session.py", line 76, in wrapper
    return func(*args, **kwargs)
           ^^^^^^^^^^^^^^^^^^^^^
  File "/home/airflow/.local/lib/python3.12/site-packages/airflow/utils/retries.py", line 89, in wrapped_function
    for attempt in run_with_db_retries(max_retries=retries, logger=logger, **retry_kwargs):
  File "/home/airflow/.local/lib/python3.12/site-packages/tenacity/__init__.py", line 347, in __iter__
    do = self.iter(retry_state=retry_state)
         ^^^^^^^^^^^^^^^^^^^^^^^^^^^^^^^^^^
  File "/home/airflow/.local/lib/python3.12/site-packages/tenacity/__init__.py", line 325, in iter
    raise retry_exc.reraise()
          ^^^^^^^^^^^^^^^^^^^
  File "/home/airflow/.local/lib/python3.12/site-packages/tenacity/__init__.py", line 158, in reraise
    raise self.last_attempt.result()
          ^^^^^^^^^^^^^^^^^^^^^^^^^^
  File "/usr/local/lib/python3.12/concurrent/futures/_base.py", line 449, in result
    return self.__get_result()
           ^^^^^^^^^^^^^^^^^^^
  File "/usr/local/lib/python3.12/concurrent/futures/_base.py", line 401, in __get_result
    raise self._exception
  File "/home/airflow/.local/lib/python3.12/site-packages/airflow/utils/retries.py", line 98, in wrapped_function
    return func(*args, **kwargs)
           ^^^^^^^^^^^^^^^^^^^^^
  File "/home/airflow/.local/lib/python3.12/site-packages/airflow/jobs/job.py", line 316, in _fetch_from_db
    session.merge(job)
  File "/home/airflow/.local/lib/python3.12/site-packages/sqlalchemy/orm/session.py", line 3056, in merge
    return self._merge(
           ^^^^^^^^^^^^
  File "/home/airflow/.local/lib/python3.12/site-packages/sqlalchemy/orm/session.py", line 3136, in _merge
    merged = self.get(
             ^^^^^^^^^
  File "/home/airflow/.local/lib/python3.12/site-packages/sqlalchemy/orm/session.py", line 2853, in get
    return self._get_impl(
           ^^^^^^^^^^^^^^^
  File "/home/airflow/.local/lib/python3.12/site-packages/sqlalchemy/orm/session.py", line 2975, in _get_impl
    return db_load_fn(
           ^^^^^^^^^^^
  File "/home/airflow/.local/lib/python3.12/site-packages/sqlalchemy/orm/loading.py", line 530, in load_on_pk_identity
    session.execute(
  File "/home/airflow/.local/lib/python3.12/site-packages/sqlalchemy/orm/session.py", line 1716, in execute
    conn = self._connection_for_bind(bind)
           ^^^^^^^^^^^^^^^^^^^^^^^^^^^^^^^
  File "/home/airflow/.local/lib/python3.12/site-packages/sqlalchemy/orm/session.py", line 1555, in _connection_for_bind
    return self._transaction._connection_for_bind(
           ^^^^^^^^^^^^^^^^^^^^^^^^^^^^^^^^^^^^^^^
  File "/home/airflow/.local/lib/python3.12/site-packages/sqlalchemy/orm/session.py", line 750, in _connection_for_bind
    conn = bind.connect()
           ^^^^^^^^^^^^^^
  File "/home/airflow/.local/lib/python3.12/site-packages/sqlalchemy/future/engine.py", line 412, in connect
    return super(Engine, self).connect()
           ^^^^^^^^^^^^^^^^^^^^^^^^^^^^^
  File "/home/airflow/.local/lib/python3.12/site-packages/sqlalchemy/engine/base.py", line 3325, in connect
    return self._connection_cls(self, close_with_result=close_with_result)
           ^^^^^^^^^^^^^^^^^^^^^^^^^^^^^^^^^^^^^^^^^^^^^^^^^^^^^^^^^^^^^^^
  File "/home/airflow/.local/lib/python3.12/site-packages/sqlalchemy/engine/base.py", line 96, in __init__
    else engine.raw_connection()
         ^^^^^^^^^^^^^^^^^^^^^^^
  File "/home/airflow/.local/lib/python3.12/site-packages/sqlalchemy/engine/base.py", line 3404, in raw_connection
    return self._wrap_pool_connect(self.pool.connect, _connection)
           ^^^^^^^^^^^^^^^^^^^^^^^^^^^^^^^^^^^^^^^^^^^^^^^^^^^^^^^
  File "/home/airflow/.local/lib/python3.12/site-packages/sqlalchemy/engine/base.py", line 3374, in _wrap_pool_connect
    Connection._handle_dbapi_exception_noconnection(
  File "/home/airflow/.local/lib/python3.12/site-packages/sqlalchemy/engine/base.py", line 2208, in _handle_dbapi_exception_noconnection
    util.raise_(
  File "/home/airflow/.local/lib/python3.12/site-packages/sqlalchemy/util/compat.py", line 211, in raise_
    raise exception
  File "/home/airflow/.local/lib/python3.12/site-packages/sqlalchemy/engine/base.py", line 3371, in _wrap_pool_connect
    return fn()
           ^^^^
  File "/home/airflow/.local/lib/python3.12/site-packages/sqlalchemy/pool/base.py", line 327, in connect
    return _ConnectionFairy._checkout(self)
           ^^^^^^^^^^^^^^^^^^^^^^^^^^^^^^^^
  File "/home/airflow/.local/lib/python3.12/site-packages/sqlalchemy/pool/base.py", line 894, in _checkout
    fairy = _ConnectionRecord.checkout(pool)
            ^^^^^^^^^^^^^^^^^^^^^^^^^^^^^^^^
  File "/home/airflow/.local/lib/python3.12/site-packages/sqlalchemy/pool/base.py", line 493, in checkout
    rec = pool._do_get()
          ^^^^^^^^^^^^^^
  File "/home/airflow/.local/lib/python3.12/site-packages/sqlalchemy/pool/impl.py", line 256, in _do_get
    return self._create_connection()
           ^^^^^^^^^^^^^^^^^^^^^^^^^
  File "/home/airflow/.local/lib/python3.12/site-packages/sqlalchemy/pool/base.py", line 273, in _create_connection
    return _ConnectionRecord(self)
           ^^^^^^^^^^^^^^^^^^^^^^^
  File "/home/airflow/.local/lib/python3.12/site-packages/sqlalchemy/pool/base.py", line 388, in __init__
    self.__connect()
  File "/home/airflow/.local/lib/python3.12/site-packages/sqlalchemy/pool/base.py", line 690, in __connect
    with util.safe_reraise():
  File "/home/airflow/.local/lib/python3.12/site-packages/sqlalchemy/util/langhelpers.py", line 70, in __exit__
    compat.raise_(
  File "/home/airflow/.local/lib/python3.12/site-packages/sqlalchemy/util/compat.py", line 211, in raise_
    raise exception
  File "/home/airflow/.local/lib/python3.12/site-packages/sqlalchemy/pool/base.py", line 686, in __connect
    self.dbapi_connection = connection = pool._invoke_creator(self)
                                         ^^^^^^^^^^^^^^^^^^^^^^^^^^
  File "/home/airflow/.local/lib/python3.12/site-packages/sqlalchemy/engine/create.py", line 574, in connect
    return dialect.connect(*cargs, **cparams)
           ^^^^^^^^^^^^^^^^^^^^^^^^^^^^^^^^^^
  File "/home/airflow/.local/lib/python3.12/site-packages/sqlalchemy/engine/default.py", line 598, in connect
    return self.dbapi.connect(*cargs, **cparams)
           ^^^^^^^^^^^^^^^^^^^^^^^^^^^^^^^^^^^^^
  File "/home/airflow/.local/lib/python3.12/site-packages/psycopg2/__init__.py", line 122, in connect
    conn = _connect(dsn, connection_factory=connection_factory, **kwasync)
           ^^^^^^^^^^^^^^^^^^^^^^^^^^^^^^^^^^^^^^^^^^^^^^^^^^^^^^^^^^^^^^^
sqlalchemy.exc.OperationalError: (psycopg2.OperationalError) could not translate host name "postgres" to address: Temporary failure in name resolution

(Background on this error at: https://sqlalche.me/e/14/e3q8)
[2026-07-17T05:35:52.972+0000] {job.py:226} ERROR - Job heartbeat failed with error. Scheduler is in unhealthy state
[2026-07-17T05:36:47.707+0000] {job.py:221} ERROR - Job heartbeat failed with error. Scheduler may go into unhealthy state
[2026-07-17T05:36:56.497+0000] {subprocess.py:93} INFO - 26/07/17 05:35:23 WARN TaskSchedulerImpl: Initial job has not accepted any resources; check your cluster UI to ensure that workers are registered and have sufficient resources
[2026-07-17T05:36:56.510+0000] {subprocess.py:93} INFO - 26/07/17 05:35:38 WARN TaskSchedulerImpl: Initial job has not accepted any resources; check your cluster UI to ensure that workers are registered and have sufficient resources
[2026-07-17T05:36:56.512+0000] {subprocess.py:93} INFO - 26/07/17 05:35:53 WARN TaskSchedulerImpl: Initial job has not accepted any resources; check your cluster UI to ensure that workers are registered and have sufficient resources
[2026-07-17T05:36:56.546+0000] {subprocess.py:93} INFO - 26/07/17 05:36:08 WARN TaskSchedulerImpl: Initial job has not accepted any resources; check your cluster UI to ensure that workers are registered and have sufficient resources
[2026-07-17T05:36:56.563+0000] {subprocess.py:93} INFO - 26/07/17 05:36:23 WARN TaskSchedulerImpl: Initial job has not accepted any resources; check your cluster UI to ensure that workers are registered and have sufficient resources
[2026-07-17T05:36:56.577+0000] {subprocess.py:93} INFO - 26/07/17 05:36:38 WARN TaskSchedulerImpl: Initial job has not accepted any resources; check your cluster UI to ensure that workers are registered and have sufficient resources
[2026-07-17T05:36:56.581+0000] {subprocess.py:93} INFO - 26/07/17 05:36:53 WARN TaskSchedulerImpl: Initial job has not accepted any resources; check your cluster UI to ensure that workers are registered and have sufficient resources
[2026-07-17T05:36:58.189+0000] {subprocess.py:93} INFO - 26/07/17 05:36:58 WARN DeltaLog: Failed to create a snapshot from log segment: LogSegment(file:/opt/data/bronze/orders/_delta_log,10,WrappedArray(),UninitializedV1OrV2ParquetCheckpointProvider(10,DeprecatedRawLocalFileStatus{path=file:/opt/data/bronze/orders/_delta_log/00000000000000000010.checkpoint.parquet; isDirectory=false; length=17045; replication=1; blocksize=33554432; modification_time=1784211332896; access_time=1784211332896; owner=; group=; permission=rw-rw-rw-; isSymlink=false; hasAcl=false; isEncrypted=false; isErasureCoded=false},file:/opt/data/bronze/orders/_delta_log,Some(LastCheckpointInfo(10,13,None,Some(17045),Some(10),Some(StructType(StructField(txn,StructType(StructField(appId,StringType,true),StructField(version,LongType,true),StructField(lastUpdated,LongType,true)),true),StructField(add,StructType(StructField(path,StringType,true),StructField(partitionValues,MapType(StringType,StringType,true),true),StructField(size,LongType,true),StructField(modificationTime,LongType,true),StructField(dataChange,BooleanType,true),StructField(tags,MapType(StringType,StringType,true),true),StructField(deletionVector,StructType(StructField(storageType,StringType,true),StructField(pathOrInlineDv,StringType,true),StructField(offset,IntegerType,true),StructField(sizeInBytes,IntegerType,true),StructField(cardinality,LongType,true),StructField(maxRowIndex,LongType,true)),true),StructField(baseRowId,LongType,true),StructField(defaultRowCommitVersion,LongType,true),StructField(clusteringProvider,StringType,true),StructField(stats,StringType,true)),true),StructField(remove,StructType(StructField(path,StringType,true),StructField(deletionTimestamp,LongType,true),StructField(dataChange,BooleanType,true),StructField(extendedFileMetadata,BooleanType,true),StructField(partitionValues,MapType(StringType,StringType,true),true),StructField(size,LongType,true),StructField(deletionVector,StructType(StructField(storageType,StringType,true),StructField(pathOrInlineDv,StringType,true),StructField(offset,IntegerType,true),StructField(sizeInBytes,IntegerType,true),StructField(cardinality,LongType,true),StructField(maxRowIndex,LongType,true)),true),StructField(baseRowId,LongType,true),StructField(defaultRowCommitVersion,LongType,true)),true),StructField(metaData,StructType(StructField(id,StringType,true),StructField(name,StringType,true),StructField(description,StringType,true),StructField(format,StructType(StructField(provider,StringType,true),StructField(options,MapType(StringType,StringType,true),true)),true),StructField(schemaString,StringType,true),StructField(partitionColumns,ArrayType(StringType,true),true),StructField(configuration,MapType(StringType,StringType,true),true),StructField(createdTime,LongType,true)),true),StructField(protocol,StructType(StructField(minReaderVersion,IntegerType,true),StructField(minWriterVersion,IntegerType,true),StructField(readerFeatures,ArrayType(StringType,true),true),StructField(writerFeatures,ArrayType(StringType,true),true)),true),StructField(domainMetadata,StructType(StructField(domain,StringType,true),StructField(configuration,StringType,true),StructField(removed,BooleanType,true)),true))),None,Some(f5f850337fc4ae7075e6d33f398b7d1b)))),1784211320559). Trying a different checkpoint.
[2026-07-17T05:36:58.192+0000] {subprocess.py:93} INFO - org.apache.spark.SparkException: Job 0 cancelled because SparkContext was shut down
[2026-07-17T05:36:58.194+0000] {subprocess.py:93} INFO - 	at org.apache.spark.scheduler.DAGScheduler.$anonfun$cleanUpAfterSchedulerStop$1(DAGScheduler.scala:1253)
[2026-07-17T05:36:58.196+0000] {subprocess.py:93} INFO - 	at org.apache.spark.scheduler.DAGScheduler.$anonfun$cleanUpAfterSchedulerStop$1$adapted(DAGScheduler.scala:1251)
[2026-07-17T05:36:58.198+0000] {subprocess.py:93} INFO - 	at scala.collection.mutable.HashSet.foreach(HashSet.scala:79)
[2026-07-17T05:36:58.199+0000] {subprocess.py:93} INFO - 	at org.apache.spark.scheduler.DAGScheduler.cleanUpAfterSchedulerStop(DAGScheduler.scala:1251)
[2026-07-17T05:36:58.201+0000] {subprocess.py:93} INFO - 	at org.apache.spark.scheduler.DAGSchedulerEventProcessLoop.onStop(DAGScheduler.scala:3087)
[2026-07-17T05:36:58.204+0000] {subprocess.py:93} INFO - 	at org.apache.spark.util.EventLoop.stop(EventLoop.scala:84)
[2026-07-17T05:36:58.214+0000] {subprocess.py:93} INFO - 	at org.apache.spark.scheduler.DAGScheduler.$anonfun$stop$3(DAGScheduler.scala:2973)
[2026-07-17T05:36:58.222+0000] {subprocess.py:93} INFO - 	at org.apache.spark.util.Utils$.tryLogNonFatalError(Utils.scala:1375)
[2026-07-17T05:36:58.240+0000] {subprocess.py:93} INFO - 	at org.apache.spark.scheduler.DAGScheduler.stop(DAGScheduler.scala:2973)
[2026-07-17T05:36:58.243+0000] {subprocess.py:93} INFO - 	at org.apache.spark.SparkContext.$anonfun$stop$12(SparkContext.scala:2263)
[2026-07-17T05:36:58.245+0000] {subprocess.py:93} INFO - 	at org.apache.spark.util.Utils$.tryLogNonFatalError(Utils.scala:1375)
[2026-07-17T05:36:58.248+0000] {subprocess.py:93} INFO - 	at org.apache.spark.SparkContext.stop(SparkContext.scala:2263)
[2026-07-17T05:36:58.250+0000] {subprocess.py:93} INFO - 	at org.apache.spark.SparkContext.stop(SparkContext.scala:2216)
[2026-07-17T05:36:58.264+0000] {subprocess.py:93} INFO - 	at org.apache.spark.SparkContext.$anonfun$new$34(SparkContext.scala:686)
[2026-07-17T05:36:58.266+0000] {subprocess.py:93} INFO - 	at org.apache.spark.util.SparkShutdownHook.run(ShutdownHookManager.scala:214)
[2026-07-17T05:36:58.269+0000] {subprocess.py:93} INFO - 	at org.apache.spark.util.SparkShutdownHookManager.$anonfun$runAll$2(ShutdownHookManager.scala:188)
[2026-07-17T05:36:58.272+0000] {subprocess.py:93} INFO - 	at scala.runtime.java8.JFunction0$mcV$sp.apply(JFunction0$mcV$sp.java:23)
[2026-07-17T05:36:58.274+0000] {subprocess.py:93} INFO - 	at org.apache.spark.util.Utils$.logUncaughtExceptions(Utils.scala:1928)
[2026-07-17T05:36:58.276+0000] {subprocess.py:93} INFO - 	at org.apache.spark.util.SparkShutdownHookManager.$anonfun$runAll$1(ShutdownHookManager.scala:188)
[2026-07-17T05:36:58.277+0000] {subprocess.py:93} INFO - 	at scala.runtime.java8.JFunction0$mcV$sp.apply(JFunction0$mcV$sp.java:23)
[2026-07-17T05:36:58.278+0000] {subprocess.py:93} INFO - 	at scala.util.Try$.apply(Try.scala:213)
[2026-07-17T05:36:58.279+0000] {subprocess.py:93} INFO - 	at org.apache.spark.util.SparkShutdownHookManager.runAll(ShutdownHookManager.scala:188)
[2026-07-17T05:36:58.280+0000] {subprocess.py:93} INFO - 	at org.apache.spark.util.SparkShutdownHookManager$$anon$2.run(ShutdownHookManager.scala:178)
[2026-07-17T05:36:58.281+0000] {subprocess.py:93} INFO - 	at java.base/java.util.concurrent.Executors$RunnableAdapter.call(Unknown Source)
[2026-07-17T05:36:58.282+0000] {subprocess.py:93} INFO - 	at java.base/java.util.concurrent.FutureTask.run(Unknown Source)
[2026-07-17T05:36:58.283+0000] {subprocess.py:93} INFO - 	at java.base/java.util.concurrent.ThreadPoolExecutor.runWorker(Unknown Source)
[2026-07-17T05:36:58.286+0000] {subprocess.py:93} INFO - 	at java.base/java.util.concurrent.ThreadPoolExecutor$Worker.run(Unknown Source)
[2026-07-17T05:36:58.287+0000] {subprocess.py:93} INFO - 	at java.base/java.lang.Thread.run(Unknown Source)
[2026-07-17T05:36:58.288+0000] {subprocess.py:93} INFO - 	at org.apache.spark.scheduler.DAGScheduler.runJob(DAGScheduler.scala:989)
[2026-07-17T05:36:58.291+0000] {subprocess.py:93} INFO - 	at org.apache.spark.SparkContext.runJob(SparkContext.scala:2398)
[2026-07-17T05:36:58.292+0000] {subprocess.py:93} INFO - 	at org.apache.spark.SparkContext.runJob(SparkContext.scala:2419)
[2026-07-17T05:36:58.294+0000] {subprocess.py:93} INFO - 	at org.apache.spark.SparkContext.runJob(SparkContext.scala:2438)
[2026-07-17T05:36:58.297+0000] {subprocess.py:93} INFO - 	at org.apache.spark.SparkContext.runJob(SparkContext.scala:2463)
[2026-07-17T05:36:58.299+0000] {subprocess.py:93} INFO - 	at org.apache.spark.rdd.RDD.$anonfun$collect$1(RDD.scala:1049)
[2026-07-17T05:36:58.302+0000] {subprocess.py:93} INFO - 	at org.apache.spark.rdd.RDDOperationScope$.withScope(RDDOperationScope.scala:151)
[2026-07-17T05:36:58.303+0000] {subprocess.py:93} INFO - 	at org.apache.spark.rdd.RDDOperationScope$.withScope(RDDOperationScope.scala:112)
[2026-07-17T05:36:58.304+0000] {subprocess.py:93} INFO - 	at org.apache.spark.rdd.RDD.withScope(RDD.scala:410)
[2026-07-17T05:36:58.306+0000] {subprocess.py:93} INFO - 	at org.apache.spark.rdd.RDD.collect(RDD.scala:1048)
[2026-07-17T05:36:58.307+0000] {subprocess.py:93} INFO - 	at org.apache.spark.sql.execution.SparkPlan.executeCollect(SparkPlan.scala:448)
[2026-07-17T05:36:58.308+0000] {subprocess.py:93} INFO - 	at org.apache.spark.sql.Dataset.collectFromPlan(Dataset.scala:4332)
[2026-07-17T05:36:58.312+0000] {subprocess.py:93} INFO - 	at org.apache.spark.sql.Dataset.$anonfun$collect$1(Dataset.scala:3573)
[2026-07-17T05:36:58.317+0000] {subprocess.py:93} INFO - 	at org.apache.spark.sql.Dataset.$anonfun$withAction$2(Dataset.scala:4322)
[2026-07-17T05:36:58.318+0000] {subprocess.py:93} INFO - 	at org.apache.spark.sql.execution.QueryExecution$.withInternalError(QueryExecution.scala:546)
[2026-07-17T05:36:58.325+0000] {subprocess.py:93} INFO - 	at org.apache.spark.sql.Dataset.$anonfun$withAction$1(Dataset.scala:4320)
[2026-07-17T05:36:58.328+0000] {subprocess.py:93} INFO - 	at org.apache.spark.sql.execution.SQLExecution$.$anonfun$withNewExecutionId$6(SQLExecution.scala:125)
[2026-07-17T05:36:58.332+0000] {subprocess.py:93} INFO - 	at org.apache.spark.sql.execution.SQLExecution$.withSQLConfPropagated(SQLExecution.scala:201)
[2026-07-17T05:36:58.338+0000] {subprocess.py:93} INFO - 	at org.apache.spark.sql.execution.SQLExecution$.$anonfun$withNewExecutionId$1(SQLExecution.scala:108)
[2026-07-17T05:36:58.356+0000] {subprocess.py:93} INFO - 	at org.apache.spark.sql.SparkSession.withActive(SparkSession.scala:900)
[2026-07-17T05:36:58.358+0000] {subprocess.py:93} INFO - 	at org.apache.spark.sql.execution.SQLExecution$.withNewExecutionId(SQLExecution.scala:66)
[2026-07-17T05:36:58.359+0000] {subprocess.py:93} INFO - 	at org.apache.spark.sql.Dataset.withAction(Dataset.scala:4320)
[2026-07-17T05:36:58.360+0000] {subprocess.py:93} INFO - 	at org.apache.spark.sql.Dataset.collect(Dataset.scala:3573)
[2026-07-17T05:36:58.361+0000] {subprocess.py:93} INFO - 	at org.apache.spark.sql.delta.Snapshot.protocolMetadataAndICTReconstruction(Snapshot.scala:309)
[2026-07-17T05:36:58.362+0000] {subprocess.py:93} INFO - 	at org.apache.spark.sql.delta.Snapshot._reconstructedProtocolMetadataAndICT$lzycompute(Snapshot.scala:203)
[2026-07-17T05:36:58.363+0000] {subprocess.py:93} INFO - 	at org.apache.spark.sql.delta.Snapshot._reconstructedProtocolMetadataAndICT(Snapshot.scala:196)
[2026-07-17T05:36:58.364+0000] {subprocess.py:93} INFO - 	at org.apache.spark.sql.delta.Snapshot.metadata(Snapshot.scala:278)
[2026-07-17T05:36:58.364+0000] {subprocess.py:93} INFO - 	at org.apache.spark.sql.delta.managedcommit.CommitOwnerProvider$.getTableCommitOwner(CommitOwnerClient.scala:212)
[2026-07-17T05:36:58.365+0000] {subprocess.py:93} INFO - 	at org.apache.spark.sql.delta.Snapshot.initializeTableCommitOwner(Snapshot.scala:237)
[2026-07-17T05:36:58.367+0000] {subprocess.py:93} INFO - 	at org.apache.spark.sql.delta.Snapshot.<init>(Snapshot.scala:235)
[2026-07-17T05:36:58.370+0000] {subprocess.py:93} INFO - 	at org.apache.spark.sql.delta.SnapshotManagement.$anonfun$createSnapshot$2(SnapshotManagement.scala:634)
[2026-07-17T05:36:58.373+0000] {subprocess.py:93} INFO - 	at org.apache.spark.sql.delta.SnapshotManagement.createSnapshotFromGivenOrEquivalentLogSegment(SnapshotManagement.scala:796)
[2026-07-17T05:36:58.377+0000] {subprocess.py:93} INFO - 	at org.apache.spark.sql.delta.SnapshotManagement.createSnapshotFromGivenOrEquivalentLogSegment$(SnapshotManagement.scala:782)
[2026-07-17T05:36:58.381+0000] {subprocess.py:93} INFO - 	at org.apache.spark.sql.delta.DeltaLog.createSnapshotFromGivenOrEquivalentLogSegment(DeltaLog.scala:74)
[2026-07-17T05:36:58.415+0000] {subprocess.py:93} INFO - 	at org.apache.spark.sql.delta.SnapshotManagement.createSnapshot(SnapshotManagement.scala:627)
[2026-07-17T05:36:58.417+0000] {subprocess.py:93} INFO - 	at org.apache.spark.sql.delta.SnapshotManagement.createSnapshot$(SnapshotManagement.scala:618)
[2026-07-17T05:36:58.418+0000] {subprocess.py:93} INFO - 	at org.apache.spark.sql.delta.DeltaLog.createSnapshot(DeltaLog.scala:74)
[2026-07-17T05:36:58.432+0000] {subprocess.py:93} INFO - 	at org.apache.spark.sql.delta.SnapshotManagement.$anonfun$getSnapshotForLogSegmentInternal$1(SnapshotManagement.scala:1043)
[2026-07-17T05:36:58.433+0000] {subprocess.py:93} INFO - 	at scala.Option.map(Option.scala:230)
[2026-07-17T05:36:58.435+0000] {subprocess.py:93} INFO - 	at org.apache.spark.sql.delta.SnapshotManagement.getSnapshotForLogSegmentInternal(SnapshotManagement.scala:1036)
[2026-07-17T05:36:58.437+0000] {subprocess.py:93} INFO - 	at org.apache.spark.sql.delta.SnapshotManagement.getSnapshotForLogSegmentInternal$(SnapshotManagement.scala:1031)
[2026-07-17T05:36:58.438+0000] {subprocess.py:93} INFO - 	at org.apache.spark.sql.delta.DeltaLog.getSnapshotForLogSegmentInternal(DeltaLog.scala:74)
[2026-07-17T05:36:58.451+0000] {subprocess.py:93} INFO - 	at org.apache.spark.sql.delta.SnapshotManagement.getUpdatedSnapshot(SnapshotManagement.scala:1012)
[2026-07-17T05:36:58.453+0000] {subprocess.py:93} INFO - 	at org.apache.spark.sql.delta.SnapshotManagement.getUpdatedSnapshot$(SnapshotManagement.scala:1003)
[2026-07-17T05:36:58.455+0000] {subprocess.py:93} INFO - 	at org.apache.spark.sql.delta.DeltaLog.getUpdatedSnapshot(DeltaLog.scala:74)
[2026-07-17T05:36:58.459+0000] {subprocess.py:93} INFO - 	at org.apache.spark.sql.delta.SnapshotManagement.$anonfun$getSnapshotAtInit$2(SnapshotManagement.scala:583)
[2026-07-17T05:36:58.461+0000] {subprocess.py:93} INFO - 	at org.apache.spark.sql.delta.metering.DeltaLogging.recordFrameProfile(DeltaLogging.scala:168)
[2026-07-17T05:36:58.462+0000] {subprocess.py:93} INFO - 	at org.apache.spark.sql.delta.metering.DeltaLogging.recordFrameProfile$(DeltaLogging.scala:166)
[2026-07-17T05:36:58.464+0000] {subprocess.py:93} INFO - 	at org.apache.spark.sql.delta.DeltaLog.recordFrameProfile(DeltaLog.scala:74)
[2026-07-17T05:36:58.479+0000] {subprocess.py:93} INFO - 	at org.apache.spark.sql.delta.SnapshotManagement.$anonfun$getSnapshotAtInit$1(SnapshotManagement.scala:573)
[2026-07-17T05:36:58.481+0000] {subprocess.py:93} INFO - 	at org.apache.spark.sql.delta.SnapshotManagement.withSnapshotLockInterruptibly(SnapshotManagement.scala:78)
[2026-07-17T05:36:58.483+0000] {subprocess.py:93} INFO - 	at org.apache.spark.sql.delta.SnapshotManagement.withSnapshotLockInterruptibly$(SnapshotManagement.scala:75)
[2026-07-17T05:36:58.485+0000] {subprocess.py:93} INFO - 	at org.apache.spark.sql.delta.DeltaLog.withSnapshotLockInterruptibly(DeltaLog.scala:74)
[2026-07-17T05:36:58.490+0000] {subprocess.py:93} INFO - 	at org.apache.spark.sql.delta.SnapshotManagement.getSnapshotAtInit(SnapshotManagement.scala:573)
[2026-07-17T05:36:58.493+0000] {subprocess.py:93} INFO - 	at org.apache.spark.sql.delta.SnapshotManagement.getSnapshotAtInit$(SnapshotManagement.scala:572)
[2026-07-17T05:36:58.496+0000] {subprocess.py:93} INFO - 	at org.apache.spark.sql.delta.DeltaLog.getSnapshotAtInit(DeltaLog.scala:74)
[2026-07-17T05:36:58.498+0000] {subprocess.py:93} INFO - 	at org.apache.spark.sql.delta.SnapshotManagement.$init$(SnapshotManagement.scala:69)
[2026-07-17T05:36:58.503+0000] {subprocess.py:93} INFO - 	at org.apache.spark.sql.delta.DeltaLog.<init>(DeltaLog.scala:80)
[2026-07-17T05:36:58.506+0000] {subprocess.py:93} INFO - 	at org.apache.spark.sql.delta.DeltaLog$.$anonfun$apply$4(DeltaLog.scala:853)
[2026-07-17T05:36:58.511+0000] {subprocess.py:93} INFO - 	at org.apache.spark.sql.catalyst.plans.logical.AnalysisHelper$.allowInvokingTransformsInAnalyzer(AnalysisHelper.scala:323)
[2026-07-17T05:36:58.513+0000] {subprocess.py:93} INFO - 	at org.apache.spark.sql.delta.DeltaLog$.$anonfun$apply$3(DeltaLog.scala:848)
[2026-07-17T05:36:58.514+0000] {subprocess.py:93} INFO - 	at org.apache.spark.sql.delta.metering.DeltaLogging.recordFrameProfile(DeltaLogging.scala:168)
[2026-07-17T05:36:58.517+0000] {subprocess.py:93} INFO - 	at org.apache.spark.sql.delta.metering.DeltaLogging.recordFrameProfile$(DeltaLogging.scala:166)
[2026-07-17T05:36:58.518+0000] {subprocess.py:93} INFO - 	at org.apache.spark.sql.delta.DeltaLog$.recordFrameProfile(DeltaLog.scala:651)
[2026-07-17T05:36:58.519+0000] {subprocess.py:93} INFO - 	at org.apache.spark.sql.delta.metering.DeltaLogging.$anonfun$recordDeltaOperationInternal$1(DeltaLogging.scala:136)
[2026-07-17T05:36:58.524+0000] {subprocess.py:93} INFO - 	at com.databricks.spark.util.DatabricksLogging.recordOperation(DatabricksLogging.scala:128)
[2026-07-17T05:36:58.528+0000] {subprocess.py:93} INFO - 	at com.databricks.spark.util.DatabricksLogging.recordOperation$(DatabricksLogging.scala:117)
[2026-07-17T05:36:58.531+0000] {subprocess.py:93} INFO - 	at org.apache.spark.sql.delta.DeltaLog$.recordOperation(DeltaLog.scala:651)
[2026-07-17T05:36:58.534+0000] {subprocess.py:93} INFO - 	at org.apache.spark.sql.delta.metering.DeltaLogging.recordDeltaOperationInternal(DeltaLogging.scala:135)
[2026-07-17T05:36:58.535+0000] {subprocess.py:93} INFO - 	at org.apache.spark.sql.delta.metering.DeltaLogging.recordDeltaOperation(DeltaLogging.scala:125)
[2026-07-17T05:36:58.536+0000] {subprocess.py:93} INFO - 	at org.apache.spark.sql.delta.metering.DeltaLogging.recordDeltaOperation$(DeltaLogging.scala:115)
[2026-07-17T05:36:58.542+0000] {subprocess.py:93} INFO - 	at org.apache.spark.sql.delta.DeltaLog$.recordDeltaOperation(DeltaLog.scala:651)
[2026-07-17T05:36:58.543+0000] {subprocess.py:93} INFO - 	at org.apache.spark.sql.delta.DeltaLog$.createDeltaLog$1(DeltaLog.scala:847)
[2026-07-17T05:36:58.545+0000] {subprocess.py:93} INFO - 	at org.apache.spark.sql.delta.DeltaLog$.$anonfun$apply$5(DeltaLog.scala:866)
[2026-07-17T05:36:58.546+0000] {subprocess.py:93} INFO - 	at com.google.common.cache.LocalCache$LocalManualCache$1.load(LocalCache.java:4792)
[2026-07-17T05:36:58.548+0000] {subprocess.py:93} INFO - 	at com.google.common.cache.LocalCache$LoadingValueReference.loadFuture(LocalCache.java:3599)
[2026-07-17T05:36:58.550+0000] {subprocess.py:93} INFO - 	at com.google.common.cache.LocalCache$Segment.loadSync(LocalCache.java:2379)
[2026-07-17T05:36:58.557+0000] {subprocess.py:93} INFO - 	at com.google.common.cache.LocalCache$Segment.lockedGetOrLoad(LocalCache.java:2342)
[2026-07-17T05:36:58.584+0000] {subprocess.py:93} INFO - 	at com.google.common.cache.LocalCache$Segment.get(LocalCache.java:2257)
[2026-07-17T05:36:58.591+0000] {subprocess.py:93} INFO - 	at com.google.common.cache.LocalCache.get(LocalCache.java:4000)
[2026-07-17T05:36:58.593+0000] {subprocess.py:93} INFO - 	at com.google.common.cache.LocalCache$LocalManualCache.get(LocalCache.java:4789)
[2026-07-17T05:36:58.594+0000] {subprocess.py:93} INFO - 	at org.apache.spark.sql.delta.DeltaLog$.getDeltaLogFromCache$1(DeltaLog.scala:865)
[2026-07-17T05:36:58.595+0000] {subprocess.py:93} INFO - 	at org.apache.spark.sql.delta.DeltaLog$.apply(DeltaLog.scala:875)
[2026-07-17T05:36:58.596+0000] {subprocess.py:93} INFO - 	at org.apache.spark.sql.delta.DeltaLog$.apply(DeltaLog.scala:784)
[2026-07-17T05:36:58.596+0000] {subprocess.py:93} INFO - 	at org.apache.spark.sql.delta.DeltaLog$.forTable(DeltaLog.scala:746)
[2026-07-17T05:36:58.597+0000] {subprocess.py:93} INFO - 	at org.apache.spark.sql.delta.sources.DeltaSink.<init>(DeltaSink.scala:54)
[2026-07-17T05:36:58.600+0000] {subprocess.py:93} INFO - 	at org.apache.spark.sql.delta.sources.DeltaDataSource.createSink(DeltaDataSource.scala:174)
[2026-07-17T05:36:58.613+0000] {subprocess.py:93} INFO - 	at org.apache.spark.sql.execution.datasources.DataSource.createSink(DataSource.scala:313)
[2026-07-17T05:36:58.614+0000] {subprocess.py:93} INFO - 	at org.apache.spark.sql.streaming.DataStreamWriter.createV1Sink(DataStreamWriter.scala:442)
[2026-07-17T05:36:58.622+0000] {subprocess.py:93} INFO - 	at org.apache.spark.sql.streaming.DataStreamWriter.startInternal(DataStreamWriter.scala:404)
[2026-07-17T05:36:58.624+0000] {subprocess.py:93} INFO - 	at org.apache.spark.sql.streaming.DataStreamWriter.start(DataStreamWriter.scala:251)
[2026-07-17T05:36:58.626+0000] {subprocess.py:93} INFO - 	at java.base/jdk.internal.reflect.NativeMethodAccessorImpl.invoke0(Native Method)
[2026-07-17T05:36:58.627+0000] {subprocess.py:93} INFO - 	at java.base/jdk.internal.reflect.NativeMethodAccessorImpl.invoke(Unknown Source)
[2026-07-17T05:36:58.628+0000] {subprocess.py:93} INFO - 	at java.base/jdk.internal.reflect.DelegatingMethodAccessorImpl.invoke(Unknown Source)
[2026-07-17T05:36:58.628+0000] {subprocess.py:93} INFO - 	at java.base/java.lang.reflect.Method.invoke(Unknown Source)
[2026-07-17T05:36:58.629+0000] {subprocess.py:93} INFO - 	at py4j.reflection.MethodInvoker.invoke(MethodInvoker.java:244)
[2026-07-17T05:36:58.630+0000] {subprocess.py:93} INFO - 	at py4j.reflection.ReflectionEngine.invoke(ReflectionEngine.java:374)
[2026-07-17T05:36:58.630+0000] {subprocess.py:93} INFO - 	at py4j.Gateway.invoke(Gateway.java:282)
[2026-07-17T05:36:58.631+0000] {subprocess.py:93} INFO - 	at py4j.commands.AbstractCommand.invokeMethod(AbstractCommand.java:132)
[2026-07-17T05:36:58.632+0000] {subprocess.py:93} INFO - 	at py4j.commands.CallCommand.execute(CallCommand.java:79)
[2026-07-17T05:36:58.633+0000] {subprocess.py:93} INFO - 	at py4j.ClientServerConnection.waitForCommands(ClientServerConnection.java:182)
[2026-07-17T05:36:58.634+0000] {subprocess.py:93} INFO - 	at py4j.ClientServerConnection.run(ClientServerConnection.java:106)
[2026-07-17T05:36:58.635+0000] {subprocess.py:93} INFO - 	at java.base/java.lang.Thread.run(Unknown Source)
[2026-07-17T05:36:59.329+0000] {subprocess.py:97} INFO - Command exited with return code 124
[2026-07-17T05:36:59.349+0000] {taskinstance.py:441} INFO - ::group::Post task execution logs
[2026-07-17T05:36:59.462+0000] {taskinstance.py:2890} ERROR - Task failed with exception
Traceback (most recent call last):
  File "/home/airflow/.local/lib/python3.12/site-packages/airflow/models/taskinstance.py", line 465, in _execute_task
    result = _execute_callable(context=context, **execute_callable_kwargs)
             ^^^^^^^^^^^^^^^^^^^^^^^^^^^^^^^^^^^^^^^^^^^^^^^^^^^^^^^^^^^^^
  File "/home/airflow/.local/lib/python3.12/site-packages/airflow/models/taskinstance.py", line 432, in _execute_callable
    return execute_callable(context=context, **execute_callable_kwargs)
           ^^^^^^^^^^^^^^^^^^^^^^^^^^^^^^^^^^^^^^^^^^^^^^^^^^^^^^^^^^^^
  File "/home/airflow/.local/lib/python3.12/site-packages/airflow/models/baseoperator.py", line 400, in wrapper
    return func(self, *args, **kwargs)
           ^^^^^^^^^^^^^^^^^^^^^^^^^^^
  File "/home/airflow/.local/lib/python3.12/site-packages/airflow/operators/bash.py", line 243, in execute
    raise AirflowException(
airflow.exceptions.AirflowException: Bash command failed. The command returned a non-zero exit code 124.
[2026-07-17T05:36:59.492+0000] {taskinstance.py:1205} INFO - Marking task as UP_FOR_RETRY. dag_id=e-commerce_kafka_streaming_pipeline_v1, task_id=run_bronze, execution_date=20260717T040000, start_date=20260717T053409, end_date=20260717T053659
[2026-07-17T05:36:59.558+0000] {standard_task_runner.py:110} ERROR - Failed to execute job 82 for task run_bronze (Bash command failed. The command returned a non-zero exit code 124.; 2733)
[2026-07-17T05:36:59.598+0000] {local_task_job_runner.py:240} INFO - Task exited with return code 1
[2026-07-17T05:36:59.691+0000] {taskinstance.py:3482} INFO - 0 downstream tasks scheduled from follow-on schedule check
[2026-07-17T05:36:59.698+0000] {local_task_job_runner.py:222} INFO - ::endgroup::
