[2026-07-16T13:41:42.578+0000] {local_task_job_runner.py:120} INFO - ::group::Pre task execution logs
[2026-07-16T13:41:42.612+0000] {taskinstance.py:2073} INFO - Dependencies all met for dep_context=non-requeueable deps ti=<TaskInstance: e-commerce_kafka_streaming_pipeline_v1.run_bronze manual__2026-07-16T08:39:39.237592+00:00 [queued]>
[2026-07-16T13:41:42.621+0000] {taskinstance.py:2073} INFO - Dependencies all met for dep_context=requeueable deps ti=<TaskInstance: e-commerce_kafka_streaming_pipeline_v1.run_bronze manual__2026-07-16T08:39:39.237592+00:00 [queued]>
[2026-07-16T13:41:42.622+0000] {taskinstance.py:2303} INFO - Starting attempt 2 of 3
[2026-07-16T13:41:42.636+0000] {taskinstance.py:2327} INFO - Executing <Task(BashOperator): run_bronze> on 2026-07-16 08:39:39.237592+00:00
[2026-07-16T13:41:42.644+0000] {standard_task_runner.py:90} INFO - Running: ['***', 'tasks', 'run', 'e-commerce_kafka_streaming_pipeline_v1', 'run_bronze', 'manual__2026-07-16T08:39:39.237592+00:00', '--job-id', '66', '--raw', '--subdir', 'DAGS_FOLDER/sdp_pipeline_dag.py', '--cfg-path', '/tmp/tmp4_ne96na']
[2026-07-16T13:41:42.647+0000] {standard_task_runner.py:91} INFO - Job 66: Subtask run_bronze
[2026-07-16T13:41:42.662+0000] {logging_mixin.py:188} WARNING - /home/***/.local/lib/python3.12/site-packages/***/task/task_runner/standard_task_runner.py:61 DeprecationWarning: This process (pid=2318) is multi-threaded, use of fork() may lead to deadlocks in the child.
[2026-07-16T13:41:42.663+0000] {standard_task_runner.py:63} INFO - Started process 2319 to run task
[2026-07-16T13:41:42.703+0000] {task_command.py:426} INFO - Running <TaskInstance: e-commerce_kafka_streaming_pipeline_v1.run_bronze manual__2026-07-16T08:39:39.237592+00:00 [running]> on host da27550080bf
[2026-07-16T13:41:42.782+0000] {taskinstance.py:2644} INFO - Exporting env vars: AIRFLOW_CTX_DAG_OWNER='dev' AIRFLOW_CTX_DAG_ID='e-commerce_kafka_streaming_pipeline_v1' AIRFLOW_CTX_TASK_ID='run_bronze' AIRFLOW_CTX_EXECUTION_DATE='2026-07-16T08:39:39.237592+00:00' AIRFLOW_CTX_TRY_NUMBER='2' AIRFLOW_CTX_DAG_RUN_ID='manual__2026-07-16T08:39:39.237592+00:00'
[2026-07-16T13:41:42.784+0000] {taskinstance.py:430} INFO - ::endgroup::
[2026-07-16T13:41:42.796+0000] {subprocess.py:63} INFO - Tmp dir root location: /tmp
[2026-07-16T13:41:42.800+0000] {subprocess.py:75} INFO - Running command: ['/usr/bin/bash', '-c', 'timeout 150s docker run --rm --network streaming_kafka_project_sdp-net --volume /d/Streaming_kafka_project/pipelines:/opt/pipelines --volume /d/Streaming_kafka_project/data:/opt/data --volume /d/Streaming_kafka_project/checkpoints:/opt/checkpoints --volume /d/Streaming_kafka_project/jars:/opt/jars apache/spark:3.5.1 /opt/spark/bin/spark-submit --master spark://sdp-spark-master:7077 --executor-cores 1 --executor-memory 512m --total-executor-cores 3 --jars /opt/jars/delta-spark_2.12-3.2.0.jar,/opt/jars/delta-storage-3.2.0.jar,/opt/jars/spark-sql-kafka-0-10_2.12-3.5.1.jar,/opt/jars/kafka-clients-3.4.1.jar,/opt/jars/spark-token-provider-kafka-0-10_2.12-3.5.1.jar,/opt/jars/commons-pool2-2.11.1.jar --conf spark.sql.extensions=io.delta.sql.DeltaSparkSessionExtension --conf spark.sql.catalog.spark_catalog=org.apache.spark.sql.delta.catalog.DeltaCatalog  /opt/pipelines/bronze_runner.py']
[2026-07-16T13:41:42.809+0000] {subprocess.py:86} INFO - Output:
[2026-07-16T13:41:45.218+0000] {subprocess.py:93} INFO - 26/07/16 13:41:45 WARN NativeCodeLoader: Unable to load native-hadoop library for your platform... using builtin-java classes where applicable
[2026-07-16T13:41:45.968+0000] {subprocess.py:93} INFO - 26/07/16 13:41:45 INFO SparkContext: Running Spark version 3.5.1
[2026-07-16T13:41:45.970+0000] {subprocess.py:93} INFO - 26/07/16 13:41:45 INFO SparkContext: OS info Linux, 6.18.33.2-microsoft-standard-WSL2, amd64
[2026-07-16T13:41:45.971+0000] {subprocess.py:93} INFO - 26/07/16 13:41:45 INFO SparkContext: Java version 11.0.22
[2026-07-16T13:41:46.001+0000] {subprocess.py:93} INFO - 26/07/16 13:41:45 INFO ResourceUtils: ==============================================================
[2026-07-16T13:41:46.002+0000] {subprocess.py:93} INFO - 26/07/16 13:41:45 INFO ResourceUtils: No custom resources configured for spark.driver.
[2026-07-16T13:41:46.003+0000] {subprocess.py:93} INFO - 26/07/16 13:41:46 INFO ResourceUtils: ==============================================================
[2026-07-16T13:41:46.004+0000] {subprocess.py:93} INFO - 26/07/16 13:41:46 INFO SparkContext: Submitted application: SDP-Bronze
[2026-07-16T13:41:46.026+0000] {subprocess.py:93} INFO - 26/07/16 13:41:46 INFO ResourceProfile: Default ResourceProfile created, executor resources: Map(cores -> name: cores, amount: 1, script: , vendor: , memory -> name: memory, amount: 512, script: , vendor: , offHeap -> name: offHeap, amount: 0, script: , vendor: ), task resources: Map(cpus -> name: cpus, amount: 1.0)
[2026-07-16T13:41:46.044+0000] {subprocess.py:93} INFO - 26/07/16 13:41:46 INFO ResourceProfile: Limiting resource is cpus at 1 tasks per executor
[2026-07-16T13:41:46.050+0000] {subprocess.py:93} INFO - 26/07/16 13:41:46 INFO ResourceProfileManager: Added ResourceProfile id: 0
[2026-07-16T13:41:46.128+0000] {subprocess.py:93} INFO - 26/07/16 13:41:46 INFO SecurityManager: Changing view acls to: spark
[2026-07-16T13:41:46.129+0000] {subprocess.py:93} INFO - 26/07/16 13:41:46 INFO SecurityManager: Changing modify acls to: spark
[2026-07-16T13:41:46.130+0000] {subprocess.py:93} INFO - 26/07/16 13:41:46 INFO SecurityManager: Changing view acls groups to:
[2026-07-16T13:41:46.131+0000] {subprocess.py:93} INFO - 26/07/16 13:41:46 INFO SecurityManager: Changing modify acls groups to:
[2026-07-16T13:41:46.131+0000] {subprocess.py:93} INFO - 26/07/16 13:41:46 INFO SecurityManager: SecurityManager: authentication disabled; ui acls disabled; users with view permissions: spark; groups with view permissions: EMPTY; users with modify permissions: spark; groups with modify permissions: EMPTY
[2026-07-16T13:41:46.389+0000] {subprocess.py:93} INFO - 26/07/16 13:41:46 INFO Utils: Successfully started service 'sparkDriver' on port 40189.
[2026-07-16T13:41:46.436+0000] {subprocess.py:93} INFO - 26/07/16 13:41:46 INFO SparkEnv: Registering MapOutputTracker
[2026-07-16T13:41:46.483+0000] {subprocess.py:93} INFO - 26/07/16 13:41:46 INFO SparkEnv: Registering BlockManagerMaster
[2026-07-16T13:41:46.520+0000] {subprocess.py:93} INFO - 26/07/16 13:41:46 INFO BlockManagerMasterEndpoint: Using org.apache.spark.storage.DefaultTopologyMapper for getting topology information
[2026-07-16T13:41:46.521+0000] {subprocess.py:93} INFO - 26/07/16 13:41:46 INFO BlockManagerMasterEndpoint: BlockManagerMasterEndpoint up
[2026-07-16T13:41:46.527+0000] {subprocess.py:93} INFO - 26/07/16 13:41:46 INFO SparkEnv: Registering BlockManagerMasterHeartbeat
[2026-07-16T13:41:46.574+0000] {subprocess.py:93} INFO - 26/07/16 13:41:46 INFO DiskBlockManager: Created local directory at /tmp/blockmgr-0a30a499-5b25-470f-b9a8-56f89e186fed
[2026-07-16T13:41:46.596+0000] {subprocess.py:93} INFO - 26/07/16 13:41:46 INFO MemoryStore: MemoryStore started with capacity 434.4 MiB
[2026-07-16T13:41:46.621+0000] {subprocess.py:93} INFO - 26/07/16 13:41:46 INFO SparkEnv: Registering OutputCommitCoordinator
[2026-07-16T13:41:46.801+0000] {subprocess.py:93} INFO - 26/07/16 13:41:46 INFO JettyUtils: Start Jetty 0.0.0.0:4040 for SparkUI
[2026-07-16T13:41:46.854+0000] {subprocess.py:93} INFO - 26/07/16 13:41:46 INFO Utils: Successfully started service 'SparkUI' on port 4040.
[2026-07-16T13:41:46.892+0000] {subprocess.py:93} INFO - 26/07/16 13:41:46 INFO SparkContext: Added JAR file:///opt/jars/delta-spark_2.12-3.2.0.jar at spark://fcb65965cccd:40189/jars/delta-spark_2.12-3.2.0.jar with timestamp 1784209305958
[2026-07-16T13:41:46.893+0000] {subprocess.py:93} INFO - 26/07/16 13:41:46 INFO SparkContext: Added JAR file:///opt/jars/delta-storage-3.2.0.jar at spark://fcb65965cccd:40189/jars/delta-storage-3.2.0.jar with timestamp 1784209305958
[2026-07-16T13:41:46.894+0000] {subprocess.py:93} INFO - 26/07/16 13:41:46 INFO SparkContext: Added JAR file:///opt/jars/spark-sql-kafka-0-10_2.12-3.5.1.jar at spark://fcb65965cccd:40189/jars/spark-sql-kafka-0-10_2.12-3.5.1.jar with timestamp 1784209305958
[2026-07-16T13:41:46.895+0000] {subprocess.py:93} INFO - 26/07/16 13:41:46 INFO SparkContext: Added JAR file:///opt/jars/kafka-clients-3.4.1.jar at spark://fcb65965cccd:40189/jars/kafka-clients-3.4.1.jar with timestamp 1784209305958
[2026-07-16T13:41:46.896+0000] {subprocess.py:93} INFO - 26/07/16 13:41:46 INFO SparkContext: Added JAR file:///opt/jars/spark-token-provider-kafka-0-10_2.12-3.5.1.jar at spark://fcb65965cccd:40189/jars/spark-token-provider-kafka-0-10_2.12-3.5.1.jar with timestamp 1784209305958
[2026-07-16T13:41:46.897+0000] {subprocess.py:93} INFO - 26/07/16 13:41:46 INFO SparkContext: Added JAR file:///opt/jars/commons-pool2-2.11.1.jar at spark://fcb65965cccd:40189/jars/commons-pool2-2.11.1.jar with timestamp 1784209305958
[2026-07-16T13:41:46.964+0000] {subprocess.py:93} INFO - 26/07/16 13:41:46 INFO StandaloneAppClient$ClientEndpoint: Connecting to master spark://sdp-spark-master:7077...
[2026-07-16T13:41:47.006+0000] {subprocess.py:93} INFO - 26/07/16 13:41:47 INFO TransportClientFactory: Successfully created connection to sdp-spark-master/172.18.0.4:7077 after 24 ms (0 ms spent in bootstraps)
[2026-07-16T13:41:47.136+0000] {subprocess.py:93} INFO - 26/07/16 13:41:47 INFO StandaloneSchedulerBackend: Connected to Spark cluster with app ID app-20260716134147-0027
[2026-07-16T13:41:47.146+0000] {subprocess.py:93} INFO - 26/07/16 13:41:47 INFO StandaloneAppClient$ClientEndpoint: Executor added: app-20260716134147-0027/0 on worker-20260716063602-172.18.0.5-44367 (172.18.0.5:44367) with 1 core(s)
[2026-07-16T13:41:47.148+0000] {subprocess.py:93} INFO - 26/07/16 13:41:47 INFO StandaloneSchedulerBackend: Granted executor ID app-20260716134147-0027/0 on hostPort 172.18.0.5:44367 with 1 core(s), 512.0 MiB RAM
[2026-07-16T13:41:47.149+0000] {subprocess.py:93} INFO - 26/07/16 13:41:47 INFO StandaloneAppClient$ClientEndpoint: Executor added: app-20260716134147-0027/1 on worker-20260716063602-172.18.0.5-44367 (172.18.0.5:44367) with 1 core(s)
[2026-07-16T13:41:47.150+0000] {subprocess.py:93} INFO - 26/07/16 13:41:47 INFO StandaloneSchedulerBackend: Granted executor ID app-20260716134147-0027/1 on hostPort 172.18.0.5:44367 with 1 core(s), 512.0 MiB RAM
[2026-07-16T13:41:47.152+0000] {subprocess.py:93} INFO - 26/07/16 13:41:47 INFO StandaloneAppClient$ClientEndpoint: Executor added: app-20260716134147-0027/2 on worker-20260716063602-172.18.0.6-33249 (172.18.0.6:33249) with 1 core(s)
[2026-07-16T13:41:47.153+0000] {subprocess.py:93} INFO - 26/07/16 13:41:47 INFO StandaloneSchedulerBackend: Granted executor ID app-20260716134147-0027/2 on hostPort 172.18.0.6:33249 with 1 core(s), 512.0 MiB RAM
[2026-07-16T13:41:47.154+0000] {subprocess.py:93} INFO - 26/07/16 13:41:47 INFO Utils: Successfully started service 'org.apache.spark.network.netty.NettyBlockTransferService' on port 43833.
[2026-07-16T13:41:47.154+0000] {subprocess.py:93} INFO - 26/07/16 13:41:47 INFO NettyBlockTransferService: Server created on fcb65965cccd:43833
[2026-07-16T13:41:47.156+0000] {subprocess.py:93} INFO - 26/07/16 13:41:47 INFO BlockManager: Using org.apache.spark.storage.RandomBlockReplicationPolicy for block replication policy
[2026-07-16T13:41:47.164+0000] {subprocess.py:93} INFO - 26/07/16 13:41:47 INFO BlockManagerMaster: Registering BlockManager BlockManagerId(driver, fcb65965cccd, 43833, None)
[2026-07-16T13:41:47.169+0000] {subprocess.py:93} INFO - 26/07/16 13:41:47 INFO BlockManagerMasterEndpoint: Registering block manager fcb65965cccd:43833 with 434.4 MiB RAM, BlockManagerId(driver, fcb65965cccd, 43833, None)
[2026-07-16T13:41:47.173+0000] {subprocess.py:93} INFO - 26/07/16 13:41:47 INFO BlockManagerMaster: Registered BlockManager BlockManagerId(driver, fcb65965cccd, 43833, None)
[2026-07-16T13:41:47.175+0000] {subprocess.py:93} INFO - 26/07/16 13:41:47 INFO BlockManager: Initialized BlockManager: BlockManagerId(driver, fcb65965cccd, 43833, None)
[2026-07-16T13:41:47.319+0000] {subprocess.py:93} INFO - 26/07/16 13:41:47 INFO StandaloneAppClient$ClientEndpoint: Executor updated: app-20260716134147-0027/1 is now RUNNING
[2026-07-16T13:41:47.326+0000] {subprocess.py:93} INFO - 26/07/16 13:41:47 INFO StandaloneAppClient$ClientEndpoint: Executor updated: app-20260716134147-0027/0 is now RUNNING
[2026-07-16T13:41:47.334+0000] {subprocess.py:93} INFO - 26/07/16 13:41:47 INFO StandaloneAppClient$ClientEndpoint: Executor updated: app-20260716134147-0027/2 is now RUNNING
[2026-07-16T13:41:47.446+0000] {subprocess.py:93} INFO - 26/07/16 13:41:47 INFO StandaloneSchedulerBackend: SchedulerBackend is ready for scheduling beginning after reached minRegisteredResourcesRatio: 0.0
[2026-07-16T13:41:47.973+0000] {subprocess.py:93} INFO - Starting stream: orders -> /opt/data/bronze/orders
[2026-07-16T13:42:01.339+0000] {subprocess.py:93} INFO - 26/07/16 13:42:01 WARN ResolveWriteToStream: spark.sql.adaptive.enabled is not supported in streaming DataFrames/Datasets and will be disabled.
[2026-07-16T13:42:01.483+0000] {subprocess.py:93} INFO - Starting stream: customers -> /opt/data/bronze/customers
[2026-07-16T13:42:02.431+0000] {subprocess.py:93} INFO - 26/07/16 13:42:02 WARN ResolveWriteToStream: spark.sql.adaptive.enabled is not supported in streaming DataFrames/Datasets and will be disabled.
[2026-07-16T13:42:02.473+0000] {subprocess.py:93} INFO - Starting stream: products -> /opt/data/bronze/products
[2026-07-16T13:42:02.754+0000] {subprocess.py:93} INFO - 26/07/16 13:42:02 WARN AdminClientConfig: These configurations '[key.deserializer, value.deserializer, enable.auto.commit, max.poll.records, auto.offset.reset]' were supplied but are not used yet.
[2026-07-16T13:42:03.268+0000] {subprocess.py:93} INFO - 26/07/16 13:42:03 WARN AdminClientConfig: These configurations '[key.deserializer, value.deserializer, enable.auto.commit, max.poll.records, auto.offset.reset]' were supplied but are not used yet.
[2026-07-16T13:42:03.278+0000] {subprocess.py:93} INFO - 26/07/16 13:42:03 WARN ResolveWriteToStream: spark.sql.adaptive.enabled is not supported in streaming DataFrames/Datasets and will be disabled.
[2026-07-16T13:42:03.876+0000] {subprocess.py:93} INFO - 26/07/16 13:42:03 WARN AdminClientConfig: These configurations '[key.deserializer, value.deserializer, enable.auto.commit, max.poll.records, auto.offset.reset]' were supplied but are not used yet.
[2026-07-16T13:42:05.609+0000] {subprocess.py:93} INFO - 26/07/16 13:42:05 WARN SparkStringUtils: Truncated the string representation of a plan since it was too large. This behavior can be adjusted by setting 'spark.sql.debug.maxToStringFields'.
[2026-07-16T13:42:33.275+0000] {local_task_job_runner.py:310} WARNING - State of this instance has been externally set to success. Terminating instance.
[2026-07-16T13:42:33.277+0000] {local_task_job_runner.py:222} INFO - ::endgroup::
[2026-07-16T13:42:33.296+0000] {process_utils.py:132} INFO - Sending 15 to group 2319. PIDs of all processes in the group: [2320, 2321, 2319]
[2026-07-16T13:42:33.298+0000] {process_utils.py:87} INFO - Sending the signal 15 to group 2319
[2026-07-16T13:42:33.299+0000] {taskinstance.py:2607} ERROR - Received SIGTERM. Terminating subprocesses.
[2026-07-16T13:42:33.300+0000] {subprocess.py:104} INFO - Sending SIGTERM signal to process group
[2026-07-16T13:42:33.303+0000] {taskinstance.py:441} INFO - ::group::Post task execution logs
[2026-07-16T13:42:33.439+0000] {process_utils.py:80} INFO - Process psutil.Process(pid=2321, status='terminated', started='13:41:42') (2321) terminated with exit code None
[2026-07-16T13:42:33.447+0000] {process_utils.py:80} INFO - Process psutil.Process(pid=2319, status='terminated', exitcode=0, started='13:41:42') (2319) terminated with exit code 0
[2026-07-16T13:42:33.449+0000] {process_utils.py:80} INFO - Process psutil.Process(pid=2320, status='terminated', started='13:41:42') (2320) terminated with exit code None
