[2026-06-16T14:02:46.521+0000] {local_task_job_runner.py:120} INFO - ::group::Pre task execution logs
[2026-06-16T14:02:46.792+0000] {taskinstance.py:2073} INFO - Dependencies all met for dep_context=non-requeueable deps ti=<TaskInstance: e-commerce_kafka_streaming_pipeline_v10.run_bronze scheduled__2026-06-16T13:00:00+00:00 [queued]>
[2026-06-16T14:02:46.842+0000] {taskinstance.py:2073} INFO - Dependencies all met for dep_context=requeueable deps ti=<TaskInstance: e-commerce_kafka_streaming_pipeline_v10.run_bronze scheduled__2026-06-16T13:00:00+00:00 [queued]>
[2026-06-16T14:02:46.853+0000] {taskinstance.py:2303} INFO - Starting attempt 1 of 2
[2026-06-16T14:02:46.961+0000] {taskinstance.py:2327} INFO - Executing <Task(BashOperator): run_bronze> on 2026-06-16 13:00:00+00:00
[2026-06-16T14:02:47.013+0000] {standard_task_runner.py:90} INFO - Running: ['***', 'tasks', 'run', 'e-commerce_kafka_streaming_pipeline_v10', 'run_bronze', 'scheduled__2026-06-16T13:00:00+00:00', '--job-id', '19', '--raw', '--subdir', 'DAGS_FOLDER/sdp_pipeline_dag.py', '--cfg-path', '/tmp/tmpruy60ldg']
[2026-06-16T14:02:47.042+0000] {logging_mixin.py:188} WARNING - /home/***/.local/lib/python3.12/site-packages/***/task/task_runner/standard_task_runner.py:61 DeprecationWarning: This process (pid=1045) is multi-threaded, use of fork() may lead to deadlocks in the child.
[2026-06-16T14:02:47.096+0000] {standard_task_runner.py:91} INFO - Job 19: Subtask run_bronze
[2026-06-16T14:02:47.137+0000] {standard_task_runner.py:63} INFO - Started process 1046 to run task
[2026-06-16T14:02:47.862+0000] {task_command.py:426} INFO - Running <TaskInstance: e-commerce_kafka_streaming_pipeline_v10.run_bronze scheduled__2026-06-16T13:00:00+00:00 [running]> on host c5880b5b3b6f
[2026-06-16T14:02:48.638+0000] {taskinstance.py:2644} INFO - Exporting env vars: AIRFLOW_CTX_DAG_OWNER='dev' AIRFLOW_CTX_DAG_ID='e-commerce_kafka_streaming_pipeline_v10' AIRFLOW_CTX_TASK_ID='run_bronze' AIRFLOW_CTX_EXECUTION_DATE='2026-06-16T13:00:00+00:00' AIRFLOW_CTX_TRY_NUMBER='1' AIRFLOW_CTX_DAG_RUN_ID='scheduled__2026-06-16T13:00:00+00:00'
[2026-06-16T14:02:48.653+0000] {taskinstance.py:430} INFO - ::endgroup::
[2026-06-16T14:02:48.848+0000] {subprocess.py:63} INFO - Tmp dir root location: /tmp
[2026-06-16T14:02:48.885+0000] {subprocess.py:75} INFO - Running command: ['/usr/bin/bash', '-c', 'timeout 120s docker run --rm --network streaming_kafka_project_sdp-net --volume /d/Streaming_kafka_project/pipelines:/opt/pipelines --volume /d/Streaming_kafka_project/data:/opt/data --volume /d/Streaming_kafka_project/checkpoints:/opt/checkpoints --volume /d/Streaming_kafka_project/jars:/opt/jars apache/spark:3.5.1 /opt/spark/bin/spark-submit --master spark://sdp-spark-master:7077 --executor-cores 1 --executor-memory 512m --total-executor-cores 3 --jars /opt/jars/delta-spark_2.12-3.2.0.jar,/opt/jars/delta-storage-3.2.0.jar,/opt/jars/spark-sql-kafka-0-10_2.12-3.5.1.jar,/opt/jars/kafka-clients-3.4.1.jar,/opt/jars/spark-token-provider-kafka-0-10_2.12-3.5.1.jar,/opt/jars/commons-pool2-2.11.1.jar --conf spark.sql.extensions=io.delta.sql.DeltaSparkSessionExtension --conf spark.sql.catalog.spark_catalog=org.apache.spark.sql.delta.catalog.DeltaCatalog  /opt/pipelines/bronze_runner.py']
[2026-06-16T14:02:48.949+0000] {subprocess.py:86} INFO - Output:
[2026-06-16T14:02:59.160+0000] {subprocess.py:93} INFO - 26/06/16 14:02:59 WARN NativeCodeLoader: Unable to load native-hadoop library for your platform... using builtin-java classes where applicable
[2026-06-16T14:03:01.543+0000] {subprocess.py:93} INFO - 26/06/16 14:03:01 INFO SparkContext: Running Spark version 3.5.1
[2026-06-16T14:03:01.544+0000] {subprocess.py:93} INFO - 26/06/16 14:03:01 INFO SparkContext: OS info Linux, 6.6.114.1-microsoft-standard-WSL2, amd64
[2026-06-16T14:03:01.550+0000] {subprocess.py:93} INFO - 26/06/16 14:03:01 INFO SparkContext: Java version 11.0.22
[2026-06-16T14:03:01.722+0000] {subprocess.py:93} INFO - 26/06/16 14:03:01 INFO ResourceUtils: ==============================================================
[2026-06-16T14:03:01.733+0000] {subprocess.py:93} INFO - 26/06/16 14:03:01 INFO ResourceUtils: No custom resources configured for spark.driver.
[2026-06-16T14:03:01.734+0000] {subprocess.py:93} INFO - 26/06/16 14:03:01 INFO ResourceUtils: ==============================================================
[2026-06-16T14:03:01.735+0000] {subprocess.py:93} INFO - 26/06/16 14:03:01 INFO SparkContext: Submitted application: SDP-Bronze
[2026-06-16T14:03:01.803+0000] {subprocess.py:93} INFO - 26/06/16 14:03:01 INFO ResourceProfile: Default ResourceProfile created, executor resources: Map(cores -> name: cores, amount: 1, script: , vendor: , memory -> name: memory, amount: 512, script: , vendor: , offHeap -> name: offHeap, amount: 0, script: , vendor: ), task resources: Map(cpus -> name: cpus, amount: 1.0)
[2026-06-16T14:03:01.854+0000] {subprocess.py:93} INFO - 26/06/16 14:03:01 INFO ResourceProfile: Limiting resource is cpus at 1 tasks per executor
[2026-06-16T14:03:01.857+0000] {subprocess.py:93} INFO - 26/06/16 14:03:01 INFO ResourceProfileManager: Added ResourceProfile id: 0
[2026-06-16T14:03:02.022+0000] {subprocess.py:93} INFO - 26/06/16 14:03:02 INFO SecurityManager: Changing view acls to: spark
[2026-06-16T14:03:02.030+0000] {subprocess.py:93} INFO - 26/06/16 14:03:02 INFO SecurityManager: Changing modify acls to: spark
[2026-06-16T14:03:02.031+0000] {subprocess.py:93} INFO - 26/06/16 14:03:02 INFO SecurityManager: Changing view acls groups to:
[2026-06-16T14:03:02.032+0000] {subprocess.py:93} INFO - 26/06/16 14:03:02 INFO SecurityManager: Changing modify acls groups to:
[2026-06-16T14:03:02.034+0000] {subprocess.py:93} INFO - 26/06/16 14:03:02 INFO SecurityManager: SecurityManager: authentication disabled; ui acls disabled; users with view permissions: spark; groups with view permissions: EMPTY; users with modify permissions: spark; groups with modify permissions: EMPTY
[2026-06-16T14:03:02.538+0000] {subprocess.py:93} INFO - 26/06/16 14:03:02 INFO Utils: Successfully started service 'sparkDriver' on port 34373.
[2026-06-16T14:03:02.627+0000] {subprocess.py:93} INFO - 26/06/16 14:03:02 INFO SparkEnv: Registering MapOutputTracker
[2026-06-16T14:03:02.718+0000] {subprocess.py:93} INFO - 26/06/16 14:03:02 INFO SparkEnv: Registering BlockManagerMaster
[2026-06-16T14:03:02.785+0000] {subprocess.py:93} INFO - 26/06/16 14:03:02 INFO BlockManagerMasterEndpoint: Using org.apache.spark.storage.DefaultTopologyMapper for getting topology information
[2026-06-16T14:03:02.788+0000] {subprocess.py:93} INFO - 26/06/16 14:03:02 INFO BlockManagerMasterEndpoint: BlockManagerMasterEndpoint up
[2026-06-16T14:03:02.794+0000] {subprocess.py:93} INFO - 26/06/16 14:03:02 INFO SparkEnv: Registering BlockManagerMasterHeartbeat
[2026-06-16T14:03:02.852+0000] {subprocess.py:93} INFO - 26/06/16 14:03:02 INFO DiskBlockManager: Created local directory at /tmp/blockmgr-f71eef72-780c-4a2d-8680-6d0439de0ff1
[2026-06-16T14:03:02.876+0000] {subprocess.py:93} INFO - 26/06/16 14:03:02 INFO MemoryStore: MemoryStore started with capacity 434.4 MiB
[2026-06-16T14:03:02.902+0000] {subprocess.py:93} INFO - 26/06/16 14:03:02 INFO SparkEnv: Registering OutputCommitCoordinator
[2026-06-16T14:03:03.183+0000] {subprocess.py:93} INFO - 26/06/16 14:03:03 INFO JettyUtils: Start Jetty 0.0.0.0:4040 for SparkUI
[2026-06-16T14:03:03.275+0000] {subprocess.py:93} INFO - 26/06/16 14:03:03 INFO Utils: Successfully started service 'SparkUI' on port 4040.
[2026-06-16T14:03:03.341+0000] {subprocess.py:93} INFO - 26/06/16 14:03:03 INFO SparkContext: Added JAR file:///opt/jars/delta-spark_2.12-3.2.0.jar at spark://78e4c23058d0:34373/jars/delta-spark_2.12-3.2.0.jar with timestamp 1781618581509
[2026-06-16T14:03:03.343+0000] {subprocess.py:93} INFO - 26/06/16 14:03:03 INFO SparkContext: Added JAR file:///opt/jars/delta-storage-3.2.0.jar at spark://78e4c23058d0:34373/jars/delta-storage-3.2.0.jar with timestamp 1781618581509
[2026-06-16T14:03:03.344+0000] {subprocess.py:93} INFO - 26/06/16 14:03:03 INFO SparkContext: Added JAR file:///opt/jars/spark-sql-kafka-0-10_2.12-3.5.1.jar at spark://78e4c23058d0:34373/jars/spark-sql-kafka-0-10_2.12-3.5.1.jar with timestamp 1781618581509
[2026-06-16T14:03:03.346+0000] {subprocess.py:93} INFO - 26/06/16 14:03:03 INFO SparkContext: Added JAR file:///opt/jars/kafka-clients-3.4.1.jar at spark://78e4c23058d0:34373/jars/kafka-clients-3.4.1.jar with timestamp 1781618581509
[2026-06-16T14:03:03.349+0000] {subprocess.py:93} INFO - 26/06/16 14:03:03 INFO SparkContext: Added JAR file:///opt/jars/spark-token-provider-kafka-0-10_2.12-3.5.1.jar at spark://78e4c23058d0:34373/jars/spark-token-provider-kafka-0-10_2.12-3.5.1.jar with timestamp 1781618581509
[2026-06-16T14:03:03.352+0000] {subprocess.py:93} INFO - 26/06/16 14:03:03 INFO SparkContext: Added JAR file:///opt/jars/commons-pool2-2.11.1.jar at spark://78e4c23058d0:34373/jars/commons-pool2-2.11.1.jar with timestamp 1781618581509
[2026-06-16T14:03:03.492+0000] {subprocess.py:93} INFO - 26/06/16 14:03:03 INFO StandaloneAppClient$ClientEndpoint: Connecting to master spark://sdp-spark-master:7077...
[2026-06-16T14:03:03.573+0000] {subprocess.py:93} INFO - 26/06/16 14:03:03 INFO TransportClientFactory: Successfully created connection to sdp-spark-master/172.18.0.3:7077 after 48 ms (0 ms spent in bootstraps)
[2026-06-16T14:03:03.818+0000] {subprocess.py:93} INFO - 26/06/16 14:03:03 INFO StandaloneSchedulerBackend: Connected to Spark cluster with app ID app-20260616140303-0009
[2026-06-16T14:03:03.829+0000] {subprocess.py:93} INFO - 26/06/16 14:03:03 INFO StandaloneAppClient$ClientEndpoint: Executor added: app-20260616140303-0009/0 on worker-20260616111838-172.18.0.6-45657 (172.18.0.6:45657) with 1 core(s)
[2026-06-16T14:03:03.838+0000] {subprocess.py:93} INFO - 26/06/16 14:03:03 INFO StandaloneSchedulerBackend: Granted executor ID app-20260616140303-0009/0 on hostPort 172.18.0.6:45657 with 1 core(s), 512.0 MiB RAM
[2026-06-16T14:03:03.839+0000] {subprocess.py:93} INFO - 26/06/16 14:03:03 INFO StandaloneAppClient$ClientEndpoint: Executor added: app-20260616140303-0009/1 on worker-20260616111838-172.18.0.6-45657 (172.18.0.6:45657) with 1 core(s)
[2026-06-16T14:03:03.840+0000] {subprocess.py:93} INFO - 26/06/16 14:03:03 INFO StandaloneSchedulerBackend: Granted executor ID app-20260616140303-0009/1 on hostPort 172.18.0.6:45657 with 1 core(s), 512.0 MiB RAM
[2026-06-16T14:03:03.841+0000] {subprocess.py:93} INFO - 26/06/16 14:03:03 INFO StandaloneAppClient$ClientEndpoint: Executor added: app-20260616140303-0009/2 on worker-20260616111838-172.18.0.5-35429 (172.18.0.5:35429) with 1 core(s)
[2026-06-16T14:03:03.842+0000] {subprocess.py:93} INFO - 26/06/16 14:03:03 INFO StandaloneSchedulerBackend: Granted executor ID app-20260616140303-0009/2 on hostPort 172.18.0.5:35429 with 1 core(s), 512.0 MiB RAM
[2026-06-16T14:03:03.877+0000] {subprocess.py:93} INFO - 26/06/16 14:03:03 INFO Utils: Successfully started service 'org.apache.spark.network.netty.NettyBlockTransferService' on port 35479.
[2026-06-16T14:03:03.881+0000] {subprocess.py:93} INFO - 26/06/16 14:03:03 INFO NettyBlockTransferService: Server created on 78e4c23058d0:35479
[2026-06-16T14:03:03.886+0000] {subprocess.py:93} INFO - 26/06/16 14:03:03 INFO BlockManager: Using org.apache.spark.storage.RandomBlockReplicationPolicy for block replication policy
[2026-06-16T14:03:03.910+0000] {subprocess.py:93} INFO - 26/06/16 14:03:03 INFO BlockManagerMaster: Registering BlockManager BlockManagerId(driver, 78e4c23058d0, 35479, None)
[2026-06-16T14:03:04.024+0000] {subprocess.py:93} INFO - 26/06/16 14:03:03 INFO BlockManagerMasterEndpoint: Registering block manager 78e4c23058d0:35479 with 434.4 MiB RAM, BlockManagerId(driver, 78e4c23058d0, 35479, None)
[2026-06-16T14:03:04.028+0000] {subprocess.py:93} INFO - 26/06/16 14:03:03 INFO BlockManagerMaster: Registered BlockManager BlockManagerId(driver, 78e4c23058d0, 35479, None)
[2026-06-16T14:03:04.059+0000] {subprocess.py:93} INFO - 26/06/16 14:03:04 INFO BlockManager: Initialized BlockManager: BlockManagerId(driver, 78e4c23058d0, 35479, None)
[2026-06-16T14:03:04.176+0000] {subprocess.py:93} INFO - 26/06/16 14:03:04 INFO StandaloneAppClient$ClientEndpoint: Executor updated: app-20260616140303-0009/2 is now RUNNING
[2026-06-16T14:03:04.209+0000] {subprocess.py:93} INFO - 26/06/16 14:03:04 INFO StandaloneAppClient$ClientEndpoint: Executor updated: app-20260616140303-0009/1 is now RUNNING
[2026-06-16T14:03:04.222+0000] {subprocess.py:93} INFO - 26/06/16 14:03:04 INFO StandaloneAppClient$ClientEndpoint: Executor updated: app-20260616140303-0009/0 is now RUNNING
[2026-06-16T14:03:05.078+0000] {subprocess.py:93} INFO - 26/06/16 14:03:05 INFO StandaloneSchedulerBackend: SchedulerBackend is ready for scheduling beginning after reached minRegisteredResourcesRatio: 0.0
[2026-06-16T14:03:06.157+0000] {subprocess.py:93} INFO - Starting stream: orders -> /opt/data/bronze/orders
[2026-06-16T14:03:42.456+0000] {subprocess.py:93} INFO - 26/06/16 14:03:42 WARN ResolveWriteToStream: spark.sql.adaptive.enabled is not supported in streaming DataFrames/Datasets and will be disabled.
[2026-06-16T14:03:42.794+0000] {subprocess.py:93} INFO - Starting stream: customers -> /opt/data/bronze/customers
[2026-06-16T14:03:47.669+0000] {subprocess.py:93} INFO - 26/06/16 14:03:47 WARN ResolveWriteToStream: spark.sql.adaptive.enabled is not supported in streaming DataFrames/Datasets and will be disabled.
[2026-06-16T14:03:47.761+0000] {subprocess.py:93} INFO - Starting stream: products -> /opt/data/bronze/products
[2026-06-16T14:03:52.309+0000] {subprocess.py:93} INFO - 26/06/16 14:03:52 WARN ResolveWriteToStream: spark.sql.adaptive.enabled is not supported in streaming DataFrames/Datasets and will be disabled.
[2026-06-16T14:03:54.003+0000] {subprocess.py:93} INFO - 26/06/16 14:03:53 WARN AdminClientConfig: These configurations '[key.deserializer, value.deserializer, enable.auto.commit, max.poll.records, auto.offset.reset]' were supplied but are not used yet.
[2026-06-16T14:03:54.067+0000] {subprocess.py:93} INFO - 26/06/16 14:03:54 WARN SparkStringUtils: Truncated the string representation of a plan since it was too large. This behavior can be adjusted by setting 'spark.sql.debug.maxToStringFields'.
[2026-06-16T14:03:56.398+0000] {subprocess.py:93} INFO - 26/06/16 14:03:56 WARN AdminClientConfig: These configurations '[key.deserializer, value.deserializer, enable.auto.commit, max.poll.records, auto.offset.reset]' were supplied but are not used yet.
[2026-06-16T14:04:43.915+0000] {subprocess.py:93} INFO - 26/06/16 14:04:43 WARN AdminClientConfig: These configurations '[key.deserializer, value.deserializer, enable.auto.commit, max.poll.records, auto.offset.reset]' were supplied but are not used yet.
[2026-06-16T14:04:49.342+0000] {subprocess.py:93} INFO - 26/06/16 14:04:49 ERROR DeltaFileFormatWriter: Aborting job fad0a24e-36ae-4f9f-9f91-772c858fe62a.
[2026-06-16T14:04:49.344+0000] {subprocess.py:93} INFO - org.apache.spark.SparkException: Job 6 cancelled because SparkContext was shut down
[2026-06-16T14:04:49.350+0000] {subprocess.py:93} INFO - 	at org.apache.spark.scheduler.DAGScheduler.$anonfun$cleanUpAfterSchedulerStop$1(DAGScheduler.scala:1253)
[2026-06-16T14:04:49.353+0000] {subprocess.py:93} INFO - 	at org.apache.spark.scheduler.DAGScheduler.$anonfun$cleanUpAfterSchedulerStop$1$adapted(DAGScheduler.scala:1251)
[2026-06-16T14:04:49.359+0000] {subprocess.py:93} INFO - 	at scala.collection.mutable.HashSet.foreach(HashSet.scala:79)
[2026-06-16T14:04:49.359+0000] {subprocess.py:93} INFO - 	at org.apache.spark.scheduler.DAGScheduler.cleanUpAfterSchedulerStop(DAGScheduler.scala:1251)
[2026-06-16T14:04:49.362+0000] {subprocess.py:93} INFO - 	at org.apache.spark.scheduler.DAGSchedulerEventProcessLoop.onStop(DAGScheduler.scala:3087)
[2026-06-16T14:04:49.363+0000] {subprocess.py:93} INFO - 	at org.apache.spark.util.EventLoop.stop(EventLoop.scala:84)
[2026-06-16T14:04:49.363+0000] {subprocess.py:93} INFO - 	at org.apache.spark.scheduler.DAGScheduler.$anonfun$stop$3(DAGScheduler.scala:2973)
[2026-06-16T14:04:49.366+0000] {subprocess.py:93} INFO - 	at org.apache.spark.util.Utils$.tryLogNonFatalError(Utils.scala:1375)
[2026-06-16T14:04:49.367+0000] {subprocess.py:93} INFO - 	at org.apache.spark.scheduler.DAGScheduler.stop(DAGScheduler.scala:2973)
[2026-06-16T14:04:49.375+0000] {subprocess.py:93} INFO - 	at org.apache.spark.SparkContext.$anonfun$stop$12(SparkContext.scala:2263)
[2026-06-16T14:04:49.380+0000] {subprocess.py:93} INFO - 	at org.apache.spark.util.Utils$.tryLogNonFatalError(Utils.scala:1375)
[2026-06-16T14:04:49.381+0000] {subprocess.py:93} INFO - 	at org.apache.spark.SparkContext.stop(SparkContext.scala:2263)
[2026-06-16T14:04:49.382+0000] {subprocess.py:93} INFO - 	at org.apache.spark.SparkContext.stop(SparkContext.scala:2216)
[2026-06-16T14:04:49.383+0000] {subprocess.py:93} INFO - 	at org.apache.spark.SparkContext.$anonfun$new$34(SparkContext.scala:686)
[2026-06-16T14:04:49.389+0000] {subprocess.py:93} INFO - 	at org.apache.spark.util.SparkShutdownHook.run(ShutdownHookManager.scala:214)
[2026-06-16T14:04:49.390+0000] {subprocess.py:93} INFO - 	at org.apache.spark.util.SparkShutdownHookManager.$anonfun$runAll$2(ShutdownHookManager.scala:188)
[2026-06-16T14:04:49.391+0000] {subprocess.py:93} INFO - 	at scala.runtime.java8.JFunction0$mcV$sp.apply(JFunction0$mcV$sp.java:23)
[2026-06-16T14:04:49.394+0000] {subprocess.py:93} INFO - 	at org.apache.spark.util.Utils$.logUncaughtExceptions(Utils.scala:1928)
[2026-06-16T14:04:49.395+0000] {subprocess.py:93} INFO - 	at org.apache.spark.util.SparkShutdownHookManager.$anonfun$runAll$1(ShutdownHookManager.scala:188)
[2026-06-16T14:04:49.396+0000] {subprocess.py:93} INFO - 	at scala.runtime.java8.JFunction0$mcV$sp.apply(JFunction0$mcV$sp.java:23)
[2026-06-16T14:04:49.396+0000] {subprocess.py:93} INFO - 	at scala.util.Try$.apply(Try.scala:213)
[2026-06-16T14:04:49.397+0000] {subprocess.py:93} INFO - 	at org.apache.spark.util.SparkShutdownHookManager.runAll(ShutdownHookManager.scala:188)
[2026-06-16T14:04:49.398+0000] {subprocess.py:93} INFO - 	at org.apache.spark.util.SparkShutdownHookManager$$anon$2.run(ShutdownHookManager.scala:178)
[2026-06-16T14:04:49.401+0000] {subprocess.py:93} INFO - 	at java.base/java.util.concurrent.Executors$RunnableAdapter.call(Unknown Source)
[2026-06-16T14:04:49.402+0000] {subprocess.py:93} INFO - 	at java.base/java.util.concurrent.FutureTask.run(Unknown Source)
[2026-06-16T14:04:49.406+0000] {subprocess.py:93} INFO - 	at java.base/java.util.concurrent.ThreadPoolExecutor.runWorker(Unknown Source)
[2026-06-16T14:04:49.410+0000] {subprocess.py:93} INFO - 	at java.base/java.util.concurrent.ThreadPoolExecutor$Worker.run(Unknown Source)
[2026-06-16T14:04:49.413+0000] {subprocess.py:93} INFO - 	at java.base/java.lang.Thread.run(Unknown Source)
[2026-06-16T14:04:49.414+0000] {subprocess.py:93} INFO - 	at org.apache.spark.scheduler.DAGScheduler.runJob(DAGScheduler.scala:989)
[2026-06-16T14:04:49.418+0000] {subprocess.py:93} INFO - 	at org.apache.spark.SparkContext.runJob(SparkContext.scala:2398)
[2026-06-16T14:04:49.421+0000] {subprocess.py:93} INFO - 	at org.apache.spark.sql.delta.files.DeltaFileFormatWriter$.$anonfun$executeWrite$1(DeltaFileFormatWriter.scala:263)
[2026-06-16T14:04:49.423+0000] {subprocess.py:93} INFO - 	at org.apache.spark.sql.delta.files.DeltaFileFormatWriter$.writeAndCommit(DeltaFileFormatWriter.scala:295)
[2026-06-16T14:04:49.424+0000] {subprocess.py:93} INFO - 	at org.apache.spark.sql.delta.files.DeltaFileFormatWriter$.executeWrite(DeltaFileFormatWriter.scala:234)
[2026-06-16T14:04:49.426+0000] {subprocess.py:93} INFO - 	at org.apache.spark.sql.delta.files.DeltaFileFormatWriter$.write(DeltaFileFormatWriter.scala:214)
[2026-06-16T14:04:49.431+0000] {subprocess.py:93} INFO - 	at org.apache.spark.sql.delta.files.TransactionalWrite.$anonfun$writeFiles$1(TransactionalWrite.scala:440)
[2026-06-16T14:04:49.432+0000] {subprocess.py:93} INFO - 	at org.apache.spark.sql.execution.SQLExecution$.$anonfun$withNewExecutionId$6(SQLExecution.scala:125)
[2026-06-16T14:04:49.433+0000] {subprocess.py:93} INFO - 	at org.apache.spark.sql.execution.SQLExecution$.withSQLConfPropagated(SQLExecution.scala:201)
[2026-06-16T14:04:49.434+0000] {subprocess.py:93} INFO - 	at org.apache.spark.sql.execution.SQLExecution$.$anonfun$withNewExecutionId$1(SQLExecution.scala:108)
[2026-06-16T14:04:49.437+0000] {subprocess.py:93} INFO - 	at org.apache.spark.sql.SparkSession.withActive(SparkSession.scala:900)
[2026-06-16T14:04:49.439+0000] {subprocess.py:93} INFO - 	at org.apache.spark.sql.execution.SQLExecution$.withNewExecutionId(SQLExecution.scala:66)
[2026-06-16T14:04:49.440+0000] {subprocess.py:93} INFO - 	at org.apache.spark.sql.delta.files.TransactionalWrite.writeFiles(TransactionalWrite.scala:398)
[2026-06-16T14:04:49.441+0000] {subprocess.py:93} INFO - 	at org.apache.spark.sql.delta.files.TransactionalWrite.writeFiles$(TransactionalWrite.scala:371)
[2026-06-16T14:04:49.444+0000] {subprocess.py:93} INFO - 	at org.apache.spark.sql.delta.OptimisticTransaction.writeFiles(OptimisticTransaction.scala:147)
[2026-06-16T14:04:49.445+0000] {subprocess.py:93} INFO - 	at org.apache.spark.sql.delta.files.TransactionalWrite.writeFiles(TransactionalWrite.scala:246)
[2026-06-16T14:04:49.446+0000] {subprocess.py:93} INFO - 	at org.apache.spark.sql.delta.files.TransactionalWrite.writeFiles$(TransactionalWrite.scala:242)
[2026-06-16T14:04:49.450+0000] {subprocess.py:93} INFO - 	at org.apache.spark.sql.delta.OptimisticTransaction.writeFiles(OptimisticTransaction.scala:147)
[2026-06-16T14:04:49.456+0000] {subprocess.py:93} INFO - 	at org.apache.spark.sql.delta.files.TransactionalWrite.writeFiles(TransactionalWrite.scala:235)
[2026-06-16T14:04:49.457+0000] {subprocess.py:93} INFO - 	at org.apache.spark.sql.delta.files.TransactionalWrite.writeFiles$(TransactionalWrite.scala:232)
[2026-06-16T14:04:49.458+0000] {subprocess.py:93} INFO - 	at org.apache.spark.sql.delta.OptimisticTransaction.writeFiles(OptimisticTransaction.scala:147)
[2026-06-16T14:04:49.459+0000] {subprocess.py:93} INFO - 	at org.apache.spark.sql.delta.sources.DeltaSink.$anonfun$addBatchWithStatusImpl$4(DeltaSink.scala:139)
[2026-06-16T14:04:49.460+0000] {subprocess.py:93} INFO - 	at org.apache.spark.util.Utils$.timeTakenMs(Utils.scala:552)
[2026-06-16T14:04:49.461+0000] {subprocess.py:93} INFO - 	at org.apache.spark.sql.delta.sources.DeltaSink.addBatchWithStatusImpl(DeltaSink.scala:139)
[2026-06-16T14:04:49.462+0000] {subprocess.py:93} INFO - 	at org.apache.spark.sql.delta.sources.DeltaSink.addBatch(DeltaSink.scala:97)
[2026-06-16T14:04:49.465+0000] {subprocess.py:93} INFO - 	at org.apache.spark.sql.execution.streaming.MicroBatchExecution.$anonfun$runBatch$17(MicroBatchExecution.scala:732)
[2026-06-16T14:04:49.466+0000] {subprocess.py:93} INFO - 	at org.apache.spark.sql.execution.SQLExecution$.$anonfun$withNewExecutionId$6(SQLExecution.scala:125)
[2026-06-16T14:04:49.467+0000] {subprocess.py:93} INFO - 	at org.apache.spark.sql.execution.SQLExecution$.withSQLConfPropagated(SQLExecution.scala:201)
[2026-06-16T14:04:49.471+0000] {subprocess.py:93} INFO - 	at org.apache.spark.sql.execution.SQLExecution$.$anonfun$withNewExecutionId$1(SQLExecution.scala:108)
[2026-06-16T14:04:49.474+0000] {subprocess.py:93} INFO - 	at org.apache.spark.sql.SparkSession.withActive(SparkSession.scala:900)
[2026-06-16T14:04:49.475+0000] {subprocess.py:93} INFO - 	at org.apache.spark.sql.execution.SQLExecution$.withNewExecutionId(SQLExecution.scala:66)
[2026-06-16T14:04:49.476+0000] {subprocess.py:93} INFO - 	at org.apache.spark.sql.execution.streaming.MicroBatchExecution.$anonfun$runBatch$16(MicroBatchExecution.scala:729)
[2026-06-16T14:04:49.477+0000] {subprocess.py:93} INFO - 	at org.apache.spark.sql.execution.streaming.ProgressReporter.reportTimeTaken(ProgressReporter.scala:427)
[2026-06-16T14:04:49.478+0000] {subprocess.py:93} INFO - 	at org.apache.spark.sql.execution.streaming.ProgressReporter.reportTimeTaken$(ProgressReporter.scala:425)
[2026-06-16T14:04:49.479+0000] {subprocess.py:93} INFO - 	at org.apache.spark.sql.execution.streaming.StreamExecution.reportTimeTaken(StreamExecution.scala:67)
[2026-06-16T14:04:49.480+0000] {subprocess.py:93} INFO - 	at org.apache.spark.sql.execution.streaming.MicroBatchExecution.runBatch(MicroBatchExecution.scala:729)
[2026-06-16T14:04:49.481+0000] {subprocess.py:93} INFO - 	at org.apache.spark.sql.execution.streaming.MicroBatchExecution.$anonfun$runActivatedStream$2(MicroBatchExecution.scala:286)
[2026-06-16T14:04:49.486+0000] {subprocess.py:93} INFO - 	at scala.runtime.java8.JFunction0$mcV$sp.apply(JFunction0$mcV$sp.java:23)
[2026-06-16T14:04:49.488+0000] {subprocess.py:93} INFO - 	at org.apache.spark.sql.execution.streaming.ProgressReporter.reportTimeTaken(ProgressReporter.scala:427)
[2026-06-16T14:04:49.490+0000] {subprocess.py:93} INFO - 	at org.apache.spark.sql.execution.streaming.ProgressReporter.reportTimeTaken$(ProgressReporter.scala:425)
[2026-06-16T14:04:49.491+0000] {subprocess.py:93} INFO - 	at org.apache.spark.sql.execution.streaming.StreamExecution.reportTimeTaken(StreamExecution.scala:67)
[2026-06-16T14:04:49.492+0000] {subprocess.py:93} INFO - 	at org.apache.spark.sql.execution.streaming.MicroBatchExecution.$anonfun$runActivatedStream$1(MicroBatchExecution.scala:249)
[2026-06-16T14:04:49.493+0000] {subprocess.py:93} INFO - 	at org.apache.spark.sql.execution.streaming.ProcessingTimeExecutor.execute(TriggerExecutor.scala:67)
[2026-06-16T14:04:49.494+0000] {subprocess.py:93} INFO - 	at org.apache.spark.sql.execution.streaming.MicroBatchExecution.runActivatedStream(MicroBatchExecution.scala:239)
[2026-06-16T14:04:49.495+0000] {subprocess.py:93} INFO - 	at org.apache.spark.sql.execution.streaming.StreamExecution.$anonfun$runStream$1(StreamExecution.scala:311)
[2026-06-16T14:04:49.496+0000] {subprocess.py:93} INFO - 	at scala.runtime.java8.JFunction0$mcV$sp.apply(JFunction0$mcV$sp.java:23)
[2026-06-16T14:04:49.499+0000] {subprocess.py:93} INFO - 	at org.apache.spark.sql.SparkSession.withActive(SparkSession.scala:900)
[2026-06-16T14:04:49.500+0000] {subprocess.py:93} INFO - 	at org.apache.spark.sql.execution.streaming.StreamExecution.org$apache$spark$sql$execution$streaming$StreamExecution$$runStream(StreamExecution.scala:289)
[2026-06-16T14:04:49.502+0000] {subprocess.py:93} INFO - 	at org.apache.spark.sql.execution.streaming.StreamExecution$$anon$1.$anonfun$run$1(StreamExecution.scala:211)
[2026-06-16T14:04:49.505+0000] {subprocess.py:93} INFO - 	at scala.runtime.java8.JFunction0$mcV$sp.apply(JFunction0$mcV$sp.java:23)
[2026-06-16T14:04:49.506+0000] {subprocess.py:93} INFO - 	at org.apache.spark.JobArtifactSet$.withActiveJobArtifactState(JobArtifactSet.scala:94)
[2026-06-16T14:04:49.508+0000] {subprocess.py:93} INFO - 	at org.apache.spark.sql.execution.streaming.StreamExecution$$anon$1.run(StreamExecution.scala:211)
[2026-06-16T14:04:50.732+0000] {subprocess.py:97} INFO - Command exited with return code 124
[2026-06-16T14:04:50.741+0000] {taskinstance.py:441} INFO - ::group::Post task execution logs
[2026-06-16T14:04:50.781+0000] {taskinstance.py:2890} ERROR - Task failed with exception
Traceback (most recent call last):
  File "/home/airflow/.local/lib/python3.12/site-packages/airflow/models/taskinstance.py", line 465, in _execute_task
    result = _execute_callable(context=context, **execute_callable_kwargs)
             ^^^^^^^^^^^^^^^^^^^^^^^^^^^^^^^^^^^^^^^^^^^^^^^^^^^^^^^^^^^^^
  File "/home/airflow/.local/lib/python3.12/site-packages/airflow/models/taskinstance.py", line 432, in _execute_callable
    return execute_callable(context=context, **execute_callable_kwargs)
           ^^^^^^^^^^^^^^^^^^^^^^^^^^^^^^^^^^^^^^^^^^^^^^^^^^^^^^^^^^^^
  File "/home/airflow/.local/lib/python3.12/site-packages/airflow/models/baseoperator.py", line 400, in wrapper
    return func(self, *args, **kwargs)
           ^^^^^^^^^^^^^^^^^^^^^^^^^^^
  File "/home/airflow/.local/lib/python3.12/site-packages/airflow/operators/bash.py", line 243, in execute
    raise AirflowException(
airflow.exceptions.AirflowException: Bash command failed. The command returned a non-zero exit code 124.
[2026-06-16T14:04:50.795+0000] {taskinstance.py:1205} INFO - Marking task as UP_FOR_RETRY. dag_id=e-commerce_kafka_streaming_pipeline_v10, task_id=run_bronze, execution_date=20260616T130000, start_date=20260616T140246, end_date=20260616T140450
[2026-06-16T14:04:50.884+0000] {standard_task_runner.py:110} ERROR - Failed to execute job 19 for task run_bronze (Bash command failed. The command returned a non-zero exit code 124.; 1046)
[2026-06-16T14:04:50.932+0000] {local_task_job_runner.py:240} INFO - Task exited with return code 1
[2026-06-16T14:04:51.006+0000] {taskinstance.py:3482} INFO - 0 downstream tasks scheduled from follow-on schedule check
[2026-06-16T14:04:51.010+0000] {local_task_job_runner.py:222} INFO - ::endgroup::
