[2026-06-16T14:06:52.015+0000] {local_task_job_runner.py:120} INFO - ::group::Pre task execution logs
[2026-06-16T14:06:52.069+0000] {taskinstance.py:2073} INFO - Dependencies all met for dep_context=non-requeueable deps ti=<TaskInstance: e-commerce_kafka_streaming_pipeline_v10.run_bronze scheduled__2026-06-16T13:00:00+00:00 [queued]>
[2026-06-16T14:06:52.083+0000] {taskinstance.py:2073} INFO - Dependencies all met for dep_context=requeueable deps ti=<TaskInstance: e-commerce_kafka_streaming_pipeline_v10.run_bronze scheduled__2026-06-16T13:00:00+00:00 [queued]>
[2026-06-16T14:06:52.084+0000] {taskinstance.py:2303} INFO - Starting attempt 2 of 2
[2026-06-16T14:06:52.104+0000] {taskinstance.py:2327} INFO - Executing <Task(BashOperator): run_bronze> on 2026-06-16 13:00:00+00:00
[2026-06-16T14:06:52.118+0000] {standard_task_runner.py:90} INFO - Running: ['***', 'tasks', 'run', 'e-commerce_kafka_streaming_pipeline_v10', 'run_bronze', 'scheduled__2026-06-16T13:00:00+00:00', '--job-id', '20', '--raw', '--subdir', 'DAGS_FOLDER/sdp_pipeline_dag.py', '--cfg-path', '/tmp/tmpz7adf1_h']
[2026-06-16T14:06:52.122+0000] {standard_task_runner.py:91} INFO - Job 20: Subtask run_bronze
[2026-06-16T14:06:52.122+0000] {logging_mixin.py:188} WARNING - /home/***/.local/lib/python3.12/site-packages/***/task/task_runner/standard_task_runner.py:61 DeprecationWarning: This process (pid=1097) is multi-threaded, use of fork() may lead to deadlocks in the child.
[2026-06-16T14:06:52.125+0000] {standard_task_runner.py:63} INFO - Started process 1098 to run task
[2026-06-16T14:06:52.211+0000] {task_command.py:426} INFO - Running <TaskInstance: e-commerce_kafka_streaming_pipeline_v10.run_bronze scheduled__2026-06-16T13:00:00+00:00 [running]> on host c5880b5b3b6f
[2026-06-16T14:06:52.340+0000] {taskinstance.py:2644} INFO - Exporting env vars: AIRFLOW_CTX_DAG_OWNER='dev' AIRFLOW_CTX_DAG_ID='e-commerce_kafka_streaming_pipeline_v10' AIRFLOW_CTX_TASK_ID='run_bronze' AIRFLOW_CTX_EXECUTION_DATE='2026-06-16T13:00:00+00:00' AIRFLOW_CTX_TRY_NUMBER='2' AIRFLOW_CTX_DAG_RUN_ID='scheduled__2026-06-16T13:00:00+00:00'
[2026-06-16T14:06:52.341+0000] {taskinstance.py:430} INFO - ::endgroup::
[2026-06-16T14:06:52.367+0000] {subprocess.py:63} INFO - Tmp dir root location: /tmp
[2026-06-16T14:06:52.370+0000] {subprocess.py:75} INFO - Running command: ['/usr/bin/bash', '-c', 'timeout 120s docker run --rm --network streaming_kafka_project_sdp-net --volume /d/Streaming_kafka_project/pipelines:/opt/pipelines --volume /d/Streaming_kafka_project/data:/opt/data --volume /d/Streaming_kafka_project/checkpoints:/opt/checkpoints --volume /d/Streaming_kafka_project/jars:/opt/jars apache/spark:3.5.1 /opt/spark/bin/spark-submit --master spark://sdp-spark-master:7077 --executor-cores 1 --executor-memory 512m --total-executor-cores 3 --jars /opt/jars/delta-spark_2.12-3.2.0.jar,/opt/jars/delta-storage-3.2.0.jar,/opt/jars/spark-sql-kafka-0-10_2.12-3.5.1.jar,/opt/jars/kafka-clients-3.4.1.jar,/opt/jars/spark-token-provider-kafka-0-10_2.12-3.5.1.jar,/opt/jars/commons-pool2-2.11.1.jar --conf spark.sql.extensions=io.delta.sql.DeltaSparkSessionExtension --conf spark.sql.catalog.spark_catalog=org.apache.spark.sql.delta.catalog.DeltaCatalog  /opt/pipelines/bronze_runner.py']
[2026-06-16T14:06:52.384+0000] {subprocess.py:86} INFO - Output:
[2026-06-16T14:06:57.127+0000] {subprocess.py:93} INFO - 26/06/16 14:06:57 WARN NativeCodeLoader: Unable to load native-hadoop library for your platform... using builtin-java classes where applicable
[2026-06-16T14:06:58.469+0000] {subprocess.py:93} INFO - 26/06/16 14:06:58 INFO SparkContext: Running Spark version 3.5.1
[2026-06-16T14:06:58.470+0000] {subprocess.py:93} INFO - 26/06/16 14:06:58 INFO SparkContext: OS info Linux, 6.6.114.1-microsoft-standard-WSL2, amd64
[2026-06-16T14:06:58.472+0000] {subprocess.py:93} INFO - 26/06/16 14:06:58 INFO SparkContext: Java version 11.0.22
[2026-06-16T14:06:58.534+0000] {subprocess.py:93} INFO - 26/06/16 14:06:58 INFO ResourceUtils: ==============================================================
[2026-06-16T14:06:58.542+0000] {subprocess.py:93} INFO - 26/06/16 14:06:58 INFO ResourceUtils: No custom resources configured for spark.driver.
[2026-06-16T14:06:58.543+0000] {subprocess.py:93} INFO - 26/06/16 14:06:58 INFO ResourceUtils: ==============================================================
[2026-06-16T14:06:58.548+0000] {subprocess.py:93} INFO - 26/06/16 14:06:58 INFO SparkContext: Submitted application: SDP-Bronze
[2026-06-16T14:06:58.586+0000] {subprocess.py:93} INFO - 26/06/16 14:06:58 INFO ResourceProfile: Default ResourceProfile created, executor resources: Map(cores -> name: cores, amount: 1, script: , vendor: , memory -> name: memory, amount: 512, script: , vendor: , offHeap -> name: offHeap, amount: 0, script: , vendor: ), task resources: Map(cpus -> name: cpus, amount: 1.0)
[2026-06-16T14:06:58.610+0000] {subprocess.py:93} INFO - 26/06/16 14:06:58 INFO ResourceProfile: Limiting resource is cpus at 1 tasks per executor
[2026-06-16T14:06:58.613+0000] {subprocess.py:93} INFO - 26/06/16 14:06:58 INFO ResourceProfileManager: Added ResourceProfile id: 0
[2026-06-16T14:06:58.704+0000] {subprocess.py:93} INFO - 26/06/16 14:06:58 INFO SecurityManager: Changing view acls to: spark
[2026-06-16T14:06:58.705+0000] {subprocess.py:93} INFO - 26/06/16 14:06:58 INFO SecurityManager: Changing modify acls to: spark
[2026-06-16T14:06:58.710+0000] {subprocess.py:93} INFO - 26/06/16 14:06:58 INFO SecurityManager: Changing view acls groups to:
[2026-06-16T14:06:58.711+0000] {subprocess.py:93} INFO - 26/06/16 14:06:58 INFO SecurityManager: Changing modify acls groups to:
[2026-06-16T14:06:58.712+0000] {subprocess.py:93} INFO - 26/06/16 14:06:58 INFO SecurityManager: SecurityManager: authentication disabled; ui acls disabled; users with view permissions: spark; groups with view permissions: EMPTY; users with modify permissions: spark; groups with modify permissions: EMPTY
[2026-06-16T14:06:59.170+0000] {subprocess.py:93} INFO - 26/06/16 14:06:59 INFO Utils: Successfully started service 'sparkDriver' on port 41649.
[2026-06-16T14:06:59.249+0000] {subprocess.py:93} INFO - 26/06/16 14:06:59 INFO SparkEnv: Registering MapOutputTracker
[2026-06-16T14:06:59.321+0000] {subprocess.py:93} INFO - 26/06/16 14:06:59 INFO SparkEnv: Registering BlockManagerMaster
[2026-06-16T14:06:59.385+0000] {subprocess.py:93} INFO - 26/06/16 14:06:59 INFO BlockManagerMasterEndpoint: Using org.apache.spark.storage.DefaultTopologyMapper for getting topology information
[2026-06-16T14:06:59.386+0000] {subprocess.py:93} INFO - 26/06/16 14:06:59 INFO BlockManagerMasterEndpoint: BlockManagerMasterEndpoint up
[2026-06-16T14:06:59.399+0000] {subprocess.py:93} INFO - 26/06/16 14:06:59 INFO SparkEnv: Registering BlockManagerMasterHeartbeat
[2026-06-16T14:06:59.446+0000] {subprocess.py:93} INFO - 26/06/16 14:06:59 INFO DiskBlockManager: Created local directory at /tmp/blockmgr-99a11c33-8b37-4e2c-85ea-f6d561f72132
[2026-06-16T14:06:59.477+0000] {subprocess.py:93} INFO - 26/06/16 14:06:59 INFO MemoryStore: MemoryStore started with capacity 434.4 MiB
[2026-06-16T14:06:59.515+0000] {subprocess.py:93} INFO - 26/06/16 14:06:59 INFO SparkEnv: Registering OutputCommitCoordinator
[2026-06-16T14:06:59.811+0000] {subprocess.py:93} INFO - 26/06/16 14:06:59 INFO JettyUtils: Start Jetty 0.0.0.0:4040 for SparkUI
[2026-06-16T14:06:59.965+0000] {subprocess.py:93} INFO - 26/06/16 14:06:59 INFO Utils: Successfully started service 'SparkUI' on port 4040.
[2026-06-16T14:07:00.048+0000] {subprocess.py:93} INFO - 26/06/16 14:07:00 INFO SparkContext: Added JAR file:///opt/jars/delta-spark_2.12-3.2.0.jar at spark://5c302910d8ee:41649/jars/delta-spark_2.12-3.2.0.jar with timestamp 1781618818453
[2026-06-16T14:07:00.052+0000] {subprocess.py:93} INFO - 26/06/16 14:07:00 INFO SparkContext: Added JAR file:///opt/jars/delta-storage-3.2.0.jar at spark://5c302910d8ee:41649/jars/delta-storage-3.2.0.jar with timestamp 1781618818453
[2026-06-16T14:07:00.054+0000] {subprocess.py:93} INFO - 26/06/16 14:07:00 INFO SparkContext: Added JAR file:///opt/jars/spark-sql-kafka-0-10_2.12-3.5.1.jar at spark://5c302910d8ee:41649/jars/spark-sql-kafka-0-10_2.12-3.5.1.jar with timestamp 1781618818453
[2026-06-16T14:07:00.061+0000] {subprocess.py:93} INFO - 26/06/16 14:07:00 INFO SparkContext: Added JAR file:///opt/jars/kafka-clients-3.4.1.jar at spark://5c302910d8ee:41649/jars/kafka-clients-3.4.1.jar with timestamp 1781618818453
[2026-06-16T14:07:00.063+0000] {subprocess.py:93} INFO - 26/06/16 14:07:00 INFO SparkContext: Added JAR file:///opt/jars/spark-token-provider-kafka-0-10_2.12-3.5.1.jar at spark://5c302910d8ee:41649/jars/spark-token-provider-kafka-0-10_2.12-3.5.1.jar with timestamp 1781618818453
[2026-06-16T14:07:00.066+0000] {subprocess.py:93} INFO - 26/06/16 14:07:00 INFO SparkContext: Added JAR file:///opt/jars/commons-pool2-2.11.1.jar at spark://5c302910d8ee:41649/jars/commons-pool2-2.11.1.jar with timestamp 1781618818453
[2026-06-16T14:07:00.252+0000] {subprocess.py:93} INFO - 26/06/16 14:07:00 INFO StandaloneAppClient$ClientEndpoint: Connecting to master spark://sdp-spark-master:7077...
[2026-06-16T14:07:00.382+0000] {subprocess.py:93} INFO - 26/06/16 14:07:00 INFO TransportClientFactory: Successfully created connection to sdp-spark-master/172.18.0.3:7077 after 84 ms (0 ms spent in bootstraps)
[2026-06-16T14:07:00.601+0000] {subprocess.py:93} INFO - 26/06/16 14:07:00 INFO StandaloneSchedulerBackend: Connected to Spark cluster with app ID app-20260616140700-0010
[2026-06-16T14:07:00.618+0000] {subprocess.py:93} INFO - 26/06/16 14:07:00 INFO StandaloneAppClient$ClientEndpoint: Executor added: app-20260616140700-0010/0 on worker-20260616111838-172.18.0.6-45657 (172.18.0.6:45657) with 1 core(s)
[2026-06-16T14:07:00.625+0000] {subprocess.py:93} INFO - 26/06/16 14:07:00 INFO StandaloneSchedulerBackend: Granted executor ID app-20260616140700-0010/0 on hostPort 172.18.0.6:45657 with 1 core(s), 512.0 MiB RAM
[2026-06-16T14:07:00.633+0000] {subprocess.py:93} INFO - 26/06/16 14:07:00 INFO StandaloneAppClient$ClientEndpoint: Executor added: app-20260616140700-0010/1 on worker-20260616111838-172.18.0.6-45657 (172.18.0.6:45657) with 1 core(s)
[2026-06-16T14:07:00.637+0000] {subprocess.py:93} INFO - 26/06/16 14:07:00 INFO StandaloneSchedulerBackend: Granted executor ID app-20260616140700-0010/1 on hostPort 172.18.0.6:45657 with 1 core(s), 512.0 MiB RAM
[2026-06-16T14:07:00.643+0000] {subprocess.py:93} INFO - 26/06/16 14:07:00 INFO StandaloneAppClient$ClientEndpoint: Executor added: app-20260616140700-0010/2 on worker-20260616111838-172.18.0.5-35429 (172.18.0.5:35429) with 1 core(s)
[2026-06-16T14:07:00.646+0000] {subprocess.py:93} INFO - 26/06/16 14:07:00 INFO StandaloneSchedulerBackend: Granted executor ID app-20260616140700-0010/2 on hostPort 172.18.0.5:35429 with 1 core(s), 512.0 MiB RAM
[2026-06-16T14:07:00.680+0000] {subprocess.py:93} INFO - 26/06/16 14:07:00 INFO Utils: Successfully started service 'org.apache.spark.network.netty.NettyBlockTransferService' on port 44177.
[2026-06-16T14:07:00.684+0000] {subprocess.py:93} INFO - 26/06/16 14:07:00 INFO NettyBlockTransferService: Server created on 5c302910d8ee:44177
[2026-06-16T14:07:00.685+0000] {subprocess.py:93} INFO - 26/06/16 14:07:00 INFO BlockManager: Using org.apache.spark.storage.RandomBlockReplicationPolicy for block replication policy
[2026-06-16T14:07:00.777+0000] {subprocess.py:93} INFO - 26/06/16 14:07:00 INFO BlockManagerMaster: Registering BlockManager BlockManagerId(driver, 5c302910d8ee, 44177, None)
[2026-06-16T14:07:00.830+0000] {subprocess.py:93} INFO - 26/06/16 14:07:00 INFO StandaloneAppClient$ClientEndpoint: Executor updated: app-20260616140700-0010/2 is now RUNNING
[2026-06-16T14:07:00.853+0000] {subprocess.py:93} INFO - 26/06/16 14:07:00 INFO StandaloneAppClient$ClientEndpoint: Executor updated: app-20260616140700-0010/1 is now RUNNING
[2026-06-16T14:07:00.866+0000] {subprocess.py:93} INFO - 26/06/16 14:07:00 INFO BlockManagerMasterEndpoint: Registering block manager 5c302910d8ee:44177 with 434.4 MiB RAM, BlockManagerId(driver, 5c302910d8ee, 44177, None)
[2026-06-16T14:07:00.880+0000] {subprocess.py:93} INFO - 26/06/16 14:07:00 INFO BlockManagerMaster: Registered BlockManager BlockManagerId(driver, 5c302910d8ee, 44177, None)
[2026-06-16T14:07:00.885+0000] {subprocess.py:93} INFO - 26/06/16 14:07:00 INFO BlockManager: Initialized BlockManager: BlockManagerId(driver, 5c302910d8ee, 44177, None)
[2026-06-16T14:07:01.069+0000] {subprocess.py:93} INFO - 26/06/16 14:07:01 INFO StandaloneAppClient$ClientEndpoint: Executor updated: app-20260616140700-0010/0 is now RUNNING
[2026-06-16T14:07:02.413+0000] {subprocess.py:93} INFO - 26/06/16 14:07:02 INFO StandaloneSchedulerBackend: SchedulerBackend is ready for scheduling beginning after reached minRegisteredResourcesRatio: 0.0
[2026-06-16T14:07:03.535+0000] {subprocess.py:93} INFO - Starting stream: orders -> /opt/data/bronze/orders
[2026-06-16T14:07:39.656+0000] {subprocess.py:93} INFO - 26/06/16 14:07:39 WARN ResolveWriteToStream: spark.sql.adaptive.enabled is not supported in streaming DataFrames/Datasets and will be disabled.
[2026-06-16T14:07:40.028+0000] {subprocess.py:93} INFO - Starting stream: customers -> /opt/data/bronze/customers
[2026-06-16T14:07:46.112+0000] {subprocess.py:93} INFO - 26/06/16 14:07:46 WARN ResolveWriteToStream: spark.sql.adaptive.enabled is not supported in streaming DataFrames/Datasets and will be disabled.
[2026-06-16T14:07:46.333+0000] {subprocess.py:93} INFO - Starting stream: products -> /opt/data/bronze/products
[2026-06-16T14:07:50.235+0000] {subprocess.py:93} INFO - 26/06/16 14:07:50 WARN ResolveWriteToStream: spark.sql.adaptive.enabled is not supported in streaming DataFrames/Datasets and will be disabled.
[2026-06-16T14:07:51.523+0000] {subprocess.py:93} INFO - 26/06/16 14:07:51 WARN SparkStringUtils: Truncated the string representation of a plan since it was too large. This behavior can be adjusted by setting 'spark.sql.debug.maxToStringFields'.
[2026-06-16T14:08:52.736+0000] {subprocess.py:93} INFO - 26/06/16 14:08:52 ERROR DeltaFileFormatWriter: Aborting job 0854777f-bb1b-4ecb-9152-aa110dd40b0a.
[2026-06-16T14:08:52.739+0000] {subprocess.py:93} INFO - org.apache.spark.SparkException: Job 6 cancelled because SparkContext was shut down
[2026-06-16T14:08:52.741+0000] {subprocess.py:93} INFO - 	at org.apache.spark.scheduler.DAGScheduler.$anonfun$cleanUpAfterSchedulerStop$1(DAGScheduler.scala:1253)
[2026-06-16T14:08:52.745+0000] {subprocess.py:93} INFO - 	at org.apache.spark.scheduler.DAGScheduler.$anonfun$cleanUpAfterSchedulerStop$1$adapted(DAGScheduler.scala:1251)
[2026-06-16T14:08:52.747+0000] {subprocess.py:93} INFO - 	at scala.collection.mutable.HashSet.foreach(HashSet.scala:79)
[2026-06-16T14:08:52.750+0000] {subprocess.py:93} INFO - 	at org.apache.spark.scheduler.DAGScheduler.cleanUpAfterSchedulerStop(DAGScheduler.scala:1251)
[2026-06-16T14:08:52.751+0000] {subprocess.py:93} INFO - 	at org.apache.spark.scheduler.DAGSchedulerEventProcessLoop.onStop(DAGScheduler.scala:3087)
[2026-06-16T14:08:52.753+0000] {subprocess.py:93} INFO - 	at org.apache.spark.util.EventLoop.stop(EventLoop.scala:84)
[2026-06-16T14:08:52.755+0000] {subprocess.py:93} INFO - 	at org.apache.spark.scheduler.DAGScheduler.$anonfun$stop$3(DAGScheduler.scala:2973)
[2026-06-16T14:08:52.756+0000] {subprocess.py:93} INFO - 	at org.apache.spark.util.Utils$.tryLogNonFatalError(Utils.scala:1375)
[2026-06-16T14:08:52.759+0000] {subprocess.py:93} INFO - 	at org.apache.spark.scheduler.DAGScheduler.stop(DAGScheduler.scala:2973)
[2026-06-16T14:08:52.760+0000] {subprocess.py:93} INFO - 	at org.apache.spark.SparkContext.$anonfun$stop$12(SparkContext.scala:2263)
[2026-06-16T14:08:52.762+0000] {subprocess.py:93} INFO - 	at org.apache.spark.util.Utils$.tryLogNonFatalError(Utils.scala:1375)
[2026-06-16T14:08:52.763+0000] {subprocess.py:93} INFO - 	at org.apache.spark.SparkContext.stop(SparkContext.scala:2263)
[2026-06-16T14:08:52.764+0000] {subprocess.py:93} INFO - 	at org.apache.spark.SparkContext.stop(SparkContext.scala:2216)
[2026-06-16T14:08:52.765+0000] {subprocess.py:93} INFO - 	at org.apache.spark.SparkContext.$anonfun$new$34(SparkContext.scala:686)
[2026-06-16T14:08:52.766+0000] {subprocess.py:93} INFO - 	at org.apache.spark.util.SparkShutdownHook.run(ShutdownHookManager.scala:214)
[2026-06-16T14:08:52.767+0000] {subprocess.py:93} INFO - 	at org.apache.spark.util.SparkShutdownHookManager.$anonfun$runAll$2(ShutdownHookManager.scala:188)
[2026-06-16T14:08:52.768+0000] {subprocess.py:93} INFO - 	at scala.runtime.java8.JFunction0$mcV$sp.apply(JFunction0$mcV$sp.java:23)
[2026-06-16T14:08:52.768+0000] {subprocess.py:93} INFO - 	at org.apache.spark.util.Utils$.logUncaughtExceptions(Utils.scala:1928)
[2026-06-16T14:08:52.769+0000] {subprocess.py:93} INFO - 	at org.apache.spark.util.SparkShutdownHookManager.$anonfun$runAll$1(ShutdownHookManager.scala:188)
[2026-06-16T14:08:52.771+0000] {subprocess.py:93} INFO - 	at scala.runtime.java8.JFunction0$mcV$sp.apply(JFunction0$mcV$sp.java:23)
[2026-06-16T14:08:52.777+0000] {subprocess.py:93} INFO - 	at scala.util.Try$.apply(Try.scala:213)
[2026-06-16T14:08:52.779+0000] {subprocess.py:93} INFO - 	at org.apache.spark.util.SparkShutdownHookManager.runAll(ShutdownHookManager.scala:188)
[2026-06-16T14:08:52.780+0000] {subprocess.py:93} INFO - 	at org.apache.spark.util.SparkShutdownHookManager$$anon$2.run(ShutdownHookManager.scala:178)
[2026-06-16T14:08:52.782+0000] {subprocess.py:93} INFO - 	at java.base/java.util.concurrent.Executors$RunnableAdapter.call(Unknown Source)
[2026-06-16T14:08:52.783+0000] {subprocess.py:93} INFO - 	at java.base/java.util.concurrent.FutureTask.run(Unknown Source)
[2026-06-16T14:08:52.784+0000] {subprocess.py:93} INFO - 	at java.base/java.util.concurrent.ThreadPoolExecutor.runWorker(Unknown Source)
[2026-06-16T14:08:52.785+0000] {subprocess.py:93} INFO - 	at java.base/java.util.concurrent.ThreadPoolExecutor$Worker.run(Unknown Source)
[2026-06-16T14:08:52.786+0000] {subprocess.py:93} INFO - 	at java.base/java.lang.Thread.run(Unknown Source)
[2026-06-16T14:08:52.789+0000] {subprocess.py:93} INFO - 	at org.apache.spark.scheduler.DAGScheduler.runJob(DAGScheduler.scala:989)
[2026-06-16T14:08:52.790+0000] {subprocess.py:93} INFO - 	at org.apache.spark.SparkContext.runJob(SparkContext.scala:2398)
[2026-06-16T14:08:52.791+0000] {subprocess.py:93} INFO - 	at org.apache.spark.sql.delta.files.DeltaFileFormatWriter$.$anonfun$executeWrite$1(DeltaFileFormatWriter.scala:263)
[2026-06-16T14:08:52.792+0000] {subprocess.py:93} INFO - 	at org.apache.spark.sql.delta.files.DeltaFileFormatWriter$.writeAndCommit(DeltaFileFormatWriter.scala:295)
[2026-06-16T14:08:52.793+0000] {subprocess.py:93} INFO - 	at org.apache.spark.sql.delta.files.DeltaFileFormatWriter$.executeWrite(DeltaFileFormatWriter.scala:234)
[2026-06-16T14:08:52.794+0000] {subprocess.py:93} INFO - 	at org.apache.spark.sql.delta.files.DeltaFileFormatWriter$.write(DeltaFileFormatWriter.scala:214)
[2026-06-16T14:08:52.795+0000] {subprocess.py:93} INFO - 	at org.apache.spark.sql.delta.files.TransactionalWrite.$anonfun$writeFiles$1(TransactionalWrite.scala:440)
[2026-06-16T14:08:52.796+0000] {subprocess.py:93} INFO - 	at org.apache.spark.sql.execution.SQLExecution$.$anonfun$withNewExecutionId$6(SQLExecution.scala:125)
[2026-06-16T14:08:52.797+0000] {subprocess.py:93} INFO - 	at org.apache.spark.sql.execution.SQLExecution$.withSQLConfPropagated(SQLExecution.scala:201)
[2026-06-16T14:08:52.798+0000] {subprocess.py:93} INFO - 	at org.apache.spark.sql.execution.SQLExecution$.$anonfun$withNewExecutionId$1(SQLExecution.scala:108)
[2026-06-16T14:08:52.798+0000] {subprocess.py:93} INFO - 	at org.apache.spark.sql.SparkSession.withActive(SparkSession.scala:900)
[2026-06-16T14:08:52.799+0000] {subprocess.py:93} INFO - 	at org.apache.spark.sql.execution.SQLExecution$.withNewExecutionId(SQLExecution.scala:66)
[2026-06-16T14:08:52.803+0000] {subprocess.py:93} INFO - 	at org.apache.spark.sql.delta.files.TransactionalWrite.writeFiles(TransactionalWrite.scala:398)
[2026-06-16T14:08:52.805+0000] {subprocess.py:93} INFO - 	at org.apache.spark.sql.delta.files.TransactionalWrite.writeFiles$(TransactionalWrite.scala:371)
[2026-06-16T14:08:52.806+0000] {subprocess.py:93} INFO - 	at org.apache.spark.sql.delta.OptimisticTransaction.writeFiles(OptimisticTransaction.scala:147)
[2026-06-16T14:08:52.806+0000] {subprocess.py:93} INFO - 	at org.apache.spark.sql.delta.files.TransactionalWrite.writeFiles(TransactionalWrite.scala:246)
[2026-06-16T14:08:52.808+0000] {subprocess.py:93} INFO - 	at org.apache.spark.sql.delta.files.TransactionalWrite.writeFiles$(TransactionalWrite.scala:242)
[2026-06-16T14:08:52.809+0000] {subprocess.py:93} INFO - 	at org.apache.spark.sql.delta.OptimisticTransaction.writeFiles(OptimisticTransaction.scala:147)
[2026-06-16T14:08:52.809+0000] {subprocess.py:93} INFO - 	at org.apache.spark.sql.delta.files.TransactionalWrite.writeFiles(TransactionalWrite.scala:235)
[2026-06-16T14:08:52.810+0000] {subprocess.py:93} INFO - 	at org.apache.spark.sql.delta.files.TransactionalWrite.writeFiles$(TransactionalWrite.scala:232)
[2026-06-16T14:08:52.813+0000] {subprocess.py:93} INFO - 	at org.apache.spark.sql.delta.OptimisticTransaction.writeFiles(OptimisticTransaction.scala:147)
[2026-06-16T14:08:52.814+0000] {subprocess.py:93} INFO - 	at org.apache.spark.sql.delta.sources.DeltaSink.$anonfun$addBatchWithStatusImpl$4(DeltaSink.scala:139)
[2026-06-16T14:08:52.815+0000] {subprocess.py:93} INFO - 	at org.apache.spark.util.Utils$.timeTakenMs(Utils.scala:552)
[2026-06-16T14:08:52.816+0000] {subprocess.py:93} INFO - 	at org.apache.spark.sql.delta.sources.DeltaSink.addBatchWithStatusImpl(DeltaSink.scala:139)
[2026-06-16T14:08:52.817+0000] {subprocess.py:93} INFO - 	at org.apache.spark.sql.delta.sources.DeltaSink.addBatch(DeltaSink.scala:97)
[2026-06-16T14:08:52.818+0000] {subprocess.py:93} INFO - 	at org.apache.spark.sql.execution.streaming.MicroBatchExecution.$anonfun$runBatch$17(MicroBatchExecution.scala:732)
[2026-06-16T14:08:52.819+0000] {subprocess.py:93} INFO - 	at org.apache.spark.sql.execution.SQLExecution$.$anonfun$withNewExecutionId$6(SQLExecution.scala:125)
[2026-06-16T14:08:52.820+0000] {subprocess.py:93} INFO - 	at org.apache.spark.sql.execution.SQLExecution$.withSQLConfPropagated(SQLExecution.scala:201)
[2026-06-16T14:08:52.821+0000] {subprocess.py:93} INFO - 	at org.apache.spark.sql.execution.SQLExecution$.$anonfun$withNewExecutionId$1(SQLExecution.scala:108)
[2026-06-16T14:08:52.825+0000] {subprocess.py:93} INFO - 	at org.apache.spark.sql.SparkSession.withActive(SparkSession.scala:900)
[2026-06-16T14:08:52.827+0000] {subprocess.py:93} INFO - 	at org.apache.spark.sql.execution.SQLExecution$.withNewExecutionId(SQLExecution.scala:66)
[2026-06-16T14:08:52.827+0000] {subprocess.py:93} INFO - 	at org.apache.spark.sql.execution.streaming.MicroBatchExecution.$anonfun$runBatch$16(MicroBatchExecution.scala:729)
[2026-06-16T14:08:52.828+0000] {subprocess.py:93} INFO - 	at org.apache.spark.sql.execution.streaming.ProgressReporter.reportTimeTaken(ProgressReporter.scala:427)
[2026-06-16T14:08:52.830+0000] {subprocess.py:93} INFO - 	at org.apache.spark.sql.execution.streaming.ProgressReporter.reportTimeTaken$(ProgressReporter.scala:425)
[2026-06-16T14:08:52.831+0000] {subprocess.py:93} INFO - 	at org.apache.spark.sql.execution.streaming.StreamExecution.reportTimeTaken(StreamExecution.scala:67)
[2026-06-16T14:08:52.832+0000] {subprocess.py:93} INFO - 	at org.apache.spark.sql.execution.streaming.MicroBatchExecution.runBatch(MicroBatchExecution.scala:729)
[2026-06-16T14:08:52.834+0000] {subprocess.py:93} INFO - 	at org.apache.spark.sql.execution.streaming.MicroBatchExecution.$anonfun$runActivatedStream$2(MicroBatchExecution.scala:286)
[2026-06-16T14:08:52.836+0000] {subprocess.py:93} INFO - 	at scala.runtime.java8.JFunction0$mcV$sp.apply(JFunction0$mcV$sp.java:23)
[2026-06-16T14:08:52.838+0000] {subprocess.py:93} INFO - 	at org.apache.spark.sql.execution.streaming.ProgressReporter.reportTimeTaken(ProgressReporter.scala:427)
[2026-06-16T14:08:52.840+0000] {subprocess.py:93} INFO - 	at org.apache.spark.sql.execution.streaming.ProgressReporter.reportTimeTaken$(ProgressReporter.scala:425)
[2026-06-16T14:08:52.841+0000] {subprocess.py:93} INFO - 	at org.apache.spark.sql.execution.streaming.StreamExecution.reportTimeTaken(StreamExecution.scala:67)
[2026-06-16T14:08:52.845+0000] {subprocess.py:93} INFO - 	at org.apache.spark.sql.execution.streaming.MicroBatchExecution.$anonfun$runActivatedStream$1(MicroBatchExecution.scala:249)
[2026-06-16T14:08:52.846+0000] {subprocess.py:93} INFO - 	at org.apache.spark.sql.execution.streaming.ProcessingTimeExecutor.execute(TriggerExecutor.scala:67)
[2026-06-16T14:08:52.846+0000] {subprocess.py:93} INFO - 	at org.apache.spark.sql.execution.streaming.MicroBatchExecution.runActivatedStream(MicroBatchExecution.scala:239)
[2026-06-16T14:08:52.848+0000] {subprocess.py:93} INFO - 	at org.apache.spark.sql.execution.streaming.StreamExecution.$anonfun$runStream$1(StreamExecution.scala:311)
[2026-06-16T14:08:52.849+0000] {subprocess.py:93} INFO - 	at scala.runtime.java8.JFunction0$mcV$sp.apply(JFunction0$mcV$sp.java:23)
[2026-06-16T14:08:52.850+0000] {subprocess.py:93} INFO - 	at org.apache.spark.sql.SparkSession.withActive(SparkSession.scala:900)
[2026-06-16T14:08:52.851+0000] {subprocess.py:93} INFO - 	at org.apache.spark.sql.execution.streaming.StreamExecution.org$apache$spark$sql$execution$streaming$StreamExecution$$runStream(StreamExecution.scala:289)
[2026-06-16T14:08:52.854+0000] {subprocess.py:93} INFO - 	at org.apache.spark.sql.execution.streaming.StreamExecution$$anon$1.$anonfun$run$1(StreamExecution.scala:211)
[2026-06-16T14:08:52.855+0000] {subprocess.py:93} INFO - 	at scala.runtime.java8.JFunction0$mcV$sp.apply(JFunction0$mcV$sp.java:23)
[2026-06-16T14:08:52.856+0000] {subprocess.py:93} INFO - 	at org.apache.spark.JobArtifactSet$.withActiveJobArtifactState(JobArtifactSet.scala:94)
[2026-06-16T14:08:52.864+0000] {subprocess.py:93} INFO - 	at org.apache.spark.sql.execution.streaming.StreamExecution$$anon$1.run(StreamExecution.scala:211)
[2026-06-16T14:08:52.866+0000] {subprocess.py:93} INFO - 26/06/16 14:08:52 ERROR DeltaFileFormatWriter: Aborting job cfe2fe85-11a4-4634-908a-44e436c4aff0.
[2026-06-16T14:08:52.867+0000] {subprocess.py:93} INFO - org.apache.spark.SparkException: Job 7 cancelled because SparkContext was shut down
[2026-06-16T14:08:52.868+0000] {subprocess.py:93} INFO - 	at org.apache.spark.scheduler.DAGScheduler.$anonfun$cleanUpAfterSchedulerStop$1(DAGScheduler.scala:1253)
[2026-06-16T14:08:52.869+0000] {subprocess.py:93} INFO - 	at org.apache.spark.scheduler.DAGScheduler.$anonfun$cleanUpAfterSchedulerStop$1$adapted(DAGScheduler.scala:1251)
[2026-06-16T14:08:52.870+0000] {subprocess.py:93} INFO - 	at scala.collection.mutable.HashSet.foreach(HashSet.scala:79)
[2026-06-16T14:08:52.871+0000] {subprocess.py:93} INFO - 	at org.apache.spark.scheduler.DAGScheduler.cleanUpAfterSchedulerStop(DAGScheduler.scala:1251)
[2026-06-16T14:08:52.877+0000] {subprocess.py:93} INFO - 	at org.apache.spark.scheduler.DAGSchedulerEventProcessLoop.onStop(DAGScheduler.scala:3087)
[2026-06-16T14:08:52.879+0000] {subprocess.py:93} INFO - 	at org.apache.spark.util.EventLoop.stop(EventLoop.scala:84)
[2026-06-16T14:08:52.880+0000] {subprocess.py:93} INFO - 	at org.apache.spark.scheduler.DAGScheduler.$anonfun$stop$3(DAGScheduler.scala:2973)
[2026-06-16T14:08:52.881+0000] {subprocess.py:93} INFO - 	at org.apache.spark.util.Utils$.tryLogNonFatalError(Utils.scala:1375)
[2026-06-16T14:08:52.882+0000] {subprocess.py:93} INFO - 	at org.apache.spark.scheduler.DAGScheduler.stop(DAGScheduler.scala:2973)
[2026-06-16T14:08:52.883+0000] {subprocess.py:93} INFO - 	at org.apache.spark.SparkContext.$anonfun$stop$12(SparkContext.scala:2263)
[2026-06-16T14:08:52.884+0000] {subprocess.py:93} INFO - 	at org.apache.spark.util.Utils$.tryLogNonFatalError(Utils.scala:1375)
[2026-06-16T14:08:52.885+0000] {subprocess.py:93} INFO - 	at org.apache.spark.SparkContext.stop(SparkContext.scala:2263)
[2026-06-16T14:08:52.886+0000] {subprocess.py:93} INFO - 	at org.apache.spark.SparkContext.stop(SparkContext.scala:2216)
[2026-06-16T14:08:52.887+0000] {subprocess.py:93} INFO - 	at org.apache.spark.SparkContext.$anonfun$new$34(SparkContext.scala:686)
[2026-06-16T14:08:52.888+0000] {subprocess.py:93} INFO - 	at org.apache.spark.util.SparkShutdownHook.run(ShutdownHookManager.scala:214)
[2026-06-16T14:08:52.889+0000] {subprocess.py:93} INFO - 	at org.apache.spark.util.SparkShutdownHookManager.$anonfun$runAll$2(ShutdownHookManager.scala:188)
[2026-06-16T14:08:52.892+0000] {subprocess.py:93} INFO - 	at scala.runtime.java8.JFunction0$mcV$sp.apply(JFunction0$mcV$sp.java:23)
[2026-06-16T14:08:52.897+0000] {subprocess.py:93} INFO - 	at org.apache.spark.util.Utils$.logUncaughtExceptions(Utils.scala:1928)
[2026-06-16T14:08:52.899+0000] {subprocess.py:93} INFO - 	at org.apache.spark.util.SparkShutdownHookManager.$anonfun$runAll$1(ShutdownHookManager.scala:188)
[2026-06-16T14:08:52.902+0000] {subprocess.py:93} INFO - 	at scala.runtime.java8.JFunction0$mcV$sp.apply(JFunction0$mcV$sp.java:23)
[2026-06-16T14:08:52.906+0000] {subprocess.py:93} INFO - 	at scala.util.Try$.apply(Try.scala:213)
[2026-06-16T14:08:52.907+0000] {subprocess.py:93} INFO - 	at org.apache.spark.util.SparkShutdownHookManager.runAll(ShutdownHookManager.scala:188)
[2026-06-16T14:08:52.909+0000] {subprocess.py:93} INFO - 	at org.apache.spark.util.SparkShutdownHookManager$$anon$2.run(ShutdownHookManager.scala:178)
[2026-06-16T14:08:52.915+0000] {subprocess.py:93} INFO - 	at java.base/java.util.concurrent.Executors$RunnableAdapter.call(Unknown Source)
[2026-06-16T14:08:52.920+0000] {subprocess.py:93} INFO - 	at java.base/java.util.concurrent.FutureTask.run(Unknown Source)
[2026-06-16T14:08:52.921+0000] {subprocess.py:93} INFO - 	at java.base/java.util.concurrent.ThreadPoolExecutor.runWorker(Unknown Source)
[2026-06-16T14:08:52.924+0000] {subprocess.py:93} INFO - 	at java.base/java.util.concurrent.ThreadPoolExecutor$Worker.run(Unknown Source)
[2026-06-16T14:08:52.927+0000] {subprocess.py:93} INFO - 	at java.base/java.lang.Thread.run(Unknown Source)
[2026-06-16T14:08:52.928+0000] {subprocess.py:93} INFO - 	at org.apache.spark.scheduler.DAGScheduler.runJob(DAGScheduler.scala:989)
[2026-06-16T14:08:52.929+0000] {subprocess.py:93} INFO - 	at org.apache.spark.SparkContext.runJob(SparkContext.scala:2398)
[2026-06-16T14:08:52.933+0000] {subprocess.py:93} INFO - 	at org.apache.spark.sql.delta.files.DeltaFileFormatWriter$.$anonfun$executeWrite$1(DeltaFileFormatWriter.scala:263)
[2026-06-16T14:08:52.934+0000] {subprocess.py:93} INFO - 	at org.apache.spark.sql.delta.files.DeltaFileFormatWriter$.writeAndCommit(DeltaFileFormatWriter.scala:295)
[2026-06-16T14:08:52.935+0000] {subprocess.py:93} INFO - 	at org.apache.spark.sql.delta.files.DeltaFileFormatWriter$.executeWrite(DeltaFileFormatWriter.scala:234)
[2026-06-16T14:08:52.938+0000] {subprocess.py:93} INFO - 	at org.apache.spark.sql.delta.files.DeltaFileFormatWriter$.write(DeltaFileFormatWriter.scala:214)
[2026-06-16T14:08:52.939+0000] {subprocess.py:93} INFO - 	at org.apache.spark.sql.delta.files.TransactionalWrite.$anonfun$writeFiles$1(TransactionalWrite.scala:440)
[2026-06-16T14:08:52.942+0000] {subprocess.py:93} INFO - 	at org.apache.spark.sql.execution.SQLExecution$.$anonfun$withNewExecutionId$6(SQLExecution.scala:125)
[2026-06-16T14:08:52.943+0000] {subprocess.py:93} INFO - 	at org.apache.spark.sql.execution.SQLExecution$.withSQLConfPropagated(SQLExecution.scala:201)
[2026-06-16T14:08:52.944+0000] {subprocess.py:93} INFO - 	at org.apache.spark.sql.execution.SQLExecution$.$anonfun$withNewExecutionId$1(SQLExecution.scala:108)
[2026-06-16T14:08:52.945+0000] {subprocess.py:93} INFO - 	at org.apache.spark.sql.SparkSession.withActive(SparkSession.scala:900)
[2026-06-16T14:08:52.946+0000] {subprocess.py:93} INFO - 	at org.apache.spark.sql.execution.SQLExecution$.withNewExecutionId(SQLExecution.scala:66)
[2026-06-16T14:08:52.949+0000] {subprocess.py:93} INFO - 	at org.apache.spark.sql.delta.files.TransactionalWrite.writeFiles(TransactionalWrite.scala:398)
[2026-06-16T14:08:52.950+0000] {subprocess.py:93} INFO - 	at org.apache.spark.sql.delta.files.TransactionalWrite.writeFiles$(TransactionalWrite.scala:371)
[2026-06-16T14:08:52.951+0000] {subprocess.py:93} INFO - 	at org.apache.spark.sql.delta.OptimisticTransaction.writeFiles(OptimisticTransaction.scala:147)
[2026-06-16T14:08:52.952+0000] {subprocess.py:93} INFO - 	at org.apache.spark.sql.delta.files.TransactionalWrite.writeFiles(TransactionalWrite.scala:246)
[2026-06-16T14:08:52.953+0000] {subprocess.py:93} INFO - 	at org.apache.spark.sql.delta.files.TransactionalWrite.writeFiles$(TransactionalWrite.scala:242)
[2026-06-16T14:08:52.954+0000] {subprocess.py:93} INFO - 	at org.apache.spark.sql.delta.OptimisticTransaction.writeFiles(OptimisticTransaction.scala:147)
[2026-06-16T14:08:52.955+0000] {subprocess.py:93} INFO - 	at org.apache.spark.sql.delta.files.TransactionalWrite.writeFiles(TransactionalWrite.scala:235)
[2026-06-16T14:08:52.955+0000] {subprocess.py:93} INFO - 	at org.apache.spark.sql.delta.files.TransactionalWrite.writeFiles$(TransactionalWrite.scala:232)
[2026-06-16T14:08:52.958+0000] {subprocess.py:93} INFO - 	at org.apache.spark.sql.delta.OptimisticTransaction.writeFiles(OptimisticTransaction.scala:147)
[2026-06-16T14:08:52.960+0000] {subprocess.py:93} INFO - 	at org.apache.spark.sql.delta.sources.DeltaSink.$anonfun$addBatchWithStatusImpl$4(DeltaSink.scala:139)
[2026-06-16T14:08:52.961+0000] {subprocess.py:93} INFO - 	at org.apache.spark.util.Utils$.timeTakenMs(Utils.scala:552)
[2026-06-16T14:08:52.962+0000] {subprocess.py:93} INFO - 	at org.apache.spark.sql.delta.sources.DeltaSink.addBatchWithStatusImpl(DeltaSink.scala:139)
[2026-06-16T14:08:52.963+0000] {subprocess.py:93} INFO - 	at org.apache.spark.sql.delta.sources.DeltaSink.addBatch(DeltaSink.scala:97)
[2026-06-16T14:08:52.964+0000] {subprocess.py:93} INFO - 	at org.apache.spark.sql.execution.streaming.MicroBatchExecution.$anonfun$runBatch$17(MicroBatchExecution.scala:732)
[2026-06-16T14:08:52.965+0000] {subprocess.py:93} INFO - 	at org.apache.spark.sql.execution.SQLExecution$.$anonfun$withNewExecutionId$6(SQLExecution.scala:125)
[2026-06-16T14:08:52.965+0000] {subprocess.py:93} INFO - 	at org.apache.spark.sql.execution.SQLExecution$.withSQLConfPropagated(SQLExecution.scala:201)
[2026-06-16T14:08:52.967+0000] {subprocess.py:93} INFO - 	at org.apache.spark.sql.execution.SQLExecution$.$anonfun$withNewExecutionId$1(SQLExecution.scala:108)
[2026-06-16T14:08:52.969+0000] {subprocess.py:93} INFO - 	at org.apache.spark.sql.SparkSession.withActive(SparkSession.scala:900)
[2026-06-16T14:08:52.970+0000] {subprocess.py:93} INFO - 	at org.apache.spark.sql.execution.SQLExecution$.withNewExecutionId(SQLExecution.scala:66)
[2026-06-16T14:08:52.971+0000] {subprocess.py:93} INFO - 	at org.apache.spark.sql.execution.streaming.MicroBatchExecution.$anonfun$runBatch$16(MicroBatchExecution.scala:729)
[2026-06-16T14:08:52.973+0000] {subprocess.py:93} INFO - 	at org.apache.spark.sql.execution.streaming.ProgressReporter.reportTimeTaken(ProgressReporter.scala:427)
[2026-06-16T14:08:52.974+0000] {subprocess.py:93} INFO - 	at org.apache.spark.sql.execution.streaming.ProgressReporter.reportTimeTaken$(ProgressReporter.scala:425)
[2026-06-16T14:08:52.975+0000] {subprocess.py:93} INFO - 	at org.apache.spark.sql.execution.streaming.StreamExecution.reportTimeTaken(StreamExecution.scala:67)
[2026-06-16T14:08:52.976+0000] {subprocess.py:93} INFO - 	at org.apache.spark.sql.execution.streaming.MicroBatchExecution.runBatch(MicroBatchExecution.scala:729)
[2026-06-16T14:08:52.977+0000] {subprocess.py:93} INFO - 	at org.apache.spark.sql.execution.streaming.MicroBatchExecution.$anonfun$runActivatedStream$2(MicroBatchExecution.scala:286)
[2026-06-16T14:08:52.979+0000] {subprocess.py:93} INFO - 	at scala.runtime.java8.JFunction0$mcV$sp.apply(JFunction0$mcV$sp.java:23)
[2026-06-16T14:08:52.980+0000] {subprocess.py:93} INFO - 	at org.apache.spark.sql.execution.streaming.ProgressReporter.reportTimeTaken(ProgressReporter.scala:427)
[2026-06-16T14:08:52.981+0000] {subprocess.py:93} INFO - 	at org.apache.spark.sql.execution.streaming.ProgressReporter.reportTimeTaken$(ProgressReporter.scala:425)
[2026-06-16T14:08:52.982+0000] {subprocess.py:93} INFO - 	at org.apache.spark.sql.execution.streaming.StreamExecution.reportTimeTaken(StreamExecution.scala:67)
[2026-06-16T14:08:52.983+0000] {subprocess.py:93} INFO - 	at org.apache.spark.sql.execution.streaming.MicroBatchExecution.$anonfun$runActivatedStream$1(MicroBatchExecution.scala:249)
[2026-06-16T14:08:52.984+0000] {subprocess.py:93} INFO - 	at org.apache.spark.sql.execution.streaming.ProcessingTimeExecutor.execute(TriggerExecutor.scala:67)
[2026-06-16T14:08:52.985+0000] {subprocess.py:93} INFO - 	at org.apache.spark.sql.execution.streaming.MicroBatchExecution.runActivatedStream(MicroBatchExecution.scala:239)
[2026-06-16T14:08:52.986+0000] {subprocess.py:93} INFO - 	at org.apache.spark.sql.execution.streaming.StreamExecution.$anonfun$runStream$1(StreamExecution.scala:311)
[2026-06-16T14:08:52.987+0000] {subprocess.py:93} INFO - 	at scala.runtime.java8.JFunction0$mcV$sp.apply(JFunction0$mcV$sp.java:23)
[2026-06-16T14:08:52.988+0000] {subprocess.py:93} INFO - 	at org.apache.spark.sql.SparkSession.withActive(SparkSession.scala:900)
[2026-06-16T14:08:52.989+0000] {subprocess.py:93} INFO - 	at org.apache.spark.sql.execution.streaming.StreamExecution.org$apache$spark$sql$execution$streaming$StreamExecution$$runStream(StreamExecution.scala:289)
[2026-06-16T14:08:52.990+0000] {subprocess.py:93} INFO - 	at org.apache.spark.sql.execution.streaming.StreamExecution$$anon$1.$anonfun$run$1(StreamExecution.scala:211)
[2026-06-16T14:08:52.991+0000] {subprocess.py:93} INFO - 	at scala.runtime.java8.JFunction0$mcV$sp.apply(JFunction0$mcV$sp.java:23)
[2026-06-16T14:08:52.992+0000] {subprocess.py:93} INFO - 	at org.apache.spark.JobArtifactSet$.withActiveJobArtifactState(JobArtifactSet.scala:94)
[2026-06-16T14:08:52.993+0000] {subprocess.py:93} INFO - 	at org.apache.spark.sql.execution.streaming.StreamExecution$$anon$1.run(StreamExecution.scala:211)
[2026-06-16T14:08:54.567+0000] {subprocess.py:97} INFO - Command exited with return code 124
[2026-06-16T14:08:54.572+0000] {taskinstance.py:441} INFO - ::group::Post task execution logs
[2026-06-16T14:08:54.606+0000] {taskinstance.py:2890} ERROR - Task failed with exception
Traceback (most recent call last):
  File "/home/airflow/.local/lib/python3.12/site-packages/airflow/models/taskinstance.py", line 465, in _execute_task
    result = _execute_callable(context=context, **execute_callable_kwargs)
             ^^^^^^^^^^^^^^^^^^^^^^^^^^^^^^^^^^^^^^^^^^^^^^^^^^^^^^^^^^^^^
  File "/home/airflow/.local/lib/python3.12/site-packages/airflow/models/taskinstance.py", line 432, in _execute_callable
    return execute_callable(context=context, **execute_callable_kwargs)
           ^^^^^^^^^^^^^^^^^^^^^^^^^^^^^^^^^^^^^^^^^^^^^^^^^^^^^^^^^^^^
  File "/home/airflow/.local/lib/python3.12/site-packages/airflow/models/baseoperator.py", line 400, in wrapper
    return func(self, *args, **kwargs)
           ^^^^^^^^^^^^^^^^^^^^^^^^^^^
  File "/home/airflow/.local/lib/python3.12/site-packages/airflow/operators/bash.py", line 243, in execute
    raise AirflowException(
airflow.exceptions.AirflowException: Bash command failed. The command returned a non-zero exit code 124.
[2026-06-16T14:08:54.618+0000] {taskinstance.py:1205} INFO - Marking task as FAILED. dag_id=e-commerce_kafka_streaming_pipeline_v10, task_id=run_bronze, execution_date=20260616T130000, start_date=20260616T140652, end_date=20260616T140854
[2026-06-16T14:08:54.677+0000] {standard_task_runner.py:110} ERROR - Failed to execute job 20 for task run_bronze (Bash command failed. The command returned a non-zero exit code 124.; 1098)
[2026-06-16T14:08:54.724+0000] {local_task_job_runner.py:240} INFO - Task exited with return code 1
[2026-06-16T14:08:54.792+0000] {taskinstance.py:3482} INFO - 0 downstream tasks scheduled from follow-on schedule check
[2026-06-16T14:08:54.804+0000] {local_task_job_runner.py:222} INFO - ::endgroup::
