[2026-07-20T11:00:03.688+0000] {local_task_job_runner.py:120} INFO - ::group::Pre task execution logs
[2026-07-20T11:00:03.737+0000] {taskinstance.py:2073} INFO - Dependencies all met for dep_context=non-requeueable deps ti=<TaskInstance: e-commerce_kafka_streaming_pipeline_v1.run_bronze scheduled__2026-07-20T10:00:00+00:00 [queued]>
[2026-07-20T11:00:03.753+0000] {taskinstance.py:2073} INFO - Dependencies all met for dep_context=requeueable deps ti=<TaskInstance: e-commerce_kafka_streaming_pipeline_v1.run_bronze scheduled__2026-07-20T10:00:00+00:00 [queued]>
[2026-07-20T11:00:03.754+0000] {taskinstance.py:2303} INFO - Starting attempt 1 of 2
[2026-07-20T11:00:03.777+0000] {taskinstance.py:2327} INFO - Executing <Task(BashOperator): run_bronze> on 2026-07-20 10:00:00+00:00
[2026-07-20T11:00:03.790+0000] {standard_task_runner.py:90} INFO - Running: ['***', 'tasks', 'run', 'e-commerce_kafka_streaming_pipeline_v1', 'run_bronze', 'scheduled__2026-07-20T10:00:00+00:00', '--job-id', '211', '--raw', '--subdir', 'DAGS_FOLDER/sdp_pipeline_dag.py', '--cfg-path', '/tmp/tmppesd6858']
[2026-07-20T11:00:03.795+0000] {standard_task_runner.py:91} INFO - Job 211: Subtask run_bronze
[2026-07-20T11:00:03.796+0000] {logging_mixin.py:188} WARNING - /home/***/.local/lib/python3.12/site-packages/***/task/task_runner/standard_task_runner.py:61 DeprecationWarning: This process (pid=8306) is multi-threaded, use of fork() may lead to deadlocks in the child.
[2026-07-20T11:00:03.798+0000] {standard_task_runner.py:63} INFO - Started process 8307 to run task
[2026-07-20T11:00:03.865+0000] {task_command.py:426} INFO - Running <TaskInstance: e-commerce_kafka_streaming_pipeline_v1.run_bronze scheduled__2026-07-20T10:00:00+00:00 [running]> on host da27550080bf
[2026-07-20T11:00:03.941+0000] {taskinstance.py:2644} INFO - Exporting env vars: AIRFLOW_CTX_DAG_OWNER='dev' AIRFLOW_CTX_DAG_ID='e-commerce_kafka_streaming_pipeline_v1' AIRFLOW_CTX_TASK_ID='run_bronze' AIRFLOW_CTX_EXECUTION_DATE='2026-07-20T10:00:00+00:00' AIRFLOW_CTX_TRY_NUMBER='1' AIRFLOW_CTX_DAG_RUN_ID='scheduled__2026-07-20T10:00:00+00:00'
[2026-07-20T11:00:03.943+0000] {taskinstance.py:430} INFO - ::endgroup::
[2026-07-20T11:00:03.955+0000] {subprocess.py:63} INFO - Tmp dir root location: /tmp
[2026-07-20T11:00:03.956+0000] {subprocess.py:75} INFO - Running command: ['/usr/bin/bash', '-c', 'timeout 150s docker run --rm --network streaming_kafka_project_sdp-net --volume /d/Streaming_kafka_project/pipelines:/opt/pipelines --volume /d/Streaming_kafka_project/data:/opt/data --volume /d/Streaming_kafka_project/checkpoints:/opt/checkpoints --volume /d/Streaming_kafka_project/jars:/opt/jars apache/spark:3.5.1 /opt/spark/bin/spark-submit --master spark://sdp-spark-master:7077 --executor-cores 1 --executor-memory 512m --total-executor-cores 3 --jars /opt/jars/delta-spark_2.12-3.2.0.jar,/opt/jars/delta-storage-3.2.0.jar,/opt/jars/spark-sql-kafka-0-10_2.12-3.5.1.jar,/opt/jars/kafka-clients-3.4.1.jar,/opt/jars/spark-token-provider-kafka-0-10_2.12-3.5.1.jar,/opt/jars/commons-pool2-2.11.1.jar --conf spark.sql.extensions=io.delta.sql.DeltaSparkSessionExtension --conf spark.sql.catalog.spark_catalog=org.apache.spark.sql.delta.catalog.DeltaCatalog  /opt/pipelines/bronze_runner.py']
[2026-07-20T11:00:03.965+0000] {subprocess.py:86} INFO - Output:
[2026-07-20T11:00:05.644+0000] {subprocess.py:93} INFO - 26/07/20 11:00:05 WARN NativeCodeLoader: Unable to load native-hadoop library for your platform... using builtin-java classes where applicable
[2026-07-20T11:00:06.451+0000] {subprocess.py:93} INFO - 26/07/20 11:00:06 INFO SparkContext: Running Spark version 3.5.1
[2026-07-20T11:00:06.452+0000] {subprocess.py:93} INFO - 26/07/20 11:00:06 INFO SparkContext: OS info Linux, 6.18.33.2-microsoft-standard-WSL2, amd64
[2026-07-20T11:00:06.453+0000] {subprocess.py:93} INFO - 26/07/20 11:00:06 INFO SparkContext: Java version 11.0.22
[2026-07-20T11:00:06.491+0000] {subprocess.py:93} INFO - 26/07/20 11:00:06 INFO ResourceUtils: ==============================================================
[2026-07-20T11:00:06.492+0000] {subprocess.py:93} INFO - 26/07/20 11:00:06 INFO ResourceUtils: No custom resources configured for spark.driver.
[2026-07-20T11:00:06.493+0000] {subprocess.py:93} INFO - 26/07/20 11:00:06 INFO ResourceUtils: ==============================================================
[2026-07-20T11:00:06.495+0000] {subprocess.py:93} INFO - 26/07/20 11:00:06 INFO SparkContext: Submitted application: SDP-Bronze
[2026-07-20T11:00:06.543+0000] {subprocess.py:93} INFO - 26/07/20 11:00:06 INFO ResourceProfile: Default ResourceProfile created, executor resources: Map(cores -> name: cores, amount: 1, script: , vendor: , memory -> name: memory, amount: 512, script: , vendor: , offHeap -> name: offHeap, amount: 0, script: , vendor: ), task resources: Map(cpus -> name: cpus, amount: 1.0)
[2026-07-20T11:00:06.558+0000] {subprocess.py:93} INFO - 26/07/20 11:00:06 INFO ResourceProfile: Limiting resource is cpus at 1 tasks per executor
[2026-07-20T11:00:06.560+0000] {subprocess.py:93} INFO - 26/07/20 11:00:06 INFO ResourceProfileManager: Added ResourceProfile id: 0
[2026-07-20T11:00:06.612+0000] {subprocess.py:93} INFO - 26/07/20 11:00:06 INFO SecurityManager: Changing view acls to: spark
[2026-07-20T11:00:06.614+0000] {subprocess.py:93} INFO - 26/07/20 11:00:06 INFO SecurityManager: Changing modify acls to: spark
[2026-07-20T11:00:06.615+0000] {subprocess.py:93} INFO - 26/07/20 11:00:06 INFO SecurityManager: Changing view acls groups to:
[2026-07-20T11:00:06.616+0000] {subprocess.py:93} INFO - 26/07/20 11:00:06 INFO SecurityManager: Changing modify acls groups to:
[2026-07-20T11:00:06.616+0000] {subprocess.py:93} INFO - 26/07/20 11:00:06 INFO SecurityManager: SecurityManager: authentication disabled; ui acls disabled; users with view permissions: spark; groups with view permissions: EMPTY; users with modify permissions: spark; groups with modify permissions: EMPTY
[2026-07-20T11:00:06.863+0000] {subprocess.py:93} INFO - 26/07/20 11:00:06 INFO Utils: Successfully started service 'sparkDriver' on port 36735.
[2026-07-20T11:00:06.894+0000] {subprocess.py:93} INFO - 26/07/20 11:00:06 INFO SparkEnv: Registering MapOutputTracker
[2026-07-20T11:00:06.930+0000] {subprocess.py:93} INFO - 26/07/20 11:00:06 INFO SparkEnv: Registering BlockManagerMaster
[2026-07-20T11:00:06.945+0000] {subprocess.py:93} INFO - 26/07/20 11:00:06 INFO BlockManagerMasterEndpoint: Using org.apache.spark.storage.DefaultTopologyMapper for getting topology information
[2026-07-20T11:00:06.946+0000] {subprocess.py:93} INFO - 26/07/20 11:00:06 INFO BlockManagerMasterEndpoint: BlockManagerMasterEndpoint up
[2026-07-20T11:00:06.950+0000] {subprocess.py:93} INFO - 26/07/20 11:00:06 INFO SparkEnv: Registering BlockManagerMasterHeartbeat
[2026-07-20T11:00:06.968+0000] {subprocess.py:93} INFO - 26/07/20 11:00:06 INFO DiskBlockManager: Created local directory at /tmp/blockmgr-f6f25172-4504-4085-971b-10546b88d7d0
[2026-07-20T11:00:06.978+0000] {subprocess.py:93} INFO - 26/07/20 11:00:06 INFO MemoryStore: MemoryStore started with capacity 434.4 MiB
[2026-07-20T11:00:06.991+0000] {subprocess.py:93} INFO - 26/07/20 11:00:06 INFO SparkEnv: Registering OutputCommitCoordinator
[2026-07-20T11:00:07.102+0000] {subprocess.py:93} INFO - 26/07/20 11:00:07 INFO JettyUtils: Start Jetty 0.0.0.0:4040 for SparkUI
[2026-07-20T11:00:07.148+0000] {subprocess.py:93} INFO - 26/07/20 11:00:07 INFO Utils: Successfully started service 'SparkUI' on port 4040.
[2026-07-20T11:00:07.178+0000] {subprocess.py:93} INFO - 26/07/20 11:00:07 INFO SparkContext: Added JAR file:///opt/jars/delta-spark_2.12-3.2.0.jar at spark://3a4ddb1c13ce:36735/jars/delta-spark_2.12-3.2.0.jar with timestamp 1784545206437
[2026-07-20T11:00:07.179+0000] {subprocess.py:93} INFO - 26/07/20 11:00:07 INFO SparkContext: Added JAR file:///opt/jars/delta-storage-3.2.0.jar at spark://3a4ddb1c13ce:36735/jars/delta-storage-3.2.0.jar with timestamp 1784545206437
[2026-07-20T11:00:07.180+0000] {subprocess.py:93} INFO - 26/07/20 11:00:07 INFO SparkContext: Added JAR file:///opt/jars/spark-sql-kafka-0-10_2.12-3.5.1.jar at spark://3a4ddb1c13ce:36735/jars/spark-sql-kafka-0-10_2.12-3.5.1.jar with timestamp 1784545206437
[2026-07-20T11:00:07.181+0000] {subprocess.py:93} INFO - 26/07/20 11:00:07 INFO SparkContext: Added JAR file:///opt/jars/kafka-clients-3.4.1.jar at spark://3a4ddb1c13ce:36735/jars/kafka-clients-3.4.1.jar with timestamp 1784545206437
[2026-07-20T11:00:07.182+0000] {subprocess.py:93} INFO - 26/07/20 11:00:07 INFO SparkContext: Added JAR file:///opt/jars/spark-token-provider-kafka-0-10_2.12-3.5.1.jar at spark://3a4ddb1c13ce:36735/jars/spark-token-provider-kafka-0-10_2.12-3.5.1.jar with timestamp 1784545206437
[2026-07-20T11:00:07.182+0000] {subprocess.py:93} INFO - 26/07/20 11:00:07 INFO SparkContext: Added JAR file:///opt/jars/commons-pool2-2.11.1.jar at spark://3a4ddb1c13ce:36735/jars/commons-pool2-2.11.1.jar with timestamp 1784545206437
[2026-07-20T11:00:07.245+0000] {subprocess.py:93} INFO - 26/07/20 11:00:07 INFO StandaloneAppClient$ClientEndpoint: Connecting to master spark://sdp-spark-master:7077...
[2026-07-20T11:00:07.282+0000] {subprocess.py:93} INFO - 26/07/20 11:00:07 INFO TransportClientFactory: Successfully created connection to sdp-spark-master/172.18.0.4:7077 after 20 ms (0 ms spent in bootstraps)
[2026-07-20T11:00:07.350+0000] {subprocess.py:93} INFO - 26/07/20 11:00:07 INFO StandaloneSchedulerBackend: Connected to Spark cluster with app ID app-20260720110007-0099
[2026-07-20T11:00:07.352+0000] {subprocess.py:93} INFO - 26/07/20 11:00:07 INFO StandaloneAppClient$ClientEndpoint: Executor added: app-20260720110007-0099/0 on worker-20260716063602-172.18.0.5-44367 (172.18.0.5:44367) with 1 core(s)
[2026-07-20T11:00:07.353+0000] {subprocess.py:93} INFO - 26/07/20 11:00:07 INFO StandaloneSchedulerBackend: Granted executor ID app-20260720110007-0099/0 on hostPort 172.18.0.5:44367 with 1 core(s), 512.0 MiB RAM
[2026-07-20T11:00:07.354+0000] {subprocess.py:93} INFO - 26/07/20 11:00:07 INFO StandaloneAppClient$ClientEndpoint: Executor added: app-20260720110007-0099/1 on worker-20260716063602-172.18.0.5-44367 (172.18.0.5:44367) with 1 core(s)
[2026-07-20T11:00:07.355+0000] {subprocess.py:93} INFO - 26/07/20 11:00:07 INFO StandaloneSchedulerBackend: Granted executor ID app-20260720110007-0099/1 on hostPort 172.18.0.5:44367 with 1 core(s), 512.0 MiB RAM
[2026-07-20T11:00:07.356+0000] {subprocess.py:93} INFO - 26/07/20 11:00:07 INFO StandaloneAppClient$ClientEndpoint: Executor added: app-20260720110007-0099/2 on worker-20260716063602-172.18.0.6-33249 (172.18.0.6:33249) with 1 core(s)
[2026-07-20T11:00:07.356+0000] {subprocess.py:93} INFO - 26/07/20 11:00:07 INFO StandaloneSchedulerBackend: Granted executor ID app-20260720110007-0099/2 on hostPort 172.18.0.6:33249 with 1 core(s), 512.0 MiB RAM
[2026-07-20T11:00:07.362+0000] {subprocess.py:93} INFO - 26/07/20 11:00:07 INFO Utils: Successfully started service 'org.apache.spark.network.netty.NettyBlockTransferService' on port 45219.
[2026-07-20T11:00:07.363+0000] {subprocess.py:93} INFO - 26/07/20 11:00:07 INFO NettyBlockTransferService: Server created on 3a4ddb1c13ce:45219
[2026-07-20T11:00:07.366+0000] {subprocess.py:93} INFO - 26/07/20 11:00:07 INFO BlockManager: Using org.apache.spark.storage.RandomBlockReplicationPolicy for block replication policy
[2026-07-20T11:00:07.375+0000] {subprocess.py:93} INFO - 26/07/20 11:00:07 INFO BlockManagerMaster: Registering BlockManager BlockManagerId(driver, 3a4ddb1c13ce, 45219, None)
[2026-07-20T11:00:07.381+0000] {subprocess.py:93} INFO - 26/07/20 11:00:07 INFO BlockManagerMasterEndpoint: Registering block manager 3a4ddb1c13ce:45219 with 434.4 MiB RAM, BlockManagerId(driver, 3a4ddb1c13ce, 45219, None)
[2026-07-20T11:00:07.384+0000] {subprocess.py:93} INFO - 26/07/20 11:00:07 INFO BlockManagerMaster: Registered BlockManager BlockManagerId(driver, 3a4ddb1c13ce, 45219, None)
[2026-07-20T11:00:07.388+0000] {subprocess.py:93} INFO - 26/07/20 11:00:07 INFO BlockManager: Initialized BlockManager: BlockManagerId(driver, 3a4ddb1c13ce, 45219, None)
[2026-07-20T11:00:07.411+0000] {subprocess.py:93} INFO - 26/07/20 11:00:07 INFO StandaloneAppClient$ClientEndpoint: Executor updated: app-20260720110007-0099/2 is now RUNNING
[2026-07-20T11:00:07.415+0000] {subprocess.py:93} INFO - 26/07/20 11:00:07 INFO StandaloneAppClient$ClientEndpoint: Executor updated: app-20260720110007-0099/0 is now RUNNING
[2026-07-20T11:00:07.418+0000] {subprocess.py:93} INFO - 26/07/20 11:00:07 INFO StandaloneAppClient$ClientEndpoint: Executor updated: app-20260720110007-0099/1 is now RUNNING
[2026-07-20T11:00:07.723+0000] {subprocess.py:93} INFO - 26/07/20 11:00:07 INFO StandaloneSchedulerBackend: SchedulerBackend is ready for scheduling beginning after reached minRegisteredResourcesRatio: 0.0
[2026-07-20T11:00:08.163+0000] {subprocess.py:93} INFO - Starting stream: orders -> /opt/data/bronze/orders
[2026-07-20T11:00:19.808+0000] {subprocess.py:93} INFO - 26/07/20 11:00:19 WARN ResolveWriteToStream: spark.sql.adaptive.enabled is not supported in streaming DataFrames/Datasets and will be disabled.
[2026-07-20T11:00:19.909+0000] {subprocess.py:93} INFO - Starting stream: customers -> /opt/data/bronze/customers
[2026-07-20T11:00:21.518+0000] {subprocess.py:93} INFO - 26/07/20 11:00:21 WARN ResolveWriteToStream: spark.sql.adaptive.enabled is not supported in streaming DataFrames/Datasets and will be disabled.
[2026-07-20T11:00:21.544+0000] {subprocess.py:93} INFO - 26/07/20 11:00:21 WARN AdminClientConfig: These configurations '[key.deserializer, value.deserializer, enable.auto.commit, max.poll.records, auto.offset.reset]' were supplied but are not used yet.
[2026-07-20T11:00:21.566+0000] {subprocess.py:93} INFO - Starting stream: products -> /opt/data/bronze/products
[2026-07-20T11:00:23.121+0000] {subprocess.py:93} INFO - 26/07/20 11:00:23 WARN AdminClientConfig: These configurations '[key.deserializer, value.deserializer, enable.auto.commit, max.poll.records, auto.offset.reset]' were supplied but are not used yet.
[2026-07-20T11:00:23.465+0000] {subprocess.py:93} INFO - 26/07/20 11:00:23 WARN ResolveWriteToStream: spark.sql.adaptive.enabled is not supported in streaming DataFrames/Datasets and will be disabled.
[2026-07-20T11:00:24.888+0000] {subprocess.py:93} INFO - 26/07/20 11:00:24 WARN AdminClientConfig: These configurations '[key.deserializer, value.deserializer, enable.auto.commit, max.poll.records, auto.offset.reset]' were supplied but are not used yet.
[2026-07-20T11:00:24.898+0000] {subprocess.py:93} INFO - 26/07/20 11:00:24 WARN SparkStringUtils: Truncated the string representation of a plan since it was too large. This behavior can be adjusted by setting 'spark.sql.debug.maxToStringFields'.
[2026-07-20T11:01:56.239+0000] {subprocess.py:97} INFO - Command exited with return code 0
[2026-07-20T11:01:56.243+0000] {taskinstance.py:441} INFO - ::group::Post task execution logs
[2026-07-20T11:01:56.289+0000] {taskinstance.py:1205} INFO - Marking task as SUCCESS. dag_id=e-commerce_kafka_streaming_pipeline_v1, task_id=run_bronze, execution_date=20260720T100000, start_date=20260720T110003, end_date=20260720T110156
[2026-07-20T11:01:56.330+0000] {local_task_job_runner.py:240} INFO - Task exited with return code 0
[2026-07-20T11:01:56.360+0000] {taskinstance.py:3482} INFO - 1 downstream tasks scheduled from follow-on schedule check
[2026-07-20T11:01:56.363+0000] {local_task_job_runner.py:222} INFO - ::endgroup::
