[2026-07-15T11:23:50.368+0000] {local_task_job_runner.py:120} INFO - ::group::Pre task execution logs
[2026-07-15T11:23:50.403+0000] {taskinstance.py:2073} INFO - Dependencies all met for dep_context=non-requeueable deps ti=<TaskInstance: e-commerce_kafka_streaming_pipeline_v1.run_bronze scheduled__2026-07-15T10:00:00+00:00 [queued]>
[2026-07-15T11:23:50.413+0000] {taskinstance.py:2073} INFO - Dependencies all met for dep_context=requeueable deps ti=<TaskInstance: e-commerce_kafka_streaming_pipeline_v1.run_bronze scheduled__2026-07-15T10:00:00+00:00 [queued]>
[2026-07-15T11:23:50.414+0000] {taskinstance.py:2303} INFO - Starting attempt 1 of 2
[2026-07-15T11:23:50.430+0000] {taskinstance.py:2327} INFO - Executing <Task(BashOperator): run_bronze> on 2026-07-15 10:00:00+00:00
[2026-07-15T11:23:50.439+0000] {standard_task_runner.py:90} INFO - Running: ['***', 'tasks', 'run', 'e-commerce_kafka_streaming_pipeline_v1', 'run_bronze', 'scheduled__2026-07-15T10:00:00+00:00', '--job-id', '26', '--raw', '--subdir', 'DAGS_FOLDER/sdp_pipeline_dag.py', '--cfg-path', '/tmp/tmpjff9475n']
[2026-07-15T11:23:50.443+0000] {standard_task_runner.py:91} INFO - Job 26: Subtask run_bronze
[2026-07-15T11:23:50.443+0000] {logging_mixin.py:188} WARNING - /home/***/.local/lib/python3.12/site-packages/***/task/task_runner/standard_task_runner.py:61 DeprecationWarning: This process (pid=3406) is multi-threaded, use of fork() may lead to deadlocks in the child.
[2026-07-15T11:23:50.444+0000] {standard_task_runner.py:63} INFO - Started process 3407 to run task
[2026-07-15T11:23:50.513+0000] {task_command.py:426} INFO - Running <TaskInstance: e-commerce_kafka_streaming_pipeline_v1.run_bronze scheduled__2026-07-15T10:00:00+00:00 [running]> on host 6d7ac32de880
[2026-07-15T11:23:50.651+0000] {taskinstance.py:2644} INFO - Exporting env vars: AIRFLOW_CTX_DAG_OWNER='dev' AIRFLOW_CTX_DAG_ID='e-commerce_kafka_streaming_pipeline_v1' AIRFLOW_CTX_TASK_ID='run_bronze' AIRFLOW_CTX_EXECUTION_DATE='2026-07-15T10:00:00+00:00' AIRFLOW_CTX_TRY_NUMBER='1' AIRFLOW_CTX_DAG_RUN_ID='scheduled__2026-07-15T10:00:00+00:00'
[2026-07-15T11:23:50.653+0000] {taskinstance.py:430} INFO - ::endgroup::
[2026-07-15T11:23:50.667+0000] {subprocess.py:63} INFO - Tmp dir root location: /tmp
[2026-07-15T11:23:50.670+0000] {subprocess.py:75} INFO - Running command: ['/usr/bin/bash', '-c', 'timeout 150s docker run --rm --network streaming_kafka_project_sdp-net --volume /d/Streaming_kafka_project/pipelines:/opt/pipelines --volume /d/Streaming_kafka_project/data:/opt/data --volume /d/Streaming_kafka_project/checkpoints:/opt/checkpoints --volume /d/Streaming_kafka_project/jars:/opt/jars apache/spark:3.5.1 /opt/spark/bin/spark-submit --master spark://sdp-spark-master:7077 --executor-cores 1 --executor-memory 512m --total-executor-cores 3 --jars /opt/jars/delta-spark_2.12-3.2.0.jar,/opt/jars/delta-storage-3.2.0.jar,/opt/jars/spark-sql-kafka-0-10_2.12-3.5.1.jar,/opt/jars/kafka-clients-3.4.1.jar,/opt/jars/spark-token-provider-kafka-0-10_2.12-3.5.1.jar,/opt/jars/commons-pool2-2.11.1.jar --conf spark.sql.extensions=io.delta.sql.DeltaSparkSessionExtension --conf spark.sql.catalog.spark_catalog=org.apache.spark.sql.delta.catalog.DeltaCatalog  /opt/pipelines/bronze_runner.py']
[2026-07-15T11:23:50.681+0000] {subprocess.py:86} INFO - Output:
[2026-07-15T11:23:53.328+0000] {subprocess.py:93} INFO - 26/07/15 11:23:53 WARN NativeCodeLoader: Unable to load native-hadoop library for your platform... using builtin-java classes where applicable
[2026-07-15T11:23:54.227+0000] {subprocess.py:93} INFO - 26/07/15 11:23:54 INFO SparkContext: Running Spark version 3.5.1
[2026-07-15T11:23:54.228+0000] {subprocess.py:93} INFO - 26/07/15 11:23:54 INFO SparkContext: OS info Linux, 6.18.33.2-microsoft-standard-WSL2, amd64
[2026-07-15T11:23:54.230+0000] {subprocess.py:93} INFO - 26/07/15 11:23:54 INFO SparkContext: Java version 11.0.22
[2026-07-15T11:23:54.257+0000] {subprocess.py:93} INFO - 26/07/15 11:23:54 INFO ResourceUtils: ==============================================================
[2026-07-15T11:23:54.259+0000] {subprocess.py:93} INFO - 26/07/15 11:23:54 INFO ResourceUtils: No custom resources configured for spark.driver.
[2026-07-15T11:23:54.261+0000] {subprocess.py:93} INFO - 26/07/15 11:23:54 INFO ResourceUtils: ==============================================================
[2026-07-15T11:23:54.262+0000] {subprocess.py:93} INFO - 26/07/15 11:23:54 INFO SparkContext: Submitted application: SDP-Bronze
[2026-07-15T11:23:54.287+0000] {subprocess.py:93} INFO - 26/07/15 11:23:54 INFO ResourceProfile: Default ResourceProfile created, executor resources: Map(cores -> name: cores, amount: 1, script: , vendor: , memory -> name: memory, amount: 512, script: , vendor: , offHeap -> name: offHeap, amount: 0, script: , vendor: ), task resources: Map(cpus -> name: cpus, amount: 1.0)
[2026-07-15T11:23:54.299+0000] {subprocess.py:93} INFO - 26/07/15 11:23:54 INFO ResourceProfile: Limiting resource is cpus at 1 tasks per executor
[2026-07-15T11:23:54.302+0000] {subprocess.py:93} INFO - 26/07/15 11:23:54 INFO ResourceProfileManager: Added ResourceProfile id: 0
[2026-07-15T11:23:54.362+0000] {subprocess.py:93} INFO - 26/07/15 11:23:54 INFO SecurityManager: Changing view acls to: spark
[2026-07-15T11:23:54.364+0000] {subprocess.py:93} INFO - 26/07/15 11:23:54 INFO SecurityManager: Changing modify acls to: spark
[2026-07-15T11:23:54.365+0000] {subprocess.py:93} INFO - 26/07/15 11:23:54 INFO SecurityManager: Changing view acls groups to:
[2026-07-15T11:23:54.367+0000] {subprocess.py:93} INFO - 26/07/15 11:23:54 INFO SecurityManager: Changing modify acls groups to:
[2026-07-15T11:23:54.368+0000] {subprocess.py:93} INFO - 26/07/15 11:23:54 INFO SecurityManager: SecurityManager: authentication disabled; ui acls disabled; users with view permissions: spark; groups with view permissions: EMPTY; users with modify permissions: spark; groups with modify permissions: EMPTY
[2026-07-15T11:23:54.662+0000] {subprocess.py:93} INFO - 26/07/15 11:23:54 INFO Utils: Successfully started service 'sparkDriver' on port 42885.
[2026-07-15T11:23:54.699+0000] {subprocess.py:93} INFO - 26/07/15 11:23:54 INFO SparkEnv: Registering MapOutputTracker
[2026-07-15T11:23:54.737+0000] {subprocess.py:93} INFO - 26/07/15 11:23:54 INFO SparkEnv: Registering BlockManagerMaster
[2026-07-15T11:23:54.754+0000] {subprocess.py:93} INFO - 26/07/15 11:23:54 INFO BlockManagerMasterEndpoint: Using org.apache.spark.storage.DefaultTopologyMapper for getting topology information
[2026-07-15T11:23:54.756+0000] {subprocess.py:93} INFO - 26/07/15 11:23:54 INFO BlockManagerMasterEndpoint: BlockManagerMasterEndpoint up
[2026-07-15T11:23:54.759+0000] {subprocess.py:93} INFO - 26/07/15 11:23:54 INFO SparkEnv: Registering BlockManagerMasterHeartbeat
[2026-07-15T11:23:54.782+0000] {subprocess.py:93} INFO - 26/07/15 11:23:54 INFO DiskBlockManager: Created local directory at /tmp/blockmgr-392d7e84-7638-45ae-beac-5aeb95ed6be3
[2026-07-15T11:23:54.800+0000] {subprocess.py:93} INFO - 26/07/15 11:23:54 INFO MemoryStore: MemoryStore started with capacity 434.4 MiB
[2026-07-15T11:23:54.824+0000] {subprocess.py:93} INFO - 26/07/15 11:23:54 INFO SparkEnv: Registering OutputCommitCoordinator
[2026-07-15T11:23:54.991+0000] {subprocess.py:93} INFO - 26/07/15 11:23:54 INFO JettyUtils: Start Jetty 0.0.0.0:4040 for SparkUI
[2026-07-15T11:23:55.044+0000] {subprocess.py:93} INFO - 26/07/15 11:23:55 INFO Utils: Successfully started service 'SparkUI' on port 4040.
[2026-07-15T11:23:55.081+0000] {subprocess.py:93} INFO - 26/07/15 11:23:55 INFO SparkContext: Added JAR file:///opt/jars/delta-spark_2.12-3.2.0.jar at spark://65fd92ad2ac1:42885/jars/delta-spark_2.12-3.2.0.jar with timestamp 1784114634216
[2026-07-15T11:23:55.082+0000] {subprocess.py:93} INFO - 26/07/15 11:23:55 INFO SparkContext: Added JAR file:///opt/jars/delta-storage-3.2.0.jar at spark://65fd92ad2ac1:42885/jars/delta-storage-3.2.0.jar with timestamp 1784114634216
[2026-07-15T11:23:55.084+0000] {subprocess.py:93} INFO - 26/07/15 11:23:55 INFO SparkContext: Added JAR file:///opt/jars/spark-sql-kafka-0-10_2.12-3.5.1.jar at spark://65fd92ad2ac1:42885/jars/spark-sql-kafka-0-10_2.12-3.5.1.jar with timestamp 1784114634216
[2026-07-15T11:23:55.085+0000] {subprocess.py:93} INFO - 26/07/15 11:23:55 INFO SparkContext: Added JAR file:///opt/jars/kafka-clients-3.4.1.jar at spark://65fd92ad2ac1:42885/jars/kafka-clients-3.4.1.jar with timestamp 1784114634216
[2026-07-15T11:23:55.086+0000] {subprocess.py:93} INFO - 26/07/15 11:23:55 INFO SparkContext: Added JAR file:///opt/jars/spark-token-provider-kafka-0-10_2.12-3.5.1.jar at spark://65fd92ad2ac1:42885/jars/spark-token-provider-kafka-0-10_2.12-3.5.1.jar with timestamp 1784114634216
[2026-07-15T11:23:55.087+0000] {subprocess.py:93} INFO - 26/07/15 11:23:55 INFO SparkContext: Added JAR file:///opt/jars/commons-pool2-2.11.1.jar at spark://65fd92ad2ac1:42885/jars/commons-pool2-2.11.1.jar with timestamp 1784114634216
[2026-07-15T11:23:55.159+0000] {subprocess.py:93} INFO - 26/07/15 11:23:55 INFO StandaloneAppClient$ClientEndpoint: Connecting to master spark://sdp-spark-master:7077...
[2026-07-15T11:23:55.207+0000] {subprocess.py:93} INFO - 26/07/15 11:23:55 INFO TransportClientFactory: Successfully created connection to sdp-spark-master/172.18.0.4:7077 after 27 ms (0 ms spent in bootstraps)
[2026-07-15T11:23:55.295+0000] {subprocess.py:93} INFO - 26/07/15 11:23:55 INFO StandaloneSchedulerBackend: Connected to Spark cluster with app ID app-20260715112355-0013
[2026-07-15T11:23:55.299+0000] {subprocess.py:93} INFO - 26/07/15 11:23:55 INFO StandaloneAppClient$ClientEndpoint: Executor added: app-20260715112355-0013/0 on worker-20260715085701-172.18.0.6-38245 (172.18.0.6:38245) with 1 core(s)
[2026-07-15T11:23:55.303+0000] {subprocess.py:93} INFO - 26/07/15 11:23:55 INFO StandaloneSchedulerBackend: Granted executor ID app-20260715112355-0013/0 on hostPort 172.18.0.6:38245 with 1 core(s), 512.0 MiB RAM
[2026-07-15T11:23:55.304+0000] {subprocess.py:93} INFO - 26/07/15 11:23:55 INFO StandaloneAppClient$ClientEndpoint: Executor added: app-20260715112355-0013/1 on worker-20260715085701-172.18.0.6-38245 (172.18.0.6:38245) with 1 core(s)
[2026-07-15T11:23:55.307+0000] {subprocess.py:93} INFO - 26/07/15 11:23:55 INFO StandaloneSchedulerBackend: Granted executor ID app-20260715112355-0013/1 on hostPort 172.18.0.6:38245 with 1 core(s), 512.0 MiB RAM
[2026-07-15T11:23:55.308+0000] {subprocess.py:93} INFO - 26/07/15 11:23:55 INFO StandaloneAppClient$ClientEndpoint: Executor added: app-20260715112355-0013/2 on worker-20260715085701-172.18.0.5-38247 (172.18.0.5:38247) with 1 core(s)
[2026-07-15T11:23:55.309+0000] {subprocess.py:93} INFO - 26/07/15 11:23:55 INFO StandaloneSchedulerBackend: Granted executor ID app-20260715112355-0013/2 on hostPort 172.18.0.5:38247 with 1 core(s), 512.0 MiB RAM
[2026-07-15T11:23:55.316+0000] {subprocess.py:93} INFO - 26/07/15 11:23:55 INFO Utils: Successfully started service 'org.apache.spark.network.netty.NettyBlockTransferService' on port 39983.
[2026-07-15T11:23:55.318+0000] {subprocess.py:93} INFO - 26/07/15 11:23:55 INFO NettyBlockTransferService: Server created on 65fd92ad2ac1:39983
[2026-07-15T11:23:55.319+0000] {subprocess.py:93} INFO - 26/07/15 11:23:55 INFO BlockManager: Using org.apache.spark.storage.RandomBlockReplicationPolicy for block replication policy
[2026-07-15T11:23:55.326+0000] {subprocess.py:93} INFO - 26/07/15 11:23:55 INFO BlockManagerMaster: Registering BlockManager BlockManagerId(driver, 65fd92ad2ac1, 39983, None)
[2026-07-15T11:23:55.331+0000] {subprocess.py:93} INFO - 26/07/15 11:23:55 INFO BlockManagerMasterEndpoint: Registering block manager 65fd92ad2ac1:39983 with 434.4 MiB RAM, BlockManagerId(driver, 65fd92ad2ac1, 39983, None)
[2026-07-15T11:23:55.335+0000] {subprocess.py:93} INFO - 26/07/15 11:23:55 INFO BlockManagerMaster: Registered BlockManager BlockManagerId(driver, 65fd92ad2ac1, 39983, None)
[2026-07-15T11:23:55.337+0000] {subprocess.py:93} INFO - 26/07/15 11:23:55 INFO BlockManager: Initialized BlockManager: BlockManagerId(driver, 65fd92ad2ac1, 39983, None)
[2026-07-15T11:23:55.408+0000] {subprocess.py:93} INFO - 26/07/15 11:23:55 INFO StandaloneAppClient$ClientEndpoint: Executor updated: app-20260715112355-0013/2 is now RUNNING
[2026-07-15T11:23:55.410+0000] {subprocess.py:93} INFO - 26/07/15 11:23:55 INFO StandaloneAppClient$ClientEndpoint: Executor updated: app-20260715112355-0013/0 is now RUNNING
[2026-07-15T11:23:55.418+0000] {subprocess.py:93} INFO - 26/07/15 11:23:55 INFO StandaloneAppClient$ClientEndpoint: Executor updated: app-20260715112355-0013/1 is now RUNNING
[2026-07-15T11:23:55.590+0000] {subprocess.py:93} INFO - 26/07/15 11:23:55 INFO StandaloneSchedulerBackend: SchedulerBackend is ready for scheduling beginning after reached minRegisteredResourcesRatio: 0.0
[2026-07-15T11:23:56.163+0000] {subprocess.py:93} INFO - Starting stream: orders -> /opt/data/bronze/orders
[2026-07-15T11:24:08.193+0000] {subprocess.py:93} INFO - 26/07/15 11:24:08 WARN ResolveWriteToStream: spark.sql.adaptive.enabled is not supported in streaming DataFrames/Datasets and will be disabled.
[2026-07-15T11:24:08.393+0000] {subprocess.py:93} INFO - Starting stream: customers -> /opt/data/bronze/customers
[2026-07-15T11:24:10.736+0000] {subprocess.py:93} INFO - 26/07/15 11:24:10 WARN ResolveWriteToStream: spark.sql.adaptive.enabled is not supported in streaming DataFrames/Datasets and will be disabled.
[2026-07-15T11:24:10.786+0000] {subprocess.py:93} INFO - Starting stream: products -> /opt/data/bronze/products
[2026-07-15T11:24:11.443+0000] {subprocess.py:93} INFO - 26/07/15 11:24:11 WARN ResolveWriteToStream: spark.sql.adaptive.enabled is not supported in streaming DataFrames/Datasets and will be disabled.
[2026-07-15T11:24:11.588+0000] {subprocess.py:93} INFO - 26/07/15 11:24:11 WARN AdminClientConfig: These configurations '[key.deserializer, value.deserializer, enable.auto.commit, max.poll.records, auto.offset.reset]' were supplied but are not used yet.
[2026-07-15T11:24:13.250+0000] {subprocess.py:93} INFO - 26/07/15 11:24:13 WARN AdminClientConfig: These configurations '[key.deserializer, value.deserializer, enable.auto.commit, max.poll.records, auto.offset.reset]' were supplied but are not used yet.
[2026-07-15T11:24:13.963+0000] {subprocess.py:93} INFO - 26/07/15 11:24:13 WARN AdminClientConfig: These configurations '[key.deserializer, value.deserializer, enable.auto.commit, max.poll.records, auto.offset.reset]' were supplied but are not used yet.
[2026-07-15T11:24:15.078+0000] {subprocess.py:93} INFO - 26/07/15 11:24:15 WARN SparkStringUtils: Truncated the string representation of a plan since it was too large. This behavior can be adjusted by setting 'spark.sql.debug.maxToStringFields'.
[2026-07-15T11:25:44.085+0000] {subprocess.py:97} INFO - Command exited with return code 0
[2026-07-15T11:25:44.088+0000] {taskinstance.py:441} INFO - ::group::Post task execution logs
[2026-07-15T11:25:44.123+0000] {taskinstance.py:1205} INFO - Marking task as SUCCESS. dag_id=e-commerce_kafka_streaming_pipeline_v1, task_id=run_bronze, execution_date=20260715T100000, start_date=20260715T112350, end_date=20260715T112544
[2026-07-15T11:25:44.190+0000] {local_task_job_runner.py:240} INFO - Task exited with return code 0
[2026-07-15T11:25:44.233+0000] {taskinstance.py:3482} INFO - 1 downstream tasks scheduled from follow-on schedule check
[2026-07-15T11:25:44.243+0000] {local_task_job_runner.py:222} INFO - ::endgroup::
