[2026-07-15T13:25:23.053+0000] {local_task_job_runner.py:120} INFO - ::group::Pre task execution logs
[2026-07-15T13:25:23.708+0000] {taskinstance.py:2073} INFO - Dependencies all met for dep_context=non-requeueable deps ti=<TaskInstance: e-commerce_kafka_streaming_pipeline_v1.run_bronze scheduled__2026-07-15T10:00:00+00:00 [queued]>
[2026-07-15T13:25:23.896+0000] {taskinstance.py:2073} INFO - Dependencies all met for dep_context=requeueable deps ti=<TaskInstance: e-commerce_kafka_streaming_pipeline_v1.run_bronze scheduled__2026-07-15T10:00:00+00:00 [queued]>
[2026-07-15T13:25:23.954+0000] {taskinstance.py:2303} INFO - Starting attempt 3 of 3
[2026-07-15T13:25:24.652+0000] {taskinstance.py:2327} INFO - Executing <Task(BashOperator): run_bronze> on 2026-07-15 10:00:00+00:00
[2026-07-15T13:25:25.121+0000] {standard_task_runner.py:90} INFO - Running: ['***', 'tasks', 'run', 'e-commerce_kafka_streaming_pipeline_v1', 'run_bronze', 'scheduled__2026-07-15T10:00:00+00:00', '--job-id', '70', '--raw', '--subdir', 'DAGS_FOLDER/sdp_pipeline_dag.py', '--cfg-path', '/tmp/tmpwieyqkr0']
[2026-07-15T13:25:25.229+0000] {standard_task_runner.py:91} INFO - Job 70: Subtask run_bronze
[2026-07-15T13:25:25.190+0000] {logging_mixin.py:188} WARNING - /home/***/.local/lib/python3.12/site-packages/***/task/task_runner/standard_task_runner.py:61 DeprecationWarning: This process (pid=2210) is multi-threaded, use of fork() may lead to deadlocks in the child.
[2026-07-15T13:25:25.287+0000] {standard_task_runner.py:63} INFO - Started process 2225 to run task
[2026-07-15T13:25:26.159+0000] {task_command.py:426} INFO - Running <TaskInstance: e-commerce_kafka_streaming_pipeline_v1.run_bronze scheduled__2026-07-15T10:00:00+00:00 [running]> on host 6d7ac32de880
[2026-07-15T13:25:27.223+0000] {taskinstance.py:2644} INFO - Exporting env vars: AIRFLOW_CTX_DAG_OWNER='dev' AIRFLOW_CTX_DAG_ID='e-commerce_kafka_streaming_pipeline_v1' AIRFLOW_CTX_TASK_ID='run_bronze' AIRFLOW_CTX_EXECUTION_DATE='2026-07-15T10:00:00+00:00' AIRFLOW_CTX_TRY_NUMBER='3' AIRFLOW_CTX_DAG_RUN_ID='scheduled__2026-07-15T10:00:00+00:00'
[2026-07-15T13:25:27.239+0000] {taskinstance.py:430} INFO - ::endgroup::
[2026-07-15T13:25:27.669+0000] {subprocess.py:63} INFO - Tmp dir root location: /tmp
[2026-07-15T13:25:27.685+0000] {subprocess.py:75} INFO - Running command: ['/usr/bin/bash', '-c', 'timeout 150s docker run --rm --network streaming_kafka_project_sdp-net --volume /d/Streaming_kafka_project/pipelines:/opt/pipelines --volume /d/Streaming_kafka_project/data:/opt/data --volume /d/Streaming_kafka_project/checkpoints:/opt/checkpoints --volume /d/Streaming_kafka_project/jars:/opt/jars apache/spark:3.5.1 /opt/spark/bin/spark-submit --master spark://sdp-spark-master:7077 --executor-cores 1 --executor-memory 512m --total-executor-cores 3 --jars /opt/jars/delta-spark_2.12-3.2.0.jar,/opt/jars/delta-storage-3.2.0.jar,/opt/jars/spark-sql-kafka-0-10_2.12-3.5.1.jar,/opt/jars/kafka-clients-3.4.1.jar,/opt/jars/spark-token-provider-kafka-0-10_2.12-3.5.1.jar,/opt/jars/commons-pool2-2.11.1.jar --conf spark.sql.extensions=io.delta.sql.DeltaSparkSessionExtension --conf spark.sql.catalog.spark_catalog=org.apache.spark.sql.delta.catalog.DeltaCatalog  /opt/pipelines/bronze_runner.py']
[2026-07-15T13:25:27.911+0000] {subprocess.py:86} INFO - Output:
[2026-07-15T13:25:50.860+0000] {subprocess.py:93} INFO - 26/07/15 13:25:50 WARN NativeCodeLoader: Unable to load native-hadoop library for your platform... using builtin-java classes where applicable
[2026-07-15T13:25:58.417+0000] {subprocess.py:93} INFO - 26/07/15 13:25:58 INFO SparkContext: Running Spark version 3.5.1
[2026-07-15T13:25:58.420+0000] {subprocess.py:93} INFO - 26/07/15 13:25:58 INFO SparkContext: OS info Linux, 6.18.33.2-microsoft-standard-WSL2, amd64
[2026-07-15T13:25:58.472+0000] {subprocess.py:93} INFO - 26/07/15 13:25:58 INFO SparkContext: Java version 11.0.22
[2026-07-15T13:25:58.985+0000] {subprocess.py:93} INFO - 26/07/15 13:25:58 INFO ResourceUtils: ==============================================================
[2026-07-15T13:25:59.004+0000] {subprocess.py:93} INFO - 26/07/15 13:25:58 INFO ResourceUtils: No custom resources configured for spark.driver.
[2026-07-15T13:25:59.025+0000] {subprocess.py:93} INFO - 26/07/15 13:25:58 INFO ResourceUtils: ==============================================================
[2026-07-15T13:25:59.044+0000] {subprocess.py:93} INFO - 26/07/15 13:25:58 INFO SparkContext: Submitted application: SDP-Bronze
[2026-07-15T13:25:59.269+0000] {subprocess.py:93} INFO - 26/07/15 13:25:59 INFO ResourceProfile: Default ResourceProfile created, executor resources: Map(cores -> name: cores, amount: 1, script: , vendor: , memory -> name: memory, amount: 512, script: , vendor: , offHeap -> name: offHeap, amount: 0, script: , vendor: ), task resources: Map(cpus -> name: cpus, amount: 1.0)
[2026-07-15T13:25:59.417+0000] {subprocess.py:93} INFO - 26/07/15 13:25:59 INFO ResourceProfile: Limiting resource is cpus at 1 tasks per executor
[2026-07-15T13:25:59.426+0000] {subprocess.py:93} INFO - 26/07/15 13:25:59 INFO ResourceProfileManager: Added ResourceProfile id: 0
[2026-07-15T13:26:00.000+0000] {subprocess.py:93} INFO - 26/07/15 13:25:59 INFO SecurityManager: Changing view acls to: spark
[2026-07-15T13:26:00.003+0000] {subprocess.py:93} INFO - 26/07/15 13:25:59 INFO SecurityManager: Changing modify acls to: spark
[2026-07-15T13:26:00.004+0000] {subprocess.py:93} INFO - 26/07/15 13:25:59 INFO SecurityManager: Changing view acls groups to:
[2026-07-15T13:26:00.006+0000] {subprocess.py:93} INFO - 26/07/15 13:25:59 INFO SecurityManager: Changing modify acls groups to:
[2026-07-15T13:26:00.008+0000] {subprocess.py:93} INFO - 26/07/15 13:25:59 INFO SecurityManager: SecurityManager: authentication disabled; ui acls disabled; users with view permissions: spark; groups with view permissions: EMPTY; users with modify permissions: spark; groups with modify permissions: EMPTY
[2026-07-15T13:26:03.652+0000] {subprocess.py:93} INFO - 26/07/15 13:26:03 INFO Utils: Successfully started service 'sparkDriver' on port 40833.
[2026-07-15T13:26:03.928+0000] {subprocess.py:93} INFO - 26/07/15 13:26:03 INFO SparkEnv: Registering MapOutputTracker
[2026-07-15T13:26:05.133+0000] {subprocess.py:93} INFO - 26/07/15 13:26:05 INFO SparkEnv: Registering BlockManagerMaster
[2026-07-15T13:26:05.339+0000] {subprocess.py:93} INFO - 26/07/15 13:26:05 INFO BlockManagerMasterEndpoint: Using org.apache.spark.storage.DefaultTopologyMapper for getting topology information
[2026-07-15T13:26:05.346+0000] {subprocess.py:93} INFO - 26/07/15 13:26:05 INFO BlockManagerMasterEndpoint: BlockManagerMasterEndpoint up
[2026-07-15T13:26:05.353+0000] {subprocess.py:93} INFO - 26/07/15 13:26:05 INFO SparkEnv: Registering BlockManagerMasterHeartbeat
[2026-07-15T13:26:05.704+0000] {subprocess.py:93} INFO - 26/07/15 13:26:05 INFO DiskBlockManager: Created local directory at /tmp/blockmgr-841792fb-b435-4e54-922d-019bb8b88a87
[2026-07-15T13:26:05.871+0000] {subprocess.py:93} INFO - 26/07/15 13:26:05 INFO MemoryStore: MemoryStore started with capacity 434.4 MiB
[2026-07-15T13:26:06.077+0000] {subprocess.py:93} INFO - 26/07/15 13:26:06 INFO SparkEnv: Registering OutputCommitCoordinator
[2026-07-15T13:26:08.446+0000] {subprocess.py:93} INFO - 26/07/15 13:26:08 INFO JettyUtils: Start Jetty 0.0.0.0:4040 for SparkUI
[2026-07-15T13:26:08.909+0000] {subprocess.py:93} INFO - 26/07/15 13:26:08 INFO Utils: Successfully started service 'SparkUI' on port 4040.
[2026-07-15T13:26:09.233+0000] {subprocess.py:93} INFO - 26/07/15 13:26:09 INFO SparkContext: Added JAR file:///opt/jars/delta-spark_2.12-3.2.0.jar at spark://78bbb088a6a1:40833/jars/delta-spark_2.12-3.2.0.jar with timestamp 1784121958351
[2026-07-15T13:26:09.239+0000] {subprocess.py:93} INFO - 26/07/15 13:26:09 INFO SparkContext: Added JAR file:///opt/jars/delta-storage-3.2.0.jar at spark://78bbb088a6a1:40833/jars/delta-storage-3.2.0.jar with timestamp 1784121958351
[2026-07-15T13:26:09.243+0000] {subprocess.py:93} INFO - 26/07/15 13:26:09 INFO SparkContext: Added JAR file:///opt/jars/spark-sql-kafka-0-10_2.12-3.5.1.jar at spark://78bbb088a6a1:40833/jars/spark-sql-kafka-0-10_2.12-3.5.1.jar with timestamp 1784121958351
[2026-07-15T13:26:09.257+0000] {subprocess.py:93} INFO - 26/07/15 13:26:09 INFO SparkContext: Added JAR file:///opt/jars/kafka-clients-3.4.1.jar at spark://78bbb088a6a1:40833/jars/kafka-clients-3.4.1.jar with timestamp 1784121958351
[2026-07-15T13:26:09.260+0000] {subprocess.py:93} INFO - 26/07/15 13:26:09 INFO SparkContext: Added JAR file:///opt/jars/spark-token-provider-kafka-0-10_2.12-3.5.1.jar at spark://78bbb088a6a1:40833/jars/spark-token-provider-kafka-0-10_2.12-3.5.1.jar with timestamp 1784121958351
[2026-07-15T13:26:09.262+0000] {subprocess.py:93} INFO - 26/07/15 13:26:09 INFO SparkContext: Added JAR file:///opt/jars/commons-pool2-2.11.1.jar at spark://78bbb088a6a1:40833/jars/commons-pool2-2.11.1.jar with timestamp 1784121958351
[2026-07-15T13:26:10.154+0000] {subprocess.py:93} INFO - 26/07/15 13:26:10 INFO StandaloneAppClient$ClientEndpoint: Connecting to master spark://sdp-spark-master:7077...
[2026-07-15T13:26:10.549+0000] {subprocess.py:93} INFO - 26/07/15 13:26:10 INFO TransportClientFactory: Successfully created connection to sdp-spark-master/172.18.0.2:7077 after 235 ms (0 ms spent in bootstraps)
[2026-07-15T13:26:11.225+0000] {subprocess.py:93} INFO - 26/07/15 13:26:11 INFO StandaloneSchedulerBackend: Connected to Spark cluster with app ID app-20260715132611-0016
[2026-07-15T13:26:11.359+0000] {subprocess.py:93} INFO - 26/07/15 13:26:11 INFO Utils: Successfully started service 'org.apache.spark.network.netty.NettyBlockTransferService' on port 44457.
[2026-07-15T13:26:11.375+0000] {subprocess.py:93} INFO - 26/07/15 13:26:11 INFO NettyBlockTransferService: Server created on 78bbb088a6a1:44457
[2026-07-15T13:26:11.378+0000] {subprocess.py:93} INFO - 26/07/15 13:26:11 INFO BlockManager: Using org.apache.spark.storage.RandomBlockReplicationPolicy for block replication policy
[2026-07-15T13:26:11.481+0000] {subprocess.py:93} INFO - 26/07/15 13:26:11 INFO BlockManagerMaster: Registering BlockManager BlockManagerId(driver, 78bbb088a6a1, 44457, None)
[2026-07-15T13:26:11.542+0000] {subprocess.py:93} INFO - 26/07/15 13:26:11 INFO BlockManagerMasterEndpoint: Registering block manager 78bbb088a6a1:44457 with 434.4 MiB RAM, BlockManagerId(driver, 78bbb088a6a1, 44457, None)
[2026-07-15T13:26:11.625+0000] {subprocess.py:93} INFO - 26/07/15 13:26:11 INFO BlockManagerMaster: Registered BlockManager BlockManagerId(driver, 78bbb088a6a1, 44457, None)
[2026-07-15T13:26:11.628+0000] {subprocess.py:93} INFO - 26/07/15 13:26:11 INFO BlockManager: Initialized BlockManager: BlockManagerId(driver, 78bbb088a6a1, 44457, None)
[2026-07-15T13:26:13.865+0000] {subprocess.py:93} INFO - 26/07/15 13:26:13 INFO StandaloneSchedulerBackend: SchedulerBackend is ready for scheduling beginning after reached minRegisteredResourcesRatio: 0.0
[2026-07-15T13:26:18.106+0000] {subprocess.py:93} INFO - Starting stream: orders -> /opt/data/bronze/orders
[2026-07-15T13:27:21.431+0000] {subprocess.py:93} INFO - 26/07/15 13:27:21 WARN TaskSchedulerImpl: Initial job has not accepted any resources; check your cluster UI to ensure that workers are registered and have sufficient resources
[2026-07-15T13:27:36.431+0000] {subprocess.py:93} INFO - 26/07/15 13:27:36 WARN TaskSchedulerImpl: Initial job has not accepted any resources; check your cluster UI to ensure that workers are registered and have sufficient resources
[2026-07-15T13:27:51.998+0000] {subprocess.py:93} INFO - 26/07/15 13:27:51 WARN TaskSchedulerImpl: Initial job has not accepted any resources; check your cluster UI to ensure that workers are registered and have sufficient resources
[2026-07-15T13:28:08.866+0000] {job.py:218} ERROR - Job heartbeat got an exception
Traceback (most recent call last):
  File "/home/airflow/.local/lib/python3.12/site-packages/sqlalchemy/engine/base.py", line 3371, in _wrap_pool_connect
    return fn()
           ^^^^
  File "/home/airflow/.local/lib/python3.12/site-packages/sqlalchemy/pool/base.py", line 327, in connect
    return _ConnectionFairy._checkout(self)
           ^^^^^^^^^^^^^^^^^^^^^^^^^^^^^^^^
  File "/home/airflow/.local/lib/python3.12/site-packages/sqlalchemy/pool/base.py", line 894, in _checkout
    fairy = _ConnectionRecord.checkout(pool)
            ^^^^^^^^^^^^^^^^^^^^^^^^^^^^^^^^
  File "/home/airflow/.local/lib/python3.12/site-packages/sqlalchemy/pool/base.py", line 493, in checkout
    rec = pool._do_get()
          ^^^^^^^^^^^^^^
  File "/home/airflow/.local/lib/python3.12/site-packages/sqlalchemy/pool/impl.py", line 256, in _do_get
    return self._create_connection()
           ^^^^^^^^^^^^^^^^^^^^^^^^^
  File "/home/airflow/.local/lib/python3.12/site-packages/sqlalchemy/pool/base.py", line 273, in _create_connection
    return _ConnectionRecord(self)
           ^^^^^^^^^^^^^^^^^^^^^^^
  File "/home/airflow/.local/lib/python3.12/site-packages/sqlalchemy/pool/base.py", line 388, in __init__
    self.__connect()
  File "/home/airflow/.local/lib/python3.12/site-packages/sqlalchemy/pool/base.py", line 690, in __connect
    with util.safe_reraise():
  File "/home/airflow/.local/lib/python3.12/site-packages/sqlalchemy/util/langhelpers.py", line 70, in __exit__
    compat.raise_(
  File "/home/airflow/.local/lib/python3.12/site-packages/sqlalchemy/util/compat.py", line 211, in raise_
    raise exception
  File "/home/airflow/.local/lib/python3.12/site-packages/sqlalchemy/pool/base.py", line 686, in __connect
    self.dbapi_connection = connection = pool._invoke_creator(self)
                                         ^^^^^^^^^^^^^^^^^^^^^^^^^^
  File "/home/airflow/.local/lib/python3.12/site-packages/sqlalchemy/engine/create.py", line 574, in connect
    return dialect.connect(*cargs, **cparams)
           ^^^^^^^^^^^^^^^^^^^^^^^^^^^^^^^^^^
  File "/home/airflow/.local/lib/python3.12/site-packages/sqlalchemy/engine/default.py", line 598, in connect
    return self.dbapi.connect(*cargs, **cparams)
           ^^^^^^^^^^^^^^^^^^^^^^^^^^^^^^^^^^^^^
  File "/home/airflow/.local/lib/python3.12/site-packages/psycopg2/__init__.py", line 122, in connect
    conn = _connect(dsn, connection_factory=connection_factory, **kwasync)
           ^^^^^^^^^^^^^^^^^^^^^^^^^^^^^^^^^^^^^^^^^^^^^^^^^^^^^^^^^^^^^^^
psycopg2.OperationalError: could not translate host name "postgres" to address: Temporary failure in name resolution


The above exception was the direct cause of the following exception:

Traceback (most recent call last):
  File "/home/airflow/.local/lib/python3.12/site-packages/airflow/jobs/job.py", line 213, in heartbeat
    heartbeat_callback(session)
  File "/home/airflow/.local/lib/python3.12/site-packages/airflow/utils/session.py", line 76, in wrapper
    return func(*args, **kwargs)
           ^^^^^^^^^^^^^^^^^^^^^
  File "/home/airflow/.local/lib/python3.12/site-packages/airflow/jobs/local_task_job_runner.py", line 258, in heartbeat_callback
    self.task_instance.refresh_from_db()
  File "/home/airflow/.local/lib/python3.12/site-packages/airflow/utils/session.py", line 79, in wrapper
    return func(*args, session=session, **kwargs)
           ^^^^^^^^^^^^^^^^^^^^^^^^^^^^^^^^^^^^^^
  File "/home/airflow/.local/lib/python3.12/site-packages/airflow/models/taskinstance.py", line 1818, in refresh_from_db
    _refresh_from_db(task_instance=self, session=session, lock_for_update=lock_for_update)
  File "/home/airflow/.local/lib/python3.12/site-packages/airflow/models/taskinstance.py", line 510, in _refresh_from_db
    ti = TaskInstance.get_task_instance(
         ^^^^^^^^^^^^^^^^^^^^^^^^^^^^^^^
  File "/home/airflow/.local/lib/python3.12/site-packages/airflow/api_internal/internal_api_call.py", line 115, in wrapper
    return func(*args, **kwargs)
           ^^^^^^^^^^^^^^^^^^^^^
  File "/home/airflow/.local/lib/python3.12/site-packages/airflow/utils/session.py", line 76, in wrapper
    return func(*args, **kwargs)
           ^^^^^^^^^^^^^^^^^^^^^
  File "/home/airflow/.local/lib/python3.12/site-packages/airflow/models/taskinstance.py", line 1804, in get_task_instance
    return query.one_or_none()
           ^^^^^^^^^^^^^^^^^^^
  File "/home/airflow/.local/lib/python3.12/site-packages/sqlalchemy/orm/query.py", line 2850, in one_or_none
    return self._iter().one_or_none()
           ^^^^^^^^^^^^
  File "/home/airflow/.local/lib/python3.12/site-packages/sqlalchemy/orm/query.py", line 2916, in _iter
    result = self.session.execute(
             ^^^^^^^^^^^^^^^^^^^^^
  File "/home/airflow/.local/lib/python3.12/site-packages/sqlalchemy/orm/session.py", line 1716, in execute
    conn = self._connection_for_bind(bind)
           ^^^^^^^^^^^^^^^^^^^^^^^^^^^^^^^
  File "/home/airflow/.local/lib/python3.12/site-packages/sqlalchemy/orm/session.py", line 1555, in _connection_for_bind
    return self._transaction._connection_for_bind(
           ^^^^^^^^^^^^^^^^^^^^^^^^^^^^^^^^^^^^^^^
  File "/home/airflow/.local/lib/python3.12/site-packages/sqlalchemy/orm/session.py", line 750, in _connection_for_bind
    conn = bind.connect()
           ^^^^^^^^^^^^^^
  File "/home/airflow/.local/lib/python3.12/site-packages/sqlalchemy/future/engine.py", line 412, in connect
    return super(Engine, self).connect()
           ^^^^^^^^^^^^^^^^^^^^^^^^^^^^^
  File "/home/airflow/.local/lib/python3.12/site-packages/sqlalchemy/engine/base.py", line 3325, in connect
    return self._connection_cls(self, close_with_result=close_with_result)
           ^^^^^^^^^^^^^^^^^^^^^^^^^^^^^^^^^^^^^^^^^^^^^^^^^^^^^^^^^^^^^^^
  File "/home/airflow/.local/lib/python3.12/site-packages/sqlalchemy/engine/base.py", line 96, in __init__
    else engine.raw_connection()
         ^^^^^^^^^^^^^^^^^^^^^^^
  File "/home/airflow/.local/lib/python3.12/site-packages/sqlalchemy/engine/base.py", line 3404, in raw_connection
    return self._wrap_pool_connect(self.pool.connect, _connection)
           ^^^^^^^^^^^^^^^^^^^^^^^^^^^^^^^^^^^^^^^^^^^^^^^^^^^^^^^
  File "/home/airflow/.local/lib/python3.12/site-packages/sqlalchemy/engine/base.py", line 3374, in _wrap_pool_connect
    Connection._handle_dbapi_exception_noconnection(
  File "/home/airflow/.local/lib/python3.12/site-packages/sqlalchemy/engine/base.py", line 2208, in _handle_dbapi_exception_noconnection
    util.raise_(
  File "/home/airflow/.local/lib/python3.12/site-packages/sqlalchemy/util/compat.py", line 211, in raise_
    raise exception
  File "/home/airflow/.local/lib/python3.12/site-packages/sqlalchemy/engine/base.py", line 3371, in _wrap_pool_connect
    return fn()
           ^^^^
  File "/home/airflow/.local/lib/python3.12/site-packages/sqlalchemy/pool/base.py", line 327, in connect
    return _ConnectionFairy._checkout(self)
           ^^^^^^^^^^^^^^^^^^^^^^^^^^^^^^^^
  File "/home/airflow/.local/lib/python3.12/site-packages/sqlalchemy/pool/base.py", line 894, in _checkout
    fairy = _ConnectionRecord.checkout(pool)
            ^^^^^^^^^^^^^^^^^^^^^^^^^^^^^^^^
  File "/home/airflow/.local/lib/python3.12/site-packages/sqlalchemy/pool/base.py", line 493, in checkout
    rec = pool._do_get()
          ^^^^^^^^^^^^^^
  File "/home/airflow/.local/lib/python3.12/site-packages/sqlalchemy/pool/impl.py", line 256, in _do_get
    return self._create_connection()
           ^^^^^^^^^^^^^^^^^^^^^^^^^
  File "/home/airflow/.local/lib/python3.12/site-packages/sqlalchemy/pool/base.py", line 273, in _create_connection
    return _ConnectionRecord(self)
           ^^^^^^^^^^^^^^^^^^^^^^^
  File "/home/airflow/.local/lib/python3.12/site-packages/sqlalchemy/pool/base.py", line 388, in __init__
    self.__connect()
  File "/home/airflow/.local/lib/python3.12/site-packages/sqlalchemy/pool/base.py", line 690, in __connect
    with util.safe_reraise():
  File "/home/airflow/.local/lib/python3.12/site-packages/sqlalchemy/util/langhelpers.py", line 70, in __exit__
    compat.raise_(
  File "/home/airflow/.local/lib/python3.12/site-packages/sqlalchemy/util/compat.py", line 211, in raise_
    raise exception
  File "/home/airflow/.local/lib/python3.12/site-packages/sqlalchemy/pool/base.py", line 686, in __connect
    self.dbapi_connection = connection = pool._invoke_creator(self)
                                         ^^^^^^^^^^^^^^^^^^^^^^^^^^
  File "/home/airflow/.local/lib/python3.12/site-packages/sqlalchemy/engine/create.py", line 574, in connect
    return dialect.connect(*cargs, **cparams)
           ^^^^^^^^^^^^^^^^^^^^^^^^^^^^^^^^^^
  File "/home/airflow/.local/lib/python3.12/site-packages/sqlalchemy/engine/default.py", line 598, in connect
    return self.dbapi.connect(*cargs, **cparams)
           ^^^^^^^^^^^^^^^^^^^^^^^^^^^^^^^^^^^^^
  File "/home/airflow/.local/lib/python3.12/site-packages/psycopg2/__init__.py", line 122, in connect
    conn = _connect(dsn, connection_factory=connection_factory, **kwasync)
           ^^^^^^^^^^^^^^^^^^^^^^^^^^^^^^^^^^^^^^^^^^^^^^^^^^^^^^^^^^^^^^^
sqlalchemy.exc.OperationalError: (psycopg2.OperationalError) could not translate host name "postgres" to address: Temporary failure in name resolution

(Background on this error at: https://sqlalche.me/e/14/e3q8)
[2026-07-15T13:28:12.228+0000] {job.py:226} ERROR - Job heartbeat failed with error. Scheduler is in unhealthy state
[2026-07-15T13:28:51.134+0000] {job.py:226} ERROR - Job heartbeat failed with error. Scheduler is in unhealthy state
[2026-07-15T13:32:28.295+0000] {job.py:226} ERROR - Job heartbeat failed with error. Scheduler is in unhealthy state
[2026-07-15T13:32:56.397+0000] {subprocess.py:93} INFO - time="2026-07-15T13:32:56Z" level=error msg="error waiting for container: unexpected EOF"
[2026-07-15T13:32:56.469+0000] {subprocess.py:97} INFO - Command exited with return code 124
[2026-07-15T13:32:56.547+0000] {taskinstance.py:441} INFO - ::group::Post task execution logs
[2026-07-15T13:32:58.075+0000] {taskinstance.py:2890} ERROR - Task failed with exception
Traceback (most recent call last):
  File "/home/airflow/.local/lib/python3.12/site-packages/airflow/models/taskinstance.py", line 465, in _execute_task
    result = _execute_callable(context=context, **execute_callable_kwargs)
             ^^^^^^^^^^^^^^^^^^^^^^^^^^^^^^^^^^^^^^^^^^^^^^^^^^^^^^^^^^^^^
  File "/home/airflow/.local/lib/python3.12/site-packages/airflow/models/taskinstance.py", line 432, in _execute_callable
    return execute_callable(context=context, **execute_callable_kwargs)
           ^^^^^^^^^^^^^^^^^^^^^^^^^^^^^^^^^^^^^^^^^^^^^^^^^^^^^^^^^^^^
  File "/home/airflow/.local/lib/python3.12/site-packages/airflow/models/baseoperator.py", line 400, in wrapper
    return func(self, *args, **kwargs)
           ^^^^^^^^^^^^^^^^^^^^^^^^^^^
  File "/home/airflow/.local/lib/python3.12/site-packages/airflow/operators/bash.py", line 243, in execute
    raise AirflowException(
airflow.exceptions.AirflowException: Bash command failed. The command returned a non-zero exit code 124.
[2026-07-15T13:32:58.245+0000] {taskinstance.py:1205} INFO - Marking task as FAILED. dag_id=e-commerce_kafka_streaming_pipeline_v1, task_id=run_bronze, execution_date=20260715T100000, start_date=20260715T132523, end_date=20260715T133258
[2026-07-15T13:32:58.856+0000] {standard_task_runner.py:110} ERROR - Failed to execute job 70 for task run_bronze (Bash command failed. The command returned a non-zero exit code 124.; 2225)
[2026-07-15T13:32:58.960+0000] {local_task_job_runner.py:240} INFO - Task exited with return code 1
[2026-07-15T13:32:59.332+0000] {taskinstance.py:3482} INFO - 0 downstream tasks scheduled from follow-on schedule check
[2026-07-15T13:32:59.401+0000] {local_task_job_runner.py:222} INFO - ::endgroup::
