[2026-07-21T09:00:06.432+0000] {local_task_job_runner.py:120} INFO - ::group::Pre task execution logs
[2026-07-21T09:00:06.468+0000] {taskinstance.py:2073} INFO - Dependencies all met for dep_context=non-requeueable deps ti=<TaskInstance: e-commerce_kafka_streaming_pipeline_v1.run_bronze scheduled__2026-07-21T08:00:00+00:00 [queued]>
[2026-07-21T09:00:06.481+0000] {taskinstance.py:2073} INFO - Dependencies all met for dep_context=requeueable deps ti=<TaskInstance: e-commerce_kafka_streaming_pipeline_v1.run_bronze scheduled__2026-07-21T08:00:00+00:00 [queued]>
[2026-07-21T09:00:06.482+0000] {taskinstance.py:2303} INFO - Starting attempt 1 of 2
[2026-07-21T09:00:06.498+0000] {taskinstance.py:2327} INFO - Executing <Task(BashOperator): run_bronze> on 2026-07-21 08:00:00+00:00
[2026-07-21T09:00:06.510+0000] {standard_task_runner.py:90} INFO - Running: ['***', 'tasks', 'run', 'e-commerce_kafka_streaming_pipeline_v1', 'run_bronze', 'scheduled__2026-07-21T08:00:00+00:00', '--job-id', '286', '--raw', '--subdir', 'DAGS_FOLDER/sdp_pipeline_dag.py', '--cfg-path', '/tmp/tmp9mpbl7w0']
[2026-07-21T09:00:06.514+0000] {standard_task_runner.py:91} INFO - Job 286: Subtask run_bronze
[2026-07-21T09:00:06.526+0000] {logging_mixin.py:188} WARNING - /home/***/.local/lib/python3.12/site-packages/***/task/task_runner/standard_task_runner.py:61 DeprecationWarning: This process (pid=13975) is multi-threaded, use of fork() may lead to deadlocks in the child.
[2026-07-21T09:00:06.528+0000] {standard_task_runner.py:63} INFO - Started process 13976 to run task
[2026-07-21T09:00:06.602+0000] {task_command.py:426} INFO - Running <TaskInstance: e-commerce_kafka_streaming_pipeline_v1.run_bronze scheduled__2026-07-21T08:00:00+00:00 [running]> on host da27550080bf
[2026-07-21T09:00:06.749+0000] {taskinstance.py:2644} INFO - Exporting env vars: AIRFLOW_CTX_DAG_OWNER='dev' AIRFLOW_CTX_DAG_ID='e-commerce_kafka_streaming_pipeline_v1' AIRFLOW_CTX_TASK_ID='run_bronze' AIRFLOW_CTX_EXECUTION_DATE='2026-07-21T08:00:00+00:00' AIRFLOW_CTX_TRY_NUMBER='1' AIRFLOW_CTX_DAG_RUN_ID='scheduled__2026-07-21T08:00:00+00:00'
[2026-07-21T09:00:06.750+0000] {taskinstance.py:430} INFO - ::endgroup::
[2026-07-21T09:00:06.765+0000] {subprocess.py:63} INFO - Tmp dir root location: /tmp
[2026-07-21T09:00:06.767+0000] {subprocess.py:75} INFO - Running command: ['/usr/bin/bash', '-c', 'timeout 150s docker run --rm --network streaming_kafka_project_sdp-net --volume /d/Streaming_kafka_project/pipelines:/opt/pipelines --volume /d/Streaming_kafka_project/data:/opt/data --volume /d/Streaming_kafka_project/checkpoints:/opt/checkpoints --volume /d/Streaming_kafka_project/jars:/opt/jars apache/spark:3.5.1 /opt/spark/bin/spark-submit --master spark://sdp-spark-master:7077 --executor-cores 1 --executor-memory 512m --total-executor-cores 3 --jars /opt/jars/delta-spark_2.12-3.2.0.jar,/opt/jars/delta-storage-3.2.0.jar,/opt/jars/spark-sql-kafka-0-10_2.12-3.5.1.jar,/opt/jars/kafka-clients-3.4.1.jar,/opt/jars/spark-token-provider-kafka-0-10_2.12-3.5.1.jar,/opt/jars/commons-pool2-2.11.1.jar --conf spark.sql.extensions=io.delta.sql.DeltaSparkSessionExtension --conf spark.sql.catalog.spark_catalog=org.apache.spark.sql.delta.catalog.DeltaCatalog  /opt/pipelines/bronze_runner.py']
[2026-07-21T09:00:06.783+0000] {subprocess.py:86} INFO - Output:
[2026-07-21T09:00:08.970+0000] {subprocess.py:93} INFO - 26/07/21 09:00:08 WARN NativeCodeLoader: Unable to load native-hadoop library for your platform... using builtin-java classes where applicable
[2026-07-21T09:00:10.356+0000] {subprocess.py:93} INFO - 26/07/21 09:00:10 INFO SparkContext: Running Spark version 3.5.1
[2026-07-21T09:00:10.358+0000] {subprocess.py:93} INFO - 26/07/21 09:00:10 INFO SparkContext: OS info Linux, 6.18.33.2-microsoft-standard-WSL2, amd64
[2026-07-21T09:00:10.359+0000] {subprocess.py:93} INFO - 26/07/21 09:00:10 INFO SparkContext: Java version 11.0.22
[2026-07-21T09:00:10.392+0000] {subprocess.py:93} INFO - 26/07/21 09:00:10 INFO ResourceUtils: ==============================================================
[2026-07-21T09:00:10.393+0000] {subprocess.py:93} INFO - 26/07/21 09:00:10 INFO ResourceUtils: No custom resources configured for spark.driver.
[2026-07-21T09:00:10.395+0000] {subprocess.py:93} INFO - 26/07/21 09:00:10 INFO ResourceUtils: ==============================================================
[2026-07-21T09:00:10.396+0000] {subprocess.py:93} INFO - 26/07/21 09:00:10 INFO SparkContext: Submitted application: SDP-Bronze
[2026-07-21T09:00:10.416+0000] {subprocess.py:93} INFO - 26/07/21 09:00:10 INFO ResourceProfile: Default ResourceProfile created, executor resources: Map(cores -> name: cores, amount: 1, script: , vendor: , memory -> name: memory, amount: 512, script: , vendor: , offHeap -> name: offHeap, amount: 0, script: , vendor: ), task resources: Map(cpus -> name: cpus, amount: 1.0)
[2026-07-21T09:00:10.430+0000] {subprocess.py:93} INFO - 26/07/21 09:00:10 INFO ResourceProfile: Limiting resource is cpus at 1 tasks per executor
[2026-07-21T09:00:10.432+0000] {subprocess.py:93} INFO - 26/07/21 09:00:10 INFO ResourceProfileManager: Added ResourceProfile id: 0
[2026-07-21T09:00:10.484+0000] {subprocess.py:93} INFO - 26/07/21 09:00:10 INFO SecurityManager: Changing view acls to: spark
[2026-07-21T09:00:10.486+0000] {subprocess.py:93} INFO - 26/07/21 09:00:10 INFO SecurityManager: Changing modify acls to: spark
[2026-07-21T09:00:10.487+0000] {subprocess.py:93} INFO - 26/07/21 09:00:10 INFO SecurityManager: Changing view acls groups to:
[2026-07-21T09:00:10.488+0000] {subprocess.py:93} INFO - 26/07/21 09:00:10 INFO SecurityManager: Changing modify acls groups to:
[2026-07-21T09:00:10.489+0000] {subprocess.py:93} INFO - 26/07/21 09:00:10 INFO SecurityManager: SecurityManager: authentication disabled; ui acls disabled; users with view permissions: spark; groups with view permissions: EMPTY; users with modify permissions: spark; groups with modify permissions: EMPTY
[2026-07-21T09:00:10.728+0000] {subprocess.py:93} INFO - 26/07/21 09:00:10 INFO Utils: Successfully started service 'sparkDriver' on port 37615.
[2026-07-21T09:00:10.756+0000] {subprocess.py:93} INFO - 26/07/21 09:00:10 INFO SparkEnv: Registering MapOutputTracker
[2026-07-21T09:00:10.796+0000] {subprocess.py:93} INFO - 26/07/21 09:00:10 INFO SparkEnv: Registering BlockManagerMaster
[2026-07-21T09:00:10.811+0000] {subprocess.py:93} INFO - 26/07/21 09:00:10 INFO BlockManagerMasterEndpoint: Using org.apache.spark.storage.DefaultTopologyMapper for getting topology information
[2026-07-21T09:00:10.812+0000] {subprocess.py:93} INFO - 26/07/21 09:00:10 INFO BlockManagerMasterEndpoint: BlockManagerMasterEndpoint up
[2026-07-21T09:00:10.816+0000] {subprocess.py:93} INFO - 26/07/21 09:00:10 INFO SparkEnv: Registering BlockManagerMasterHeartbeat
[2026-07-21T09:00:10.837+0000] {subprocess.py:93} INFO - 26/07/21 09:00:10 INFO DiskBlockManager: Created local directory at /tmp/blockmgr-5e15e89b-6df9-4b3f-a4c7-fd17e3f95693
[2026-07-21T09:00:10.848+0000] {subprocess.py:93} INFO - 26/07/21 09:00:10 INFO MemoryStore: MemoryStore started with capacity 434.4 MiB
[2026-07-21T09:00:10.863+0000] {subprocess.py:93} INFO - 26/07/21 09:00:10 INFO SparkEnv: Registering OutputCommitCoordinator
[2026-07-21T09:00:10.980+0000] {subprocess.py:93} INFO - 26/07/21 09:00:10 INFO JettyUtils: Start Jetty 0.0.0.0:4040 for SparkUI
[2026-07-21T09:00:11.032+0000] {subprocess.py:93} INFO - 26/07/21 09:00:11 INFO Utils: Successfully started service 'SparkUI' on port 4040.
[2026-07-21T09:00:11.065+0000] {subprocess.py:93} INFO - 26/07/21 09:00:11 INFO SparkContext: Added JAR file:///opt/jars/delta-spark_2.12-3.2.0.jar at spark://8e81fdb4c679:37615/jars/delta-spark_2.12-3.2.0.jar with timestamp 1784624410346
[2026-07-21T09:00:11.066+0000] {subprocess.py:93} INFO - 26/07/21 09:00:11 INFO SparkContext: Added JAR file:///opt/jars/delta-storage-3.2.0.jar at spark://8e81fdb4c679:37615/jars/delta-storage-3.2.0.jar with timestamp 1784624410346
[2026-07-21T09:00:11.067+0000] {subprocess.py:93} INFO - 26/07/21 09:00:11 INFO SparkContext: Added JAR file:///opt/jars/spark-sql-kafka-0-10_2.12-3.5.1.jar at spark://8e81fdb4c679:37615/jars/spark-sql-kafka-0-10_2.12-3.5.1.jar with timestamp 1784624410346
[2026-07-21T09:00:11.068+0000] {subprocess.py:93} INFO - 26/07/21 09:00:11 INFO SparkContext: Added JAR file:///opt/jars/kafka-clients-3.4.1.jar at spark://8e81fdb4c679:37615/jars/kafka-clients-3.4.1.jar with timestamp 1784624410346
[2026-07-21T09:00:11.069+0000] {subprocess.py:93} INFO - 26/07/21 09:00:11 INFO SparkContext: Added JAR file:///opt/jars/spark-token-provider-kafka-0-10_2.12-3.5.1.jar at spark://8e81fdb4c679:37615/jars/spark-token-provider-kafka-0-10_2.12-3.5.1.jar with timestamp 1784624410346
[2026-07-21T09:00:11.070+0000] {subprocess.py:93} INFO - 26/07/21 09:00:11 INFO SparkContext: Added JAR file:///opt/jars/commons-pool2-2.11.1.jar at spark://8e81fdb4c679:37615/jars/commons-pool2-2.11.1.jar with timestamp 1784624410346
[2026-07-21T09:00:11.178+0000] {subprocess.py:93} INFO - 26/07/21 09:00:11 INFO StandaloneAppClient$ClientEndpoint: Connecting to master spark://sdp-spark-master:7077...
[2026-07-21T09:00:11.227+0000] {subprocess.py:93} INFO - 26/07/21 09:00:11 INFO TransportClientFactory: Successfully created connection to sdp-spark-master/172.18.0.4:7077 after 23 ms (0 ms spent in bootstraps)
[2026-07-21T09:00:11.299+0000] {subprocess.py:93} INFO - 26/07/21 09:00:11 INFO StandaloneSchedulerBackend: Connected to Spark cluster with app ID app-20260721090011-0134
[2026-07-21T09:00:11.301+0000] {subprocess.py:93} INFO - 26/07/21 09:00:11 INFO StandaloneAppClient$ClientEndpoint: Executor added: app-20260721090011-0134/0 on worker-20260716063602-172.18.0.5-44367 (172.18.0.5:44367) with 1 core(s)
[2026-07-21T09:00:11.304+0000] {subprocess.py:93} INFO - 26/07/21 09:00:11 INFO StandaloneSchedulerBackend: Granted executor ID app-20260721090011-0134/0 on hostPort 172.18.0.5:44367 with 1 core(s), 512.0 MiB RAM
[2026-07-21T09:00:11.305+0000] {subprocess.py:93} INFO - 26/07/21 09:00:11 INFO StandaloneAppClient$ClientEndpoint: Executor added: app-20260721090011-0134/1 on worker-20260716063602-172.18.0.5-44367 (172.18.0.5:44367) with 1 core(s)
[2026-07-21T09:00:11.308+0000] {subprocess.py:93} INFO - 26/07/21 09:00:11 INFO StandaloneSchedulerBackend: Granted executor ID app-20260721090011-0134/1 on hostPort 172.18.0.5:44367 with 1 core(s), 512.0 MiB RAM
[2026-07-21T09:00:11.309+0000] {subprocess.py:93} INFO - 26/07/21 09:00:11 INFO StandaloneAppClient$ClientEndpoint: Executor added: app-20260721090011-0134/2 on worker-20260716063602-172.18.0.6-33249 (172.18.0.6:33249) with 1 core(s)
[2026-07-21T09:00:11.310+0000] {subprocess.py:93} INFO - 26/07/21 09:00:11 INFO StandaloneSchedulerBackend: Granted executor ID app-20260721090011-0134/2 on hostPort 172.18.0.6:33249 with 1 core(s), 512.0 MiB RAM
[2026-07-21T09:00:11.317+0000] {subprocess.py:93} INFO - 26/07/21 09:00:11 INFO Utils: Successfully started service 'org.apache.spark.network.netty.NettyBlockTransferService' on port 40343.
[2026-07-21T09:00:11.319+0000] {subprocess.py:93} INFO - 26/07/21 09:00:11 INFO NettyBlockTransferService: Server created on 8e81fdb4c679:40343
[2026-07-21T09:00:11.320+0000] {subprocess.py:93} INFO - 26/07/21 09:00:11 INFO BlockManager: Using org.apache.spark.storage.RandomBlockReplicationPolicy for block replication policy
[2026-07-21T09:00:11.327+0000] {subprocess.py:93} INFO - 26/07/21 09:00:11 INFO BlockManagerMaster: Registering BlockManager BlockManagerId(driver, 8e81fdb4c679, 40343, None)
[2026-07-21T09:00:11.332+0000] {subprocess.py:93} INFO - 26/07/21 09:00:11 INFO BlockManagerMasterEndpoint: Registering block manager 8e81fdb4c679:40343 with 434.4 MiB RAM, BlockManagerId(driver, 8e81fdb4c679, 40343, None)
[2026-07-21T09:00:11.335+0000] {subprocess.py:93} INFO - 26/07/21 09:00:11 INFO BlockManagerMaster: Registered BlockManager BlockManagerId(driver, 8e81fdb4c679, 40343, None)
[2026-07-21T09:00:11.337+0000] {subprocess.py:93} INFO - 26/07/21 09:00:11 INFO BlockManager: Initialized BlockManager: BlockManagerId(driver, 8e81fdb4c679, 40343, None)
[2026-07-21T09:00:11.401+0000] {subprocess.py:93} INFO - 26/07/21 09:00:11 INFO StandaloneAppClient$ClientEndpoint: Executor updated: app-20260721090011-0134/2 is now RUNNING
[2026-07-21T09:00:11.402+0000] {subprocess.py:93} INFO - 26/07/21 09:00:11 INFO StandaloneAppClient$ClientEndpoint: Executor updated: app-20260721090011-0134/0 is now RUNNING
[2026-07-21T09:00:11.404+0000] {subprocess.py:93} INFO - 26/07/21 09:00:11 INFO StandaloneAppClient$ClientEndpoint: Executor updated: app-20260721090011-0134/1 is now RUNNING
[2026-07-21T09:00:11.674+0000] {subprocess.py:93} INFO - 26/07/21 09:00:11 INFO StandaloneSchedulerBackend: SchedulerBackend is ready for scheduling beginning after reached minRegisteredResourcesRatio: 0.0
[2026-07-21T09:00:12.054+0000] {subprocess.py:93} INFO - Starting stream: orders -> /opt/data/bronze/orders
[2026-07-21T09:00:25.376+0000] {subprocess.py:93} INFO - 26/07/21 09:00:25 WARN ResolveWriteToStream: spark.sql.adaptive.enabled is not supported in streaming DataFrames/Datasets and will be disabled.
[2026-07-21T09:00:25.587+0000] {subprocess.py:93} INFO - Starting stream: customers -> /opt/data/bronze/customers
[2026-07-21T09:00:28.263+0000] {subprocess.py:93} INFO - 26/07/21 09:00:28 WARN ResolveWriteToStream: spark.sql.adaptive.enabled is not supported in streaming DataFrames/Datasets and will be disabled.
[2026-07-21T09:00:28.328+0000] {subprocess.py:93} INFO - Starting stream: products -> /opt/data/bronze/products
[2026-07-21T09:00:28.654+0000] {subprocess.py:93} INFO - 26/07/21 09:00:28 WARN AdminClientConfig: These configurations '[key.deserializer, value.deserializer, enable.auto.commit, max.poll.records, auto.offset.reset]' were supplied but are not used yet.
[2026-07-21T09:00:30.545+0000] {subprocess.py:93} INFO - 26/07/21 09:00:30 WARN ResolveWriteToStream: spark.sql.adaptive.enabled is not supported in streaming DataFrames/Datasets and will be disabled.
[2026-07-21T09:00:30.668+0000] {subprocess.py:93} INFO - 26/07/21 09:00:30 WARN AdminClientConfig: These configurations '[key.deserializer, value.deserializer, enable.auto.commit, max.poll.records, auto.offset.reset]' were supplied but are not used yet.
[2026-07-21T09:00:32.611+0000] {subprocess.py:93} INFO - 26/07/21 09:00:32 WARN SparkStringUtils: Truncated the string representation of a plan since it was too large. This behavior can be adjusted by setting 'spark.sql.debug.maxToStringFields'.
[2026-07-21T09:00:33.035+0000] {subprocess.py:93} INFO - 26/07/21 09:00:33 WARN AdminClientConfig: These configurations '[key.deserializer, value.deserializer, enable.auto.commit, max.poll.records, auto.offset.reset]' were supplied but are not used yet.
[2026-07-21T09:02:03.249+0000] {subprocess.py:97} INFO - Command exited with return code 0
[2026-07-21T09:02:03.254+0000] {taskinstance.py:441} INFO - ::group::Post task execution logs
[2026-07-21T09:02:03.292+0000] {taskinstance.py:1205} INFO - Marking task as SUCCESS. dag_id=e-commerce_kafka_streaming_pipeline_v1, task_id=run_bronze, execution_date=20260721T080000, start_date=20260721T090006, end_date=20260721T090203
[2026-07-21T09:02:03.338+0000] {local_task_job_runner.py:240} INFO - Task exited with return code 0
[2026-07-21T09:02:03.373+0000] {taskinstance.py:3482} INFO - 1 downstream tasks scheduled from follow-on schedule check
[2026-07-21T09:02:03.378+0000] {local_task_job_runner.py:222} INFO - ::endgroup::
