[2026-07-15T18:45:51.629+0000] {local_task_job_runner.py:120} INFO - ::group::Pre task execution logs
[2026-07-15T18:45:51.827+0000] {taskinstance.py:2073} INFO - Dependencies all met for dep_context=non-requeueable deps ti=<TaskInstance: e-commerce_kafka_streaming_pipeline_v1.run_bronze manual__2026-07-15T15:47:31.869905+00:00 [queued]>
[2026-07-15T18:45:51.856+0000] {taskinstance.py:2073} INFO - Dependencies all met for dep_context=requeueable deps ti=<TaskInstance: e-commerce_kafka_streaming_pipeline_v1.run_bronze manual__2026-07-15T15:47:31.869905+00:00 [queued]>
[2026-07-15T18:45:51.872+0000] {taskinstance.py:2303} INFO - Starting attempt 2 of 2
[2026-07-15T18:45:51.922+0000] {taskinstance.py:2327} INFO - Executing <Task(BashOperator): run_bronze> on 2026-07-15 15:47:31.869905+00:00
[2026-07-15T18:45:51.954+0000] {standard_task_runner.py:90} INFO - Running: ['***', 'tasks', 'run', 'e-commerce_kafka_streaming_pipeline_v1', 'run_bronze', 'manual__2026-07-15T15:47:31.869905+00:00', '--job-id', '29', '--raw', '--subdir', 'DAGS_FOLDER/sdp_pipeline_dag.py', '--cfg-path', '/tmp/tmpf1kfgj4w']
[2026-07-15T18:45:51.976+0000] {logging_mixin.py:188} WARNING - /home/***/.local/lib/python3.12/site-packages/***/task/task_runner/standard_task_runner.py:61 DeprecationWarning: This process (pid=602) is multi-threaded, use of fork() may lead to deadlocks in the child.
[2026-07-15T18:45:51.988+0000] {standard_task_runner.py:91} INFO - Job 29: Subtask run_bronze
[2026-07-15T18:45:51.991+0000] {standard_task_runner.py:63} INFO - Started process 624 to run task
[2026-07-15T18:45:52.161+0000] {task_command.py:426} INFO - Running <TaskInstance: e-commerce_kafka_streaming_pipeline_v1.run_bronze manual__2026-07-15T15:47:31.869905+00:00 [running]> on host 823f5885dbb8
[2026-07-15T18:45:52.396+0000] {taskinstance.py:2644} INFO - Exporting env vars: AIRFLOW_CTX_DAG_OWNER='dev' AIRFLOW_CTX_DAG_ID='e-commerce_kafka_streaming_pipeline_v1' AIRFLOW_CTX_TASK_ID='run_bronze' AIRFLOW_CTX_EXECUTION_DATE='2026-07-15T15:47:31.869905+00:00' AIRFLOW_CTX_TRY_NUMBER='2' AIRFLOW_CTX_DAG_RUN_ID='manual__2026-07-15T15:47:31.869905+00:00'
[2026-07-15T18:45:52.398+0000] {taskinstance.py:430} INFO - ::endgroup::
[2026-07-15T18:45:52.421+0000] {subprocess.py:63} INFO - Tmp dir root location: /tmp
[2026-07-15T18:45:52.424+0000] {subprocess.py:75} INFO - Running command: ['/usr/bin/bash', '-c', 'timeout 150s docker run --rm --network streaming_kafka_project_sdp-net --volume /d/Streaming_kafka_project/pipelines:/opt/pipelines --volume /d/Streaming_kafka_project/data:/opt/data --volume /d/Streaming_kafka_project/checkpoints:/opt/checkpoints --volume /d/Streaming_kafka_project/jars:/opt/jars apache/spark:3.5.1 /opt/spark/bin/spark-submit --master spark://sdp-spark-master:7077 --executor-cores 1 --executor-memory 512m --total-executor-cores 3 --jars /opt/jars/delta-spark_2.12-3.2.0.jar,/opt/jars/delta-storage-3.2.0.jar,/opt/jars/spark-sql-kafka-0-10_2.12-3.5.1.jar,/opt/jars/kafka-clients-3.4.1.jar,/opt/jars/spark-token-provider-kafka-0-10_2.12-3.5.1.jar,/opt/jars/commons-pool2-2.11.1.jar --conf spark.sql.extensions=io.delta.sql.DeltaSparkSessionExtension --conf spark.sql.catalog.spark_catalog=org.apache.spark.sql.delta.catalog.DeltaCatalog  /opt/pipelines/bronze_runner.py']
[2026-07-15T18:45:52.448+0000] {subprocess.py:86} INFO - Output:
[2026-07-15T18:45:56.417+0000] {subprocess.py:93} INFO - 26/07/15 18:45:56 WARN NativeCodeLoader: Unable to load native-hadoop library for your platform... using builtin-java classes where applicable
[2026-07-15T18:45:57.194+0000] {subprocess.py:93} INFO - 26/07/15 18:45:57 INFO SparkContext: Running Spark version 3.5.1
[2026-07-15T18:45:57.196+0000] {subprocess.py:93} INFO - 26/07/15 18:45:57 INFO SparkContext: OS info Linux, 6.18.33.2-microsoft-standard-WSL2, amd64
[2026-07-15T18:45:57.197+0000] {subprocess.py:93} INFO - 26/07/15 18:45:57 INFO SparkContext: Java version 11.0.22
[2026-07-15T18:45:57.224+0000] {subprocess.py:93} INFO - 26/07/15 18:45:57 INFO ResourceUtils: ==============================================================
[2026-07-15T18:45:57.225+0000] {subprocess.py:93} INFO - 26/07/15 18:45:57 INFO ResourceUtils: No custom resources configured for spark.driver.
[2026-07-15T18:45:57.226+0000] {subprocess.py:93} INFO - 26/07/15 18:45:57 INFO ResourceUtils: ==============================================================
[2026-07-15T18:45:57.227+0000] {subprocess.py:93} INFO - 26/07/15 18:45:57 INFO SparkContext: Submitted application: SDP-Bronze
[2026-07-15T18:45:57.248+0000] {subprocess.py:93} INFO - 26/07/15 18:45:57 INFO ResourceProfile: Default ResourceProfile created, executor resources: Map(cores -> name: cores, amount: 1, script: , vendor: , memory -> name: memory, amount: 512, script: , vendor: , offHeap -> name: offHeap, amount: 0, script: , vendor: ), task resources: Map(cpus -> name: cpus, amount: 1.0)
[2026-07-15T18:45:57.259+0000] {subprocess.py:93} INFO - 26/07/15 18:45:57 INFO ResourceProfile: Limiting resource is cpus at 1 tasks per executor
[2026-07-15T18:45:57.261+0000] {subprocess.py:93} INFO - 26/07/15 18:45:57 INFO ResourceProfileManager: Added ResourceProfile id: 0
[2026-07-15T18:45:57.316+0000] {subprocess.py:93} INFO - 26/07/15 18:45:57 INFO SecurityManager: Changing view acls to: spark
[2026-07-15T18:45:57.317+0000] {subprocess.py:93} INFO - 26/07/15 18:45:57 INFO SecurityManager: Changing modify acls to: spark
[2026-07-15T18:45:57.318+0000] {subprocess.py:93} INFO - 26/07/15 18:45:57 INFO SecurityManager: Changing view acls groups to:
[2026-07-15T18:45:57.319+0000] {subprocess.py:93} INFO - 26/07/15 18:45:57 INFO SecurityManager: Changing modify acls groups to:
[2026-07-15T18:45:57.319+0000] {subprocess.py:93} INFO - 26/07/15 18:45:57 INFO SecurityManager: SecurityManager: authentication disabled; ui acls disabled; users with view permissions: spark; groups with view permissions: EMPTY; users with modify permissions: spark; groups with modify permissions: EMPTY
[2026-07-15T18:45:57.614+0000] {subprocess.py:93} INFO - 26/07/15 18:45:57 INFO Utils: Successfully started service 'sparkDriver' on port 34819.
[2026-07-15T18:45:57.656+0000] {subprocess.py:93} INFO - 26/07/15 18:45:57 INFO SparkEnv: Registering MapOutputTracker
[2026-07-15T18:45:57.701+0000] {subprocess.py:93} INFO - 26/07/15 18:45:57 INFO SparkEnv: Registering BlockManagerMaster
[2026-07-15T18:45:57.726+0000] {subprocess.py:93} INFO - 26/07/15 18:45:57 INFO BlockManagerMasterEndpoint: Using org.apache.spark.storage.DefaultTopologyMapper for getting topology information
[2026-07-15T18:45:57.728+0000] {subprocess.py:93} INFO - 26/07/15 18:45:57 INFO BlockManagerMasterEndpoint: BlockManagerMasterEndpoint up
[2026-07-15T18:45:57.732+0000] {subprocess.py:93} INFO - 26/07/15 18:45:57 INFO SparkEnv: Registering BlockManagerMasterHeartbeat
[2026-07-15T18:45:57.760+0000] {subprocess.py:93} INFO - 26/07/15 18:45:57 INFO DiskBlockManager: Created local directory at /tmp/blockmgr-71015976-659e-4542-a3b6-fbb43435f403
[2026-07-15T18:45:57.775+0000] {subprocess.py:93} INFO - 26/07/15 18:45:57 INFO MemoryStore: MemoryStore started with capacity 434.4 MiB
[2026-07-15T18:45:57.790+0000] {subprocess.py:93} INFO - 26/07/15 18:45:57 INFO SparkEnv: Registering OutputCommitCoordinator
[2026-07-15T18:45:57.961+0000] {subprocess.py:93} INFO - 26/07/15 18:45:57 INFO JettyUtils: Start Jetty 0.0.0.0:4040 for SparkUI
[2026-07-15T18:45:58.064+0000] {subprocess.py:93} INFO - 26/07/15 18:45:58 INFO Utils: Successfully started service 'SparkUI' on port 4040.
[2026-07-15T18:45:58.156+0000] {subprocess.py:93} INFO - 26/07/15 18:45:58 INFO SparkContext: Added JAR file:///opt/jars/delta-spark_2.12-3.2.0.jar at spark://a00610737f90:34819/jars/delta-spark_2.12-3.2.0.jar with timestamp 1784141157184
[2026-07-15T18:45:58.157+0000] {subprocess.py:93} INFO - 26/07/15 18:45:58 INFO SparkContext: Added JAR file:///opt/jars/delta-storage-3.2.0.jar at spark://a00610737f90:34819/jars/delta-storage-3.2.0.jar with timestamp 1784141157184
[2026-07-15T18:45:58.160+0000] {subprocess.py:93} INFO - 26/07/15 18:45:58 INFO SparkContext: Added JAR file:///opt/jars/spark-sql-kafka-0-10_2.12-3.5.1.jar at spark://a00610737f90:34819/jars/spark-sql-kafka-0-10_2.12-3.5.1.jar with timestamp 1784141157184
[2026-07-15T18:45:58.164+0000] {subprocess.py:93} INFO - 26/07/15 18:45:58 INFO SparkContext: Added JAR file:///opt/jars/kafka-clients-3.4.1.jar at spark://a00610737f90:34819/jars/kafka-clients-3.4.1.jar with timestamp 1784141157184
[2026-07-15T18:45:58.167+0000] {subprocess.py:93} INFO - 26/07/15 18:45:58 INFO SparkContext: Added JAR file:///opt/jars/spark-token-provider-kafka-0-10_2.12-3.5.1.jar at spark://a00610737f90:34819/jars/spark-token-provider-kafka-0-10_2.12-3.5.1.jar with timestamp 1784141157184
[2026-07-15T18:45:58.172+0000] {subprocess.py:93} INFO - 26/07/15 18:45:58 INFO SparkContext: Added JAR file:///opt/jars/commons-pool2-2.11.1.jar at spark://a00610737f90:34819/jars/commons-pool2-2.11.1.jar with timestamp 1784141157184
[2026-07-15T18:45:58.436+0000] {subprocess.py:93} INFO - 26/07/15 18:45:58 INFO StandaloneAppClient$ClientEndpoint: Connecting to master spark://sdp-spark-master:7077...
[2026-07-15T18:45:59.815+0000] {subprocess.py:93} INFO - 26/07/15 18:45:59 INFO TransportClientFactory: Successfully created connection to sdp-spark-master/172.18.0.4:7077 after 1139 ms (0 ms spent in bootstraps)
[2026-07-16T05:36:39.056+0000] {subprocess.py:93} INFO - 26/07/16 05:36:39 INFO StandaloneSchedulerBackend: Connected to Spark cluster with app ID app-20260716053638-0001
[2026-07-16T05:36:39.073+0000] {subprocess.py:93} INFO - 26/07/16 05:36:39 INFO StandaloneAppClient$ClientEndpoint: Executor added: app-20260716053638-0001/0 on worker-20260715153055-172.18.0.5-33825 (172.18.0.5:33825) with 1 core(s)
[2026-07-16T05:36:39.108+0000] {subprocess.py:93} INFO - 26/07/16 05:36:39 INFO StandaloneSchedulerBackend: Granted executor ID app-20260716053638-0001/0 on hostPort 172.18.0.5:33825 with 1 core(s), 512.0 MiB RAM
[2026-07-16T05:36:39.121+0000] {subprocess.py:93} INFO - 26/07/16 05:36:39 INFO StandaloneAppClient$ClientEndpoint: Executor added: app-20260716053638-0001/1 on worker-20260715153055-172.18.0.5-33825 (172.18.0.5:33825) with 1 core(s)
[2026-07-16T05:36:39.126+0000] {subprocess.py:93} INFO - 26/07/16 05:36:39 INFO StandaloneSchedulerBackend: Granted executor ID app-20260716053638-0001/1 on hostPort 172.18.0.5:33825 with 1 core(s), 512.0 MiB RAM
[2026-07-16T05:36:39.168+0000] {subprocess.py:93} INFO - 26/07/16 05:36:39 INFO StandaloneAppClient$ClientEndpoint: Executor added: app-20260716053638-0001/2 on worker-20260715153055-172.18.0.6-40783 (172.18.0.6:40783) with 1 core(s)
[2026-07-16T05:36:39.176+0000] {subprocess.py:93} INFO - 26/07/16 05:36:39 INFO StandaloneSchedulerBackend: Granted executor ID app-20260716053638-0001/2 on hostPort 172.18.0.6:40783 with 1 core(s), 512.0 MiB RAM
[2026-07-16T05:36:39.192+0000] {subprocess.py:93} INFO - 26/07/16 05:36:39 INFO Utils: Successfully started service 'org.apache.spark.network.netty.NettyBlockTransferService' on port 36851.
[2026-07-16T05:36:39.208+0000] {subprocess.py:93} INFO - 26/07/16 05:36:39 INFO NettyBlockTransferService: Server created on a00610737f90:36851
[2026-07-16T05:36:39.214+0000] {subprocess.py:93} INFO - 26/07/16 05:36:39 INFO BlockManager: Using org.apache.spark.storage.RandomBlockReplicationPolicy for block replication policy
[2026-07-16T05:36:39.216+0000] {subprocess.py:93} INFO - 26/07/16 05:36:39 INFO BlockManagerMaster: Registering BlockManager BlockManagerId(driver, a00610737f90, 36851, None)
[2026-07-16T05:36:39.219+0000] {subprocess.py:93} INFO - 26/07/16 05:36:39 INFO BlockManagerMasterEndpoint: Registering block manager a00610737f90:36851 with 434.4 MiB RAM, BlockManagerId(driver, a00610737f90, 36851, None)
[2026-07-16T05:36:39.263+0000] {subprocess.py:93} INFO - 26/07/16 05:36:39 INFO BlockManagerMaster: Registered BlockManager BlockManagerId(driver, a00610737f90, 36851, None)
[2026-07-16T05:36:39.275+0000] {subprocess.py:93} INFO - 26/07/16 05:36:39 INFO BlockManager: Initialized BlockManager: BlockManagerId(driver, a00610737f90, 36851, None)
[2026-07-16T05:36:39.432+0000] {subprocess.py:93} INFO - 26/07/16 05:36:39 INFO StandaloneAppClient$ClientEndpoint: Executor updated: app-20260716053638-0001/0 is now RUNNING
[2026-07-16T05:36:39.513+0000] {subprocess.py:93} INFO - 26/07/16 05:36:39 INFO StandaloneAppClient$ClientEndpoint: Executor updated: app-20260716053638-0001/1 is now RUNNING
[2026-07-16T05:36:39.558+0000] {subprocess.py:93} INFO - 26/07/16 05:36:39 INFO StandaloneAppClient$ClientEndpoint: Executor updated: app-20260716053638-0001/2 is now RUNNING
[2026-07-16T05:36:41.543+0000] {subprocess.py:93} INFO - 26/07/16 05:36:41 INFO StandaloneSchedulerBackend: SchedulerBackend is ready for scheduling beginning after reached minRegisteredResourcesRatio: 0.0
[2026-07-16T05:36:44.426+0000] {subprocess.py:93} INFO - Starting stream: orders -> /opt/data/bronze/orders
[2026-07-16T05:37:41.485+0000] {subprocess.py:93} INFO - 26/07/16 05:37:41 WARN ResolveWriteToStream: spark.sql.adaptive.enabled is not supported in streaming DataFrames/Datasets and will be disabled.
[2026-07-16T05:37:42.183+0000] {subprocess.py:93} INFO - Starting stream: customers -> /opt/data/bronze/customers
[2026-07-16T05:37:43.952+0000] {subprocess.py:93} INFO - 26/07/16 05:37:43 WARN AdminClientConfig: These configurations '[key.deserializer, value.deserializer, enable.auto.commit, max.poll.records, auto.offset.reset]' were supplied but are not used yet.
[2026-07-16T05:37:44.451+0000] {subprocess.py:93} INFO - 26/07/16 05:37:44 WARN ResolveWriteToStream: spark.sql.adaptive.enabled is not supported in streaming DataFrames/Datasets and will be disabled.
[2026-07-16T05:37:44.601+0000] {subprocess.py:93} INFO - Starting stream: products -> /opt/data/bronze/products
[2026-07-16T05:37:45.179+0000] {subprocess.py:93} INFO - 26/07/16 05:37:45 WARN AdminClientConfig: These configurations '[key.deserializer, value.deserializer, enable.auto.commit, max.poll.records, auto.offset.reset]' were supplied but are not used yet.
[2026-07-16T05:37:51.723+0000] {subprocess.py:93} INFO - 26/07/16 05:37:51 WARN SparkStringUtils: Truncated the string representation of a plan since it was too large. This behavior can be adjusted by setting 'spark.sql.debug.maxToStringFields'.
[2026-07-16T05:37:55.754+0000] {subprocess.py:93} INFO - 26/07/16 05:37:55 WARN ResolveWriteToStream: spark.sql.adaptive.enabled is not supported in streaming DataFrames/Datasets and will be disabled.
[2026-07-16T05:37:56.115+0000] {subprocess.py:93} INFO - 26/07/16 05:37:56 WARN AdminClientConfig: These configurations '[key.deserializer, value.deserializer, enable.auto.commit, max.poll.records, auto.offset.reset]' were supplied but are not used yet.
[2026-07-16T05:38:48.717+0000] {job.py:218} ERROR - Job heartbeat got an exception
Traceback (most recent call last):
  File "/home/airflow/.local/lib/python3.12/site-packages/sqlalchemy/engine/base.py", line 3371, in _wrap_pool_connect
    return fn()
           ^^^^
  File "/home/airflow/.local/lib/python3.12/site-packages/sqlalchemy/pool/base.py", line 327, in connect
    return _ConnectionFairy._checkout(self)
           ^^^^^^^^^^^^^^^^^^^^^^^^^^^^^^^^
  File "/home/airflow/.local/lib/python3.12/site-packages/sqlalchemy/pool/base.py", line 894, in _checkout
    fairy = _ConnectionRecord.checkout(pool)
            ^^^^^^^^^^^^^^^^^^^^^^^^^^^^^^^^
  File "/home/airflow/.local/lib/python3.12/site-packages/sqlalchemy/pool/base.py", line 493, in checkout
    rec = pool._do_get()
          ^^^^^^^^^^^^^^
  File "/home/airflow/.local/lib/python3.12/site-packages/sqlalchemy/pool/impl.py", line 256, in _do_get
    return self._create_connection()
           ^^^^^^^^^^^^^^^^^^^^^^^^^
  File "/home/airflow/.local/lib/python3.12/site-packages/sqlalchemy/pool/base.py", line 273, in _create_connection
    return _ConnectionRecord(self)
           ^^^^^^^^^^^^^^^^^^^^^^^
  File "/home/airflow/.local/lib/python3.12/site-packages/sqlalchemy/pool/base.py", line 388, in __init__
    self.__connect()
  File "/home/airflow/.local/lib/python3.12/site-packages/sqlalchemy/pool/base.py", line 690, in __connect
    with util.safe_reraise():
  File "/home/airflow/.local/lib/python3.12/site-packages/sqlalchemy/util/langhelpers.py", line 70, in __exit__
    compat.raise_(
  File "/home/airflow/.local/lib/python3.12/site-packages/sqlalchemy/util/compat.py", line 211, in raise_
    raise exception
  File "/home/airflow/.local/lib/python3.12/site-packages/sqlalchemy/pool/base.py", line 686, in __connect
    self.dbapi_connection = connection = pool._invoke_creator(self)
                                         ^^^^^^^^^^^^^^^^^^^^^^^^^^
  File "/home/airflow/.local/lib/python3.12/site-packages/sqlalchemy/engine/create.py", line 574, in connect
    return dialect.connect(*cargs, **cparams)
           ^^^^^^^^^^^^^^^^^^^^^^^^^^^^^^^^^^
  File "/home/airflow/.local/lib/python3.12/site-packages/sqlalchemy/engine/default.py", line 598, in connect
    return self.dbapi.connect(*cargs, **cparams)
           ^^^^^^^^^^^^^^^^^^^^^^^^^^^^^^^^^^^^^
  File "/home/airflow/.local/lib/python3.12/site-packages/psycopg2/__init__.py", line 122, in connect
    conn = _connect(dsn, connection_factory=connection_factory, **kwasync)
           ^^^^^^^^^^^^^^^^^^^^^^^^^^^^^^^^^^^^^^^^^^^^^^^^^^^^^^^^^^^^^^^
psycopg2.OperationalError: could not translate host name "postgres" to address: Temporary failure in name resolution


The above exception was the direct cause of the following exception:

Traceback (most recent call last):
  File "/home/airflow/.local/lib/python3.12/site-packages/airflow/jobs/job.py", line 192, in heartbeat
    self._merge_from(Job._fetch_from_db(self, session))
                     ^^^^^^^^^^^^^^^^^^^^^^^^^^^^^^^^^
  File "/home/airflow/.local/lib/python3.12/site-packages/airflow/api_internal/internal_api_call.py", line 115, in wrapper
    return func(*args, **kwargs)
           ^^^^^^^^^^^^^^^^^^^^^
  File "/home/airflow/.local/lib/python3.12/site-packages/airflow/utils/session.py", line 76, in wrapper
    return func(*args, **kwargs)
           ^^^^^^^^^^^^^^^^^^^^^
  File "/home/airflow/.local/lib/python3.12/site-packages/airflow/utils/retries.py", line 89, in wrapped_function
    for attempt in run_with_db_retries(max_retries=retries, logger=logger, **retry_kwargs):
  File "/home/airflow/.local/lib/python3.12/site-packages/tenacity/__init__.py", line 347, in __iter__
    do = self.iter(retry_state=retry_state)
         ^^^^^^^^^^^^^^^^^^^^^^^^^^^^^^^^^^
  File "/home/airflow/.local/lib/python3.12/site-packages/tenacity/__init__.py", line 325, in iter
    raise retry_exc.reraise()
          ^^^^^^^^^^^^^^^^^^^
  File "/home/airflow/.local/lib/python3.12/site-packages/tenacity/__init__.py", line 158, in reraise
    raise self.last_attempt.result()
          ^^^^^^^^^^^^^^^^^^^^^^^^^^
  File "/usr/local/lib/python3.12/concurrent/futures/_base.py", line 449, in result
    return self.__get_result()
           ^^^^^^^^^^^^^^^^^^^
  File "/usr/local/lib/python3.12/concurrent/futures/_base.py", line 401, in __get_result
    raise self._exception
  File "/home/airflow/.local/lib/python3.12/site-packages/airflow/utils/retries.py", line 98, in wrapped_function
    return func(*args, **kwargs)
           ^^^^^^^^^^^^^^^^^^^^^
  File "/home/airflow/.local/lib/python3.12/site-packages/airflow/jobs/job.py", line 316, in _fetch_from_db
    session.merge(job)
  File "/home/airflow/.local/lib/python3.12/site-packages/sqlalchemy/orm/session.py", line 3056, in merge
    return self._merge(
           ^^^^^^^^^^^^
  File "/home/airflow/.local/lib/python3.12/site-packages/sqlalchemy/orm/session.py", line 3136, in _merge
    merged = self.get(
             ^^^^^^^^^
  File "/home/airflow/.local/lib/python3.12/site-packages/sqlalchemy/orm/session.py", line 2853, in get
    return self._get_impl(
           ^^^^^^^^^^^^^^^
  File "/home/airflow/.local/lib/python3.12/site-packages/sqlalchemy/orm/session.py", line 2975, in _get_impl
    return db_load_fn(
           ^^^^^^^^^^^
  File "/home/airflow/.local/lib/python3.12/site-packages/sqlalchemy/orm/loading.py", line 530, in load_on_pk_identity
    session.execute(
  File "/home/airflow/.local/lib/python3.12/site-packages/sqlalchemy/orm/session.py", line 1716, in execute
    conn = self._connection_for_bind(bind)
           ^^^^^^^^^^^^^^^^^^^^^^^^^^^^^^^
  File "/home/airflow/.local/lib/python3.12/site-packages/sqlalchemy/orm/session.py", line 1555, in _connection_for_bind
    return self._transaction._connection_for_bind(
           ^^^^^^^^^^^^^^^^^^^^^^^^^^^^^^^^^^^^^^^
  File "/home/airflow/.local/lib/python3.12/site-packages/sqlalchemy/orm/session.py", line 750, in _connection_for_bind
    conn = bind.connect()
           ^^^^^^^^^^^^^^
  File "/home/airflow/.local/lib/python3.12/site-packages/sqlalchemy/future/engine.py", line 412, in connect
    return super(Engine, self).connect()
           ^^^^^^^^^^^^^^^^^^^^^^^^^^^^^
  File "/home/airflow/.local/lib/python3.12/site-packages/sqlalchemy/engine/base.py", line 3325, in connect
    return self._connection_cls(self, close_with_result=close_with_result)
           ^^^^^^^^^^^^^^^^^^^^^^^^^^^^^^^^^^^^^^^^^^^^^^^^^^^^^^^^^^^^^^^
  File "/home/airflow/.local/lib/python3.12/site-packages/sqlalchemy/engine/base.py", line 96, in __init__
    else engine.raw_connection()
         ^^^^^^^^^^^^^^^^^^^^^^^
  File "/home/airflow/.local/lib/python3.12/site-packages/sqlalchemy/engine/base.py", line 3404, in raw_connection
    return self._wrap_pool_connect(self.pool.connect, _connection)
           ^^^^^^^^^^^^^^^^^^^^^^^^^^^^^^^^^^^^^^^^^^^^^^^^^^^^^^^
  File "/home/airflow/.local/lib/python3.12/site-packages/sqlalchemy/engine/base.py", line 3374, in _wrap_pool_connect
    Connection._handle_dbapi_exception_noconnection(
  File "/home/airflow/.local/lib/python3.12/site-packages/sqlalchemy/engine/base.py", line 2208, in _handle_dbapi_exception_noconnection
    util.raise_(
  File "/home/airflow/.local/lib/python3.12/site-packages/sqlalchemy/util/compat.py", line 211, in raise_
    raise exception
  File "/home/airflow/.local/lib/python3.12/site-packages/sqlalchemy/engine/base.py", line 3371, in _wrap_pool_connect
    return fn()
           ^^^^
  File "/home/airflow/.local/lib/python3.12/site-packages/sqlalchemy/pool/base.py", line 327, in connect
    return _ConnectionFairy._checkout(self)
           ^^^^^^^^^^^^^^^^^^^^^^^^^^^^^^^^
  File "/home/airflow/.local/lib/python3.12/site-packages/sqlalchemy/pool/base.py", line 894, in _checkout
    fairy = _ConnectionRecord.checkout(pool)
            ^^^^^^^^^^^^^^^^^^^^^^^^^^^^^^^^
  File "/home/airflow/.local/lib/python3.12/site-packages/sqlalchemy/pool/base.py", line 493, in checkout
    rec = pool._do_get()
          ^^^^^^^^^^^^^^
  File "/home/airflow/.local/lib/python3.12/site-packages/sqlalchemy/pool/impl.py", line 256, in _do_get
    return self._create_connection()
           ^^^^^^^^^^^^^^^^^^^^^^^^^
  File "/home/airflow/.local/lib/python3.12/site-packages/sqlalchemy/pool/base.py", line 273, in _create_connection
    return _ConnectionRecord(self)
           ^^^^^^^^^^^^^^^^^^^^^^^
  File "/home/airflow/.local/lib/python3.12/site-packages/sqlalchemy/pool/base.py", line 388, in __init__
    self.__connect()
  File "/home/airflow/.local/lib/python3.12/site-packages/sqlalchemy/pool/base.py", line 690, in __connect
    with util.safe_reraise():
  File "/home/airflow/.local/lib/python3.12/site-packages/sqlalchemy/util/langhelpers.py", line 70, in __exit__
    compat.raise_(
  File "/home/airflow/.local/lib/python3.12/site-packages/sqlalchemy/util/compat.py", line 211, in raise_
    raise exception
  File "/home/airflow/.local/lib/python3.12/site-packages/sqlalchemy/pool/base.py", line 686, in __connect
    self.dbapi_connection = connection = pool._invoke_creator(self)
                                         ^^^^^^^^^^^^^^^^^^^^^^^^^^
  File "/home/airflow/.local/lib/python3.12/site-packages/sqlalchemy/engine/create.py", line 574, in connect
    return dialect.connect(*cargs, **cparams)
           ^^^^^^^^^^^^^^^^^^^^^^^^^^^^^^^^^^
  File "/home/airflow/.local/lib/python3.12/site-packages/sqlalchemy/engine/default.py", line 598, in connect
    return self.dbapi.connect(*cargs, **cparams)
           ^^^^^^^^^^^^^^^^^^^^^^^^^^^^^^^^^^^^^
  File "/home/airflow/.local/lib/python3.12/site-packages/psycopg2/__init__.py", line 122, in connect
    conn = _connect(dsn, connection_factory=connection_factory, **kwasync)
           ^^^^^^^^^^^^^^^^^^^^^^^^^^^^^^^^^^^^^^^^^^^^^^^^^^^^^^^^^^^^^^^
sqlalchemy.exc.OperationalError: (psycopg2.OperationalError) could not translate host name "postgres" to address: Temporary failure in name resolution

(Background on this error at: https://sqlalche.me/e/14/e3q8)
[2026-07-16T06:20:53.038+0000] {subprocess.py:93} INFO - time="2026-07-16T06:20:52Z" level=error msg="error waiting for container: unexpected EOF"
[2026-07-16T06:20:54.265+0000] {subprocess.py:97} INFO - Command exited with return code 124
[2026-07-16T06:20:53.481+0000] {job.py:226} ERROR - Job heartbeat failed with error. Scheduler is in unhealthy state
[2026-07-16T06:20:55.152+0000] {taskinstance.py:441} INFO - ::group::Post task execution logs
eeded!
[2026-07-16T06:20:55.374+0000] {local_task_job_runner.py:222} INFO - ::endgroup::
[2026-07-16T06:20:56.351+0000] {process_utils.py:132} INFO - Sending 15 to group 624. PIDs of all processes in the group: [624]
[2026-07-16T06:20:56.726+0000] {process_utils.py:87} INFO - Sending the signal 15 to group 624
[2026-07-16T06:20:56.810+0000] {taskinstance.py:2607} ERROR - Received SIGTERM. Terminating subprocesses.
[2026-07-16T06:20:57.116+0000] {subprocess.py:104} INFO - Sending SIGTERM signal to process group
[2026-07-16T06:20:58.051+0000] {standard_task_runner.py:110} ERROR - Failed to execute job 29 for task run_bronze ([Errno 3] No such process; 624)
[2026-07-16T06:20:58.475+0000] {process_utils.py:80} INFO - Process psutil.Process(pid=624, status='terminated', exitcode=1, started='18:45:51') (624) terminated with exit code 1
