[2026-07-17T14:00:07.234+0000] {local_task_job_runner.py:120} INFO - ::group::Pre task execution logs
[2026-07-17T14:00:07.264+0000] {taskinstance.py:2073} INFO - Dependencies all met for dep_context=non-requeueable deps ti=<TaskInstance: e-commerce_kafka_streaming_pipeline_v1.run_bronze scheduled__2026-07-17T13:00:00+00:00 [queued]>
[2026-07-17T14:00:07.272+0000] {taskinstance.py:2073} INFO - Dependencies all met for dep_context=requeueable deps ti=<TaskInstance: e-commerce_kafka_streaming_pipeline_v1.run_bronze scheduled__2026-07-17T13:00:00+00:00 [queued]>
[2026-07-17T14:00:07.274+0000] {taskinstance.py:2303} INFO - Starting attempt 1 of 2
[2026-07-17T14:00:07.288+0000] {taskinstance.py:2327} INFO - Executing <Task(BashOperator): run_bronze> on 2026-07-17 13:00:00+00:00
[2026-07-17T14:00:07.298+0000] {standard_task_runner.py:90} INFO - Running: ['***', 'tasks', 'run', 'e-commerce_kafka_streaming_pipeline_v1', 'run_bronze', 'scheduled__2026-07-17T13:00:00+00:00', '--job-id', '156', '--raw', '--subdir', 'DAGS_FOLDER/sdp_pipeline_dag.py', '--cfg-path', '/tmp/tmp0ethubb3']
[2026-07-17T14:00:07.302+0000] {standard_task_runner.py:91} INFO - Job 156: Subtask run_bronze
[2026-07-17T14:00:07.319+0000] {logging_mixin.py:188} WARNING - /home/***/.local/lib/python3.12/site-packages/***/task/task_runner/standard_task_runner.py:61 DeprecationWarning: This process (pid=4823) is multi-threaded, use of fork() may lead to deadlocks in the child.
[2026-07-17T14:00:07.320+0000] {standard_task_runner.py:63} INFO - Started process 4824 to run task
[2026-07-17T14:00:07.364+0000] {task_command.py:426} INFO - Running <TaskInstance: e-commerce_kafka_streaming_pipeline_v1.run_bronze scheduled__2026-07-17T13:00:00+00:00 [running]> on host da27550080bf
[2026-07-17T14:00:07.445+0000] {taskinstance.py:2644} INFO - Exporting env vars: AIRFLOW_CTX_DAG_OWNER='dev' AIRFLOW_CTX_DAG_ID='e-commerce_kafka_streaming_pipeline_v1' AIRFLOW_CTX_TASK_ID='run_bronze' AIRFLOW_CTX_EXECUTION_DATE='2026-07-17T13:00:00+00:00' AIRFLOW_CTX_TRY_NUMBER='1' AIRFLOW_CTX_DAG_RUN_ID='scheduled__2026-07-17T13:00:00+00:00'
[2026-07-17T14:00:07.447+0000] {taskinstance.py:430} INFO - ::endgroup::
[2026-07-17T14:00:07.460+0000] {subprocess.py:63} INFO - Tmp dir root location: /tmp
[2026-07-17T14:00:07.463+0000] {subprocess.py:75} INFO - Running command: ['/usr/bin/bash', '-c', 'timeout 150s docker run --rm --network streaming_kafka_project_sdp-net --volume /d/Streaming_kafka_project/pipelines:/opt/pipelines --volume /d/Streaming_kafka_project/data:/opt/data --volume /d/Streaming_kafka_project/checkpoints:/opt/checkpoints --volume /d/Streaming_kafka_project/jars:/opt/jars apache/spark:3.5.1 /opt/spark/bin/spark-submit --master spark://sdp-spark-master:7077 --executor-cores 1 --executor-memory 512m --total-executor-cores 3 --jars /opt/jars/delta-spark_2.12-3.2.0.jar,/opt/jars/delta-storage-3.2.0.jar,/opt/jars/spark-sql-kafka-0-10_2.12-3.5.1.jar,/opt/jars/kafka-clients-3.4.1.jar,/opt/jars/spark-token-provider-kafka-0-10_2.12-3.5.1.jar,/opt/jars/commons-pool2-2.11.1.jar --conf spark.sql.extensions=io.delta.sql.DeltaSparkSessionExtension --conf spark.sql.catalog.spark_catalog=org.apache.spark.sql.delta.catalog.DeltaCatalog  /opt/pipelines/bronze_runner.py']
[2026-07-17T14:00:07.474+0000] {subprocess.py:86} INFO - Output:
[2026-07-17T14:00:09.642+0000] {subprocess.py:93} INFO - 26/07/17 14:00:09 WARN NativeCodeLoader: Unable to load native-hadoop library for your platform... using builtin-java classes where applicable
[2026-07-17T14:00:10.619+0000] {subprocess.py:93} INFO - 26/07/17 14:00:10 INFO SparkContext: Running Spark version 3.5.1
[2026-07-17T14:00:10.620+0000] {subprocess.py:93} INFO - 26/07/17 14:00:10 INFO SparkContext: OS info Linux, 6.18.33.2-microsoft-standard-WSL2, amd64
[2026-07-17T14:00:10.621+0000] {subprocess.py:93} INFO - 26/07/17 14:00:10 INFO SparkContext: Java version 11.0.22
[2026-07-17T14:00:10.658+0000] {subprocess.py:93} INFO - 26/07/17 14:00:10 INFO ResourceUtils: ==============================================================
[2026-07-17T14:00:10.660+0000] {subprocess.py:93} INFO - 26/07/17 14:00:10 INFO ResourceUtils: No custom resources configured for spark.driver.
[2026-07-17T14:00:10.662+0000] {subprocess.py:93} INFO - 26/07/17 14:00:10 INFO ResourceUtils: ==============================================================
[2026-07-17T14:00:10.663+0000] {subprocess.py:93} INFO - 26/07/17 14:00:10 INFO SparkContext: Submitted application: SDP-Bronze
[2026-07-17T14:00:10.697+0000] {subprocess.py:93} INFO - 26/07/17 14:00:10 INFO ResourceProfile: Default ResourceProfile created, executor resources: Map(cores -> name: cores, amount: 1, script: , vendor: , memory -> name: memory, amount: 512, script: , vendor: , offHeap -> name: offHeap, amount: 0, script: , vendor: ), task resources: Map(cpus -> name: cpus, amount: 1.0)
[2026-07-17T14:00:10.713+0000] {subprocess.py:93} INFO - 26/07/17 14:00:10 INFO ResourceProfile: Limiting resource is cpus at 1 tasks per executor
[2026-07-17T14:00:10.718+0000] {subprocess.py:93} INFO - 26/07/17 14:00:10 INFO ResourceProfileManager: Added ResourceProfile id: 0
[2026-07-17T14:00:10.825+0000] {subprocess.py:93} INFO - 26/07/17 14:00:10 INFO SecurityManager: Changing view acls to: spark
[2026-07-17T14:00:10.827+0000] {subprocess.py:93} INFO - 26/07/17 14:00:10 INFO SecurityManager: Changing modify acls to: spark
[2026-07-17T14:00:10.842+0000] {subprocess.py:93} INFO - 26/07/17 14:00:10 INFO SecurityManager: Changing view acls groups to:
[2026-07-17T14:00:10.845+0000] {subprocess.py:93} INFO - 26/07/17 14:00:10 INFO SecurityManager: Changing modify acls groups to:
[2026-07-17T14:00:10.849+0000] {subprocess.py:93} INFO - 26/07/17 14:00:10 INFO SecurityManager: SecurityManager: authentication disabled; ui acls disabled; users with view permissions: spark; groups with view permissions: EMPTY; users with modify permissions: spark; groups with modify permissions: EMPTY
[2026-07-17T14:00:11.143+0000] {subprocess.py:93} INFO - 26/07/17 14:00:11 INFO Utils: Successfully started service 'sparkDriver' on port 37307.
[2026-07-17T14:00:11.191+0000] {subprocess.py:93} INFO - 26/07/17 14:00:11 INFO SparkEnv: Registering MapOutputTracker
[2026-07-17T14:00:11.244+0000] {subprocess.py:93} INFO - 26/07/17 14:00:11 INFO SparkEnv: Registering BlockManagerMaster
[2026-07-17T14:00:11.266+0000] {subprocess.py:93} INFO - 26/07/17 14:00:11 INFO BlockManagerMasterEndpoint: Using org.apache.spark.storage.DefaultTopologyMapper for getting topology information
[2026-07-17T14:00:11.267+0000] {subprocess.py:93} INFO - 26/07/17 14:00:11 INFO BlockManagerMasterEndpoint: BlockManagerMasterEndpoint up
[2026-07-17T14:00:11.272+0000] {subprocess.py:93} INFO - 26/07/17 14:00:11 INFO SparkEnv: Registering BlockManagerMasterHeartbeat
[2026-07-17T14:00:11.299+0000] {subprocess.py:93} INFO - 26/07/17 14:00:11 INFO DiskBlockManager: Created local directory at /tmp/blockmgr-15f49b05-986f-4dd2-ba00-748b795e747c
[2026-07-17T14:00:11.313+0000] {subprocess.py:93} INFO - 26/07/17 14:00:11 INFO MemoryStore: MemoryStore started with capacity 434.4 MiB
[2026-07-17T14:00:11.340+0000] {subprocess.py:93} INFO - 26/07/17 14:00:11 INFO SparkEnv: Registering OutputCommitCoordinator
[2026-07-17T14:00:11.561+0000] {subprocess.py:93} INFO - 26/07/17 14:00:11 INFO JettyUtils: Start Jetty 0.0.0.0:4040 for SparkUI
[2026-07-17T14:00:11.661+0000] {subprocess.py:93} INFO - 26/07/17 14:00:11 INFO Utils: Successfully started service 'SparkUI' on port 4040.
[2026-07-17T14:00:11.698+0000] {subprocess.py:93} INFO - 26/07/17 14:00:11 INFO SparkContext: Added JAR file:///opt/jars/delta-spark_2.12-3.2.0.jar at spark://b4f1a640b60e:37307/jars/delta-spark_2.12-3.2.0.jar with timestamp 1784296810607
[2026-07-17T14:00:11.700+0000] {subprocess.py:93} INFO - 26/07/17 14:00:11 INFO SparkContext: Added JAR file:///opt/jars/delta-storage-3.2.0.jar at spark://b4f1a640b60e:37307/jars/delta-storage-3.2.0.jar with timestamp 1784296810607
[2026-07-17T14:00:11.700+0000] {subprocess.py:93} INFO - 26/07/17 14:00:11 INFO SparkContext: Added JAR file:///opt/jars/spark-sql-kafka-0-10_2.12-3.5.1.jar at spark://b4f1a640b60e:37307/jars/spark-sql-kafka-0-10_2.12-3.5.1.jar with timestamp 1784296810607
[2026-07-17T14:00:11.701+0000] {subprocess.py:93} INFO - 26/07/17 14:00:11 INFO SparkContext: Added JAR file:///opt/jars/kafka-clients-3.4.1.jar at spark://b4f1a640b60e:37307/jars/kafka-clients-3.4.1.jar with timestamp 1784296810607
[2026-07-17T14:00:11.702+0000] {subprocess.py:93} INFO - 26/07/17 14:00:11 INFO SparkContext: Added JAR file:///opt/jars/spark-token-provider-kafka-0-10_2.12-3.5.1.jar at spark://b4f1a640b60e:37307/jars/spark-token-provider-kafka-0-10_2.12-3.5.1.jar with timestamp 1784296810607
[2026-07-17T14:00:11.703+0000] {subprocess.py:93} INFO - 26/07/17 14:00:11 INFO SparkContext: Added JAR file:///opt/jars/commons-pool2-2.11.1.jar at spark://b4f1a640b60e:37307/jars/commons-pool2-2.11.1.jar with timestamp 1784296810607
[2026-07-17T14:00:11.790+0000] {subprocess.py:93} INFO - 26/07/17 14:00:11 INFO StandaloneAppClient$ClientEndpoint: Connecting to master spark://sdp-spark-master:7077...
[2026-07-17T14:00:11.840+0000] {subprocess.py:93} INFO - 26/07/17 14:00:11 INFO TransportClientFactory: Successfully created connection to sdp-spark-master/172.18.0.4:7077 after 29 ms (0 ms spent in bootstraps)
[2026-07-17T14:00:11.939+0000] {subprocess.py:93} INFO - 26/07/17 14:00:11 INFO StandaloneSchedulerBackend: Connected to Spark cluster with app ID app-20260717140011-0074
[2026-07-17T14:00:11.946+0000] {subprocess.py:93} INFO - 26/07/17 14:00:11 INFO StandaloneAppClient$ClientEndpoint: Executor added: app-20260717140011-0074/0 on worker-20260716063602-172.18.0.5-44367 (172.18.0.5:44367) with 1 core(s)
[2026-07-17T14:00:11.949+0000] {subprocess.py:93} INFO - 26/07/17 14:00:11 INFO StandaloneSchedulerBackend: Granted executor ID app-20260717140011-0074/0 on hostPort 172.18.0.5:44367 with 1 core(s), 512.0 MiB RAM
[2026-07-17T14:00:11.950+0000] {subprocess.py:93} INFO - 26/07/17 14:00:11 INFO StandaloneAppClient$ClientEndpoint: Executor added: app-20260717140011-0074/1 on worker-20260716063602-172.18.0.5-44367 (172.18.0.5:44367) with 1 core(s)
[2026-07-17T14:00:11.950+0000] {subprocess.py:93} INFO - 26/07/17 14:00:11 INFO StandaloneSchedulerBackend: Granted executor ID app-20260717140011-0074/1 on hostPort 172.18.0.5:44367 with 1 core(s), 512.0 MiB RAM
[2026-07-17T14:00:11.951+0000] {subprocess.py:93} INFO - 26/07/17 14:00:11 INFO StandaloneAppClient$ClientEndpoint: Executor added: app-20260717140011-0074/2 on worker-20260716063602-172.18.0.6-33249 (172.18.0.6:33249) with 1 core(s)
[2026-07-17T14:00:11.952+0000] {subprocess.py:93} INFO - 26/07/17 14:00:11 INFO StandaloneSchedulerBackend: Granted executor ID app-20260717140011-0074/2 on hostPort 172.18.0.6:33249 with 1 core(s), 512.0 MiB RAM
[2026-07-17T14:00:11.953+0000] {subprocess.py:93} INFO - 26/07/17 14:00:11 INFO Utils: Successfully started service 'org.apache.spark.network.netty.NettyBlockTransferService' on port 39589.
[2026-07-17T14:00:11.954+0000] {subprocess.py:93} INFO - 26/07/17 14:00:11 INFO NettyBlockTransferService: Server created on b4f1a640b60e:39589
[2026-07-17T14:00:11.956+0000] {subprocess.py:93} INFO - 26/07/17 14:00:11 INFO BlockManager: Using org.apache.spark.storage.RandomBlockReplicationPolicy for block replication policy
[2026-07-17T14:00:11.964+0000] {subprocess.py:93} INFO - 26/07/17 14:00:11 INFO BlockManagerMaster: Registering BlockManager BlockManagerId(driver, b4f1a640b60e, 39589, None)
[2026-07-17T14:00:11.968+0000] {subprocess.py:93} INFO - 26/07/17 14:00:11 INFO BlockManagerMasterEndpoint: Registering block manager b4f1a640b60e:39589 with 434.4 MiB RAM, BlockManagerId(driver, b4f1a640b60e, 39589, None)
[2026-07-17T14:00:11.972+0000] {subprocess.py:93} INFO - 26/07/17 14:00:11 INFO BlockManagerMaster: Registered BlockManager BlockManagerId(driver, b4f1a640b60e, 39589, None)
[2026-07-17T14:00:11.973+0000] {subprocess.py:93} INFO - 26/07/17 14:00:11 INFO BlockManager: Initialized BlockManager: BlockManagerId(driver, b4f1a640b60e, 39589, None)
[2026-07-17T14:00:12.175+0000] {subprocess.py:93} INFO - 26/07/17 14:00:12 INFO StandaloneAppClient$ClientEndpoint: Executor updated: app-20260717140011-0074/2 is now RUNNING
[2026-07-17T14:00:12.178+0000] {subprocess.py:93} INFO - 26/07/17 14:00:12 INFO StandaloneAppClient$ClientEndpoint: Executor updated: app-20260717140011-0074/1 is now RUNNING
[2026-07-17T14:00:12.185+0000] {subprocess.py:93} INFO - 26/07/17 14:00:12 INFO StandaloneAppClient$ClientEndpoint: Executor updated: app-20260717140011-0074/0 is now RUNNING
[2026-07-17T14:00:12.279+0000] {subprocess.py:93} INFO - 26/07/17 14:00:12 INFO StandaloneSchedulerBackend: SchedulerBackend is ready for scheduling beginning after reached minRegisteredResourcesRatio: 0.0
[2026-07-17T14:00:12.747+0000] {subprocess.py:93} INFO - Starting stream: orders -> /opt/data/bronze/orders
[2026-07-17T14:00:26.573+0000] {subprocess.py:93} INFO - 26/07/17 14:00:26 WARN ResolveWriteToStream: spark.sql.adaptive.enabled is not supported in streaming DataFrames/Datasets and will be disabled.
[2026-07-17T14:00:26.779+0000] {subprocess.py:93} INFO - Starting stream: customers -> /opt/data/bronze/customers
[2026-07-17T14:00:28.968+0000] {subprocess.py:93} INFO - 26/07/17 14:00:28 WARN AdminClientConfig: These configurations '[key.deserializer, value.deserializer, enable.auto.commit, max.poll.records, auto.offset.reset]' were supplied but are not used yet.
[2026-07-17T14:00:29.108+0000] {subprocess.py:93} INFO - 26/07/17 14:00:29 WARN ResolveWriteToStream: spark.sql.adaptive.enabled is not supported in streaming DataFrames/Datasets and will be disabled.
[2026-07-17T14:00:29.148+0000] {subprocess.py:93} INFO - Starting stream: products -> /opt/data/bronze/products
[2026-07-17T14:00:31.011+0000] {subprocess.py:93} INFO - 26/07/17 14:00:31 WARN AdminClientConfig: These configurations '[key.deserializer, value.deserializer, enable.auto.commit, max.poll.records, auto.offset.reset]' were supplied but are not used yet.
[2026-07-17T14:00:31.279+0000] {subprocess.py:93} INFO - 26/07/17 14:00:31 WARN ResolveWriteToStream: spark.sql.adaptive.enabled is not supported in streaming DataFrames/Datasets and will be disabled.
[2026-07-17T14:00:32.690+0000] {subprocess.py:93} INFO - 26/07/17 14:00:32 WARN SparkStringUtils: Truncated the string representation of a plan since it was too large. This behavior can be adjusted by setting 'spark.sql.debug.maxToStringFields'.
[2026-07-17T14:00:32.734+0000] {subprocess.py:93} INFO - 26/07/17 14:00:32 WARN AdminClientConfig: These configurations '[key.deserializer, value.deserializer, enable.auto.commit, max.poll.records, auto.offset.reset]' were supplied but are not used yet.
[2026-07-17T14:02:03.809+0000] {subprocess.py:97} INFO - Command exited with return code 0
[2026-07-17T14:02:03.811+0000] {taskinstance.py:441} INFO - ::group::Post task execution logs
[2026-07-17T14:02:03.843+0000] {taskinstance.py:1205} INFO - Marking task as SUCCESS. dag_id=e-commerce_kafka_streaming_pipeline_v1, task_id=run_bronze, execution_date=20260717T130000, start_date=20260717T140007, end_date=20260717T140203
[2026-07-17T14:02:03.891+0000] {local_task_job_runner.py:240} INFO - Task exited with return code 0
[2026-07-17T14:02:03.917+0000] {taskinstance.py:3482} INFO - 1 downstream tasks scheduled from follow-on schedule check
[2026-07-17T14:02:03.934+0000] {local_task_job_runner.py:222} INFO - ::endgroup::
