[2026-07-20T05:53:05.778+0000] {local_task_job_runner.py:120} INFO - ::group::Pre task execution logs
[2026-07-20T05:53:05.904+0000] {taskinstance.py:2073} INFO - Dependencies all met for dep_context=non-requeueable deps ti=<TaskInstance: e-commerce_kafka_streaming_pipeline_v1.run_bronze scheduled__2026-07-17T17:00:00+00:00 [queued]>
[2026-07-20T05:53:05.929+0000] {taskinstance.py:2073} INFO - Dependencies all met for dep_context=requeueable deps ti=<TaskInstance: e-commerce_kafka_streaming_pipeline_v1.run_bronze scheduled__2026-07-17T17:00:00+00:00 [queued]>
[2026-07-20T05:53:05.931+0000] {taskinstance.py:2303} INFO - Starting attempt 1 of 2
[2026-07-20T05:53:05.980+0000] {taskinstance.py:2327} INFO - Executing <Task(BashOperator): run_bronze> on 2026-07-17 17:00:00+00:00
[2026-07-20T05:53:06.020+0000] {standard_task_runner.py:90} INFO - Running: ['***', 'tasks', 'run', 'e-commerce_kafka_streaming_pipeline_v1', 'run_bronze', 'scheduled__2026-07-17T17:00:00+00:00', '--job-id', '167', '--raw', '--subdir', 'DAGS_FOLDER/sdp_pipeline_dag.py', '--cfg-path', '/tmp/tmpy6nlsxl3']
[2026-07-20T05:53:06.036+0000] {standard_task_runner.py:91} INFO - Job 167: Subtask run_bronze
[2026-07-20T05:53:06.038+0000] {logging_mixin.py:188} WARNING - /home/***/.local/lib/python3.12/site-packages/***/task/task_runner/standard_task_runner.py:61 DeprecationWarning: This process (pid=5413) is multi-threaded, use of fork() may lead to deadlocks in the child.
[2026-07-20T05:53:06.039+0000] {standard_task_runner.py:63} INFO - Started process 5415 to run task
[2026-07-20T05:53:06.230+0000] {task_command.py:426} INFO - Running <TaskInstance: e-commerce_kafka_streaming_pipeline_v1.run_bronze scheduled__2026-07-17T17:00:00+00:00 [running]> on host da27550080bf
[2026-07-20T05:53:06.452+0000] {taskinstance.py:2644} INFO - Exporting env vars: AIRFLOW_CTX_DAG_OWNER='dev' AIRFLOW_CTX_DAG_ID='e-commerce_kafka_streaming_pipeline_v1' AIRFLOW_CTX_TASK_ID='run_bronze' AIRFLOW_CTX_EXECUTION_DATE='2026-07-17T17:00:00+00:00' AIRFLOW_CTX_TRY_NUMBER='1' AIRFLOW_CTX_DAG_RUN_ID='scheduled__2026-07-17T17:00:00+00:00'
[2026-07-20T05:53:06.454+0000] {taskinstance.py:430} INFO - ::endgroup::
[2026-07-20T05:53:06.498+0000] {subprocess.py:63} INFO - Tmp dir root location: /tmp
[2026-07-20T05:53:06.502+0000] {subprocess.py:75} INFO - Running command: ['/usr/bin/bash', '-c', 'timeout 150s docker run --rm --network streaming_kafka_project_sdp-net --volume /d/Streaming_kafka_project/pipelines:/opt/pipelines --volume /d/Streaming_kafka_project/data:/opt/data --volume /d/Streaming_kafka_project/checkpoints:/opt/checkpoints --volume /d/Streaming_kafka_project/jars:/opt/jars apache/spark:3.5.1 /opt/spark/bin/spark-submit --master spark://sdp-spark-master:7077 --executor-cores 1 --executor-memory 512m --total-executor-cores 3 --jars /opt/jars/delta-spark_2.12-3.2.0.jar,/opt/jars/delta-storage-3.2.0.jar,/opt/jars/spark-sql-kafka-0-10_2.12-3.5.1.jar,/opt/jars/kafka-clients-3.4.1.jar,/opt/jars/spark-token-provider-kafka-0-10_2.12-3.5.1.jar,/opt/jars/commons-pool2-2.11.1.jar --conf spark.sql.extensions=io.delta.sql.DeltaSparkSessionExtension --conf spark.sql.catalog.spark_catalog=org.apache.spark.sql.delta.catalog.DeltaCatalog  /opt/pipelines/bronze_runner.py']
[2026-07-20T05:53:06.532+0000] {subprocess.py:86} INFO - Output:
[2026-07-20T05:53:11.399+0000] {subprocess.py:93} INFO - 26/07/20 05:53:11 WARN NativeCodeLoader: Unable to load native-hadoop library for your platform... using builtin-java classes where applicable
[2026-07-20T05:53:12.645+0000] {subprocess.py:93} INFO - 26/07/20 05:53:12 INFO SparkContext: Running Spark version 3.5.1
[2026-07-20T05:53:12.657+0000] {subprocess.py:93} INFO - 26/07/20 05:53:12 INFO SparkContext: OS info Linux, 6.18.33.2-microsoft-standard-WSL2, amd64
[2026-07-20T05:53:12.660+0000] {subprocess.py:93} INFO - 26/07/20 05:53:12 INFO SparkContext: Java version 11.0.22
[2026-07-20T05:53:12.781+0000] {subprocess.py:93} INFO - 26/07/20 05:53:12 INFO ResourceUtils: ==============================================================
[2026-07-20T05:53:12.793+0000] {subprocess.py:93} INFO - 26/07/20 05:53:12 INFO ResourceUtils: No custom resources configured for spark.driver.
[2026-07-20T05:53:12.801+0000] {subprocess.py:93} INFO - 26/07/20 05:53:12 INFO ResourceUtils: ==============================================================
[2026-07-20T05:53:12.809+0000] {subprocess.py:93} INFO - 26/07/20 05:53:12 INFO SparkContext: Submitted application: SDP-Bronze
[2026-07-20T05:53:12.816+0000] {subprocess.py:93} INFO - 26/07/20 05:53:12 INFO ResourceProfile: Default ResourceProfile created, executor resources: Map(cores -> name: cores, amount: 1, script: , vendor: , memory -> name: memory, amount: 512, script: , vendor: , offHeap -> name: offHeap, amount: 0, script: , vendor: ), task resources: Map(cpus -> name: cpus, amount: 1.0)
[2026-07-20T05:53:12.850+0000] {subprocess.py:93} INFO - 26/07/20 05:53:12 INFO ResourceProfile: Limiting resource is cpus at 1 tasks per executor
[2026-07-20T05:53:12.859+0000] {subprocess.py:93} INFO - 26/07/20 05:53:12 INFO ResourceProfileManager: Added ResourceProfile id: 0
[2026-07-20T05:53:13.050+0000] {subprocess.py:93} INFO - 26/07/20 05:53:13 INFO SecurityManager: Changing view acls to: spark
[2026-07-20T05:53:13.058+0000] {subprocess.py:93} INFO - 26/07/20 05:53:13 INFO SecurityManager: Changing modify acls to: spark
[2026-07-20T05:53:13.062+0000] {subprocess.py:93} INFO - 26/07/20 05:53:13 INFO SecurityManager: Changing view acls groups to:
[2026-07-20T05:53:13.064+0000] {subprocess.py:93} INFO - 26/07/20 05:53:13 INFO SecurityManager: Changing modify acls groups to:
[2026-07-20T05:53:13.065+0000] {subprocess.py:93} INFO - 26/07/20 05:53:13 INFO SecurityManager: SecurityManager: authentication disabled; ui acls disabled; users with view permissions: spark; groups with view permissions: EMPTY; users with modify permissions: spark; groups with modify permissions: EMPTY
[2026-07-20T05:53:13.808+0000] {subprocess.py:93} INFO - 26/07/20 05:53:13 INFO Utils: Successfully started service 'sparkDriver' on port 43121.
[2026-07-20T05:53:13.939+0000] {subprocess.py:93} INFO - 26/07/20 05:53:13 INFO SparkEnv: Registering MapOutputTracker
[2026-07-20T05:53:14.009+0000] {subprocess.py:93} INFO - 26/07/20 05:53:14 INFO SparkEnv: Registering BlockManagerMaster
[2026-07-20T05:53:14.042+0000] {subprocess.py:93} INFO - 26/07/20 05:53:14 INFO BlockManagerMasterEndpoint: Using org.apache.spark.storage.DefaultTopologyMapper for getting topology information
[2026-07-20T05:53:14.046+0000] {subprocess.py:93} INFO - 26/07/20 05:53:14 INFO BlockManagerMasterEndpoint: BlockManagerMasterEndpoint up
[2026-07-20T05:53:14.056+0000] {subprocess.py:93} INFO - 26/07/20 05:53:14 INFO SparkEnv: Registering BlockManagerMasterHeartbeat
[2026-07-20T05:53:14.205+0000] {subprocess.py:93} INFO - 26/07/20 05:53:14 INFO DiskBlockManager: Created local directory at /tmp/blockmgr-1950c106-4600-4d77-94f7-6935460ec31f
[2026-07-20T05:53:14.231+0000] {subprocess.py:93} INFO - 26/07/20 05:53:14 INFO MemoryStore: MemoryStore started with capacity 434.4 MiB
[2026-07-20T05:53:14.273+0000] {subprocess.py:93} INFO - 26/07/20 05:53:14 INFO SparkEnv: Registering OutputCommitCoordinator
[2026-07-20T05:53:14.863+0000] {subprocess.py:93} INFO - 26/07/20 05:53:14 INFO JettyUtils: Start Jetty 0.0.0.0:4040 for SparkUI
[2026-07-20T05:53:15.140+0000] {subprocess.py:93} INFO - 26/07/20 05:53:15 INFO Utils: Successfully started service 'SparkUI' on port 4040.
[2026-07-20T05:53:15.261+0000] {subprocess.py:93} INFO - 26/07/20 05:53:15 INFO SparkContext: Added JAR file:///opt/jars/delta-spark_2.12-3.2.0.jar at spark://8c86245ee92c:43121/jars/delta-spark_2.12-3.2.0.jar with timestamp 1784526792599
[2026-07-20T05:53:15.263+0000] {subprocess.py:93} INFO - 26/07/20 05:53:15 INFO SparkContext: Added JAR file:///opt/jars/delta-storage-3.2.0.jar at spark://8c86245ee92c:43121/jars/delta-storage-3.2.0.jar with timestamp 1784526792599
[2026-07-20T05:53:15.268+0000] {subprocess.py:93} INFO - 26/07/20 05:53:15 INFO SparkContext: Added JAR file:///opt/jars/spark-sql-kafka-0-10_2.12-3.5.1.jar at spark://8c86245ee92c:43121/jars/spark-sql-kafka-0-10_2.12-3.5.1.jar with timestamp 1784526792599
[2026-07-20T05:53:15.273+0000] {subprocess.py:93} INFO - 26/07/20 05:53:15 INFO SparkContext: Added JAR file:///opt/jars/kafka-clients-3.4.1.jar at spark://8c86245ee92c:43121/jars/kafka-clients-3.4.1.jar with timestamp 1784526792599
[2026-07-20T05:53:15.275+0000] {subprocess.py:93} INFO - 26/07/20 05:53:15 INFO SparkContext: Added JAR file:///opt/jars/spark-token-provider-kafka-0-10_2.12-3.5.1.jar at spark://8c86245ee92c:43121/jars/spark-token-provider-kafka-0-10_2.12-3.5.1.jar with timestamp 1784526792599
[2026-07-20T05:53:15.276+0000] {subprocess.py:93} INFO - 26/07/20 05:53:15 INFO SparkContext: Added JAR file:///opt/jars/commons-pool2-2.11.1.jar at spark://8c86245ee92c:43121/jars/commons-pool2-2.11.1.jar with timestamp 1784526792599
[2026-07-20T05:53:15.614+0000] {subprocess.py:93} INFO - 26/07/20 05:53:15 INFO StandaloneAppClient$ClientEndpoint: Connecting to master spark://sdp-spark-master:7077...
[2026-07-20T05:53:15.721+0000] {subprocess.py:93} INFO - 26/07/20 05:53:15 INFO TransportClientFactory: Successfully created connection to sdp-spark-master/172.18.0.4:7077 after 63 ms (0 ms spent in bootstraps)
[2026-07-20T05:53:16.038+0000] {subprocess.py:93} INFO - 26/07/20 05:53:16 INFO StandaloneSchedulerBackend: Connected to Spark cluster with app ID app-20260720055316-0079
[2026-07-20T05:53:16.044+0000] {subprocess.py:93} INFO - 26/07/20 05:53:16 INFO StandaloneAppClient$ClientEndpoint: Executor added: app-20260720055316-0079/0 on worker-20260716063602-172.18.0.5-44367 (172.18.0.5:44367) with 1 core(s)
[2026-07-20T05:53:16.075+0000] {subprocess.py:93} INFO - 26/07/20 05:53:16 INFO StandaloneSchedulerBackend: Granted executor ID app-20260720055316-0079/0 on hostPort 172.18.0.5:44367 with 1 core(s), 512.0 MiB RAM
[2026-07-20T05:53:16.109+0000] {subprocess.py:93} INFO - 26/07/20 05:53:16 INFO StandaloneAppClient$ClientEndpoint: Executor added: app-20260720055316-0079/1 on worker-20260716063602-172.18.0.6-33249 (172.18.0.6:33249) with 1 core(s)
[2026-07-20T05:53:16.137+0000] {subprocess.py:93} INFO - 26/07/20 05:53:16 INFO StandaloneSchedulerBackend: Granted executor ID app-20260720055316-0079/1 on hostPort 172.18.0.6:33249 with 1 core(s), 512.0 MiB RAM
[2026-07-20T05:53:16.139+0000] {subprocess.py:93} INFO - 26/07/20 05:53:16 INFO Utils: Successfully started service 'org.apache.spark.network.netty.NettyBlockTransferService' on port 39621.
[2026-07-20T05:53:16.141+0000] {subprocess.py:93} INFO - 26/07/20 05:53:16 INFO NettyBlockTransferService: Server created on 8c86245ee92c:39621
[2026-07-20T05:53:16.153+0000] {subprocess.py:93} INFO - 26/07/20 05:53:16 INFO BlockManager: Using org.apache.spark.storage.RandomBlockReplicationPolicy for block replication policy
[2026-07-20T05:53:16.154+0000] {subprocess.py:93} INFO - 26/07/20 05:53:16 INFO BlockManagerMaster: Registering BlockManager BlockManagerId(driver, 8c86245ee92c, 39621, None)
[2026-07-20T05:53:16.165+0000] {subprocess.py:93} INFO - 26/07/20 05:53:16 INFO BlockManagerMasterEndpoint: Registering block manager 8c86245ee92c:39621 with 434.4 MiB RAM, BlockManagerId(driver, 8c86245ee92c, 39621, None)
[2026-07-20T05:53:16.178+0000] {subprocess.py:93} INFO - 26/07/20 05:53:16 INFO BlockManagerMaster: Registered BlockManager BlockManagerId(driver, 8c86245ee92c, 39621, None)
[2026-07-20T05:53:16.187+0000] {subprocess.py:93} INFO - 26/07/20 05:53:16 INFO BlockManager: Initialized BlockManager: BlockManagerId(driver, 8c86245ee92c, 39621, None)
[2026-07-20T05:53:16.327+0000] {subprocess.py:93} INFO - 26/07/20 05:53:16 INFO StandaloneAppClient$ClientEndpoint: Executor updated: app-20260720055316-0079/0 is now RUNNING
[2026-07-20T05:53:16.672+0000] {subprocess.py:93} INFO - 26/07/20 05:53:16 INFO StandaloneSchedulerBackend: SchedulerBackend is ready for scheduling beginning after reached minRegisteredResourcesRatio: 0.0
[2026-07-20T05:53:16.748+0000] {subprocess.py:93} INFO - 26/07/20 05:53:16 INFO StandaloneAppClient$ClientEndpoint: Executor updated: app-20260720055316-0079/1 is now RUNNING
[2026-07-20T05:53:17.663+0000] {subprocess.py:93} INFO - Starting stream: orders -> /opt/data/bronze/orders
[2026-07-20T05:53:52.700+0000] {subprocess.py:93} INFO - 26/07/20 05:53:52 WARN ResolveWriteToStream: spark.sql.adaptive.enabled is not supported in streaming DataFrames/Datasets and will be disabled.
[2026-07-20T05:53:53.158+0000] {subprocess.py:93} INFO - Starting stream: customers -> /opt/data/bronze/customers
[2026-07-20T05:53:55.827+0000] {subprocess.py:93} INFO - 26/07/20 05:53:55 WARN AdminClientConfig: These configurations '[key.deserializer, value.deserializer, enable.auto.commit, max.poll.records, auto.offset.reset]' were supplied but are not used yet.
[2026-07-20T05:53:58.299+0000] {subprocess.py:93} INFO - 26/07/20 05:53:58 WARN ResolveWriteToStream: spark.sql.adaptive.enabled is not supported in streaming DataFrames/Datasets and will be disabled.
[2026-07-20T05:53:58.385+0000] {subprocess.py:93} INFO - Starting stream: products -> /opt/data/bronze/products
[2026-07-20T05:53:59.815+0000] {subprocess.py:93} INFO - 26/07/20 05:53:59 WARN AdminClientConfig: These configurations '[key.deserializer, value.deserializer, enable.auto.commit, max.poll.records, auto.offset.reset]' were supplied but are not used yet.
[2026-07-20T05:54:01.726+0000] {subprocess.py:93} INFO - 26/07/20 05:54:01 WARN ResolveWriteToStream: spark.sql.adaptive.enabled is not supported in streaming DataFrames/Datasets and will be disabled.
[2026-07-20T05:54:03.008+0000] {subprocess.py:93} INFO - 26/07/20 05:54:03 WARN AdminClientConfig: These configurations '[key.deserializer, value.deserializer, enable.auto.commit, max.poll.records, auto.offset.reset]' were supplied but are not used yet.
[2026-07-20T05:55:36.584+0000] {subprocess.py:97} INFO - Command exited with return code 124
[2026-07-20T05:55:36.765+0000] {taskinstance.py:441} INFO - ::group::Post task execution logs
[2026-07-20T05:55:37.836+0000] {taskinstance.py:2890} ERROR - Task failed with exception
Traceback (most recent call last):
  File "/home/airflow/.local/lib/python3.12/site-packages/airflow/models/taskinstance.py", line 465, in _execute_task
    result = _execute_callable(context=context, **execute_callable_kwargs)
             ^^^^^^^^^^^^^^^^^^^^^^^^^^^^^^^^^^^^^^^^^^^^^^^^^^^^^^^^^^^^^
  File "/home/airflow/.local/lib/python3.12/site-packages/airflow/models/taskinstance.py", line 432, in _execute_callable
    return execute_callable(context=context, **execute_callable_kwargs)
           ^^^^^^^^^^^^^^^^^^^^^^^^^^^^^^^^^^^^^^^^^^^^^^^^^^^^^^^^^^^^
  File "/home/airflow/.local/lib/python3.12/site-packages/airflow/models/baseoperator.py", line 400, in wrapper
    return func(self, *args, **kwargs)
           ^^^^^^^^^^^^^^^^^^^^^^^^^^^
  File "/home/airflow/.local/lib/python3.12/site-packages/airflow/operators/bash.py", line 243, in execute
    raise AirflowException(
airflow.exceptions.AirflowException: Bash command failed. The command returned a non-zero exit code 124.
[2026-07-20T05:55:38.078+0000] {taskinstance.py:1205} INFO - Marking task as UP_FOR_RETRY. dag_id=e-commerce_kafka_streaming_pipeline_v1, task_id=run_bronze, execution_date=20260717T170000, start_date=20260720T055305, end_date=20260720T055538
[2026-07-20T05:55:38.251+0000] {standard_task_runner.py:110} ERROR - Failed to execute job 167 for task run_bronze (Bash command failed. The command returned a non-zero exit code 124.; 5415)
[2026-07-20T05:55:38.427+0000] {local_task_job_runner.py:240} INFO - Task exited with return code 1
[2026-07-20T05:55:38.775+0000] {taskinstance.py:3482} INFO - 0 downstream tasks scheduled from follow-on schedule check
[2026-07-20T05:55:38.785+0000] {local_task_job_runner.py:222} INFO - ::endgroup::
