[2026-06-17T13:20:08.726+0000] {local_task_job_runner.py:120} INFO - ::group::Pre task execution logs
[2026-06-17T13:20:08.804+0000] {taskinstance.py:2073} INFO - Dependencies all met for dep_context=non-requeueable deps ti=<TaskInstance: e-commerce_kafka_streaming_pipeline_v10.run_bronze scheduled__2026-06-17T12:00:00+00:00 [queued]>
[2026-06-17T13:20:08.823+0000] {taskinstance.py:2073} INFO - Dependencies all met for dep_context=requeueable deps ti=<TaskInstance: e-commerce_kafka_streaming_pipeline_v10.run_bronze scheduled__2026-06-17T12:00:00+00:00 [queued]>
[2026-06-17T13:20:08.824+0000] {taskinstance.py:2303} INFO - Starting attempt 2 of 2
[2026-06-17T13:20:08.853+0000] {taskinstance.py:2327} INFO - Executing <Task(BashOperator): run_bronze> on 2026-06-17 12:00:00+00:00
[2026-06-17T13:20:08.868+0000] {standard_task_runner.py:90} INFO - Running: ['***', 'tasks', 'run', 'e-commerce_kafka_streaming_pipeline_v10', 'run_bronze', 'scheduled__2026-06-17T12:00:00+00:00', '--job-id', '68', '--raw', '--subdir', 'DAGS_FOLDER/sdp_pipeline_dag.py', '--cfg-path', '/tmp/tmpapawjsi6']
[2026-06-17T13:20:08.873+0000] {logging_mixin.py:188} WARNING - /home/***/.local/lib/python3.12/site-packages/***/task/task_runner/standard_task_runner.py:61 DeprecationWarning: This process (pid=4500) is multi-threaded, use of fork() may lead to deadlocks in the child.
[2026-06-17T13:20:08.874+0000] {standard_task_runner.py:91} INFO - Job 68: Subtask run_bronze
[2026-06-17T13:20:08.875+0000] {standard_task_runner.py:63} INFO - Started process 4501 to run task
[2026-06-17T13:20:09.011+0000] {task_command.py:426} INFO - Running <TaskInstance: e-commerce_kafka_streaming_pipeline_v10.run_bronze scheduled__2026-06-17T12:00:00+00:00 [running]> on host c5880b5b3b6f
[2026-06-17T13:20:09.195+0000] {taskinstance.py:2644} INFO - Exporting env vars: AIRFLOW_CTX_DAG_OWNER='dev' AIRFLOW_CTX_DAG_ID='e-commerce_kafka_streaming_pipeline_v10' AIRFLOW_CTX_TASK_ID='run_bronze' AIRFLOW_CTX_EXECUTION_DATE='2026-06-17T12:00:00+00:00' AIRFLOW_CTX_TRY_NUMBER='2' AIRFLOW_CTX_DAG_RUN_ID='scheduled__2026-06-17T12:00:00+00:00'
[2026-06-17T13:20:09.199+0000] {taskinstance.py:430} INFO - ::endgroup::
[2026-06-17T13:20:09.236+0000] {subprocess.py:63} INFO - Tmp dir root location: /tmp
[2026-06-17T13:20:09.240+0000] {subprocess.py:75} INFO - Running command: ['/usr/bin/bash', '-c', 'timeout 120s docker run --rm --network streaming_kafka_project_sdp-net --volume /d/Streaming_kafka_project/pipelines:/opt/pipelines --volume /d/Streaming_kafka_project/data:/opt/data --volume /d/Streaming_kafka_project/checkpoints:/opt/checkpoints --volume /d/Streaming_kafka_project/jars:/opt/jars apache/spark:3.5.1 /opt/spark/bin/spark-submit --master spark://sdp-spark-master:7077 --executor-cores 1 --executor-memory 512m --total-executor-cores 3 --jars /opt/jars/delta-spark_2.12-3.2.0.jar,/opt/jars/delta-storage-3.2.0.jar,/opt/jars/spark-sql-kafka-0-10_2.12-3.5.1.jar,/opt/jars/kafka-clients-3.4.1.jar,/opt/jars/spark-token-provider-kafka-0-10_2.12-3.5.1.jar,/opt/jars/commons-pool2-2.11.1.jar --conf spark.sql.extensions=io.delta.sql.DeltaSparkSessionExtension --conf spark.sql.catalog.spark_catalog=org.apache.spark.sql.delta.catalog.DeltaCatalog  /opt/pipelines/bronze_runner.py']
[2026-06-17T13:20:09.273+0000] {subprocess.py:86} INFO - Output:
[2026-06-17T13:20:15.100+0000] {subprocess.py:93} INFO - 26/06/17 13:20:15 WARN NativeCodeLoader: Unable to load native-hadoop library for your platform... using builtin-java classes where applicable
[2026-06-17T13:20:16.609+0000] {subprocess.py:93} INFO - 26/06/17 13:20:16 INFO SparkContext: Running Spark version 3.5.1
[2026-06-17T13:20:16.611+0000] {subprocess.py:93} INFO - 26/06/17 13:20:16 INFO SparkContext: OS info Linux, 6.6.114.1-microsoft-standard-WSL2, amd64
[2026-06-17T13:20:16.614+0000] {subprocess.py:93} INFO - 26/06/17 13:20:16 INFO SparkContext: Java version 11.0.22
[2026-06-17T13:20:16.674+0000] {subprocess.py:93} INFO - 26/06/17 13:20:16 INFO ResourceUtils: ==============================================================
[2026-06-17T13:20:16.676+0000] {subprocess.py:93} INFO - 26/06/17 13:20:16 INFO ResourceUtils: No custom resources configured for spark.driver.
[2026-06-17T13:20:16.680+0000] {subprocess.py:93} INFO - 26/06/17 13:20:16 INFO ResourceUtils: ==============================================================
[2026-06-17T13:20:16.683+0000] {subprocess.py:93} INFO - 26/06/17 13:20:16 INFO SparkContext: Submitted application: SDP-Bronze
[2026-06-17T13:20:16.730+0000] {subprocess.py:93} INFO - 26/06/17 13:20:16 INFO ResourceProfile: Default ResourceProfile created, executor resources: Map(cores -> name: cores, amount: 1, script: , vendor: , memory -> name: memory, amount: 512, script: , vendor: , offHeap -> name: offHeap, amount: 0, script: , vendor: ), task resources: Map(cpus -> name: cpus, amount: 1.0)
[2026-06-17T13:20:16.759+0000] {subprocess.py:93} INFO - 26/06/17 13:20:16 INFO ResourceProfile: Limiting resource is cpus at 1 tasks per executor
[2026-06-17T13:20:16.767+0000] {subprocess.py:93} INFO - 26/06/17 13:20:16 INFO ResourceProfileManager: Added ResourceProfile id: 0
[2026-06-17T13:20:16.855+0000] {subprocess.py:93} INFO - 26/06/17 13:20:16 INFO SecurityManager: Changing view acls to: spark
[2026-06-17T13:20:16.857+0000] {subprocess.py:93} INFO - 26/06/17 13:20:16 INFO SecurityManager: Changing modify acls to: spark
[2026-06-17T13:20:16.860+0000] {subprocess.py:93} INFO - 26/06/17 13:20:16 INFO SecurityManager: Changing view acls groups to:
[2026-06-17T13:20:16.862+0000] {subprocess.py:93} INFO - 26/06/17 13:20:16 INFO SecurityManager: Changing modify acls groups to:
[2026-06-17T13:20:16.866+0000] {subprocess.py:93} INFO - 26/06/17 13:20:16 INFO SecurityManager: SecurityManager: authentication disabled; ui acls disabled; users with view permissions: spark; groups with view permissions: EMPTY; users with modify permissions: spark; groups with modify permissions: EMPTY
[2026-06-17T13:20:17.742+0000] {subprocess.py:93} INFO - 26/06/17 13:20:17 INFO Utils: Successfully started service 'sparkDriver' on port 44171.
[2026-06-17T13:20:17.812+0000] {subprocess.py:93} INFO - 26/06/17 13:20:17 INFO SparkEnv: Registering MapOutputTracker
[2026-06-17T13:20:17.873+0000] {subprocess.py:93} INFO - 26/06/17 13:20:17 INFO SparkEnv: Registering BlockManagerMaster
[2026-06-17T13:20:17.922+0000] {subprocess.py:93} INFO - 26/06/17 13:20:17 INFO BlockManagerMasterEndpoint: Using org.apache.spark.storage.DefaultTopologyMapper for getting topology information
[2026-06-17T13:20:17.927+0000] {subprocess.py:93} INFO - 26/06/17 13:20:17 INFO BlockManagerMasterEndpoint: BlockManagerMasterEndpoint up
[2026-06-17T13:20:17.936+0000] {subprocess.py:93} INFO - 26/06/17 13:20:17 INFO SparkEnv: Registering BlockManagerMasterHeartbeat
[2026-06-17T13:20:17.995+0000] {subprocess.py:93} INFO - 26/06/17 13:20:17 INFO DiskBlockManager: Created local directory at /tmp/blockmgr-1ff790bc-10d6-4b54-8c47-bc45ae8a08cd
[2026-06-17T13:20:18.030+0000] {subprocess.py:93} INFO - 26/06/17 13:20:18 INFO MemoryStore: MemoryStore started with capacity 434.4 MiB
[2026-06-17T13:20:18.061+0000] {subprocess.py:93} INFO - 26/06/17 13:20:18 INFO SparkEnv: Registering OutputCommitCoordinator
[2026-06-17T13:20:18.330+0000] {subprocess.py:93} INFO - 26/06/17 13:20:18 INFO JettyUtils: Start Jetty 0.0.0.0:4040 for SparkUI
[2026-06-17T13:20:18.441+0000] {subprocess.py:93} INFO - 26/06/17 13:20:18 INFO Utils: Successfully started service 'SparkUI' on port 4040.
[2026-06-17T13:20:18.512+0000] {subprocess.py:93} INFO - 26/06/17 13:20:18 INFO SparkContext: Added JAR file:///opt/jars/delta-spark_2.12-3.2.0.jar at spark://e23dff0e7c52:44171/jars/delta-spark_2.12-3.2.0.jar with timestamp 1781702416589
[2026-06-17T13:20:18.516+0000] {subprocess.py:93} INFO - 26/06/17 13:20:18 INFO SparkContext: Added JAR file:///opt/jars/delta-storage-3.2.0.jar at spark://e23dff0e7c52:44171/jars/delta-storage-3.2.0.jar with timestamp 1781702416589
[2026-06-17T13:20:18.520+0000] {subprocess.py:93} INFO - 26/06/17 13:20:18 INFO SparkContext: Added JAR file:///opt/jars/spark-sql-kafka-0-10_2.12-3.5.1.jar at spark://e23dff0e7c52:44171/jars/spark-sql-kafka-0-10_2.12-3.5.1.jar with timestamp 1781702416589
[2026-06-17T13:20:18.522+0000] {subprocess.py:93} INFO - 26/06/17 13:20:18 INFO SparkContext: Added JAR file:///opt/jars/kafka-clients-3.4.1.jar at spark://e23dff0e7c52:44171/jars/kafka-clients-3.4.1.jar with timestamp 1781702416589
[2026-06-17T13:20:18.523+0000] {subprocess.py:93} INFO - 26/06/17 13:20:18 INFO SparkContext: Added JAR file:///opt/jars/spark-token-provider-kafka-0-10_2.12-3.5.1.jar at spark://e23dff0e7c52:44171/jars/spark-token-provider-kafka-0-10_2.12-3.5.1.jar with timestamp 1781702416589
[2026-06-17T13:20:18.527+0000] {subprocess.py:93} INFO - 26/06/17 13:20:18 INFO SparkContext: Added JAR file:///opt/jars/commons-pool2-2.11.1.jar at spark://e23dff0e7c52:44171/jars/commons-pool2-2.11.1.jar with timestamp 1781702416589
[2026-06-17T13:20:18.697+0000] {subprocess.py:93} INFO - 26/06/17 13:20:18 INFO StandaloneAppClient$ClientEndpoint: Connecting to master spark://sdp-spark-master:7077...
[2026-06-17T13:20:18.777+0000] {subprocess.py:93} INFO - 26/06/17 13:20:18 INFO TransportClientFactory: Successfully created connection to sdp-spark-master/172.18.0.3:7077 after 45 ms (0 ms spent in bootstraps)
[2026-06-17T13:20:18.983+0000] {subprocess.py:93} INFO - 26/06/17 13:20:18 INFO StandaloneSchedulerBackend: Connected to Spark cluster with app ID app-20260617132018-0042
[2026-06-17T13:20:18.987+0000] {subprocess.py:93} INFO - 26/06/17 13:20:18 INFO StandaloneAppClient$ClientEndpoint: Executor added: app-20260617132018-0042/0 on worker-20260616111838-172.18.0.5-35429 (172.18.0.5:35429) with 1 core(s)
[2026-06-17T13:20:18.999+0000] {subprocess.py:93} INFO - 26/06/17 13:20:18 INFO StandaloneSchedulerBackend: Granted executor ID app-20260617132018-0042/0 on hostPort 172.18.0.5:35429 with 1 core(s), 512.0 MiB RAM
[2026-06-17T13:20:19.021+0000] {subprocess.py:93} INFO - 26/06/17 13:20:19 INFO StandaloneAppClient$ClientEndpoint: Executor added: app-20260617132018-0042/1 on worker-20260616111838-172.18.0.5-35429 (172.18.0.5:35429) with 1 core(s)
[2026-06-17T13:20:19.037+0000] {subprocess.py:93} INFO - 26/06/17 13:20:19 INFO StandaloneSchedulerBackend: Granted executor ID app-20260617132018-0042/1 on hostPort 172.18.0.5:35429 with 1 core(s), 512.0 MiB RAM
[2026-06-17T13:20:19.047+0000] {subprocess.py:93} INFO - 26/06/17 13:20:19 INFO StandaloneAppClient$ClientEndpoint: Executor added: app-20260617132018-0042/2 on worker-20260616111838-172.18.0.6-45657 (172.18.0.6:45657) with 1 core(s)
[2026-06-17T13:20:19.054+0000] {subprocess.py:93} INFO - 26/06/17 13:20:19 INFO StandaloneSchedulerBackend: Granted executor ID app-20260617132018-0042/2 on hostPort 172.18.0.6:45657 with 1 core(s), 512.0 MiB RAM
[2026-06-17T13:20:19.098+0000] {subprocess.py:93} INFO - 26/06/17 13:20:19 INFO Utils: Successfully started service 'org.apache.spark.network.netty.NettyBlockTransferService' on port 37119.
[2026-06-17T13:20:19.102+0000] {subprocess.py:93} INFO - 26/06/17 13:20:19 INFO NettyBlockTransferService: Server created on e23dff0e7c52:37119
[2026-06-17T13:20:19.104+0000] {subprocess.py:93} INFO - 26/06/17 13:20:19 INFO BlockManager: Using org.apache.spark.storage.RandomBlockReplicationPolicy for block replication policy
[2026-06-17T13:20:19.134+0000] {subprocess.py:93} INFO - 26/06/17 13:20:19 INFO BlockManagerMaster: Registering BlockManager BlockManagerId(driver, e23dff0e7c52, 37119, None)
[2026-06-17T13:20:19.157+0000] {subprocess.py:93} INFO - 26/06/17 13:20:19 INFO BlockManagerMasterEndpoint: Registering block manager e23dff0e7c52:37119 with 434.4 MiB RAM, BlockManagerId(driver, e23dff0e7c52, 37119, None)
[2026-06-17T13:20:19.187+0000] {subprocess.py:93} INFO - 26/06/17 13:20:19 INFO BlockManagerMaster: Registered BlockManager BlockManagerId(driver, e23dff0e7c52, 37119, None)
[2026-06-17T13:20:19.189+0000] {subprocess.py:93} INFO - 26/06/17 13:20:19 INFO BlockManager: Initialized BlockManager: BlockManagerId(driver, e23dff0e7c52, 37119, None)
[2026-06-17T13:20:19.328+0000] {subprocess.py:93} INFO - 26/06/17 13:20:19 INFO StandaloneAppClient$ClientEndpoint: Executor updated: app-20260617132018-0042/1 is now RUNNING
[2026-06-17T13:20:19.367+0000] {subprocess.py:93} INFO - 26/06/17 13:20:19 INFO StandaloneAppClient$ClientEndpoint: Executor updated: app-20260617132018-0042/0 is now RUNNING
[2026-06-17T13:20:19.435+0000] {subprocess.py:93} INFO - 26/06/17 13:20:19 INFO StandaloneAppClient$ClientEndpoint: Executor updated: app-20260617132018-0042/2 is now RUNNING
[2026-06-17T13:20:20.930+0000] {subprocess.py:93} INFO - 26/06/17 13:20:20 INFO StandaloneSchedulerBackend: SchedulerBackend is ready for scheduling beginning after reached minRegisteredResourcesRatio: 0.0
[2026-06-17T13:20:21.885+0000] {subprocess.py:93} INFO - Starting stream: orders -> /opt/data/bronze/orders
[2026-06-17T13:21:01.812+0000] {subprocess.py:93} INFO - 26/06/17 13:21:01 WARN ResolveWriteToStream: spark.sql.adaptive.enabled is not supported in streaming DataFrames/Datasets and will be disabled.
[2026-06-17T13:21:02.374+0000] {subprocess.py:93} INFO - Starting stream: customers -> /opt/data/bronze/customers
[2026-06-17T13:21:08.415+0000] {subprocess.py:93} INFO - 26/06/17 13:21:08 WARN ResolveWriteToStream: spark.sql.adaptive.enabled is not supported in streaming DataFrames/Datasets and will be disabled.
[2026-06-17T13:21:08.500+0000] {subprocess.py:93} INFO - Starting stream: products -> /opt/data/bronze/products
[2026-06-17T13:21:14.587+0000] {subprocess.py:93} INFO - 26/06/17 13:21:14 WARN ResolveWriteToStream: spark.sql.adaptive.enabled is not supported in streaming DataFrames/Datasets and will be disabled.
[2026-06-17T13:21:18.787+0000] {subprocess.py:93} INFO - 26/06/17 13:21:18 WARN SparkStringUtils: Truncated the string representation of a plan since it was too large. This behavior can be adjusted by setting 'spark.sql.debug.maxToStringFields'.
[2026-06-17T13:22:09.989+0000] {subprocess.py:93} INFO - 26/06/17 13:22:09 ERROR DeltaFileFormatWriter: Aborting job 00490211-3b87-45a0-b2dc-4c7abc7e5b5a.
[2026-06-17T13:22:09.990+0000] {subprocess.py:93} INFO - org.apache.spark.SparkException: Job 6 cancelled because SparkContext was shut down
[2026-06-17T13:22:09.991+0000] {subprocess.py:93} INFO - 	at org.apache.spark.scheduler.DAGScheduler.$anonfun$cleanUpAfterSchedulerStop$1(DAGScheduler.scala:1253)
[2026-06-17T13:22:09.997+0000] {subprocess.py:93} INFO - 	at org.apache.spark.scheduler.DAGScheduler.$anonfun$cleanUpAfterSchedulerStop$1$adapted(DAGScheduler.scala:1251)
[2026-06-17T13:22:09.998+0000] {subprocess.py:93} INFO - 	at scala.collection.mutable.HashSet.foreach(HashSet.scala:79)
[2026-06-17T13:22:10.000+0000] {subprocess.py:93} INFO - 	at org.apache.spark.scheduler.DAGScheduler.cleanUpAfterSchedulerStop(DAGScheduler.scala:1251)
[2026-06-17T13:22:10.005+0000] {subprocess.py:93} INFO - 	at org.apache.spark.scheduler.DAGSchedulerEventProcessLoop.onStop(DAGScheduler.scala:3087)
[2026-06-17T13:22:10.006+0000] {subprocess.py:93} INFO - 	at org.apache.spark.util.EventLoop.stop(EventLoop.scala:84)
[2026-06-17T13:22:10.007+0000] {subprocess.py:93} INFO - 	at org.apache.spark.scheduler.DAGScheduler.$anonfun$stop$3(DAGScheduler.scala:2973)
[2026-06-17T13:22:10.015+0000] {subprocess.py:93} INFO - 	at org.apache.spark.util.Utils$.tryLogNonFatalError(Utils.scala:1375)
[2026-06-17T13:22:10.018+0000] {subprocess.py:93} INFO - 	at org.apache.spark.scheduler.DAGScheduler.stop(DAGScheduler.scala:2973)
[2026-06-17T13:22:10.021+0000] {subprocess.py:93} INFO - 	at org.apache.spark.SparkContext.$anonfun$stop$12(SparkContext.scala:2263)
[2026-06-17T13:22:10.022+0000] {subprocess.py:93} INFO - 	at org.apache.spark.util.Utils$.tryLogNonFatalError(Utils.scala:1375)
[2026-06-17T13:22:10.023+0000] {subprocess.py:93} INFO - 	at org.apache.spark.SparkContext.stop(SparkContext.scala:2263)
[2026-06-17T13:22:10.024+0000] {subprocess.py:93} INFO - 	at org.apache.spark.SparkContext.stop(SparkContext.scala:2216)
[2026-06-17T13:22:10.026+0000] {subprocess.py:93} INFO - 	at org.apache.spark.SparkContext.$anonfun$new$34(SparkContext.scala:686)
[2026-06-17T13:22:10.027+0000] {subprocess.py:93} INFO - 	at org.apache.spark.util.SparkShutdownHook.run(ShutdownHookManager.scala:214)
[2026-06-17T13:22:10.028+0000] {subprocess.py:93} INFO - 	at org.apache.spark.util.SparkShutdownHookManager.$anonfun$runAll$2(ShutdownHookManager.scala:188)
[2026-06-17T13:22:10.035+0000] {subprocess.py:93} INFO - 	at scala.runtime.java8.JFunction0$mcV$sp.apply(JFunction0$mcV$sp.java:23)
[2026-06-17T13:22:10.036+0000] {subprocess.py:93} INFO - 	at org.apache.spark.util.Utils$.logUncaughtExceptions(Utils.scala:1928)
[2026-06-17T13:22:10.037+0000] {subprocess.py:93} INFO - 	at org.apache.spark.util.SparkShutdownHookManager.$anonfun$runAll$1(ShutdownHookManager.scala:188)
[2026-06-17T13:22:10.038+0000] {subprocess.py:93} INFO - 	at scala.runtime.java8.JFunction0$mcV$sp.apply(JFunction0$mcV$sp.java:23)
[2026-06-17T13:22:10.042+0000] {subprocess.py:93} INFO - 	at scala.util.Try$.apply(Try.scala:213)
[2026-06-17T13:22:10.043+0000] {subprocess.py:93} INFO - 	at org.apache.spark.util.SparkShutdownHookManager.runAll(ShutdownHookManager.scala:188)
[2026-06-17T13:22:10.046+0000] {subprocess.py:93} INFO - 	at org.apache.spark.util.SparkShutdownHookManager$$anon$2.run(ShutdownHookManager.scala:178)
[2026-06-17T13:22:10.048+0000] {subprocess.py:93} INFO - 	at java.base/java.util.concurrent.Executors$RunnableAdapter.call(Unknown Source)
[2026-06-17T13:22:10.050+0000] {subprocess.py:93} INFO - 	at java.base/java.util.concurrent.FutureTask.run(Unknown Source)
[2026-06-17T13:22:10.053+0000] {subprocess.py:93} INFO - 	at java.base/java.util.concurrent.ThreadPoolExecutor.runWorker(Unknown Source)
[2026-06-17T13:22:10.054+0000] {subprocess.py:93} INFO - 	at java.base/java.util.concurrent.ThreadPoolExecutor$Worker.run(Unknown Source)
[2026-06-17T13:22:10.058+0000] {subprocess.py:93} INFO - 	at java.base/java.lang.Thread.run(Unknown Source)
[2026-06-17T13:22:10.061+0000] {subprocess.py:93} INFO - 	at org.apache.spark.scheduler.DAGScheduler.runJob(DAGScheduler.scala:989)
[2026-06-17T13:22:10.065+0000] {subprocess.py:93} INFO - 	at org.apache.spark.SparkContext.runJob(SparkContext.scala:2398)
[2026-06-17T13:22:10.067+0000] {subprocess.py:93} INFO - 	at org.apache.spark.sql.delta.files.DeltaFileFormatWriter$.$anonfun$executeWrite$1(DeltaFileFormatWriter.scala:263)
[2026-06-17T13:22:10.069+0000] {subprocess.py:93} INFO - 	at org.apache.spark.sql.delta.files.DeltaFileFormatWriter$.writeAndCommit(DeltaFileFormatWriter.scala:295)
[2026-06-17T13:22:10.071+0000] {subprocess.py:93} INFO - 	at org.apache.spark.sql.delta.files.DeltaFileFormatWriter$.executeWrite(DeltaFileFormatWriter.scala:234)
[2026-06-17T13:22:10.072+0000] {subprocess.py:93} INFO - 	at org.apache.spark.sql.delta.files.DeltaFileFormatWriter$.write(DeltaFileFormatWriter.scala:214)
[2026-06-17T13:22:10.077+0000] {subprocess.py:93} INFO - 	at org.apache.spark.sql.delta.files.TransactionalWrite.$anonfun$writeFiles$1(TransactionalWrite.scala:440)
[2026-06-17T13:22:10.078+0000] {subprocess.py:93} INFO - 	at org.apache.spark.sql.execution.SQLExecution$.$anonfun$withNewExecutionId$6(SQLExecution.scala:125)
[2026-06-17T13:22:10.079+0000] {subprocess.py:93} INFO - 	at org.apache.spark.sql.execution.SQLExecution$.withSQLConfPropagated(SQLExecution.scala:201)
[2026-06-17T13:22:10.080+0000] {subprocess.py:93} INFO - 	at org.apache.spark.sql.execution.SQLExecution$.$anonfun$withNewExecutionId$1(SQLExecution.scala:108)
[2026-06-17T13:22:10.081+0000] {subprocess.py:93} INFO - 	at org.apache.spark.sql.SparkSession.withActive(SparkSession.scala:900)
[2026-06-17T13:22:10.082+0000] {subprocess.py:93} INFO - 	at org.apache.spark.sql.execution.SQLExecution$.withNewExecutionId(SQLExecution.scala:66)
[2026-06-17T13:22:10.083+0000] {subprocess.py:93} INFO - 	at org.apache.spark.sql.delta.files.TransactionalWrite.writeFiles(TransactionalWrite.scala:398)
[2026-06-17T13:22:10.084+0000] {subprocess.py:93} INFO - 	at org.apache.spark.sql.delta.files.TransactionalWrite.writeFiles$(TransactionalWrite.scala:371)
[2026-06-17T13:22:10.086+0000] {subprocess.py:93} INFO - 	at org.apache.spark.sql.delta.OptimisticTransaction.writeFiles(OptimisticTransaction.scala:147)
[2026-06-17T13:22:10.087+0000] {subprocess.py:93} INFO - 	at org.apache.spark.sql.delta.files.TransactionalWrite.writeFiles(TransactionalWrite.scala:246)
[2026-06-17T13:22:10.088+0000] {subprocess.py:93} INFO - 	at org.apache.spark.sql.delta.files.TransactionalWrite.writeFiles$(TransactionalWrite.scala:242)
[2026-06-17T13:22:10.089+0000] {subprocess.py:93} INFO - 	at org.apache.spark.sql.delta.OptimisticTransaction.writeFiles(OptimisticTransaction.scala:147)
[2026-06-17T13:22:10.093+0000] {subprocess.py:93} INFO - 	at org.apache.spark.sql.delta.files.TransactionalWrite.writeFiles(TransactionalWrite.scala:235)
[2026-06-17T13:22:10.094+0000] {subprocess.py:93} INFO - 	at org.apache.spark.sql.delta.files.TransactionalWrite.writeFiles$(TransactionalWrite.scala:232)
[2026-06-17T13:22:10.095+0000] {subprocess.py:93} INFO - 	at org.apache.spark.sql.delta.OptimisticTransaction.writeFiles(OptimisticTransaction.scala:147)
[2026-06-17T13:22:10.096+0000] {subprocess.py:93} INFO - 	at org.apache.spark.sql.delta.sources.DeltaSink.$anonfun$addBatchWithStatusImpl$4(DeltaSink.scala:139)
[2026-06-17T13:22:10.097+0000] {subprocess.py:93} INFO - 	at org.apache.spark.util.Utils$.timeTakenMs(Utils.scala:552)
[2026-06-17T13:22:10.101+0000] {subprocess.py:93} INFO - 	at org.apache.spark.sql.delta.sources.DeltaSink.addBatchWithStatusImpl(DeltaSink.scala:139)
[2026-06-17T13:22:10.102+0000] {subprocess.py:93} INFO - 	at org.apache.spark.sql.delta.sources.DeltaSink.addBatch(DeltaSink.scala:97)
[2026-06-17T13:22:10.103+0000] {subprocess.py:93} INFO - 	at org.apache.spark.sql.execution.streaming.MicroBatchExecution.$anonfun$runBatch$17(MicroBatchExecution.scala:732)
[2026-06-17T13:22:10.104+0000] {subprocess.py:93} INFO - 	at org.apache.spark.sql.execution.SQLExecution$.$anonfun$withNewExecutionId$6(SQLExecution.scala:125)
[2026-06-17T13:22:10.105+0000] {subprocess.py:93} INFO - 	at org.apache.spark.sql.execution.SQLExecution$.withSQLConfPropagated(SQLExecution.scala:201)
[2026-06-17T13:22:10.107+0000] {subprocess.py:93} INFO - 	at org.apache.spark.sql.execution.SQLExecution$.$anonfun$withNewExecutionId$1(SQLExecution.scala:108)
[2026-06-17T13:22:10.109+0000] {subprocess.py:93} INFO - 	at org.apache.spark.sql.SparkSession.withActive(SparkSession.scala:900)
[2026-06-17T13:22:10.113+0000] {subprocess.py:93} INFO - 	at org.apache.spark.sql.execution.SQLExecution$.withNewExecutionId(SQLExecution.scala:66)
[2026-06-17T13:22:10.114+0000] {subprocess.py:93} INFO - 	at org.apache.spark.sql.execution.streaming.MicroBatchExecution.$anonfun$runBatch$16(MicroBatchExecution.scala:729)
[2026-06-17T13:22:10.115+0000] {subprocess.py:93} INFO - 	at org.apache.spark.sql.execution.streaming.ProgressReporter.reportTimeTaken(ProgressReporter.scala:427)
[2026-06-17T13:22:10.118+0000] {subprocess.py:93} INFO - 	at org.apache.spark.sql.execution.streaming.ProgressReporter.reportTimeTaken$(ProgressReporter.scala:425)
[2026-06-17T13:22:10.119+0000] {subprocess.py:93} INFO - 	at org.apache.spark.sql.execution.streaming.StreamExecution.reportTimeTaken(StreamExecution.scala:67)
[2026-06-17T13:22:10.120+0000] {subprocess.py:93} INFO - 	at org.apache.spark.sql.execution.streaming.MicroBatchExecution.runBatch(MicroBatchExecution.scala:729)
[2026-06-17T13:22:10.121+0000] {subprocess.py:93} INFO - 	at org.apache.spark.sql.execution.streaming.MicroBatchExecution.$anonfun$runActivatedStream$2(MicroBatchExecution.scala:286)
[2026-06-17T13:22:10.122+0000] {subprocess.py:93} INFO - 	at scala.runtime.java8.JFunction0$mcV$sp.apply(JFunction0$mcV$sp.java:23)
[2026-06-17T13:22:10.123+0000] {subprocess.py:93} INFO - 	at org.apache.spark.sql.execution.streaming.ProgressReporter.reportTimeTaken(ProgressReporter.scala:427)
[2026-06-17T13:22:10.124+0000] {subprocess.py:93} INFO - 	at org.apache.spark.sql.execution.streaming.ProgressReporter.reportTimeTaken$(ProgressReporter.scala:425)
[2026-06-17T13:22:10.125+0000] {subprocess.py:93} INFO - 	at org.apache.spark.sql.execution.streaming.StreamExecution.reportTimeTaken(StreamExecution.scala:67)
[2026-06-17T13:22:10.126+0000] {subprocess.py:93} INFO - 	at org.apache.spark.sql.execution.streaming.MicroBatchExecution.$anonfun$runActivatedStream$1(MicroBatchExecution.scala:249)
[2026-06-17T13:22:10.127+0000] {subprocess.py:93} INFO - 	at org.apache.spark.sql.execution.streaming.ProcessingTimeExecutor.execute(TriggerExecutor.scala:67)
[2026-06-17T13:22:10.128+0000] {subprocess.py:93} INFO - 	at org.apache.spark.sql.execution.streaming.MicroBatchExecution.runActivatedStream(MicroBatchExecution.scala:239)
[2026-06-17T13:22:10.129+0000] {subprocess.py:93} INFO - 	at org.apache.spark.sql.execution.streaming.StreamExecution.$anonfun$runStream$1(StreamExecution.scala:311)
[2026-06-17T13:22:10.130+0000] {subprocess.py:93} INFO - 	at scala.runtime.java8.JFunction0$mcV$sp.apply(JFunction0$mcV$sp.java:23)
[2026-06-17T13:22:10.137+0000] {subprocess.py:93} INFO - 	at org.apache.spark.sql.SparkSession.withActive(SparkSession.scala:900)
[2026-06-17T13:22:10.139+0000] {subprocess.py:93} INFO - 	at org.apache.spark.sql.execution.streaming.StreamExecution.org$apache$spark$sql$execution$streaming$StreamExecution$$runStream(StreamExecution.scala:289)
[2026-06-17T13:22:10.140+0000] {subprocess.py:93} INFO - 	at org.apache.spark.sql.execution.streaming.StreamExecution$$anon$1.$anonfun$run$1(StreamExecution.scala:211)
[2026-06-17T13:22:10.142+0000] {subprocess.py:93} INFO - 	at scala.runtime.java8.JFunction0$mcV$sp.apply(JFunction0$mcV$sp.java:23)
[2026-06-17T13:22:10.144+0000] {subprocess.py:93} INFO - 	at org.apache.spark.JobArtifactSet$.withActiveJobArtifactState(JobArtifactSet.scala:94)
[2026-06-17T13:22:10.148+0000] {subprocess.py:93} INFO - 	at org.apache.spark.sql.execution.streaming.StreamExecution$$anon$1.run(StreamExecution.scala:211)
[2026-06-17T13:22:11.644+0000] {subprocess.py:97} INFO - Command exited with return code 124
[2026-06-17T13:22:11.647+0000] {taskinstance.py:441} INFO - ::group::Post task execution logs
[2026-06-17T13:22:11.680+0000] {taskinstance.py:2890} ERROR - Task failed with exception
Traceback (most recent call last):
  File "/home/airflow/.local/lib/python3.12/site-packages/airflow/models/taskinstance.py", line 465, in _execute_task
    result = _execute_callable(context=context, **execute_callable_kwargs)
             ^^^^^^^^^^^^^^^^^^^^^^^^^^^^^^^^^^^^^^^^^^^^^^^^^^^^^^^^^^^^^
  File "/home/airflow/.local/lib/python3.12/site-packages/airflow/models/taskinstance.py", line 432, in _execute_callable
    return execute_callable(context=context, **execute_callable_kwargs)
           ^^^^^^^^^^^^^^^^^^^^^^^^^^^^^^^^^^^^^^^^^^^^^^^^^^^^^^^^^^^^
  File "/home/airflow/.local/lib/python3.12/site-packages/airflow/models/baseoperator.py", line 400, in wrapper
    return func(self, *args, **kwargs)
           ^^^^^^^^^^^^^^^^^^^^^^^^^^^
  File "/home/airflow/.local/lib/python3.12/site-packages/airflow/operators/bash.py", line 243, in execute
    raise AirflowException(
airflow.exceptions.AirflowException: Bash command failed. The command returned a non-zero exit code 124.
[2026-06-17T13:22:11.695+0000] {taskinstance.py:1205} INFO - Marking task as FAILED. dag_id=e-commerce_kafka_streaming_pipeline_v10, task_id=run_bronze, execution_date=20260617T120000, start_date=20260617T132008, end_date=20260617T132211
[2026-06-17T13:22:11.752+0000] {standard_task_runner.py:110} ERROR - Failed to execute job 68 for task run_bronze (Bash command failed. The command returned a non-zero exit code 124.; 4501)
[2026-06-17T13:22:11.785+0000] {local_task_job_runner.py:240} INFO - Task exited with return code 1
[2026-06-17T13:22:11.853+0000] {taskinstance.py:3482} INFO - 0 downstream tasks scheduled from follow-on schedule check
[2026-06-17T13:22:11.863+0000] {local_task_job_runner.py:222} INFO - ::endgroup::
