[2026-06-17T13:16:04.551+0000] {local_task_job_runner.py:120} INFO - ::group::Pre task execution logs
[2026-06-17T13:16:04.633+0000] {taskinstance.py:2073} INFO - Dependencies all met for dep_context=non-requeueable deps ti=<TaskInstance: e-commerce_kafka_streaming_pipeline_v10.run_bronze scheduled__2026-06-17T12:00:00+00:00 [queued]>
[2026-06-17T13:16:04.652+0000] {taskinstance.py:2073} INFO - Dependencies all met for dep_context=requeueable deps ti=<TaskInstance: e-commerce_kafka_streaming_pipeline_v10.run_bronze scheduled__2026-06-17T12:00:00+00:00 [queued]>
[2026-06-17T13:16:04.653+0000] {taskinstance.py:2303} INFO - Starting attempt 1 of 2
[2026-06-17T13:16:04.680+0000] {taskinstance.py:2327} INFO - Executing <Task(BashOperator): run_bronze> on 2026-06-17 12:00:00+00:00
[2026-06-17T13:16:04.698+0000] {logging_mixin.py:188} WARNING - /home/***/.local/lib/python3.12/site-packages/***/task/task_runner/standard_task_runner.py:61 DeprecationWarning: This process (pid=4447) is multi-threaded, use of fork() may lead to deadlocks in the child.
[2026-06-17T13:16:04.696+0000] {standard_task_runner.py:90} INFO - Running: ['***', 'tasks', 'run', 'e-commerce_kafka_streaming_pipeline_v10', 'run_bronze', 'scheduled__2026-06-17T12:00:00+00:00', '--job-id', '67', '--raw', '--subdir', 'DAGS_FOLDER/sdp_pipeline_dag.py', '--cfg-path', '/tmp/tmpn7tp_xfj']
[2026-06-17T13:16:04.699+0000] {standard_task_runner.py:63} INFO - Started process 4448 to run task
[2026-06-17T13:16:04.700+0000] {standard_task_runner.py:91} INFO - Job 67: Subtask run_bronze
[2026-06-17T13:16:04.870+0000] {task_command.py:426} INFO - Running <TaskInstance: e-commerce_kafka_streaming_pipeline_v10.run_bronze scheduled__2026-06-17T12:00:00+00:00 [running]> on host c5880b5b3b6f
[2026-06-17T13:16:05.154+0000] {taskinstance.py:2644} INFO - Exporting env vars: AIRFLOW_CTX_DAG_OWNER='dev' AIRFLOW_CTX_DAG_ID='e-commerce_kafka_streaming_pipeline_v10' AIRFLOW_CTX_TASK_ID='run_bronze' AIRFLOW_CTX_EXECUTION_DATE='2026-06-17T12:00:00+00:00' AIRFLOW_CTX_TRY_NUMBER='1' AIRFLOW_CTX_DAG_RUN_ID='scheduled__2026-06-17T12:00:00+00:00'
[2026-06-17T13:16:05.157+0000] {taskinstance.py:430} INFO - ::endgroup::
[2026-06-17T13:16:05.208+0000] {subprocess.py:63} INFO - Tmp dir root location: /tmp
[2026-06-17T13:16:05.211+0000] {subprocess.py:75} INFO - Running command: ['/usr/bin/bash', '-c', 'timeout 120s docker run --rm --network streaming_kafka_project_sdp-net --volume /d/Streaming_kafka_project/pipelines:/opt/pipelines --volume /d/Streaming_kafka_project/data:/opt/data --volume /d/Streaming_kafka_project/checkpoints:/opt/checkpoints --volume /d/Streaming_kafka_project/jars:/opt/jars apache/spark:3.5.1 /opt/spark/bin/spark-submit --master spark://sdp-spark-master:7077 --executor-cores 1 --executor-memory 512m --total-executor-cores 3 --jars /opt/jars/delta-spark_2.12-3.2.0.jar,/opt/jars/delta-storage-3.2.0.jar,/opt/jars/spark-sql-kafka-0-10_2.12-3.5.1.jar,/opt/jars/kafka-clients-3.4.1.jar,/opt/jars/spark-token-provider-kafka-0-10_2.12-3.5.1.jar,/opt/jars/commons-pool2-2.11.1.jar --conf spark.sql.extensions=io.delta.sql.DeltaSparkSessionExtension --conf spark.sql.catalog.spark_catalog=org.apache.spark.sql.delta.catalog.DeltaCatalog  /opt/pipelines/bronze_runner.py']
[2026-06-17T13:16:05.242+0000] {subprocess.py:86} INFO - Output:
[2026-06-17T13:16:12.251+0000] {subprocess.py:93} INFO - 26/06/17 13:16:12 WARN NativeCodeLoader: Unable to load native-hadoop library for your platform... using builtin-java classes where applicable
[2026-06-17T13:16:14.591+0000] {subprocess.py:93} INFO - 26/06/17 13:16:14 INFO SparkContext: Running Spark version 3.5.1
[2026-06-17T13:16:14.599+0000] {subprocess.py:93} INFO - 26/06/17 13:16:14 INFO SparkContext: OS info Linux, 6.6.114.1-microsoft-standard-WSL2, amd64
[2026-06-17T13:16:14.601+0000] {subprocess.py:93} INFO - 26/06/17 13:16:14 INFO SparkContext: Java version 11.0.22
[2026-06-17T13:16:14.701+0000] {subprocess.py:93} INFO - 26/06/17 13:16:14 INFO ResourceUtils: ==============================================================
[2026-06-17T13:16:14.708+0000] {subprocess.py:93} INFO - 26/06/17 13:16:14 INFO ResourceUtils: No custom resources configured for spark.driver.
[2026-06-17T13:16:14.709+0000] {subprocess.py:93} INFO - 26/06/17 13:16:14 INFO ResourceUtils: ==============================================================
[2026-06-17T13:16:14.710+0000] {subprocess.py:93} INFO - 26/06/17 13:16:14 INFO SparkContext: Submitted application: SDP-Bronze
[2026-06-17T13:16:14.769+0000] {subprocess.py:93} INFO - 26/06/17 13:16:14 INFO ResourceProfile: Default ResourceProfile created, executor resources: Map(cores -> name: cores, amount: 1, script: , vendor: , memory -> name: memory, amount: 512, script: , vendor: , offHeap -> name: offHeap, amount: 0, script: , vendor: ), task resources: Map(cpus -> name: cpus, amount: 1.0)
[2026-06-17T13:16:14.810+0000] {subprocess.py:93} INFO - 26/06/17 13:16:14 INFO ResourceProfile: Limiting resource is cpus at 1 tasks per executor
[2026-06-17T13:16:14.816+0000] {subprocess.py:93} INFO - 26/06/17 13:16:14 INFO ResourceProfileManager: Added ResourceProfile id: 0
[2026-06-17T13:16:14.937+0000] {subprocess.py:93} INFO - 26/06/17 13:16:14 INFO SecurityManager: Changing view acls to: spark
[2026-06-17T13:16:14.940+0000] {subprocess.py:93} INFO - 26/06/17 13:16:14 INFO SecurityManager: Changing modify acls to: spark
[2026-06-17T13:16:14.943+0000] {subprocess.py:93} INFO - 26/06/17 13:16:14 INFO SecurityManager: Changing view acls groups to:
[2026-06-17T13:16:14.945+0000] {subprocess.py:93} INFO - 26/06/17 13:16:14 INFO SecurityManager: Changing modify acls groups to:
[2026-06-17T13:16:14.947+0000] {subprocess.py:93} INFO - 26/06/17 13:16:14 INFO SecurityManager: SecurityManager: authentication disabled; ui acls disabled; users with view permissions: spark; groups with view permissions: EMPTY; users with modify permissions: spark; groups with modify permissions: EMPTY
[2026-06-17T13:16:15.612+0000] {subprocess.py:93} INFO - 26/06/17 13:16:15 INFO Utils: Successfully started service 'sparkDriver' on port 36417.
[2026-06-17T13:16:15.685+0000] {subprocess.py:93} INFO - 26/06/17 13:16:15 INFO SparkEnv: Registering MapOutputTracker
[2026-06-17T13:16:15.777+0000] {subprocess.py:93} INFO - 26/06/17 13:16:15 INFO SparkEnv: Registering BlockManagerMaster
[2026-06-17T13:16:15.866+0000] {subprocess.py:93} INFO - 26/06/17 13:16:15 INFO BlockManagerMasterEndpoint: Using org.apache.spark.storage.DefaultTopologyMapper for getting topology information
[2026-06-17T13:16:15.868+0000] {subprocess.py:93} INFO - 26/06/17 13:16:15 INFO BlockManagerMasterEndpoint: BlockManagerMasterEndpoint up
[2026-06-17T13:16:15.890+0000] {subprocess.py:93} INFO - 26/06/17 13:16:15 INFO SparkEnv: Registering BlockManagerMasterHeartbeat
[2026-06-17T13:16:15.985+0000] {subprocess.py:93} INFO - 26/06/17 13:16:15 INFO DiskBlockManager: Created local directory at /tmp/blockmgr-aa4b3fdb-2b3d-4e9d-95aa-b26b6edc2c13
[2026-06-17T13:16:16.033+0000] {subprocess.py:93} INFO - 26/06/17 13:16:16 INFO MemoryStore: MemoryStore started with capacity 434.4 MiB
[2026-06-17T13:16:16.082+0000] {subprocess.py:93} INFO - 26/06/17 13:16:16 INFO SparkEnv: Registering OutputCommitCoordinator
[2026-06-17T13:16:16.434+0000] {subprocess.py:93} INFO - 26/06/17 13:16:16 INFO JettyUtils: Start Jetty 0.0.0.0:4040 for SparkUI
[2026-06-17T13:16:16.560+0000] {subprocess.py:93} INFO - 26/06/17 13:16:16 INFO Utils: Successfully started service 'SparkUI' on port 4040.
[2026-06-17T13:16:16.628+0000] {subprocess.py:93} INFO - 26/06/17 13:16:16 INFO SparkContext: Added JAR file:///opt/jars/delta-spark_2.12-3.2.0.jar at spark://c21f9ce7c047:36417/jars/delta-spark_2.12-3.2.0.jar with timestamp 1781702174562
[2026-06-17T13:16:16.632+0000] {subprocess.py:93} INFO - 26/06/17 13:16:16 INFO SparkContext: Added JAR file:///opt/jars/delta-storage-3.2.0.jar at spark://c21f9ce7c047:36417/jars/delta-storage-3.2.0.jar with timestamp 1781702174562
[2026-06-17T13:16:16.634+0000] {subprocess.py:93} INFO - 26/06/17 13:16:16 INFO SparkContext: Added JAR file:///opt/jars/spark-sql-kafka-0-10_2.12-3.5.1.jar at spark://c21f9ce7c047:36417/jars/spark-sql-kafka-0-10_2.12-3.5.1.jar with timestamp 1781702174562
[2026-06-17T13:16:16.640+0000] {subprocess.py:93} INFO - 26/06/17 13:16:16 INFO SparkContext: Added JAR file:///opt/jars/kafka-clients-3.4.1.jar at spark://c21f9ce7c047:36417/jars/kafka-clients-3.4.1.jar with timestamp 1781702174562
[2026-06-17T13:16:16.642+0000] {subprocess.py:93} INFO - 26/06/17 13:16:16 INFO SparkContext: Added JAR file:///opt/jars/spark-token-provider-kafka-0-10_2.12-3.5.1.jar at spark://c21f9ce7c047:36417/jars/spark-token-provider-kafka-0-10_2.12-3.5.1.jar with timestamp 1781702174562
[2026-06-17T13:16:16.644+0000] {subprocess.py:93} INFO - 26/06/17 13:16:16 INFO SparkContext: Added JAR file:///opt/jars/commons-pool2-2.11.1.jar at spark://c21f9ce7c047:36417/jars/commons-pool2-2.11.1.jar with timestamp 1781702174562
[2026-06-17T13:16:16.813+0000] {subprocess.py:93} INFO - 26/06/17 13:16:16 INFO StandaloneAppClient$ClientEndpoint: Connecting to master spark://sdp-spark-master:7077...
[2026-06-17T13:16:16.910+0000] {subprocess.py:93} INFO - 26/06/17 13:16:16 INFO TransportClientFactory: Successfully created connection to sdp-spark-master/172.18.0.3:7077 after 60 ms (0 ms spent in bootstraps)
[2026-06-17T13:16:17.145+0000] {subprocess.py:93} INFO - 26/06/17 13:16:17 INFO StandaloneSchedulerBackend: Connected to Spark cluster with app ID app-20260617131617-0041
[2026-06-17T13:16:17.180+0000] {subprocess.py:93} INFO - 26/06/17 13:16:17 INFO StandaloneAppClient$ClientEndpoint: Executor added: app-20260617131617-0041/0 on worker-20260616111838-172.18.0.5-35429 (172.18.0.5:35429) with 1 core(s)
[2026-06-17T13:16:17.198+0000] {subprocess.py:93} INFO - 26/06/17 13:16:17 INFO StandaloneSchedulerBackend: Granted executor ID app-20260617131617-0041/0 on hostPort 172.18.0.5:35429 with 1 core(s), 512.0 MiB RAM
[2026-06-17T13:16:17.211+0000] {subprocess.py:93} INFO - 26/06/17 13:16:17 INFO StandaloneAppClient$ClientEndpoint: Executor added: app-20260617131617-0041/1 on worker-20260616111838-172.18.0.5-35429 (172.18.0.5:35429) with 1 core(s)
[2026-06-17T13:16:17.234+0000] {subprocess.py:93} INFO - 26/06/17 13:16:17 INFO StandaloneSchedulerBackend: Granted executor ID app-20260617131617-0041/1 on hostPort 172.18.0.5:35429 with 1 core(s), 512.0 MiB RAM
[2026-06-17T13:16:17.244+0000] {subprocess.py:93} INFO - 26/06/17 13:16:17 INFO StandaloneAppClient$ClientEndpoint: Executor added: app-20260617131617-0041/2 on worker-20260616111838-172.18.0.6-45657 (172.18.0.6:45657) with 1 core(s)
[2026-06-17T13:16:17.248+0000] {subprocess.py:93} INFO - 26/06/17 13:16:17 INFO StandaloneSchedulerBackend: Granted executor ID app-20260617131617-0041/2 on hostPort 172.18.0.6:45657 with 1 core(s), 512.0 MiB RAM
[2026-06-17T13:16:17.330+0000] {subprocess.py:93} INFO - 26/06/17 13:16:17 INFO Utils: Successfully started service 'org.apache.spark.network.netty.NettyBlockTransferService' on port 41567.
[2026-06-17T13:16:17.342+0000] {subprocess.py:93} INFO - 26/06/17 13:16:17 INFO NettyBlockTransferService: Server created on c21f9ce7c047:41567
[2026-06-17T13:16:17.362+0000] {subprocess.py:93} INFO - 26/06/17 13:16:17 INFO BlockManager: Using org.apache.spark.storage.RandomBlockReplicationPolicy for block replication policy
[2026-06-17T13:16:17.447+0000] {subprocess.py:93} INFO - 26/06/17 13:16:17 INFO BlockManagerMaster: Registering BlockManager BlockManagerId(driver, c21f9ce7c047, 41567, None)
[2026-06-17T13:16:17.469+0000] {subprocess.py:93} INFO - 26/06/17 13:16:17 INFO BlockManagerMasterEndpoint: Registering block manager c21f9ce7c047:41567 with 434.4 MiB RAM, BlockManagerId(driver, c21f9ce7c047, 41567, None)
[2026-06-17T13:16:17.488+0000] {subprocess.py:93} INFO - 26/06/17 13:16:17 INFO BlockManagerMaster: Registered BlockManager BlockManagerId(driver, c21f9ce7c047, 41567, None)
[2026-06-17T13:16:17.538+0000] {subprocess.py:93} INFO - 26/06/17 13:16:17 INFO BlockManager: Initialized BlockManager: BlockManagerId(driver, c21f9ce7c047, 41567, None)
[2026-06-17T13:16:17.580+0000] {subprocess.py:93} INFO - 26/06/17 13:16:17 INFO StandaloneAppClient$ClientEndpoint: Executor updated: app-20260617131617-0041/0 is now RUNNING
[2026-06-17T13:16:17.627+0000] {subprocess.py:93} INFO - 26/06/17 13:16:17 INFO StandaloneAppClient$ClientEndpoint: Executor updated: app-20260617131617-0041/2 is now RUNNING
[2026-06-17T13:16:17.645+0000] {subprocess.py:93} INFO - 26/06/17 13:16:17 INFO StandaloneAppClient$ClientEndpoint: Executor updated: app-20260617131617-0041/1 is now RUNNING
[2026-06-17T13:16:18.962+0000] {subprocess.py:93} INFO - 26/06/17 13:16:18 INFO StandaloneSchedulerBackend: SchedulerBackend is ready for scheduling beginning after reached minRegisteredResourcesRatio: 0.0
[2026-06-17T13:16:20.175+0000] {subprocess.py:93} INFO - Starting stream: orders -> /opt/data/bronze/orders
[2026-06-17T13:17:01.823+0000] {subprocess.py:93} INFO - 26/06/17 13:17:01 WARN ResolveWriteToStream: spark.sql.adaptive.enabled is not supported in streaming DataFrames/Datasets and will be disabled.
[2026-06-17T13:17:02.102+0000] {subprocess.py:93} INFO - Starting stream: customers -> /opt/data/bronze/customers
[2026-06-17T13:17:07.087+0000] {subprocess.py:93} INFO - 26/06/17 13:17:07 WARN ResolveWriteToStream: spark.sql.adaptive.enabled is not supported in streaming DataFrames/Datasets and will be disabled.
[2026-06-17T13:17:07.215+0000] {subprocess.py:93} INFO - Starting stream: products -> /opt/data/bronze/products
[2026-06-17T13:17:08.103+0000] {subprocess.py:93} INFO - 26/06/17 13:17:08 WARN AdminClientConfig: These configurations '[key.deserializer, value.deserializer, enable.auto.commit, max.poll.records, auto.offset.reset]' were supplied but are not used yet.
[2026-06-17T13:17:10.996+0000] {subprocess.py:93} INFO - 26/06/17 13:17:10 WARN ResolveWriteToStream: spark.sql.adaptive.enabled is not supported in streaming DataFrames/Datasets and will be disabled.
[2026-06-17T13:17:12.020+0000] {subprocess.py:93} INFO - 26/06/17 13:17:12 WARN AdminClientConfig: These configurations '[key.deserializer, value.deserializer, enable.auto.commit, max.poll.records, auto.offset.reset]' were supplied but are not used yet.
[2026-06-17T13:17:14.414+0000] {subprocess.py:93} INFO - 26/06/17 13:17:14 WARN AdminClientConfig: These configurations '[key.deserializer, value.deserializer, enable.auto.commit, max.poll.records, auto.offset.reset]' were supplied but are not used yet.
[2026-06-17T13:17:16.099+0000] {subprocess.py:93} INFO - 26/06/17 13:17:16 WARN SparkStringUtils: Truncated the string representation of a plan since it was too large. This behavior can be adjusted by setting 'spark.sql.debug.maxToStringFields'.
[2026-06-17T13:18:05.496+0000] {subprocess.py:93} INFO - 26/06/17 13:18:05 ERROR DeltaFileFormatWriter: Aborting job 39e4b873-0836-4f14-98c0-5a6539c246e1.
[2026-06-17T13:18:05.497+0000] {subprocess.py:93} INFO - org.apache.spark.SparkException: Job 6 cancelled because SparkContext was shut down
[2026-06-17T13:18:05.499+0000] {subprocess.py:93} INFO - 	at org.apache.spark.scheduler.DAGScheduler.$anonfun$cleanUpAfterSchedulerStop$1(DAGScheduler.scala:1253)
[2026-06-17T13:18:05.500+0000] {subprocess.py:93} INFO - 	at org.apache.spark.scheduler.DAGScheduler.$anonfun$cleanUpAfterSchedulerStop$1$adapted(DAGScheduler.scala:1251)
[2026-06-17T13:18:05.501+0000] {subprocess.py:93} INFO - 	at scala.collection.mutable.HashSet.foreach(HashSet.scala:79)
[2026-06-17T13:18:05.502+0000] {subprocess.py:93} INFO - 	at org.apache.spark.scheduler.DAGScheduler.cleanUpAfterSchedulerStop(DAGScheduler.scala:1251)
[2026-06-17T13:18:05.503+0000] {subprocess.py:93} INFO - 	at org.apache.spark.scheduler.DAGSchedulerEventProcessLoop.onStop(DAGScheduler.scala:3087)
[2026-06-17T13:18:05.504+0000] {subprocess.py:93} INFO - 	at org.apache.spark.util.EventLoop.stop(EventLoop.scala:84)
[2026-06-17T13:18:05.505+0000] {subprocess.py:93} INFO - 	at org.apache.spark.scheduler.DAGScheduler.$anonfun$stop$3(DAGScheduler.scala:2973)
[2026-06-17T13:18:05.506+0000] {subprocess.py:93} INFO - 	at org.apache.spark.util.Utils$.tryLogNonFatalError(Utils.scala:1375)
[2026-06-17T13:18:05.507+0000] {subprocess.py:93} INFO - 	at org.apache.spark.scheduler.DAGScheduler.stop(DAGScheduler.scala:2973)
[2026-06-17T13:18:05.511+0000] {subprocess.py:93} INFO - 	at org.apache.spark.SparkContext.$anonfun$stop$12(SparkContext.scala:2263)
[2026-06-17T13:18:05.512+0000] {subprocess.py:93} INFO - 	at org.apache.spark.util.Utils$.tryLogNonFatalError(Utils.scala:1375)
[2026-06-17T13:18:05.513+0000] {subprocess.py:93} INFO - 	at org.apache.spark.SparkContext.stop(SparkContext.scala:2263)
[2026-06-17T13:18:05.514+0000] {subprocess.py:93} INFO - 	at org.apache.spark.SparkContext.stop(SparkContext.scala:2216)
[2026-06-17T13:18:05.516+0000] {subprocess.py:93} INFO - 	at org.apache.spark.SparkContext.$anonfun$new$34(SparkContext.scala:686)
[2026-06-17T13:18:05.517+0000] {subprocess.py:93} INFO - 	at org.apache.spark.util.SparkShutdownHook.run(ShutdownHookManager.scala:214)
[2026-06-17T13:18:05.518+0000] {subprocess.py:93} INFO - 	at org.apache.spark.util.SparkShutdownHookManager.$anonfun$runAll$2(ShutdownHookManager.scala:188)
[2026-06-17T13:18:05.520+0000] {subprocess.py:93} INFO - 	at scala.runtime.java8.JFunction0$mcV$sp.apply(JFunction0$mcV$sp.java:23)
[2026-06-17T13:18:05.521+0000] {subprocess.py:93} INFO - 	at org.apache.spark.util.Utils$.logUncaughtExceptions(Utils.scala:1928)
[2026-06-17T13:18:05.524+0000] {subprocess.py:93} INFO - 	at org.apache.spark.util.SparkShutdownHookManager.$anonfun$runAll$1(ShutdownHookManager.scala:188)
[2026-06-17T13:18:05.526+0000] {subprocess.py:93} INFO - 	at scala.runtime.java8.JFunction0$mcV$sp.apply(JFunction0$mcV$sp.java:23)
[2026-06-17T13:18:05.527+0000] {subprocess.py:93} INFO - 	at scala.util.Try$.apply(Try.scala:213)
[2026-06-17T13:18:05.528+0000] {subprocess.py:93} INFO - 	at org.apache.spark.util.SparkShutdownHookManager.runAll(ShutdownHookManager.scala:188)
[2026-06-17T13:18:05.529+0000] {subprocess.py:93} INFO - 	at org.apache.spark.util.SparkShutdownHookManager$$anon$2.run(ShutdownHookManager.scala:178)
[2026-06-17T13:18:05.531+0000] {subprocess.py:93} INFO - 	at java.base/java.util.concurrent.Executors$RunnableAdapter.call(Unknown Source)
[2026-06-17T13:18:05.532+0000] {subprocess.py:93} INFO - 	at java.base/java.util.concurrent.FutureTask.run(Unknown Source)
[2026-06-17T13:18:05.536+0000] {subprocess.py:93} INFO - 	at java.base/java.util.concurrent.ThreadPoolExecutor.runWorker(Unknown Source)
[2026-06-17T13:18:05.537+0000] {subprocess.py:93} INFO - 	at java.base/java.util.concurrent.ThreadPoolExecutor$Worker.run(Unknown Source)
[2026-06-17T13:18:05.539+0000] {subprocess.py:93} INFO - 	at java.base/java.lang.Thread.run(Unknown Source)
[2026-06-17T13:18:05.540+0000] {subprocess.py:93} INFO - 	at org.apache.spark.scheduler.DAGScheduler.runJob(DAGScheduler.scala:989)
[2026-06-17T13:18:05.541+0000] {subprocess.py:93} INFO - 	at org.apache.spark.SparkContext.runJob(SparkContext.scala:2398)
[2026-06-17T13:18:05.542+0000] {subprocess.py:93} INFO - 	at org.apache.spark.sql.delta.files.DeltaFileFormatWriter$.$anonfun$executeWrite$1(DeltaFileFormatWriter.scala:263)
[2026-06-17T13:18:05.543+0000] {subprocess.py:93} INFO - 	at org.apache.spark.sql.delta.files.DeltaFileFormatWriter$.writeAndCommit(DeltaFileFormatWriter.scala:295)
[2026-06-17T13:18:05.544+0000] {subprocess.py:93} INFO - 	at org.apache.spark.sql.delta.files.DeltaFileFormatWriter$.executeWrite(DeltaFileFormatWriter.scala:234)
[2026-06-17T13:18:05.545+0000] {subprocess.py:93} INFO - 	at org.apache.spark.sql.delta.files.DeltaFileFormatWriter$.write(DeltaFileFormatWriter.scala:214)
[2026-06-17T13:18:05.548+0000] {subprocess.py:93} INFO - 	at org.apache.spark.sql.delta.files.TransactionalWrite.$anonfun$writeFiles$1(TransactionalWrite.scala:440)
[2026-06-17T13:18:05.551+0000] {subprocess.py:93} INFO - 	at org.apache.spark.sql.execution.SQLExecution$.$anonfun$withNewExecutionId$6(SQLExecution.scala:125)
[2026-06-17T13:18:05.552+0000] {subprocess.py:93} INFO - 	at org.apache.spark.sql.execution.SQLExecution$.withSQLConfPropagated(SQLExecution.scala:201)
[2026-06-17T13:18:05.553+0000] {subprocess.py:93} INFO - 	at org.apache.spark.sql.execution.SQLExecution$.$anonfun$withNewExecutionId$1(SQLExecution.scala:108)
[2026-06-17T13:18:05.557+0000] {subprocess.py:93} INFO - 	at org.apache.spark.sql.SparkSession.withActive(SparkSession.scala:900)
[2026-06-17T13:18:05.561+0000] {subprocess.py:93} INFO - 	at org.apache.spark.sql.execution.SQLExecution$.withNewExecutionId(SQLExecution.scala:66)
[2026-06-17T13:18:05.563+0000] {subprocess.py:93} INFO - 	at org.apache.spark.sql.delta.files.TransactionalWrite.writeFiles(TransactionalWrite.scala:398)
[2026-06-17T13:18:05.564+0000] {subprocess.py:93} INFO - 	at org.apache.spark.sql.delta.files.TransactionalWrite.writeFiles$(TransactionalWrite.scala:371)
[2026-06-17T13:18:05.568+0000] {subprocess.py:93} INFO - 	at org.apache.spark.sql.delta.OptimisticTransaction.writeFiles(OptimisticTransaction.scala:147)
[2026-06-17T13:18:05.572+0000] {subprocess.py:93} INFO - 	at org.apache.spark.sql.delta.files.TransactionalWrite.writeFiles(TransactionalWrite.scala:246)
[2026-06-17T13:18:05.574+0000] {subprocess.py:93} INFO - 	at org.apache.spark.sql.delta.files.TransactionalWrite.writeFiles$(TransactionalWrite.scala:242)
[2026-06-17T13:18:05.575+0000] {subprocess.py:93} INFO - 	at org.apache.spark.sql.delta.OptimisticTransaction.writeFiles(OptimisticTransaction.scala:147)
[2026-06-17T13:18:05.576+0000] {subprocess.py:93} INFO - 	at org.apache.spark.sql.delta.files.TransactionalWrite.writeFiles(TransactionalWrite.scala:235)
[2026-06-17T13:18:05.578+0000] {subprocess.py:93} INFO - 	at org.apache.spark.sql.delta.files.TransactionalWrite.writeFiles$(TransactionalWrite.scala:232)
[2026-06-17T13:18:05.579+0000] {subprocess.py:93} INFO - 	at org.apache.spark.sql.delta.OptimisticTransaction.writeFiles(OptimisticTransaction.scala:147)
[2026-06-17T13:18:05.582+0000] {subprocess.py:93} INFO - 	at org.apache.spark.sql.delta.sources.DeltaSink.$anonfun$addBatchWithStatusImpl$4(DeltaSink.scala:139)
[2026-06-17T13:18:05.583+0000] {subprocess.py:93} INFO - 	at org.apache.spark.util.Utils$.timeTakenMs(Utils.scala:552)
[2026-06-17T13:18:05.584+0000] {subprocess.py:93} INFO - 	at org.apache.spark.sql.delta.sources.DeltaSink.addBatchWithStatusImpl(DeltaSink.scala:139)
[2026-06-17T13:18:05.586+0000] {subprocess.py:93} INFO - 	at org.apache.spark.sql.delta.sources.DeltaSink.addBatch(DeltaSink.scala:97)
[2026-06-17T13:18:05.587+0000] {subprocess.py:93} INFO - 	at org.apache.spark.sql.execution.streaming.MicroBatchExecution.$anonfun$runBatch$17(MicroBatchExecution.scala:732)
[2026-06-17T13:18:05.588+0000] {subprocess.py:93} INFO - 	at org.apache.spark.sql.execution.SQLExecution$.$anonfun$withNewExecutionId$6(SQLExecution.scala:125)
[2026-06-17T13:18:05.590+0000] {subprocess.py:93} INFO - 	at org.apache.spark.sql.execution.SQLExecution$.withSQLConfPropagated(SQLExecution.scala:201)
[2026-06-17T13:18:05.591+0000] {subprocess.py:93} INFO - 	at org.apache.spark.sql.execution.SQLExecution$.$anonfun$withNewExecutionId$1(SQLExecution.scala:108)
[2026-06-17T13:18:05.594+0000] {subprocess.py:93} INFO - 	at org.apache.spark.sql.SparkSession.withActive(SparkSession.scala:900)
[2026-06-17T13:18:05.600+0000] {subprocess.py:93} INFO - 	at org.apache.spark.sql.execution.SQLExecution$.withNewExecutionId(SQLExecution.scala:66)
[2026-06-17T13:18:05.603+0000] {subprocess.py:93} INFO - 	at org.apache.spark.sql.execution.streaming.MicroBatchExecution.$anonfun$runBatch$16(MicroBatchExecution.scala:729)
[2026-06-17T13:18:05.622+0000] {subprocess.py:93} INFO - 	at org.apache.spark.sql.execution.streaming.ProgressReporter.reportTimeTaken(ProgressReporter.scala:427)
[2026-06-17T13:18:05.623+0000] {subprocess.py:93} INFO - 	at org.apache.spark.sql.execution.streaming.ProgressReporter.reportTimeTaken$(ProgressReporter.scala:425)
[2026-06-17T13:18:05.624+0000] {subprocess.py:93} INFO - 	at org.apache.spark.sql.execution.streaming.StreamExecution.reportTimeTaken(StreamExecution.scala:67)
[2026-06-17T13:18:05.625+0000] {subprocess.py:93} INFO - 	at org.apache.spark.sql.execution.streaming.MicroBatchExecution.runBatch(MicroBatchExecution.scala:729)
[2026-06-17T13:18:05.627+0000] {subprocess.py:93} INFO - 	at org.apache.spark.sql.execution.streaming.MicroBatchExecution.$anonfun$runActivatedStream$2(MicroBatchExecution.scala:286)
[2026-06-17T13:18:05.629+0000] {subprocess.py:93} INFO - 	at scala.runtime.java8.JFunction0$mcV$sp.apply(JFunction0$mcV$sp.java:23)
[2026-06-17T13:18:05.631+0000] {subprocess.py:93} INFO - 	at org.apache.spark.sql.execution.streaming.ProgressReporter.reportTimeTaken(ProgressReporter.scala:427)
[2026-06-17T13:18:05.632+0000] {subprocess.py:93} INFO - 	at org.apache.spark.sql.execution.streaming.ProgressReporter.reportTimeTaken$(ProgressReporter.scala:425)
[2026-06-17T13:18:05.633+0000] {subprocess.py:93} INFO - 	at org.apache.spark.sql.execution.streaming.StreamExecution.reportTimeTaken(StreamExecution.scala:67)
[2026-06-17T13:18:05.636+0000] {subprocess.py:93} INFO - 	at org.apache.spark.sql.execution.streaming.MicroBatchExecution.$anonfun$runActivatedStream$1(MicroBatchExecution.scala:249)
[2026-06-17T13:18:05.637+0000] {subprocess.py:93} INFO - 	at org.apache.spark.sql.execution.streaming.ProcessingTimeExecutor.execute(TriggerExecutor.scala:67)
[2026-06-17T13:18:05.638+0000] {subprocess.py:93} INFO - 	at org.apache.spark.sql.execution.streaming.MicroBatchExecution.runActivatedStream(MicroBatchExecution.scala:239)
[2026-06-17T13:18:05.641+0000] {subprocess.py:93} INFO - 	at org.apache.spark.sql.execution.streaming.StreamExecution.$anonfun$runStream$1(StreamExecution.scala:311)
[2026-06-17T13:18:05.644+0000] {subprocess.py:93} INFO - 	at scala.runtime.java8.JFunction0$mcV$sp.apply(JFunction0$mcV$sp.java:23)
[2026-06-17T13:18:05.646+0000] {subprocess.py:93} INFO - 	at org.apache.spark.sql.SparkSession.withActive(SparkSession.scala:900)
[2026-06-17T13:18:05.647+0000] {subprocess.py:93} INFO - 	at org.apache.spark.sql.execution.streaming.StreamExecution.org$apache$spark$sql$execution$streaming$StreamExecution$$runStream(StreamExecution.scala:289)
[2026-06-17T13:18:05.649+0000] {subprocess.py:93} INFO - 	at org.apache.spark.sql.execution.streaming.StreamExecution$$anon$1.$anonfun$run$1(StreamExecution.scala:211)
[2026-06-17T13:18:05.652+0000] {subprocess.py:93} INFO - 	at scala.runtime.java8.JFunction0$mcV$sp.apply(JFunction0$mcV$sp.java:23)
[2026-06-17T13:18:05.654+0000] {subprocess.py:93} INFO - 	at org.apache.spark.JobArtifactSet$.withActiveJobArtifactState(JobArtifactSet.scala:94)
[2026-06-17T13:18:05.656+0000] {subprocess.py:93} INFO - 	at org.apache.spark.sql.execution.streaming.StreamExecution$$anon$1.run(StreamExecution.scala:211)
[2026-06-17T13:18:05.659+0000] {subprocess.py:93} INFO - 26/06/17 13:18:05 ERROR TransportRequestHandler: Error while invoking RpcHandler#receive() for one-way message.
[2026-06-17T13:18:05.661+0000] {subprocess.py:93} INFO - org.apache.spark.SparkException: Could not find CoarseGrainedScheduler.
[2026-06-17T13:18:05.663+0000] {subprocess.py:93} INFO - 	at org.apache.spark.rpc.netty.Dispatcher.postMessage(Dispatcher.scala:178)
[2026-06-17T13:18:05.664+0000] {subprocess.py:93} INFO - 	at org.apache.spark.rpc.netty.Dispatcher.postOneWayMessage(Dispatcher.scala:150)
[2026-06-17T13:18:05.666+0000] {subprocess.py:93} INFO - 	at org.apache.spark.rpc.netty.NettyRpcHandler.receive(NettyRpcEnv.scala:690)
[2026-06-17T13:18:05.668+0000] {subprocess.py:93} INFO - 	at org.apache.spark.network.server.TransportRequestHandler.processOneWayMessage(TransportRequestHandler.java:274)
[2026-06-17T13:18:05.670+0000] {subprocess.py:93} INFO - 	at org.apache.spark.network.server.TransportRequestHandler.handle(TransportRequestHandler.java:111)
[2026-06-17T13:18:05.674+0000] {subprocess.py:93} INFO - 	at org.apache.spark.network.server.TransportChannelHandler.channelRead0(TransportChannelHandler.java:140)
[2026-06-17T13:18:05.675+0000] {subprocess.py:93} INFO - 	at org.apache.spark.network.server.TransportChannelHandler.channelRead0(TransportChannelHandler.java:53)
[2026-06-17T13:18:05.677+0000] {subprocess.py:93} INFO - 	at io.netty.channel.SimpleChannelInboundHandler.channelRead(SimpleChannelInboundHandler.java:99)
[2026-06-17T13:18:05.679+0000] {subprocess.py:93} INFO - 	at io.netty.channel.AbstractChannelHandlerContext.invokeChannelRead(AbstractChannelHandlerContext.java:444)
[2026-06-17T13:18:05.681+0000] {subprocess.py:93} INFO - 	at io.netty.channel.AbstractChannelHandlerContext.invokeChannelRead(AbstractChannelHandlerContext.java:420)
[2026-06-17T13:18:05.684+0000] {subprocess.py:93} INFO - 	at io.netty.channel.AbstractChannelHandlerContext.fireChannelRead(AbstractChannelHandlerContext.java:412)
[2026-06-17T13:18:05.686+0000] {subprocess.py:93} INFO - 	at io.netty.handler.timeout.IdleStateHandler.channelRead(IdleStateHandler.java:286)
[2026-06-17T13:18:05.689+0000] {subprocess.py:93} INFO - 	at io.netty.channel.AbstractChannelHandlerContext.invokeChannelRead(AbstractChannelHandlerContext.java:442)
[2026-06-17T13:18:05.691+0000] {subprocess.py:93} INFO - 	at io.netty.channel.AbstractChannelHandlerContext.invokeChannelRead(AbstractChannelHandlerContext.java:420)
[2026-06-17T13:18:05.694+0000] {subprocess.py:93} INFO - 	at io.netty.channel.AbstractChannelHandlerContext.fireChannelRead(AbstractChannelHandlerContext.java:412)
[2026-06-17T13:18:05.696+0000] {subprocess.py:93} INFO - 	at io.netty.handler.codec.MessageToMessageDecoder.channelRead(MessageToMessageDecoder.java:103)
[2026-06-17T13:18:05.697+0000] {subprocess.py:93} INFO - 	at io.netty.channel.AbstractChannelHandlerContext.invokeChannelRead(AbstractChannelHandlerContext.java:444)
[2026-06-17T13:18:05.700+0000] {subprocess.py:93} INFO - 	at io.netty.channel.AbstractChannelHandlerContext.invokeChannelRead(AbstractChannelHandlerContext.java:420)
[2026-06-17T13:18:05.704+0000] {subprocess.py:93} INFO - 	at io.netty.channel.AbstractChannelHandlerContext.fireChannelRead(AbstractChannelHandlerContext.java:412)
[2026-06-17T13:18:05.705+0000] {subprocess.py:93} INFO - 	at org.apache.spark.network.util.TransportFrameDecoder.channelRead(TransportFrameDecoder.java:102)
[2026-06-17T13:18:05.707+0000] {subprocess.py:93} INFO - 	at io.netty.channel.AbstractChannelHandlerContext.invokeChannelRead(AbstractChannelHandlerContext.java:444)
[2026-06-17T13:18:05.710+0000] {subprocess.py:93} INFO - 	at io.netty.channel.AbstractChannelHandlerContext.invokeChannelRead(AbstractChannelHandlerContext.java:420)
[2026-06-17T13:18:05.715+0000] {subprocess.py:93} INFO - 	at io.netty.channel.AbstractChannelHandlerContext.fireChannelRead(AbstractChannelHandlerContext.java:412)
[2026-06-17T13:18:05.719+0000] {subprocess.py:93} INFO - 	at io.netty.channel.DefaultChannelPipeline$HeadContext.channelRead(DefaultChannelPipeline.java:1410)
[2026-06-17T13:18:05.721+0000] {subprocess.py:93} INFO - 	at io.netty.channel.AbstractChannelHandlerContext.invokeChannelRead(AbstractChannelHandlerContext.java:440)
[2026-06-17T13:18:05.723+0000] {subprocess.py:93} INFO - 	at io.netty.channel.AbstractChannelHandlerContext.invokeChannelRead(AbstractChannelHandlerContext.java:420)
[2026-06-17T13:18:05.726+0000] {subprocess.py:93} INFO - 	at io.netty.channel.DefaultChannelPipeline.fireChannelRead(DefaultChannelPipeline.java:919)
[2026-06-17T13:18:05.728+0000] {subprocess.py:93} INFO - 	at io.netty.channel.nio.AbstractNioByteChannel$NioByteUnsafe.read(AbstractNioByteChannel.java:166)
[2026-06-17T13:18:05.736+0000] {subprocess.py:93} INFO - 	at io.netty.channel.nio.NioEventLoop.processSelectedKey(NioEventLoop.java:788)
[2026-06-17T13:18:05.738+0000] {subprocess.py:93} INFO - 	at io.netty.channel.nio.NioEventLoop.processSelectedKeysOptimized(NioEventLoop.java:724)
[2026-06-17T13:18:05.740+0000] {subprocess.py:93} INFO - 	at io.netty.channel.nio.NioEventLoop.processSelectedKeys(NioEventLoop.java:650)
[2026-06-17T13:18:05.742+0000] {subprocess.py:93} INFO - 	at io.netty.channel.nio.NioEventLoop.run(NioEventLoop.java:562)
[2026-06-17T13:18:05.746+0000] {subprocess.py:93} INFO - 	at io.netty.util.concurrent.SingleThreadEventExecutor$4.run(SingleThreadEventExecutor.java:997)
[2026-06-17T13:18:05.752+0000] {subprocess.py:93} INFO - 	at io.netty.util.internal.ThreadExecutorMap$2.run(ThreadExecutorMap.java:74)
[2026-06-17T13:18:05.755+0000] {subprocess.py:93} INFO - 	at io.netty.util.concurrent.FastThreadLocalRunnable.run(FastThreadLocalRunnable.java:30)
[2026-06-17T13:18:05.759+0000] {subprocess.py:93} INFO - 	at java.base/java.lang.Thread.run(Unknown Source)
[2026-06-17T13:18:07.094+0000] {subprocess.py:97} INFO - Command exited with return code 124
[2026-06-17T13:18:07.097+0000] {taskinstance.py:441} INFO - ::group::Post task execution logs
[2026-06-17T13:18:07.158+0000] {taskinstance.py:2890} ERROR - Task failed with exception
Traceback (most recent call last):
  File "/home/airflow/.local/lib/python3.12/site-packages/airflow/models/taskinstance.py", line 465, in _execute_task
    result = _execute_callable(context=context, **execute_callable_kwargs)
             ^^^^^^^^^^^^^^^^^^^^^^^^^^^^^^^^^^^^^^^^^^^^^^^^^^^^^^^^^^^^^
  File "/home/airflow/.local/lib/python3.12/site-packages/airflow/models/taskinstance.py", line 432, in _execute_callable
    return execute_callable(context=context, **execute_callable_kwargs)
           ^^^^^^^^^^^^^^^^^^^^^^^^^^^^^^^^^^^^^^^^^^^^^^^^^^^^^^^^^^^^
  File "/home/airflow/.local/lib/python3.12/site-packages/airflow/models/baseoperator.py", line 400, in wrapper
    return func(self, *args, **kwargs)
           ^^^^^^^^^^^^^^^^^^^^^^^^^^^
  File "/home/airflow/.local/lib/python3.12/site-packages/airflow/operators/bash.py", line 243, in execute
    raise AirflowException(
airflow.exceptions.AirflowException: Bash command failed. The command returned a non-zero exit code 124.
[2026-06-17T13:18:07.177+0000] {taskinstance.py:1205} INFO - Marking task as UP_FOR_RETRY. dag_id=e-commerce_kafka_streaming_pipeline_v10, task_id=run_bronze, execution_date=20260617T120000, start_date=20260617T131604, end_date=20260617T131807
[2026-06-17T13:18:07.235+0000] {standard_task_runner.py:110} ERROR - Failed to execute job 67 for task run_bronze (Bash command failed. The command returned a non-zero exit code 124.; 4448)
[2026-06-17T13:18:07.268+0000] {local_task_job_runner.py:240} INFO - Task exited with return code 1
[2026-06-17T13:18:07.367+0000] {taskinstance.py:3482} INFO - 0 downstream tasks scheduled from follow-on schedule check
[2026-06-17T13:18:07.380+0000] {local_task_job_runner.py:222} INFO - ::endgroup::
