[2026-07-20T13:01:59.402+0000] {local_task_job_runner.py:120} INFO - ::group::Pre task execution logs
[2026-07-20T13:01:59.439+0000] {taskinstance.py:2073} INFO - Dependencies all met for dep_context=non-requeueable deps ti=<TaskInstance: e-commerce_kafka_streaming_pipeline_v1.run_silver scheduled__2026-07-20T12:00:00+00:00 [queued]>
[2026-07-20T13:01:59.450+0000] {taskinstance.py:2073} INFO - Dependencies all met for dep_context=requeueable deps ti=<TaskInstance: e-commerce_kafka_streaming_pipeline_v1.run_silver scheduled__2026-07-20T12:00:00+00:00 [queued]>
[2026-07-20T13:01:59.451+0000] {taskinstance.py:2303} INFO - Starting attempt 1 of 2
[2026-07-20T13:01:59.472+0000] {taskinstance.py:2327} INFO - Executing <Task(BashOperator): run_silver> on 2026-07-20 12:00:00+00:00
[2026-07-20T13:01:59.484+0000] {standard_task_runner.py:90} INFO - Running: ['***', 'tasks', 'run', 'e-commerce_kafka_streaming_pipeline_v1', 'run_silver', 'scheduled__2026-07-20T12:00:00+00:00', '--job-id', '227', '--raw', '--subdir', 'DAGS_FOLDER/sdp_pipeline_dag.py', '--cfg-path', '/tmp/tmpty9bam3t']
[2026-07-20T13:01:59.489+0000] {standard_task_runner.py:91} INFO - Job 227: Subtask run_silver
[2026-07-20T13:01:59.493+0000] {logging_mixin.py:188} WARNING - /home/***/.local/lib/python3.12/site-packages/***/task/task_runner/standard_task_runner.py:61 DeprecationWarning: This process (pid=9626) is multi-threaded, use of fork() may lead to deadlocks in the child.
[2026-07-20T13:01:59.495+0000] {standard_task_runner.py:63} INFO - Started process 9627 to run task
[2026-07-20T13:01:59.573+0000] {task_command.py:426} INFO - Running <TaskInstance: e-commerce_kafka_streaming_pipeline_v1.run_silver scheduled__2026-07-20T12:00:00+00:00 [running]> on host da27550080bf
[2026-07-20T13:01:59.685+0000] {taskinstance.py:2644} INFO - Exporting env vars: AIRFLOW_CTX_DAG_OWNER='dev' AIRFLOW_CTX_DAG_ID='e-commerce_kafka_streaming_pipeline_v1' AIRFLOW_CTX_TASK_ID='run_silver' AIRFLOW_CTX_EXECUTION_DATE='2026-07-20T12:00:00+00:00' AIRFLOW_CTX_TRY_NUMBER='1' AIRFLOW_CTX_DAG_RUN_ID='scheduled__2026-07-20T12:00:00+00:00'
[2026-07-20T13:01:59.686+0000] {taskinstance.py:430} INFO - ::endgroup::
[2026-07-20T13:01:59.701+0000] {subprocess.py:63} INFO - Tmp dir root location: /tmp
[2026-07-20T13:01:59.704+0000] {subprocess.py:75} INFO - Running command: ['/usr/bin/bash', '-c', 'timeout 150s docker run --rm --network streaming_kafka_project_sdp-net --volume /d/Streaming_kafka_project/pipelines:/opt/pipelines --volume /d/Streaming_kafka_project/data:/opt/data --volume /d/Streaming_kafka_project/checkpoints:/opt/checkpoints --volume /d/Streaming_kafka_project/jars:/opt/jars apache/spark:3.5.1 /opt/spark/bin/spark-submit --master spark://sdp-spark-master:7077 --executor-cores 1 --executor-memory 512m --total-executor-cores 3 --jars /opt/jars/delta-spark_2.12-3.2.0.jar,/opt/jars/delta-storage-3.2.0.jar,/opt/jars/spark-sql-kafka-0-10_2.12-3.5.1.jar,/opt/jars/kafka-clients-3.4.1.jar,/opt/jars/spark-token-provider-kafka-0-10_2.12-3.5.1.jar,/opt/jars/commons-pool2-2.11.1.jar --conf spark.sql.extensions=io.delta.sql.DeltaSparkSessionExtension --conf spark.sql.catalog.spark_catalog=org.apache.spark.sql.delta.catalog.DeltaCatalog  /opt/pipelines/silver_runner.py']
[2026-07-20T13:01:59.713+0000] {subprocess.py:86} INFO - Output:
[2026-07-20T13:02:01.791+0000] {subprocess.py:93} INFO - 26/07/20 13:02:01 WARN NativeCodeLoader: Unable to load native-hadoop library for your platform... using builtin-java classes where applicable
[2026-07-20T13:02:02.714+0000] {subprocess.py:93} INFO - 26/07/20 13:02:02 INFO SparkContext: Running Spark version 3.5.1
[2026-07-20T13:02:02.715+0000] {subprocess.py:93} INFO - 26/07/20 13:02:02 INFO SparkContext: OS info Linux, 6.18.33.2-microsoft-standard-WSL2, amd64
[2026-07-20T13:02:02.717+0000] {subprocess.py:93} INFO - 26/07/20 13:02:02 INFO SparkContext: Java version 11.0.22
[2026-07-20T13:02:02.757+0000] {subprocess.py:93} INFO - 26/07/20 13:02:02 INFO ResourceUtils: ==============================================================
[2026-07-20T13:02:02.759+0000] {subprocess.py:93} INFO - 26/07/20 13:02:02 INFO ResourceUtils: No custom resources configured for spark.driver.
[2026-07-20T13:02:02.760+0000] {subprocess.py:93} INFO - 26/07/20 13:02:02 INFO ResourceUtils: ==============================================================
[2026-07-20T13:02:02.761+0000] {subprocess.py:93} INFO - 26/07/20 13:02:02 INFO SparkContext: Submitted application: SDP-Silver
[2026-07-20T13:02:02.785+0000] {subprocess.py:93} INFO - 26/07/20 13:02:02 INFO ResourceProfile: Default ResourceProfile created, executor resources: Map(cores -> name: cores, amount: 1, script: , vendor: , memory -> name: memory, amount: 512, script: , vendor: , offHeap -> name: offHeap, amount: 0, script: , vendor: ), task resources: Map(cpus -> name: cpus, amount: 1.0)
[2026-07-20T13:02:02.797+0000] {subprocess.py:93} INFO - 26/07/20 13:02:02 INFO ResourceProfile: Limiting resource is cpus at 1 tasks per executor
[2026-07-20T13:02:02.799+0000] {subprocess.py:93} INFO - 26/07/20 13:02:02 INFO ResourceProfileManager: Added ResourceProfile id: 0
[2026-07-20T13:02:02.852+0000] {subprocess.py:93} INFO - 26/07/20 13:02:02 INFO SecurityManager: Changing view acls to: spark
[2026-07-20T13:02:02.853+0000] {subprocess.py:93} INFO - 26/07/20 13:02:02 INFO SecurityManager: Changing modify acls to: spark
[2026-07-20T13:02:02.854+0000] {subprocess.py:93} INFO - 26/07/20 13:02:02 INFO SecurityManager: Changing view acls groups to:
[2026-07-20T13:02:02.855+0000] {subprocess.py:93} INFO - 26/07/20 13:02:02 INFO SecurityManager: Changing modify acls groups to:
[2026-07-20T13:02:02.856+0000] {subprocess.py:93} INFO - 26/07/20 13:02:02 INFO SecurityManager: SecurityManager: authentication disabled; ui acls disabled; users with view permissions: spark; groups with view permissions: EMPTY; users with modify permissions: spark; groups with modify permissions: EMPTY
[2026-07-20T13:02:03.102+0000] {subprocess.py:93} INFO - 26/07/20 13:02:03 INFO Utils: Successfully started service 'sparkDriver' on port 45059.
[2026-07-20T13:02:03.135+0000] {subprocess.py:93} INFO - 26/07/20 13:02:03 INFO SparkEnv: Registering MapOutputTracker
[2026-07-20T13:02:03.185+0000] {subprocess.py:93} INFO - 26/07/20 13:02:03 INFO SparkEnv: Registering BlockManagerMaster
[2026-07-20T13:02:03.203+0000] {subprocess.py:93} INFO - 26/07/20 13:02:03 INFO BlockManagerMasterEndpoint: Using org.apache.spark.storage.DefaultTopologyMapper for getting topology information
[2026-07-20T13:02:03.204+0000] {subprocess.py:93} INFO - 26/07/20 13:02:03 INFO BlockManagerMasterEndpoint: BlockManagerMasterEndpoint up
[2026-07-20T13:02:03.208+0000] {subprocess.py:93} INFO - 26/07/20 13:02:03 INFO SparkEnv: Registering BlockManagerMasterHeartbeat
[2026-07-20T13:02:03.229+0000] {subprocess.py:93} INFO - 26/07/20 13:02:03 INFO DiskBlockManager: Created local directory at /tmp/blockmgr-4b4741eb-d476-43ad-bb84-fa9b3672fccc
[2026-07-20T13:02:03.241+0000] {subprocess.py:93} INFO - 26/07/20 13:02:03 INFO MemoryStore: MemoryStore started with capacity 434.4 MiB
[2026-07-20T13:02:03.254+0000] {subprocess.py:93} INFO - 26/07/20 13:02:03 INFO SparkEnv: Registering OutputCommitCoordinator
[2026-07-20T13:02:03.366+0000] {subprocess.py:93} INFO - 26/07/20 13:02:03 INFO JettyUtils: Start Jetty 0.0.0.0:4040 for SparkUI
[2026-07-20T13:02:03.415+0000] {subprocess.py:93} INFO - 26/07/20 13:02:03 INFO Utils: Successfully started service 'SparkUI' on port 4040.
[2026-07-20T13:02:03.447+0000] {subprocess.py:93} INFO - 26/07/20 13:02:03 INFO SparkContext: Added JAR file:///opt/jars/delta-spark_2.12-3.2.0.jar at spark://97952414347c:45059/jars/delta-spark_2.12-3.2.0.jar with timestamp 1784552522703
[2026-07-20T13:02:03.448+0000] {subprocess.py:93} INFO - 26/07/20 13:02:03 INFO SparkContext: Added JAR file:///opt/jars/delta-storage-3.2.0.jar at spark://97952414347c:45059/jars/delta-storage-3.2.0.jar with timestamp 1784552522703
[2026-07-20T13:02:03.449+0000] {subprocess.py:93} INFO - 26/07/20 13:02:03 INFO SparkContext: Added JAR file:///opt/jars/spark-sql-kafka-0-10_2.12-3.5.1.jar at spark://97952414347c:45059/jars/spark-sql-kafka-0-10_2.12-3.5.1.jar with timestamp 1784552522703
[2026-07-20T13:02:03.450+0000] {subprocess.py:93} INFO - 26/07/20 13:02:03 INFO SparkContext: Added JAR file:///opt/jars/kafka-clients-3.4.1.jar at spark://97952414347c:45059/jars/kafka-clients-3.4.1.jar with timestamp 1784552522703
[2026-07-20T13:02:03.450+0000] {subprocess.py:93} INFO - 26/07/20 13:02:03 INFO SparkContext: Added JAR file:///opt/jars/spark-token-provider-kafka-0-10_2.12-3.5.1.jar at spark://97952414347c:45059/jars/spark-token-provider-kafka-0-10_2.12-3.5.1.jar with timestamp 1784552522703
[2026-07-20T13:02:03.451+0000] {subprocess.py:93} INFO - 26/07/20 13:02:03 INFO SparkContext: Added JAR file:///opt/jars/commons-pool2-2.11.1.jar at spark://97952414347c:45059/jars/commons-pool2-2.11.1.jar with timestamp 1784552522703
[2026-07-20T13:02:03.516+0000] {subprocess.py:93} INFO - 26/07/20 13:02:03 INFO StandaloneAppClient$ClientEndpoint: Connecting to master spark://sdp-spark-master:7077...
[2026-07-20T13:02:03.554+0000] {subprocess.py:93} INFO - 26/07/20 13:02:03 INFO TransportClientFactory: Successfully created connection to sdp-spark-master/172.18.0.4:7077 after 20 ms (0 ms spent in bootstraps)
[2026-07-20T13:02:03.621+0000] {subprocess.py:93} INFO - 26/07/20 13:02:03 INFO StandaloneSchedulerBackend: Connected to Spark cluster with app ID app-20260720130203-0106
[2026-07-20T13:02:03.623+0000] {subprocess.py:93} INFO - 26/07/20 13:02:03 INFO StandaloneAppClient$ClientEndpoint: Executor added: app-20260720130203-0106/0 on worker-20260716063602-172.18.0.5-44367 (172.18.0.5:44367) with 1 core(s)
[2026-07-20T13:02:03.627+0000] {subprocess.py:93} INFO - 26/07/20 13:02:03 INFO StandaloneSchedulerBackend: Granted executor ID app-20260720130203-0106/0 on hostPort 172.18.0.5:44367 with 1 core(s), 512.0 MiB RAM
[2026-07-20T13:02:03.628+0000] {subprocess.py:93} INFO - 26/07/20 13:02:03 INFO StandaloneAppClient$ClientEndpoint: Executor added: app-20260720130203-0106/1 on worker-20260716063602-172.18.0.5-44367 (172.18.0.5:44367) with 1 core(s)
[2026-07-20T13:02:03.629+0000] {subprocess.py:93} INFO - 26/07/20 13:02:03 INFO StandaloneSchedulerBackend: Granted executor ID app-20260720130203-0106/1 on hostPort 172.18.0.5:44367 with 1 core(s), 512.0 MiB RAM
[2026-07-20T13:02:03.630+0000] {subprocess.py:93} INFO - 26/07/20 13:02:03 INFO StandaloneAppClient$ClientEndpoint: Executor added: app-20260720130203-0106/2 on worker-20260716063602-172.18.0.6-33249 (172.18.0.6:33249) with 1 core(s)
[2026-07-20T13:02:03.631+0000] {subprocess.py:93} INFO - 26/07/20 13:02:03 INFO StandaloneSchedulerBackend: Granted executor ID app-20260720130203-0106/2 on hostPort 172.18.0.6:33249 with 1 core(s), 512.0 MiB RAM
[2026-07-20T13:02:03.635+0000] {subprocess.py:93} INFO - 26/07/20 13:02:03 INFO Utils: Successfully started service 'org.apache.spark.network.netty.NettyBlockTransferService' on port 38307.
[2026-07-20T13:02:03.637+0000] {subprocess.py:93} INFO - 26/07/20 13:02:03 INFO NettyBlockTransferService: Server created on 97952414347c:38307
[2026-07-20T13:02:03.641+0000] {subprocess.py:93} INFO - 26/07/20 13:02:03 INFO BlockManager: Using org.apache.spark.storage.RandomBlockReplicationPolicy for block replication policy
[2026-07-20T13:02:03.647+0000] {subprocess.py:93} INFO - 26/07/20 13:02:03 INFO BlockManagerMaster: Registering BlockManager BlockManagerId(driver, 97952414347c, 38307, None)
[2026-07-20T13:02:03.651+0000] {subprocess.py:93} INFO - 26/07/20 13:02:03 INFO BlockManagerMasterEndpoint: Registering block manager 97952414347c:38307 with 434.4 MiB RAM, BlockManagerId(driver, 97952414347c, 38307, None)
[2026-07-20T13:02:03.668+0000] {subprocess.py:93} INFO - 26/07/20 13:02:03 INFO StandaloneAppClient$ClientEndpoint: Executor updated: app-20260720130203-0106/1 is now RUNNING
[2026-07-20T13:02:03.672+0000] {subprocess.py:93} INFO - 26/07/20 13:02:03 INFO StandaloneAppClient$ClientEndpoint: Executor updated: app-20260720130203-0106/0 is now RUNNING
[2026-07-20T13:02:03.677+0000] {subprocess.py:93} INFO - 26/07/20 13:02:03 INFO BlockManagerMaster: Registered BlockManager BlockManagerId(driver, 97952414347c, 38307, None)
[2026-07-20T13:02:03.681+0000] {subprocess.py:93} INFO - 26/07/20 13:02:03 INFO BlockManager: Initialized BlockManager: BlockManagerId(driver, 97952414347c, 38307, None)
[2026-07-20T13:02:03.687+0000] {subprocess.py:93} INFO - 26/07/20 13:02:03 INFO StandaloneAppClient$ClientEndpoint: Executor updated: app-20260720130203-0106/2 is now RUNNING
[2026-07-20T13:02:03.989+0000] {subprocess.py:93} INFO - 26/07/20 13:02:03 INFO StandaloneSchedulerBackend: SchedulerBackend is ready for scheduling beginning after reached minRegisteredResourcesRatio: 0.0
[2026-07-20T13:02:04.421+0000] {subprocess.py:93} INFO - Starting silver stream: orders --->>  /opt/data/silver/orders
[2026-07-20T13:02:19.102+0000] {subprocess.py:93} INFO - 26/07/20 13:02:19 WARN ResolveWriteToStream: spark.sql.adaptive.enabled is not supported in streaming DataFrames/Datasets and will be disabled.
[2026-07-20T13:02:19.275+0000] {subprocess.py:93} INFO - Silver stream started: /opt/data/bronze/orders --->> /opt/data/silver/orders
[2026-07-20T13:02:19.287+0000] {subprocess.py:93} INFO - Starting silver stream: customers --->>  /opt/data/silver/customers
[2026-07-20T13:02:23.527+0000] {subprocess.py:93} INFO - 26/07/20 13:02:23 WARN ResolveWriteToStream: spark.sql.adaptive.enabled is not supported in streaming DataFrames/Datasets and will be disabled.
[2026-07-20T13:02:23.615+0000] {subprocess.py:93} INFO - Silver stream started: /opt/data/bronze/customers --->> /opt/data/silver/customers
[2026-07-20T13:02:23.629+0000] {subprocess.py:93} INFO - Starting silver stream: products --->>  /opt/data/silver/products
[2026-07-20T13:02:27.369+0000] {subprocess.py:93} INFO - 26/07/20 13:02:27 WARN ResolveWriteToStream: spark.sql.adaptive.enabled is not supported in streaming DataFrames/Datasets and will be disabled.
[2026-07-20T13:02:27.577+0000] {subprocess.py:93} INFO - Silver stream started: /opt/data/bronze/products --->> /opt/data/silver/products
[2026-07-20T13:02:30.152+0000] {subprocess.py:93} INFO - 26/07/20 13:02:30 WARN SparkStringUtils: Truncated the string representation of a plan since it was too large. This behavior can be adjusted by setting 'spark.sql.debug.maxToStringFields'.
[2026-07-20T13:04:01.106+0000] {subprocess.py:97} INFO - Command exited with return code 0
[2026-07-20T13:04:01.109+0000] {taskinstance.py:441} INFO - ::group::Post task execution logs
[2026-07-20T13:04:01.153+0000] {taskinstance.py:1205} INFO - Marking task as SUCCESS. dag_id=e-commerce_kafka_streaming_pipeline_v1, task_id=run_silver, execution_date=20260720T120000, start_date=20260720T130159, end_date=20260720T130401
[2026-07-20T13:04:01.219+0000] {local_task_job_runner.py:240} INFO - Task exited with return code 0
[2026-07-20T13:04:01.248+0000] {taskinstance.py:3482} INFO - 1 downstream tasks scheduled from follow-on schedule check
[2026-07-20T13:04:01.253+0000] {local_task_job_runner.py:222} INFO - ::endgroup::
