[2026-07-22T06:42:33.839+0000] {local_task_job_runner.py:120} INFO - ::group::Pre task execution logs
[2026-07-22T06:42:33.965+0000] {taskinstance.py:2073} INFO - Dependencies all met for dep_context=non-requeueable deps ti=<TaskInstance: e-commerce_kafka_streaming_pipeline_v1.produce_messages manual__2026-07-22T06:42:32.393350+00:00 [queued]>
[2026-07-22T06:42:33.979+0000] {taskinstance.py:2073} INFO - Dependencies all met for dep_context=requeueable deps ti=<TaskInstance: e-commerce_kafka_streaming_pipeline_v1.produce_messages manual__2026-07-22T06:42:32.393350+00:00 [queued]>
[2026-07-22T06:42:33.980+0000] {taskinstance.py:2303} INFO - Starting attempt 1 of 2
[2026-07-22T06:42:34.003+0000] {taskinstance.py:2327} INFO - Executing <Task(BashOperator): produce_messages> on 2026-07-22 06:42:32.393350+00:00
[2026-07-22T06:42:34.011+0000] {standard_task_runner.py:90} INFO - Running: ['***', 'tasks', 'run', 'e-commerce_kafka_streaming_pipeline_v1', 'produce_messages', 'manual__2026-07-22T06:42:32.393350+00:00', '--job-id', '339', '--raw', '--subdir', 'DAGS_FOLDER/sdp_pipeline_dag.py', '--cfg-path', '/tmp/tmpa_f91p06']
[2026-07-22T06:42:34.014+0000] {standard_task_runner.py:91} INFO - Job 339: Subtask produce_messages
[2026-07-22T06:42:34.025+0000] {logging_mixin.py:188} WARNING - /home/***/.local/lib/python3.12/site-packages/***/task/task_runner/standard_task_runner.py:61 DeprecationWarning: This process (pid=17965) is multi-threaded, use of fork() may lead to deadlocks in the child.
[2026-07-22T06:42:34.027+0000] {standard_task_runner.py:63} INFO - Started process 17966 to run task
[2026-07-22T06:42:34.081+0000] {task_command.py:426} INFO - Running <TaskInstance: e-commerce_kafka_streaming_pipeline_v1.produce_messages manual__2026-07-22T06:42:32.393350+00:00 [running]> on host da27550080bf
[2026-07-22T06:42:34.228+0000] {taskinstance.py:2644} INFO - Exporting env vars: AIRFLOW_CTX_DAG_OWNER='dev' AIRFLOW_CTX_DAG_ID='e-commerce_kafka_streaming_pipeline_v1' AIRFLOW_CTX_TASK_ID='produce_messages' AIRFLOW_CTX_EXECUTION_DATE='2026-07-22T06:42:32.393350+00:00' AIRFLOW_CTX_TRY_NUMBER='1' AIRFLOW_CTX_DAG_RUN_ID='manual__2026-07-22T06:42:32.393350+00:00'
[2026-07-22T06:42:34.230+0000] {taskinstance.py:430} INFO - ::endgroup::
[2026-07-22T06:42:34.276+0000] {subprocess.py:63} INFO - Tmp dir root location: /tmp
[2026-07-22T06:42:34.278+0000] {subprocess.py:75} INFO - Running command: ['/usr/bin/bash', '-c', 'python3 /opt/pipelines/api_to_kafka.py']
[2026-07-22T06:42:34.294+0000] {subprocess.py:86} INFO - Output:
[2026-07-22T06:42:38.018+0000] {subprocess.py:93} INFO - Published 7 records to topic 'orders'
[2026-07-22T06:42:38.021+0000] {subprocess.py:93} INFO - Published 10 records to topic 'customers'
[2026-07-22T06:42:38.022+0000] {subprocess.py:93} INFO - Published 20 records to topic 'products'
[2026-07-22T06:42:38.085+0000] {subprocess.py:97} INFO - Command exited with return code 0
[2026-07-22T06:42:38.087+0000] {taskinstance.py:441} INFO - ::group::Post task execution logs
[2026-07-22T06:42:38.115+0000] {taskinstance.py:1205} INFO - Marking task as SUCCESS. dag_id=e-commerce_kafka_streaming_pipeline_v1, task_id=produce_messages, execution_date=20260722T064232, start_date=20260722T064233, end_date=20260722T064238
[2026-07-22T06:42:38.143+0000] {local_task_job_runner.py:240} INFO - Task exited with return code 0
[2026-07-22T06:42:38.179+0000] {taskinstance.py:3482} INFO - 1 downstream tasks scheduled from follow-on schedule check
[2026-07-22T06:42:38.183+0000] {local_task_job_runner.py:222} INFO - ::endgroup::
