[2026-07-17T08:27:20.725+0000] {local_task_job_runner.py:120} INFO - ::group::Pre task execution logs
[2026-07-17T08:27:20.753+0000] {taskinstance.py:2073} INFO - Dependencies all met for dep_context=non-requeueable deps ti=<TaskInstance: e-commerce_kafka_streaming_pipeline_v1.run_bronze scheduled__2026-07-17T07:00:00+00:00 [queued]>
[2026-07-17T08:27:20.762+0000] {taskinstance.py:2073} INFO - Dependencies all met for dep_context=requeueable deps ti=<TaskInstance: e-commerce_kafka_streaming_pipeline_v1.run_bronze scheduled__2026-07-17T07:00:00+00:00 [queued]>
[2026-07-17T08:27:20.763+0000] {taskinstance.py:2303} INFO - Starting attempt 1 of 2
[2026-07-17T08:27:20.783+0000] {taskinstance.py:2327} INFO - Executing <Task(BashOperator): run_bronze> on 2026-07-17 07:00:00+00:00
[2026-07-17T08:27:20.796+0000] {standard_task_runner.py:90} INFO - Running: ['***', 'tasks', 'run', 'e-commerce_kafka_streaming_pipeline_v1', 'run_bronze', 'scheduled__2026-07-17T07:00:00+00:00', '--job-id', '118', '--raw', '--subdir', 'DAGS_FOLDER/sdp_pipeline_dag.py', '--cfg-path', '/tmp/tmp9ltqc9sm']
[2026-07-17T08:27:20.800+0000] {standard_task_runner.py:91} INFO - Job 118: Subtask run_bronze
[2026-07-17T08:27:20.810+0000] {logging_mixin.py:188} WARNING - /home/***/.local/lib/python3.12/site-packages/***/task/task_runner/standard_task_runner.py:61 DeprecationWarning: This process (pid=3522) is multi-threaded, use of fork() may lead to deadlocks in the child.
[2026-07-17T08:27:20.812+0000] {standard_task_runner.py:63} INFO - Started process 3528 to run task
[2026-07-17T08:27:20.893+0000] {task_command.py:426} INFO - Running <TaskInstance: e-commerce_kafka_streaming_pipeline_v1.run_bronze scheduled__2026-07-17T07:00:00+00:00 [running]> on host da27550080bf
[2026-07-17T08:27:20.986+0000] {taskinstance.py:2644} INFO - Exporting env vars: AIRFLOW_CTX_DAG_OWNER='dev' AIRFLOW_CTX_DAG_ID='e-commerce_kafka_streaming_pipeline_v1' AIRFLOW_CTX_TASK_ID='run_bronze' AIRFLOW_CTX_EXECUTION_DATE='2026-07-17T07:00:00+00:00' AIRFLOW_CTX_TRY_NUMBER='1' AIRFLOW_CTX_DAG_RUN_ID='scheduled__2026-07-17T07:00:00+00:00'
[2026-07-17T08:27:20.988+0000] {taskinstance.py:430} INFO - ::endgroup::
[2026-07-17T08:27:21.003+0000] {subprocess.py:63} INFO - Tmp dir root location: /tmp
[2026-07-17T08:27:21.006+0000] {subprocess.py:75} INFO - Running command: ['/usr/bin/bash', '-c', 'timeout 150s docker run --rm --network streaming_kafka_project_sdp-net --volume /d/Streaming_kafka_project/pipelines:/opt/pipelines --volume /d/Streaming_kafka_project/data:/opt/data --volume /d/Streaming_kafka_project/checkpoints:/opt/checkpoints --volume /d/Streaming_kafka_project/jars:/opt/jars apache/spark:3.5.1 /opt/spark/bin/spark-submit --master spark://sdp-spark-master:7077 --executor-cores 1 --executor-memory 512m --total-executor-cores 3 --jars /opt/jars/delta-spark_2.12-3.2.0.jar,/opt/jars/delta-storage-3.2.0.jar,/opt/jars/spark-sql-kafka-0-10_2.12-3.5.1.jar,/opt/jars/kafka-clients-3.4.1.jar,/opt/jars/spark-token-provider-kafka-0-10_2.12-3.5.1.jar,/opt/jars/commons-pool2-2.11.1.jar --conf spark.sql.extensions=io.delta.sql.DeltaSparkSessionExtension --conf spark.sql.catalog.spark_catalog=org.apache.spark.sql.delta.catalog.DeltaCatalog  /opt/pipelines/bronze_runner.py']
[2026-07-17T08:27:21.017+0000] {subprocess.py:86} INFO - Output:
[2026-07-17T08:27:24.115+0000] {subprocess.py:93} INFO - 26/07/17 08:27:24 WARN NativeCodeLoader: Unable to load native-hadoop library for your platform... using builtin-java classes where applicable
[2026-07-17T08:27:25.020+0000] {subprocess.py:93} INFO - 26/07/17 08:27:25 INFO SparkContext: Running Spark version 3.5.1
[2026-07-17T08:27:25.021+0000] {subprocess.py:93} INFO - 26/07/17 08:27:25 INFO SparkContext: OS info Linux, 6.18.33.2-microsoft-standard-WSL2, amd64
[2026-07-17T08:27:25.022+0000] {subprocess.py:93} INFO - 26/07/17 08:27:25 INFO SparkContext: Java version 11.0.22
[2026-07-17T08:27:25.063+0000] {subprocess.py:93} INFO - 26/07/17 08:27:25 INFO ResourceUtils: ==============================================================
[2026-07-17T08:27:25.065+0000] {subprocess.py:93} INFO - 26/07/17 08:27:25 INFO ResourceUtils: No custom resources configured for spark.driver.
[2026-07-17T08:27:25.066+0000] {subprocess.py:93} INFO - 26/07/17 08:27:25 INFO ResourceUtils: ==============================================================
[2026-07-17T08:27:25.067+0000] {subprocess.py:93} INFO - 26/07/17 08:27:25 INFO SparkContext: Submitted application: SDP-Bronze
[2026-07-17T08:27:25.088+0000] {subprocess.py:93} INFO - 26/07/17 08:27:25 INFO ResourceProfile: Default ResourceProfile created, executor resources: Map(cores -> name: cores, amount: 1, script: , vendor: , memory -> name: memory, amount: 512, script: , vendor: , offHeap -> name: offHeap, amount: 0, script: , vendor: ), task resources: Map(cpus -> name: cpus, amount: 1.0)
[2026-07-17T08:27:25.106+0000] {subprocess.py:93} INFO - 26/07/17 08:27:25 INFO ResourceProfile: Limiting resource is cpus at 1 tasks per executor
[2026-07-17T08:27:25.111+0000] {subprocess.py:93} INFO - 26/07/17 08:27:25 INFO ResourceProfileManager: Added ResourceProfile id: 0
[2026-07-17T08:27:25.177+0000] {subprocess.py:93} INFO - 26/07/17 08:27:25 INFO SecurityManager: Changing view acls to: spark
[2026-07-17T08:27:25.180+0000] {subprocess.py:93} INFO - 26/07/17 08:27:25 INFO SecurityManager: Changing modify acls to: spark
[2026-07-17T08:27:25.182+0000] {subprocess.py:93} INFO - 26/07/17 08:27:25 INFO SecurityManager: Changing view acls groups to:
[2026-07-17T08:27:25.183+0000] {subprocess.py:93} INFO - 26/07/17 08:27:25 INFO SecurityManager: Changing modify acls groups to:
[2026-07-17T08:27:25.184+0000] {subprocess.py:93} INFO - 26/07/17 08:27:25 INFO SecurityManager: SecurityManager: authentication disabled; ui acls disabled; users with view permissions: spark; groups with view permissions: EMPTY; users with modify permissions: spark; groups with modify permissions: EMPTY
[2026-07-17T08:27:25.595+0000] {subprocess.py:93} INFO - 26/07/17 08:27:25 INFO Utils: Successfully started service 'sparkDriver' on port 38119.
[2026-07-17T08:27:25.659+0000] {subprocess.py:93} INFO - 26/07/17 08:27:25 INFO SparkEnv: Registering MapOutputTracker
[2026-07-17T08:27:25.721+0000] {subprocess.py:93} INFO - 26/07/17 08:27:25 INFO SparkEnv: Registering BlockManagerMaster
[2026-07-17T08:27:25.743+0000] {subprocess.py:93} INFO - 26/07/17 08:27:25 INFO BlockManagerMasterEndpoint: Using org.apache.spark.storage.DefaultTopologyMapper for getting topology information
[2026-07-17T08:27:25.747+0000] {subprocess.py:93} INFO - 26/07/17 08:27:25 INFO BlockManagerMasterEndpoint: BlockManagerMasterEndpoint up
[2026-07-17T08:27:25.755+0000] {subprocess.py:93} INFO - 26/07/17 08:27:25 INFO SparkEnv: Registering BlockManagerMasterHeartbeat
[2026-07-17T08:27:25.791+0000] {subprocess.py:93} INFO - 26/07/17 08:27:25 INFO DiskBlockManager: Created local directory at /tmp/blockmgr-261a764c-dd12-43df-9873-ea6af58d9893
[2026-07-17T08:27:25.813+0000] {subprocess.py:93} INFO - 26/07/17 08:27:25 INFO MemoryStore: MemoryStore started with capacity 434.4 MiB
[2026-07-17T08:27:25.874+0000] {subprocess.py:93} INFO - 26/07/17 08:27:25 INFO SparkEnv: Registering OutputCommitCoordinator
[2026-07-17T08:27:26.501+0000] {subprocess.py:93} INFO - 26/07/17 08:27:26 INFO JettyUtils: Start Jetty 0.0.0.0:4040 for SparkUI
[2026-07-17T08:27:26.639+0000] {subprocess.py:93} INFO - 26/07/17 08:27:26 INFO Utils: Successfully started service 'SparkUI' on port 4040.
[2026-07-17T08:27:26.700+0000] {subprocess.py:93} INFO - 26/07/17 08:27:26 INFO SparkContext: Added JAR file:///opt/jars/delta-spark_2.12-3.2.0.jar at spark://9f0c10f7ebe0:38119/jars/delta-spark_2.12-3.2.0.jar with timestamp 1784276845008
[2026-07-17T08:27:26.702+0000] {subprocess.py:93} INFO - 26/07/17 08:27:26 INFO SparkContext: Added JAR file:///opt/jars/delta-storage-3.2.0.jar at spark://9f0c10f7ebe0:38119/jars/delta-storage-3.2.0.jar with timestamp 1784276845008
[2026-07-17T08:27:26.703+0000] {subprocess.py:93} INFO - 26/07/17 08:27:26 INFO SparkContext: Added JAR file:///opt/jars/spark-sql-kafka-0-10_2.12-3.5.1.jar at spark://9f0c10f7ebe0:38119/jars/spark-sql-kafka-0-10_2.12-3.5.1.jar with timestamp 1784276845008
[2026-07-17T08:27:26.705+0000] {subprocess.py:93} INFO - 26/07/17 08:27:26 INFO SparkContext: Added JAR file:///opt/jars/kafka-clients-3.4.1.jar at spark://9f0c10f7ebe0:38119/jars/kafka-clients-3.4.1.jar with timestamp 1784276845008
[2026-07-17T08:27:26.706+0000] {subprocess.py:93} INFO - 26/07/17 08:27:26 INFO SparkContext: Added JAR file:///opt/jars/spark-token-provider-kafka-0-10_2.12-3.5.1.jar at spark://9f0c10f7ebe0:38119/jars/spark-token-provider-kafka-0-10_2.12-3.5.1.jar with timestamp 1784276845008
[2026-07-17T08:27:26.707+0000] {subprocess.py:93} INFO - 26/07/17 08:27:26 INFO SparkContext: Added JAR file:///opt/jars/commons-pool2-2.11.1.jar at spark://9f0c10f7ebe0:38119/jars/commons-pool2-2.11.1.jar with timestamp 1784276845008
[2026-07-17T08:27:26.811+0000] {subprocess.py:93} INFO - 26/07/17 08:27:26 INFO StandaloneAppClient$ClientEndpoint: Connecting to master spark://sdp-spark-master:7077...
[2026-07-17T08:27:26.869+0000] {subprocess.py:93} INFO - 26/07/17 08:27:26 INFO TransportClientFactory: Successfully created connection to sdp-spark-master/172.18.0.4:7077 after 33 ms (0 ms spent in bootstraps)
[2026-07-17T08:27:26.983+0000] {subprocess.py:93} INFO - 26/07/17 08:27:26 INFO StandaloneSchedulerBackend: Connected to Spark cluster with app ID app-20260717082726-0056
[2026-07-17T08:27:26.984+0000] {subprocess.py:93} INFO - 26/07/17 08:27:26 INFO StandaloneAppClient$ClientEndpoint: Executor added: app-20260717082726-0056/0 on worker-20260716063602-172.18.0.5-44367 (172.18.0.5:44367) with 1 core(s)
[2026-07-17T08:27:26.986+0000] {subprocess.py:93} INFO - 26/07/17 08:27:26 INFO StandaloneSchedulerBackend: Granted executor ID app-20260717082726-0056/0 on hostPort 172.18.0.5:44367 with 1 core(s), 512.0 MiB RAM
[2026-07-17T08:27:26.990+0000] {subprocess.py:93} INFO - 26/07/17 08:27:26 INFO StandaloneAppClient$ClientEndpoint: Executor added: app-20260717082726-0056/1 on worker-20260716063602-172.18.0.5-44367 (172.18.0.5:44367) with 1 core(s)
[2026-07-17T08:27:26.991+0000] {subprocess.py:93} INFO - 26/07/17 08:27:26 INFO StandaloneSchedulerBackend: Granted executor ID app-20260717082726-0056/1 on hostPort 172.18.0.5:44367 with 1 core(s), 512.0 MiB RAM
[2026-07-17T08:27:26.997+0000] {subprocess.py:93} INFO - 26/07/17 08:27:26 INFO StandaloneAppClient$ClientEndpoint: Executor added: app-20260717082726-0056/2 on worker-20260716063602-172.18.0.6-33249 (172.18.0.6:33249) with 1 core(s)
[2026-07-17T08:27:26.999+0000] {subprocess.py:93} INFO - 26/07/17 08:27:26 INFO StandaloneSchedulerBackend: Granted executor ID app-20260717082726-0056/2 on hostPort 172.18.0.6:33249 with 1 core(s), 512.0 MiB RAM
[2026-07-17T08:27:27.004+0000] {subprocess.py:93} INFO - 26/07/17 08:27:27 INFO Utils: Successfully started service 'org.apache.spark.network.netty.NettyBlockTransferService' on port 41563.
[2026-07-17T08:27:27.006+0000] {subprocess.py:93} INFO - 26/07/17 08:27:27 INFO NettyBlockTransferService: Server created on 9f0c10f7ebe0:41563
[2026-07-17T08:27:27.007+0000] {subprocess.py:93} INFO - 26/07/17 08:27:27 INFO BlockManager: Using org.apache.spark.storage.RandomBlockReplicationPolicy for block replication policy
[2026-07-17T08:27:27.018+0000] {subprocess.py:93} INFO - 26/07/17 08:27:27 INFO BlockManagerMaster: Registering BlockManager BlockManagerId(driver, 9f0c10f7ebe0, 41563, None)
[2026-07-17T08:27:27.025+0000] {subprocess.py:93} INFO - 26/07/17 08:27:27 INFO BlockManagerMasterEndpoint: Registering block manager 9f0c10f7ebe0:41563 with 434.4 MiB RAM, BlockManagerId(driver, 9f0c10f7ebe0, 41563, None)
[2026-07-17T08:27:27.036+0000] {subprocess.py:93} INFO - 26/07/17 08:27:27 INFO BlockManagerMaster: Registered BlockManager BlockManagerId(driver, 9f0c10f7ebe0, 41563, None)
[2026-07-17T08:27:27.040+0000] {subprocess.py:93} INFO - 26/07/17 08:27:27 INFO BlockManager: Initialized BlockManager: BlockManagerId(driver, 9f0c10f7ebe0, 41563, None)
[2026-07-17T08:27:27.203+0000] {subprocess.py:93} INFO - 26/07/17 08:27:27 INFO StandaloneAppClient$ClientEndpoint: Executor updated: app-20260717082726-0056/0 is now RUNNING
[2026-07-17T08:27:27.204+0000] {subprocess.py:93} INFO - 26/07/17 08:27:27 INFO StandaloneAppClient$ClientEndpoint: Executor updated: app-20260717082726-0056/1 is now RUNNING
[2026-07-17T08:27:27.254+0000] {subprocess.py:93} INFO - 26/07/17 08:27:27 INFO StandaloneAppClient$ClientEndpoint: Executor updated: app-20260717082726-0056/2 is now RUNNING
[2026-07-17T08:27:27.696+0000] {subprocess.py:93} INFO - 26/07/17 08:27:27 INFO StandaloneSchedulerBackend: SchedulerBackend is ready for scheduling beginning after reached minRegisteredResourcesRatio: 0.0
[2026-07-17T08:27:27.919+0000] {subprocess.py:93} INFO - 26/07/17 08:27:27 INFO StandaloneAppClient$ClientEndpoint: Executor updated: app-20260717082726-0056/1 is now LOST (worker lost: Not receiving heartbeat for 60 seconds)
[2026-07-17T08:27:27.922+0000] {subprocess.py:93} INFO - 26/07/17 08:27:27 INFO StandaloneSchedulerBackend: Executor app-20260717082726-0056/1 removed: worker lost: Not receiving heartbeat for 60 seconds
[2026-07-17T08:27:27.946+0000] {subprocess.py:93} INFO - 26/07/17 08:27:27 INFO StandaloneAppClient$ClientEndpoint: Executor updated: app-20260717082726-0056/0 is now LOST (worker lost: Not receiving heartbeat for 60 seconds)
[2026-07-17T08:27:27.949+0000] {subprocess.py:93} INFO - 26/07/17 08:27:27 INFO StandaloneSchedulerBackend: Executor app-20260717082726-0056/0 removed: worker lost: Not receiving heartbeat for 60 seconds
[2026-07-17T08:27:27.965+0000] {subprocess.py:93} INFO - 26/07/17 08:27:27 INFO BlockManagerMaster: Removal of executor 1 requested
[2026-07-17T08:27:27.968+0000] {subprocess.py:93} INFO - 26/07/17 08:27:27 INFO StandaloneSchedulerBackend$StandaloneDriverEndpoint: Asked to remove non-existent executor 1
[2026-07-17T08:27:27.976+0000] {subprocess.py:93} INFO - 26/07/17 08:27:27 INFO BlockManagerMaster: Removal of executor 0 requested
[2026-07-17T08:27:27.977+0000] {subprocess.py:93} INFO - 26/07/17 08:27:27 INFO StandaloneAppClient$ClientEndpoint: Master removed worker worker-20260716063602-172.18.0.5-44367: Not receiving heartbeat for 60 seconds
[2026-07-17T08:27:27.982+0000] {subprocess.py:93} INFO - 26/07/17 08:27:27 INFO StandaloneSchedulerBackend$StandaloneDriverEndpoint: Asked to remove non-existent executor 0
[2026-07-17T08:27:27.985+0000] {subprocess.py:93} INFO - 26/07/17 08:27:27 INFO StandaloneSchedulerBackend: Worker worker-20260716063602-172.18.0.5-44367 removed: Not receiving heartbeat for 60 seconds
[2026-07-17T08:27:27.986+0000] {subprocess.py:93} INFO - 26/07/17 08:27:27 INFO TaskSchedulerImpl: Handle removed worker worker-20260716063602-172.18.0.5-44367: Not receiving heartbeat for 60 seconds
[2026-07-17T08:27:27.999+0000] {subprocess.py:93} INFO - 26/07/17 08:27:27 INFO BlockManagerMasterEndpoint: Trying to remove executor 1 from BlockManagerMaster.
[2026-07-17T08:27:28.000+0000] {subprocess.py:93} INFO - 26/07/17 08:27:27 INFO BlockManagerMasterEndpoint: Trying to remove executor 0 from BlockManagerMaster.
[2026-07-17T08:27:28.023+0000] {subprocess.py:93} INFO - 26/07/17 08:27:28 INFO DAGScheduler: Shuffle files lost for worker worker-20260716063602-172.18.0.5-44367 on host 172.18.0.5
[2026-07-17T08:27:28.576+0000] {subprocess.py:93} INFO - Starting stream: orders -> /opt/data/bronze/orders
[2026-07-17T08:28:11.626+0000] {subprocess.py:93} INFO - 26/07/17 08:28:11 WARN ResolveWriteToStream: spark.sql.adaptive.enabled is not supported in streaming DataFrames/Datasets and will be disabled.
[2026-07-17T08:28:11.884+0000] {subprocess.py:93} INFO - Starting stream: customers -> /opt/data/bronze/customers
[2026-07-17T08:28:14.269+0000] {subprocess.py:93} INFO - 26/07/17 08:28:14 WARN AdminClientConfig: These configurations '[key.deserializer, value.deserializer, enable.auto.commit, max.poll.records, auto.offset.reset]' were supplied but are not used yet.
[2026-07-17T08:28:14.380+0000] {subprocess.py:93} INFO - 26/07/17 08:28:14 WARN ResolveWriteToStream: spark.sql.adaptive.enabled is not supported in streaming DataFrames/Datasets and will be disabled.
[2026-07-17T08:28:14.520+0000] {subprocess.py:93} INFO - Starting stream: products -> /opt/data/bronze/products
[2026-07-17T08:28:17.168+0000] {subprocess.py:93} INFO - 26/07/17 08:28:17 WARN AdminClientConfig: These configurations '[key.deserializer, value.deserializer, enable.auto.commit, max.poll.records, auto.offset.reset]' were supplied but are not used yet.
[2026-07-17T08:28:17.352+0000] {subprocess.py:93} INFO - 26/07/17 08:28:17 WARN ResolveWriteToStream: spark.sql.adaptive.enabled is not supported in streaming DataFrames/Datasets and will be disabled.
[2026-07-17T08:28:20.040+0000] {subprocess.py:93} INFO - 26/07/17 08:28:20 WARN AdminClientConfig: These configurations '[key.deserializer, value.deserializer, enable.auto.commit, max.poll.records, auto.offset.reset]' were supplied but are not used yet.
[2026-07-17T08:29:50.056+0000] {subprocess.py:97} INFO - Command exited with return code 0
[2026-07-17T08:29:50.059+0000] {taskinstance.py:441} INFO - ::group::Post task execution logs
[2026-07-17T08:29:50.096+0000] {taskinstance.py:1205} INFO - Marking task as SUCCESS. dag_id=e-commerce_kafka_streaming_pipeline_v1, task_id=run_bronze, execution_date=20260717T070000, start_date=20260717T082720, end_date=20260717T082950
[2026-07-17T08:29:50.136+0000] {local_task_job_runner.py:240} INFO - Task exited with return code 0
[2026-07-17T08:29:50.169+0000] {taskinstance.py:3482} INFO - 1 downstream tasks scheduled from follow-on schedule check
[2026-07-17T08:29:50.173+0000] {local_task_job_runner.py:222} INFO - ::endgroup::
