[2026-07-15T12:13:25.508+0000] {local_task_job_runner.py:120} INFO - ::group::Pre task execution logs
[2026-07-15T12:13:25.590+0000] {taskinstance.py:2073} INFO - Dependencies all met for dep_context=non-requeueable deps ti=<TaskInstance: e-commerce_kafka_streaming_pipeline_v1.run_bronze manual__2026-07-15T12:13:14.985465+00:00 [queued]>
[2026-07-15T12:13:25.617+0000] {taskinstance.py:2073} INFO - Dependencies all met for dep_context=requeueable deps ti=<TaskInstance: e-commerce_kafka_streaming_pipeline_v1.run_bronze manual__2026-07-15T12:13:14.985465+00:00 [queued]>
[2026-07-15T12:13:25.619+0000] {taskinstance.py:2303} INFO - Starting attempt 1 of 2
[2026-07-15T12:13:25.656+0000] {taskinstance.py:2327} INFO - Executing <Task(BashOperator): run_bronze> on 2026-07-15 12:13:14.985465+00:00
[2026-07-15T12:13:25.679+0000] {standard_task_runner.py:90} INFO - Running: ['***', 'tasks', 'run', 'e-commerce_kafka_streaming_pipeline_v1', 'run_bronze', 'manual__2026-07-15T12:13:14.985465+00:00', '--job-id', '46', '--raw', '--subdir', 'DAGS_FOLDER/sdp_pipeline_dag.py', '--cfg-path', '/tmp/tmps6i9bj53']
[2026-07-15T12:13:25.687+0000] {standard_task_runner.py:91} INFO - Job 46: Subtask run_bronze
[2026-07-15T12:13:25.688+0000] {logging_mixin.py:188} WARNING - /home/***/.local/lib/python3.12/site-packages/***/task/task_runner/standard_task_runner.py:61 DeprecationWarning: This process (pid=572) is multi-threaded, use of fork() may lead to deadlocks in the child.
[2026-07-15T12:13:25.691+0000] {standard_task_runner.py:63} INFO - Started process 573 to run task
[2026-07-15T12:13:25.823+0000] {task_command.py:426} INFO - Running <TaskInstance: e-commerce_kafka_streaming_pipeline_v1.run_bronze manual__2026-07-15T12:13:14.985465+00:00 [running]> on host 6d7ac32de880
[2026-07-15T12:13:26.014+0000] {taskinstance.py:2644} INFO - Exporting env vars: AIRFLOW_CTX_DAG_OWNER='dev' AIRFLOW_CTX_DAG_ID='e-commerce_kafka_streaming_pipeline_v1' AIRFLOW_CTX_TASK_ID='run_bronze' AIRFLOW_CTX_EXECUTION_DATE='2026-07-15T12:13:14.985465+00:00' AIRFLOW_CTX_TRY_NUMBER='1' AIRFLOW_CTX_DAG_RUN_ID='manual__2026-07-15T12:13:14.985465+00:00'
[2026-07-15T12:13:26.017+0000] {taskinstance.py:430} INFO - ::endgroup::
[2026-07-15T12:13:26.063+0000] {subprocess.py:63} INFO - Tmp dir root location: /tmp
[2026-07-15T12:13:26.070+0000] {subprocess.py:75} INFO - Running command: ['/usr/bin/bash', '-c', 'timeout 150s docker run --rm --network streaming_kafka_project_sdp-net --volume /d/Streaming_kafka_project/pipelines:/opt/pipelines --volume /d/Streaming_kafka_project/data:/opt/data --volume /d/Streaming_kafka_project/checkpoints:/opt/checkpoints --volume /d/Streaming_kafka_project/jars:/opt/jars apache/spark:3.5.1 /opt/spark/bin/spark-submit --master spark://sdp-spark-master:7077 --executor-cores 1 --executor-memory 512m --total-executor-cores 3 --jars /opt/jars/delta-spark_2.12-3.2.0.jar,/opt/jars/delta-storage-3.2.0.jar,/opt/jars/spark-sql-kafka-0-10_2.12-3.5.1.jar,/opt/jars/kafka-clients-3.4.1.jar,/opt/jars/spark-token-provider-kafka-0-10_2.12-3.5.1.jar,/opt/jars/commons-pool2-2.11.1.jar --conf spark.sql.extensions=io.delta.sql.DeltaSparkSessionExtension --conf spark.sql.catalog.spark_catalog=org.apache.spark.sql.delta.catalog.DeltaCatalog  /opt/pipelines/bronze_runner.py']
[2026-07-15T12:13:26.098+0000] {subprocess.py:86} INFO - Output:
[2026-07-15T12:13:30.477+0000] {subprocess.py:93} INFO - 26/07/15 12:13:30 WARN NativeCodeLoader: Unable to load native-hadoop library for your platform... using builtin-java classes where applicable
[2026-07-15T12:13:32.859+0000] {subprocess.py:93} INFO - 26/07/15 12:13:32 INFO SparkContext: Running Spark version 3.5.1
[2026-07-15T12:13:32.861+0000] {subprocess.py:93} INFO - 26/07/15 12:13:32 INFO SparkContext: OS info Linux, 6.18.33.2-microsoft-standard-WSL2, amd64
[2026-07-15T12:13:32.863+0000] {subprocess.py:93} INFO - 26/07/15 12:13:32 INFO SparkContext: Java version 11.0.22
[2026-07-15T12:13:32.922+0000] {subprocess.py:93} INFO - 26/07/15 12:13:32 INFO ResourceUtils: ==============================================================
[2026-07-15T12:13:32.925+0000] {subprocess.py:93} INFO - 26/07/15 12:13:32 INFO ResourceUtils: No custom resources configured for spark.driver.
[2026-07-15T12:13:32.928+0000] {subprocess.py:93} INFO - 26/07/15 12:13:32 INFO ResourceUtils: ==============================================================
[2026-07-15T12:13:32.930+0000] {subprocess.py:93} INFO - 26/07/15 12:13:32 INFO SparkContext: Submitted application: SDP-Bronze
[2026-07-15T12:13:32.968+0000] {subprocess.py:93} INFO - 26/07/15 12:13:32 INFO ResourceProfile: Default ResourceProfile created, executor resources: Map(cores -> name: cores, amount: 1, script: , vendor: , memory -> name: memory, amount: 512, script: , vendor: , offHeap -> name: offHeap, amount: 0, script: , vendor: ), task resources: Map(cpus -> name: cpus, amount: 1.0)
[2026-07-15T12:13:32.990+0000] {subprocess.py:93} INFO - 26/07/15 12:13:32 INFO ResourceProfile: Limiting resource is cpus at 1 tasks per executor
[2026-07-15T12:13:32.994+0000] {subprocess.py:93} INFO - 26/07/15 12:13:32 INFO ResourceProfileManager: Added ResourceProfile id: 0
[2026-07-15T12:13:33.101+0000] {subprocess.py:93} INFO - 26/07/15 12:13:33 INFO SecurityManager: Changing view acls to: spark
[2026-07-15T12:13:33.104+0000] {subprocess.py:93} INFO - 26/07/15 12:13:33 INFO SecurityManager: Changing modify acls to: spark
[2026-07-15T12:13:33.106+0000] {subprocess.py:93} INFO - 26/07/15 12:13:33 INFO SecurityManager: Changing view acls groups to:
[2026-07-15T12:13:33.109+0000] {subprocess.py:93} INFO - 26/07/15 12:13:33 INFO SecurityManager: Changing modify acls groups to:
[2026-07-15T12:13:33.112+0000] {subprocess.py:93} INFO - 26/07/15 12:13:33 INFO SecurityManager: SecurityManager: authentication disabled; ui acls disabled; users with view permissions: spark; groups with view permissions: EMPTY; users with modify permissions: spark; groups with modify permissions: EMPTY
[2026-07-15T12:13:33.735+0000] {subprocess.py:93} INFO - 26/07/15 12:13:33 INFO Utils: Successfully started service 'sparkDriver' on port 46433.
[2026-07-15T12:13:33.815+0000] {subprocess.py:93} INFO - 26/07/15 12:13:33 INFO SparkEnv: Registering MapOutputTracker
[2026-07-15T12:13:33.911+0000] {subprocess.py:93} INFO - 26/07/15 12:13:33 INFO SparkEnv: Registering BlockManagerMaster
[2026-07-15T12:13:33.958+0000] {subprocess.py:93} INFO - 26/07/15 12:13:33 INFO BlockManagerMasterEndpoint: Using org.apache.spark.storage.DefaultTopologyMapper for getting topology information
[2026-07-15T12:13:33.961+0000] {subprocess.py:93} INFO - 26/07/15 12:13:33 INFO BlockManagerMasterEndpoint: BlockManagerMasterEndpoint up
[2026-07-15T12:13:33.970+0000] {subprocess.py:93} INFO - 26/07/15 12:13:33 INFO SparkEnv: Registering BlockManagerMasterHeartbeat
[2026-07-15T12:13:34.021+0000] {subprocess.py:93} INFO - 26/07/15 12:13:34 INFO DiskBlockManager: Created local directory at /tmp/blockmgr-44ca34e3-eb6c-4013-8bc7-df2d0a6e182d
[2026-07-15T12:13:34.061+0000] {subprocess.py:93} INFO - 26/07/15 12:13:34 INFO MemoryStore: MemoryStore started with capacity 434.4 MiB
[2026-07-15T12:13:34.099+0000] {subprocess.py:93} INFO - 26/07/15 12:13:34 INFO SparkEnv: Registering OutputCommitCoordinator
[2026-07-15T12:13:34.429+0000] {subprocess.py:93} INFO - 26/07/15 12:13:34 INFO JettyUtils: Start Jetty 0.0.0.0:4040 for SparkUI
[2026-07-15T12:13:34.555+0000] {subprocess.py:93} INFO - 26/07/15 12:13:34 INFO Utils: Successfully started service 'SparkUI' on port 4040.
[2026-07-15T12:13:34.648+0000] {subprocess.py:93} INFO - 26/07/15 12:13:34 INFO SparkContext: Added JAR file:///opt/jars/delta-spark_2.12-3.2.0.jar at spark://a3bd566d5bc1:46433/jars/delta-spark_2.12-3.2.0.jar with timestamp 1784117612837
[2026-07-15T12:13:34.650+0000] {subprocess.py:93} INFO - 26/07/15 12:13:34 INFO SparkContext: Added JAR file:///opt/jars/delta-storage-3.2.0.jar at spark://a3bd566d5bc1:46433/jars/delta-storage-3.2.0.jar with timestamp 1784117612837
[2026-07-15T12:13:34.653+0000] {subprocess.py:93} INFO - 26/07/15 12:13:34 INFO SparkContext: Added JAR file:///opt/jars/spark-sql-kafka-0-10_2.12-3.5.1.jar at spark://a3bd566d5bc1:46433/jars/spark-sql-kafka-0-10_2.12-3.5.1.jar with timestamp 1784117612837
[2026-07-15T12:13:34.661+0000] {subprocess.py:93} INFO - 26/07/15 12:13:34 INFO SparkContext: Added JAR file:///opt/jars/kafka-clients-3.4.1.jar at spark://a3bd566d5bc1:46433/jars/kafka-clients-3.4.1.jar with timestamp 1784117612837
[2026-07-15T12:13:34.663+0000] {subprocess.py:93} INFO - 26/07/15 12:13:34 INFO SparkContext: Added JAR file:///opt/jars/spark-token-provider-kafka-0-10_2.12-3.5.1.jar at spark://a3bd566d5bc1:46433/jars/spark-token-provider-kafka-0-10_2.12-3.5.1.jar with timestamp 1784117612837
[2026-07-15T12:13:34.664+0000] {subprocess.py:93} INFO - 26/07/15 12:13:34 INFO SparkContext: Added JAR file:///opt/jars/commons-pool2-2.11.1.jar at spark://a3bd566d5bc1:46433/jars/commons-pool2-2.11.1.jar with timestamp 1784117612837
[2026-07-15T12:13:34.855+0000] {subprocess.py:93} INFO - 26/07/15 12:13:34 INFO StandaloneAppClient$ClientEndpoint: Connecting to master spark://sdp-spark-master:7077...
[2026-07-15T12:13:34.985+0000] {subprocess.py:93} INFO - 26/07/15 12:13:34 INFO TransportClientFactory: Successfully created connection to sdp-spark-master/172.18.0.2:7077 after 81 ms (0 ms spent in bootstraps)
[2026-07-15T12:13:35.151+0000] {subprocess.py:93} INFO - 26/07/15 12:13:35 INFO StandaloneSchedulerBackend: Connected to Spark cluster with app ID app-20260715121335-0001
[2026-07-15T12:13:35.153+0000] {subprocess.py:93} INFO - 26/07/15 12:13:35 INFO StandaloneAppClient$ClientEndpoint: Executor added: app-20260715121335-0001/0 on worker-20260715120445-172.18.0.6-36249 (172.18.0.6:36249) with 1 core(s)
[2026-07-15T12:13:35.165+0000] {subprocess.py:93} INFO - 26/07/15 12:13:35 INFO StandaloneSchedulerBackend: Granted executor ID app-20260715121335-0001/0 on hostPort 172.18.0.6:36249 with 1 core(s), 512.0 MiB RAM
[2026-07-15T12:13:35.168+0000] {subprocess.py:93} INFO - 26/07/15 12:13:35 INFO StandaloneAppClient$ClientEndpoint: Executor added: app-20260715121335-0001/1 on worker-20260715120445-172.18.0.6-36249 (172.18.0.6:36249) with 1 core(s)
[2026-07-15T12:13:35.170+0000] {subprocess.py:93} INFO - 26/07/15 12:13:35 INFO StandaloneSchedulerBackend: Granted executor ID app-20260715121335-0001/1 on hostPort 172.18.0.6:36249 with 1 core(s), 512.0 MiB RAM
[2026-07-15T12:13:35.172+0000] {subprocess.py:93} INFO - 26/07/15 12:13:35 INFO StandaloneAppClient$ClientEndpoint: Executor added: app-20260715121335-0001/2 on worker-20260715120445-172.18.0.5-42817 (172.18.0.5:42817) with 1 core(s)
[2026-07-15T12:13:35.175+0000] {subprocess.py:93} INFO - 26/07/15 12:13:35 INFO StandaloneSchedulerBackend: Granted executor ID app-20260715121335-0001/2 on hostPort 172.18.0.5:42817 with 1 core(s), 512.0 MiB RAM
[2026-07-15T12:13:35.181+0000] {subprocess.py:93} INFO - 26/07/15 12:13:35 INFO Utils: Successfully started service 'org.apache.spark.network.netty.NettyBlockTransferService' on port 46247.
[2026-07-15T12:13:35.183+0000] {subprocess.py:93} INFO - 26/07/15 12:13:35 INFO NettyBlockTransferService: Server created on a3bd566d5bc1:46247
[2026-07-15T12:13:35.195+0000] {subprocess.py:93} INFO - 26/07/15 12:13:35 INFO BlockManager: Using org.apache.spark.storage.RandomBlockReplicationPolicy for block replication policy
[2026-07-15T12:13:35.206+0000] {subprocess.py:93} INFO - 26/07/15 12:13:35 INFO BlockManagerMaster: Registering BlockManager BlockManagerId(driver, a3bd566d5bc1, 46247, None)
[2026-07-15T12:13:35.217+0000] {subprocess.py:93} INFO - 26/07/15 12:13:35 INFO BlockManagerMasterEndpoint: Registering block manager a3bd566d5bc1:46247 with 434.4 MiB RAM, BlockManagerId(driver, a3bd566d5bc1, 46247, None)
[2026-07-15T12:13:35.229+0000] {subprocess.py:93} INFO - 26/07/15 12:13:35 INFO BlockManagerMaster: Registered BlockManager BlockManagerId(driver, a3bd566d5bc1, 46247, None)
[2026-07-15T12:13:35.239+0000] {subprocess.py:93} INFO - 26/07/15 12:13:35 INFO BlockManager: Initialized BlockManager: BlockManagerId(driver, a3bd566d5bc1, 46247, None)
[2026-07-15T12:13:35.353+0000] {subprocess.py:93} INFO - 26/07/15 12:13:35 INFO StandaloneAppClient$ClientEndpoint: Executor updated: app-20260715121335-0001/2 is now RUNNING
[2026-07-15T12:13:35.367+0000] {subprocess.py:93} INFO - 26/07/15 12:13:35 INFO StandaloneAppClient$ClientEndpoint: Executor updated: app-20260715121335-0001/0 is now RUNNING
[2026-07-15T12:13:35.375+0000] {subprocess.py:93} INFO - 26/07/15 12:13:35 INFO StandaloneAppClient$ClientEndpoint: Executor updated: app-20260715121335-0001/1 is now RUNNING
[2026-07-15T12:13:36.302+0000] {subprocess.py:93} INFO - 26/07/15 12:13:36 INFO StandaloneSchedulerBackend: SchedulerBackend is ready for scheduling beginning after reached minRegisteredResourcesRatio: 0.0
[2026-07-15T12:13:37.020+0000] {subprocess.py:93} INFO - Starting stream: orders -> /opt/data/bronze/orders
[2026-07-15T12:13:57.481+0000] {subprocess.py:93} INFO - 26/07/15 12:13:57 WARN ResolveWriteToStream: spark.sql.adaptive.enabled is not supported in streaming DataFrames/Datasets and will be disabled.
[2026-07-15T12:13:57.686+0000] {subprocess.py:93} INFO - Starting stream: customers -> /opt/data/bronze/customers
[2026-07-15T12:13:59.293+0000] {subprocess.py:93} INFO - 26/07/15 12:13:59 WARN TaskSetManager: Lost task 0.0 in stage 1.0 (TID 3) (172.18.0.6 executor 1): org.apache.spark.SparkException: Encountered error while reading file file:///opt/data/bronze/customers/_delta_log/00000000000000000005.json. Details:
[2026-07-15T12:13:59.297+0000] {subprocess.py:93} INFO - 	at org.apache.spark.sql.errors.QueryExecutionErrors$.cannotReadFilesError(QueryExecutionErrors.scala:863)
[2026-07-15T12:13:59.298+0000] {subprocess.py:93} INFO - 	at org.apache.spark.sql.execution.datasources.FileScanRDD$$anon$1.nextIterator(FileScanRDD.scala:293)
[2026-07-15T12:13:59.300+0000] {subprocess.py:93} INFO - 	at org.apache.spark.sql.execution.datasources.FileScanRDD$$anon$1.hasNext(FileScanRDD.scala:129)
[2026-07-15T12:13:59.302+0000] {subprocess.py:93} INFO - 	at scala.collection.Iterator$$anon$10.hasNext(Iterator.scala:460)
[2026-07-15T12:13:59.303+0000] {subprocess.py:93} INFO - 	at org.apache.spark.sql.catalyst.expressions.GeneratedClass$GeneratedIteratorForCodegenStage1.processNext(Unknown Source)
[2026-07-15T12:13:59.304+0000] {subprocess.py:93} INFO - 	at org.apache.spark.sql.execution.BufferedRowIterator.hasNext(BufferedRowIterator.java:43)
[2026-07-15T12:13:59.305+0000] {subprocess.py:93} INFO - 	at org.apache.spark.sql.execution.WholeStageCodegenEvaluatorFactory$WholeStageCodegenPartitionEvaluator$$anon$1.hasNext(WholeStageCodegenEvaluatorFactory.scala:43)
[2026-07-15T12:13:59.306+0000] {subprocess.py:93} INFO - 	at org.apache.spark.sql.execution.SparkPlan.$anonfun$getByteArrayRdd$1(SparkPlan.scala:388)
[2026-07-15T12:13:59.307+0000] {subprocess.py:93} INFO - 	at org.apache.spark.rdd.RDD.$anonfun$mapPartitionsInternal$2(RDD.scala:893)
[2026-07-15T12:13:59.308+0000] {subprocess.py:93} INFO - 	at org.apache.spark.rdd.RDD.$anonfun$mapPartitionsInternal$2$adapted(RDD.scala:893)
[2026-07-15T12:13:59.309+0000] {subprocess.py:93} INFO - 	at org.apache.spark.rdd.MapPartitionsRDD.compute(MapPartitionsRDD.scala:52)
[2026-07-15T12:13:59.310+0000] {subprocess.py:93} INFO - 	at org.apache.spark.rdd.RDD.computeOrReadCheckpoint(RDD.scala:367)
[2026-07-15T12:13:59.311+0000] {subprocess.py:93} INFO - 	at org.apache.spark.rdd.RDD.iterator(RDD.scala:331)
[2026-07-15T12:13:59.313+0000] {subprocess.py:93} INFO - 	at org.apache.spark.scheduler.ResultTask.runTask(ResultTask.scala:93)
[2026-07-15T12:13:59.314+0000] {subprocess.py:93} INFO - 	at org.apache.spark.TaskContext.runTaskWithListeners(TaskContext.scala:166)
[2026-07-15T12:13:59.316+0000] {subprocess.py:93} INFO - 	at org.apache.spark.scheduler.Task.run(Task.scala:141)
[2026-07-15T12:13:59.317+0000] {subprocess.py:93} INFO - 	at org.apache.spark.executor.Executor$TaskRunner.$anonfun$run$4(Executor.scala:620)
[2026-07-15T12:13:59.317+0000] {subprocess.py:93} INFO - 	at org.apache.spark.util.SparkErrorUtils.tryWithSafeFinally(SparkErrorUtils.scala:64)
[2026-07-15T12:13:59.318+0000] {subprocess.py:93} INFO - 	at org.apache.spark.util.SparkErrorUtils.tryWithSafeFinally$(SparkErrorUtils.scala:61)
[2026-07-15T12:13:59.319+0000] {subprocess.py:93} INFO - 	at org.apache.spark.util.Utils$.tryWithSafeFinally(Utils.scala:94)
[2026-07-15T12:13:59.320+0000] {subprocess.py:93} INFO - 	at org.apache.spark.executor.Executor$TaskRunner.run(Executor.scala:623)
[2026-07-15T12:13:59.321+0000] {subprocess.py:93} INFO - 	at java.base/java.util.concurrent.ThreadPoolExecutor.runWorker(Unknown Source)
[2026-07-15T12:13:59.323+0000] {subprocess.py:93} INFO - 	at java.base/java.util.concurrent.ThreadPoolExecutor$Worker.run(Unknown Source)
[2026-07-15T12:13:59.325+0000] {subprocess.py:93} INFO - 	at java.base/java.lang.Thread.run(Unknown Source)
[2026-07-15T12:13:59.326+0000] {subprocess.py:93} INFO - Caused by: org.apache.spark.SparkException: [MALFORMED_RECORD_IN_PARSING.WITHOUT_SUGGESTION] Malformed records are detected in record parsing: [null,null,null].
[2026-07-15T12:13:59.327+0000] {subprocess.py:93} INFO - Parse Mode: FAILFAST. To process malformed records as null result, try setting the option 'mode' as 'PERMISSIVE'.
[2026-07-15T12:13:59.328+0000] {subprocess.py:93} INFO - 	at org.apache.spark.sql.errors.QueryExecutionErrors$.malformedRecordsDetectedInRecordParsingError(QueryExecutionErrors.scala:1610)
[2026-07-15T12:13:59.330+0000] {subprocess.py:93} INFO - 	at org.apache.spark.sql.catalyst.util.FailureSafeParser.parse(FailureSafeParser.scala:79)
[2026-07-15T12:13:59.331+0000] {subprocess.py:93} INFO - 	at org.apache.spark.sql.execution.datasources.json.TextInputJsonDataSource$.$anonfun$readFile$9(JsonDataSource.scala:143)
[2026-07-15T12:13:59.332+0000] {subprocess.py:93} INFO - 	at scala.collection.Iterator$$anon$11.nextCur(Iterator.scala:486)
[2026-07-15T12:13:59.333+0000] {subprocess.py:93} INFO - 	at scala.collection.Iterator$$anon$11.hasNext(Iterator.scala:492)
[2026-07-15T12:13:59.334+0000] {subprocess.py:93} INFO - 	at scala.collection.Iterator$$anon$10.hasNext(Iterator.scala:460)
[2026-07-15T12:13:59.335+0000] {subprocess.py:93} INFO - 	at org.apache.spark.sql.execution.datasources.FileScanRDD$$anon$1.hasNext(FileScanRDD.scala:129)
[2026-07-15T12:13:59.336+0000] {subprocess.py:93} INFO - 	at org.apache.spark.sql.execution.datasources.FileScanRDD$$anon$1.nextIterator(FileScanRDD.scala:283)
[2026-07-15T12:13:59.337+0000] {subprocess.py:93} INFO - 	... 22 more
[2026-07-15T12:13:59.338+0000] {subprocess.py:93} INFO - Caused by: org.apache.spark.sql.catalyst.util.BadRecordException: com.fasterxml.jackson.core.JsonParseException: Illegal character ((CTRL-CHAR, code 0)): only regular white space (\r, \n, \t) is allowed between tokens
[2026-07-15T12:13:59.338+0000] {subprocess.py:93} INFO -  at [Source: (byte[])"\u0000\u0000\u0000\u0000\u0000\u0000\u0000\u0000\u0000\u0000\u0000\u0000\u0000\u0000\u0000\u0000\u0000\u0000\u0000\u0000\u0000\u0000\u0000\u0000\u0000\u0000\u0000\u0000\u0000\u0000\u0000\u0000\u0000\u0000\u0000\u0000\u0000\u0000\u0000\u0000\u0000\u0000\u0000\u0000\u0000\u0000\u0000\u0000\u0000\u0000\u0000\u0000\u0000\u0000\u0000\u0000\u0000\u0000\u0000\u0000\u0000\u0000\u0000\u0000\u0000\u0000\u0000\u0000\u0000\u0000\u0000\u0000\u0000\u0000\u0000\u0000\u0000\u0000\u0000\u0000\u0000\u0000\u0000\u0000\u0000\u0000\u0000\u0000\u0000\u0000\u0000\u0000\u0000\u0000\u0000\u0000\u0000\u0000\u0000\u0000\u0000\u0000\u0000\u0000\u0000\u0000\u0000\u0000\u0000\u0000\u0000\u0000\u0000\u0000\u0000\u0000\u0000\u0000\u0000\u0000\u0000\u0000\u0000\u0000\u0000\u0000\u0000\u0000\u0000\u0000\u0000\u0000\u0000\u0000\u0000\u0000\u0000\u0000\u0000\u0000\u0000\u0000\u0000\u0000\u0000\u0000\u0000\u0000\u0000\u0000\u0000\u0000\u0000\u0000\u0000\u0000\u0000\u0000\u0000\u0000\u0000\u0000\u0000\u0000\u0000\u0000\u0000\u0000\u0000\u0000\u0000\u0000\u0000\u0000\u0000\u0000\u0000\u0000\u0000\u0000\u0000\u0000\u0000\u0000\u0000\u0000\u0000\u0000\u0000\u0000\u0000\u0000\u0000\u0000\u0000\u0000\u0000\u0000\u0000\u0000\u0000\u0000\u0000\u0000\u0000\u0000\u0000\u0000\u0000\u0000\u0000\u0000\u0000\u0000\u0000\u0000\u0000\u0000\u0000\u0000\u0000\u0000\u0000\u0000\u0000\u0000\u0000\u0000\u0000\u0000\u0000\u0000\u0000\u0000\u0000\u0000\u0000\u0000\u0000\u0000\u0000\u0000\u0000\u0000\u0000\u0000\u0000\u0000\u0000\u0000\u0000\u0000\u0000\u0000\u0000\u0000\u0000\u0000\u0000\u0000\u0000\u0000\u0000\u0000\u0000\u0000\u0000\u0000\u0000\u0000\u0000\u0000\u0000\u0000\u0000\u0000\u0000\u0000\u0000\u0000\u0000\u0000\u0000\u0000\u0000\u0000\u0000\u0000\u0000\u0000\u0000\u0000\u0000\u0000\u0000\u0000\u0000\u0000\u0000\u0000\u0000\u0000\u0000\u0000\u0000\u0000\u0000\u0000\u0000\u0000\u0000\u0000\u0000\u0000\u0000\u0000\u0000\u0000\u0000\u0000\u0000\u0000\u0000\u0000\u0000\u0000\u0000\u0000\u0000\u0000\u0000\u0000\u0000\u0000\u0000\u0000\u0000\u0000\u0000\u0000\u0000\u0000\u0000\u0000\u0000\u0000\u0000\u0000\u0000\u0000\u0000\u0000\u0000\u0000\u0000\u0000\u0000\u0000\u0000\u0000\u0000\u0000\u0000\u0000\u0000\u0000\u0000\u0000\u0000\u0000\u0000\u0000\u0000\u0000\u0000\u0000\u0000\u0000\u0000\u0000\u0000\u0000\u0000\u0000\u0000\u0000\u0000\u0000\u0000\u0000\u0000\u0000\u0000\u0000\u0000\u0000\u0000\u0000\u0000\u0000\u0000\u0000\u0000\u0000\u0000\u0000\u0000\u0000\u0000\u0000\u0000\u0000\u0000\u0000\u0000\u0000\u0000\u0000\u0000\u0000\u0000\u0000\u0000\u0000\u0000\u0000\u0000\u0000\u0000\u0000\u0000\u0000\u0000\u0000\u0000\u0000\u0000\u0000\u0000\u0000\u0000\u0000\u0000\u0000\u0000\u0000\u0000\u0000\u0000\u0000\u0000\u0000\u0000\u0000\u0000\u0000\u0000\u0000\u0000\u0000\u0000\u0000\u0000\u0000\u0000\u0000\u0000\u0000\u0000\u0000\u0000\u0000\u0000\u0000\u0000\u0000\u0000\u0000\u0000\u0000\u0000\u0000\u0000\u0000\u0000\u0000\u0000\u0000\u0000\u0000\u0000\u0000\u0000\u0000\u0000\u0000\u0000\u0000\u0000\u0000"[truncated 454 bytes]; line: 1, column: 2]
[2026-07-15T12:13:59.339+0000] {subprocess.py:93} INFO - 	at org.apache.spark.sql.catalyst.json.JacksonParser.parse(JacksonParser.scala:594)
[2026-07-15T12:13:59.340+0000] {subprocess.py:93} INFO - 	at org.apache.spark.sql.execution.datasources.json.TextInputJsonDataSource$.$anonfun$readFile$7(JsonDataSource.scala:139)
[2026-07-15T12:13:59.341+0000] {subprocess.py:93} INFO - 	at org.apache.spark.sql.catalyst.util.FailureSafeParser.parse(FailureSafeParser.scala:60)
[2026-07-15T12:13:59.342+0000] {subprocess.py:93} INFO - 	... 28 more
[2026-07-15T12:13:59.343+0000] {subprocess.py:93} INFO - Caused by: com.fasterxml.jackson.core.JsonParseException: Illegal character ((CTRL-CHAR, code 0)): only regular white space (\r, \n, \t) is allowed between tokens
[2026-07-15T12:13:59.344+0000] {subprocess.py:93} INFO -  at [Source: (byte[])"\u0000\u0000\u0000\u0000\u0000\u0000\u0000\u0000\u0000\u0000\u0000\u0000\u0000\u0000\u0000\u0000\u0000\u0000\u0000\u0000\u0000\u0000\u0000\u0000\u0000\u0000\u0000\u0000\u0000\u0000\u0000\u0000\u0000\u0000\u0000\u0000\u0000\u0000\u0000\u0000\u0000\u0000\u0000\u0000\u0000\u0000\u0000\u0000\u0000\u0000\u0000\u0000\u0000\u0000\u0000\u0000\u0000\u0000\u0000\u0000\u0000\u0000\u0000\u0000\u0000\u0000\u0000\u0000\u0000\u0000\u0000\u0000\u0000\u0000\u0000\u0000\u0000\u0000\u0000\u0000\u0000\u0000\u0000\u0000\u0000\u0000\u0000\u0000\u0000\u0000\u0000\u0000\u0000\u0000\u0000\u0000\u0000\u0000\u0000\u0000\u0000\u0000\u0000\u0000\u0000\u0000\u0000\u0000\u0000\u0000\u0000\u0000\u0000\u0000\u0000\u0000\u0000\u0000\u0000\u0000\u0000\u0000\u0000\u0000\u0000\u0000\u0000\u0000\u0000\u0000\u0000\u0000\u0000\u0000\u0000\u0000\u0000\u0000\u0000\u0000\u0000\u0000\u0000\u0000\u0000\u0000\u0000\u0000\u0000\u0000\u0000\u0000\u0000\u0000\u0000\u0000\u0000\u0000\u0000\u0000\u0000\u0000\u0000\u0000\u0000\u0000\u0000\u0000\u0000\u0000\u0000\u0000\u0000\u0000\u0000\u0000\u0000\u0000\u0000\u0000\u0000\u0000\u0000\u0000\u0000\u0000\u0000\u0000\u0000\u0000\u0000\u0000\u0000\u0000\u0000\u0000\u0000\u0000\u0000\u0000\u0000\u0000\u0000\u0000\u0000\u0000\u0000\u0000\u0000\u0000\u0000\u0000\u0000\u0000\u0000\u0000\u0000\u0000\u0000\u0000\u0000\u0000\u0000\u0000\u0000\u0000\u0000\u0000\u0000\u0000\u0000\u0000\u0000\u0000\u0000\u0000\u0000\u0000\u0000\u0000\u0000\u0000\u0000\u0000\u0000\u0000\u0000\u0000\u0000\u0000\u0000\u0000\u0000\u0000\u0000\u0000\u0000\u0000\u0000\u0000\u0000\u0000\u0000\u0000\u0000\u0000\u0000\u0000\u0000\u0000\u0000\u0000\u0000\u0000\u0000\u0000\u0000\u0000\u0000\u0000\u0000\u0000\u0000\u0000\u0000\u0000\u0000\u0000\u0000\u0000\u0000\u0000\u0000\u0000\u0000\u0000\u0000\u0000\u0000\u0000\u0000\u0000\u0000\u0000\u0000\u0000\u0000\u0000\u0000\u0000\u0000\u0000\u0000\u0000\u0000\u0000\u0000\u0000\u0000\u0000\u0000\u0000\u0000\u0000\u0000\u0000\u0000\u0000\u0000\u0000\u0000\u0000\u0000\u0000\u0000\u0000\u0000\u0000\u0000\u0000\u0000\u0000\u0000\u0000\u0000\u0000\u0000\u0000\u0000\u0000\u0000\u0000\u0000\u0000\u0000\u0000\u0000\u0000\u0000\u0000\u0000\u0000\u0000\u0000\u0000\u0000\u0000\u0000\u0000\u0000\u0000\u0000\u0000\u0000\u0000\u0000\u0000\u0000\u0000\u0000\u0000\u0000\u0000\u0000\u0000\u0000\u0000\u0000\u0000\u0000\u0000\u0000\u0000\u0000\u0000\u0000\u0000\u0000\u0000\u0000\u0000\u0000\u0000\u0000\u0000\u0000\u0000\u0000\u0000\u0000\u0000\u0000\u0000\u0000\u0000\u0000\u0000\u0000\u0000\u0000\u0000\u0000\u0000\u0000\u0000\u0000\u0000\u0000\u0000\u0000\u0000\u0000\u0000\u0000\u0000\u0000\u0000\u0000\u0000\u0000\u0000\u0000\u0000\u0000\u0000\u0000\u0000\u0000\u0000\u0000\u0000\u0000\u0000\u0000\u0000\u0000\u0000\u0000\u0000\u0000\u0000\u0000\u0000\u0000\u0000\u0000\u0000\u0000\u0000\u0000\u0000\u0000\u0000\u0000\u0000\u0000\u0000\u0000\u0000\u0000\u0000\u0000\u0000\u0000\u0000\u0000\u0000\u0000\u0000\u0000\u0000\u0000\u0000\u0000\u0000\u0000\u0000\u0000\u0000\u0000"[truncated 454 bytes]; line: 1, column: 2]
[2026-07-15T12:13:59.345+0000] {subprocess.py:93} INFO - 	at com.fasterxml.jackson.core.JsonParser._constructError(JsonParser.java:2477)
[2026-07-15T12:13:59.346+0000] {subprocess.py:93} INFO - 	at com.fasterxml.jackson.core.base.ParserMinimalBase._reportError(ParserMinimalBase.java:750)
[2026-07-15T12:13:59.347+0000] {subprocess.py:93} INFO - 	at com.fasterxml.jackson.core.base.ParserMinimalBase._throwInvalidSpace(ParserMinimalBase.java:728)
[2026-07-15T12:13:59.350+0000] {subprocess.py:93} INFO - 	at com.fasterxml.jackson.core.json.ReaderBasedJsonParser._skipWSOrEnd(ReaderBasedJsonParser.java:2541)
[2026-07-15T12:13:59.351+0000] {subprocess.py:93} INFO - 	at com.fasterxml.jackson.core.json.ReaderBasedJsonParser.nextToken(ReaderBasedJsonParser.java:701)
[2026-07-15T12:13:59.352+0000] {subprocess.py:93} INFO - 	at org.apache.spark.sql.catalyst.json.JacksonParser.$anonfun$parse$2(JacksonParser.scala:580)
[2026-07-15T12:13:59.353+0000] {subprocess.py:93} INFO - 	at org.apache.spark.util.SparkErrorUtils.tryWithResource(SparkErrorUtils.scala:48)
[2026-07-15T12:13:59.354+0000] {subprocess.py:93} INFO - 	at org.apache.spark.util.SparkErrorUtils.tryWithResource$(SparkErrorUtils.scala:46)
[2026-07-15T12:13:59.354+0000] {subprocess.py:93} INFO - 	at org.apache.spark.util.Utils$.tryWithResource(Utils.scala:94)
[2026-07-15T12:13:59.355+0000] {subprocess.py:93} INFO - 	at org.apache.spark.sql.catalyst.json.JacksonParser.parse(JacksonParser.scala:577)
[2026-07-15T12:13:59.356+0000] {subprocess.py:93} INFO - 	... 30 more
[2026-07-15T12:13:59.357+0000] {subprocess.py:93} INFO - 
[2026-07-15T12:14:00.887+0000] {subprocess.py:93} INFO - 26/07/15 12:14:00 ERROR TaskSetManager: Task 0 in stage 1.0 failed 4 times; aborting job
[2026-07-15T12:14:01.441+0000] {subprocess.py:93} INFO - Traceback (most recent call last):
[2026-07-15T12:14:01.442+0000] {subprocess.py:93} INFO -   File "/opt/pipelines/bronze_runner.py", line 63, in <module>
[2026-07-15T12:14:01.444+0000] {subprocess.py:93} INFO -     bronze_df.writeStream
[2026-07-15T12:14:01.445+0000] {subprocess.py:93} INFO -   File "/opt/spark/python/lib/pyspark.zip/pyspark/sql/streaming/readwriter.py", line 1527, in start
[2026-07-15T12:14:01.447+0000] {subprocess.py:93} INFO -   File "/opt/spark/python/lib/py4j-0.10.9.7-src.zip/py4j/java_gateway.py", line 1322, in __call__
[2026-07-15T12:14:01.449+0000] {subprocess.py:93} INFO -   File "/opt/spark/python/lib/pyspark.zip/pyspark/errors/exceptions/captured.py", line 179, in deco
[2026-07-15T12:14:01.450+0000] {subprocess.py:93} INFO -   File "/opt/spark/python/lib/py4j-0.10.9.7-src.zip/py4j/protocol.py", line 326, in get_return_value
[2026-07-15T12:14:01.492+0000] {subprocess.py:93} INFO - py4j.protocol.Py4JJavaError: An error occurred while calling o66.start.
[2026-07-15T12:14:01.494+0000] {subprocess.py:93} INFO - : org.apache.spark.SparkException: Job aborted due to stage failure: Task 0 in stage 1.0 failed 4 times, most recent failure: Lost task 0.3 in stage 1.0 (TID 8) (172.18.0.6 executor 0): org.apache.spark.SparkException: Encountered error while reading file file:///opt/data/bronze/customers/_delta_log/00000000000000000005.json. Details:
[2026-07-15T12:14:01.495+0000] {subprocess.py:93} INFO - 	at org.apache.spark.sql.errors.QueryExecutionErrors$.cannotReadFilesError(QueryExecutionErrors.scala:863)
[2026-07-15T12:14:01.496+0000] {subprocess.py:93} INFO - 	at org.apache.spark.sql.execution.datasources.FileScanRDD$$anon$1.nextIterator(FileScanRDD.scala:293)
[2026-07-15T12:14:01.497+0000] {subprocess.py:93} INFO - 	at org.apache.spark.sql.execution.datasources.FileScanRDD$$anon$1.hasNext(FileScanRDD.scala:129)
[2026-07-15T12:14:01.499+0000] {subprocess.py:93} INFO - 	at scala.collection.Iterator$$anon$10.hasNext(Iterator.scala:460)
[2026-07-15T12:14:01.500+0000] {subprocess.py:93} INFO - 	at org.apache.spark.sql.catalyst.expressions.GeneratedClass$GeneratedIteratorForCodegenStage1.processNext(Unknown Source)
[2026-07-15T12:14:01.501+0000] {subprocess.py:93} INFO - 	at org.apache.spark.sql.execution.BufferedRowIterator.hasNext(BufferedRowIterator.java:43)
[2026-07-15T12:14:01.502+0000] {subprocess.py:93} INFO - 	at org.apache.spark.sql.execution.WholeStageCodegenEvaluatorFactory$WholeStageCodegenPartitionEvaluator$$anon$1.hasNext(WholeStageCodegenEvaluatorFactory.scala:43)
[2026-07-15T12:14:01.503+0000] {subprocess.py:93} INFO - 	at org.apache.spark.sql.execution.SparkPlan.$anonfun$getByteArrayRdd$1(SparkPlan.scala:388)
[2026-07-15T12:14:01.504+0000] {subprocess.py:93} INFO - 	at org.apache.spark.rdd.RDD.$anonfun$mapPartitionsInternal$2(RDD.scala:893)
[2026-07-15T12:14:01.505+0000] {subprocess.py:93} INFO - 	at org.apache.spark.rdd.RDD.$anonfun$mapPartitionsInternal$2$adapted(RDD.scala:893)
[2026-07-15T12:14:01.506+0000] {subprocess.py:93} INFO - 	at org.apache.spark.rdd.MapPartitionsRDD.compute(MapPartitionsRDD.scala:52)
[2026-07-15T12:14:01.507+0000] {subprocess.py:93} INFO - 	at org.apache.spark.rdd.RDD.computeOrReadCheckpoint(RDD.scala:367)
[2026-07-15T12:14:01.508+0000] {subprocess.py:93} INFO - 	at org.apache.spark.rdd.RDD.iterator(RDD.scala:331)
[2026-07-15T12:14:01.509+0000] {subprocess.py:93} INFO - 	at org.apache.spark.scheduler.ResultTask.runTask(ResultTask.scala:93)
[2026-07-15T12:14:01.510+0000] {subprocess.py:93} INFO - 	at org.apache.spark.TaskContext.runTaskWithListeners(TaskContext.scala:166)
[2026-07-15T12:14:01.511+0000] {subprocess.py:93} INFO - 	at org.apache.spark.scheduler.Task.run(Task.scala:141)
[2026-07-15T12:14:01.512+0000] {subprocess.py:93} INFO - 	at org.apache.spark.executor.Executor$TaskRunner.$anonfun$run$4(Executor.scala:620)
[2026-07-15T12:14:01.513+0000] {subprocess.py:93} INFO - 	at org.apache.spark.util.SparkErrorUtils.tryWithSafeFinally(SparkErrorUtils.scala:64)
[2026-07-15T12:14:01.515+0000] {subprocess.py:93} INFO - 	at org.apache.spark.util.SparkErrorUtils.tryWithSafeFinally$(SparkErrorUtils.scala:61)
[2026-07-15T12:14:01.516+0000] {subprocess.py:93} INFO - 	at org.apache.spark.util.Utils$.tryWithSafeFinally(Utils.scala:94)
[2026-07-15T12:14:01.517+0000] {subprocess.py:93} INFO - 	at org.apache.spark.executor.Executor$TaskRunner.run(Executor.scala:623)
[2026-07-15T12:14:01.518+0000] {subprocess.py:93} INFO - 	at java.base/java.util.concurrent.ThreadPoolExecutor.runWorker(Unknown Source)
[2026-07-15T12:14:01.520+0000] {subprocess.py:93} INFO - 	at java.base/java.util.concurrent.ThreadPoolExecutor$Worker.run(Unknown Source)
[2026-07-15T12:14:01.521+0000] {subprocess.py:93} INFO - 	at java.base/java.lang.Thread.run(Unknown Source)
[2026-07-15T12:14:01.521+0000] {subprocess.py:93} INFO - Caused by: org.apache.spark.SparkException: [MALFORMED_RECORD_IN_PARSING.WITHOUT_SUGGESTION] Malformed records are detected in record parsing: [null,null,null].
[2026-07-15T12:14:01.522+0000] {subprocess.py:93} INFO - Parse Mode: FAILFAST. To process malformed records as null result, try setting the option 'mode' as 'PERMISSIVE'.
[2026-07-15T12:14:01.524+0000] {subprocess.py:93} INFO - 	at org.apache.spark.sql.errors.QueryExecutionErrors$.malformedRecordsDetectedInRecordParsingError(QueryExecutionErrors.scala:1610)
[2026-07-15T12:14:01.524+0000] {subprocess.py:93} INFO - 	at org.apache.spark.sql.catalyst.util.FailureSafeParser.parse(FailureSafeParser.scala:79)
[2026-07-15T12:14:01.526+0000] {subprocess.py:93} INFO - 	at org.apache.spark.sql.execution.datasources.json.TextInputJsonDataSource$.$anonfun$readFile$9(JsonDataSource.scala:143)
[2026-07-15T12:14:01.527+0000] {subprocess.py:93} INFO - 	at scala.collection.Iterator$$anon$11.nextCur(Iterator.scala:486)
[2026-07-15T12:14:01.528+0000] {subprocess.py:93} INFO - 	at scala.collection.Iterator$$anon$11.hasNext(Iterator.scala:492)
[2026-07-15T12:14:01.530+0000] {subprocess.py:93} INFO - 	at scala.collection.Iterator$$anon$10.hasNext(Iterator.scala:460)
[2026-07-15T12:14:01.532+0000] {subprocess.py:93} INFO - 	at org.apache.spark.sql.execution.datasources.FileScanRDD$$anon$1.hasNext(FileScanRDD.scala:129)
[2026-07-15T12:14:01.533+0000] {subprocess.py:93} INFO - 	at org.apache.spark.sql.execution.datasources.FileScanRDD$$anon$1.nextIterator(FileScanRDD.scala:283)
[2026-07-15T12:14:01.534+0000] {subprocess.py:93} INFO - 	... 22 more
[2026-07-15T12:14:01.536+0000] {subprocess.py:93} INFO - Caused by: org.apache.spark.sql.catalyst.util.BadRecordException: com.fasterxml.jackson.core.JsonParseException: Illegal character ((CTRL-CHAR, code 0)): only regular white space (\r, \n, \t) is allowed between tokens
[2026-07-15T12:14:01.537+0000] {subprocess.py:93} INFO -  at [Source: (byte[])"\u0000\u0000\u0000\u0000\u0000\u0000\u0000\u0000\u0000\u0000\u0000\u0000\u0000\u0000\u0000\u0000\u0000\u0000\u0000\u0000\u0000\u0000\u0000\u0000\u0000\u0000\u0000\u0000\u0000\u0000\u0000\u0000\u0000\u0000\u0000\u0000\u0000\u0000\u0000\u0000\u0000\u0000\u0000\u0000\u0000\u0000\u0000\u0000\u0000\u0000\u0000\u0000\u0000\u0000\u0000\u0000\u0000\u0000\u0000\u0000\u0000\u0000\u0000\u0000\u0000\u0000\u0000\u0000\u0000\u0000\u0000\u0000\u0000\u0000\u0000\u0000\u0000\u0000\u0000\u0000\u0000\u0000\u0000\u0000\u0000\u0000\u0000\u0000\u0000\u0000\u0000\u0000\u0000\u0000\u0000\u0000\u0000\u0000\u0000\u0000\u0000\u0000\u0000\u0000\u0000\u0000\u0000\u0000\u0000\u0000\u0000\u0000\u0000\u0000\u0000\u0000\u0000\u0000\u0000\u0000\u0000\u0000\u0000\u0000\u0000\u0000\u0000\u0000\u0000\u0000\u0000\u0000\u0000\u0000\u0000\u0000\u0000\u0000\u0000\u0000\u0000\u0000\u0000\u0000\u0000\u0000\u0000\u0000\u0000\u0000\u0000\u0000\u0000\u0000\u0000\u0000\u0000\u0000\u0000\u0000\u0000\u0000\u0000\u0000\u0000\u0000\u0000\u0000\u0000\u0000\u0000\u0000\u0000\u0000\u0000\u0000\u0000\u0000\u0000\u0000\u0000\u0000\u0000\u0000\u0000\u0000\u0000\u0000\u0000\u0000\u0000\u0000\u0000\u0000\u0000\u0000\u0000\u0000\u0000\u0000\u0000\u0000\u0000\u0000\u0000\u0000\u0000\u0000\u0000\u0000\u0000\u0000\u0000\u0000\u0000\u0000\u0000\u0000\u0000\u0000\u0000\u0000\u0000\u0000\u0000\u0000\u0000\u0000\u0000\u0000\u0000\u0000\u0000\u0000\u0000\u0000\u0000\u0000\u0000\u0000\u0000\u0000\u0000\u0000\u0000\u0000\u0000\u0000\u0000\u0000\u0000\u0000\u0000\u0000\u0000\u0000\u0000\u0000\u0000\u0000\u0000\u0000\u0000\u0000\u0000\u0000\u0000\u0000\u0000\u0000\u0000\u0000\u0000\u0000\u0000\u0000\u0000\u0000\u0000\u0000\u0000\u0000\u0000\u0000\u0000\u0000\u0000\u0000\u0000\u0000\u0000\u0000\u0000\u0000\u0000\u0000\u0000\u0000\u0000\u0000\u0000\u0000\u0000\u0000\u0000\u0000\u0000\u0000\u0000\u0000\u0000\u0000\u0000\u0000\u0000\u0000\u0000\u0000\u0000\u0000\u0000\u0000\u0000\u0000\u0000\u0000\u0000\u0000\u0000\u0000\u0000\u0000\u0000\u0000\u0000\u0000\u0000\u0000\u0000\u0000\u0000\u0000\u0000\u0000\u0000\u0000\u0000\u0000\u0000\u0000\u0000\u0000\u0000\u0000\u0000\u0000\u0000\u0000\u0000\u0000\u0000\u0000\u0000\u0000\u0000\u0000\u0000\u0000\u0000\u0000\u0000\u0000\u0000\u0000\u0000\u0000\u0000\u0000\u0000\u0000\u0000\u0000\u0000\u0000\u0000\u0000\u0000\u0000\u0000\u0000\u0000\u0000\u0000\u0000\u0000\u0000\u0000\u0000\u0000\u0000\u0000\u0000\u0000\u0000\u0000\u0000\u0000\u0000\u0000\u0000\u0000\u0000\u0000\u0000\u0000\u0000\u0000\u0000\u0000\u0000\u0000\u0000\u0000\u0000\u0000\u0000\u0000\u0000\u0000\u0000\u0000\u0000\u0000\u0000\u0000\u0000\u0000\u0000\u0000\u0000\u0000\u0000\u0000\u0000\u0000\u0000\u0000\u0000\u0000\u0000\u0000\u0000\u0000\u0000\u0000\u0000\u0000\u0000\u0000\u0000\u0000\u0000\u0000\u0000\u0000\u0000\u0000\u0000\u0000\u0000\u0000\u0000\u0000\u0000\u0000\u0000\u0000\u0000\u0000\u0000\u0000\u0000\u0000\u0000\u0000\u0000\u0000\u0000\u0000\u0000\u0000\u0000\u0000\u0000\u0000\u0000\u0000\u0000\u0000\u0000"[truncated 454 bytes]; line: 1, column: 2]
[2026-07-15T12:14:01.539+0000] {subprocess.py:93} INFO - 	at org.apache.spark.sql.catalyst.json.JacksonParser.parse(JacksonParser.scala:594)
[2026-07-15T12:14:01.540+0000] {subprocess.py:93} INFO - 	at org.apache.spark.sql.execution.datasources.json.TextInputJsonDataSource$.$anonfun$readFile$7(JsonDataSource.scala:139)
[2026-07-15T12:14:01.541+0000] {subprocess.py:93} INFO - 	at org.apache.spark.sql.catalyst.util.FailureSafeParser.parse(FailureSafeParser.scala:60)
[2026-07-15T12:14:01.542+0000] {subprocess.py:93} INFO - 	... 28 more
[2026-07-15T12:14:01.543+0000] {subprocess.py:93} INFO - Caused by: com.fasterxml.jackson.core.JsonParseException: Illegal character ((CTRL-CHAR, code 0)): only regular white space (\r, \n, \t) is allowed between tokens
[2026-07-15T12:14:01.544+0000] {subprocess.py:93} INFO -  at [Source: (byte[])"\u0000\u0000\u0000\u0000\u0000\u0000\u0000\u0000\u0000\u0000\u0000\u0000\u0000\u0000\u0000\u0000\u0000\u0000\u0000\u0000\u0000\u0000\u0000\u0000\u0000\u0000\u0000\u0000\u0000\u0000\u0000\u0000\u0000\u0000\u0000\u0000\u0000\u0000\u0000\u0000\u0000\u0000\u0000\u0000\u0000\u0000\u0000\u0000\u0000\u0000\u0000\u0000\u0000\u0000\u0000\u0000\u0000\u0000\u0000\u0000\u0000\u0000\u0000\u0000\u0000\u0000\u0000\u0000\u0000\u0000\u0000\u0000\u0000\u0000\u0000\u0000\u0000\u0000\u0000\u0000\u0000\u0000\u0000\u0000\u0000\u0000\u0000\u0000\u0000\u0000\u0000\u0000\u0000\u0000\u0000\u0000\u0000\u0000\u0000\u0000\u0000\u0000\u0000\u0000\u0000\u0000\u0000\u0000\u0000\u0000\u0000\u0000\u0000\u0000\u0000\u0000\u0000\u0000\u0000\u0000\u0000\u0000\u0000\u0000\u0000\u0000\u0000\u0000\u0000\u0000\u0000\u0000\u0000\u0000\u0000\u0000\u0000\u0000\u0000\u0000\u0000\u0000\u0000\u0000\u0000\u0000\u0000\u0000\u0000\u0000\u0000\u0000\u0000\u0000\u0000\u0000\u0000\u0000\u0000\u0000\u0000\u0000\u0000\u0000\u0000\u0000\u0000\u0000\u0000\u0000\u0000\u0000\u0000\u0000\u0000\u0000\u0000\u0000\u0000\u0000\u0000\u0000\u0000\u0000\u0000\u0000\u0000\u0000\u0000\u0000\u0000\u0000\u0000\u0000\u0000\u0000\u0000\u0000\u0000\u0000\u0000\u0000\u0000\u0000\u0000\u0000\u0000\u0000\u0000\u0000\u0000\u0000\u0000\u0000\u0000\u0000\u0000\u0000\u0000\u0000\u0000\u0000\u0000\u0000\u0000\u0000\u0000\u0000\u0000\u0000\u0000\u0000\u0000\u0000\u0000\u0000\u0000\u0000\u0000\u0000\u0000\u0000\u0000\u0000\u0000\u0000\u0000\u0000\u0000\u0000\u0000\u0000\u0000\u0000\u0000\u0000\u0000\u0000\u0000\u0000\u0000\u0000\u0000\u0000\u0000\u0000\u0000\u0000\u0000\u0000\u0000\u0000\u0000\u0000\u0000\u0000\u0000\u0000\u0000\u0000\u0000\u0000\u0000\u0000\u0000\u0000\u0000\u0000\u0000\u0000\u0000\u0000\u0000\u0000\u0000\u0000\u0000\u0000\u0000\u0000\u0000\u0000\u0000\u0000\u0000\u0000\u0000\u0000\u0000\u0000\u0000\u0000\u0000\u0000\u0000\u0000\u0000\u0000\u0000\u0000\u0000\u0000\u0000\u0000\u0000\u0000\u0000\u0000\u0000\u0000\u0000\u0000\u0000\u0000\u0000\u0000\u0000\u0000\u0000\u0000\u0000\u0000\u0000\u0000\u0000\u0000\u0000\u0000\u0000\u0000\u0000\u0000\u0000\u0000\u0000\u0000\u0000\u0000\u0000\u0000\u0000\u0000\u0000\u0000\u0000\u0000\u0000\u0000\u0000\u0000\u0000\u0000\u0000\u0000\u0000\u0000\u0000\u0000\u0000\u0000\u0000\u0000\u0000\u0000\u0000\u0000\u0000\u0000\u0000\u0000\u0000\u0000\u0000\u0000\u0000\u0000\u0000\u0000\u0000\u0000\u0000\u0000\u0000\u0000\u0000\u0000\u0000\u0000\u0000\u0000\u0000\u0000\u0000\u0000\u0000\u0000\u0000\u0000\u0000\u0000\u0000\u0000\u0000\u0000\u0000\u0000\u0000\u0000\u0000\u0000\u0000\u0000\u0000\u0000\u0000\u0000\u0000\u0000\u0000\u0000\u0000\u0000\u0000\u0000\u0000\u0000\u0000\u0000\u0000\u0000\u0000\u0000\u0000\u0000\u0000\u0000\u0000\u0000\u0000\u0000\u0000\u0000\u0000\u0000\u0000\u0000\u0000\u0000\u0000\u0000\u0000\u0000\u0000\u0000\u0000\u0000\u0000\u0000\u0000\u0000\u0000\u0000\u0000\u0000\u0000\u0000\u0000\u0000\u0000\u0000\u0000\u0000\u0000\u0000\u0000\u0000\u0000\u0000\u0000\u0000"[truncated 454 bytes]; line: 1, column: 2]
[2026-07-15T12:14:01.544+0000] {subprocess.py:93} INFO - 	at com.fasterxml.jackson.core.JsonParser._constructError(JsonParser.java:2477)
[2026-07-15T12:14:01.545+0000] {subprocess.py:93} INFO - 	at com.fasterxml.jackson.core.base.ParserMinimalBase._reportError(ParserMinimalBase.java:750)
[2026-07-15T12:14:01.546+0000] {subprocess.py:93} INFO - 	at com.fasterxml.jackson.core.base.ParserMinimalBase._throwInvalidSpace(ParserMinimalBase.java:728)
[2026-07-15T12:14:01.548+0000] {subprocess.py:93} INFO - 	at com.fasterxml.jackson.core.json.ReaderBasedJsonParser._skipWSOrEnd(ReaderBasedJsonParser.java:2541)
[2026-07-15T12:14:01.549+0000] {subprocess.py:93} INFO - 	at com.fasterxml.jackson.core.json.ReaderBasedJsonParser.nextToken(ReaderBasedJsonParser.java:701)
[2026-07-15T12:14:01.552+0000] {subprocess.py:93} INFO - 	at org.apache.spark.sql.catalyst.json.JacksonParser.$anonfun$parse$2(JacksonParser.scala:580)
[2026-07-15T12:14:01.553+0000] {subprocess.py:93} INFO - 	at org.apache.spark.util.SparkErrorUtils.tryWithResource(SparkErrorUtils.scala:48)
[2026-07-15T12:14:01.554+0000] {subprocess.py:93} INFO - 	at org.apache.spark.util.SparkErrorUtils.tryWithResource$(SparkErrorUtils.scala:46)
[2026-07-15T12:14:01.555+0000] {subprocess.py:93} INFO - 	at org.apache.spark.util.Utils$.tryWithResource(Utils.scala:94)
[2026-07-15T12:14:01.556+0000] {subprocess.py:93} INFO - 	at org.apache.spark.sql.catalyst.json.JacksonParser.parse(JacksonParser.scala:577)
[2026-07-15T12:14:01.561+0000] {subprocess.py:93} INFO - 	... 30 more
[2026-07-15T12:14:01.563+0000] {subprocess.py:93} INFO - 
[2026-07-15T12:14:01.565+0000] {subprocess.py:93} INFO - Driver stacktrace:
[2026-07-15T12:14:01.567+0000] {subprocess.py:93} INFO - 	at org.apache.spark.scheduler.DAGScheduler.failJobAndIndependentStages(DAGScheduler.scala:2856)
[2026-07-15T12:14:01.569+0000] {subprocess.py:93} INFO - 	at org.apache.spark.scheduler.DAGScheduler.$anonfun$abortStage$2(DAGScheduler.scala:2792)
[2026-07-15T12:14:01.570+0000] {subprocess.py:93} INFO - 	at org.apache.spark.scheduler.DAGScheduler.$anonfun$abortStage$2$adapted(DAGScheduler.scala:2791)
[2026-07-15T12:14:01.571+0000] {subprocess.py:93} INFO - 	at scala.collection.mutable.ResizableArray.foreach(ResizableArray.scala:62)
[2026-07-15T12:14:01.572+0000] {subprocess.py:93} INFO - 	at scala.collection.mutable.ResizableArray.foreach$(ResizableArray.scala:55)
[2026-07-15T12:14:01.573+0000] {subprocess.py:93} INFO - 	at scala.collection.mutable.ArrayBuffer.foreach(ArrayBuffer.scala:49)
[2026-07-15T12:14:01.574+0000] {subprocess.py:93} INFO - 	at org.apache.spark.scheduler.DAGScheduler.abortStage(DAGScheduler.scala:2791)
[2026-07-15T12:14:01.575+0000] {subprocess.py:93} INFO - 	at org.apache.spark.scheduler.DAGScheduler.$anonfun$handleTaskSetFailed$1(DAGScheduler.scala:1247)
[2026-07-15T12:14:01.577+0000] {subprocess.py:93} INFO - 	at org.apache.spark.scheduler.DAGScheduler.$anonfun$handleTaskSetFailed$1$adapted(DAGScheduler.scala:1247)
[2026-07-15T12:14:01.583+0000] {subprocess.py:93} INFO - 	at scala.Option.foreach(Option.scala:407)
[2026-07-15T12:14:01.585+0000] {subprocess.py:93} INFO - 	at org.apache.spark.scheduler.DAGScheduler.handleTaskSetFailed(DAGScheduler.scala:1247)
[2026-07-15T12:14:01.587+0000] {subprocess.py:93} INFO - 	at org.apache.spark.scheduler.DAGSchedulerEventProcessLoop.doOnReceive(DAGScheduler.scala:3060)
[2026-07-15T12:14:01.592+0000] {subprocess.py:93} INFO - 	at org.apache.spark.scheduler.DAGSchedulerEventProcessLoop.onReceive(DAGScheduler.scala:2994)
[2026-07-15T12:14:01.594+0000] {subprocess.py:93} INFO - 	at org.apache.spark.scheduler.DAGSchedulerEventProcessLoop.onReceive(DAGScheduler.scala:2983)
[2026-07-15T12:14:01.600+0000] {subprocess.py:93} INFO - 	at org.apache.spark.util.EventLoop$$anon$1.run(EventLoop.scala:49)
[2026-07-15T12:14:01.602+0000] {subprocess.py:93} INFO - 	at org.apache.spark.scheduler.DAGScheduler.runJob(DAGScheduler.scala:989)
[2026-07-15T12:14:01.604+0000] {subprocess.py:93} INFO - 	at org.apache.spark.SparkContext.runJob(SparkContext.scala:2398)
[2026-07-15T12:14:01.605+0000] {subprocess.py:93} INFO - 	at org.apache.spark.SparkContext.runJob(SparkContext.scala:2419)
[2026-07-15T12:14:01.607+0000] {subprocess.py:93} INFO - 	at org.apache.spark.SparkContext.runJob(SparkContext.scala:2438)
[2026-07-15T12:14:01.609+0000] {subprocess.py:93} INFO - 	at org.apache.spark.SparkContext.runJob(SparkContext.scala:2463)
[2026-07-15T12:14:01.610+0000] {subprocess.py:93} INFO - 	at org.apache.spark.rdd.RDD.$anonfun$collect$1(RDD.scala:1049)
[2026-07-15T12:14:01.617+0000] {subprocess.py:93} INFO - 	at org.apache.spark.rdd.RDDOperationScope$.withScope(RDDOperationScope.scala:151)
[2026-07-15T12:14:01.621+0000] {subprocess.py:93} INFO - 	at org.apache.spark.rdd.RDDOperationScope$.withScope(RDDOperationScope.scala:112)
[2026-07-15T12:14:01.624+0000] {subprocess.py:93} INFO - 	at org.apache.spark.rdd.RDD.withScope(RDD.scala:410)
[2026-07-15T12:14:01.626+0000] {subprocess.py:93} INFO - 	at org.apache.spark.rdd.RDD.collect(RDD.scala:1048)
[2026-07-15T12:14:01.627+0000] {subprocess.py:93} INFO - 	at org.apache.spark.sql.execution.SparkPlan.executeCollect(SparkPlan.scala:448)
[2026-07-15T12:14:01.628+0000] {subprocess.py:93} INFO - 	at org.apache.spark.sql.Dataset.collectFromPlan(Dataset.scala:4332)
[2026-07-15T12:14:01.630+0000] {subprocess.py:93} INFO - 	at org.apache.spark.sql.Dataset.$anonfun$collect$1(Dataset.scala:3573)
[2026-07-15T12:14:01.631+0000] {subprocess.py:93} INFO - 	at org.apache.spark.sql.Dataset.$anonfun$withAction$2(Dataset.scala:4322)
[2026-07-15T12:14:01.632+0000] {subprocess.py:93} INFO - 	at org.apache.spark.sql.execution.QueryExecution$.withInternalError(QueryExecution.scala:546)
[2026-07-15T12:14:01.634+0000] {subprocess.py:93} INFO - 	at org.apache.spark.sql.Dataset.$anonfun$withAction$1(Dataset.scala:4320)
[2026-07-15T12:14:01.640+0000] {subprocess.py:93} INFO - 	at org.apache.spark.sql.execution.SQLExecution$.$anonfun$withNewExecutionId$6(SQLExecution.scala:125)
[2026-07-15T12:14:01.644+0000] {subprocess.py:93} INFO - 	at org.apache.spark.sql.execution.SQLExecution$.withSQLConfPropagated(SQLExecution.scala:201)
[2026-07-15T12:14:01.645+0000] {subprocess.py:93} INFO - 	at org.apache.spark.sql.execution.SQLExecution$.$anonfun$withNewExecutionId$1(SQLExecution.scala:108)
[2026-07-15T12:14:01.647+0000] {subprocess.py:93} INFO - 	at org.apache.spark.sql.SparkSession.withActive(SparkSession.scala:900)
[2026-07-15T12:14:01.649+0000] {subprocess.py:93} INFO - 	at org.apache.spark.sql.execution.SQLExecution$.withNewExecutionId(SQLExecution.scala:66)
[2026-07-15T12:14:01.653+0000] {subprocess.py:93} INFO - 	at org.apache.spark.sql.Dataset.withAction(Dataset.scala:4320)
[2026-07-15T12:14:01.655+0000] {subprocess.py:93} INFO - 	at org.apache.spark.sql.Dataset.collect(Dataset.scala:3573)
[2026-07-15T12:14:01.661+0000] {subprocess.py:93} INFO - 	at org.apache.spark.sql.delta.Snapshot.protocolMetadataAndICTReconstruction(Snapshot.scala:309)
[2026-07-15T12:14:01.666+0000] {subprocess.py:93} INFO - 	at org.apache.spark.sql.delta.Snapshot._reconstructedProtocolMetadataAndICT$lzycompute(Snapshot.scala:203)
[2026-07-15T12:14:01.672+0000] {subprocess.py:93} INFO - 	at org.apache.spark.sql.delta.Snapshot._reconstructedProtocolMetadataAndICT(Snapshot.scala:196)
[2026-07-15T12:14:01.673+0000] {subprocess.py:93} INFO - 	at org.apache.spark.sql.delta.Snapshot.metadata(Snapshot.scala:278)
[2026-07-15T12:14:01.675+0000] {subprocess.py:93} INFO - 	at org.apache.spark.sql.delta.managedcommit.CommitOwnerProvider$.getTableCommitOwner(CommitOwnerClient.scala:212)
[2026-07-15T12:14:01.677+0000] {subprocess.py:93} INFO - 	at org.apache.spark.sql.delta.Snapshot.initializeTableCommitOwner(Snapshot.scala:237)
[2026-07-15T12:14:01.679+0000] {subprocess.py:93} INFO - 	at org.apache.spark.sql.delta.Snapshot.<init>(Snapshot.scala:235)
[2026-07-15T12:14:01.685+0000] {subprocess.py:93} INFO - 	at org.apache.spark.sql.delta.SnapshotManagement.$anonfun$createSnapshot$2(SnapshotManagement.scala:634)
[2026-07-15T12:14:01.686+0000] {subprocess.py:93} INFO - 	at org.apache.spark.sql.delta.SnapshotManagement.createSnapshotFromGivenOrEquivalentLogSegment(SnapshotManagement.scala:796)
[2026-07-15T12:14:01.687+0000] {subprocess.py:93} INFO - 	at org.apache.spark.sql.delta.SnapshotManagement.createSnapshotFromGivenOrEquivalentLogSegment$(SnapshotManagement.scala:782)
[2026-07-15T12:14:01.688+0000] {subprocess.py:93} INFO - 	at org.apache.spark.sql.delta.DeltaLog.createSnapshotFromGivenOrEquivalentLogSegment(DeltaLog.scala:74)
[2026-07-15T12:14:01.689+0000] {subprocess.py:93} INFO - 	at org.apache.spark.sql.delta.SnapshotManagement.createSnapshot(SnapshotManagement.scala:627)
[2026-07-15T12:14:01.691+0000] {subprocess.py:93} INFO - 	at org.apache.spark.sql.delta.SnapshotManagement.createSnapshot$(SnapshotManagement.scala:618)
[2026-07-15T12:14:01.693+0000] {subprocess.py:93} INFO - 	at org.apache.spark.sql.delta.DeltaLog.createSnapshot(DeltaLog.scala:74)
[2026-07-15T12:14:01.694+0000] {subprocess.py:93} INFO - 	at org.apache.spark.sql.delta.SnapshotManagement.$anonfun$getSnapshotForLogSegmentInternal$1(SnapshotManagement.scala:1043)
[2026-07-15T12:14:01.696+0000] {subprocess.py:93} INFO - 	at scala.Option.map(Option.scala:230)
[2026-07-15T12:14:01.698+0000] {subprocess.py:93} INFO - 	at org.apache.spark.sql.delta.SnapshotManagement.getSnapshotForLogSegmentInternal(SnapshotManagement.scala:1036)
[2026-07-15T12:14:01.699+0000] {subprocess.py:93} INFO - 	at org.apache.spark.sql.delta.SnapshotManagement.getSnapshotForLogSegmentInternal$(SnapshotManagement.scala:1031)
[2026-07-15T12:14:01.700+0000] {subprocess.py:93} INFO - 	at org.apache.spark.sql.delta.DeltaLog.getSnapshotForLogSegmentInternal(DeltaLog.scala:74)
[2026-07-15T12:14:01.701+0000] {subprocess.py:93} INFO - 	at org.apache.spark.sql.delta.SnapshotManagement.getUpdatedSnapshot(SnapshotManagement.scala:1012)
[2026-07-15T12:14:01.702+0000] {subprocess.py:93} INFO - 	at org.apache.spark.sql.delta.SnapshotManagement.getUpdatedSnapshot$(SnapshotManagement.scala:1003)
[2026-07-15T12:14:01.707+0000] {subprocess.py:93} INFO - 	at org.apache.spark.sql.delta.DeltaLog.getUpdatedSnapshot(DeltaLog.scala:74)
[2026-07-15T12:14:01.708+0000] {subprocess.py:93} INFO - 	at org.apache.spark.sql.delta.SnapshotManagement.$anonfun$getSnapshotAtInit$2(SnapshotManagement.scala:583)
[2026-07-15T12:14:01.709+0000] {subprocess.py:93} INFO - 	at org.apache.spark.sql.delta.metering.DeltaLogging.recordFrameProfile(DeltaLogging.scala:168)
[2026-07-15T12:14:01.710+0000] {subprocess.py:93} INFO - 	at org.apache.spark.sql.delta.metering.DeltaLogging.recordFrameProfile$(DeltaLogging.scala:166)
[2026-07-15T12:14:01.711+0000] {subprocess.py:93} INFO - 	at org.apache.spark.sql.delta.DeltaLog.recordFrameProfile(DeltaLog.scala:74)
[2026-07-15T12:14:01.712+0000] {subprocess.py:93} INFO - 	at org.apache.spark.sql.delta.SnapshotManagement.$anonfun$getSnapshotAtInit$1(SnapshotManagement.scala:573)
[2026-07-15T12:14:01.715+0000] {subprocess.py:93} INFO - 	at org.apache.spark.sql.delta.SnapshotManagement.withSnapshotLockInterruptibly(SnapshotManagement.scala:78)
[2026-07-15T12:14:01.716+0000] {subprocess.py:93} INFO - 	at org.apache.spark.sql.delta.SnapshotManagement.withSnapshotLockInterruptibly$(SnapshotManagement.scala:75)
[2026-07-15T12:14:01.717+0000] {subprocess.py:93} INFO - 	at org.apache.spark.sql.delta.DeltaLog.withSnapshotLockInterruptibly(DeltaLog.scala:74)
[2026-07-15T12:14:01.718+0000] {subprocess.py:93} INFO - 	at org.apache.spark.sql.delta.SnapshotManagement.getSnapshotAtInit(SnapshotManagement.scala:573)
[2026-07-15T12:14:01.719+0000] {subprocess.py:93} INFO - 	at org.apache.spark.sql.delta.SnapshotManagement.getSnapshotAtInit$(SnapshotManagement.scala:572)
[2026-07-15T12:14:01.720+0000] {subprocess.py:93} INFO - 	at org.apache.spark.sql.delta.DeltaLog.getSnapshotAtInit(DeltaLog.scala:74)
[2026-07-15T12:14:01.721+0000] {subprocess.py:93} INFO - 	at org.apache.spark.sql.delta.SnapshotManagement.$init$(SnapshotManagement.scala:69)
[2026-07-15T12:14:01.722+0000] {subprocess.py:93} INFO - 	at org.apache.spark.sql.delta.DeltaLog.<init>(DeltaLog.scala:80)
[2026-07-15T12:14:01.723+0000] {subprocess.py:93} INFO - 	at org.apache.spark.sql.delta.DeltaLog$.$anonfun$apply$4(DeltaLog.scala:853)
[2026-07-15T12:14:01.724+0000] {subprocess.py:93} INFO - 	at org.apache.spark.sql.catalyst.plans.logical.AnalysisHelper$.allowInvokingTransformsInAnalyzer(AnalysisHelper.scala:323)
[2026-07-15T12:14:01.725+0000] {subprocess.py:93} INFO - 	at org.apache.spark.sql.delta.DeltaLog$.$anonfun$apply$3(DeltaLog.scala:848)
[2026-07-15T12:14:01.726+0000] {subprocess.py:93} INFO - 	at org.apache.spark.sql.delta.metering.DeltaLogging.recordFrameProfile(DeltaLogging.scala:168)
[2026-07-15T12:14:01.727+0000] {subprocess.py:93} INFO - 	at org.apache.spark.sql.delta.metering.DeltaLogging.recordFrameProfile$(DeltaLogging.scala:166)
[2026-07-15T12:14:01.728+0000] {subprocess.py:93} INFO - 	at org.apache.spark.sql.delta.DeltaLog$.recordFrameProfile(DeltaLog.scala:651)
[2026-07-15T12:14:01.730+0000] {subprocess.py:93} INFO - 	at org.apache.spark.sql.delta.metering.DeltaLogging.$anonfun$recordDeltaOperationInternal$1(DeltaLogging.scala:136)
[2026-07-15T12:14:01.732+0000] {subprocess.py:93} INFO - 	at com.databricks.spark.util.DatabricksLogging.recordOperation(DatabricksLogging.scala:128)
[2026-07-15T12:14:01.733+0000] {subprocess.py:93} INFO - 	at com.databricks.spark.util.DatabricksLogging.recordOperation$(DatabricksLogging.scala:117)
[2026-07-15T12:14:01.734+0000] {subprocess.py:93} INFO - 	at org.apache.spark.sql.delta.DeltaLog$.recordOperation(DeltaLog.scala:651)
[2026-07-15T12:14:01.735+0000] {subprocess.py:93} INFO - 	at org.apache.spark.sql.delta.metering.DeltaLogging.recordDeltaOperationInternal(DeltaLogging.scala:135)
[2026-07-15T12:14:01.736+0000] {subprocess.py:93} INFO - 	at org.apache.spark.sql.delta.metering.DeltaLogging.recordDeltaOperation(DeltaLogging.scala:125)
[2026-07-15T12:14:01.737+0000] {subprocess.py:93} INFO - 	at org.apache.spark.sql.delta.metering.DeltaLogging.recordDeltaOperation$(DeltaLogging.scala:115)
[2026-07-15T12:14:01.738+0000] {subprocess.py:93} INFO - 	at org.apache.spark.sql.delta.DeltaLog$.recordDeltaOperation(DeltaLog.scala:651)
[2026-07-15T12:14:01.739+0000] {subprocess.py:93} INFO - 	at org.apache.spark.sql.delta.DeltaLog$.createDeltaLog$1(DeltaLog.scala:847)
[2026-07-15T12:14:01.740+0000] {subprocess.py:93} INFO - 	at org.apache.spark.sql.delta.DeltaLog$.$anonfun$apply$5(DeltaLog.scala:866)
[2026-07-15T12:14:01.741+0000] {subprocess.py:93} INFO - 	at com.google.common.cache.LocalCache$LocalManualCache$1.load(LocalCache.java:4792)
[2026-07-15T12:14:01.742+0000] {subprocess.py:93} INFO - 	at com.google.common.cache.LocalCache$LoadingValueReference.loadFuture(LocalCache.java:3599)
[2026-07-15T12:14:01.743+0000] {subprocess.py:93} INFO - 	at com.google.common.cache.LocalCache$Segment.loadSync(LocalCache.java:2379)
[2026-07-15T12:14:01.744+0000] {subprocess.py:93} INFO - 	at com.google.common.cache.LocalCache$Segment.lockedGetOrLoad(LocalCache.java:2342)
[2026-07-15T12:14:01.745+0000] {subprocess.py:93} INFO - 	at com.google.common.cache.LocalCache$Segment.get(LocalCache.java:2257)
[2026-07-15T12:14:01.747+0000] {subprocess.py:93} INFO - 	at com.google.common.cache.LocalCache.get(LocalCache.java:4000)
[2026-07-15T12:14:01.748+0000] {subprocess.py:93} INFO - 	at com.google.common.cache.LocalCache$LocalManualCache.get(LocalCache.java:4789)
[2026-07-15T12:14:01.750+0000] {subprocess.py:93} INFO - 	at org.apache.spark.sql.delta.DeltaLog$.getDeltaLogFromCache$1(DeltaLog.scala:865)
[2026-07-15T12:14:01.751+0000] {subprocess.py:93} INFO - 	at org.apache.spark.sql.delta.DeltaLog$.apply(DeltaLog.scala:875)
[2026-07-15T12:14:01.752+0000] {subprocess.py:93} INFO - 	at org.apache.spark.sql.delta.DeltaLog$.apply(DeltaLog.scala:784)
[2026-07-15T12:14:01.754+0000] {subprocess.py:93} INFO - 	at org.apache.spark.sql.delta.DeltaLog$.forTable(DeltaLog.scala:746)
[2026-07-15T12:14:01.755+0000] {subprocess.py:93} INFO - 	at org.apache.spark.sql.delta.sources.DeltaSink.<init>(DeltaSink.scala:54)
[2026-07-15T12:14:01.758+0000] {subprocess.py:93} INFO - 	at org.apache.spark.sql.delta.sources.DeltaDataSource.createSink(DeltaDataSource.scala:174)
[2026-07-15T12:14:01.760+0000] {subprocess.py:93} INFO - 	at org.apache.spark.sql.execution.datasources.DataSource.createSink(DataSource.scala:313)
[2026-07-15T12:14:01.761+0000] {subprocess.py:93} INFO - 	at org.apache.spark.sql.streaming.DataStreamWriter.createV1Sink(DataStreamWriter.scala:442)
[2026-07-15T12:14:01.763+0000] {subprocess.py:93} INFO - 	at org.apache.spark.sql.streaming.DataStreamWriter.startInternal(DataStreamWriter.scala:404)
[2026-07-15T12:14:01.764+0000] {subprocess.py:93} INFO - 	at org.apache.spark.sql.streaming.DataStreamWriter.start(DataStreamWriter.scala:251)
[2026-07-15T12:14:01.766+0000] {subprocess.py:93} INFO - 	at java.base/jdk.internal.reflect.NativeMethodAccessorImpl.invoke0(Native Method)
[2026-07-15T12:14:01.767+0000] {subprocess.py:93} INFO - 	at java.base/jdk.internal.reflect.NativeMethodAccessorImpl.invoke(Unknown Source)
[2026-07-15T12:14:01.769+0000] {subprocess.py:93} INFO - 	at java.base/jdk.internal.reflect.DelegatingMethodAccessorImpl.invoke(Unknown Source)
[2026-07-15T12:14:01.771+0000] {subprocess.py:93} INFO - 	at java.base/java.lang.reflect.Method.invoke(Unknown Source)
[2026-07-15T12:14:01.772+0000] {subprocess.py:93} INFO - 	at py4j.reflection.MethodInvoker.invoke(MethodInvoker.java:244)
[2026-07-15T12:14:01.773+0000] {subprocess.py:93} INFO - 	at py4j.reflection.ReflectionEngine.invoke(ReflectionEngine.java:374)
[2026-07-15T12:14:01.775+0000] {subprocess.py:93} INFO - 	at py4j.Gateway.invoke(Gateway.java:282)
[2026-07-15T12:14:01.776+0000] {subprocess.py:93} INFO - 	at py4j.commands.AbstractCommand.invokeMethod(AbstractCommand.java:132)
[2026-07-15T12:14:01.777+0000] {subprocess.py:93} INFO - 	at py4j.commands.CallCommand.execute(CallCommand.java:79)
[2026-07-15T12:14:01.778+0000] {subprocess.py:93} INFO - 	at py4j.ClientServerConnection.waitForCommands(ClientServerConnection.java:182)
[2026-07-15T12:14:01.781+0000] {subprocess.py:93} INFO - 	at py4j.ClientServerConnection.run(ClientServerConnection.java:106)
[2026-07-15T12:14:01.783+0000] {subprocess.py:93} INFO - 	at java.base/java.lang.Thread.run(Unknown Source)
[2026-07-15T12:14:01.784+0000] {subprocess.py:93} INFO - Caused by: org.apache.spark.SparkException: Encountered error while reading file file:///opt/data/bronze/customers/_delta_log/00000000000000000005.json. Details:
[2026-07-15T12:14:01.786+0000] {subprocess.py:93} INFO - 	at org.apache.spark.sql.errors.QueryExecutionErrors$.cannotReadFilesError(QueryExecutionErrors.scala:863)
[2026-07-15T12:14:01.787+0000] {subprocess.py:93} INFO - 	at org.apache.spark.sql.execution.datasources.FileScanRDD$$anon$1.nextIterator(FileScanRDD.scala:293)
[2026-07-15T12:14:01.788+0000] {subprocess.py:93} INFO - 	at org.apache.spark.sql.execution.datasources.FileScanRDD$$anon$1.hasNext(FileScanRDD.scala:129)
[2026-07-15T12:14:01.790+0000] {subprocess.py:93} INFO - 	at scala.collection.Iterator$$anon$10.hasNext(Iterator.scala:460)
[2026-07-15T12:14:01.791+0000] {subprocess.py:93} INFO - 	at org.apache.spark.sql.catalyst.expressions.GeneratedClass$GeneratedIteratorForCodegenStage1.processNext(Unknown Source)
[2026-07-15T12:14:01.792+0000] {subprocess.py:93} INFO - 	at org.apache.spark.sql.execution.BufferedRowIterator.hasNext(BufferedRowIterator.java:43)
[2026-07-15T12:14:01.793+0000] {subprocess.py:93} INFO - 	at org.apache.spark.sql.execution.WholeStageCodegenEvaluatorFactory$WholeStageCodegenPartitionEvaluator$$anon$1.hasNext(WholeStageCodegenEvaluatorFactory.scala:43)
[2026-07-15T12:14:01.795+0000] {subprocess.py:93} INFO - 	at org.apache.spark.sql.execution.SparkPlan.$anonfun$getByteArrayRdd$1(SparkPlan.scala:388)
[2026-07-15T12:14:01.796+0000] {subprocess.py:93} INFO - 	at org.apache.spark.rdd.RDD.$anonfun$mapPartitionsInternal$2(RDD.scala:893)
[2026-07-15T12:14:01.797+0000] {subprocess.py:93} INFO - 	at org.apache.spark.rdd.RDD.$anonfun$mapPartitionsInternal$2$adapted(RDD.scala:893)
[2026-07-15T12:14:01.799+0000] {subprocess.py:93} INFO - 	at org.apache.spark.rdd.MapPartitionsRDD.compute(MapPartitionsRDD.scala:52)
[2026-07-15T12:14:01.800+0000] {subprocess.py:93} INFO - 	at org.apache.spark.rdd.RDD.computeOrReadCheckpoint(RDD.scala:367)
[2026-07-15T12:14:01.802+0000] {subprocess.py:93} INFO - 	at org.apache.spark.rdd.RDD.iterator(RDD.scala:331)
[2026-07-15T12:14:01.802+0000] {subprocess.py:93} INFO - 	at org.apache.spark.scheduler.ResultTask.runTask(ResultTask.scala:93)
[2026-07-15T12:14:01.803+0000] {subprocess.py:93} INFO - 	at org.apache.spark.TaskContext.runTaskWithListeners(TaskContext.scala:166)
[2026-07-15T12:14:01.804+0000] {subprocess.py:93} INFO - 	at org.apache.spark.scheduler.Task.run(Task.scala:141)
[2026-07-15T12:14:01.805+0000] {subprocess.py:93} INFO - 	at org.apache.spark.executor.Executor$TaskRunner.$anonfun$run$4(Executor.scala:620)
[2026-07-15T12:14:01.806+0000] {subprocess.py:93} INFO - 	at org.apache.spark.util.SparkErrorUtils.tryWithSafeFinally(SparkErrorUtils.scala:64)
[2026-07-15T12:14:01.807+0000] {subprocess.py:93} INFO - 	at org.apache.spark.util.SparkErrorUtils.tryWithSafeFinally$(SparkErrorUtils.scala:61)
[2026-07-15T12:14:01.808+0000] {subprocess.py:93} INFO - 	at org.apache.spark.util.Utils$.tryWithSafeFinally(Utils.scala:94)
[2026-07-15T12:14:01.809+0000] {subprocess.py:93} INFO - 	at org.apache.spark.executor.Executor$TaskRunner.run(Executor.scala:623)
[2026-07-15T12:14:01.810+0000] {subprocess.py:93} INFO - 	at java.base/java.util.concurrent.ThreadPoolExecutor.runWorker(Unknown Source)
[2026-07-15T12:14:01.811+0000] {subprocess.py:93} INFO - 	at java.base/java.util.concurrent.ThreadPoolExecutor$Worker.run(Unknown Source)
[2026-07-15T12:14:01.812+0000] {subprocess.py:93} INFO - 	... 1 more
[2026-07-15T12:14:01.814+0000] {subprocess.py:93} INFO - Caused by: org.apache.spark.SparkException: [MALFORMED_RECORD_IN_PARSING.WITHOUT_SUGGESTION] Malformed records are detected in record parsing: [null,null,null].
[2026-07-15T12:14:01.816+0000] {subprocess.py:93} INFO - Parse Mode: FAILFAST. To process malformed records as null result, try setting the option 'mode' as 'PERMISSIVE'.
[2026-07-15T12:14:01.818+0000] {subprocess.py:93} INFO - 	at org.apache.spark.sql.errors.QueryExecutionErrors$.malformedRecordsDetectedInRecordParsingError(QueryExecutionErrors.scala:1610)
[2026-07-15T12:14:01.819+0000] {subprocess.py:93} INFO - 	at org.apache.spark.sql.catalyst.util.FailureSafeParser.parse(FailureSafeParser.scala:79)
[2026-07-15T12:14:01.820+0000] {subprocess.py:93} INFO - 	at org.apache.spark.sql.execution.datasources.json.TextInputJsonDataSource$.$anonfun$readFile$9(JsonDataSource.scala:143)
[2026-07-15T12:14:01.820+0000] {subprocess.py:93} INFO - 	at scala.collection.Iterator$$anon$11.nextCur(Iterator.scala:486)
[2026-07-15T12:14:01.821+0000] {subprocess.py:93} INFO - 	at scala.collection.Iterator$$anon$11.hasNext(Iterator.scala:492)
[2026-07-15T12:14:01.822+0000] {subprocess.py:93} INFO - 	at scala.collection.Iterator$$anon$10.hasNext(Iterator.scala:460)
[2026-07-15T12:14:01.823+0000] {subprocess.py:93} INFO - 	at org.apache.spark.sql.execution.datasources.FileScanRDD$$anon$1.hasNext(FileScanRDD.scala:129)
[2026-07-15T12:14:01.823+0000] {subprocess.py:93} INFO - 	at org.apache.spark.sql.execution.datasources.FileScanRDD$$anon$1.nextIterator(FileScanRDD.scala:283)
[2026-07-15T12:14:01.824+0000] {subprocess.py:93} INFO - 	... 22 more
[2026-07-15T12:14:01.825+0000] {subprocess.py:93} INFO - Caused by: org.apache.spark.sql.catalyst.util.BadRecordException: com.fasterxml.jackson.core.JsonParseException: Illegal character ((CTRL-CHAR, code 0)): only regular white space (\r, \n, \t) is allowed between tokens
[2026-07-15T12:14:01.825+0000] {subprocess.py:93} INFO -  at [Source: (byte[])"\u0000\u0000\u0000\u0000\u0000\u0000\u0000\u0000\u0000\u0000\u0000\u0000\u0000\u0000\u0000\u0000\u0000\u0000\u0000\u0000\u0000\u0000\u0000\u0000\u0000\u0000\u0000\u0000\u0000\u0000\u0000\u0000\u0000\u0000\u0000\u0000\u0000\u0000\u0000\u0000\u0000\u0000\u0000\u0000\u0000\u0000\u0000\u0000\u0000\u0000\u0000\u0000\u0000\u0000\u0000\u0000\u0000\u0000\u0000\u0000\u0000\u0000\u0000\u0000\u0000\u0000\u0000\u0000\u0000\u0000\u0000\u0000\u0000\u0000\u0000\u0000\u0000\u0000\u0000\u0000\u0000\u0000\u0000\u0000\u0000\u0000\u0000\u0000\u0000\u0000\u0000\u0000\u0000\u0000\u0000\u0000\u0000\u0000\u0000\u0000\u0000\u0000\u0000\u0000\u0000\u0000\u0000\u0000\u0000\u0000\u0000\u0000\u0000\u0000\u0000\u0000\u0000\u0000\u0000\u0000\u0000\u0000\u0000\u0000\u0000\u0000\u0000\u0000\u0000\u0000\u0000\u0000\u0000\u0000\u0000\u0000\u0000\u0000\u0000\u0000\u0000\u0000\u0000\u0000\u0000\u0000\u0000\u0000\u0000\u0000\u0000\u0000\u0000\u0000\u0000\u0000\u0000\u0000\u0000\u0000\u0000\u0000\u0000\u0000\u0000\u0000\u0000\u0000\u0000\u0000\u0000\u0000\u0000\u0000\u0000\u0000\u0000\u0000\u0000\u0000\u0000\u0000\u0000\u0000\u0000\u0000\u0000\u0000\u0000\u0000\u0000\u0000\u0000\u0000\u0000\u0000\u0000\u0000\u0000\u0000\u0000\u0000\u0000\u0000\u0000\u0000\u0000\u0000\u0000\u0000\u0000\u0000\u0000\u0000\u0000\u0000\u0000\u0000\u0000\u0000\u0000\u0000\u0000\u0000\u0000\u0000\u0000\u0000\u0000\u0000\u0000\u0000\u0000\u0000\u0000\u0000\u0000\u0000\u0000\u0000\u0000\u0000\u0000\u0000\u0000\u0000\u0000\u0000\u0000\u0000\u0000\u0000\u0000\u0000\u0000\u0000\u0000\u0000\u0000\u0000\u0000\u0000\u0000\u0000\u0000\u0000\u0000\u0000\u0000\u0000\u0000\u0000\u0000\u0000\u0000\u0000\u0000\u0000\u0000\u0000\u0000\u0000\u0000\u0000\u0000\u0000\u0000\u0000\u0000\u0000\u0000\u0000\u0000\u0000\u0000\u0000\u0000\u0000\u0000\u0000\u0000\u0000\u0000\u0000\u0000\u0000\u0000\u0000\u0000\u0000\u0000\u0000\u0000\u0000\u0000\u0000\u0000\u0000\u0000\u0000\u0000\u0000\u0000\u0000\u0000\u0000\u0000\u0000\u0000\u0000\u0000\u0000\u0000\u0000\u0000\u0000\u0000\u0000\u0000\u0000\u0000\u0000\u0000\u0000\u0000\u0000\u0000\u0000\u0000\u0000\u0000\u0000\u0000\u0000\u0000\u0000\u0000\u0000\u0000\u0000\u0000\u0000\u0000\u0000\u0000\u0000\u0000\u0000\u0000\u0000\u0000\u0000\u0000\u0000\u0000\u0000\u0000\u0000\u0000\u0000\u0000\u0000\u0000\u0000\u0000\u0000\u0000\u0000\u0000\u0000\u0000\u0000\u0000\u0000\u0000\u0000\u0000\u0000\u0000\u0000\u0000\u0000\u0000\u0000\u0000\u0000\u0000\u0000\u0000\u0000\u0000\u0000\u0000\u0000\u0000\u0000\u0000\u0000\u0000\u0000\u0000\u0000\u0000\u0000\u0000\u0000\u0000\u0000\u0000\u0000\u0000\u0000\u0000\u0000\u0000\u0000\u0000\u0000\u0000\u0000\u0000\u0000\u0000\u0000\u0000\u0000\u0000\u0000\u0000\u0000\u0000\u0000\u0000\u0000\u0000\u0000\u0000\u0000\u0000\u0000\u0000\u0000\u0000\u0000\u0000\u0000\u0000\u0000\u0000\u0000\u0000\u0000\u0000\u0000\u0000\u0000\u0000\u0000\u0000\u0000\u0000\u0000\u0000\u0000\u0000\u0000\u0000\u0000\u0000\u0000\u0000\u0000\u0000\u0000\u0000\u0000\u0000\u0000\u0000\u0000"[truncated 454 bytes]; line: 1, column: 2]
[2026-07-15T12:14:01.826+0000] {subprocess.py:93} INFO - 	at org.apache.spark.sql.catalyst.json.JacksonParser.parse(JacksonParser.scala:594)
[2026-07-15T12:14:01.827+0000] {subprocess.py:93} INFO - 	at org.apache.spark.sql.execution.datasources.json.TextInputJsonDataSource$.$anonfun$readFile$7(JsonDataSource.scala:139)
[2026-07-15T12:14:01.827+0000] {subprocess.py:93} INFO - 	at org.apache.spark.sql.catalyst.util.FailureSafeParser.parse(FailureSafeParser.scala:60)
[2026-07-15T12:14:01.828+0000] {subprocess.py:93} INFO - 	... 28 more
[2026-07-15T12:14:01.829+0000] {subprocess.py:93} INFO - Caused by: com.fasterxml.jackson.core.JsonParseException: Illegal character ((CTRL-CHAR, code 0)): only regular white space (\r, \n, \t) is allowed between tokens
[2026-07-15T12:14:01.830+0000] {subprocess.py:93} INFO -  at [Source: UNKNOWN; line: 1, column: 2]
[2026-07-15T12:14:01.831+0000] {subprocess.py:93} INFO - 	at com.fasterxml.jackson.core.JsonParser._constructError(JsonParser.java:2477)
[2026-07-15T12:14:01.832+0000] {subprocess.py:93} INFO - 	at com.fasterxml.jackson.core.base.ParserMinimalBase._reportError(ParserMinimalBase.java:750)
[2026-07-15T12:14:01.833+0000] {subprocess.py:93} INFO - 	at com.fasterxml.jackson.core.base.ParserMinimalBase._throwInvalidSpace(ParserMinimalBase.java:728)
[2026-07-15T12:14:01.835+0000] {subprocess.py:93} INFO - 	at com.fasterxml.jackson.core.json.ReaderBasedJsonParser._skipWSOrEnd(ReaderBasedJsonParser.java:2541)
[2026-07-15T12:14:01.836+0000] {subprocess.py:93} INFO - 	at com.fasterxml.jackson.core.json.ReaderBasedJsonParser.nextToken(ReaderBasedJsonParser.java:701)
[2026-07-15T12:14:01.837+0000] {subprocess.py:93} INFO - 	at org.apache.spark.sql.catalyst.json.JacksonParser.$anonfun$parse$2(JacksonParser.scala:580)
[2026-07-15T12:14:01.838+0000] {subprocess.py:93} INFO - 	at org.apache.spark.util.SparkErrorUtils.tryWithResource(SparkErrorUtils.scala:48)
[2026-07-15T12:14:01.839+0000] {subprocess.py:93} INFO - 	at org.apache.spark.util.SparkErrorUtils.tryWithResource$(SparkErrorUtils.scala:46)
[2026-07-15T12:14:01.839+0000] {subprocess.py:93} INFO - 	at org.apache.spark.util.Utils$.tryWithResource(Utils.scala:94)
[2026-07-15T12:14:01.840+0000] {subprocess.py:93} INFO - 	at org.apache.spark.sql.catalyst.json.JacksonParser.parse(JacksonParser.scala:577)
[2026-07-15T12:14:01.841+0000] {subprocess.py:93} INFO - 	... 30 more
[2026-07-15T12:14:01.841+0000] {subprocess.py:93} INFO - 
[2026-07-15T12:14:01.842+0000] {subprocess.py:93} INFO - 26/07/15 12:14:01 ERROR MicroBatchExecution: Query [id = 9401f051-375d-4d50-9d98-cc67e7758517, runId = da8e904b-e8c0-41e0-8f69-8dd50b001bbb] terminated with error
[2026-07-15T12:14:01.843+0000] {subprocess.py:93} INFO - org.apache.spark.SparkException: [INTERNAL_ERROR] The Spark SQL phase planning failed with an internal error. You hit a bug in Spark or the Spark plugins you use. Please, report this bug to the corresponding communities or vendors, and provide the full stack trace.
[2026-07-15T12:14:01.844+0000] {subprocess.py:93} INFO - 	at org.apache.spark.SparkException$.internalError(SparkException.scala:107)
[2026-07-15T12:14:01.844+0000] {subprocess.py:93} INFO - 	at org.apache.spark.sql.execution.QueryExecution$.toInternalError(QueryExecution.scala:536)
[2026-07-15T12:14:01.845+0000] {subprocess.py:93} INFO - 	at org.apache.spark.sql.execution.QueryExecution$.withInternalError(QueryExecution.scala:548)
[2026-07-15T12:14:01.846+0000] {subprocess.py:93} INFO - 	at org.apache.spark.sql.execution.QueryExecution.$anonfun$executePhase$1(QueryExecution.scala:219)
[2026-07-15T12:14:01.846+0000] {subprocess.py:93} INFO - 	at org.apache.spark.sql.SparkSession.withActive(SparkSession.scala:900)
[2026-07-15T12:14:01.848+0000] {subprocess.py:93} INFO - 	at org.apache.spark.sql.execution.QueryExecution.executePhase(QueryExecution.scala:218)
[2026-07-15T12:14:01.849+0000] {subprocess.py:93} INFO - 	at org.apache.spark.sql.execution.QueryExecution.executedPlan$lzycompute(QueryExecution.scala:186)
[2026-07-15T12:14:01.850+0000] {subprocess.py:93} INFO - 	at org.apache.spark.sql.execution.QueryExecution.executedPlan(QueryExecution.scala:179)
[2026-07-15T12:14:01.850+0000] {subprocess.py:93} INFO - 	at org.apache.spark.sql.execution.streaming.MicroBatchExecution.$anonfun$runBatch$15(MicroBatchExecution.scala:720)
[2026-07-15T12:14:01.851+0000] {subprocess.py:93} INFO - 	at org.apache.spark.sql.execution.streaming.ProgressReporter.reportTimeTaken(ProgressReporter.scala:427)
[2026-07-15T12:14:01.852+0000] {subprocess.py:93} INFO - 	at org.apache.spark.sql.execution.streaming.ProgressReporter.reportTimeTaken$(ProgressReporter.scala:425)
[2026-07-15T12:14:01.853+0000] {subprocess.py:93} INFO - 	at org.apache.spark.sql.execution.streaming.StreamExecution.reportTimeTaken(StreamExecution.scala:67)
[2026-07-15T12:14:01.854+0000] {subprocess.py:93} INFO - 	at org.apache.spark.sql.execution.streaming.MicroBatchExecution.runBatch(MicroBatchExecution.scala:708)
[2026-07-15T12:14:01.854+0000] {subprocess.py:93} INFO - 	at org.apache.spark.sql.execution.streaming.MicroBatchExecution.$anonfun$runActivatedStream$2(MicroBatchExecution.scala:286)
[2026-07-15T12:14:01.855+0000] {subprocess.py:93} INFO - 	at scala.runtime.java8.JFunction0$mcV$sp.apply(JFunction0$mcV$sp.java:23)
[2026-07-15T12:14:01.856+0000] {subprocess.py:93} INFO - 	at org.apache.spark.sql.execution.streaming.ProgressReporter.reportTimeTaken(ProgressReporter.scala:427)
[2026-07-15T12:14:01.857+0000] {subprocess.py:93} INFO - 	at org.apache.spark.sql.execution.streaming.ProgressReporter.reportTimeTaken$(ProgressReporter.scala:425)
[2026-07-15T12:14:01.857+0000] {subprocess.py:93} INFO - 	at org.apache.spark.sql.execution.streaming.StreamExecution.reportTimeTaken(StreamExecution.scala:67)
[2026-07-15T12:14:01.858+0000] {subprocess.py:93} INFO - 	at org.apache.spark.sql.execution.streaming.MicroBatchExecution.$anonfun$runActivatedStream$1(MicroBatchExecution.scala:249)
[2026-07-15T12:14:01.859+0000] {subprocess.py:93} INFO - 	at org.apache.spark.sql.execution.streaming.ProcessingTimeExecutor.execute(TriggerExecutor.scala:67)
[2026-07-15T12:14:01.860+0000] {subprocess.py:93} INFO - 	at org.apache.spark.sql.execution.streaming.MicroBatchExecution.runActivatedStream(MicroBatchExecution.scala:239)
[2026-07-15T12:14:01.860+0000] {subprocess.py:93} INFO - 	at org.apache.spark.sql.execution.streaming.StreamExecution.$anonfun$runStream$1(StreamExecution.scala:311)
[2026-07-15T12:14:01.861+0000] {subprocess.py:93} INFO - 	at scala.runtime.java8.JFunction0$mcV$sp.apply(JFunction0$mcV$sp.java:23)
[2026-07-15T12:14:01.862+0000] {subprocess.py:93} INFO - 	at org.apache.spark.sql.SparkSession.withActive(SparkSession.scala:900)
[2026-07-15T12:14:01.863+0000] {subprocess.py:93} INFO - 	at org.apache.spark.sql.execution.streaming.StreamExecution.org$apache$spark$sql$execution$streaming$StreamExecution$$runStream(StreamExecution.scala:289)
[2026-07-15T12:14:01.865+0000] {subprocess.py:93} INFO - 	at org.apache.spark.sql.execution.streaming.StreamExecution$$anon$1.$anonfun$run$1(StreamExecution.scala:211)
[2026-07-15T12:14:01.867+0000] {subprocess.py:93} INFO - 	at scala.runtime.java8.JFunction0$mcV$sp.apply(JFunction0$mcV$sp.java:23)
[2026-07-15T12:14:01.868+0000] {subprocess.py:93} INFO - 	at org.apache.spark.JobArtifactSet$.withActiveJobArtifactState(JobArtifactSet.scala:94)
[2026-07-15T12:14:01.869+0000] {subprocess.py:93} INFO - 	at org.apache.spark.sql.execution.streaming.StreamExecution$$anon$1.run(StreamExecution.scala:211)
[2026-07-15T12:14:01.869+0000] {subprocess.py:93} INFO - Caused by: java.lang.NullPointerException
[2026-07-15T12:14:01.870+0000] {subprocess.py:93} INFO - 	at org.apache.spark.sql.kafka010.KafkaOffsetReaderAdmin.getSortedExecutorList(KafkaOffsetReaderAdmin.scala:436)
[2026-07-15T12:14:01.871+0000] {subprocess.py:93} INFO - 	at org.apache.spark.sql.kafka010.KafkaOffsetReaderAdmin.getOffsetRangesFromResolvedOffsets(KafkaOffsetReaderAdmin.scala:491)
[2026-07-15T12:14:01.872+0000] {subprocess.py:93} INFO - 	at org.apache.spark.sql.kafka010.KafkaMicroBatchStream.planInputPartitions(KafkaMicroBatchStream.scala:201)
[2026-07-15T12:14:01.874+0000] {subprocess.py:93} INFO - 	at org.apache.spark.sql.execution.datasources.v2.MicroBatchScanExec.inputPartitions$lzycompute(MicroBatchScanExec.scala:46)
[2026-07-15T12:14:01.875+0000] {subprocess.py:93} INFO - 	at org.apache.spark.sql.execution.datasources.v2.MicroBatchScanExec.inputPartitions(MicroBatchScanExec.scala:46)
[2026-07-15T12:14:01.876+0000] {subprocess.py:93} INFO - 	at org.apache.spark.sql.execution.datasources.v2.DataSourceV2ScanExecBase.supportsColumnar(DataSourceV2ScanExecBase.scala:179)
[2026-07-15T12:14:01.877+0000] {subprocess.py:93} INFO - 	at org.apache.spark.sql.execution.datasources.v2.DataSourceV2ScanExecBase.supportsColumnar$(DataSourceV2ScanExecBase.scala:175)
[2026-07-15T12:14:01.878+0000] {subprocess.py:93} INFO - 	at org.apache.spark.sql.execution.datasources.v2.MicroBatchScanExec.supportsColumnar(MicroBatchScanExec.scala:29)
[2026-07-15T12:14:01.879+0000] {subprocess.py:93} INFO - 	at org.apache.spark.sql.execution.RemoveRedundantProjects$.isRedundant(RemoveRedundantProjects.scala:101)
[2026-07-15T12:14:01.880+0000] {subprocess.py:93} INFO - 	at org.apache.spark.sql.execution.RemoveRedundantProjects$.removeProject(RemoveRedundantProjects.scala:51)
[2026-07-15T12:14:01.882+0000] {subprocess.py:93} INFO - 	at org.apache.spark.sql.execution.RemoveRedundantProjects$.apply(RemoveRedundantProjects.scala:44)
[2026-07-15T12:14:01.884+0000] {subprocess.py:93} INFO - 	at org.apache.spark.sql.execution.RemoveRedundantProjects$.apply(RemoveRedundantProjects.scala:39)
[2026-07-15T12:14:01.885+0000] {subprocess.py:93} INFO - 	at org.apache.spark.sql.execution.QueryExecution$.$anonfun$prepareForExecution$1(QueryExecution.scala:477)
[2026-07-15T12:14:01.886+0000] {subprocess.py:93} INFO - 	at scala.collection.LinearSeqOptimized.foldLeft(LinearSeqOptimized.scala:126)
[2026-07-15T12:14:01.887+0000] {subprocess.py:93} INFO - 	at scala.collection.LinearSeqOptimized.foldLeft$(LinearSeqOptimized.scala:122)
[2026-07-15T12:14:01.888+0000] {subprocess.py:93} INFO - 	at scala.collection.immutable.List.foldLeft(List.scala:91)
[2026-07-15T12:14:01.889+0000] {subprocess.py:93} INFO - 	at org.apache.spark.sql.execution.QueryExecution$.prepareForExecution(QueryExecution.scala:476)
[2026-07-15T12:14:01.890+0000] {subprocess.py:93} INFO - 	at org.apache.spark.sql.execution.QueryExecution.$anonfun$executedPlan$1(QueryExecution.scala:186)
[2026-07-15T12:14:01.891+0000] {subprocess.py:93} INFO - 	at org.apache.spark.sql.catalyst.QueryPlanningTracker.measurePhase(QueryPlanningTracker.scala:138)
[2026-07-15T12:14:01.892+0000] {subprocess.py:93} INFO - 	at org.apache.spark.sql.execution.QueryExecution.$anonfun$executePhase$2(QueryExecution.scala:219)
[2026-07-15T12:14:01.893+0000] {subprocess.py:93} INFO - 	at org.apache.spark.sql.execution.QueryExecution$.withInternalError(QueryExecution.scala:546)
[2026-07-15T12:14:01.894+0000] {subprocess.py:93} INFO - 	... 26 more
[2026-07-15T12:14:02.100+0000] {subprocess.py:97} INFO - Command exited with return code 1
[2026-07-15T12:14:02.104+0000] {taskinstance.py:441} INFO - ::group::Post task execution logs
[2026-07-15T12:14:02.122+0000] {taskinstance.py:2890} ERROR - Task failed with exception
Traceback (most recent call last):
  File "/home/airflow/.local/lib/python3.12/site-packages/airflow/models/taskinstance.py", line 465, in _execute_task
    result = _execute_callable(context=context, **execute_callable_kwargs)
             ^^^^^^^^^^^^^^^^^^^^^^^^^^^^^^^^^^^^^^^^^^^^^^^^^^^^^^^^^^^^^
  File "/home/airflow/.local/lib/python3.12/site-packages/airflow/models/taskinstance.py", line 432, in _execute_callable
    return execute_callable(context=context, **execute_callable_kwargs)
           ^^^^^^^^^^^^^^^^^^^^^^^^^^^^^^^^^^^^^^^^^^^^^^^^^^^^^^^^^^^^
  File "/home/airflow/.local/lib/python3.12/site-packages/airflow/models/baseoperator.py", line 400, in wrapper
    return func(self, *args, **kwargs)
           ^^^^^^^^^^^^^^^^^^^^^^^^^^^
  File "/home/airflow/.local/lib/python3.12/site-packages/airflow/operators/bash.py", line 243, in execute
    raise AirflowException(
airflow.exceptions.AirflowException: Bash command failed. The command returned a non-zero exit code 1.
[2026-07-15T12:14:02.132+0000] {taskinstance.py:1205} INFO - Marking task as UP_FOR_RETRY. dag_id=e-commerce_kafka_streaming_pipeline_v1, task_id=run_bronze, execution_date=20260715T121314, start_date=20260715T121325, end_date=20260715T121402
[2026-07-15T12:14:02.157+0000] {standard_task_runner.py:110} ERROR - Failed to execute job 46 for task run_bronze (Bash command failed. The command returned a non-zero exit code 1.; 573)
[2026-07-15T12:14:02.173+0000] {local_task_job_runner.py:240} INFO - Task exited with return code 1
[2026-07-15T12:14:02.199+0000] {taskinstance.py:3482} INFO - 0 downstream tasks scheduled from follow-on schedule check
[2026-07-15T12:14:02.204+0000] {local_task_job_runner.py:222} INFO - ::endgroup::
