[2026-06-17T02:27:54.791+0000] {local_task_job_runner.py:120} INFO - ::group::Pre task execution logs
[2026-06-17T02:27:55.021+0000] {taskinstance.py:2073} INFO - Dependencies all met for dep_context=non-requeueable deps ti=<TaskInstance: e-commerce_kafka_streaming_pipeline_v10.run_bronze scheduled__2026-06-16T15:00:00+00:00 [queued]>
[2026-06-17T02:27:55.042+0000] {taskinstance.py:2073} INFO - Dependencies all met for dep_context=requeueable deps ti=<TaskInstance: e-commerce_kafka_streaming_pipeline_v10.run_bronze scheduled__2026-06-16T15:00:00+00:00 [queued]>
[2026-06-17T02:27:55.044+0000] {taskinstance.py:2303} INFO - Starting attempt 2 of 2
[2026-06-17T02:27:55.078+0000] {taskinstance.py:2327} INFO - Executing <Task(BashOperator): run_bronze> on 2026-06-16 15:00:00+00:00
[2026-06-17T02:27:55.092+0000] {standard_task_runner.py:90} INFO - Running: ['***', 'tasks', 'run', 'e-commerce_kafka_streaming_pipeline_v10', 'run_bronze', 'scheduled__2026-06-16T15:00:00+00:00', '--job-id', '33', '--raw', '--subdir', 'DAGS_FOLDER/sdp_pipeline_dag.py', '--cfg-path', '/tmp/tmptejgl_4d']
[2026-06-17T02:27:55.098+0000] {standard_task_runner.py:91} INFO - Job 33: Subtask run_bronze
[2026-06-17T02:27:55.106+0000] {logging_mixin.py:188} WARNING - /home/***/.local/lib/python3.12/site-packages/***/task/task_runner/standard_task_runner.py:61 DeprecationWarning: This process (pid=1796) is multi-threaded, use of fork() may lead to deadlocks in the child.
[2026-06-17T02:27:55.113+0000] {standard_task_runner.py:63} INFO - Started process 1799 to run task
[2026-06-17T02:27:55.266+0000] {task_command.py:426} INFO - Running <TaskInstance: e-commerce_kafka_streaming_pipeline_v10.run_bronze scheduled__2026-06-16T15:00:00+00:00 [running]> on host c5880b5b3b6f
[2026-06-17T02:27:55.525+0000] {taskinstance.py:2644} INFO - Exporting env vars: AIRFLOW_CTX_DAG_OWNER='dev' AIRFLOW_CTX_DAG_ID='e-commerce_kafka_streaming_pipeline_v10' AIRFLOW_CTX_TASK_ID='run_bronze' AIRFLOW_CTX_EXECUTION_DATE='2026-06-16T15:00:00+00:00' AIRFLOW_CTX_TRY_NUMBER='2' AIRFLOW_CTX_DAG_RUN_ID='scheduled__2026-06-16T15:00:00+00:00'
[2026-06-17T02:27:55.529+0000] {taskinstance.py:430} INFO - ::endgroup::
[2026-06-17T02:27:55.589+0000] {subprocess.py:63} INFO - Tmp dir root location: /tmp
[2026-06-17T02:27:55.593+0000] {subprocess.py:75} INFO - Running command: ['/usr/bin/bash', '-c', 'timeout 120s docker run --rm --network streaming_kafka_project_sdp-net --volume /d/Streaming_kafka_project/pipelines:/opt/pipelines --volume /d/Streaming_kafka_project/data:/opt/data --volume /d/Streaming_kafka_project/checkpoints:/opt/checkpoints --volume /d/Streaming_kafka_project/jars:/opt/jars apache/spark:3.5.1 /opt/spark/bin/spark-submit --master spark://sdp-spark-master:7077 --executor-cores 1 --executor-memory 512m --total-executor-cores 3 --jars /opt/jars/delta-spark_2.12-3.2.0.jar,/opt/jars/delta-storage-3.2.0.jar,/opt/jars/spark-sql-kafka-0-10_2.12-3.5.1.jar,/opt/jars/kafka-clients-3.4.1.jar,/opt/jars/spark-token-provider-kafka-0-10_2.12-3.5.1.jar,/opt/jars/commons-pool2-2.11.1.jar --conf spark.sql.extensions=io.delta.sql.DeltaSparkSessionExtension --conf spark.sql.catalog.spark_catalog=org.apache.spark.sql.delta.catalog.DeltaCatalog  /opt/pipelines/bronze_runner.py']
[2026-06-17T02:27:55.623+0000] {subprocess.py:86} INFO - Output:
[2026-06-17T02:28:08.558+0000] {subprocess.py:93} INFO - 26/06/17 02:28:08 WARN NativeCodeLoader: Unable to load native-hadoop library for your platform... using builtin-java classes where applicable
[2026-06-17T02:28:12.599+0000] {subprocess.py:93} INFO - 26/06/17 02:28:12 INFO SparkContext: Running Spark version 3.5.1
[2026-06-17T02:28:12.601+0000] {subprocess.py:93} INFO - 26/06/17 02:28:12 INFO SparkContext: OS info Linux, 6.6.114.1-microsoft-standard-WSL2, amd64
[2026-06-17T02:28:12.612+0000] {subprocess.py:93} INFO - 26/06/17 02:28:12 INFO SparkContext: Java version 11.0.22
[2026-06-17T02:28:12.851+0000] {subprocess.py:93} INFO - 26/06/17 02:28:12 INFO ResourceUtils: ==============================================================
[2026-06-17T02:28:12.853+0000] {subprocess.py:93} INFO - 26/06/17 02:28:12 INFO ResourceUtils: No custom resources configured for spark.driver.
[2026-06-17T02:28:12.855+0000] {subprocess.py:93} INFO - 26/06/17 02:28:12 INFO ResourceUtils: ==============================================================
[2026-06-17T02:28:12.859+0000] {subprocess.py:93} INFO - 26/06/17 02:28:12 INFO SparkContext: Submitted application: SDP-Bronze
[2026-06-17T02:28:13.039+0000] {subprocess.py:93} INFO - 26/06/17 02:28:13 INFO ResourceProfile: Default ResourceProfile created, executor resources: Map(cores -> name: cores, amount: 1, script: , vendor: , memory -> name: memory, amount: 512, script: , vendor: , offHeap -> name: offHeap, amount: 0, script: , vendor: ), task resources: Map(cpus -> name: cpus, amount: 1.0)
[2026-06-17T02:28:13.143+0000] {subprocess.py:93} INFO - 26/06/17 02:28:13 INFO ResourceProfile: Limiting resource is cpus at 1 tasks per executor
[2026-06-17T02:28:13.155+0000] {subprocess.py:93} INFO - 26/06/17 02:28:13 INFO ResourceProfileManager: Added ResourceProfile id: 0
[2026-06-17T02:28:13.516+0000] {subprocess.py:93} INFO - 26/06/17 02:28:13 INFO SecurityManager: Changing view acls to: spark
[2026-06-17T02:28:13.525+0000] {subprocess.py:93} INFO - 26/06/17 02:28:13 INFO SecurityManager: Changing modify acls to: spark
[2026-06-17T02:28:13.531+0000] {subprocess.py:93} INFO - 26/06/17 02:28:13 INFO SecurityManager: Changing view acls groups to:
[2026-06-17T02:28:13.536+0000] {subprocess.py:93} INFO - 26/06/17 02:28:13 INFO SecurityManager: Changing modify acls groups to:
[2026-06-17T02:28:13.537+0000] {subprocess.py:93} INFO - 26/06/17 02:28:13 INFO SecurityManager: SecurityManager: authentication disabled; ui acls disabled; users with view permissions: spark; groups with view permissions: EMPTY; users with modify permissions: spark; groups with modify permissions: EMPTY
[2026-06-17T02:28:15.149+0000] {subprocess.py:93} INFO - 26/06/17 02:28:15 INFO Utils: Successfully started service 'sparkDriver' on port 46279.
[2026-06-17T02:28:15.455+0000] {subprocess.py:93} INFO - 26/06/17 02:28:15 INFO SparkEnv: Registering MapOutputTracker
[2026-06-17T02:28:15.690+0000] {subprocess.py:93} INFO - 26/06/17 02:28:15 INFO SparkEnv: Registering BlockManagerMaster
[2026-06-17T02:28:15.861+0000] {subprocess.py:93} INFO - 26/06/17 02:28:15 INFO BlockManagerMasterEndpoint: Using org.apache.spark.storage.DefaultTopologyMapper for getting topology information
[2026-06-17T02:28:15.866+0000] {subprocess.py:93} INFO - 26/06/17 02:28:15 INFO BlockManagerMasterEndpoint: BlockManagerMasterEndpoint up
[2026-06-17T02:28:15.880+0000] {subprocess.py:93} INFO - 26/06/17 02:28:15 INFO SparkEnv: Registering BlockManagerMasterHeartbeat
[2026-06-17T02:28:16.092+0000] {subprocess.py:93} INFO - 26/06/17 02:28:16 INFO DiskBlockManager: Created local directory at /tmp/blockmgr-7c9fedcc-e4ea-444e-a2e0-dc56d4dfd1fb
[2026-06-17T02:28:16.325+0000] {subprocess.py:93} INFO - 26/06/17 02:28:16 INFO MemoryStore: MemoryStore started with capacity 434.4 MiB
[2026-06-17T02:28:16.452+0000] {subprocess.py:93} INFO - 26/06/17 02:28:16 INFO SparkEnv: Registering OutputCommitCoordinator
[2026-06-17T02:28:17.442+0000] {subprocess.py:93} INFO - 26/06/17 02:28:17 INFO JettyUtils: Start Jetty 0.0.0.0:4040 for SparkUI
[2026-06-17T02:28:17.739+0000] {subprocess.py:93} INFO - 26/06/17 02:28:17 INFO Utils: Successfully started service 'SparkUI' on port 4040.
[2026-06-17T02:28:17.981+0000] {subprocess.py:93} INFO - 26/06/17 02:28:17 INFO SparkContext: Added JAR file:///opt/jars/delta-spark_2.12-3.2.0.jar at spark://d05d10ea39cb:46279/jars/delta-spark_2.12-3.2.0.jar with timestamp 1781663292552
[2026-06-17T02:28:17.991+0000] {subprocess.py:93} INFO - 26/06/17 02:28:17 INFO SparkContext: Added JAR file:///opt/jars/delta-storage-3.2.0.jar at spark://d05d10ea39cb:46279/jars/delta-storage-3.2.0.jar with timestamp 1781663292552
[2026-06-17T02:28:17.992+0000] {subprocess.py:93} INFO - 26/06/17 02:28:17 INFO SparkContext: Added JAR file:///opt/jars/spark-sql-kafka-0-10_2.12-3.5.1.jar at spark://d05d10ea39cb:46279/jars/spark-sql-kafka-0-10_2.12-3.5.1.jar with timestamp 1781663292552
[2026-06-17T02:28:18.000+0000] {subprocess.py:93} INFO - 26/06/17 02:28:17 INFO SparkContext: Added JAR file:///opt/jars/kafka-clients-3.4.1.jar at spark://d05d10ea39cb:46279/jars/kafka-clients-3.4.1.jar with timestamp 1781663292552
[2026-06-17T02:28:18.001+0000] {subprocess.py:93} INFO - 26/06/17 02:28:17 INFO SparkContext: Added JAR file:///opt/jars/spark-token-provider-kafka-0-10_2.12-3.5.1.jar at spark://d05d10ea39cb:46279/jars/spark-token-provider-kafka-0-10_2.12-3.5.1.jar with timestamp 1781663292552
[2026-06-17T02:28:18.015+0000] {subprocess.py:93} INFO - 26/06/17 02:28:17 INFO SparkContext: Added JAR file:///opt/jars/commons-pool2-2.11.1.jar at spark://d05d10ea39cb:46279/jars/commons-pool2-2.11.1.jar with timestamp 1781663292552
[2026-06-17T02:28:18.520+0000] {subprocess.py:93} INFO - 26/06/17 02:28:18 INFO StandaloneAppClient$ClientEndpoint: Connecting to master spark://sdp-spark-master:7077...
[2026-06-17T02:28:18.888+0000] {subprocess.py:93} INFO - 26/06/17 02:28:18 INFO TransportClientFactory: Successfully created connection to sdp-spark-master/172.18.0.3:7077 after 168 ms (0 ms spent in bootstraps)
[2026-06-17T02:28:19.379+0000] {subprocess.py:93} INFO - 26/06/17 02:28:19 INFO StandaloneSchedulerBackend: Connected to Spark cluster with app ID app-20260617022819-0018
[2026-06-17T02:28:19.391+0000] {subprocess.py:93} INFO - 26/06/17 02:28:19 INFO StandaloneAppClient$ClientEndpoint: Executor added: app-20260617022819-0018/0 on worker-20260616111838-172.18.0.5-35429 (172.18.0.5:35429) with 1 core(s)
[2026-06-17T02:28:19.424+0000] {subprocess.py:93} INFO - 26/06/17 02:28:19 INFO StandaloneSchedulerBackend: Granted executor ID app-20260617022819-0018/0 on hostPort 172.18.0.5:35429 with 1 core(s), 512.0 MiB RAM
[2026-06-17T02:28:19.444+0000] {subprocess.py:93} INFO - 26/06/17 02:28:19 INFO StandaloneAppClient$ClientEndpoint: Executor added: app-20260617022819-0018/1 on worker-20260616111838-172.18.0.5-35429 (172.18.0.5:35429) with 1 core(s)
[2026-06-17T02:28:19.451+0000] {subprocess.py:93} INFO - 26/06/17 02:28:19 INFO StandaloneSchedulerBackend: Granted executor ID app-20260617022819-0018/1 on hostPort 172.18.0.5:35429 with 1 core(s), 512.0 MiB RAM
[2026-06-17T02:28:19.465+0000] {subprocess.py:93} INFO - 26/06/17 02:28:19 INFO StandaloneAppClient$ClientEndpoint: Executor added: app-20260617022819-0018/2 on worker-20260616111838-172.18.0.6-45657 (172.18.0.6:45657) with 1 core(s)
[2026-06-17T02:28:19.476+0000] {subprocess.py:93} INFO - 26/06/17 02:28:19 INFO Utils: Successfully started service 'org.apache.spark.network.netty.NettyBlockTransferService' on port 34113.
[2026-06-17T02:28:19.478+0000] {subprocess.py:93} INFO - 26/06/17 02:28:19 INFO NettyBlockTransferService: Server created on d05d10ea39cb:34113
[2026-06-17T02:28:19.491+0000] {subprocess.py:93} INFO - 26/06/17 02:28:19 INFO StandaloneSchedulerBackend: Granted executor ID app-20260617022819-0018/2 on hostPort 172.18.0.6:45657 with 1 core(s), 512.0 MiB RAM
[2026-06-17T02:28:19.501+0000] {subprocess.py:93} INFO - 26/06/17 02:28:19 INFO BlockManager: Using org.apache.spark.storage.RandomBlockReplicationPolicy for block replication policy
[2026-06-17T02:28:19.581+0000] {subprocess.py:93} INFO - 26/06/17 02:28:19 INFO BlockManagerMaster: Registering BlockManager BlockManagerId(driver, d05d10ea39cb, 34113, None)
[2026-06-17T02:28:19.628+0000] {subprocess.py:93} INFO - 26/06/17 02:28:19 INFO BlockManagerMasterEndpoint: Registering block manager d05d10ea39cb:34113 with 434.4 MiB RAM, BlockManagerId(driver, d05d10ea39cb, 34113, None)
[2026-06-17T02:28:19.650+0000] {subprocess.py:93} INFO - 26/06/17 02:28:19 INFO BlockManagerMaster: Registered BlockManager BlockManagerId(driver, d05d10ea39cb, 34113, None)
[2026-06-17T02:28:19.676+0000] {subprocess.py:93} INFO - 26/06/17 02:28:19 INFO BlockManager: Initialized BlockManager: BlockManagerId(driver, d05d10ea39cb, 34113, None)
[2026-06-17T02:28:20.150+0000] {subprocess.py:93} INFO - 26/06/17 02:28:20 INFO StandaloneAppClient$ClientEndpoint: Executor updated: app-20260617022819-0018/2 is now RUNNING
[2026-06-17T02:28:20.179+0000] {subprocess.py:93} INFO - 26/06/17 02:28:20 INFO StandaloneAppClient$ClientEndpoint: Executor updated: app-20260617022819-0018/0 is now RUNNING
[2026-06-17T02:28:20.222+0000] {subprocess.py:93} INFO - 26/06/17 02:28:20 INFO StandaloneAppClient$ClientEndpoint: Executor updated: app-20260617022819-0018/1 is now RUNNING
[2026-06-17T02:28:22.328+0000] {subprocess.py:93} INFO - 26/06/17 02:28:22 INFO StandaloneSchedulerBackend: SchedulerBackend is ready for scheduling beginning after reached minRegisteredResourcesRatio: 0.0
[2026-06-17T02:28:24.081+0000] {subprocess.py:93} INFO - Starting stream: orders -> /opt/data/bronze/orders
[2026-06-17T02:29:59.981+0000] {subprocess.py:97} INFO - Command exited with return code 124
[2026-06-17T02:30:00.016+0000] {taskinstance.py:441} INFO - ::group::Post task execution logs
[2026-06-17T02:30:00.128+0000] {taskinstance.py:2890} ERROR - Task failed with exception
Traceback (most recent call last):
  File "/home/airflow/.local/lib/python3.12/site-packages/airflow/models/taskinstance.py", line 465, in _execute_task
    result = _execute_callable(context=context, **execute_callable_kwargs)
             ^^^^^^^^^^^^^^^^^^^^^^^^^^^^^^^^^^^^^^^^^^^^^^^^^^^^^^^^^^^^^
  File "/home/airflow/.local/lib/python3.12/site-packages/airflow/models/taskinstance.py", line 432, in _execute_callable
    return execute_callable(context=context, **execute_callable_kwargs)
           ^^^^^^^^^^^^^^^^^^^^^^^^^^^^^^^^^^^^^^^^^^^^^^^^^^^^^^^^^^^^
  File "/home/airflow/.local/lib/python3.12/site-packages/airflow/models/baseoperator.py", line 400, in wrapper
    return func(self, *args, **kwargs)
           ^^^^^^^^^^^^^^^^^^^^^^^^^^^
  File "/home/airflow/.local/lib/python3.12/site-packages/airflow/operators/bash.py", line 243, in execute
    raise AirflowException(
airflow.exceptions.AirflowException: Bash command failed. The command returned a non-zero exit code 124.
[2026-06-17T02:30:00.179+0000] {taskinstance.py:1205} INFO - Marking task as FAILED. dag_id=e-commerce_kafka_streaming_pipeline_v10, task_id=run_bronze, execution_date=20260616T150000, start_date=20260617T022755, end_date=20260617T023000
[2026-06-17T02:30:00.419+0000] {standard_task_runner.py:110} ERROR - Failed to execute job 33 for task run_bronze (Bash command failed. The command returned a non-zero exit code 124.; 1799)
[2026-06-17T02:30:00.521+0000] {local_task_job_runner.py:240} INFO - Task exited with return code 1
[2026-06-17T02:30:00.768+0000] {taskinstance.py:3482} INFO - 0 downstream tasks scheduled from follow-on schedule check
[2026-06-17T02:30:00.820+0000] {local_task_job_runner.py:222} INFO - ::endgroup::
