[2026-07-20T07:00:01.135+0000] {local_task_job_runner.py:120} INFO - ::group::Pre task execution logs
[2026-07-20T07:00:01.164+0000] {taskinstance.py:2073} INFO - Dependencies all met for dep_context=non-requeueable deps ti=<TaskInstance: e-commerce_kafka_streaming_pipeline_v1.produce_messages scheduled__2026-07-20T06:00:00+00:00 [queued]>
[2026-07-20T07:00:01.173+0000] {taskinstance.py:2073} INFO - Dependencies all met for dep_context=requeueable deps ti=<TaskInstance: e-commerce_kafka_streaming_pipeline_v1.produce_messages scheduled__2026-07-20T06:00:00+00:00 [queued]>
[2026-07-20T07:00:01.174+0000] {taskinstance.py:2303} INFO - Starting attempt 1 of 2
[2026-07-20T07:00:01.187+0000] {taskinstance.py:2327} INFO - Executing <Task(BashOperator): produce_messages> on 2026-07-20 06:00:00+00:00
[2026-07-20T07:00:01.195+0000] {standard_task_runner.py:90} INFO - Running: ['***', 'tasks', 'run', 'e-commerce_kafka_streaming_pipeline_v1', 'produce_messages', 'scheduled__2026-07-20T06:00:00+00:00', '--job-id', '182', '--raw', '--subdir', 'DAGS_FOLDER/sdp_pipeline_dag.py', '--cfg-path', '/tmp/tmp6n59tdld']
[2026-07-20T07:00:01.199+0000] {standard_task_runner.py:91} INFO - Job 182: Subtask produce_messages
[2026-07-20T07:00:01.210+0000] {logging_mixin.py:188} WARNING - /home/***/.local/lib/python3.12/site-packages/***/task/task_runner/standard_task_runner.py:61 DeprecationWarning: This process (pid=5725) is multi-threaded, use of fork() may lead to deadlocks in the child.
[2026-07-20T07:00:01.212+0000] {standard_task_runner.py:63} INFO - Started process 5726 to run task
[2026-07-20T07:00:01.266+0000] {task_command.py:426} INFO - Running <TaskInstance: e-commerce_kafka_streaming_pipeline_v1.produce_messages scheduled__2026-07-20T06:00:00+00:00 [running]> on host da27550080bf
[2026-07-20T07:00:01.340+0000] {taskinstance.py:2644} INFO - Exporting env vars: AIRFLOW_CTX_DAG_OWNER='dev' AIRFLOW_CTX_DAG_ID='e-commerce_kafka_streaming_pipeline_v1' AIRFLOW_CTX_TASK_ID='produce_messages' AIRFLOW_CTX_EXECUTION_DATE='2026-07-20T06:00:00+00:00' AIRFLOW_CTX_TRY_NUMBER='1' AIRFLOW_CTX_DAG_RUN_ID='scheduled__2026-07-20T06:00:00+00:00'
[2026-07-20T07:00:01.341+0000] {taskinstance.py:430} INFO - ::endgroup::
[2026-07-20T07:00:01.354+0000] {subprocess.py:63} INFO - Tmp dir root location: /tmp
[2026-07-20T07:00:01.357+0000] {subprocess.py:75} INFO - Running command: ['/usr/bin/bash', '-c', 'python3 /opt/pipelines/api_to_kafka.py']
[2026-07-20T07:00:01.365+0000] {subprocess.py:86} INFO - Output:
[2026-07-20T07:00:02.718+0000] {subprocess.py:93} INFO - Error publishing to orders: HTTPSConnectionPool(host='fakestoreapi.com', port=443): Max retries exceeded with url: /carts (Caused by SSLError(SSLCertVerificationError(1, '[SSL: CERTIFICATE_VERIFY_FAILED] certificate verify failed: self-signed certificate in certificate chain (_ssl.c:1000)')))
[2026-07-20T07:00:02.720+0000] {subprocess.py:93} INFO - Error publishing to customers: HTTPSConnectionPool(host='fakestoreapi.com', port=443): Max retries exceeded with url: /users (Caused by SSLError(SSLCertVerificationError(1, '[SSL: CERTIFICATE_VERIFY_FAILED] certificate verify failed: self-signed certificate in certificate chain (_ssl.c:1000)')))
[2026-07-20T07:00:02.722+0000] {subprocess.py:93} INFO - Error publishing to products: HTTPSConnectionPool(host='fakestoreapi.com', port=443): Max retries exceeded with url: /products (Caused by SSLError(SSLCertVerificationError(1, '[SSL: CERTIFICATE_VERIFY_FAILED] certificate verify failed: self-signed certificate in certificate chain (_ssl.c:1000)')))
[2026-07-20T07:00:02.778+0000] {subprocess.py:97} INFO - Command exited with return code 0
[2026-07-20T07:00:02.782+0000] {taskinstance.py:441} INFO - ::group::Post task execution logs
[2026-07-20T07:00:02.809+0000] {taskinstance.py:1205} INFO - Marking task as SUCCESS. dag_id=e-commerce_kafka_streaming_pipeline_v1, task_id=produce_messages, execution_date=20260720T060000, start_date=20260720T070001, end_date=20260720T070002
[2026-07-20T07:00:02.871+0000] {local_task_job_runner.py:240} INFO - Task exited with return code 0
[2026-07-20T07:00:02.903+0000] {taskinstance.py:3482} INFO - 0 downstream tasks scheduled from follow-on schedule check
[2026-07-20T07:00:02.906+0000] {local_task_job_runner.py:222} INFO - ::endgroup::
