[2026-06-09T12:00:05.190+0000] {local_task_job_runner.py:120} INFO - ::group::Pre task execution logs
[2026-06-09T12:00:05.239+0000] {taskinstance.py:2073} INFO - Dependencies all met for dep_context=non-requeueable deps ti=<TaskInstance: e-commerce_kafka_streaming_pipeline_v10.run_bronze scheduled__2026-06-09T11:00:00+00:00 [queued]>
[2026-06-09T12:00:05.253+0000] {taskinstance.py:2073} INFO - Dependencies all met for dep_context=requeueable deps ti=<TaskInstance: e-commerce_kafka_streaming_pipeline_v10.run_bronze scheduled__2026-06-09T11:00:00+00:00 [queued]>
[2026-06-09T12:00:05.254+0000] {taskinstance.py:2303} INFO - Starting attempt 1 of 2
[2026-06-09T12:00:05.274+0000] {taskinstance.py:2327} INFO - Executing <Task(BashOperator): run_bronze> on 2026-06-09 11:00:00+00:00
[2026-06-09T12:00:05.285+0000] {standard_task_runner.py:90} INFO - Running: ['***', 'tasks', 'run', 'e-commerce_kafka_streaming_pipeline_v10', 'run_bronze', 'scheduled__2026-06-09T11:00:00+00:00', '--job-id', '98', '--raw', '--subdir', 'DAGS_FOLDER/sdp_pipeline_dag.py', '--cfg-path', '/tmp/tmp0xyxbt8x']
[2026-06-09T12:00:05.288+0000] {logging_mixin.py:188} WARNING - /home/***/.local/lib/python3.12/site-packages/***/task/task_runner/standard_task_runner.py:61 DeprecationWarning: This process (pid=4808) is multi-threaded, use of fork() may lead to deadlocks in the child.
[2026-06-09T12:00:05.289+0000] {standard_task_runner.py:91} INFO - Job 98: Subtask run_bronze
[2026-06-09T12:00:05.290+0000] {standard_task_runner.py:63} INFO - Started process 4809 to run task
[2026-06-09T12:00:05.386+0000] {task_command.py:426} INFO - Running <TaskInstance: e-commerce_kafka_streaming_pipeline_v10.run_bronze scheduled__2026-06-09T11:00:00+00:00 [running]> on host 19d9c0c71dcc
[2026-06-09T12:00:05.520+0000] {taskinstance.py:2644} INFO - Exporting env vars: AIRFLOW_CTX_DAG_OWNER='dev' AIRFLOW_CTX_DAG_ID='e-commerce_kafka_streaming_pipeline_v10' AIRFLOW_CTX_TASK_ID='run_bronze' AIRFLOW_CTX_EXECUTION_DATE='2026-06-09T11:00:00+00:00' AIRFLOW_CTX_TRY_NUMBER='1' AIRFLOW_CTX_DAG_RUN_ID='scheduled__2026-06-09T11:00:00+00:00'
[2026-06-09T12:00:05.521+0000] {taskinstance.py:430} INFO - ::endgroup::
[2026-06-09T12:00:05.543+0000] {subprocess.py:63} INFO - Tmp dir root location: /tmp
[2026-06-09T12:00:05.544+0000] {subprocess.py:75} INFO - Running command: ['/usr/bin/bash', '-c', 'timeout 120s docker run --rm --network streaming_kafka_project_sdp-net --volume /d/Streaming_kafka_project/pipelines:/opt/pipelines --volume /d/Streaming_kafka_project/data:/opt/data --volume /d/Streaming_kafka_project/checkpoints:/opt/checkpoints --volume /d/Streaming_kafka_project/jars:/opt/jars apache/spark:3.5.1 /opt/spark/bin/spark-submit --master spark://sdp-spark-master:7077 --executor-cores 1 --executor-memory 512m --total-executor-cores 3 --jars /opt/jars/delta-spark_2.12-3.2.0.jar,/opt/jars/delta-storage-3.2.0.jar,/opt/jars/spark-sql-kafka-0-10_2.12-3.5.1.jar,/opt/jars/kafka-clients-3.4.1.jar,/opt/jars/spark-token-provider-kafka-0-10_2.12-3.5.1.jar,/opt/jars/commons-pool2-2.11.1.jar --conf spark.sql.extensions=io.delta.sql.DeltaSparkSessionExtension --conf spark.sql.catalog.spark_catalog=org.apache.spark.sql.delta.catalog.DeltaCatalog  /opt/pipelines/bronze_runner.py']
[2026-06-09T12:00:05.561+0000] {subprocess.py:86} INFO - Output:
[2026-06-09T12:00:09.734+0000] {subprocess.py:93} INFO - 26/06/09 12:00:09 WARN NativeCodeLoader: Unable to load native-hadoop library for your platform... using builtin-java classes where applicable
[2026-06-09T12:00:11.053+0000] {subprocess.py:93} INFO - 26/06/09 12:00:11 INFO SparkContext: Running Spark version 3.5.1
[2026-06-09T12:00:11.058+0000] {subprocess.py:93} INFO - 26/06/09 12:00:11 INFO SparkContext: OS info Linux, 6.6.114.1-microsoft-standard-WSL2, amd64
[2026-06-09T12:00:11.059+0000] {subprocess.py:93} INFO - 26/06/09 12:00:11 INFO SparkContext: Java version 11.0.22
[2026-06-09T12:00:11.108+0000] {subprocess.py:93} INFO - 26/06/09 12:00:11 INFO ResourceUtils: ==============================================================
[2026-06-09T12:00:11.110+0000] {subprocess.py:93} INFO - 26/06/09 12:00:11 INFO ResourceUtils: No custom resources configured for spark.driver.
[2026-06-09T12:00:11.112+0000] {subprocess.py:93} INFO - 26/06/09 12:00:11 INFO ResourceUtils: ==============================================================
[2026-06-09T12:00:11.113+0000] {subprocess.py:93} INFO - 26/06/09 12:00:11 INFO SparkContext: Submitted application: SDP-Bronze
[2026-06-09T12:00:11.166+0000] {subprocess.py:93} INFO - 26/06/09 12:00:11 INFO ResourceProfile: Default ResourceProfile created, executor resources: Map(cores -> name: cores, amount: 1, script: , vendor: , memory -> name: memory, amount: 512, script: , vendor: , offHeap -> name: offHeap, amount: 0, script: , vendor: ), task resources: Map(cpus -> name: cpus, amount: 1.0)
[2026-06-09T12:00:11.197+0000] {subprocess.py:93} INFO - 26/06/09 12:00:11 INFO ResourceProfile: Limiting resource is cpus at 1 tasks per executor
[2026-06-09T12:00:11.207+0000] {subprocess.py:93} INFO - 26/06/09 12:00:11 INFO ResourceProfileManager: Added ResourceProfile id: 0
[2026-06-09T12:00:11.306+0000] {subprocess.py:93} INFO - 26/06/09 12:00:11 INFO SecurityManager: Changing view acls to: spark
[2026-06-09T12:00:11.311+0000] {subprocess.py:93} INFO - 26/06/09 12:00:11 INFO SecurityManager: Changing modify acls to: spark
[2026-06-09T12:00:11.312+0000] {subprocess.py:93} INFO - 26/06/09 12:00:11 INFO SecurityManager: Changing view acls groups to:
[2026-06-09T12:00:11.313+0000] {subprocess.py:93} INFO - 26/06/09 12:00:11 INFO SecurityManager: Changing modify acls groups to:
[2026-06-09T12:00:11.318+0000] {subprocess.py:93} INFO - 26/06/09 12:00:11 INFO SecurityManager: SecurityManager: authentication disabled; ui acls disabled; users with view permissions: spark; groups with view permissions: EMPTY; users with modify permissions: spark; groups with modify permissions: EMPTY
[2026-06-09T12:00:11.861+0000] {subprocess.py:93} INFO - 26/06/09 12:00:11 INFO Utils: Successfully started service 'sparkDriver' on port 41811.
[2026-06-09T12:00:12.041+0000] {subprocess.py:93} INFO - 26/06/09 12:00:12 INFO SparkEnv: Registering MapOutputTracker
[2026-06-09T12:00:12.157+0000] {subprocess.py:93} INFO - 26/06/09 12:00:12 INFO SparkEnv: Registering BlockManagerMaster
[2026-06-09T12:00:12.244+0000] {subprocess.py:93} INFO - 26/06/09 12:00:12 INFO BlockManagerMasterEndpoint: Using org.apache.spark.storage.DefaultTopologyMapper for getting topology information
[2026-06-09T12:00:12.255+0000] {subprocess.py:93} INFO - 26/06/09 12:00:12 INFO BlockManagerMasterEndpoint: BlockManagerMasterEndpoint up
[2026-06-09T12:00:12.265+0000] {subprocess.py:93} INFO - 26/06/09 12:00:12 INFO SparkEnv: Registering BlockManagerMasterHeartbeat
[2026-06-09T12:00:12.341+0000] {subprocess.py:93} INFO - 26/06/09 12:00:12 INFO DiskBlockManager: Created local directory at /tmp/blockmgr-0bab6518-7822-49ee-841a-69f6fa5c9c5b
[2026-06-09T12:00:12.384+0000] {subprocess.py:93} INFO - 26/06/09 12:00:12 INFO MemoryStore: MemoryStore started with capacity 434.4 MiB
[2026-06-09T12:00:12.430+0000] {subprocess.py:93} INFO - 26/06/09 12:00:12 INFO SparkEnv: Registering OutputCommitCoordinator
[2026-06-09T12:00:12.878+0000] {subprocess.py:93} INFO - 26/06/09 12:00:12 INFO JettyUtils: Start Jetty 0.0.0.0:4040 for SparkUI
[2026-06-09T12:00:13.079+0000] {subprocess.py:93} INFO - 26/06/09 12:00:13 INFO Utils: Successfully started service 'SparkUI' on port 4040.
[2026-06-09T12:00:13.214+0000] {subprocess.py:93} INFO - 26/06/09 12:00:13 INFO SparkContext: Added JAR file:///opt/jars/delta-spark_2.12-3.2.0.jar at spark://456f5b9de9a4:41811/jars/delta-spark_2.12-3.2.0.jar with timestamp 1781006411035
[2026-06-09T12:00:13.219+0000] {subprocess.py:93} INFO - 26/06/09 12:00:13 INFO SparkContext: Added JAR file:///opt/jars/delta-storage-3.2.0.jar at spark://456f5b9de9a4:41811/jars/delta-storage-3.2.0.jar with timestamp 1781006411035
[2026-06-09T12:00:13.222+0000] {subprocess.py:93} INFO - 26/06/09 12:00:13 INFO SparkContext: Added JAR file:///opt/jars/spark-sql-kafka-0-10_2.12-3.5.1.jar at spark://456f5b9de9a4:41811/jars/spark-sql-kafka-0-10_2.12-3.5.1.jar with timestamp 1781006411035
[2026-06-09T12:00:13.227+0000] {subprocess.py:93} INFO - 26/06/09 12:00:13 INFO SparkContext: Added JAR file:///opt/jars/kafka-clients-3.4.1.jar at spark://456f5b9de9a4:41811/jars/kafka-clients-3.4.1.jar with timestamp 1781006411035
[2026-06-09T12:00:13.231+0000] {subprocess.py:93} INFO - 26/06/09 12:00:13 INFO SparkContext: Added JAR file:///opt/jars/spark-token-provider-kafka-0-10_2.12-3.5.1.jar at spark://456f5b9de9a4:41811/jars/spark-token-provider-kafka-0-10_2.12-3.5.1.jar with timestamp 1781006411035
[2026-06-09T12:00:13.233+0000] {subprocess.py:93} INFO - 26/06/09 12:00:13 INFO SparkContext: Added JAR file:///opt/jars/commons-pool2-2.11.1.jar at spark://456f5b9de9a4:41811/jars/commons-pool2-2.11.1.jar with timestamp 1781006411035
[2026-06-09T12:00:13.434+0000] {subprocess.py:93} INFO - 26/06/09 12:00:13 INFO StandaloneAppClient$ClientEndpoint: Connecting to master spark://sdp-spark-master:7077...
[2026-06-09T12:00:13.577+0000] {subprocess.py:93} INFO - 26/06/09 12:00:13 INFO TransportClientFactory: Successfully created connection to sdp-spark-master/172.18.0.4:7077 after 83 ms (0 ms spent in bootstraps)
[2026-06-09T12:00:13.790+0000] {subprocess.py:93} INFO - 26/06/09 12:00:13 INFO StandaloneSchedulerBackend: Connected to Spark cluster with app ID app-20260609120013-0039
[2026-06-09T12:00:13.797+0000] {subprocess.py:93} INFO - 26/06/09 12:00:13 INFO StandaloneAppClient$ClientEndpoint: Executor added: app-20260609120013-0039/0 on worker-20260608131402-172.18.0.5-38399 (172.18.0.5:38399) with 1 core(s)
[2026-06-09T12:00:13.807+0000] {subprocess.py:93} INFO - 26/06/09 12:00:13 INFO StandaloneSchedulerBackend: Granted executor ID app-20260609120013-0039/0 on hostPort 172.18.0.5:38399 with 1 core(s), 512.0 MiB RAM
[2026-06-09T12:00:13.815+0000] {subprocess.py:93} INFO - 26/06/09 12:00:13 INFO StandaloneAppClient$ClientEndpoint: Executor added: app-20260609120013-0039/1 on worker-20260608131402-172.18.0.5-38399 (172.18.0.5:38399) with 1 core(s)
[2026-06-09T12:00:13.824+0000] {subprocess.py:93} INFO - 26/06/09 12:00:13 INFO StandaloneSchedulerBackend: Granted executor ID app-20260609120013-0039/1 on hostPort 172.18.0.5:38399 with 1 core(s), 512.0 MiB RAM
[2026-06-09T12:00:13.827+0000] {subprocess.py:93} INFO - 26/06/09 12:00:13 INFO StandaloneAppClient$ClientEndpoint: Executor added: app-20260609120013-0039/2 on worker-20260608131402-172.18.0.6-44005 (172.18.0.6:44005) with 1 core(s)
[2026-06-09T12:00:13.834+0000] {subprocess.py:93} INFO - 26/06/09 12:00:13 INFO StandaloneSchedulerBackend: Granted executor ID app-20260609120013-0039/2 on hostPort 172.18.0.6:44005 with 1 core(s), 512.0 MiB RAM
[2026-06-09T12:00:13.855+0000] {subprocess.py:93} INFO - 26/06/09 12:00:13 INFO Utils: Successfully started service 'org.apache.spark.network.netty.NettyBlockTransferService' on port 43743.
[2026-06-09T12:00:13.857+0000] {subprocess.py:93} INFO - 26/06/09 12:00:13 INFO NettyBlockTransferService: Server created on 456f5b9de9a4:43743
[2026-06-09T12:00:13.865+0000] {subprocess.py:93} INFO - 26/06/09 12:00:13 INFO BlockManager: Using org.apache.spark.storage.RandomBlockReplicationPolicy for block replication policy
[2026-06-09T12:00:13.926+0000] {subprocess.py:93} INFO - 26/06/09 12:00:13 INFO BlockManagerMaster: Registering BlockManager BlockManagerId(driver, 456f5b9de9a4, 43743, None)
[2026-06-09T12:00:13.969+0000] {subprocess.py:93} INFO - 26/06/09 12:00:13 INFO BlockManagerMasterEndpoint: Registering block manager 456f5b9de9a4:43743 with 434.4 MiB RAM, BlockManagerId(driver, 456f5b9de9a4, 43743, None)
[2026-06-09T12:00:14.001+0000] {subprocess.py:93} INFO - 26/06/09 12:00:13 INFO BlockManagerMaster: Registered BlockManager BlockManagerId(driver, 456f5b9de9a4, 43743, None)
[2026-06-09T12:00:14.013+0000] {subprocess.py:93} INFO - 26/06/09 12:00:14 INFO BlockManager: Initialized BlockManager: BlockManagerId(driver, 456f5b9de9a4, 43743, None)
[2026-06-09T12:00:14.020+0000] {subprocess.py:93} INFO - 26/06/09 12:00:14 INFO StandaloneAppClient$ClientEndpoint: Executor updated: app-20260609120013-0039/2 is now RUNNING
[2026-06-09T12:00:14.028+0000] {subprocess.py:93} INFO - 26/06/09 12:00:14 INFO StandaloneAppClient$ClientEndpoint: Executor updated: app-20260609120013-0039/0 is now RUNNING
[2026-06-09T12:00:14.053+0000] {subprocess.py:93} INFO - 26/06/09 12:00:14 INFO StandaloneAppClient$ClientEndpoint: Executor updated: app-20260609120013-0039/1 is now RUNNING
[2026-06-09T12:00:15.160+0000] {subprocess.py:93} INFO - 26/06/09 12:00:15 INFO StandaloneSchedulerBackend: SchedulerBackend is ready for scheduling beginning after reached minRegisteredResourcesRatio: 0.0
[2026-06-09T12:00:15.996+0000] {subprocess.py:93} INFO - Starting stream: orders -> /opt/data/bronze/orders
[2026-06-09T12:00:44.140+0000] {subprocess.py:93} INFO - 26/06/09 12:00:44 WARN ResolveWriteToStream: spark.sql.adaptive.enabled is not supported in streaming DataFrames/Datasets and will be disabled.
[2026-06-09T12:00:44.409+0000] {subprocess.py:93} INFO - Starting stream: customers -> /opt/data/bronze/customers
[2026-06-09T12:00:47.536+0000] {subprocess.py:93} INFO - 26/06/09 12:00:47 WARN ResolveWriteToStream: spark.sql.adaptive.enabled is not supported in streaming DataFrames/Datasets and will be disabled.
[2026-06-09T12:00:47.720+0000] {subprocess.py:93} INFO - Starting stream: products -> /opt/data/bronze/products
[2026-06-09T12:00:50.592+0000] {subprocess.py:93} INFO - 26/06/09 12:00:50 WARN ResolveWriteToStream: spark.sql.adaptive.enabled is not supported in streaming DataFrames/Datasets and will be disabled.
[2026-06-09T12:00:53.256+0000] {subprocess.py:93} INFO - 26/06/09 12:00:53 WARN SparkStringUtils: Truncated the string representation of a plan since it was too large. This behavior can be adjusted by setting 'spark.sql.debug.maxToStringFields'.
[2026-06-09T12:01:53.645+0000] {subprocess.py:93} INFO - 26/06/09 12:01:53 WARN AdminClientConfig: These configurations '[key.deserializer, value.deserializer, enable.auto.commit, max.poll.records, auto.offset.reset]' were supplied but are not used yet.
[2026-06-09T12:01:53.840+0000] {subprocess.py:93} INFO - 26/06/09 12:01:53 WARN AdminClientConfig: These configurations '[key.deserializer, value.deserializer, enable.auto.commit, max.poll.records, auto.offset.reset]' were supplied but are not used yet.
[2026-06-09T12:01:55.111+0000] {subprocess.py:93} INFO - 26/06/09 12:01:55 WARN AdminClientConfig: These configurations '[key.deserializer, value.deserializer, enable.auto.commit, max.poll.records, auto.offset.reset]' were supplied but are not used yet.
[2026-06-09T12:02:07.136+0000] {subprocess.py:97} INFO - Command exited with return code 124
[2026-06-09T12:02:07.146+0000] {taskinstance.py:441} INFO - ::group::Post task execution logs
[2026-06-09T12:02:07.191+0000] {taskinstance.py:2890} ERROR - Task failed with exception
Traceback (most recent call last):
  File "/home/airflow/.local/lib/python3.12/site-packages/airflow/models/taskinstance.py", line 465, in _execute_task
    result = _execute_callable(context=context, **execute_callable_kwargs)
             ^^^^^^^^^^^^^^^^^^^^^^^^^^^^^^^^^^^^^^^^^^^^^^^^^^^^^^^^^^^^^
  File "/home/airflow/.local/lib/python3.12/site-packages/airflow/models/taskinstance.py", line 432, in _execute_callable
    return execute_callable(context=context, **execute_callable_kwargs)
           ^^^^^^^^^^^^^^^^^^^^^^^^^^^^^^^^^^^^^^^^^^^^^^^^^^^^^^^^^^^^
  File "/home/airflow/.local/lib/python3.12/site-packages/airflow/models/baseoperator.py", line 400, in wrapper
    return func(self, *args, **kwargs)
           ^^^^^^^^^^^^^^^^^^^^^^^^^^^
  File "/home/airflow/.local/lib/python3.12/site-packages/airflow/operators/bash.py", line 243, in execute
    raise AirflowException(
airflow.exceptions.AirflowException: Bash command failed. The command returned a non-zero exit code 124.
[2026-06-09T12:02:07.207+0000] {taskinstance.py:1205} INFO - Marking task as UP_FOR_RETRY. dag_id=e-commerce_kafka_streaming_pipeline_v10, task_id=run_bronze, execution_date=20260609T110000, start_date=20260609T120005, end_date=20260609T120207
[2026-06-09T12:02:07.255+0000] {standard_task_runner.py:110} ERROR - Failed to execute job 98 for task run_bronze (Bash command failed. The command returned a non-zero exit code 124.; 4809)
[2026-06-09T12:02:07.315+0000] {local_task_job_runner.py:240} INFO - Task exited with return code 1
[2026-06-09T12:02:07.399+0000] {taskinstance.py:3482} INFO - 0 downstream tasks scheduled from follow-on schedule check
[2026-06-09T12:02:07.403+0000] {local_task_job_runner.py:222} INFO - ::endgroup::
