[2026-07-21T06:12:11.737+0000] {local_task_job_runner.py:120} INFO - ::group::Pre task execution logs
[2026-07-21T06:12:11.779+0000] {taskinstance.py:2073} INFO - Dependencies all met for dep_context=non-requeueable deps ti=<TaskInstance: e-commerce_kafka_streaming_pipeline_v1.run_silver scheduled__2026-07-20T16:00:00+00:00 [queued]>
[2026-07-21T06:12:11.792+0000] {taskinstance.py:2073} INFO - Dependencies all met for dep_context=requeueable deps ti=<TaskInstance: e-commerce_kafka_streaming_pipeline_v1.run_silver scheduled__2026-07-20T16:00:00+00:00 [queued]>
[2026-07-21T06:12:11.793+0000] {taskinstance.py:2303} INFO - Starting attempt 2 of 2
[2026-07-21T06:12:11.809+0000] {taskinstance.py:2327} INFO - Executing <Task(BashOperator): run_silver> on 2026-07-20 16:00:00+00:00
[2026-07-21T06:12:11.819+0000] {standard_task_runner.py:90} INFO - Running: ['***', 'tasks', 'run', 'e-commerce_kafka_streaming_pipeline_v1', 'run_silver', 'scheduled__2026-07-20T16:00:00+00:00', '--job-id', '263', '--raw', '--subdir', 'DAGS_FOLDER/sdp_pipeline_dag.py', '--cfg-path', '/tmp/tmpk0xajmzf']
[2026-07-21T06:12:11.823+0000] {standard_task_runner.py:91} INFO - Job 263: Subtask run_silver
[2026-07-21T06:12:11.829+0000] {logging_mixin.py:188} WARNING - /home/***/.local/lib/python3.12/site-packages/***/task/task_runner/standard_task_runner.py:61 DeprecationWarning: This process (pid=12139) is multi-threaded, use of fork() may lead to deadlocks in the child.
[2026-07-21T06:12:11.830+0000] {standard_task_runner.py:63} INFO - Started process 12140 to run task
[2026-07-21T06:12:11.894+0000] {task_command.py:426} INFO - Running <TaskInstance: e-commerce_kafka_streaming_pipeline_v1.run_silver scheduled__2026-07-20T16:00:00+00:00 [running]> on host da27550080bf
[2026-07-21T06:12:12.003+0000] {taskinstance.py:2644} INFO - Exporting env vars: AIRFLOW_CTX_DAG_OWNER='dev' AIRFLOW_CTX_DAG_ID='e-commerce_kafka_streaming_pipeline_v1' AIRFLOW_CTX_TASK_ID='run_silver' AIRFLOW_CTX_EXECUTION_DATE='2026-07-20T16:00:00+00:00' AIRFLOW_CTX_TRY_NUMBER='2' AIRFLOW_CTX_DAG_RUN_ID='scheduled__2026-07-20T16:00:00+00:00'
[2026-07-21T06:12:12.005+0000] {taskinstance.py:430} INFO - ::endgroup::
[2026-07-21T06:12:12.021+0000] {subprocess.py:63} INFO - Tmp dir root location: /tmp
[2026-07-21T06:12:12.024+0000] {subprocess.py:75} INFO - Running command: ['/usr/bin/bash', '-c', 'timeout 150s docker run --rm --network streaming_kafka_project_sdp-net --volume /d/Streaming_kafka_project/pipelines:/opt/pipelines --volume /d/Streaming_kafka_project/data:/opt/data --volume /d/Streaming_kafka_project/checkpoints:/opt/checkpoints --volume /d/Streaming_kafka_project/jars:/opt/jars apache/spark:3.5.1 /opt/spark/bin/spark-submit --master spark://sdp-spark-master:7077 --executor-cores 1 --executor-memory 512m --total-executor-cores 3 --jars /opt/jars/delta-spark_2.12-3.2.0.jar,/opt/jars/delta-storage-3.2.0.jar,/opt/jars/spark-sql-kafka-0-10_2.12-3.5.1.jar,/opt/jars/kafka-clients-3.4.1.jar,/opt/jars/spark-token-provider-kafka-0-10_2.12-3.5.1.jar,/opt/jars/commons-pool2-2.11.1.jar --conf spark.sql.extensions=io.delta.sql.DeltaSparkSessionExtension --conf spark.sql.catalog.spark_catalog=org.apache.spark.sql.delta.catalog.DeltaCatalog  /opt/pipelines/silver_runner.py']
[2026-07-21T06:12:12.038+0000] {subprocess.py:86} INFO - Output:
[2026-07-21T06:12:14.160+0000] {subprocess.py:93} INFO - 26/07/21 06:12:14 WARN NativeCodeLoader: Unable to load native-hadoop library for your platform... using builtin-java classes where applicable
[2026-07-21T06:12:14.987+0000] {subprocess.py:93} INFO - 26/07/21 06:12:14 INFO SparkContext: Running Spark version 3.5.1
[2026-07-21T06:12:14.988+0000] {subprocess.py:93} INFO - 26/07/21 06:12:14 INFO SparkContext: OS info Linux, 6.18.33.2-microsoft-standard-WSL2, amd64
[2026-07-21T06:12:14.989+0000] {subprocess.py:93} INFO - 26/07/21 06:12:14 INFO SparkContext: Java version 11.0.22
[2026-07-21T06:12:15.039+0000] {subprocess.py:93} INFO - 26/07/21 06:12:15 INFO ResourceUtils: ==============================================================
[2026-07-21T06:12:15.041+0000] {subprocess.py:93} INFO - 26/07/21 06:12:15 INFO ResourceUtils: No custom resources configured for spark.driver.
[2026-07-21T06:12:15.043+0000] {subprocess.py:93} INFO - 26/07/21 06:12:15 INFO ResourceUtils: ==============================================================
[2026-07-21T06:12:15.044+0000] {subprocess.py:93} INFO - 26/07/21 06:12:15 INFO SparkContext: Submitted application: SDP-Silver
[2026-07-21T06:12:15.072+0000] {subprocess.py:93} INFO - 26/07/21 06:12:15 INFO ResourceProfile: Default ResourceProfile created, executor resources: Map(cores -> name: cores, amount: 1, script: , vendor: , memory -> name: memory, amount: 512, script: , vendor: , offHeap -> name: offHeap, amount: 0, script: , vendor: ), task resources: Map(cpus -> name: cpus, amount: 1.0)
[2026-07-21T06:12:15.093+0000] {subprocess.py:93} INFO - 26/07/21 06:12:15 INFO ResourceProfile: Limiting resource is cpus at 1 tasks per executor
[2026-07-21T06:12:15.100+0000] {subprocess.py:93} INFO - 26/07/21 06:12:15 INFO ResourceProfileManager: Added ResourceProfile id: 0
[2026-07-21T06:12:15.170+0000] {subprocess.py:93} INFO - 26/07/21 06:12:15 INFO SecurityManager: Changing view acls to: spark
[2026-07-21T06:12:15.172+0000] {subprocess.py:93} INFO - 26/07/21 06:12:15 INFO SecurityManager: Changing modify acls to: spark
[2026-07-21T06:12:15.173+0000] {subprocess.py:93} INFO - 26/07/21 06:12:15 INFO SecurityManager: Changing view acls groups to:
[2026-07-21T06:12:15.174+0000] {subprocess.py:93} INFO - 26/07/21 06:12:15 INFO SecurityManager: Changing modify acls groups to:
[2026-07-21T06:12:15.176+0000] {subprocess.py:93} INFO - 26/07/21 06:12:15 INFO SecurityManager: SecurityManager: authentication disabled; ui acls disabled; users with view permissions: spark; groups with view permissions: EMPTY; users with modify permissions: spark; groups with modify permissions: EMPTY
[2026-07-21T06:12:15.727+0000] {subprocess.py:93} INFO - 26/07/21 06:12:15 INFO Utils: Successfully started service 'sparkDriver' on port 40071.
[2026-07-21T06:12:15.842+0000] {subprocess.py:93} INFO - 26/07/21 06:12:15 INFO SparkEnv: Registering MapOutputTracker
[2026-07-21T06:12:15.902+0000] {subprocess.py:93} INFO - 26/07/21 06:12:15 INFO SparkEnv: Registering BlockManagerMaster
[2026-07-21T06:12:15.924+0000] {subprocess.py:93} INFO - 26/07/21 06:12:15 INFO BlockManagerMasterEndpoint: Using org.apache.spark.storage.DefaultTopologyMapper for getting topology information
[2026-07-21T06:12:15.926+0000] {subprocess.py:93} INFO - 26/07/21 06:12:15 INFO BlockManagerMasterEndpoint: BlockManagerMasterEndpoint up
[2026-07-21T06:12:15.933+0000] {subprocess.py:93} INFO - 26/07/21 06:12:15 INFO SparkEnv: Registering BlockManagerMasterHeartbeat
[2026-07-21T06:12:15.967+0000] {subprocess.py:93} INFO - 26/07/21 06:12:15 INFO DiskBlockManager: Created local directory at /tmp/blockmgr-3d55ca0f-96b6-4c1a-91f1-47b7d82268fc
[2026-07-21T06:12:15.984+0000] {subprocess.py:93} INFO - 26/07/21 06:12:15 INFO MemoryStore: MemoryStore started with capacity 434.4 MiB
[2026-07-21T06:12:16.008+0000] {subprocess.py:93} INFO - 26/07/21 06:12:16 INFO SparkEnv: Registering OutputCommitCoordinator
[2026-07-21T06:12:16.295+0000] {subprocess.py:93} INFO - 26/07/21 06:12:16 INFO JettyUtils: Start Jetty 0.0.0.0:4040 for SparkUI
[2026-07-21T06:12:16.462+0000] {subprocess.py:93} INFO - 26/07/21 06:12:16 INFO Utils: Successfully started service 'SparkUI' on port 4040.
[2026-07-21T06:12:16.599+0000] {subprocess.py:93} INFO - 26/07/21 06:12:16 INFO SparkContext: Added JAR file:///opt/jars/delta-spark_2.12-3.2.0.jar at spark://62e179be2968:40071/jars/delta-spark_2.12-3.2.0.jar with timestamp 1784614334967
[2026-07-21T06:12:16.623+0000] {subprocess.py:93} INFO - 26/07/21 06:12:16 INFO SparkContext: Added JAR file:///opt/jars/delta-storage-3.2.0.jar at spark://62e179be2968:40071/jars/delta-storage-3.2.0.jar with timestamp 1784614334967
[2026-07-21T06:12:16.625+0000] {subprocess.py:93} INFO - 26/07/21 06:12:16 INFO SparkContext: Added JAR file:///opt/jars/spark-sql-kafka-0-10_2.12-3.5.1.jar at spark://62e179be2968:40071/jars/spark-sql-kafka-0-10_2.12-3.5.1.jar with timestamp 1784614334967
[2026-07-21T06:12:16.626+0000] {subprocess.py:93} INFO - 26/07/21 06:12:16 INFO SparkContext: Added JAR file:///opt/jars/kafka-clients-3.4.1.jar at spark://62e179be2968:40071/jars/kafka-clients-3.4.1.jar with timestamp 1784614334967
[2026-07-21T06:12:16.628+0000] {subprocess.py:93} INFO - 26/07/21 06:12:16 INFO SparkContext: Added JAR file:///opt/jars/spark-token-provider-kafka-0-10_2.12-3.5.1.jar at spark://62e179be2968:40071/jars/spark-token-provider-kafka-0-10_2.12-3.5.1.jar with timestamp 1784614334967
[2026-07-21T06:12:16.629+0000] {subprocess.py:93} INFO - 26/07/21 06:12:16 INFO SparkContext: Added JAR file:///opt/jars/commons-pool2-2.11.1.jar at spark://62e179be2968:40071/jars/commons-pool2-2.11.1.jar with timestamp 1784614334967
[2026-07-21T06:12:16.908+0000] {subprocess.py:93} INFO - 26/07/21 06:12:16 INFO StandaloneAppClient$ClientEndpoint: Connecting to master spark://sdp-spark-master:7077...
[2026-07-21T06:12:17.041+0000] {subprocess.py:93} INFO - 26/07/21 06:12:17 INFO TransportClientFactory: Successfully created connection to sdp-spark-master/172.18.0.4:7077 after 93 ms (0 ms spent in bootstraps)
[2026-07-21T06:12:17.260+0000] {subprocess.py:93} INFO - 26/07/21 06:12:17 INFO StandaloneSchedulerBackend: Connected to Spark cluster with app ID app-20260721061217-0124
[2026-07-21T06:12:17.264+0000] {subprocess.py:93} INFO - 26/07/21 06:12:17 INFO StandaloneAppClient$ClientEndpoint: Executor added: app-20260721061217-0124/0 on worker-20260716063602-172.18.0.6-33249 (172.18.0.6:33249) with 1 core(s)
[2026-07-21T06:12:17.271+0000] {subprocess.py:93} INFO - 26/07/21 06:12:17 INFO StandaloneSchedulerBackend: Granted executor ID app-20260721061217-0124/0 on hostPort 172.18.0.6:33249 with 1 core(s), 512.0 MiB RAM
[2026-07-21T06:12:17.273+0000] {subprocess.py:93} INFO - 26/07/21 06:12:17 INFO StandaloneAppClient$ClientEndpoint: Executor added: app-20260721061217-0124/1 on worker-20260716063602-172.18.0.6-33249 (172.18.0.6:33249) with 1 core(s)
[2026-07-21T06:12:17.277+0000] {subprocess.py:93} INFO - 26/07/21 06:12:17 INFO StandaloneSchedulerBackend: Granted executor ID app-20260721061217-0124/1 on hostPort 172.18.0.6:33249 with 1 core(s), 512.0 MiB RAM
[2026-07-21T06:12:17.279+0000] {subprocess.py:93} INFO - 26/07/21 06:12:17 INFO StandaloneAppClient$ClientEndpoint: Executor added: app-20260721061217-0124/2 on worker-20260716063602-172.18.0.5-44367 (172.18.0.5:44367) with 1 core(s)
[2026-07-21T06:12:17.280+0000] {subprocess.py:93} INFO - 26/07/21 06:12:17 INFO StandaloneSchedulerBackend: Granted executor ID app-20260721061217-0124/2 on hostPort 172.18.0.5:44367 with 1 core(s), 512.0 MiB RAM
[2026-07-21T06:12:17.303+0000] {subprocess.py:93} INFO - 26/07/21 06:12:17 INFO Utils: Successfully started service 'org.apache.spark.network.netty.NettyBlockTransferService' on port 38303.
[2026-07-21T06:12:17.308+0000] {subprocess.py:93} INFO - 26/07/21 06:12:17 INFO NettyBlockTransferService: Server created on 62e179be2968:38303
[2026-07-21T06:12:17.309+0000] {subprocess.py:93} INFO - 26/07/21 06:12:17 INFO BlockManager: Using org.apache.spark.storage.RandomBlockReplicationPolicy for block replication policy
[2026-07-21T06:12:17.310+0000] {subprocess.py:93} INFO - 26/07/21 06:12:17 INFO BlockManagerMaster: Registering BlockManager BlockManagerId(driver, 62e179be2968, 38303, None)
[2026-07-21T06:12:17.317+0000] {subprocess.py:93} INFO - 26/07/21 06:12:17 INFO BlockManagerMasterEndpoint: Registering block manager 62e179be2968:38303 with 434.4 MiB RAM, BlockManagerId(driver, 62e179be2968, 38303, None)
[2026-07-21T06:12:17.341+0000] {subprocess.py:93} INFO - 26/07/21 06:12:17 INFO BlockManagerMaster: Registered BlockManager BlockManagerId(driver, 62e179be2968, 38303, None)
[2026-07-21T06:12:17.343+0000] {subprocess.py:93} INFO - 26/07/21 06:12:17 INFO BlockManager: Initialized BlockManager: BlockManagerId(driver, 62e179be2968, 38303, None)
[2026-07-21T06:12:17.354+0000] {subprocess.py:93} INFO - 26/07/21 06:12:17 INFO StandaloneAppClient$ClientEndpoint: Executor updated: app-20260721061217-0124/0 is now RUNNING
[2026-07-21T06:12:17.356+0000] {subprocess.py:93} INFO - 26/07/21 06:12:17 INFO StandaloneAppClient$ClientEndpoint: Executor updated: app-20260721061217-0124/1 is now RUNNING
[2026-07-21T06:12:17.411+0000] {subprocess.py:93} INFO - 26/07/21 06:12:17 INFO StandaloneAppClient$ClientEndpoint: Executor updated: app-20260721061217-0124/2 is now RUNNING
[2026-07-21T06:12:17.883+0000] {subprocess.py:93} INFO - 26/07/21 06:12:17 INFO StandaloneSchedulerBackend: SchedulerBackend is ready for scheduling beginning after reached minRegisteredResourcesRatio: 0.0
[2026-07-21T06:12:18.330+0000] {subprocess.py:93} INFO - Starting silver stream: orders --->>  /opt/data/silver/orders
[2026-07-21T06:12:42.798+0000] {subprocess.py:93} INFO - 26/07/21 06:12:42 WARN ResolveWriteToStream: spark.sql.adaptive.enabled is not supported in streaming DataFrames/Datasets and will be disabled.
[2026-07-21T06:12:43.145+0000] {subprocess.py:93} INFO - Silver stream started: /opt/data/bronze/orders --->> /opt/data/silver/orders
[2026-07-21T06:12:43.151+0000] {subprocess.py:93} INFO - Starting silver stream: customers --->>  /opt/data/silver/customers
[2026-07-21T06:12:48.340+0000] {subprocess.py:93} INFO - 26/07/21 06:12:48 WARN ResolveWriteToStream: spark.sql.adaptive.enabled is not supported in streaming DataFrames/Datasets and will be disabled.
[2026-07-21T06:12:48.373+0000] {subprocess.py:93} INFO - Silver stream started: /opt/data/bronze/customers --->> /opt/data/silver/customers
[2026-07-21T06:12:48.381+0000] {subprocess.py:93} INFO - Starting silver stream: products --->>  /opt/data/silver/products
[2026-07-21T06:12:52.791+0000] {subprocess.py:93} INFO - 26/07/21 06:12:52 WARN ResolveWriteToStream: spark.sql.adaptive.enabled is not supported in streaming DataFrames/Datasets and will be disabled.
[2026-07-21T06:12:52.829+0000] {subprocess.py:93} INFO - Silver stream started: /opt/data/bronze/products --->> /opt/data/silver/products
[2026-07-21T06:14:26.616+0000] {subprocess.py:97} INFO - Command exited with return code 0
[2026-07-21T06:14:26.629+0000] {taskinstance.py:441} INFO - ::group::Post task execution logs
[2026-07-21T06:14:26.684+0000] {taskinstance.py:1205} INFO - Marking task as SUCCESS. dag_id=e-commerce_kafka_streaming_pipeline_v1, task_id=run_silver, execution_date=20260720T160000, start_date=20260721T061211, end_date=20260721T061426
[2026-07-21T06:14:26.742+0000] {local_task_job_runner.py:240} INFO - Task exited with return code 0
[2026-07-21T06:14:26.799+0000] {taskinstance.py:3482} INFO - 1 downstream tasks scheduled from follow-on schedule check
[2026-07-21T06:14:26.804+0000] {local_task_job_runner.py:222} INFO - ::endgroup::
