[2026-07-21T06:07:39.590+0000] {local_task_job_runner.py:120} INFO - ::group::Pre task execution logs
[2026-07-21T06:07:39.667+0000] {taskinstance.py:2073} INFO - Dependencies all met for dep_context=non-requeueable deps ti=<TaskInstance: e-commerce_kafka_streaming_pipeline_v1.run_silver scheduled__2026-07-20T16:00:00+00:00 [queued]>
[2026-07-21T06:07:39.697+0000] {taskinstance.py:2073} INFO - Dependencies all met for dep_context=requeueable deps ti=<TaskInstance: e-commerce_kafka_streaming_pipeline_v1.run_silver scheduled__2026-07-20T16:00:00+00:00 [queued]>
[2026-07-21T06:07:39.698+0000] {taskinstance.py:2303} INFO - Starting attempt 1 of 2
[2026-07-21T06:07:39.720+0000] {taskinstance.py:2327} INFO - Executing <Task(BashOperator): run_silver> on 2026-07-20 16:00:00+00:00
[2026-07-21T06:07:39.739+0000] {standard_task_runner.py:90} INFO - Running: ['***', 'tasks', 'run', 'e-commerce_kafka_streaming_pipeline_v1', 'run_silver', 'scheduled__2026-07-20T16:00:00+00:00', '--job-id', '261', '--raw', '--subdir', 'DAGS_FOLDER/sdp_pipeline_dag.py', '--cfg-path', '/tmp/tmp0gyclpru']
[2026-07-21T06:07:39.743+0000] {logging_mixin.py:188} WARNING - /home/***/.local/lib/python3.12/site-packages/***/task/task_runner/standard_task_runner.py:61 DeprecationWarning: This process (pid=12067) is multi-threaded, use of fork() may lead to deadlocks in the child.
[2026-07-21T06:07:39.745+0000] {standard_task_runner.py:91} INFO - Job 261: Subtask run_silver
[2026-07-21T06:07:39.745+0000] {standard_task_runner.py:63} INFO - Started process 12068 to run task
[2026-07-21T06:07:39.857+0000] {task_command.py:426} INFO - Running <TaskInstance: e-commerce_kafka_streaming_pipeline_v1.run_silver scheduled__2026-07-20T16:00:00+00:00 [running]> on host da27550080bf
[2026-07-21T06:07:40.014+0000] {taskinstance.py:2644} INFO - Exporting env vars: AIRFLOW_CTX_DAG_OWNER='dev' AIRFLOW_CTX_DAG_ID='e-commerce_kafka_streaming_pipeline_v1' AIRFLOW_CTX_TASK_ID='run_silver' AIRFLOW_CTX_EXECUTION_DATE='2026-07-20T16:00:00+00:00' AIRFLOW_CTX_TRY_NUMBER='1' AIRFLOW_CTX_DAG_RUN_ID='scheduled__2026-07-20T16:00:00+00:00'
[2026-07-21T06:07:40.017+0000] {taskinstance.py:430} INFO - ::endgroup::
[2026-07-21T06:07:40.040+0000] {subprocess.py:63} INFO - Tmp dir root location: /tmp
[2026-07-21T06:07:40.043+0000] {subprocess.py:75} INFO - Running command: ['/usr/bin/bash', '-c', 'timeout 150s docker run --rm --network streaming_kafka_project_sdp-net --volume /d/Streaming_kafka_project/pipelines:/opt/pipelines --volume /d/Streaming_kafka_project/data:/opt/data --volume /d/Streaming_kafka_project/checkpoints:/opt/checkpoints --volume /d/Streaming_kafka_project/jars:/opt/jars apache/spark:3.5.1 /opt/spark/bin/spark-submit --master spark://sdp-spark-master:7077 --executor-cores 1 --executor-memory 512m --total-executor-cores 3 --jars /opt/jars/delta-spark_2.12-3.2.0.jar,/opt/jars/delta-storage-3.2.0.jar,/opt/jars/spark-sql-kafka-0-10_2.12-3.5.1.jar,/opt/jars/kafka-clients-3.4.1.jar,/opt/jars/spark-token-provider-kafka-0-10_2.12-3.5.1.jar,/opt/jars/commons-pool2-2.11.1.jar --conf spark.sql.extensions=io.delta.sql.DeltaSparkSessionExtension --conf spark.sql.catalog.spark_catalog=org.apache.spark.sql.delta.catalog.DeltaCatalog  /opt/pipelines/silver_runner.py']
[2026-07-21T06:07:40.062+0000] {subprocess.py:86} INFO - Output:
[2026-07-21T06:07:44.316+0000] {subprocess.py:93} INFO - 26/07/21 06:07:44 WARN NativeCodeLoader: Unable to load native-hadoop library for your platform... using builtin-java classes where applicable
[2026-07-21T06:07:45.578+0000] {subprocess.py:93} INFO - 26/07/21 06:07:45 INFO SparkContext: Running Spark version 3.5.1
[2026-07-21T06:07:45.579+0000] {subprocess.py:93} INFO - 26/07/21 06:07:45 INFO SparkContext: OS info Linux, 6.18.33.2-microsoft-standard-WSL2, amd64
[2026-07-21T06:07:45.580+0000] {subprocess.py:93} INFO - 26/07/21 06:07:45 INFO SparkContext: Java version 11.0.22
[2026-07-21T06:07:45.625+0000] {subprocess.py:93} INFO - 26/07/21 06:07:45 INFO ResourceUtils: ==============================================================
[2026-07-21T06:07:45.627+0000] {subprocess.py:93} INFO - 26/07/21 06:07:45 INFO ResourceUtils: No custom resources configured for spark.driver.
[2026-07-21T06:07:45.628+0000] {subprocess.py:93} INFO - 26/07/21 06:07:45 INFO ResourceUtils: ==============================================================
[2026-07-21T06:07:45.630+0000] {subprocess.py:93} INFO - 26/07/21 06:07:45 INFO SparkContext: Submitted application: SDP-Silver
[2026-07-21T06:07:45.660+0000] {subprocess.py:93} INFO - 26/07/21 06:07:45 INFO ResourceProfile: Default ResourceProfile created, executor resources: Map(cores -> name: cores, amount: 1, script: , vendor: , memory -> name: memory, amount: 512, script: , vendor: , offHeap -> name: offHeap, amount: 0, script: , vendor: ), task resources: Map(cpus -> name: cpus, amount: 1.0)
[2026-07-21T06:07:45.683+0000] {subprocess.py:93} INFO - 26/07/21 06:07:45 INFO ResourceProfile: Limiting resource is cpus at 1 tasks per executor
[2026-07-21T06:07:45.687+0000] {subprocess.py:93} INFO - 26/07/21 06:07:45 INFO ResourceProfileManager: Added ResourceProfile id: 0
[2026-07-21T06:07:45.762+0000] {subprocess.py:93} INFO - 26/07/21 06:07:45 INFO SecurityManager: Changing view acls to: spark
[2026-07-21T06:07:45.764+0000] {subprocess.py:93} INFO - 26/07/21 06:07:45 INFO SecurityManager: Changing modify acls to: spark
[2026-07-21T06:07:45.765+0000] {subprocess.py:93} INFO - 26/07/21 06:07:45 INFO SecurityManager: Changing view acls groups to:
[2026-07-21T06:07:45.766+0000] {subprocess.py:93} INFO - 26/07/21 06:07:45 INFO SecurityManager: Changing modify acls groups to:
[2026-07-21T06:07:45.768+0000] {subprocess.py:93} INFO - 26/07/21 06:07:45 INFO SecurityManager: SecurityManager: authentication disabled; ui acls disabled; users with view permissions: spark; groups with view permissions: EMPTY; users with modify permissions: spark; groups with modify permissions: EMPTY
[2026-07-21T06:07:46.108+0000] {subprocess.py:93} INFO - 26/07/21 06:07:46 INFO Utils: Successfully started service 'sparkDriver' on port 34643.
[2026-07-21T06:07:46.155+0000] {subprocess.py:93} INFO - 26/07/21 06:07:46 INFO SparkEnv: Registering MapOutputTracker
[2026-07-21T06:07:46.218+0000] {subprocess.py:93} INFO - 26/07/21 06:07:46 INFO SparkEnv: Registering BlockManagerMaster
[2026-07-21T06:07:46.241+0000] {subprocess.py:93} INFO - 26/07/21 06:07:46 INFO BlockManagerMasterEndpoint: Using org.apache.spark.storage.DefaultTopologyMapper for getting topology information
[2026-07-21T06:07:46.243+0000] {subprocess.py:93} INFO - 26/07/21 06:07:46 INFO BlockManagerMasterEndpoint: BlockManagerMasterEndpoint up
[2026-07-21T06:07:46.249+0000] {subprocess.py:93} INFO - 26/07/21 06:07:46 INFO SparkEnv: Registering BlockManagerMasterHeartbeat
[2026-07-21T06:07:46.282+0000] {subprocess.py:93} INFO - 26/07/21 06:07:46 INFO DiskBlockManager: Created local directory at /tmp/blockmgr-ef26a0a5-d38e-4219-9d9a-967e69532348
[2026-07-21T06:07:46.302+0000] {subprocess.py:93} INFO - 26/07/21 06:07:46 INFO MemoryStore: MemoryStore started with capacity 434.4 MiB
[2026-07-21T06:07:46.350+0000] {subprocess.py:93} INFO - 26/07/21 06:07:46 INFO SparkEnv: Registering OutputCommitCoordinator
[2026-07-21T06:07:46.981+0000] {subprocess.py:93} INFO - 26/07/21 06:07:46 INFO JettyUtils: Start Jetty 0.0.0.0:4040 for SparkUI
[2026-07-21T06:07:47.168+0000] {subprocess.py:93} INFO - 26/07/21 06:07:47 INFO Utils: Successfully started service 'SparkUI' on port 4040.
[2026-07-21T06:07:47.346+0000] {subprocess.py:93} INFO - 26/07/21 06:07:47 INFO SparkContext: Added JAR file:///opt/jars/delta-spark_2.12-3.2.0.jar at spark://1cf2e77561af:34643/jars/delta-spark_2.12-3.2.0.jar with timestamp 1784614065561
[2026-07-21T06:07:47.350+0000] {subprocess.py:93} INFO - 26/07/21 06:07:47 INFO SparkContext: Added JAR file:///opt/jars/delta-storage-3.2.0.jar at spark://1cf2e77561af:34643/jars/delta-storage-3.2.0.jar with timestamp 1784614065561
[2026-07-21T06:07:47.351+0000] {subprocess.py:93} INFO - 26/07/21 06:07:47 INFO SparkContext: Added JAR file:///opt/jars/spark-sql-kafka-0-10_2.12-3.5.1.jar at spark://1cf2e77561af:34643/jars/spark-sql-kafka-0-10_2.12-3.5.1.jar with timestamp 1784614065561
[2026-07-21T06:07:47.354+0000] {subprocess.py:93} INFO - 26/07/21 06:07:47 INFO SparkContext: Added JAR file:///opt/jars/kafka-clients-3.4.1.jar at spark://1cf2e77561af:34643/jars/kafka-clients-3.4.1.jar with timestamp 1784614065561
[2026-07-21T06:07:47.365+0000] {subprocess.py:93} INFO - 26/07/21 06:07:47 INFO SparkContext: Added JAR file:///opt/jars/spark-token-provider-kafka-0-10_2.12-3.5.1.jar at spark://1cf2e77561af:34643/jars/spark-token-provider-kafka-0-10_2.12-3.5.1.jar with timestamp 1784614065561
[2026-07-21T06:07:47.368+0000] {subprocess.py:93} INFO - 26/07/21 06:07:47 INFO SparkContext: Added JAR file:///opt/jars/commons-pool2-2.11.1.jar at spark://1cf2e77561af:34643/jars/commons-pool2-2.11.1.jar with timestamp 1784614065561
[2026-07-21T06:07:47.792+0000] {subprocess.py:93} INFO - 26/07/21 06:07:47 INFO StandaloneAppClient$ClientEndpoint: Connecting to master spark://sdp-spark-master:7077...
[2026-07-21T06:07:47.923+0000] {subprocess.py:93} INFO - 26/07/21 06:07:47 INFO TransportClientFactory: Successfully created connection to sdp-spark-master/172.18.0.4:7077 after 81 ms (0 ms spent in bootstraps)
[2026-07-21T06:07:48.188+0000] {subprocess.py:93} INFO - 26/07/21 06:07:48 INFO StandaloneSchedulerBackend: Connected to Spark cluster with app ID app-20260721060748-0122
[2026-07-21T06:07:48.194+0000] {subprocess.py:93} INFO - 26/07/21 06:07:48 INFO StandaloneAppClient$ClientEndpoint: Executor added: app-20260721060748-0122/0 on worker-20260716063602-172.18.0.6-33249 (172.18.0.6:33249) with 1 core(s)
[2026-07-21T06:07:48.252+0000] {subprocess.py:93} INFO - 26/07/21 06:07:48 INFO StandaloneSchedulerBackend: Granted executor ID app-20260721060748-0122/0 on hostPort 172.18.0.6:33249 with 1 core(s), 512.0 MiB RAM
[2026-07-21T06:07:48.256+0000] {subprocess.py:93} INFO - 26/07/21 06:07:48 INFO StandaloneAppClient$ClientEndpoint: Executor added: app-20260721060748-0122/1 on worker-20260716063602-172.18.0.6-33249 (172.18.0.6:33249) with 1 core(s)
[2026-07-21T06:07:48.261+0000] {subprocess.py:93} INFO - 26/07/21 06:07:48 INFO StandaloneSchedulerBackend: Granted executor ID app-20260721060748-0122/1 on hostPort 172.18.0.6:33249 with 1 core(s), 512.0 MiB RAM
[2026-07-21T06:07:48.263+0000] {subprocess.py:93} INFO - 26/07/21 06:07:48 INFO StandaloneAppClient$ClientEndpoint: Executor added: app-20260721060748-0122/2 on worker-20260716063602-172.18.0.5-44367 (172.18.0.5:44367) with 1 core(s)
[2026-07-21T06:07:48.264+0000] {subprocess.py:93} INFO - 26/07/21 06:07:48 INFO StandaloneSchedulerBackend: Granted executor ID app-20260721060748-0122/2 on hostPort 172.18.0.5:44367 with 1 core(s), 512.0 MiB RAM
[2026-07-21T06:07:48.276+0000] {subprocess.py:93} INFO - 26/07/21 06:07:48 INFO Utils: Successfully started service 'org.apache.spark.network.netty.NettyBlockTransferService' on port 45997.
[2026-07-21T06:07:48.279+0000] {subprocess.py:93} INFO - 26/07/21 06:07:48 INFO NettyBlockTransferService: Server created on 1cf2e77561af:45997
[2026-07-21T06:07:48.282+0000] {subprocess.py:93} INFO - 26/07/21 06:07:48 INFO BlockManager: Using org.apache.spark.storage.RandomBlockReplicationPolicy for block replication policy
[2026-07-21T06:07:48.296+0000] {subprocess.py:93} INFO - 26/07/21 06:07:48 INFO BlockManagerMaster: Registering BlockManager BlockManagerId(driver, 1cf2e77561af, 45997, None)
[2026-07-21T06:07:48.306+0000] {subprocess.py:93} INFO - 26/07/21 06:07:48 INFO BlockManagerMasterEndpoint: Registering block manager 1cf2e77561af:45997 with 434.4 MiB RAM, BlockManagerId(driver, 1cf2e77561af, 45997, None)
[2026-07-21T06:07:48.353+0000] {subprocess.py:93} INFO - 26/07/21 06:07:48 INFO BlockManagerMaster: Registered BlockManager BlockManagerId(driver, 1cf2e77561af, 45997, None)
[2026-07-21T06:07:48.355+0000] {subprocess.py:93} INFO - 26/07/21 06:07:48 INFO StandaloneAppClient$ClientEndpoint: Executor updated: app-20260721060748-0122/2 is now RUNNING
[2026-07-21T06:07:48.361+0000] {subprocess.py:93} INFO - 26/07/21 06:07:48 INFO StandaloneAppClient$ClientEndpoint: Executor updated: app-20260721060748-0122/0 is now RUNNING
[2026-07-21T06:07:48.365+0000] {subprocess.py:93} INFO - 26/07/21 06:07:48 INFO BlockManager: Initialized BlockManager: BlockManagerId(driver, 1cf2e77561af, 45997, None)
[2026-07-21T06:07:48.403+0000] {subprocess.py:93} INFO - 26/07/21 06:07:48 INFO StandaloneAppClient$ClientEndpoint: Executor updated: app-20260721060748-0122/1 is now RUNNING
[2026-07-21T06:07:49.205+0000] {subprocess.py:93} INFO - 26/07/21 06:07:49 INFO StandaloneSchedulerBackend: SchedulerBackend is ready for scheduling beginning after reached minRegisteredResourcesRatio: 0.0
[2026-07-21T06:07:50.075+0000] {subprocess.py:93} INFO - Starting silver stream: orders --->>  /opt/data/silver/orders
[2026-07-21T06:08:25.073+0000] {subprocess.py:93} INFO - 26/07/21 06:08:25 WARN ResolveWriteToStream: spark.sql.adaptive.enabled is not supported in streaming DataFrames/Datasets and will be disabled.
[2026-07-21T06:08:25.277+0000] {subprocess.py:93} INFO - Silver stream started: /opt/data/bronze/orders --->> /opt/data/silver/orders
[2026-07-21T06:08:25.285+0000] {subprocess.py:93} INFO - Starting silver stream: customers --->>  /opt/data/silver/customers
[2026-07-21T06:08:31.018+0000] {subprocess.py:93} INFO - 26/07/21 06:08:31 WARN ResolveWriteToStream: spark.sql.adaptive.enabled is not supported in streaming DataFrames/Datasets and will be disabled.
[2026-07-21T06:08:31.076+0000] {subprocess.py:93} INFO - Silver stream started: /opt/data/bronze/customers --->> /opt/data/silver/customers
[2026-07-21T06:08:31.086+0000] {subprocess.py:93} INFO - Starting silver stream: products --->>  /opt/data/silver/products
[2026-07-21T06:08:38.190+0000] {subprocess.py:93} INFO - 26/07/21 06:08:38 WARN ResolveWriteToStream: spark.sql.adaptive.enabled is not supported in streaming DataFrames/Datasets and will be disabled.
[2026-07-21T06:08:38.350+0000] {subprocess.py:93} INFO - Silver stream started: /opt/data/bronze/products --->> /opt/data/silver/products
[2026-07-21T06:10:10.714+0000] {subprocess.py:97} INFO - Command exited with return code 124
[2026-07-21T06:10:10.717+0000] {taskinstance.py:441} INFO - ::group::Post task execution logs
[2026-07-21T06:10:10.734+0000] {taskinstance.py:2890} ERROR - Task failed with exception
Traceback (most recent call last):
  File "/home/airflow/.local/lib/python3.12/site-packages/airflow/models/taskinstance.py", line 465, in _execute_task
    result = _execute_callable(context=context, **execute_callable_kwargs)
             ^^^^^^^^^^^^^^^^^^^^^^^^^^^^^^^^^^^^^^^^^^^^^^^^^^^^^^^^^^^^^
  File "/home/airflow/.local/lib/python3.12/site-packages/airflow/models/taskinstance.py", line 432, in _execute_callable
    return execute_callable(context=context, **execute_callable_kwargs)
           ^^^^^^^^^^^^^^^^^^^^^^^^^^^^^^^^^^^^^^^^^^^^^^^^^^^^^^^^^^^^
  File "/home/airflow/.local/lib/python3.12/site-packages/airflow/models/baseoperator.py", line 400, in wrapper
    return func(self, *args, **kwargs)
           ^^^^^^^^^^^^^^^^^^^^^^^^^^^
  File "/home/airflow/.local/lib/python3.12/site-packages/airflow/operators/bash.py", line 243, in execute
    raise AirflowException(
airflow.exceptions.AirflowException: Bash command failed. The command returned a non-zero exit code 124.
[2026-07-21T06:10:10.740+0000] {taskinstance.py:1205} INFO - Marking task as UP_FOR_RETRY. dag_id=e-commerce_kafka_streaming_pipeline_v1, task_id=run_silver, execution_date=20260720T160000, start_date=20260721T060739, end_date=20260721T061010
[2026-07-21T06:10:10.760+0000] {standard_task_runner.py:110} ERROR - Failed to execute job 261 for task run_silver (Bash command failed. The command returned a non-zero exit code 124.; 12068)
[2026-07-21T06:10:10.811+0000] {local_task_job_runner.py:240} INFO - Task exited with return code 1
[2026-07-21T06:10:10.832+0000] {taskinstance.py:3482} INFO - 0 downstream tasks scheduled from follow-on schedule check
[2026-07-21T06:10:10.835+0000] {local_task_job_runner.py:222} INFO - ::endgroup::
