[2026-07-21T06:05:18.177+0000] {local_task_job_runner.py:120} INFO - ::group::Pre task execution logs
[2026-07-21T06:05:18.242+0000] {taskinstance.py:2073} INFO - Dependencies all met for dep_context=non-requeueable deps ti=<TaskInstance: e-commerce_kafka_streaming_pipeline_v1.run_bronze scheduled__2026-07-20T16:00:00+00:00 [queued]>
[2026-07-21T06:05:18.261+0000] {taskinstance.py:2073} INFO - Dependencies all met for dep_context=requeueable deps ti=<TaskInstance: e-commerce_kafka_streaming_pipeline_v1.run_bronze scheduled__2026-07-20T16:00:00+00:00 [queued]>
[2026-07-21T06:05:18.263+0000] {taskinstance.py:2303} INFO - Starting attempt 2 of 2
[2026-07-21T06:05:18.290+0000] {taskinstance.py:2327} INFO - Executing <Task(BashOperator): run_bronze> on 2026-07-20 16:00:00+00:00
[2026-07-21T06:05:18.302+0000] {standard_task_runner.py:90} INFO - Running: ['***', 'tasks', 'run', 'e-commerce_kafka_streaming_pipeline_v1', 'run_bronze', 'scheduled__2026-07-20T16:00:00+00:00', '--job-id', '256', '--raw', '--subdir', 'DAGS_FOLDER/sdp_pipeline_dag.py', '--cfg-path', '/tmp/tmpedzgqec7']
[2026-07-21T06:05:18.307+0000] {standard_task_runner.py:91} INFO - Job 256: Subtask run_bronze
[2026-07-21T06:05:18.314+0000] {logging_mixin.py:188} WARNING - /home/***/.local/lib/python3.12/site-packages/***/task/task_runner/standard_task_runner.py:61 DeprecationWarning: This process (pid=12003) is multi-threaded, use of fork() may lead to deadlocks in the child.
[2026-07-21T06:05:18.315+0000] {standard_task_runner.py:63} INFO - Started process 12005 to run task
[2026-07-21T06:05:18.379+0000] {task_command.py:426} INFO - Running <TaskInstance: e-commerce_kafka_streaming_pipeline_v1.run_bronze scheduled__2026-07-20T16:00:00+00:00 [running]> on host da27550080bf
[2026-07-21T06:05:18.490+0000] {taskinstance.py:2644} INFO - Exporting env vars: AIRFLOW_CTX_DAG_OWNER='dev' AIRFLOW_CTX_DAG_ID='e-commerce_kafka_streaming_pipeline_v1' AIRFLOW_CTX_TASK_ID='run_bronze' AIRFLOW_CTX_EXECUTION_DATE='2026-07-20T16:00:00+00:00' AIRFLOW_CTX_TRY_NUMBER='2' AIRFLOW_CTX_DAG_RUN_ID='scheduled__2026-07-20T16:00:00+00:00'
[2026-07-21T06:05:18.492+0000] {taskinstance.py:430} INFO - ::endgroup::
[2026-07-21T06:05:18.532+0000] {subprocess.py:63} INFO - Tmp dir root location: /tmp
[2026-07-21T06:05:18.535+0000] {subprocess.py:75} INFO - Running command: ['/usr/bin/bash', '-c', 'timeout 150s docker run --rm --network streaming_kafka_project_sdp-net --volume /d/Streaming_kafka_project/pipelines:/opt/pipelines --volume /d/Streaming_kafka_project/data:/opt/data --volume /d/Streaming_kafka_project/checkpoints:/opt/checkpoints --volume /d/Streaming_kafka_project/jars:/opt/jars apache/spark:3.5.1 /opt/spark/bin/spark-submit --master spark://sdp-spark-master:7077 --executor-cores 1 --executor-memory 512m --total-executor-cores 3 --jars /opt/jars/delta-spark_2.12-3.2.0.jar,/opt/jars/delta-storage-3.2.0.jar,/opt/jars/spark-sql-kafka-0-10_2.12-3.5.1.jar,/opt/jars/kafka-clients-3.4.1.jar,/opt/jars/spark-token-provider-kafka-0-10_2.12-3.5.1.jar,/opt/jars/commons-pool2-2.11.1.jar --conf spark.sql.extensions=io.delta.sql.DeltaSparkSessionExtension --conf spark.sql.catalog.spark_catalog=org.apache.spark.sql.delta.catalog.DeltaCatalog  /opt/pipelines/bronze_runner.py']
[2026-07-21T06:05:18.549+0000] {subprocess.py:86} INFO - Output:
[2026-07-21T06:05:21.577+0000] {subprocess.py:93} INFO - 26/07/21 06:05:21 WARN NativeCodeLoader: Unable to load native-hadoop library for your platform... using builtin-java classes where applicable
[2026-07-21T06:05:22.394+0000] {subprocess.py:93} INFO - 26/07/21 06:05:22 INFO SparkContext: Running Spark version 3.5.1
[2026-07-21T06:05:22.395+0000] {subprocess.py:93} INFO - 26/07/21 06:05:22 INFO SparkContext: OS info Linux, 6.18.33.2-microsoft-standard-WSL2, amd64
[2026-07-21T06:05:22.396+0000] {subprocess.py:93} INFO - 26/07/21 06:05:22 INFO SparkContext: Java version 11.0.22
[2026-07-21T06:05:22.429+0000] {subprocess.py:93} INFO - 26/07/21 06:05:22 INFO ResourceUtils: ==============================================================
[2026-07-21T06:05:22.432+0000] {subprocess.py:93} INFO - 26/07/21 06:05:22 INFO ResourceUtils: No custom resources configured for spark.driver.
[2026-07-21T06:05:22.433+0000] {subprocess.py:93} INFO - 26/07/21 06:05:22 INFO ResourceUtils: ==============================================================
[2026-07-21T06:05:22.435+0000] {subprocess.py:93} INFO - 26/07/21 06:05:22 INFO SparkContext: Submitted application: SDP-Bronze
[2026-07-21T06:05:22.476+0000] {subprocess.py:93} INFO - 26/07/21 06:05:22 INFO ResourceProfile: Default ResourceProfile created, executor resources: Map(cores -> name: cores, amount: 1, script: , vendor: , memory -> name: memory, amount: 512, script: , vendor: , offHeap -> name: offHeap, amount: 0, script: , vendor: ), task resources: Map(cpus -> name: cpus, amount: 1.0)
[2026-07-21T06:05:22.506+0000] {subprocess.py:93} INFO - 26/07/21 06:05:22 INFO ResourceProfile: Limiting resource is cpus at 1 tasks per executor
[2026-07-21T06:05:22.508+0000] {subprocess.py:93} INFO - 26/07/21 06:05:22 INFO ResourceProfileManager: Added ResourceProfile id: 0
[2026-07-21T06:05:22.577+0000] {subprocess.py:93} INFO - 26/07/21 06:05:22 INFO SecurityManager: Changing view acls to: spark
[2026-07-21T06:05:22.583+0000] {subprocess.py:93} INFO - 26/07/21 06:05:22 INFO SecurityManager: Changing modify acls to: spark
[2026-07-21T06:05:22.584+0000] {subprocess.py:93} INFO - 26/07/21 06:05:22 INFO SecurityManager: Changing view acls groups to:
[2026-07-21T06:05:22.585+0000] {subprocess.py:93} INFO - 26/07/21 06:05:22 INFO SecurityManager: Changing modify acls groups to:
[2026-07-21T06:05:22.586+0000] {subprocess.py:93} INFO - 26/07/21 06:05:22 INFO SecurityManager: SecurityManager: authentication disabled; ui acls disabled; users with view permissions: spark; groups with view permissions: EMPTY; users with modify permissions: spark; groups with modify permissions: EMPTY
[2026-07-21T06:05:22.909+0000] {subprocess.py:93} INFO - 26/07/21 06:05:22 INFO Utils: Successfully started service 'sparkDriver' on port 44981.
[2026-07-21T06:05:22.948+0000] {subprocess.py:93} INFO - 26/07/21 06:05:22 INFO SparkEnv: Registering MapOutputTracker
[2026-07-21T06:05:22.998+0000] {subprocess.py:93} INFO - 26/07/21 06:05:22 INFO SparkEnv: Registering BlockManagerMaster
[2026-07-21T06:05:23.019+0000] {subprocess.py:93} INFO - 26/07/21 06:05:23 INFO BlockManagerMasterEndpoint: Using org.apache.spark.storage.DefaultTopologyMapper for getting topology information
[2026-07-21T06:05:23.021+0000] {subprocess.py:93} INFO - 26/07/21 06:05:23 INFO BlockManagerMasterEndpoint: BlockManagerMasterEndpoint up
[2026-07-21T06:05:23.026+0000] {subprocess.py:93} INFO - 26/07/21 06:05:23 INFO SparkEnv: Registering BlockManagerMasterHeartbeat
[2026-07-21T06:05:23.056+0000] {subprocess.py:93} INFO - 26/07/21 06:05:23 INFO DiskBlockManager: Created local directory at /tmp/blockmgr-5fed99df-7413-46ef-8763-017e3acb9342
[2026-07-21T06:05:23.074+0000] {subprocess.py:93} INFO - 26/07/21 06:05:23 INFO MemoryStore: MemoryStore started with capacity 434.4 MiB
[2026-07-21T06:05:23.098+0000] {subprocess.py:93} INFO - 26/07/21 06:05:23 INFO SparkEnv: Registering OutputCommitCoordinator
[2026-07-21T06:05:23.317+0000] {subprocess.py:93} INFO - 26/07/21 06:05:23 INFO JettyUtils: Start Jetty 0.0.0.0:4040 for SparkUI
[2026-07-21T06:05:23.415+0000] {subprocess.py:93} INFO - 26/07/21 06:05:23 INFO Utils: Successfully started service 'SparkUI' on port 4040.
[2026-07-21T06:05:23.475+0000] {subprocess.py:93} INFO - 26/07/21 06:05:23 INFO SparkContext: Added JAR file:///opt/jars/delta-spark_2.12-3.2.0.jar at spark://eae71429e63d:44981/jars/delta-spark_2.12-3.2.0.jar with timestamp 1784613922381
[2026-07-21T06:05:23.476+0000] {subprocess.py:93} INFO - 26/07/21 06:05:23 INFO SparkContext: Added JAR file:///opt/jars/delta-storage-3.2.0.jar at spark://eae71429e63d:44981/jars/delta-storage-3.2.0.jar with timestamp 1784613922381
[2026-07-21T06:05:23.477+0000] {subprocess.py:93} INFO - 26/07/21 06:05:23 INFO SparkContext: Added JAR file:///opt/jars/spark-sql-kafka-0-10_2.12-3.5.1.jar at spark://eae71429e63d:44981/jars/spark-sql-kafka-0-10_2.12-3.5.1.jar with timestamp 1784613922381
[2026-07-21T06:05:23.479+0000] {subprocess.py:93} INFO - 26/07/21 06:05:23 INFO SparkContext: Added JAR file:///opt/jars/kafka-clients-3.4.1.jar at spark://eae71429e63d:44981/jars/kafka-clients-3.4.1.jar with timestamp 1784613922381
[2026-07-21T06:05:23.480+0000] {subprocess.py:93} INFO - 26/07/21 06:05:23 INFO SparkContext: Added JAR file:///opt/jars/spark-token-provider-kafka-0-10_2.12-3.5.1.jar at spark://eae71429e63d:44981/jars/spark-token-provider-kafka-0-10_2.12-3.5.1.jar with timestamp 1784613922381
[2026-07-21T06:05:23.481+0000] {subprocess.py:93} INFO - 26/07/21 06:05:23 INFO SparkContext: Added JAR file:///opt/jars/commons-pool2-2.11.1.jar at spark://eae71429e63d:44981/jars/commons-pool2-2.11.1.jar with timestamp 1784613922381
[2026-07-21T06:05:23.612+0000] {subprocess.py:93} INFO - 26/07/21 06:05:23 INFO StandaloneAppClient$ClientEndpoint: Connecting to master spark://sdp-spark-master:7077...
[2026-07-21T06:05:23.695+0000] {subprocess.py:93} INFO - 26/07/21 06:05:23 INFO TransportClientFactory: Successfully created connection to sdp-spark-master/172.18.0.4:7077 after 47 ms (0 ms spent in bootstraps)
[2026-07-21T06:05:23.821+0000] {subprocess.py:93} INFO - 26/07/21 06:05:23 INFO StandaloneSchedulerBackend: Connected to Spark cluster with app ID app-20260721060523-0119
[2026-07-21T06:05:23.833+0000] {subprocess.py:93} INFO - 26/07/21 06:05:23 INFO StandaloneAppClient$ClientEndpoint: Executor added: app-20260721060523-0119/0 on worker-20260716063602-172.18.0.5-44367 (172.18.0.5:44367) with 1 core(s)
[2026-07-21T06:05:23.836+0000] {subprocess.py:93} INFO - 26/07/21 06:05:23 INFO StandaloneSchedulerBackend: Granted executor ID app-20260721060523-0119/0 on hostPort 172.18.0.5:44367 with 1 core(s), 512.0 MiB RAM
[2026-07-21T06:05:23.838+0000] {subprocess.py:93} INFO - 26/07/21 06:05:23 INFO StandaloneAppClient$ClientEndpoint: Executor added: app-20260721060523-0119/1 on worker-20260716063602-172.18.0.5-44367 (172.18.0.5:44367) with 1 core(s)
[2026-07-21T06:05:23.843+0000] {subprocess.py:93} INFO - 26/07/21 06:05:23 INFO StandaloneSchedulerBackend: Granted executor ID app-20260721060523-0119/1 on hostPort 172.18.0.5:44367 with 1 core(s), 512.0 MiB RAM
[2026-07-21T06:05:23.846+0000] {subprocess.py:93} INFO - 26/07/21 06:05:23 INFO StandaloneAppClient$ClientEndpoint: Executor added: app-20260721060523-0119/2 on worker-20260716063602-172.18.0.6-33249 (172.18.0.6:33249) with 1 core(s)
[2026-07-21T06:05:23.848+0000] {subprocess.py:93} INFO - 26/07/21 06:05:23 INFO StandaloneSchedulerBackend: Granted executor ID app-20260721060523-0119/2 on hostPort 172.18.0.6:33249 with 1 core(s), 512.0 MiB RAM
[2026-07-21T06:05:23.856+0000] {subprocess.py:93} INFO - 26/07/21 06:05:23 INFO Utils: Successfully started service 'org.apache.spark.network.netty.NettyBlockTransferService' on port 33435.
[2026-07-21T06:05:23.859+0000] {subprocess.py:93} INFO - 26/07/21 06:05:23 INFO NettyBlockTransferService: Server created on eae71429e63d:33435
[2026-07-21T06:05:23.864+0000] {subprocess.py:93} INFO - 26/07/21 06:05:23 INFO BlockManager: Using org.apache.spark.storage.RandomBlockReplicationPolicy for block replication policy
[2026-07-21T06:05:23.874+0000] {subprocess.py:93} INFO - 26/07/21 06:05:23 INFO BlockManagerMaster: Registering BlockManager BlockManagerId(driver, eae71429e63d, 33435, None)
[2026-07-21T06:05:23.885+0000] {subprocess.py:93} INFO - 26/07/21 06:05:23 INFO BlockManagerMasterEndpoint: Registering block manager eae71429e63d:33435 with 434.4 MiB RAM, BlockManagerId(driver, eae71429e63d, 33435, None)
[2026-07-21T06:05:23.891+0000] {subprocess.py:93} INFO - 26/07/21 06:05:23 INFO BlockManagerMaster: Registered BlockManager BlockManagerId(driver, eae71429e63d, 33435, None)
[2026-07-21T06:05:23.893+0000] {subprocess.py:93} INFO - 26/07/21 06:05:23 INFO BlockManager: Initialized BlockManager: BlockManagerId(driver, eae71429e63d, 33435, None)
[2026-07-21T06:05:23.963+0000] {subprocess.py:93} INFO - 26/07/21 06:05:23 INFO StandaloneAppClient$ClientEndpoint: Executor updated: app-20260721060523-0119/1 is now RUNNING
[2026-07-21T06:05:23.989+0000] {subprocess.py:93} INFO - 26/07/21 06:05:23 INFO StandaloneAppClient$ClientEndpoint: Executor updated: app-20260721060523-0119/0 is now RUNNING
[2026-07-21T06:05:24.001+0000] {subprocess.py:93} INFO - 26/07/21 06:05:23 INFO StandaloneAppClient$ClientEndpoint: Executor updated: app-20260721060523-0119/2 is now RUNNING
[2026-07-21T06:05:24.673+0000] {subprocess.py:93} INFO - 26/07/21 06:05:24 INFO StandaloneSchedulerBackend: SchedulerBackend is ready for scheduling beginning after reached minRegisteredResourcesRatio: 0.0
[2026-07-21T06:05:25.809+0000] {subprocess.py:93} INFO - Starting stream: orders -> /opt/data/bronze/orders
[2026-07-21T06:05:54.639+0000] {subprocess.py:93} INFO - 26/07/21 06:05:54 WARN ResolveWriteToStream: spark.sql.adaptive.enabled is not supported in streaming DataFrames/Datasets and will be disabled.
[2026-07-21T06:05:54.866+0000] {subprocess.py:93} INFO - Starting stream: customers -> /opt/data/bronze/customers
[2026-07-21T06:05:57.750+0000] {subprocess.py:93} INFO - 26/07/21 06:05:57 WARN AdminClientConfig: These configurations '[key.deserializer, value.deserializer, enable.auto.commit, max.poll.records, auto.offset.reset]' were supplied but are not used yet.
[2026-07-21T06:06:01.138+0000] {subprocess.py:93} INFO - 26/07/21 06:06:01 WARN ResolveWriteToStream: spark.sql.adaptive.enabled is not supported in streaming DataFrames/Datasets and will be disabled.
[2026-07-21T06:06:01.200+0000] {subprocess.py:93} INFO - Starting stream: products -> /opt/data/bronze/products
[2026-07-21T06:06:03.748+0000] {subprocess.py:93} INFO - 26/07/21 06:06:03 WARN AdminClientConfig: These configurations '[key.deserializer, value.deserializer, enable.auto.commit, max.poll.records, auto.offset.reset]' were supplied but are not used yet.
[2026-07-21T06:06:03.987+0000] {subprocess.py:93} INFO - 26/07/21 06:06:03 WARN ResolveWriteToStream: spark.sql.adaptive.enabled is not supported in streaming DataFrames/Datasets and will be disabled.
[2026-07-21T06:06:06.132+0000] {subprocess.py:93} INFO - 26/07/21 06:06:06 WARN AdminClientConfig: These configurations '[key.deserializer, value.deserializer, enable.auto.commit, max.poll.records, auto.offset.reset]' were supplied but are not used yet.
[2026-07-21T06:07:36.936+0000] {subprocess.py:97} INFO - Command exited with return code 0
[2026-07-21T06:07:36.941+0000] {taskinstance.py:441} INFO - ::group::Post task execution logs
[2026-07-21T06:07:37.017+0000] {taskinstance.py:1205} INFO - Marking task as SUCCESS. dag_id=e-commerce_kafka_streaming_pipeline_v1, task_id=run_bronze, execution_date=20260720T160000, start_date=20260721T060518, end_date=20260721T060737
[2026-07-21T06:07:37.082+0000] {local_task_job_runner.py:240} INFO - Task exited with return code 0
[2026-07-21T06:07:37.132+0000] {taskinstance.py:3482} INFO - 1 downstream tasks scheduled from follow-on schedule check
[2026-07-21T06:07:37.135+0000] {local_task_job_runner.py:222} INFO - ::endgroup::
