[2026-07-21T06:00:44.482+0000] {local_task_job_runner.py:120} INFO - ::group::Pre task execution logs
[2026-07-21T06:00:44.690+0000] {taskinstance.py:2073} INFO - Dependencies all met for dep_context=non-requeueable deps ti=<TaskInstance: e-commerce_kafka_streaming_pipeline_v1.run_bronze scheduled__2026-07-20T16:00:00+00:00 [queued]>
[2026-07-21T06:00:44.725+0000] {taskinstance.py:2073} INFO - Dependencies all met for dep_context=requeueable deps ti=<TaskInstance: e-commerce_kafka_streaming_pipeline_v1.run_bronze scheduled__2026-07-20T16:00:00+00:00 [queued]>
[2026-07-21T06:00:44.750+0000] {taskinstance.py:2303} INFO - Starting attempt 1 of 2
[2026-07-21T06:00:44.820+0000] {taskinstance.py:2327} INFO - Executing <Task(BashOperator): run_bronze> on 2026-07-20 16:00:00+00:00
[2026-07-21T06:00:44.845+0000] {standard_task_runner.py:90} INFO - Running: ['***', 'tasks', 'run', 'e-commerce_kafka_streaming_pipeline_v1', 'run_bronze', 'scheduled__2026-07-20T16:00:00+00:00', '--job-id', '254', '--raw', '--subdir', 'DAGS_FOLDER/sdp_pipeline_dag.py', '--cfg-path', '/tmp/tmpjkhu4kc2']
[2026-07-21T06:00:44.863+0000] {standard_task_runner.py:91} INFO - Job 254: Subtask run_bronze
[2026-07-21T06:00:44.862+0000] {logging_mixin.py:188} WARNING - /home/***/.local/lib/python3.12/site-packages/***/task/task_runner/standard_task_runner.py:61 DeprecationWarning: This process (pid=11932) is multi-threaded, use of fork() may lead to deadlocks in the child.
[2026-07-21T06:00:44.869+0000] {standard_task_runner.py:63} INFO - Started process 11934 to run task
[2026-07-21T06:00:45.083+0000] {task_command.py:426} INFO - Running <TaskInstance: e-commerce_kafka_streaming_pipeline_v1.run_bronze scheduled__2026-07-20T16:00:00+00:00 [running]> on host da27550080bf
[2026-07-21T06:00:45.380+0000] {taskinstance.py:2644} INFO - Exporting env vars: AIRFLOW_CTX_DAG_OWNER='dev' AIRFLOW_CTX_DAG_ID='e-commerce_kafka_streaming_pipeline_v1' AIRFLOW_CTX_TASK_ID='run_bronze' AIRFLOW_CTX_EXECUTION_DATE='2026-07-20T16:00:00+00:00' AIRFLOW_CTX_TRY_NUMBER='1' AIRFLOW_CTX_DAG_RUN_ID='scheduled__2026-07-20T16:00:00+00:00'
[2026-07-21T06:00:45.383+0000] {taskinstance.py:430} INFO - ::endgroup::
[2026-07-21T06:00:45.432+0000] {subprocess.py:63} INFO - Tmp dir root location: /tmp
[2026-07-21T06:00:45.453+0000] {subprocess.py:75} INFO - Running command: ['/usr/bin/bash', '-c', 'timeout 150s docker run --rm --network streaming_kafka_project_sdp-net --volume /d/Streaming_kafka_project/pipelines:/opt/pipelines --volume /d/Streaming_kafka_project/data:/opt/data --volume /d/Streaming_kafka_project/checkpoints:/opt/checkpoints --volume /d/Streaming_kafka_project/jars:/opt/jars apache/spark:3.5.1 /opt/spark/bin/spark-submit --master spark://sdp-spark-master:7077 --executor-cores 1 --executor-memory 512m --total-executor-cores 3 --jars /opt/jars/delta-spark_2.12-3.2.0.jar,/opt/jars/delta-storage-3.2.0.jar,/opt/jars/spark-sql-kafka-0-10_2.12-3.5.1.jar,/opt/jars/kafka-clients-3.4.1.jar,/opt/jars/spark-token-provider-kafka-0-10_2.12-3.5.1.jar,/opt/jars/commons-pool2-2.11.1.jar --conf spark.sql.extensions=io.delta.sql.DeltaSparkSessionExtension --conf spark.sql.catalog.spark_catalog=org.apache.spark.sql.delta.catalog.DeltaCatalog  /opt/pipelines/bronze_runner.py']
[2026-07-21T06:00:45.479+0000] {subprocess.py:86} INFO - Output:
[2026-07-21T06:00:50.751+0000] {subprocess.py:93} INFO - 26/07/21 06:00:50 WARN NativeCodeLoader: Unable to load native-hadoop library for your platform... using builtin-java classes where applicable
[2026-07-21T06:00:51.938+0000] {subprocess.py:93} INFO - 26/07/21 06:00:51 INFO SparkContext: Running Spark version 3.5.1
[2026-07-21T06:00:51.940+0000] {subprocess.py:93} INFO - 26/07/21 06:00:51 INFO SparkContext: OS info Linux, 6.18.33.2-microsoft-standard-WSL2, amd64
[2026-07-21T06:00:51.942+0000] {subprocess.py:93} INFO - 26/07/21 06:00:51 INFO SparkContext: Java version 11.0.22
[2026-07-21T06:00:51.995+0000] {subprocess.py:93} INFO - 26/07/21 06:00:51 INFO ResourceUtils: ==============================================================
[2026-07-21T06:00:51.996+0000] {subprocess.py:93} INFO - 26/07/21 06:00:51 INFO ResourceUtils: No custom resources configured for spark.driver.
[2026-07-21T06:00:51.998+0000] {subprocess.py:93} INFO - 26/07/21 06:00:51 INFO ResourceUtils: ==============================================================
[2026-07-21T06:00:51.999+0000] {subprocess.py:93} INFO - 26/07/21 06:00:51 INFO SparkContext: Submitted application: SDP-Bronze
[2026-07-21T06:00:52.049+0000] {subprocess.py:93} INFO - 26/07/21 06:00:52 INFO ResourceProfile: Default ResourceProfile created, executor resources: Map(cores -> name: cores, amount: 1, script: , vendor: , memory -> name: memory, amount: 512, script: , vendor: , offHeap -> name: offHeap, amount: 0, script: , vendor: ), task resources: Map(cpus -> name: cpus, amount: 1.0)
[2026-07-21T06:00:52.069+0000] {subprocess.py:93} INFO - 26/07/21 06:00:52 INFO ResourceProfile: Limiting resource is cpus at 1 tasks per executor
[2026-07-21T06:00:52.072+0000] {subprocess.py:93} INFO - 26/07/21 06:00:52 INFO ResourceProfileManager: Added ResourceProfile id: 0
[2026-07-21T06:00:52.177+0000] {subprocess.py:93} INFO - 26/07/21 06:00:52 INFO SecurityManager: Changing view acls to: spark
[2026-07-21T06:00:52.178+0000] {subprocess.py:93} INFO - 26/07/21 06:00:52 INFO SecurityManager: Changing modify acls to: spark
[2026-07-21T06:00:52.180+0000] {subprocess.py:93} INFO - 26/07/21 06:00:52 INFO SecurityManager: Changing view acls groups to:
[2026-07-21T06:00:52.181+0000] {subprocess.py:93} INFO - 26/07/21 06:00:52 INFO SecurityManager: Changing modify acls groups to:
[2026-07-21T06:00:52.181+0000] {subprocess.py:93} INFO - 26/07/21 06:00:52 INFO SecurityManager: SecurityManager: authentication disabled; ui acls disabled; users with view permissions: spark; groups with view permissions: EMPTY; users with modify permissions: spark; groups with modify permissions: EMPTY
[2026-07-21T06:00:52.665+0000] {subprocess.py:93} INFO - 26/07/21 06:00:52 INFO Utils: Successfully started service 'sparkDriver' on port 41217.
[2026-07-21T06:00:52.747+0000] {subprocess.py:93} INFO - 26/07/21 06:00:52 INFO SparkEnv: Registering MapOutputTracker
[2026-07-21T06:00:52.847+0000] {subprocess.py:93} INFO - 26/07/21 06:00:52 INFO SparkEnv: Registering BlockManagerMaster
[2026-07-21T06:00:52.882+0000] {subprocess.py:93} INFO - 26/07/21 06:00:52 INFO BlockManagerMasterEndpoint: Using org.apache.spark.storage.DefaultTopologyMapper for getting topology information
[2026-07-21T06:00:52.883+0000] {subprocess.py:93} INFO - 26/07/21 06:00:52 INFO BlockManagerMasterEndpoint: BlockManagerMasterEndpoint up
[2026-07-21T06:00:52.894+0000] {subprocess.py:93} INFO - 26/07/21 06:00:52 INFO SparkEnv: Registering BlockManagerMasterHeartbeat
[2026-07-21T06:00:52.937+0000] {subprocess.py:93} INFO - 26/07/21 06:00:52 INFO DiskBlockManager: Created local directory at /tmp/blockmgr-159901af-e466-4d14-92f1-a2476784881d
[2026-07-21T06:00:52.960+0000] {subprocess.py:93} INFO - 26/07/21 06:00:52 INFO MemoryStore: MemoryStore started with capacity 434.4 MiB
[2026-07-21T06:00:52.991+0000] {subprocess.py:93} INFO - 26/07/21 06:00:52 INFO SparkEnv: Registering OutputCommitCoordinator
[2026-07-21T06:00:53.334+0000] {subprocess.py:93} INFO - 26/07/21 06:00:53 INFO JettyUtils: Start Jetty 0.0.0.0:4040 for SparkUI
[2026-07-21T06:00:53.513+0000] {subprocess.py:93} INFO - 26/07/21 06:00:53 INFO Utils: Successfully started service 'SparkUI' on port 4040.
[2026-07-21T06:00:53.610+0000] {subprocess.py:93} INFO - 26/07/21 06:00:53 INFO SparkContext: Added JAR file:///opt/jars/delta-spark_2.12-3.2.0.jar at spark://43d25a2efa38:41217/jars/delta-spark_2.12-3.2.0.jar with timestamp 1784613651920
[2026-07-21T06:00:53.621+0000] {subprocess.py:93} INFO - 26/07/21 06:00:53 INFO SparkContext: Added JAR file:///opt/jars/delta-storage-3.2.0.jar at spark://43d25a2efa38:41217/jars/delta-storage-3.2.0.jar with timestamp 1784613651920
[2026-07-21T06:00:53.626+0000] {subprocess.py:93} INFO - 26/07/21 06:00:53 INFO SparkContext: Added JAR file:///opt/jars/spark-sql-kafka-0-10_2.12-3.5.1.jar at spark://43d25a2efa38:41217/jars/spark-sql-kafka-0-10_2.12-3.5.1.jar with timestamp 1784613651920
[2026-07-21T06:00:53.640+0000] {subprocess.py:93} INFO - 26/07/21 06:00:53 INFO SparkContext: Added JAR file:///opt/jars/kafka-clients-3.4.1.jar at spark://43d25a2efa38:41217/jars/kafka-clients-3.4.1.jar with timestamp 1784613651920
[2026-07-21T06:00:53.655+0000] {subprocess.py:93} INFO - 26/07/21 06:00:53 INFO SparkContext: Added JAR file:///opt/jars/spark-token-provider-kafka-0-10_2.12-3.5.1.jar at spark://43d25a2efa38:41217/jars/spark-token-provider-kafka-0-10_2.12-3.5.1.jar with timestamp 1784613651920
[2026-07-21T06:00:53.660+0000] {subprocess.py:93} INFO - 26/07/21 06:00:53 INFO SparkContext: Added JAR file:///opt/jars/commons-pool2-2.11.1.jar at spark://43d25a2efa38:41217/jars/commons-pool2-2.11.1.jar with timestamp 1784613651920
[2026-07-21T06:00:53.844+0000] {subprocess.py:93} INFO - 26/07/21 06:00:53 INFO StandaloneAppClient$ClientEndpoint: Connecting to master spark://sdp-spark-master:7077...
[2026-07-21T06:00:53.938+0000] {subprocess.py:93} INFO - 26/07/21 06:00:53 INFO TransportClientFactory: Successfully created connection to sdp-spark-master/172.18.0.4:7077 after 47 ms (0 ms spent in bootstraps)
[2026-07-21T06:00:54.134+0000] {subprocess.py:93} INFO - 26/07/21 06:00:54 INFO StandaloneSchedulerBackend: Connected to Spark cluster with app ID app-20260721060054-0118
[2026-07-21T06:00:54.142+0000] {subprocess.py:93} INFO - 26/07/21 06:00:54 INFO StandaloneAppClient$ClientEndpoint: Executor added: app-20260721060054-0118/0 on worker-20260716063602-172.18.0.6-33249 (172.18.0.6:33249) with 1 core(s)
[2026-07-21T06:00:54.162+0000] {subprocess.py:93} INFO - 26/07/21 06:00:54 INFO StandaloneSchedulerBackend: Granted executor ID app-20260721060054-0118/0 on hostPort 172.18.0.6:33249 with 1 core(s), 512.0 MiB RAM
[2026-07-21T06:00:54.170+0000] {subprocess.py:93} INFO - 26/07/21 06:00:54 INFO StandaloneAppClient$ClientEndpoint: Executor added: app-20260721060054-0118/1 on worker-20260716063602-172.18.0.6-33249 (172.18.0.6:33249) with 1 core(s)
[2026-07-21T06:00:54.172+0000] {subprocess.py:93} INFO - 26/07/21 06:00:54 INFO StandaloneSchedulerBackend: Granted executor ID app-20260721060054-0118/1 on hostPort 172.18.0.6:33249 with 1 core(s), 512.0 MiB RAM
[2026-07-21T06:00:54.173+0000] {subprocess.py:93} INFO - 26/07/21 06:00:54 INFO StandaloneAppClient$ClientEndpoint: Executor added: app-20260721060054-0118/2 on worker-20260716063602-172.18.0.5-44367 (172.18.0.5:44367) with 1 core(s)
[2026-07-21T06:00:54.175+0000] {subprocess.py:93} INFO - 26/07/21 06:00:54 INFO StandaloneSchedulerBackend: Granted executor ID app-20260721060054-0118/2 on hostPort 172.18.0.5:44367 with 1 core(s), 512.0 MiB RAM
[2026-07-21T06:00:54.176+0000] {subprocess.py:93} INFO - 26/07/21 06:00:54 INFO Utils: Successfully started service 'org.apache.spark.network.netty.NettyBlockTransferService' on port 44765.
[2026-07-21T06:00:54.177+0000] {subprocess.py:93} INFO - 26/07/21 06:00:54 INFO NettyBlockTransferService: Server created on 43d25a2efa38:44765
[2026-07-21T06:00:54.187+0000] {subprocess.py:93} INFO - 26/07/21 06:00:54 INFO BlockManager: Using org.apache.spark.storage.RandomBlockReplicationPolicy for block replication policy
[2026-07-21T06:00:54.196+0000] {subprocess.py:93} INFO - 26/07/21 06:00:54 INFO BlockManagerMaster: Registering BlockManager BlockManagerId(driver, 43d25a2efa38, 44765, None)
[2026-07-21T06:00:54.221+0000] {subprocess.py:93} INFO - 26/07/21 06:00:54 INFO BlockManagerMasterEndpoint: Registering block manager 43d25a2efa38:44765 with 434.4 MiB RAM, BlockManagerId(driver, 43d25a2efa38, 44765, None)
[2026-07-21T06:00:54.231+0000] {subprocess.py:93} INFO - 26/07/21 06:00:54 INFO BlockManagerMaster: Registered BlockManager BlockManagerId(driver, 43d25a2efa38, 44765, None)
[2026-07-21T06:00:54.233+0000] {subprocess.py:93} INFO - 26/07/21 06:00:54 INFO BlockManager: Initialized BlockManager: BlockManagerId(driver, 43d25a2efa38, 44765, None)
[2026-07-21T06:00:54.286+0000] {subprocess.py:93} INFO - 26/07/21 06:00:54 INFO StandaloneAppClient$ClientEndpoint: Executor updated: app-20260721060054-0118/2 is now RUNNING
[2026-07-21T06:00:54.476+0000] {subprocess.py:93} INFO - 26/07/21 06:00:54 INFO StandaloneAppClient$ClientEndpoint: Executor updated: app-20260721060054-0118/0 is now RUNNING
[2026-07-21T06:00:54.591+0000] {subprocess.py:93} INFO - 26/07/21 06:00:54 INFO StandaloneAppClient$ClientEndpoint: Executor updated: app-20260721060054-0118/1 is now RUNNING
[2026-07-21T06:00:54.973+0000] {subprocess.py:93} INFO - 26/07/21 06:00:54 INFO StandaloneSchedulerBackend: SchedulerBackend is ready for scheduling beginning after reached minRegisteredResourcesRatio: 0.0
[2026-07-21T06:00:56.020+0000] {subprocess.py:93} INFO - Starting stream: orders -> /opt/data/bronze/orders
[2026-07-21T06:01:35.487+0000] {subprocess.py:93} INFO - 26/07/21 06:01:35 WARN ResolveWriteToStream: spark.sql.adaptive.enabled is not supported in streaming DataFrames/Datasets and will be disabled.
[2026-07-21T06:01:35.778+0000] {subprocess.py:93} INFO - Starting stream: customers -> /opt/data/bronze/customers
[2026-07-21T06:01:40.054+0000] {subprocess.py:93} INFO - 26/07/21 06:01:40 WARN ResolveWriteToStream: spark.sql.adaptive.enabled is not supported in streaming DataFrames/Datasets and will be disabled.
[2026-07-21T06:01:40.316+0000] {subprocess.py:93} INFO - Starting stream: products -> /opt/data/bronze/products
[2026-07-21T06:01:41.088+0000] {subprocess.py:93} INFO - 26/07/21 06:01:41 WARN AdminClientConfig: These configurations '[key.deserializer, value.deserializer, enable.auto.commit, max.poll.records, auto.offset.reset]' were supplied but are not used yet.
[2026-07-21T06:01:43.456+0000] {subprocess.py:93} INFO - 26/07/21 06:01:43 WARN AdminClientConfig: These configurations '[key.deserializer, value.deserializer, enable.auto.commit, max.poll.records, auto.offset.reset]' were supplied but are not used yet.
[2026-07-21T06:01:47.166+0000] {subprocess.py:93} INFO - 26/07/21 06:01:47 WARN ResolveWriteToStream: spark.sql.adaptive.enabled is not supported in streaming DataFrames/Datasets and will be disabled.
[2026-07-21T06:01:49.383+0000] {subprocess.py:93} INFO - 26/07/21 06:01:49 WARN AdminClientConfig: These configurations '[key.deserializer, value.deserializer, enable.auto.commit, max.poll.records, auto.offset.reset]' were supplied but are not used yet.
[2026-07-21T06:03:16.648+0000] {subprocess.py:97} INFO - Command exited with return code 124
[2026-07-21T06:03:16.652+0000] {taskinstance.py:441} INFO - ::group::Post task execution logs
[2026-07-21T06:03:16.673+0000] {taskinstance.py:2890} ERROR - Task failed with exception
Traceback (most recent call last):
  File "/home/airflow/.local/lib/python3.12/site-packages/airflow/models/taskinstance.py", line 465, in _execute_task
    result = _execute_callable(context=context, **execute_callable_kwargs)
             ^^^^^^^^^^^^^^^^^^^^^^^^^^^^^^^^^^^^^^^^^^^^^^^^^^^^^^^^^^^^^
  File "/home/airflow/.local/lib/python3.12/site-packages/airflow/models/taskinstance.py", line 432, in _execute_callable
    return execute_callable(context=context, **execute_callable_kwargs)
           ^^^^^^^^^^^^^^^^^^^^^^^^^^^^^^^^^^^^^^^^^^^^^^^^^^^^^^^^^^^^
  File "/home/airflow/.local/lib/python3.12/site-packages/airflow/models/baseoperator.py", line 400, in wrapper
    return func(self, *args, **kwargs)
           ^^^^^^^^^^^^^^^^^^^^^^^^^^^
  File "/home/airflow/.local/lib/python3.12/site-packages/airflow/operators/bash.py", line 243, in execute
    raise AirflowException(
airflow.exceptions.AirflowException: Bash command failed. The command returned a non-zero exit code 124.
[2026-07-21T06:03:16.692+0000] {taskinstance.py:1205} INFO - Marking task as UP_FOR_RETRY. dag_id=e-commerce_kafka_streaming_pipeline_v1, task_id=run_bronze, execution_date=20260720T160000, start_date=20260721T060044, end_date=20260721T060316
[2026-07-21T06:03:16.728+0000] {standard_task_runner.py:110} ERROR - Failed to execute job 254 for task run_bronze (Bash command failed. The command returned a non-zero exit code 124.; 11934)
[2026-07-21T06:03:16.764+0000] {local_task_job_runner.py:240} INFO - Task exited with return code 1
[2026-07-21T06:03:16.801+0000] {taskinstance.py:3482} INFO - 0 downstream tasks scheduled from follow-on schedule check
[2026-07-21T06:03:16.805+0000] {local_task_job_runner.py:222} INFO - ::endgroup::
