[2026-07-17T10:47:50.280+0000] {local_task_job_runner.py:120} INFO - ::group::Pre task execution logs
[2026-07-17T10:47:50.371+0000] {taskinstance.py:2073} INFO - Dependencies all met for dep_context=non-requeueable deps ti=<TaskInstance: e-commerce_kafka_streaming_pipeline_v1.run_silver scheduled__2026-07-17T09:00:00+00:00 [queued]>
[2026-07-17T10:47:50.403+0000] {taskinstance.py:2073} INFO - Dependencies all met for dep_context=requeueable deps ti=<TaskInstance: e-commerce_kafka_streaming_pipeline_v1.run_silver scheduled__2026-07-17T09:00:00+00:00 [queued]>
[2026-07-17T10:47:50.404+0000] {taskinstance.py:2303} INFO - Starting attempt 1 of 2
[2026-07-17T10:47:50.457+0000] {taskinstance.py:2327} INFO - Executing <Task(BashOperator): run_silver> on 2026-07-17 09:00:00+00:00
[2026-07-17T10:47:50.504+0000] {standard_task_runner.py:90} INFO - Running: ['***', 'tasks', 'run', 'e-commerce_kafka_streaming_pipeline_v1', 'run_silver', 'scheduled__2026-07-17T09:00:00+00:00', '--job-id', '136', '--raw', '--subdir', 'DAGS_FOLDER/sdp_pipeline_dag.py', '--cfg-path', '/tmp/tmpfv86es1r']
[2026-07-17T10:47:50.521+0000] {standard_task_runner.py:91} INFO - Job 136: Subtask run_silver
[2026-07-17T10:47:50.551+0000] {logging_mixin.py:188} WARNING - /home/***/.local/lib/python3.12/site-packages/***/task/task_runner/standard_task_runner.py:61 DeprecationWarning: This process (pid=3904) is multi-threaded, use of fork() may lead to deadlocks in the child.
[2026-07-17T10:47:50.561+0000] {standard_task_runner.py:63} INFO - Started process 3906 to run task
[2026-07-17T10:47:50.670+0000] {task_command.py:426} INFO - Running <TaskInstance: e-commerce_kafka_streaming_pipeline_v1.run_silver scheduled__2026-07-17T09:00:00+00:00 [running]> on host da27550080bf
[2026-07-17T10:47:50.801+0000] {taskinstance.py:2644} INFO - Exporting env vars: AIRFLOW_CTX_DAG_OWNER='dev' AIRFLOW_CTX_DAG_ID='e-commerce_kafka_streaming_pipeline_v1' AIRFLOW_CTX_TASK_ID='run_silver' AIRFLOW_CTX_EXECUTION_DATE='2026-07-17T09:00:00+00:00' AIRFLOW_CTX_TRY_NUMBER='1' AIRFLOW_CTX_DAG_RUN_ID='scheduled__2026-07-17T09:00:00+00:00'
[2026-07-17T10:47:50.803+0000] {taskinstance.py:430} INFO - ::endgroup::
[2026-07-17T10:47:50.820+0000] {subprocess.py:63} INFO - Tmp dir root location: /tmp
[2026-07-17T10:47:50.822+0000] {subprocess.py:75} INFO - Running command: ['/usr/bin/bash', '-c', 'timeout 150s docker run --rm --network streaming_kafka_project_sdp-net --volume /d/Streaming_kafka_project/pipelines:/opt/pipelines --volume /d/Streaming_kafka_project/data:/opt/data --volume /d/Streaming_kafka_project/checkpoints:/opt/checkpoints --volume /d/Streaming_kafka_project/jars:/opt/jars apache/spark:3.5.1 /opt/spark/bin/spark-submit --master spark://sdp-spark-master:7077 --executor-cores 1 --executor-memory 512m --total-executor-cores 3 --jars /opt/jars/delta-spark_2.12-3.2.0.jar,/opt/jars/delta-storage-3.2.0.jar,/opt/jars/spark-sql-kafka-0-10_2.12-3.5.1.jar,/opt/jars/kafka-clients-3.4.1.jar,/opt/jars/spark-token-provider-kafka-0-10_2.12-3.5.1.jar,/opt/jars/commons-pool2-2.11.1.jar --conf spark.sql.extensions=io.delta.sql.DeltaSparkSessionExtension --conf spark.sql.catalog.spark_catalog=org.apache.spark.sql.delta.catalog.DeltaCatalog  /opt/pipelines/silver_runner.py']
[2026-07-17T10:47:50.833+0000] {subprocess.py:86} INFO - Output:
[2026-07-17T10:47:54.008+0000] {subprocess.py:93} INFO - 26/07/17 10:47:54 WARN NativeCodeLoader: Unable to load native-hadoop library for your platform... using builtin-java classes where applicable
[2026-07-17T10:47:54.906+0000] {subprocess.py:93} INFO - 26/07/17 10:47:54 INFO SparkContext: Running Spark version 3.5.1
[2026-07-17T10:47:54.908+0000] {subprocess.py:93} INFO - 26/07/17 10:47:54 INFO SparkContext: OS info Linux, 6.18.33.2-microsoft-standard-WSL2, amd64
[2026-07-17T10:47:54.909+0000] {subprocess.py:93} INFO - 26/07/17 10:47:54 INFO SparkContext: Java version 11.0.22
[2026-07-17T10:47:54.953+0000] {subprocess.py:93} INFO - 26/07/17 10:47:54 INFO ResourceUtils: ==============================================================
[2026-07-17T10:47:54.955+0000] {subprocess.py:93} INFO - 26/07/17 10:47:54 INFO ResourceUtils: No custom resources configured for spark.driver.
[2026-07-17T10:47:54.956+0000] {subprocess.py:93} INFO - 26/07/17 10:47:54 INFO ResourceUtils: ==============================================================
[2026-07-17T10:47:54.957+0000] {subprocess.py:93} INFO - 26/07/17 10:47:54 INFO SparkContext: Submitted application: SDP-Silver
[2026-07-17T10:47:54.985+0000] {subprocess.py:93} INFO - 26/07/17 10:47:54 INFO ResourceProfile: Default ResourceProfile created, executor resources: Map(cores -> name: cores, amount: 1, script: , vendor: , memory -> name: memory, amount: 512, script: , vendor: , offHeap -> name: offHeap, amount: 0, script: , vendor: ), task resources: Map(cpus -> name: cpus, amount: 1.0)
[2026-07-17T10:47:55.001+0000] {subprocess.py:93} INFO - 26/07/17 10:47:54 INFO ResourceProfile: Limiting resource is cpus at 1 tasks per executor
[2026-07-17T10:47:55.002+0000] {subprocess.py:93} INFO - 26/07/17 10:47:55 INFO ResourceProfileManager: Added ResourceProfile id: 0
[2026-07-17T10:47:55.096+0000] {subprocess.py:93} INFO - 26/07/17 10:47:55 INFO SecurityManager: Changing view acls to: spark
[2026-07-17T10:47:55.097+0000] {subprocess.py:93} INFO - 26/07/17 10:47:55 INFO SecurityManager: Changing modify acls to: spark
[2026-07-17T10:47:55.099+0000] {subprocess.py:93} INFO - 26/07/17 10:47:55 INFO SecurityManager: Changing view acls groups to:
[2026-07-17T10:47:55.104+0000] {subprocess.py:93} INFO - 26/07/17 10:47:55 INFO SecurityManager: Changing modify acls groups to:
[2026-07-17T10:47:55.107+0000] {subprocess.py:93} INFO - 26/07/17 10:47:55 INFO SecurityManager: SecurityManager: authentication disabled; ui acls disabled; users with view permissions: spark; groups with view permissions: EMPTY; users with modify permissions: spark; groups with modify permissions: EMPTY
[2026-07-17T10:47:55.443+0000] {subprocess.py:93} INFO - 26/07/17 10:47:55 INFO Utils: Successfully started service 'sparkDriver' on port 35871.
[2026-07-17T10:47:55.496+0000] {subprocess.py:93} INFO - 26/07/17 10:47:55 INFO SparkEnv: Registering MapOutputTracker
[2026-07-17T10:47:55.565+0000] {subprocess.py:93} INFO - 26/07/17 10:47:55 INFO SparkEnv: Registering BlockManagerMaster
[2026-07-17T10:47:55.608+0000] {subprocess.py:93} INFO - 26/07/17 10:47:55 INFO BlockManagerMasterEndpoint: Using org.apache.spark.storage.DefaultTopologyMapper for getting topology information
[2026-07-17T10:47:55.611+0000] {subprocess.py:93} INFO - 26/07/17 10:47:55 INFO BlockManagerMasterEndpoint: BlockManagerMasterEndpoint up
[2026-07-17T10:47:55.615+0000] {subprocess.py:93} INFO - 26/07/17 10:47:55 INFO SparkEnv: Registering BlockManagerMasterHeartbeat
[2026-07-17T10:47:55.652+0000] {subprocess.py:93} INFO - 26/07/17 10:47:55 INFO DiskBlockManager: Created local directory at /tmp/blockmgr-083d7354-2b8e-4427-b7df-12287ffaba11
[2026-07-17T10:47:55.672+0000] {subprocess.py:93} INFO - 26/07/17 10:47:55 INFO MemoryStore: MemoryStore started with capacity 434.4 MiB
[2026-07-17T10:47:55.715+0000] {subprocess.py:93} INFO - 26/07/17 10:47:55 INFO SparkEnv: Registering OutputCommitCoordinator
[2026-07-17T10:47:55.940+0000] {subprocess.py:93} INFO - 26/07/17 10:47:55 INFO JettyUtils: Start Jetty 0.0.0.0:4040 for SparkUI
[2026-07-17T10:47:56.035+0000] {subprocess.py:93} INFO - 26/07/17 10:47:56 INFO Utils: Successfully started service 'SparkUI' on port 4040.
[2026-07-17T10:47:56.087+0000] {subprocess.py:93} INFO - 26/07/17 10:47:56 INFO SparkContext: Added JAR file:///opt/jars/delta-spark_2.12-3.2.0.jar at spark://4855b342809c:35871/jars/delta-spark_2.12-3.2.0.jar with timestamp 1784285274894
[2026-07-17T10:47:56.089+0000] {subprocess.py:93} INFO - 26/07/17 10:47:56 INFO SparkContext: Added JAR file:///opt/jars/delta-storage-3.2.0.jar at spark://4855b342809c:35871/jars/delta-storage-3.2.0.jar with timestamp 1784285274894
[2026-07-17T10:47:56.093+0000] {subprocess.py:93} INFO - 26/07/17 10:47:56 INFO SparkContext: Added JAR file:///opt/jars/spark-sql-kafka-0-10_2.12-3.5.1.jar at spark://4855b342809c:35871/jars/spark-sql-kafka-0-10_2.12-3.5.1.jar with timestamp 1784285274894
[2026-07-17T10:47:56.095+0000] {subprocess.py:93} INFO - 26/07/17 10:47:56 INFO SparkContext: Added JAR file:///opt/jars/kafka-clients-3.4.1.jar at spark://4855b342809c:35871/jars/kafka-clients-3.4.1.jar with timestamp 1784285274894
[2026-07-17T10:47:56.097+0000] {subprocess.py:93} INFO - 26/07/17 10:47:56 INFO SparkContext: Added JAR file:///opt/jars/spark-token-provider-kafka-0-10_2.12-3.5.1.jar at spark://4855b342809c:35871/jars/spark-token-provider-kafka-0-10_2.12-3.5.1.jar with timestamp 1784285274894
[2026-07-17T10:47:56.098+0000] {subprocess.py:93} INFO - 26/07/17 10:47:56 INFO SparkContext: Added JAR file:///opt/jars/commons-pool2-2.11.1.jar at spark://4855b342809c:35871/jars/commons-pool2-2.11.1.jar with timestamp 1784285274894
[2026-07-17T10:47:56.193+0000] {subprocess.py:93} INFO - 26/07/17 10:47:56 INFO StandaloneAppClient$ClientEndpoint: Connecting to master spark://sdp-spark-master:7077...
[2026-07-17T10:47:56.247+0000] {subprocess.py:93} INFO - 26/07/17 10:47:56 INFO TransportClientFactory: Successfully created connection to sdp-spark-master/172.18.0.4:7077 after 24 ms (0 ms spent in bootstraps)
[2026-07-17T10:47:56.381+0000] {subprocess.py:93} INFO - 26/07/17 10:47:56 INFO StandaloneSchedulerBackend: Connected to Spark cluster with app ID app-20260717104756-0065
[2026-07-17T10:47:56.389+0000] {subprocess.py:93} INFO - 26/07/17 10:47:56 INFO StandaloneAppClient$ClientEndpoint: Executor added: app-20260717104756-0065/0 on worker-20260716063602-172.18.0.5-44367 (172.18.0.5:44367) with 1 core(s)
[2026-07-17T10:47:56.395+0000] {subprocess.py:93} INFO - 26/07/17 10:47:56 INFO StandaloneSchedulerBackend: Granted executor ID app-20260717104756-0065/0 on hostPort 172.18.0.5:44367 with 1 core(s), 512.0 MiB RAM
[2026-07-17T10:47:56.398+0000] {subprocess.py:93} INFO - 26/07/17 10:47:56 INFO StandaloneAppClient$ClientEndpoint: Executor added: app-20260717104756-0065/1 on worker-20260716063602-172.18.0.5-44367 (172.18.0.5:44367) with 1 core(s)
[2026-07-17T10:47:56.401+0000] {subprocess.py:93} INFO - 26/07/17 10:47:56 INFO StandaloneSchedulerBackend: Granted executor ID app-20260717104756-0065/1 on hostPort 172.18.0.5:44367 with 1 core(s), 512.0 MiB RAM
[2026-07-17T10:47:56.403+0000] {subprocess.py:93} INFO - 26/07/17 10:47:56 INFO StandaloneAppClient$ClientEndpoint: Executor added: app-20260717104756-0065/2 on worker-20260716063602-172.18.0.6-33249 (172.18.0.6:33249) with 1 core(s)
[2026-07-17T10:47:56.405+0000] {subprocess.py:93} INFO - 26/07/17 10:47:56 INFO StandaloneSchedulerBackend: Granted executor ID app-20260717104756-0065/2 on hostPort 172.18.0.6:33249 with 1 core(s), 512.0 MiB RAM
[2026-07-17T10:47:56.414+0000] {subprocess.py:93} INFO - 26/07/17 10:47:56 INFO Utils: Successfully started service 'org.apache.spark.network.netty.NettyBlockTransferService' on port 44507.
[2026-07-17T10:47:56.419+0000] {subprocess.py:93} INFO - 26/07/17 10:47:56 INFO NettyBlockTransferService: Server created on 4855b342809c:44507
[2026-07-17T10:47:56.421+0000] {subprocess.py:93} INFO - 26/07/17 10:47:56 INFO BlockManager: Using org.apache.spark.storage.RandomBlockReplicationPolicy for block replication policy
[2026-07-17T10:47:56.446+0000] {subprocess.py:93} INFO - 26/07/17 10:47:56 INFO BlockManagerMaster: Registering BlockManager BlockManagerId(driver, 4855b342809c, 44507, None)
[2026-07-17T10:47:56.473+0000] {subprocess.py:93} INFO - 26/07/17 10:47:56 INFO BlockManagerMasterEndpoint: Registering block manager 4855b342809c:44507 with 434.4 MiB RAM, BlockManagerId(driver, 4855b342809c, 44507, None)
[2026-07-17T10:47:56.488+0000] {subprocess.py:93} INFO - 26/07/17 10:47:56 INFO StandaloneAppClient$ClientEndpoint: Executor updated: app-20260717104756-0065/2 is now RUNNING
[2026-07-17T10:47:56.490+0000] {subprocess.py:93} INFO - 26/07/17 10:47:56 INFO BlockManagerMaster: Registered BlockManager BlockManagerId(driver, 4855b342809c, 44507, None)
[2026-07-17T10:47:56.492+0000] {subprocess.py:93} INFO - 26/07/17 10:47:56 INFO BlockManager: Initialized BlockManager: BlockManagerId(driver, 4855b342809c, 44507, None)
[2026-07-17T10:47:56.564+0000] {subprocess.py:93} INFO - 26/07/17 10:47:56 INFO StandaloneAppClient$ClientEndpoint: Executor updated: app-20260717104756-0065/0 is now RUNNING
[2026-07-17T10:47:56.639+0000] {subprocess.py:93} INFO - 26/07/17 10:47:56 INFO StandaloneAppClient$ClientEndpoint: Executor updated: app-20260717104756-0065/1 is now RUNNING
[2026-07-17T10:47:57.195+0000] {subprocess.py:93} INFO - 26/07/17 10:47:57 INFO StandaloneSchedulerBackend: SchedulerBackend is ready for scheduling beginning after reached minRegisteredResourcesRatio: 0.0
[2026-07-17T10:47:57.975+0000] {subprocess.py:93} INFO - Starting silver stream: orders --->>  /opt/data/silver/orders
[2026-07-17T10:48:27.090+0000] {subprocess.py:93} INFO - 26/07/17 10:48:27 WARN ResolveWriteToStream: spark.sql.adaptive.enabled is not supported in streaming DataFrames/Datasets and will be disabled.
[2026-07-17T10:48:27.298+0000] {subprocess.py:93} INFO - Silver stream started: /opt/data/bronze/orders --->> /opt/data/silver/orders
[2026-07-17T10:48:27.306+0000] {subprocess.py:93} INFO - Starting silver stream: customers --->>  /opt/data/silver/customers
[2026-07-17T10:48:34.370+0000] {subprocess.py:93} INFO - 26/07/17 10:48:34 WARN ResolveWriteToStream: spark.sql.adaptive.enabled is not supported in streaming DataFrames/Datasets and will be disabled.
[2026-07-17T10:48:34.459+0000] {subprocess.py:93} INFO - Silver stream started: /opt/data/bronze/customers --->> /opt/data/silver/customers
[2026-07-17T10:48:34.472+0000] {subprocess.py:93} INFO - Starting silver stream: products --->>  /opt/data/silver/products
[2026-07-17T10:48:39.012+0000] {subprocess.py:93} INFO - 26/07/17 10:48:39 WARN ResolveWriteToStream: spark.sql.adaptive.enabled is not supported in streaming DataFrames/Datasets and will be disabled.
[2026-07-17T10:48:39.069+0000] {subprocess.py:93} INFO - Silver stream started: /opt/data/bronze/products --->> /opt/data/silver/products
[2026-07-17T10:50:12.985+0000] {subprocess.py:97} INFO - Command exited with return code 0
[2026-07-17T10:50:12.991+0000] {taskinstance.py:441} INFO - ::group::Post task execution logs
[2026-07-17T10:50:13.037+0000] {taskinstance.py:1205} INFO - Marking task as SUCCESS. dag_id=e-commerce_kafka_streaming_pipeline_v1, task_id=run_silver, execution_date=20260717T090000, start_date=20260717T104750, end_date=20260717T105013
[2026-07-17T10:50:13.087+0000] {local_task_job_runner.py:240} INFO - Task exited with return code 0
[2026-07-17T10:50:13.119+0000] {taskinstance.py:3482} INFO - 1 downstream tasks scheduled from follow-on schedule check
[2026-07-17T10:50:13.122+0000] {local_task_job_runner.py:222} INFO - ::endgroup::
