[2026-07-21T07:02:00.279+0000] {local_task_job_runner.py:120} INFO - ::group::Pre task execution logs
[2026-07-21T07:02:00.310+0000] {taskinstance.py:2073} INFO - Dependencies all met for dep_context=non-requeueable deps ti=<TaskInstance: e-commerce_kafka_streaming_pipeline_v1.run_silver scheduled__2026-07-21T06:00:00+00:00 [queued]>
[2026-07-21T07:02:00.318+0000] {taskinstance.py:2073} INFO - Dependencies all met for dep_context=requeueable deps ti=<TaskInstance: e-commerce_kafka_streaming_pipeline_v1.run_silver scheduled__2026-07-21T06:00:00+00:00 [queued]>
[2026-07-21T07:02:00.319+0000] {taskinstance.py:2303} INFO - Starting attempt 1 of 2
[2026-07-21T07:02:00.333+0000] {taskinstance.py:2327} INFO - Executing <Task(BashOperator): run_silver> on 2026-07-21 06:00:00+00:00
[2026-07-21T07:02:00.341+0000] {standard_task_runner.py:90} INFO - Running: ['***', 'tasks', 'run', 'e-commerce_kafka_streaming_pipeline_v1', 'run_silver', 'scheduled__2026-07-21T06:00:00+00:00', '--job-id', '274', '--raw', '--subdir', 'DAGS_FOLDER/sdp_pipeline_dag.py', '--cfg-path', '/tmp/tmp09i5j5mh']
[2026-07-21T07:02:00.344+0000] {standard_task_runner.py:91} INFO - Job 274: Subtask run_silver
[2026-07-21T07:02:00.352+0000] {logging_mixin.py:188} WARNING - /home/***/.local/lib/python3.12/site-packages/***/task/task_runner/standard_task_runner.py:61 DeprecationWarning: This process (pid=12716) is multi-threaded, use of fork() may lead to deadlocks in the child.
[2026-07-21T07:02:00.353+0000] {standard_task_runner.py:63} INFO - Started process 12717 to run task
[2026-07-21T07:02:00.395+0000] {task_command.py:426} INFO - Running <TaskInstance: e-commerce_kafka_streaming_pipeline_v1.run_silver scheduled__2026-07-21T06:00:00+00:00 [running]> on host da27550080bf
[2026-07-21T07:02:00.469+0000] {taskinstance.py:2644} INFO - Exporting env vars: AIRFLOW_CTX_DAG_OWNER='dev' AIRFLOW_CTX_DAG_ID='e-commerce_kafka_streaming_pipeline_v1' AIRFLOW_CTX_TASK_ID='run_silver' AIRFLOW_CTX_EXECUTION_DATE='2026-07-21T06:00:00+00:00' AIRFLOW_CTX_TRY_NUMBER='1' AIRFLOW_CTX_DAG_RUN_ID='scheduled__2026-07-21T06:00:00+00:00'
[2026-07-21T07:02:00.470+0000] {taskinstance.py:430} INFO - ::endgroup::
[2026-07-21T07:02:00.483+0000] {subprocess.py:63} INFO - Tmp dir root location: /tmp
[2026-07-21T07:02:00.486+0000] {subprocess.py:75} INFO - Running command: ['/usr/bin/bash', '-c', 'timeout 150s docker run --rm --network streaming_kafka_project_sdp-net --volume /d/Streaming_kafka_project/pipelines:/opt/pipelines --volume /d/Streaming_kafka_project/data:/opt/data --volume /d/Streaming_kafka_project/checkpoints:/opt/checkpoints --volume /d/Streaming_kafka_project/jars:/opt/jars apache/spark:3.5.1 /opt/spark/bin/spark-submit --master spark://sdp-spark-master:7077 --executor-cores 1 --executor-memory 512m --total-executor-cores 3 --jars /opt/jars/delta-spark_2.12-3.2.0.jar,/opt/jars/delta-storage-3.2.0.jar,/opt/jars/spark-sql-kafka-0-10_2.12-3.5.1.jar,/opt/jars/kafka-clients-3.4.1.jar,/opt/jars/spark-token-provider-kafka-0-10_2.12-3.5.1.jar,/opt/jars/commons-pool2-2.11.1.jar --conf spark.sql.extensions=io.delta.sql.DeltaSparkSessionExtension --conf spark.sql.catalog.spark_catalog=org.apache.spark.sql.delta.catalog.DeltaCatalog  /opt/pipelines/silver_runner.py']
[2026-07-21T07:02:00.495+0000] {subprocess.py:86} INFO - Output:
[2026-07-21T07:02:02.434+0000] {subprocess.py:93} INFO - 26/07/21 07:02:02 WARN NativeCodeLoader: Unable to load native-hadoop library for your platform... using builtin-java classes where applicable
[2026-07-21T07:02:03.117+0000] {subprocess.py:93} INFO - 26/07/21 07:02:03 INFO SparkContext: Running Spark version 3.5.1
[2026-07-21T07:02:03.119+0000] {subprocess.py:93} INFO - 26/07/21 07:02:03 INFO SparkContext: OS info Linux, 6.18.33.2-microsoft-standard-WSL2, amd64
[2026-07-21T07:02:03.119+0000] {subprocess.py:93} INFO - 26/07/21 07:02:03 INFO SparkContext: Java version 11.0.22
[2026-07-21T07:02:03.148+0000] {subprocess.py:93} INFO - 26/07/21 07:02:03 INFO ResourceUtils: ==============================================================
[2026-07-21T07:02:03.149+0000] {subprocess.py:93} INFO - 26/07/21 07:02:03 INFO ResourceUtils: No custom resources configured for spark.driver.
[2026-07-21T07:02:03.150+0000] {subprocess.py:93} INFO - 26/07/21 07:02:03 INFO ResourceUtils: ==============================================================
[2026-07-21T07:02:03.151+0000] {subprocess.py:93} INFO - 26/07/21 07:02:03 INFO SparkContext: Submitted application: SDP-Silver
[2026-07-21T07:02:03.171+0000] {subprocess.py:93} INFO - 26/07/21 07:02:03 INFO ResourceProfile: Default ResourceProfile created, executor resources: Map(cores -> name: cores, amount: 1, script: , vendor: , memory -> name: memory, amount: 512, script: , vendor: , offHeap -> name: offHeap, amount: 0, script: , vendor: ), task resources: Map(cpus -> name: cpus, amount: 1.0)
[2026-07-21T07:02:03.184+0000] {subprocess.py:93} INFO - 26/07/21 07:02:03 INFO ResourceProfile: Limiting resource is cpus at 1 tasks per executor
[2026-07-21T07:02:03.185+0000] {subprocess.py:93} INFO - 26/07/21 07:02:03 INFO ResourceProfileManager: Added ResourceProfile id: 0
[2026-07-21T07:02:03.230+0000] {subprocess.py:93} INFO - 26/07/21 07:02:03 INFO SecurityManager: Changing view acls to: spark
[2026-07-21T07:02:03.231+0000] {subprocess.py:93} INFO - 26/07/21 07:02:03 INFO SecurityManager: Changing modify acls to: spark
[2026-07-21T07:02:03.232+0000] {subprocess.py:93} INFO - 26/07/21 07:02:03 INFO SecurityManager: Changing view acls groups to:
[2026-07-21T07:02:03.232+0000] {subprocess.py:93} INFO - 26/07/21 07:02:03 INFO SecurityManager: Changing modify acls groups to:
[2026-07-21T07:02:03.233+0000] {subprocess.py:93} INFO - 26/07/21 07:02:03 INFO SecurityManager: SecurityManager: authentication disabled; ui acls disabled; users with view permissions: spark; groups with view permissions: EMPTY; users with modify permissions: spark; groups with modify permissions: EMPTY
[2026-07-21T07:02:03.426+0000] {subprocess.py:93} INFO - 26/07/21 07:02:03 INFO Utils: Successfully started service 'sparkDriver' on port 35527.
[2026-07-21T07:02:03.473+0000] {subprocess.py:93} INFO - 26/07/21 07:02:03 INFO SparkEnv: Registering MapOutputTracker
[2026-07-21T07:02:03.524+0000] {subprocess.py:93} INFO - 26/07/21 07:02:03 INFO SparkEnv: Registering BlockManagerMaster
[2026-07-21T07:02:03.540+0000] {subprocess.py:93} INFO - 26/07/21 07:02:03 INFO BlockManagerMasterEndpoint: Using org.apache.spark.storage.DefaultTopologyMapper for getting topology information
[2026-07-21T07:02:03.541+0000] {subprocess.py:93} INFO - 26/07/21 07:02:03 INFO BlockManagerMasterEndpoint: BlockManagerMasterEndpoint up
[2026-07-21T07:02:03.545+0000] {subprocess.py:93} INFO - 26/07/21 07:02:03 INFO SparkEnv: Registering BlockManagerMasterHeartbeat
[2026-07-21T07:02:03.563+0000] {subprocess.py:93} INFO - 26/07/21 07:02:03 INFO DiskBlockManager: Created local directory at /tmp/blockmgr-64704e2c-f6c8-4239-9e35-e77379bb8c70
[2026-07-21T07:02:03.572+0000] {subprocess.py:93} INFO - 26/07/21 07:02:03 INFO MemoryStore: MemoryStore started with capacity 434.4 MiB
[2026-07-21T07:02:03.584+0000] {subprocess.py:93} INFO - 26/07/21 07:02:03 INFO SparkEnv: Registering OutputCommitCoordinator
[2026-07-21T07:02:03.688+0000] {subprocess.py:93} INFO - 26/07/21 07:02:03 INFO JettyUtils: Start Jetty 0.0.0.0:4040 for SparkUI
[2026-07-21T07:02:03.737+0000] {subprocess.py:93} INFO - 26/07/21 07:02:03 INFO Utils: Successfully started service 'SparkUI' on port 4040.
[2026-07-21T07:02:03.768+0000] {subprocess.py:93} INFO - 26/07/21 07:02:03 INFO SparkContext: Added JAR file:///opt/jars/delta-spark_2.12-3.2.0.jar at spark://b699e7856993:35527/jars/delta-spark_2.12-3.2.0.jar with timestamp 1784617323107
[2026-07-21T07:02:03.769+0000] {subprocess.py:93} INFO - 26/07/21 07:02:03 INFO SparkContext: Added JAR file:///opt/jars/delta-storage-3.2.0.jar at spark://b699e7856993:35527/jars/delta-storage-3.2.0.jar with timestamp 1784617323107
[2026-07-21T07:02:03.770+0000] {subprocess.py:93} INFO - 26/07/21 07:02:03 INFO SparkContext: Added JAR file:///opt/jars/spark-sql-kafka-0-10_2.12-3.5.1.jar at spark://b699e7856993:35527/jars/spark-sql-kafka-0-10_2.12-3.5.1.jar with timestamp 1784617323107
[2026-07-21T07:02:03.771+0000] {subprocess.py:93} INFO - 26/07/21 07:02:03 INFO SparkContext: Added JAR file:///opt/jars/kafka-clients-3.4.1.jar at spark://b699e7856993:35527/jars/kafka-clients-3.4.1.jar with timestamp 1784617323107
[2026-07-21T07:02:03.772+0000] {subprocess.py:93} INFO - 26/07/21 07:02:03 INFO SparkContext: Added JAR file:///opt/jars/spark-token-provider-kafka-0-10_2.12-3.5.1.jar at spark://b699e7856993:35527/jars/spark-token-provider-kafka-0-10_2.12-3.5.1.jar with timestamp 1784617323107
[2026-07-21T07:02:03.773+0000] {subprocess.py:93} INFO - 26/07/21 07:02:03 INFO SparkContext: Added JAR file:///opt/jars/commons-pool2-2.11.1.jar at spark://b699e7856993:35527/jars/commons-pool2-2.11.1.jar with timestamp 1784617323107
[2026-07-21T07:02:03.837+0000] {subprocess.py:93} INFO - 26/07/21 07:02:03 INFO StandaloneAppClient$ClientEndpoint: Connecting to master spark://sdp-spark-master:7077...
[2026-07-21T07:02:03.877+0000] {subprocess.py:93} INFO - 26/07/21 07:02:03 INFO TransportClientFactory: Successfully created connection to sdp-spark-master/172.18.0.4:7077 after 22 ms (0 ms spent in bootstraps)
[2026-07-21T07:02:03.955+0000] {subprocess.py:93} INFO - 26/07/21 07:02:03 INFO StandaloneSchedulerBackend: Connected to Spark cluster with app ID app-20260721070203-0129
[2026-07-21T07:02:03.957+0000] {subprocess.py:93} INFO - 26/07/21 07:02:03 INFO StandaloneAppClient$ClientEndpoint: Executor added: app-20260721070203-0129/0 on worker-20260716063602-172.18.0.5-44367 (172.18.0.5:44367) with 1 core(s)
[2026-07-21T07:02:03.959+0000] {subprocess.py:93} INFO - 26/07/21 07:02:03 INFO StandaloneSchedulerBackend: Granted executor ID app-20260721070203-0129/0 on hostPort 172.18.0.5:44367 with 1 core(s), 512.0 MiB RAM
[2026-07-21T07:02:03.961+0000] {subprocess.py:93} INFO - 26/07/21 07:02:03 INFO StandaloneAppClient$ClientEndpoint: Executor added: app-20260721070203-0129/1 on worker-20260716063602-172.18.0.5-44367 (172.18.0.5:44367) with 1 core(s)
[2026-07-21T07:02:03.962+0000] {subprocess.py:93} INFO - 26/07/21 07:02:03 INFO StandaloneSchedulerBackend: Granted executor ID app-20260721070203-0129/1 on hostPort 172.18.0.5:44367 with 1 core(s), 512.0 MiB RAM
[2026-07-21T07:02:03.963+0000] {subprocess.py:93} INFO - 26/07/21 07:02:03 INFO StandaloneAppClient$ClientEndpoint: Executor added: app-20260721070203-0129/2 on worker-20260716063602-172.18.0.6-33249 (172.18.0.6:33249) with 1 core(s)
[2026-07-21T07:02:03.964+0000] {subprocess.py:93} INFO - 26/07/21 07:02:03 INFO StandaloneSchedulerBackend: Granted executor ID app-20260721070203-0129/2 on hostPort 172.18.0.6:33249 with 1 core(s), 512.0 MiB RAM
[2026-07-21T07:02:03.977+0000] {subprocess.py:93} INFO - 26/07/21 07:02:03 INFO Utils: Successfully started service 'org.apache.spark.network.netty.NettyBlockTransferService' on port 40217.
[2026-07-21T07:02:03.978+0000] {subprocess.py:93} INFO - 26/07/21 07:02:03 INFO NettyBlockTransferService: Server created on b699e7856993:40217
[2026-07-21T07:02:03.980+0000] {subprocess.py:93} INFO - 26/07/21 07:02:03 INFO BlockManager: Using org.apache.spark.storage.RandomBlockReplicationPolicy for block replication policy
[2026-07-21T07:02:03.987+0000] {subprocess.py:93} INFO - 26/07/21 07:02:03 INFO BlockManagerMaster: Registering BlockManager BlockManagerId(driver, b699e7856993, 40217, None)
[2026-07-21T07:02:03.994+0000] {subprocess.py:93} INFO - 26/07/21 07:02:03 INFO BlockManagerMasterEndpoint: Registering block manager b699e7856993:40217 with 434.4 MiB RAM, BlockManagerId(driver, b699e7856993, 40217, None)
[2026-07-21T07:02:03.998+0000] {subprocess.py:93} INFO - 26/07/21 07:02:03 INFO BlockManagerMaster: Registered BlockManager BlockManagerId(driver, b699e7856993, 40217, None)
[2026-07-21T07:02:04.002+0000] {subprocess.py:93} INFO - 26/07/21 07:02:03 INFO BlockManager: Initialized BlockManager: BlockManagerId(driver, b699e7856993, 40217, None)
[2026-07-21T07:02:04.035+0000] {subprocess.py:93} INFO - 26/07/21 07:02:04 INFO StandaloneAppClient$ClientEndpoint: Executor updated: app-20260721070203-0129/0 is now RUNNING
[2026-07-21T07:02:04.045+0000] {subprocess.py:93} INFO - 26/07/21 07:02:04 INFO StandaloneAppClient$ClientEndpoint: Executor updated: app-20260721070203-0129/2 is now RUNNING
[2026-07-21T07:02:04.047+0000] {subprocess.py:93} INFO - 26/07/21 07:02:04 INFO StandaloneAppClient$ClientEndpoint: Executor updated: app-20260721070203-0129/1 is now RUNNING
[2026-07-21T07:02:04.373+0000] {subprocess.py:93} INFO - 26/07/21 07:02:04 INFO StandaloneSchedulerBackend: SchedulerBackend is ready for scheduling beginning after reached minRegisteredResourcesRatio: 0.0
[2026-07-21T07:02:04.698+0000] {subprocess.py:93} INFO - Starting silver stream: orders --->>  /opt/data/silver/orders
[2026-07-21T07:02:19.480+0000] {subprocess.py:93} INFO - 26/07/21 07:02:19 WARN ResolveWriteToStream: spark.sql.adaptive.enabled is not supported in streaming DataFrames/Datasets and will be disabled.
[2026-07-21T07:02:19.604+0000] {subprocess.py:93} INFO - Silver stream started: /opt/data/bronze/orders --->> /opt/data/silver/orders
[2026-07-21T07:02:19.609+0000] {subprocess.py:93} INFO - Starting silver stream: customers --->>  /opt/data/silver/customers
[2026-07-21T07:02:24.092+0000] {subprocess.py:93} INFO - 26/07/21 07:02:24 WARN ResolveWriteToStream: spark.sql.adaptive.enabled is not supported in streaming DataFrames/Datasets and will be disabled.
[2026-07-21T07:02:24.213+0000] {subprocess.py:93} INFO - Silver stream started: /opt/data/bronze/customers --->> /opt/data/silver/customers
[2026-07-21T07:02:24.226+0000] {subprocess.py:93} INFO - Starting silver stream: products --->>  /opt/data/silver/products
[2026-07-21T07:02:27.607+0000] {subprocess.py:93} INFO - 26/07/21 07:02:27 WARN ResolveWriteToStream: spark.sql.adaptive.enabled is not supported in streaming DataFrames/Datasets and will be disabled.
[2026-07-21T07:02:27.684+0000] {subprocess.py:93} INFO - Silver stream started: /opt/data/bronze/products --->> /opt/data/silver/products
[2026-07-21T07:02:30.451+0000] {subprocess.py:93} INFO - 26/07/21 07:02:30 WARN SparkStringUtils: Truncated the string representation of a plan since it was too large. This behavior can be adjusted by setting 'spark.sql.debug.maxToStringFields'.
[2026-07-21T07:04:01.401+0000] {subprocess.py:97} INFO - Command exited with return code 0
[2026-07-21T07:04:01.404+0000] {taskinstance.py:441} INFO - ::group::Post task execution logs
[2026-07-21T07:04:01.447+0000] {taskinstance.py:1205} INFO - Marking task as SUCCESS. dag_id=e-commerce_kafka_streaming_pipeline_v1, task_id=run_silver, execution_date=20260721T060000, start_date=20260721T070200, end_date=20260721T070401
[2026-07-21T07:04:01.477+0000] {local_task_job_runner.py:240} INFO - Task exited with return code 0
[2026-07-21T07:04:01.506+0000] {taskinstance.py:3482} INFO - 1 downstream tasks scheduled from follow-on schedule check
[2026-07-21T07:04:01.510+0000] {local_task_job_runner.py:222} INFO - ::endgroup::
