[2026-07-22T08:36:18.241+0000] {local_task_job_runner.py:120} INFO - ::group::Pre task execution logs
[2026-07-22T08:36:18.275+0000] {taskinstance.py:2073} INFO - Dependencies all met for dep_context=non-requeueable deps ti=<TaskInstance: e-commerce_kafka_streaming_pipeline_v1.run_bronze scheduled__2026-07-22T07:00:00+00:00 [queued]>
[2026-07-22T08:36:18.284+0000] {taskinstance.py:2073} INFO - Dependencies all met for dep_context=requeueable deps ti=<TaskInstance: e-commerce_kafka_streaming_pipeline_v1.run_bronze scheduled__2026-07-22T07:00:00+00:00 [queued]>
[2026-07-22T08:36:18.286+0000] {taskinstance.py:2303} INFO - Starting attempt 1 of 2
[2026-07-22T08:36:18.303+0000] {taskinstance.py:2327} INFO - Executing <Task(BashOperator): run_bronze> on 2026-07-22 07:00:00+00:00
[2026-07-22T08:36:18.314+0000] {standard_task_runner.py:90} INFO - Running: ['***', 'tasks', 'run', 'e-commerce_kafka_streaming_pipeline_v1', 'run_bronze', 'scheduled__2026-07-22T07:00:00+00:00', '--job-id', '354', '--raw', '--subdir', 'DAGS_FOLDER/sdp_pipeline_dag.py', '--cfg-path', '/tmp/tmp42qtzke2']
[2026-07-22T08:36:18.318+0000] {standard_task_runner.py:91} INFO - Job 354: Subtask run_bronze
[2026-07-22T08:36:18.328+0000] {logging_mixin.py:188} WARNING - /home/***/.local/lib/python3.12/site-packages/***/task/task_runner/standard_task_runner.py:61 DeprecationWarning: This process (pid=18560) is multi-threaded, use of fork() may lead to deadlocks in the child.
[2026-07-22T08:36:18.330+0000] {standard_task_runner.py:63} INFO - Started process 18561 to run task
[2026-07-22T08:36:18.397+0000] {task_command.py:426} INFO - Running <TaskInstance: e-commerce_kafka_streaming_pipeline_v1.run_bronze scheduled__2026-07-22T07:00:00+00:00 [running]> on host da27550080bf
[2026-07-22T08:36:18.499+0000] {taskinstance.py:2644} INFO - Exporting env vars: AIRFLOW_CTX_DAG_OWNER='dev' AIRFLOW_CTX_DAG_ID='e-commerce_kafka_streaming_pipeline_v1' AIRFLOW_CTX_TASK_ID='run_bronze' AIRFLOW_CTX_EXECUTION_DATE='2026-07-22T07:00:00+00:00' AIRFLOW_CTX_TRY_NUMBER='1' AIRFLOW_CTX_DAG_RUN_ID='scheduled__2026-07-22T07:00:00+00:00'
[2026-07-22T08:36:18.500+0000] {taskinstance.py:430} INFO - ::endgroup::
[2026-07-22T08:36:18.519+0000] {subprocess.py:63} INFO - Tmp dir root location: /tmp
[2026-07-22T08:36:18.523+0000] {subprocess.py:75} INFO - Running command: ['/usr/bin/bash', '-c', 'timeout 150s docker run --rm --network streaming_kafka_project_sdp-net --volume /d/Streaming_kafka_project/pipelines:/opt/pipelines --volume /d/Streaming_kafka_project/data:/opt/data --volume /d/Streaming_kafka_project/checkpoints:/opt/checkpoints --volume /d/Streaming_kafka_project/jars:/opt/jars apache/spark:3.5.1 /opt/spark/bin/spark-submit --master spark://sdp-spark-master:7077 --executor-cores 1 --executor-memory 512m --total-executor-cores 3 --jars /opt/jars/delta-spark_2.12-3.2.0.jar,/opt/jars/delta-storage-3.2.0.jar,/opt/jars/spark-sql-kafka-0-10_2.12-3.5.1.jar,/opt/jars/kafka-clients-3.4.1.jar,/opt/jars/spark-token-provider-kafka-0-10_2.12-3.5.1.jar,/opt/jars/commons-pool2-2.11.1.jar --conf spark.sql.extensions=io.delta.sql.DeltaSparkSessionExtension --conf spark.sql.catalog.spark_catalog=org.apache.spark.sql.delta.catalog.DeltaCatalog  /opt/pipelines/bronze_runner.py']
[2026-07-22T08:36:18.532+0000] {subprocess.py:86} INFO - Output:
[2026-07-22T08:36:21.448+0000] {subprocess.py:93} INFO - 26/07/22 08:36:21 WARN NativeCodeLoader: Unable to load native-hadoop library for your platform... using builtin-java classes where applicable
[2026-07-22T08:36:22.220+0000] {subprocess.py:93} INFO - 26/07/22 08:36:22 INFO SparkContext: Running Spark version 3.5.1
[2026-07-22T08:36:22.225+0000] {subprocess.py:93} INFO - 26/07/22 08:36:22 INFO SparkContext: OS info Linux, 6.18.33.2-microsoft-standard-WSL2, amd64
[2026-07-22T08:36:22.227+0000] {subprocess.py:93} INFO - 26/07/22 08:36:22 INFO SparkContext: Java version 11.0.22
[2026-07-22T08:36:22.250+0000] {subprocess.py:93} INFO - 26/07/22 08:36:22 INFO ResourceUtils: ==============================================================
[2026-07-22T08:36:22.252+0000] {subprocess.py:93} INFO - 26/07/22 08:36:22 INFO ResourceUtils: No custom resources configured for spark.driver.
[2026-07-22T08:36:22.253+0000] {subprocess.py:93} INFO - 26/07/22 08:36:22 INFO ResourceUtils: ==============================================================
[2026-07-22T08:36:22.254+0000] {subprocess.py:93} INFO - 26/07/22 08:36:22 INFO SparkContext: Submitted application: SDP-Bronze
[2026-07-22T08:36:22.274+0000] {subprocess.py:93} INFO - 26/07/22 08:36:22 INFO ResourceProfile: Default ResourceProfile created, executor resources: Map(cores -> name: cores, amount: 1, script: , vendor: , memory -> name: memory, amount: 512, script: , vendor: , offHeap -> name: offHeap, amount: 0, script: , vendor: ), task resources: Map(cpus -> name: cpus, amount: 1.0)
[2026-07-22T08:36:22.286+0000] {subprocess.py:93} INFO - 26/07/22 08:36:22 INFO ResourceProfile: Limiting resource is cpus at 1 tasks per executor
[2026-07-22T08:36:22.288+0000] {subprocess.py:93} INFO - 26/07/22 08:36:22 INFO ResourceProfileManager: Added ResourceProfile id: 0
[2026-07-22T08:36:22.342+0000] {subprocess.py:93} INFO - 26/07/22 08:36:22 INFO SecurityManager: Changing view acls to: spark
[2026-07-22T08:36:22.343+0000] {subprocess.py:93} INFO - 26/07/22 08:36:22 INFO SecurityManager: Changing modify acls to: spark
[2026-07-22T08:36:22.344+0000] {subprocess.py:93} INFO - 26/07/22 08:36:22 INFO SecurityManager: Changing view acls groups to:
[2026-07-22T08:36:22.345+0000] {subprocess.py:93} INFO - 26/07/22 08:36:22 INFO SecurityManager: Changing modify acls groups to:
[2026-07-22T08:36:22.345+0000] {subprocess.py:93} INFO - 26/07/22 08:36:22 INFO SecurityManager: SecurityManager: authentication disabled; ui acls disabled; users with view permissions: spark; groups with view permissions: EMPTY; users with modify permissions: spark; groups with modify permissions: EMPTY
[2026-07-22T08:36:22.609+0000] {subprocess.py:93} INFO - 26/07/22 08:36:22 INFO Utils: Successfully started service 'sparkDriver' on port 40757.
[2026-07-22T08:36:22.646+0000] {subprocess.py:93} INFO - 26/07/22 08:36:22 INFO SparkEnv: Registering MapOutputTracker
[2026-07-22T08:36:22.685+0000] {subprocess.py:93} INFO - 26/07/22 08:36:22 INFO SparkEnv: Registering BlockManagerMaster
[2026-07-22T08:36:22.699+0000] {subprocess.py:93} INFO - 26/07/22 08:36:22 INFO BlockManagerMasterEndpoint: Using org.apache.spark.storage.DefaultTopologyMapper for getting topology information
[2026-07-22T08:36:22.701+0000] {subprocess.py:93} INFO - 26/07/22 08:36:22 INFO BlockManagerMasterEndpoint: BlockManagerMasterEndpoint up
[2026-07-22T08:36:22.705+0000] {subprocess.py:93} INFO - 26/07/22 08:36:22 INFO SparkEnv: Registering BlockManagerMasterHeartbeat
[2026-07-22T08:36:22.728+0000] {subprocess.py:93} INFO - 26/07/22 08:36:22 INFO DiskBlockManager: Created local directory at /tmp/blockmgr-12d78a5c-778d-4600-ad2d-6405d0c934ae
[2026-07-22T08:36:22.740+0000] {subprocess.py:93} INFO - 26/07/22 08:36:22 INFO MemoryStore: MemoryStore started with capacity 434.4 MiB
[2026-07-22T08:36:22.754+0000] {subprocess.py:93} INFO - 26/07/22 08:36:22 INFO SparkEnv: Registering OutputCommitCoordinator
[2026-07-22T08:36:22.901+0000] {subprocess.py:93} INFO - 26/07/22 08:36:22 INFO JettyUtils: Start Jetty 0.0.0.0:4040 for SparkUI
[2026-07-22T08:36:22.955+0000] {subprocess.py:93} INFO - 26/07/22 08:36:22 INFO Utils: Successfully started service 'SparkUI' on port 4040.
[2026-07-22T08:36:22.989+0000] {subprocess.py:93} INFO - 26/07/22 08:36:22 INFO SparkContext: Added JAR file:///opt/jars/delta-spark_2.12-3.2.0.jar at spark://af1c2459a512:40757/jars/delta-spark_2.12-3.2.0.jar with timestamp 1784709382157
[2026-07-22T08:36:22.990+0000] {subprocess.py:93} INFO - 26/07/22 08:36:22 INFO SparkContext: Added JAR file:///opt/jars/delta-storage-3.2.0.jar at spark://af1c2459a512:40757/jars/delta-storage-3.2.0.jar with timestamp 1784709382157
[2026-07-22T08:36:22.991+0000] {subprocess.py:93} INFO - 26/07/22 08:36:22 INFO SparkContext: Added JAR file:///opt/jars/spark-sql-kafka-0-10_2.12-3.5.1.jar at spark://af1c2459a512:40757/jars/spark-sql-kafka-0-10_2.12-3.5.1.jar with timestamp 1784709382157
[2026-07-22T08:36:22.992+0000] {subprocess.py:93} INFO - 26/07/22 08:36:22 INFO SparkContext: Added JAR file:///opt/jars/kafka-clients-3.4.1.jar at spark://af1c2459a512:40757/jars/kafka-clients-3.4.1.jar with timestamp 1784709382157
[2026-07-22T08:36:22.993+0000] {subprocess.py:93} INFO - 26/07/22 08:36:22 INFO SparkContext: Added JAR file:///opt/jars/spark-token-provider-kafka-0-10_2.12-3.5.1.jar at spark://af1c2459a512:40757/jars/spark-token-provider-kafka-0-10_2.12-3.5.1.jar with timestamp 1784709382157
[2026-07-22T08:36:22.994+0000] {subprocess.py:93} INFO - 26/07/22 08:36:22 INFO SparkContext: Added JAR file:///opt/jars/commons-pool2-2.11.1.jar at spark://af1c2459a512:40757/jars/commons-pool2-2.11.1.jar with timestamp 1784709382157
[2026-07-22T08:36:23.074+0000] {subprocess.py:93} INFO - 26/07/22 08:36:23 INFO StandaloneAppClient$ClientEndpoint: Connecting to master spark://sdp-spark-master:7077...
[2026-07-22T08:36:23.142+0000] {subprocess.py:93} INFO - 26/07/22 08:36:23 INFO TransportClientFactory: Successfully created connection to sdp-spark-master/172.18.0.4:7077 after 44 ms (0 ms spent in bootstraps)
[2026-07-22T08:36:23.247+0000] {subprocess.py:93} INFO - 26/07/22 08:36:23 INFO StandaloneSchedulerBackend: Connected to Spark cluster with app ID app-20260722083623-0166
[2026-07-22T08:36:23.260+0000] {subprocess.py:93} INFO - 26/07/22 08:36:23 INFO Utils: Successfully started service 'org.apache.spark.network.netty.NettyBlockTransferService' on port 33333.
[2026-07-22T08:36:23.262+0000] {subprocess.py:93} INFO - 26/07/22 08:36:23 INFO NettyBlockTransferService: Server created on af1c2459a512:33333
[2026-07-22T08:36:23.263+0000] {subprocess.py:93} INFO - 26/07/22 08:36:23 INFO StandaloneAppClient$ClientEndpoint: Executor added: app-20260722083623-0166/0 on worker-20260716063602-172.18.0.5-44367 (172.18.0.5:44367) with 1 core(s)
[2026-07-22T08:36:23.264+0000] {subprocess.py:93} INFO - 26/07/22 08:36:23 INFO StandaloneSchedulerBackend: Granted executor ID app-20260722083623-0166/0 on hostPort 172.18.0.5:44367 with 1 core(s), 512.0 MiB RAM
[2026-07-22T08:36:23.264+0000] {subprocess.py:93} INFO - 26/07/22 08:36:23 INFO BlockManager: Using org.apache.spark.storage.RandomBlockReplicationPolicy for block replication policy
[2026-07-22T08:36:23.265+0000] {subprocess.py:93} INFO - 26/07/22 08:36:23 INFO StandaloneAppClient$ClientEndpoint: Executor added: app-20260722083623-0166/1 on worker-20260716063602-172.18.0.5-44367 (172.18.0.5:44367) with 1 core(s)
[2026-07-22T08:36:23.266+0000] {subprocess.py:93} INFO - 26/07/22 08:36:23 INFO StandaloneSchedulerBackend: Granted executor ID app-20260722083623-0166/1 on hostPort 172.18.0.5:44367 with 1 core(s), 512.0 MiB RAM
[2026-07-22T08:36:23.267+0000] {subprocess.py:93} INFO - 26/07/22 08:36:23 INFO StandaloneAppClient$ClientEndpoint: Executor added: app-20260722083623-0166/2 on worker-20260716063602-172.18.0.6-33249 (172.18.0.6:33249) with 1 core(s)
[2026-07-22T08:36:23.267+0000] {subprocess.py:93} INFO - 26/07/22 08:36:23 INFO StandaloneSchedulerBackend: Granted executor ID app-20260722083623-0166/2 on hostPort 172.18.0.6:33249 with 1 core(s), 512.0 MiB RAM
[2026-07-22T08:36:23.268+0000] {subprocess.py:93} INFO - 26/07/22 08:36:23 INFO BlockManagerMaster: Registering BlockManager BlockManagerId(driver, af1c2459a512, 33333, None)
[2026-07-22T08:36:23.274+0000] {subprocess.py:93} INFO - 26/07/22 08:36:23 INFO BlockManagerMasterEndpoint: Registering block manager af1c2459a512:33333 with 434.4 MiB RAM, BlockManagerId(driver, af1c2459a512, 33333, None)
[2026-07-22T08:36:23.277+0000] {subprocess.py:93} INFO - 26/07/22 08:36:23 INFO BlockManagerMaster: Registered BlockManager BlockManagerId(driver, af1c2459a512, 33333, None)
[2026-07-22T08:36:23.279+0000] {subprocess.py:93} INFO - 26/07/22 08:36:23 INFO BlockManager: Initialized BlockManager: BlockManagerId(driver, af1c2459a512, 33333, None)
[2026-07-22T08:36:23.552+0000] {subprocess.py:93} INFO - 26/07/22 08:36:23 INFO StandaloneAppClient$ClientEndpoint: Executor updated: app-20260722083623-0166/2 is now RUNNING
[2026-07-22T08:36:23.576+0000] {subprocess.py:93} INFO - 26/07/22 08:36:23 INFO StandaloneAppClient$ClientEndpoint: Executor updated: app-20260722083623-0166/1 is now RUNNING
[2026-07-22T08:36:23.612+0000] {subprocess.py:93} INFO - 26/07/22 08:36:23 INFO StandaloneAppClient$ClientEndpoint: Executor updated: app-20260722083623-0166/0 is now RUNNING
[2026-07-22T08:36:23.849+0000] {subprocess.py:93} INFO - 26/07/22 08:36:23 INFO StandaloneSchedulerBackend: SchedulerBackend is ready for scheduling beginning after reached minRegisteredResourcesRatio: 0.0
[2026-07-22T08:36:24.479+0000] {subprocess.py:93} INFO - Starting stream: orders -> /opt/data/bronze/orders
[2026-07-22T08:36:40.719+0000] {subprocess.py:93} INFO - 26/07/22 08:36:40 WARN ResolveWriteToStream: spark.sql.adaptive.enabled is not supported in streaming DataFrames/Datasets and will be disabled.
[2026-07-22T08:36:40.863+0000] {subprocess.py:93} INFO - Starting stream: customers -> /opt/data/bronze/customers
[2026-07-22T08:36:43.277+0000] {subprocess.py:93} INFO - 26/07/22 08:36:43 WARN ResolveWriteToStream: spark.sql.adaptive.enabled is not supported in streaming DataFrames/Datasets and will be disabled.
[2026-07-22T08:36:43.327+0000] {subprocess.py:93} INFO - Starting stream: products -> /opt/data/bronze/products
[2026-07-22T08:36:43.374+0000] {subprocess.py:93} INFO - 26/07/22 08:36:43 WARN AdminClientConfig: These configurations '[key.deserializer, value.deserializer, enable.auto.commit, max.poll.records, auto.offset.reset]' were supplied but are not used yet.
[2026-07-22T08:36:45.206+0000] {subprocess.py:93} INFO - 26/07/22 08:36:45 WARN ResolveWriteToStream: spark.sql.adaptive.enabled is not supported in streaming DataFrames/Datasets and will be disabled.
[2026-07-22T08:36:45.493+0000] {subprocess.py:93} INFO - 26/07/22 08:36:45 WARN AdminClientConfig: These configurations '[key.deserializer, value.deserializer, enable.auto.commit, max.poll.records, auto.offset.reset]' were supplied but are not used yet.
[2026-07-22T08:36:46.494+0000] {subprocess.py:93} INFO - 26/07/22 08:36:46 WARN SparkStringUtils: Truncated the string representation of a plan since it was too large. This behavior can be adjusted by setting 'spark.sql.debug.maxToStringFields'.
[2026-07-22T08:36:47.680+0000] {subprocess.py:93} INFO - 26/07/22 08:36:47 WARN AdminClientConfig: These configurations '[key.deserializer, value.deserializer, enable.auto.commit, max.poll.records, auto.offset.reset]' were supplied but are not used yet.
[2026-07-22T08:38:17.941+0000] {subprocess.py:97} INFO - Command exited with return code 0
[2026-07-22T08:38:17.944+0000] {taskinstance.py:441} INFO - ::group::Post task execution logs
[2026-07-22T08:38:17.978+0000] {taskinstance.py:1205} INFO - Marking task as SUCCESS. dag_id=e-commerce_kafka_streaming_pipeline_v1, task_id=run_bronze, execution_date=20260722T070000, start_date=20260722T083618, end_date=20260722T083817
[2026-07-22T08:38:18.021+0000] {local_task_job_runner.py:240} INFO - Task exited with return code 0
[2026-07-22T08:38:18.046+0000] {taskinstance.py:3482} INFO - 1 downstream tasks scheduled from follow-on schedule check
[2026-07-22T08:38:18.050+0000] {local_task_job_runner.py:222} INFO - ::endgroup::
