[2026-07-16T05:36:55.150+0000] {local_task_job_runner.py:120} INFO - ::group::Pre task execution logs
[2026-07-16T05:36:55.365+0000] {taskinstance.py:2073} INFO - Dependencies all met for dep_context=non-requeueable deps ti=<TaskInstance: e-commerce_kafka_streaming_pipeline_v1.run_bronze scheduled__2026-07-15T18:00:00+00:00 [queued]>
[2026-07-16T05:36:55.447+0000] {taskinstance.py:2073} INFO - Dependencies all met for dep_context=requeueable deps ti=<TaskInstance: e-commerce_kafka_streaming_pipeline_v1.run_bronze scheduled__2026-07-15T18:00:00+00:00 [queued]>
[2026-07-16T05:36:55.483+0000] {taskinstance.py:2303} INFO - Starting attempt 1 of 2
[2026-07-16T05:36:55.658+0000] {taskinstance.py:2327} INFO - Executing <Task(BashOperator): run_bronze> on 2026-07-15 18:00:00+00:00
[2026-07-16T05:36:55.723+0000] {logging_mixin.py:188} WARNING - /home/***/.local/lib/python3.12/site-packages/***/task/task_runner/standard_task_runner.py:61 DeprecationWarning: This process (pid=704) is multi-threaded, use of fork() may lead to deadlocks in the child.
[2026-07-16T05:36:55.735+0000] {standard_task_runner.py:63} INFO - Started process 706 to run task
[2026-07-16T05:36:55.718+0000] {standard_task_runner.py:90} INFO - Running: ['***', 'tasks', 'run', 'e-commerce_kafka_streaming_pipeline_v1', 'run_bronze', 'scheduled__2026-07-15T18:00:00+00:00', '--job-id', '35', '--raw', '--subdir', 'DAGS_FOLDER/sdp_pipeline_dag.py', '--cfg-path', '/tmp/tmpbc1ojl69']
[2026-07-16T05:36:55.743+0000] {standard_task_runner.py:91} INFO - Job 35: Subtask run_bronze
[2026-07-16T05:36:55.932+0000] {task_command.py:426} INFO - Running <TaskInstance: e-commerce_kafka_streaming_pipeline_v1.run_bronze scheduled__2026-07-15T18:00:00+00:00 [running]> on host 823f5885dbb8
[2026-07-16T05:36:56.303+0000] {taskinstance.py:2644} INFO - Exporting env vars: AIRFLOW_CTX_DAG_OWNER='dev' AIRFLOW_CTX_DAG_ID='e-commerce_kafka_streaming_pipeline_v1' AIRFLOW_CTX_TASK_ID='run_bronze' AIRFLOW_CTX_EXECUTION_DATE='2026-07-15T18:00:00+00:00' AIRFLOW_CTX_TRY_NUMBER='1' AIRFLOW_CTX_DAG_RUN_ID='scheduled__2026-07-15T18:00:00+00:00'
[2026-07-16T05:36:56.308+0000] {taskinstance.py:430} INFO - ::endgroup::
[2026-07-16T05:36:56.361+0000] {subprocess.py:63} INFO - Tmp dir root location: /tmp
[2026-07-16T05:36:56.366+0000] {subprocess.py:75} INFO - Running command: ['/usr/bin/bash', '-c', 'timeout 150s docker run --rm --network streaming_kafka_project_sdp-net --volume /d/Streaming_kafka_project/pipelines:/opt/pipelines --volume /d/Streaming_kafka_project/data:/opt/data --volume /d/Streaming_kafka_project/checkpoints:/opt/checkpoints --volume /d/Streaming_kafka_project/jars:/opt/jars apache/spark:3.5.1 /opt/spark/bin/spark-submit --master spark://sdp-spark-master:7077 --executor-cores 1 --executor-memory 512m --total-executor-cores 3 --jars /opt/jars/delta-spark_2.12-3.2.0.jar,/opt/jars/delta-storage-3.2.0.jar,/opt/jars/spark-sql-kafka-0-10_2.12-3.5.1.jar,/opt/jars/kafka-clients-3.4.1.jar,/opt/jars/spark-token-provider-kafka-0-10_2.12-3.5.1.jar,/opt/jars/commons-pool2-2.11.1.jar --conf spark.sql.extensions=io.delta.sql.DeltaSparkSessionExtension --conf spark.sql.catalog.spark_catalog=org.apache.spark.sql.delta.catalog.DeltaCatalog  /opt/pipelines/bronze_runner.py']
[2026-07-16T05:36:56.424+0000] {subprocess.py:86} INFO - Output:
[2026-07-16T05:37:04.484+0000] {subprocess.py:93} INFO - 26/07/16 05:37:04 WARN NativeCodeLoader: Unable to load native-hadoop library for your platform... using builtin-java classes where applicable
[2026-07-16T05:37:08.872+0000] {subprocess.py:93} INFO - 26/07/16 05:37:08 INFO SparkContext: Running Spark version 3.5.1
[2026-07-16T05:37:08.878+0000] {subprocess.py:93} INFO - 26/07/16 05:37:08 INFO SparkContext: OS info Linux, 6.18.33.2-microsoft-standard-WSL2, amd64
[2026-07-16T05:37:08.880+0000] {subprocess.py:93} INFO - 26/07/16 05:37:08 INFO SparkContext: Java version 11.0.22
[2026-07-16T05:37:09.011+0000] {subprocess.py:93} INFO - 26/07/16 05:37:09 INFO ResourceUtils: ==============================================================
[2026-07-16T05:37:09.013+0000] {subprocess.py:93} INFO - 26/07/16 05:37:09 INFO ResourceUtils: No custom resources configured for spark.driver.
[2026-07-16T05:37:09.016+0000] {subprocess.py:93} INFO - 26/07/16 05:37:09 INFO ResourceUtils: ==============================================================
[2026-07-16T05:37:09.017+0000] {subprocess.py:93} INFO - 26/07/16 05:37:09 INFO SparkContext: Submitted application: SDP-Bronze
[2026-07-16T05:37:09.072+0000] {subprocess.py:93} INFO - 26/07/16 05:37:09 INFO ResourceProfile: Default ResourceProfile created, executor resources: Map(cores -> name: cores, amount: 1, script: , vendor: , memory -> name: memory, amount: 512, script: , vendor: , offHeap -> name: offHeap, amount: 0, script: , vendor: ), task resources: Map(cpus -> name: cpus, amount: 1.0)
[2026-07-16T05:37:09.126+0000] {subprocess.py:93} INFO - 26/07/16 05:37:09 INFO ResourceProfile: Limiting resource is cpus at 1 tasks per executor
[2026-07-16T05:37:09.130+0000] {subprocess.py:93} INFO - 26/07/16 05:37:09 INFO ResourceProfileManager: Added ResourceProfile id: 0
[2026-07-16T05:37:09.502+0000] {subprocess.py:93} INFO - 26/07/16 05:37:09 INFO SecurityManager: Changing view acls to: spark
[2026-07-16T05:37:09.504+0000] {subprocess.py:93} INFO - 26/07/16 05:37:09 INFO SecurityManager: Changing modify acls to: spark
[2026-07-16T05:37:09.505+0000] {subprocess.py:93} INFO - 26/07/16 05:37:09 INFO SecurityManager: Changing view acls groups to:
[2026-07-16T05:37:09.511+0000] {subprocess.py:93} INFO - 26/07/16 05:37:09 INFO SecurityManager: Changing modify acls groups to:
[2026-07-16T05:37:09.518+0000] {subprocess.py:93} INFO - 26/07/16 05:37:09 INFO SecurityManager: SecurityManager: authentication disabled; ui acls disabled; users with view permissions: spark; groups with view permissions: EMPTY; users with modify permissions: spark; groups with modify permissions: EMPTY
[2026-07-16T05:37:11.891+0000] {subprocess.py:93} INFO - 26/07/16 05:37:11 INFO Utils: Successfully started service 'sparkDriver' on port 44855.
[2026-07-16T05:37:12.263+0000] {subprocess.py:93} INFO - 26/07/16 05:37:12 INFO SparkEnv: Registering MapOutputTracker
[2026-07-16T05:37:12.442+0000] {subprocess.py:93} INFO - 26/07/16 05:37:12 INFO SparkEnv: Registering BlockManagerMaster
[2026-07-16T05:37:12.575+0000] {subprocess.py:93} INFO - 26/07/16 05:37:12 INFO BlockManagerMasterEndpoint: Using org.apache.spark.storage.DefaultTopologyMapper for getting topology information
[2026-07-16T05:37:12.582+0000] {subprocess.py:93} INFO - 26/07/16 05:37:12 INFO BlockManagerMasterEndpoint: BlockManagerMasterEndpoint up
[2026-07-16T05:37:12.588+0000] {subprocess.py:93} INFO - 26/07/16 05:37:12 INFO SparkEnv: Registering BlockManagerMasterHeartbeat
[2026-07-16T05:37:12.919+0000] {subprocess.py:93} INFO - 26/07/16 05:37:12 INFO DiskBlockManager: Created local directory at /tmp/blockmgr-f05bb229-91a8-45f5-be6b-224c9774598c
[2026-07-16T05:37:12.968+0000] {subprocess.py:93} INFO - 26/07/16 05:37:12 INFO MemoryStore: MemoryStore started with capacity 434.4 MiB
[2026-07-16T05:37:13.110+0000] {subprocess.py:93} INFO - 26/07/16 05:37:13 INFO SparkEnv: Registering OutputCommitCoordinator
[2026-07-16T05:37:13.953+0000] {subprocess.py:93} INFO - 26/07/16 05:37:13 INFO JettyUtils: Start Jetty 0.0.0.0:4040 for SparkUI
[2026-07-16T05:37:14.368+0000] {subprocess.py:93} INFO - 26/07/16 05:37:14 INFO Utils: Successfully started service 'SparkUI' on port 4040.
[2026-07-16T05:37:14.593+0000] {subprocess.py:93} INFO - 26/07/16 05:37:14 INFO SparkContext: Added JAR file:///opt/jars/delta-spark_2.12-3.2.0.jar at spark://6e46a9d5346a:44855/jars/delta-spark_2.12-3.2.0.jar with timestamp 1784180228805
[2026-07-16T05:37:14.603+0000] {subprocess.py:93} INFO - 26/07/16 05:37:14 INFO SparkContext: Added JAR file:///opt/jars/delta-storage-3.2.0.jar at spark://6e46a9d5346a:44855/jars/delta-storage-3.2.0.jar with timestamp 1784180228805
[2026-07-16T05:37:14.613+0000] {subprocess.py:93} INFO - 26/07/16 05:37:14 INFO SparkContext: Added JAR file:///opt/jars/spark-sql-kafka-0-10_2.12-3.5.1.jar at spark://6e46a9d5346a:44855/jars/spark-sql-kafka-0-10_2.12-3.5.1.jar with timestamp 1784180228805
[2026-07-16T05:37:14.616+0000] {subprocess.py:93} INFO - 26/07/16 05:37:14 INFO SparkContext: Added JAR file:///opt/jars/kafka-clients-3.4.1.jar at spark://6e46a9d5346a:44855/jars/kafka-clients-3.4.1.jar with timestamp 1784180228805
[2026-07-16T05:37:14.622+0000] {subprocess.py:93} INFO - 26/07/16 05:37:14 INFO SparkContext: Added JAR file:///opt/jars/spark-token-provider-kafka-0-10_2.12-3.5.1.jar at spark://6e46a9d5346a:44855/jars/spark-token-provider-kafka-0-10_2.12-3.5.1.jar with timestamp 1784180228805
[2026-07-16T05:37:14.626+0000] {subprocess.py:93} INFO - 26/07/16 05:37:14 INFO SparkContext: Added JAR file:///opt/jars/commons-pool2-2.11.1.jar at spark://6e46a9d5346a:44855/jars/commons-pool2-2.11.1.jar with timestamp 1784180228805
[2026-07-16T05:37:15.190+0000] {subprocess.py:93} INFO - 26/07/16 05:37:15 INFO StandaloneAppClient$ClientEndpoint: Connecting to master spark://sdp-spark-master:7077...
[2026-07-16T05:37:15.412+0000] {subprocess.py:93} INFO - 26/07/16 05:37:15 INFO TransportClientFactory: Successfully created connection to sdp-spark-master/172.18.0.4:7077 after 89 ms (0 ms spent in bootstraps)
[2026-07-16T05:37:15.942+0000] {subprocess.py:93} INFO - 26/07/16 05:37:15 INFO StandaloneSchedulerBackend: Connected to Spark cluster with app ID app-20260716053715-0004
[2026-07-16T05:37:16.030+0000] {subprocess.py:93} INFO - 26/07/16 05:37:15 INFO Utils: Successfully started service 'org.apache.spark.network.netty.NettyBlockTransferService' on port 38395.
[2026-07-16T05:37:16.033+0000] {subprocess.py:93} INFO - 26/07/16 05:37:15 INFO NettyBlockTransferService: Server created on 6e46a9d5346a:38395
[2026-07-16T05:37:16.086+0000] {subprocess.py:93} INFO - 26/07/16 05:37:16 INFO BlockManager: Using org.apache.spark.storage.RandomBlockReplicationPolicy for block replication policy
[2026-07-16T05:37:16.213+0000] {subprocess.py:93} INFO - 26/07/16 05:37:16 INFO BlockManagerMaster: Registering BlockManager BlockManagerId(driver, 6e46a9d5346a, 38395, None)
[2026-07-16T05:37:16.324+0000] {subprocess.py:93} INFO - 26/07/16 05:37:16 INFO BlockManagerMasterEndpoint: Registering block manager 6e46a9d5346a:38395 with 434.4 MiB RAM, BlockManagerId(driver, 6e46a9d5346a, 38395, None)
[2026-07-16T05:37:16.339+0000] {subprocess.py:93} INFO - 26/07/16 05:37:16 INFO BlockManagerMaster: Registered BlockManager BlockManagerId(driver, 6e46a9d5346a, 38395, None)
[2026-07-16T05:37:16.343+0000] {subprocess.py:93} INFO - 26/07/16 05:37:16 INFO BlockManager: Initialized BlockManager: BlockManagerId(driver, 6e46a9d5346a, 38395, None)
[2026-07-16T05:37:17.704+0000] {subprocess.py:93} INFO - 26/07/16 05:37:17 INFO StandaloneSchedulerBackend: SchedulerBackend is ready for scheduling beginning after reached minRegisteredResourcesRatio: 0.0
[2026-07-16T05:37:19.181+0000] {subprocess.py:93} INFO - Starting stream: orders -> /opt/data/bronze/orders
[2026-07-16T05:38:02.257+0000] {subprocess.py:93} INFO - 26/07/16 05:38:02 WARN TaskSchedulerImpl: Initial job has not accepted any resources; check your cluster UI to ensure that workers are registered and have sufficient resources
[2026-07-16T05:38:51.502+0000] {job.py:218} ERROR - Job heartbeat got an exception
Traceback (most recent call last):
  File "/home/airflow/.local/lib/python3.12/site-packages/sqlalchemy/engine/base.py", line 3371, in _wrap_pool_connect
    return fn()
           ^^^^
  File "/home/airflow/.local/lib/python3.12/site-packages/sqlalchemy/pool/base.py", line 327, in connect
    return _ConnectionFairy._checkout(self)
           ^^^^^^^^^^^^^^^^^^^^^^^^^^^^^^^^
  File "/home/airflow/.local/lib/python3.12/site-packages/sqlalchemy/pool/base.py", line 894, in _checkout
    fairy = _ConnectionRecord.checkout(pool)
            ^^^^^^^^^^^^^^^^^^^^^^^^^^^^^^^^
  File "/home/airflow/.local/lib/python3.12/site-packages/sqlalchemy/pool/base.py", line 493, in checkout
    rec = pool._do_get()
          ^^^^^^^^^^^^^^
  File "/home/airflow/.local/lib/python3.12/site-packages/sqlalchemy/pool/impl.py", line 256, in _do_get
    return self._create_connection()
           ^^^^^^^^^^^^^^^^^^^^^^^^^
  File "/home/airflow/.local/lib/python3.12/site-packages/sqlalchemy/pool/base.py", line 273, in _create_connection
    return _ConnectionRecord(self)
           ^^^^^^^^^^^^^^^^^^^^^^^
  File "/home/airflow/.local/lib/python3.12/site-packages/sqlalchemy/pool/base.py", line 388, in __init__
    self.__connect()
  File "/home/airflow/.local/lib/python3.12/site-packages/sqlalchemy/pool/base.py", line 690, in __connect
    with util.safe_reraise():
  File "/home/airflow/.local/lib/python3.12/site-packages/sqlalchemy/util/langhelpers.py", line 70, in __exit__
    compat.raise_(
  File "/home/airflow/.local/lib/python3.12/site-packages/sqlalchemy/util/compat.py", line 211, in raise_
    raise exception
  File "/home/airflow/.local/lib/python3.12/site-packages/sqlalchemy/pool/base.py", line 686, in __connect
    self.dbapi_connection = connection = pool._invoke_creator(self)
                                         ^^^^^^^^^^^^^^^^^^^^^^^^^^
  File "/home/airflow/.local/lib/python3.12/site-packages/sqlalchemy/engine/create.py", line 574, in connect
    return dialect.connect(*cargs, **cparams)
           ^^^^^^^^^^^^^^^^^^^^^^^^^^^^^^^^^^
  File "/home/airflow/.local/lib/python3.12/site-packages/sqlalchemy/engine/default.py", line 598, in connect
    return self.dbapi.connect(*cargs, **cparams)
           ^^^^^^^^^^^^^^^^^^^^^^^^^^^^^^^^^^^^^
  File "/home/airflow/.local/lib/python3.12/site-packages/psycopg2/__init__.py", line 122, in connect
    conn = _connect(dsn, connection_factory=connection_factory, **kwasync)
           ^^^^^^^^^^^^^^^^^^^^^^^^^^^^^^^^^^^^^^^^^^^^^^^^^^^^^^^^^^^^^^^
psycopg2.OperationalError: could not translate host name "postgres" to address: Temporary failure in name resolution


The above exception was the direct cause of the following exception:

Traceback (most recent call last):
  File "/home/airflow/.local/lib/python3.12/site-packages/airflow/jobs/job.py", line 192, in heartbeat
    self._merge_from(Job._fetch_from_db(self, session))
                     ^^^^^^^^^^^^^^^^^^^^^^^^^^^^^^^^^
  File "/home/airflow/.local/lib/python3.12/site-packages/airflow/api_internal/internal_api_call.py", line 115, in wrapper
    return func(*args, **kwargs)
           ^^^^^^^^^^^^^^^^^^^^^
  File "/home/airflow/.local/lib/python3.12/site-packages/airflow/utils/session.py", line 76, in wrapper
    return func(*args, **kwargs)
           ^^^^^^^^^^^^^^^^^^^^^
  File "/home/airflow/.local/lib/python3.12/site-packages/airflow/utils/retries.py", line 89, in wrapped_function
    for attempt in run_with_db_retries(max_retries=retries, logger=logger, **retry_kwargs):
  File "/home/airflow/.local/lib/python3.12/site-packages/tenacity/__init__.py", line 347, in __iter__
    do = self.iter(retry_state=retry_state)
         ^^^^^^^^^^^^^^^^^^^^^^^^^^^^^^^^^^
  File "/home/airflow/.local/lib/python3.12/site-packages/tenacity/__init__.py", line 325, in iter
    raise retry_exc.reraise()
          ^^^^^^^^^^^^^^^^^^^
  File "/home/airflow/.local/lib/python3.12/site-packages/tenacity/__init__.py", line 158, in reraise
    raise self.last_attempt.result()
          ^^^^^^^^^^^^^^^^^^^^^^^^^^
  File "/usr/local/lib/python3.12/concurrent/futures/_base.py", line 449, in result
    return self.__get_result()
           ^^^^^^^^^^^^^^^^^^^
  File "/usr/local/lib/python3.12/concurrent/futures/_base.py", line 401, in __get_result
    raise self._exception
  File "/home/airflow/.local/lib/python3.12/site-packages/airflow/utils/retries.py", line 98, in wrapped_function
    return func(*args, **kwargs)
           ^^^^^^^^^^^^^^^^^^^^^
  File "/home/airflow/.local/lib/python3.12/site-packages/airflow/jobs/job.py", line 316, in _fetch_from_db
    session.merge(job)
  File "/home/airflow/.local/lib/python3.12/site-packages/sqlalchemy/orm/session.py", line 3056, in merge
    return self._merge(
           ^^^^^^^^^^^^
  File "/home/airflow/.local/lib/python3.12/site-packages/sqlalchemy/orm/session.py", line 3136, in _merge
    merged = self.get(
             ^^^^^^^^^
  File "/home/airflow/.local/lib/python3.12/site-packages/sqlalchemy/orm/session.py", line 2853, in get
    return self._get_impl(
           ^^^^^^^^^^^^^^^
  File "/home/airflow/.local/lib/python3.12/site-packages/sqlalchemy/orm/session.py", line 2975, in _get_impl
    return db_load_fn(
           ^^^^^^^^^^^
  File "/home/airflow/.local/lib/python3.12/site-packages/sqlalchemy/orm/loading.py", line 530, in load_on_pk_identity
    session.execute(
  File "/home/airflow/.local/lib/python3.12/site-packages/sqlalchemy/orm/session.py", line 1716, in execute
    conn = self._connection_for_bind(bind)
           ^^^^^^^^^^^^^^^^^^^^^^^^^^^^^^^
  File "/home/airflow/.local/lib/python3.12/site-packages/sqlalchemy/orm/session.py", line 1555, in _connection_for_bind
    return self._transaction._connection_for_bind(
           ^^^^^^^^^^^^^^^^^^^^^^^^^^^^^^^^^^^^^^^
  File "/home/airflow/.local/lib/python3.12/site-packages/sqlalchemy/orm/session.py", line 750, in _connection_for_bind
    conn = bind.connect()
           ^^^^^^^^^^^^^^
  File "/home/airflow/.local/lib/python3.12/site-packages/sqlalchemy/future/engine.py", line 412, in connect
    return super(Engine, self).connect()
           ^^^^^^^^^^^^^^^^^^^^^^^^^^^^^
  File "/home/airflow/.local/lib/python3.12/site-packages/sqlalchemy/engine/base.py", line 3325, in connect
    return self._connection_cls(self, close_with_result=close_with_result)
           ^^^^^^^^^^^^^^^^^^^^^^^^^^^^^^^^^^^^^^^^^^^^^^^^^^^^^^^^^^^^^^^
  File "/home/airflow/.local/lib/python3.12/site-packages/sqlalchemy/engine/base.py", line 96, in __init__
    else engine.raw_connection()
         ^^^^^^^^^^^^^^^^^^^^^^^
  File "/home/airflow/.local/lib/python3.12/site-packages/sqlalchemy/engine/base.py", line 3404, in raw_connection
    return self._wrap_pool_connect(self.pool.connect, _connection)
           ^^^^^^^^^^^^^^^^^^^^^^^^^^^^^^^^^^^^^^^^^^^^^^^^^^^^^^^
  File "/home/airflow/.local/lib/python3.12/site-packages/sqlalchemy/engine/base.py", line 3374, in _wrap_pool_connect
    Connection._handle_dbapi_exception_noconnection(
  File "/home/airflow/.local/lib/python3.12/site-packages/sqlalchemy/engine/base.py", line 2208, in _handle_dbapi_exception_noconnection
    util.raise_(
  File "/home/airflow/.local/lib/python3.12/site-packages/sqlalchemy/util/compat.py", line 211, in raise_
    raise exception
  File "/home/airflow/.local/lib/python3.12/site-packages/sqlalchemy/engine/base.py", line 3371, in _wrap_pool_connect
    return fn()
           ^^^^
  File "/home/airflow/.local/lib/python3.12/site-packages/sqlalchemy/pool/base.py", line 327, in connect
    return _ConnectionFairy._checkout(self)
           ^^^^^^^^^^^^^^^^^^^^^^^^^^^^^^^^
  File "/home/airflow/.local/lib/python3.12/site-packages/sqlalchemy/pool/base.py", line 894, in _checkout
    fairy = _ConnectionRecord.checkout(pool)
            ^^^^^^^^^^^^^^^^^^^^^^^^^^^^^^^^
  File "/home/airflow/.local/lib/python3.12/site-packages/sqlalchemy/pool/base.py", line 493, in checkout
    rec = pool._do_get()
          ^^^^^^^^^^^^^^
  File "/home/airflow/.local/lib/python3.12/site-packages/sqlalchemy/pool/impl.py", line 256, in _do_get
    return self._create_connection()
           ^^^^^^^^^^^^^^^^^^^^^^^^^
  File "/home/airflow/.local/lib/python3.12/site-packages/sqlalchemy/pool/base.py", line 273, in _create_connection
    return _ConnectionRecord(self)
           ^^^^^^^^^^^^^^^^^^^^^^^
  File "/home/airflow/.local/lib/python3.12/site-packages/sqlalchemy/pool/base.py", line 388, in __init__
    self.__connect()
  File "/home/airflow/.local/lib/python3.12/site-packages/sqlalchemy/pool/base.py", line 690, in __connect
    with util.safe_reraise():
  File "/home/airflow/.local/lib/python3.12/site-packages/sqlalchemy/util/langhelpers.py", line 70, in __exit__
    compat.raise_(
  File "/home/airflow/.local/lib/python3.12/site-packages/sqlalchemy/util/compat.py", line 211, in raise_
    raise exception
  File "/home/airflow/.local/lib/python3.12/site-packages/sqlalchemy/pool/base.py", line 686, in __connect
    self.dbapi_connection = connection = pool._invoke_creator(self)
                                         ^^^^^^^^^^^^^^^^^^^^^^^^^^
  File "/home/airflow/.local/lib/python3.12/site-packages/sqlalchemy/engine/create.py", line 574, in connect
    return dialect.connect(*cargs, **cparams)
           ^^^^^^^^^^^^^^^^^^^^^^^^^^^^^^^^^^
  File "/home/airflow/.local/lib/python3.12/site-packages/sqlalchemy/engine/default.py", line 598, in connect
    return self.dbapi.connect(*cargs, **cparams)
           ^^^^^^^^^^^^^^^^^^^^^^^^^^^^^^^^^^^^^
  File "/home/airflow/.local/lib/python3.12/site-packages/psycopg2/__init__.py", line 122, in connect
    conn = _connect(dsn, connection_factory=connection_factory, **kwasync)
           ^^^^^^^^^^^^^^^^^^^^^^^^^^^^^^^^^^^^^^^^^^^^^^^^^^^^^^^^^^^^^^^
sqlalchemy.exc.OperationalError: (psycopg2.OperationalError) could not translate host name "postgres" to address: Temporary failure in name resolution

(Background on this error at: https://sqlalche.me/e/14/e3q8)
[2026-07-16T05:55:52.656+0000] {job.py:226} ERROR - Job heartbeat failed with error. Scheduler is in unhealthy state
[2026-07-16T05:59:42.420+0000] {local_task_job_runner.py:214} ERROR - Heartbeat time limit exceeded!
[2026-07-16T06:20:49.679+0000] {local_task_job_runner.py:222} INFO - ::endgroup::
[2026-07-16T06:20:52.195+0000] {process_utils.py:132} INFO - Sending 15 to group 706. PIDs of all processes in the group: [708, 709, 706]
[2026-07-16T06:20:52.653+0000] {process_utils.py:87} INFO - Sending the signal 15 to group 706
[2026-07-16T06:20:53.161+0000] {taskinstance.py:2607} ERROR - Received SIGTERM. Terminating subprocesses.
[2026-07-16T06:20:53.520+0000] {subprocess.py:104} INFO - Sending SIGTERM signal to process group
[2026-07-16T06:20:53.687+0000] {taskinstance.py:441} INFO - ::group::Post task execution logs
[2026-07-16T06:20:53.822+0000] {process_utils.py:80} INFO - Process psutil.Process(pid=709, status='terminated', started='05:36:55') (709) terminated with exit code None
[2026-07-16T06:21:00.131+0000] {taskinstance.py:2890} ERROR - Task failed with exception
Traceback (most recent call last):
  File "/home/airflow/.local/lib/python3.12/site-packages/airflow/models/taskinstance.py", line 465, in _execute_task
    result = _execute_callable(context=context, **execute_callable_kwargs)
             ^^^^^^^^^^^^^^^^^^^^^^^^^^^^^^^^^^^^^^^^^^^^^^^^^^^^^^^^^^^^^
  File "/home/airflow/.local/lib/python3.12/site-packages/airflow/models/taskinstance.py", line 432, in _execute_callable
    return execute_callable(context=context, **execute_callable_kwargs)
           ^^^^^^^^^^^^^^^^^^^^^^^^^^^^^^^^^^^^^^^^^^^^^^^^^^^^^^^^^^^^
  File "/home/airflow/.local/lib/python3.12/site-packages/airflow/models/baseoperator.py", line 400, in wrapper
    return func(self, *args, **kwargs)
           ^^^^^^^^^^^^^^^^^^^^^^^^^^^
  File "/home/airflow/.local/lib/python3.12/site-packages/airflow/operators/bash.py", line 234, in execute
    result = self.subprocess_hook.run_command(
             ^^^^^^^^^^^^^^^^^^^^^^^^^^^^^^^^^
  File "/home/airflow/.local/lib/python3.12/site-packages/airflow/hooks/subprocess.py", line 91, in run_command
    for raw_line in iter(self.sub_process.stdout.readline, b""):
  File "/home/airflow/.local/lib/python3.12/site-packages/airflow/models/taskinstance.py", line 2609, in signal_handler
    raise AirflowTaskTerminated("Task received SIGTERM signal")
airflow.exceptions.AirflowTaskTerminated: Task received SIGTERM signal
[2026-07-16T06:21:01.211+0000] {taskinstance.py:1205} INFO - Marking task as UP_FOR_RETRY. dag_id=e-commerce_kafka_streaming_pipeline_v1, task_id=run_bronze, execution_date=20260715T180000, start_date=20260716T053655, end_date=20260716T062100
[2026-07-16T06:21:03.214+0000] {process_utils.py:80} INFO - Process psutil.Process(pid=708, status='terminated', started='05:36:55') (708) terminated with exit code None
[2026-07-16T06:21:03.240+0000] {process_utils.py:80} INFO - Process psutil.Process(pid=706, status='terminated', exitcode=2, started='05:36:54') (706) terminated with exit code 2
