[2026-06-08T13:27:46.857+0000] {local_task_job_runner.py:120} INFO - ::group::Pre task execution logs
[2026-06-08T13:27:46.924+0000] {taskinstance.py:2073} INFO - Dependencies all met for dep_context=non-requeueable deps ti=<TaskInstance: e-commerce_kafka_streaming_pipeline_v10.produce_messages scheduled__2026-06-08T12:00:00+00:00 [queued]>
[2026-06-08T13:27:46.944+0000] {taskinstance.py:2073} INFO - Dependencies all met for dep_context=requeueable deps ti=<TaskInstance: e-commerce_kafka_streaming_pipeline_v10.produce_messages scheduled__2026-06-08T12:00:00+00:00 [queued]>
[2026-06-08T13:27:46.945+0000] {taskinstance.py:2303} INFO - Starting attempt 1 of 2
[2026-06-08T13:27:46.975+0000] {taskinstance.py:2327} INFO - Executing <Task(BashOperator): produce_messages> on 2026-06-08 12:00:00+00:00
[2026-06-08T13:27:46.999+0000] {standard_task_runner.py:90} INFO - Running: ['***', 'tasks', 'run', 'e-commerce_kafka_streaming_pipeline_v10', 'produce_messages', 'scheduled__2026-06-08T12:00:00+00:00', '--job-id', '39', '--raw', '--subdir', 'DAGS_FOLDER/sdp_pipeline_dag.py', '--cfg-path', '/tmp/tmp2apirpab']
[2026-06-08T13:27:47.005+0000] {standard_task_runner.py:91} INFO - Job 39: Subtask produce_messages
[2026-06-08T13:27:47.014+0000] {logging_mixin.py:188} WARNING - /home/***/.local/lib/python3.12/site-packages/***/task/task_runner/standard_task_runner.py:61 DeprecationWarning: This process (pid=241) is multi-threaded, use of fork() may lead to deadlocks in the child.
[2026-06-08T13:27:47.017+0000] {standard_task_runner.py:63} INFO - Started process 244 to run task
[2026-06-08T13:27:47.144+0000] {task_command.py:426} INFO - Running <TaskInstance: e-commerce_kafka_streaming_pipeline_v10.produce_messages scheduled__2026-06-08T12:00:00+00:00 [running]> on host 19d9c0c71dcc
[2026-06-08T13:27:47.406+0000] {taskinstance.py:2644} INFO - Exporting env vars: AIRFLOW_CTX_DAG_OWNER='dev' AIRFLOW_CTX_DAG_ID='e-commerce_kafka_streaming_pipeline_v10' AIRFLOW_CTX_TASK_ID='produce_messages' AIRFLOW_CTX_EXECUTION_DATE='2026-06-08T12:00:00+00:00' AIRFLOW_CTX_TRY_NUMBER='1' AIRFLOW_CTX_DAG_RUN_ID='scheduled__2026-06-08T12:00:00+00:00'
[2026-06-08T13:27:47.410+0000] {taskinstance.py:430} INFO - ::endgroup::
[2026-06-08T13:27:47.644+0000] {subprocess.py:63} INFO - Tmp dir root location: /tmp
[2026-06-08T13:27:47.652+0000] {subprocess.py:75} INFO - Running command: ['/usr/bin/bash', '-c', 'python3 /opt/pipelines/api_to_kafka.py']
[2026-06-08T13:27:47.719+0000] {subprocess.py:86} INFO - Output:
[2026-06-08T13:27:53.400+0000] {subprocess.py:93} INFO - Published 7 records to topic 'orders'
[2026-06-08T13:27:53.409+0000] {subprocess.py:93} INFO - Published 10 records to topic 'customers'
[2026-06-08T13:27:53.412+0000] {subprocess.py:93} INFO - Published 20 records to topic 'products'
[2026-06-08T13:27:53.651+0000] {subprocess.py:97} INFO - Command exited with return code 0
[2026-06-08T13:27:53.657+0000] {taskinstance.py:441} INFO - ::group::Post task execution logs
[2026-06-08T13:27:53.733+0000] {taskinstance.py:1205} INFO - Marking task as SUCCESS. dag_id=e-commerce_kafka_streaming_pipeline_v10, task_id=produce_messages, execution_date=20260608T120000, start_date=20260608T132746, end_date=20260608T132753
[2026-06-08T13:27:53.829+0000] {local_task_job_runner.py:240} INFO - Task exited with return code 0
[2026-06-08T13:27:53.931+0000] {taskinstance.py:3482} INFO - 1 downstream tasks scheduled from follow-on schedule check
[2026-06-08T13:27:53.938+0000] {local_task_job_runner.py:222} INFO - ::endgroup::
[2026-06-08T13:35:14.736+0000] {local_task_job_runner.py:120} INFO - ::group::Pre task execution logs
[2026-06-08T13:35:14.815+0000] {taskinstance.py:2073} INFO - Dependencies all met for dep_context=non-requeueable deps ti=<TaskInstance: e-commerce_kafka_streaming_pipeline_v10.produce_messages scheduled__2026-06-08T12:00:00+00:00 [queued]>
[2026-06-08T13:35:14.831+0000] {taskinstance.py:2073} INFO - Dependencies all met for dep_context=requeueable deps ti=<TaskInstance: e-commerce_kafka_streaming_pipeline_v10.produce_messages scheduled__2026-06-08T12:00:00+00:00 [queued]>
[2026-06-08T13:35:14.832+0000] {taskinstance.py:2303} INFO - Starting attempt 1 of 2
[2026-06-08T13:35:14.861+0000] {taskinstance.py:2327} INFO - Executing <Task(BashOperator): produce_messages> on 2026-06-08 12:00:00+00:00
[2026-06-08T13:35:14.886+0000] {standard_task_runner.py:90} INFO - Running: ['***', 'tasks', 'run', 'e-commerce_kafka_streaming_pipeline_v10', 'produce_messages', 'scheduled__2026-06-08T12:00:00+00:00', '--job-id', '46', '--raw', '--subdir', 'DAGS_FOLDER/sdp_pipeline_dag.py', '--cfg-path', '/tmp/tmp0oz7xqf7']
[2026-06-08T13:35:14.892+0000] {standard_task_runner.py:91} INFO - Job 46: Subtask produce_messages
[2026-06-08T13:35:14.896+0000] {logging_mixin.py:188} WARNING - /home/***/.local/lib/python3.12/site-packages/***/task/task_runner/standard_task_runner.py:61 DeprecationWarning: This process (pid=389) is multi-threaded, use of fork() may lead to deadlocks in the child.
[2026-06-08T13:35:14.897+0000] {standard_task_runner.py:63} INFO - Started process 390 to run task
[2026-06-08T13:35:15.043+0000] {task_command.py:426} INFO - Running <TaskInstance: e-commerce_kafka_streaming_pipeline_v10.produce_messages scheduled__2026-06-08T12:00:00+00:00 [running]> on host 19d9c0c71dcc
[2026-06-08T13:35:15.244+0000] {taskinstance.py:2644} INFO - Exporting env vars: AIRFLOW_CTX_DAG_OWNER='dev' AIRFLOW_CTX_DAG_ID='e-commerce_kafka_streaming_pipeline_v10' AIRFLOW_CTX_TASK_ID='produce_messages' AIRFLOW_CTX_EXECUTION_DATE='2026-06-08T12:00:00+00:00' AIRFLOW_CTX_TRY_NUMBER='1' AIRFLOW_CTX_DAG_RUN_ID='scheduled__2026-06-08T12:00:00+00:00'
[2026-06-08T13:35:15.247+0000] {taskinstance.py:430} INFO - ::endgroup::
[2026-06-08T13:35:15.282+0000] {subprocess.py:63} INFO - Tmp dir root location: /tmp
[2026-06-08T13:35:15.284+0000] {subprocess.py:75} INFO - Running command: ['/usr/bin/bash', '-c', 'python3 /opt/pipelines/api_to_kafka.py']
[2026-06-08T13:35:15.307+0000] {subprocess.py:86} INFO - Output:
[2026-06-08T13:35:19.323+0000] {subprocess.py:93} INFO - Published 7 records to topic 'orders'
[2026-06-08T13:35:19.328+0000] {subprocess.py:93} INFO - Published 10 records to topic 'customers'
[2026-06-08T13:35:19.329+0000] {subprocess.py:93} INFO - Published 20 records to topic 'products'
[2026-06-08T13:35:19.409+0000] {subprocess.py:97} INFO - Command exited with return code 0
[2026-06-08T13:35:19.410+0000] {taskinstance.py:441} INFO - ::group::Post task execution logs
[2026-06-08T13:35:19.448+0000] {taskinstance.py:1205} INFO - Marking task as SUCCESS. dag_id=e-commerce_kafka_streaming_pipeline_v10, task_id=produce_messages, execution_date=20260608T120000, start_date=20260608T133514, end_date=20260608T133519
[2026-06-08T13:35:19.484+0000] {local_task_job_runner.py:240} INFO - Task exited with return code 0
[2026-06-08T13:35:19.522+0000] {taskinstance.py:3482} INFO - 1 downstream tasks scheduled from follow-on schedule check
[2026-06-08T13:35:19.526+0000] {local_task_job_runner.py:222} INFO - ::endgroup::
[2026-06-08T13:42:14.772+0000] {local_task_job_runner.py:120} INFO - ::group::Pre task execution logs
[2026-06-08T13:42:14.830+0000] {taskinstance.py:2073} INFO - Dependencies all met for dep_context=non-requeueable deps ti=<TaskInstance: e-commerce_kafka_streaming_pipeline_v10.produce_messages scheduled__2026-06-08T12:00:00+00:00 [queued]>
[2026-06-08T13:42:14.843+0000] {taskinstance.py:2073} INFO - Dependencies all met for dep_context=requeueable deps ti=<TaskInstance: e-commerce_kafka_streaming_pipeline_v10.produce_messages scheduled__2026-06-08T12:00:00+00:00 [queued]>
[2026-06-08T13:42:14.844+0000] {taskinstance.py:2303} INFO - Starting attempt 1 of 2
[2026-06-08T13:42:14.866+0000] {taskinstance.py:2327} INFO - Executing <Task(BashOperator): produce_messages> on 2026-06-08 12:00:00+00:00
[2026-06-08T13:42:14.881+0000] {standard_task_runner.py:90} INFO - Running: ['***', 'tasks', 'run', 'e-commerce_kafka_streaming_pipeline_v10', 'produce_messages', 'scheduled__2026-06-08T12:00:00+00:00', '--job-id', '52', '--raw', '--subdir', 'DAGS_FOLDER/sdp_pipeline_dag.py', '--cfg-path', '/tmp/tmpt8d0bwd5']
[2026-06-08T13:42:14.886+0000] {standard_task_runner.py:91} INFO - Job 52: Subtask produce_messages
[2026-06-08T13:42:14.887+0000] {logging_mixin.py:188} WARNING - /home/***/.local/lib/python3.12/site-packages/***/task/task_runner/standard_task_runner.py:61 DeprecationWarning: This process (pid=536) is multi-threaded, use of fork() may lead to deadlocks in the child.
[2026-06-08T13:42:14.890+0000] {standard_task_runner.py:63} INFO - Started process 537 to run task
[2026-06-08T13:42:14.994+0000] {task_command.py:426} INFO - Running <TaskInstance: e-commerce_kafka_streaming_pipeline_v10.produce_messages scheduled__2026-06-08T12:00:00+00:00 [running]> on host 19d9c0c71dcc
[2026-06-08T13:42:15.196+0000] {taskinstance.py:2644} INFO - Exporting env vars: AIRFLOW_CTX_DAG_OWNER='dev' AIRFLOW_CTX_DAG_ID='e-commerce_kafka_streaming_pipeline_v10' AIRFLOW_CTX_TASK_ID='produce_messages' AIRFLOW_CTX_EXECUTION_DATE='2026-06-08T12:00:00+00:00' AIRFLOW_CTX_TRY_NUMBER='1' AIRFLOW_CTX_DAG_RUN_ID='scheduled__2026-06-08T12:00:00+00:00'
[2026-06-08T13:42:15.197+0000] {taskinstance.py:430} INFO - ::endgroup::
[2026-06-08T13:42:15.221+0000] {subprocess.py:63} INFO - Tmp dir root location: /tmp
[2026-06-08T13:42:15.222+0000] {subprocess.py:75} INFO - Running command: ['/usr/bin/bash', '-c', 'python3 /opt/pipelines/api_to_kafka.py']
[2026-06-08T13:42:15.236+0000] {subprocess.py:86} INFO - Output:
[2026-06-08T13:42:18.543+0000] {subprocess.py:93} INFO - Published 7 records to topic 'orders'
[2026-06-08T13:42:18.544+0000] {subprocess.py:93} INFO - Published 10 records to topic 'customers'
[2026-06-08T13:42:18.545+0000] {subprocess.py:93} INFO - Published 20 records to topic 'products'
[2026-06-08T13:42:18.636+0000] {subprocess.py:97} INFO - Command exited with return code 0
[2026-06-08T13:42:18.638+0000] {taskinstance.py:441} INFO - ::group::Post task execution logs
[2026-06-08T13:42:18.679+0000] {taskinstance.py:1205} INFO - Marking task as SUCCESS. dag_id=e-commerce_kafka_streaming_pipeline_v10, task_id=produce_messages, execution_date=20260608T120000, start_date=20260608T134214, end_date=20260608T134218
[2026-06-08T13:42:18.728+0000] {local_task_job_runner.py:240} INFO - Task exited with return code 0
[2026-06-08T13:42:18.781+0000] {taskinstance.py:3482} INFO - 1 downstream tasks scheduled from follow-on schedule check
[2026-06-08T13:42:18.786+0000] {local_task_job_runner.py:222} INFO - ::endgroup::
