[2026-06-10T12:05:38.648+0000] {local_task_job_runner.py:120} INFO - ::group::Pre task execution logs
[2026-06-10T12:05:38.747+0000] {taskinstance.py:2073} INFO - Dependencies all met for dep_context=non-requeueable deps ti=<TaskInstance: e-commerce_kafka_streaming_pipeline_v10.run_bronze scheduled__2026-06-10T07:00:00+00:00 [queued]>
[2026-06-10T12:05:38.768+0000] {taskinstance.py:2073} INFO - Dependencies all met for dep_context=requeueable deps ti=<TaskInstance: e-commerce_kafka_streaming_pipeline_v10.run_bronze scheduled__2026-06-10T07:00:00+00:00 [queued]>
[2026-06-10T12:05:38.770+0000] {taskinstance.py:2303} INFO - Starting attempt 1 of 2
[2026-06-10T12:05:38.801+0000] {taskinstance.py:2327} INFO - Executing <Task(BashOperator): run_bronze> on 2026-06-10 07:00:00+00:00
[2026-06-10T12:05:38.818+0000] {standard_task_runner.py:90} INFO - Running: ['***', 'tasks', 'run', 'e-commerce_kafka_streaming_pipeline_v10', 'run_bronze', 'scheduled__2026-06-10T07:00:00+00:00', '--job-id', '145', '--raw', '--subdir', 'DAGS_FOLDER/sdp_pipeline_dag.py', '--cfg-path', '/tmp/tmpgqz05o7p']
[2026-06-10T12:05:38.823+0000] {standard_task_runner.py:91} INFO - Job 145: Subtask run_bronze
[2026-06-10T12:05:38.865+0000] {logging_mixin.py:188} WARNING - /home/***/.local/lib/python3.12/site-packages/***/task/task_runner/standard_task_runner.py:61 DeprecationWarning: This process (pid=7377) is multi-threaded, use of fork() may lead to deadlocks in the child.
[2026-06-10T12:05:38.878+0000] {standard_task_runner.py:63} INFO - Started process 7381 to run task
[2026-06-10T12:05:39.004+0000] {task_command.py:426} INFO - Running <TaskInstance: e-commerce_kafka_streaming_pipeline_v10.run_bronze scheduled__2026-06-10T07:00:00+00:00 [running]> on host 19d9c0c71dcc
[2026-06-10T12:05:39.250+0000] {taskinstance.py:2644} INFO - Exporting env vars: AIRFLOW_CTX_DAG_OWNER='dev' AIRFLOW_CTX_DAG_ID='e-commerce_kafka_streaming_pipeline_v10' AIRFLOW_CTX_TASK_ID='run_bronze' AIRFLOW_CTX_EXECUTION_DATE='2026-06-10T07:00:00+00:00' AIRFLOW_CTX_TRY_NUMBER='1' AIRFLOW_CTX_DAG_RUN_ID='scheduled__2026-06-10T07:00:00+00:00'
[2026-06-10T12:05:39.252+0000] {taskinstance.py:430} INFO - ::endgroup::
[2026-06-10T12:05:39.313+0000] {subprocess.py:63} INFO - Tmp dir root location: /tmp
[2026-06-10T12:05:39.317+0000] {subprocess.py:75} INFO - Running command: ['/usr/bin/bash', '-c', 'timeout 120s docker run --rm --network streaming_kafka_project_sdp-net --volume /d/Streaming_kafka_project/pipelines:/opt/pipelines --volume /d/Streaming_kafka_project/data:/opt/data --volume /d/Streaming_kafka_project/checkpoints:/opt/checkpoints --volume /d/Streaming_kafka_project/jars:/opt/jars apache/spark:3.5.1 /opt/spark/bin/spark-submit --master spark://sdp-spark-master:7077 --executor-cores 1 --executor-memory 512m --total-executor-cores 3 --jars /opt/jars/delta-spark_2.12-3.2.0.jar,/opt/jars/delta-storage-3.2.0.jar,/opt/jars/spark-sql-kafka-0-10_2.12-3.5.1.jar,/opt/jars/kafka-clients-3.4.1.jar,/opt/jars/spark-token-provider-kafka-0-10_2.12-3.5.1.jar,/opt/jars/commons-pool2-2.11.1.jar --conf spark.sql.extensions=io.delta.sql.DeltaSparkSessionExtension --conf spark.sql.catalog.spark_catalog=org.apache.spark.sql.delta.catalog.DeltaCatalog  /opt/pipelines/bronze_runner.py']
[2026-06-10T12:05:39.352+0000] {subprocess.py:86} INFO - Output:
[2026-06-10T12:05:58.297+0000] {subprocess.py:93} INFO - 26/06/10 12:05:58 WARN NativeCodeLoader: Unable to load native-hadoop library for your platform... using builtin-java classes where applicable
[2026-06-10T12:06:03.076+0000] {subprocess.py:93} INFO - 26/06/10 12:06:03 INFO SparkContext: Running Spark version 3.5.1
[2026-06-10T12:06:03.078+0000] {subprocess.py:93} INFO - 26/06/10 12:06:03 INFO SparkContext: OS info Linux, 6.6.114.1-microsoft-standard-WSL2, amd64
[2026-06-10T12:06:03.080+0000] {subprocess.py:93} INFO - 26/06/10 12:06:03 INFO SparkContext: Java version 11.0.22
[2026-06-10T12:06:03.280+0000] {subprocess.py:93} INFO - 26/06/10 12:06:03 INFO ResourceUtils: ==============================================================
[2026-06-10T12:06:03.284+0000] {subprocess.py:93} INFO - 26/06/10 12:06:03 INFO ResourceUtils: No custom resources configured for spark.driver.
[2026-06-10T12:06:03.313+0000] {subprocess.py:93} INFO - 26/06/10 12:06:03 INFO ResourceUtils: ==============================================================
[2026-06-10T12:06:03.314+0000] {subprocess.py:93} INFO - 26/06/10 12:06:03 INFO SparkContext: Submitted application: SDP-Bronze
[2026-06-10T12:06:03.496+0000] {subprocess.py:93} INFO - 26/06/10 12:06:03 INFO ResourceProfile: Default ResourceProfile created, executor resources: Map(cores -> name: cores, amount: 1, script: , vendor: , memory -> name: memory, amount: 512, script: , vendor: , offHeap -> name: offHeap, amount: 0, script: , vendor: ), task resources: Map(cpus -> name: cpus, amount: 1.0)
[2026-06-10T12:06:03.584+0000] {subprocess.py:93} INFO - 26/06/10 12:06:03 INFO ResourceProfile: Limiting resource is cpus at 1 tasks per executor
[2026-06-10T12:06:03.612+0000] {subprocess.py:93} INFO - 26/06/10 12:06:03 INFO ResourceProfileManager: Added ResourceProfile id: 0
[2026-06-10T12:06:03.893+0000] {subprocess.py:93} INFO - 26/06/10 12:06:03 INFO SecurityManager: Changing view acls to: spark
[2026-06-10T12:06:03.898+0000] {subprocess.py:93} INFO - 26/06/10 12:06:03 INFO SecurityManager: Changing modify acls to: spark
[2026-06-10T12:06:03.899+0000] {subprocess.py:93} INFO - 26/06/10 12:06:03 INFO SecurityManager: Changing view acls groups to:
[2026-06-10T12:06:03.900+0000] {subprocess.py:93} INFO - 26/06/10 12:06:03 INFO SecurityManager: Changing modify acls groups to:
[2026-06-10T12:06:03.911+0000] {subprocess.py:93} INFO - 26/06/10 12:06:03 INFO SecurityManager: SecurityManager: authentication disabled; ui acls disabled; users with view permissions: spark; groups with view permissions: EMPTY; users with modify permissions: spark; groups with modify permissions: EMPTY
[2026-06-10T12:06:05.996+0000] {subprocess.py:93} INFO - 26/06/10 12:06:05 INFO Utils: Successfully started service 'sparkDriver' on port 36789.
[2026-06-10T12:06:06.230+0000] {subprocess.py:93} INFO - 26/06/10 12:06:06 INFO SparkEnv: Registering MapOutputTracker
[2026-06-10T12:06:06.486+0000] {subprocess.py:93} INFO - 26/06/10 12:06:06 INFO SparkEnv: Registering BlockManagerMaster
[2026-06-10T12:06:06.821+0000] {subprocess.py:93} INFO - 26/06/10 12:06:06 INFO BlockManagerMasterEndpoint: Using org.apache.spark.storage.DefaultTopologyMapper for getting topology information
[2026-06-10T12:06:06.824+0000] {subprocess.py:93} INFO - 26/06/10 12:06:06 INFO BlockManagerMasterEndpoint: BlockManagerMasterEndpoint up
[2026-06-10T12:06:06.853+0000] {subprocess.py:93} INFO - 26/06/10 12:06:06 INFO SparkEnv: Registering BlockManagerMasterHeartbeat
[2026-06-10T12:06:06.965+0000] {subprocess.py:93} INFO - 26/06/10 12:06:06 INFO DiskBlockManager: Created local directory at /tmp/blockmgr-37a23894-19a7-4818-84a4-8451e67a9f39
[2026-06-10T12:06:07.065+0000] {subprocess.py:93} INFO - 26/06/10 12:06:07 INFO MemoryStore: MemoryStore started with capacity 434.4 MiB
[2026-06-10T12:06:07.165+0000] {subprocess.py:93} INFO - 26/06/10 12:06:07 INFO SparkEnv: Registering OutputCommitCoordinator
[2026-06-10T12:06:07.754+0000] {subprocess.py:93} INFO - 26/06/10 12:06:07 INFO JettyUtils: Start Jetty 0.0.0.0:4040 for SparkUI
[2026-06-10T12:06:07.962+0000] {subprocess.py:93} INFO - 26/06/10 12:06:07 INFO Utils: Successfully started service 'SparkUI' on port 4040.
[2026-06-10T12:06:08.111+0000] {subprocess.py:93} INFO - 26/06/10 12:06:08 INFO SparkContext: Added JAR file:///opt/jars/delta-spark_2.12-3.2.0.jar at spark://05aff7faeae6:36789/jars/delta-spark_2.12-3.2.0.jar with timestamp 1781093163005
[2026-06-10T12:06:08.121+0000] {subprocess.py:93} INFO - 26/06/10 12:06:08 INFO SparkContext: Added JAR file:///opt/jars/delta-storage-3.2.0.jar at spark://05aff7faeae6:36789/jars/delta-storage-3.2.0.jar with timestamp 1781093163005
[2026-06-10T12:06:08.122+0000] {subprocess.py:93} INFO - 26/06/10 12:06:08 INFO SparkContext: Added JAR file:///opt/jars/spark-sql-kafka-0-10_2.12-3.5.1.jar at spark://05aff7faeae6:36789/jars/spark-sql-kafka-0-10_2.12-3.5.1.jar with timestamp 1781093163005
[2026-06-10T12:06:08.125+0000] {subprocess.py:93} INFO - 26/06/10 12:06:08 INFO SparkContext: Added JAR file:///opt/jars/kafka-clients-3.4.1.jar at spark://05aff7faeae6:36789/jars/kafka-clients-3.4.1.jar with timestamp 1781093163005
[2026-06-10T12:06:08.139+0000] {subprocess.py:93} INFO - 26/06/10 12:06:08 INFO SparkContext: Added JAR file:///opt/jars/spark-token-provider-kafka-0-10_2.12-3.5.1.jar at spark://05aff7faeae6:36789/jars/spark-token-provider-kafka-0-10_2.12-3.5.1.jar with timestamp 1781093163005
[2026-06-10T12:06:08.144+0000] {subprocess.py:93} INFO - 26/06/10 12:06:08 INFO SparkContext: Added JAR file:///opt/jars/commons-pool2-2.11.1.jar at spark://05aff7faeae6:36789/jars/commons-pool2-2.11.1.jar with timestamp 1781093163005
[2026-06-10T12:06:08.827+0000] {subprocess.py:93} INFO - 26/06/10 12:06:08 INFO StandaloneAppClient$ClientEndpoint: Connecting to master spark://sdp-spark-master:7077...
[2026-06-10T12:06:09.131+0000] {subprocess.py:93} INFO - 26/06/10 12:06:09 INFO TransportClientFactory: Successfully created connection to sdp-spark-master/172.18.0.4:7077 after 154 ms (0 ms spent in bootstraps)
[2026-06-10T12:06:09.960+0000] {subprocess.py:93} INFO - 26/06/10 12:06:09 INFO StandaloneSchedulerBackend: Connected to Spark cluster with app ID app-20260610120609-0069
[2026-06-10T12:06:10.009+0000] {subprocess.py:93} INFO - 26/06/10 12:06:10 INFO StandaloneAppClient$ClientEndpoint: Executor added: app-20260610120609-0069/0 on worker-20260608131402-172.18.0.5-38399 (172.18.0.5:38399) with 1 core(s)
[2026-06-10T12:06:10.071+0000] {subprocess.py:93} INFO - 26/06/10 12:06:10 INFO StandaloneSchedulerBackend: Granted executor ID app-20260610120609-0069/0 on hostPort 172.18.0.5:38399 with 1 core(s), 512.0 MiB RAM
[2026-06-10T12:06:10.086+0000] {subprocess.py:93} INFO - 26/06/10 12:06:10 INFO StandaloneAppClient$ClientEndpoint: Executor added: app-20260610120609-0069/1 on worker-20260608131402-172.18.0.5-38399 (172.18.0.5:38399) with 1 core(s)
[2026-06-10T12:06:10.093+0000] {subprocess.py:93} INFO - 26/06/10 12:06:10 INFO StandaloneSchedulerBackend: Granted executor ID app-20260610120609-0069/1 on hostPort 172.18.0.5:38399 with 1 core(s), 512.0 MiB RAM
[2026-06-10T12:06:10.109+0000] {subprocess.py:93} INFO - 26/06/10 12:06:10 INFO StandaloneAppClient$ClientEndpoint: Executor added: app-20260610120609-0069/2 on worker-20260608131402-172.18.0.6-44005 (172.18.0.6:44005) with 1 core(s)
[2026-06-10T12:06:10.119+0000] {subprocess.py:93} INFO - 26/06/10 12:06:10 INFO StandaloneSchedulerBackend: Granted executor ID app-20260610120609-0069/2 on hostPort 172.18.0.6:44005 with 1 core(s), 512.0 MiB RAM
[2026-06-10T12:06:10.174+0000] {subprocess.py:93} INFO - 26/06/10 12:06:10 INFO Utils: Successfully started service 'org.apache.spark.network.netty.NettyBlockTransferService' on port 34289.
[2026-06-10T12:06:10.176+0000] {subprocess.py:93} INFO - 26/06/10 12:06:10 INFO NettyBlockTransferService: Server created on 05aff7faeae6:34289
[2026-06-10T12:06:10.196+0000] {subprocess.py:93} INFO - 26/06/10 12:06:10 INFO BlockManager: Using org.apache.spark.storage.RandomBlockReplicationPolicy for block replication policy
[2026-06-10T12:06:10.293+0000] {subprocess.py:93} INFO - 26/06/10 12:06:10 INFO BlockManagerMaster: Registering BlockManager BlockManagerId(driver, 05aff7faeae6, 34289, None)
[2026-06-10T12:06:10.340+0000] {subprocess.py:93} INFO - 26/06/10 12:06:10 INFO BlockManagerMasterEndpoint: Registering block manager 05aff7faeae6:34289 with 434.4 MiB RAM, BlockManagerId(driver, 05aff7faeae6, 34289, None)
[2026-06-10T12:06:10.404+0000] {subprocess.py:93} INFO - 26/06/10 12:06:10 INFO BlockManagerMaster: Registered BlockManager BlockManagerId(driver, 05aff7faeae6, 34289, None)
[2026-06-10T12:06:10.420+0000] {subprocess.py:93} INFO - 26/06/10 12:06:10 INFO BlockManager: Initialized BlockManager: BlockManagerId(driver, 05aff7faeae6, 34289, None)
[2026-06-10T12:06:10.595+0000] {subprocess.py:93} INFO - 26/06/10 12:06:10 INFO StandaloneAppClient$ClientEndpoint: Executor updated: app-20260610120609-0069/0 is now RUNNING
[2026-06-10T12:06:10.609+0000] {subprocess.py:93} INFO - 26/06/10 12:06:10 INFO StandaloneAppClient$ClientEndpoint: Executor updated: app-20260610120609-0069/1 is now RUNNING
[2026-06-10T12:06:12.696+0000] {subprocess.py:93} INFO - 26/06/10 12:06:12 INFO StandaloneAppClient$ClientEndpoint: Executor updated: app-20260610120609-0069/2 is now RUNNING
[2026-06-10T12:06:14.848+0000] {subprocess.py:93} INFO - 26/06/10 12:06:14 INFO StandaloneSchedulerBackend: SchedulerBackend is ready for scheduling beginning after reached minRegisteredResourcesRatio: 0.0
[2026-06-10T12:06:17.896+0000] {subprocess.py:93} INFO - Starting stream: orders -> /opt/data/bronze/orders
[2026-06-10T12:07:43.211+0000] {subprocess.py:97} INFO - Command exited with return code 124
[2026-06-10T12:07:43.238+0000] {taskinstance.py:441} INFO - ::group::Post task execution logs
[2026-06-10T12:07:43.423+0000] {taskinstance.py:2890} ERROR - Task failed with exception
Traceback (most recent call last):
  File "/home/airflow/.local/lib/python3.12/site-packages/airflow/models/taskinstance.py", line 465, in _execute_task
    result = _execute_callable(context=context, **execute_callable_kwargs)
             ^^^^^^^^^^^^^^^^^^^^^^^^^^^^^^^^^^^^^^^^^^^^^^^^^^^^^^^^^^^^^
  File "/home/airflow/.local/lib/python3.12/site-packages/airflow/models/taskinstance.py", line 432, in _execute_callable
    return execute_callable(context=context, **execute_callable_kwargs)
           ^^^^^^^^^^^^^^^^^^^^^^^^^^^^^^^^^^^^^^^^^^^^^^^^^^^^^^^^^^^^
  File "/home/airflow/.local/lib/python3.12/site-packages/airflow/models/baseoperator.py", line 400, in wrapper
    return func(self, *args, **kwargs)
           ^^^^^^^^^^^^^^^^^^^^^^^^^^^
  File "/home/airflow/.local/lib/python3.12/site-packages/airflow/operators/bash.py", line 243, in execute
    raise AirflowException(
airflow.exceptions.AirflowException: Bash command failed. The command returned a non-zero exit code 124.
[2026-06-10T12:07:43.462+0000] {taskinstance.py:1205} INFO - Marking task as UP_FOR_RETRY. dag_id=e-commerce_kafka_streaming_pipeline_v10, task_id=run_bronze, execution_date=20260610T070000, start_date=20260610T120538, end_date=20260610T120743
[2026-06-10T12:07:43.594+0000] {standard_task_runner.py:110} ERROR - Failed to execute job 145 for task run_bronze (Bash command failed. The command returned a non-zero exit code 124.; 7381)
[2026-06-10T12:07:43.670+0000] {local_task_job_runner.py:240} INFO - Task exited with return code 1
[2026-06-10T12:07:43.838+0000] {taskinstance.py:3482} INFO - 0 downstream tasks scheduled from follow-on schedule check
[2026-06-10T12:07:43.867+0000] {local_task_job_runner.py:222} INFO - ::endgroup::
