[2026-06-16T12:00:06.407+0000] {local_task_job_runner.py:120} INFO - ::group::Pre task execution logs
[2026-06-16T12:00:06.456+0000] {taskinstance.py:2073} INFO - Dependencies all met for dep_context=non-requeueable deps ti=<TaskInstance: e-commerce_kafka_streaming_pipeline_v10.run_bronze scheduled__2026-06-16T11:00:00+00:00 [queued]>
[2026-06-16T12:00:06.470+0000] {taskinstance.py:2073} INFO - Dependencies all met for dep_context=requeueable deps ti=<TaskInstance: e-commerce_kafka_streaming_pipeline_v10.run_bronze scheduled__2026-06-16T11:00:00+00:00 [queued]>
[2026-06-16T12:00:06.471+0000] {taskinstance.py:2303} INFO - Starting attempt 1 of 2
[2026-06-16T12:00:06.491+0000] {taskinstance.py:2327} INFO - Executing <Task(BashOperator): run_bronze> on 2026-06-16 11:00:00+00:00
[2026-06-16T12:00:06.504+0000] {standard_task_runner.py:90} INFO - Running: ['***', 'tasks', 'run', 'e-commerce_kafka_streaming_pipeline_v10', 'run_bronze', 'scheduled__2026-06-16T11:00:00+00:00', '--job-id', '14', '--raw', '--subdir', 'DAGS_FOLDER/sdp_pipeline_dag.py', '--cfg-path', '/tmp/tmpr5_n8g1o']
[2026-06-16T12:00:06.509+0000] {standard_task_runner.py:91} INFO - Job 14: Subtask run_bronze
[2026-06-16T12:00:06.510+0000] {logging_mixin.py:188} WARNING - /home/***/.local/lib/python3.12/site-packages/***/task/task_runner/standard_task_runner.py:61 DeprecationWarning: This process (pid=666) is multi-threaded, use of fork() may lead to deadlocks in the child.
[2026-06-16T12:00:06.512+0000] {standard_task_runner.py:63} INFO - Started process 667 to run task
[2026-06-16T12:00:06.596+0000] {task_command.py:426} INFO - Running <TaskInstance: e-commerce_kafka_streaming_pipeline_v10.run_bronze scheduled__2026-06-16T11:00:00+00:00 [running]> on host c5880b5b3b6f
[2026-06-16T12:00:06.724+0000] {taskinstance.py:2644} INFO - Exporting env vars: AIRFLOW_CTX_DAG_OWNER='dev' AIRFLOW_CTX_DAG_ID='e-commerce_kafka_streaming_pipeline_v10' AIRFLOW_CTX_TASK_ID='run_bronze' AIRFLOW_CTX_EXECUTION_DATE='2026-06-16T11:00:00+00:00' AIRFLOW_CTX_TRY_NUMBER='1' AIRFLOW_CTX_DAG_RUN_ID='scheduled__2026-06-16T11:00:00+00:00'
[2026-06-16T12:00:06.726+0000] {taskinstance.py:430} INFO - ::endgroup::
[2026-06-16T12:00:06.748+0000] {subprocess.py:63} INFO - Tmp dir root location: /tmp
[2026-06-16T12:00:06.751+0000] {subprocess.py:75} INFO - Running command: ['/usr/bin/bash', '-c', 'timeout 120s docker run --rm --network streaming_kafka_project_sdp-net --volume /d/Streaming_kafka_project/pipelines:/opt/pipelines --volume /d/Streaming_kafka_project/data:/opt/data --volume /d/Streaming_kafka_project/checkpoints:/opt/checkpoints --volume /d/Streaming_kafka_project/jars:/opt/jars apache/spark:3.5.1 /opt/spark/bin/spark-submit --master spark://sdp-spark-master:7077 --executor-cores 1 --executor-memory 512m --total-executor-cores 3 --jars /opt/jars/delta-spark_2.12-3.2.0.jar,/opt/jars/delta-storage-3.2.0.jar,/opt/jars/spark-sql-kafka-0-10_2.12-3.5.1.jar,/opt/jars/kafka-clients-3.4.1.jar,/opt/jars/spark-token-provider-kafka-0-10_2.12-3.5.1.jar,/opt/jars/commons-pool2-2.11.1.jar --conf spark.sql.extensions=io.delta.sql.DeltaSparkSessionExtension --conf spark.sql.catalog.spark_catalog=org.apache.spark.sql.delta.catalog.DeltaCatalog  /opt/pipelines/bronze_runner.py']
[2026-06-16T12:00:06.764+0000] {subprocess.py:86} INFO - Output:
[2026-06-16T12:00:10.762+0000] {subprocess.py:93} INFO - 26/06/16 12:00:10 WARN NativeCodeLoader: Unable to load native-hadoop library for your platform... using builtin-java classes where applicable
[2026-06-16T12:00:12.234+0000] {subprocess.py:93} INFO - 26/06/16 12:00:12 INFO SparkContext: Running Spark version 3.5.1
[2026-06-16T12:00:12.236+0000] {subprocess.py:93} INFO - 26/06/16 12:00:12 INFO SparkContext: OS info Linux, 6.6.114.1-microsoft-standard-WSL2, amd64
[2026-06-16T12:00:12.237+0000] {subprocess.py:93} INFO - 26/06/16 12:00:12 INFO SparkContext: Java version 11.0.22
[2026-06-16T12:00:12.323+0000] {subprocess.py:93} INFO - 26/06/16 12:00:12 INFO ResourceUtils: ==============================================================
[2026-06-16T12:00:12.325+0000] {subprocess.py:93} INFO - 26/06/16 12:00:12 INFO ResourceUtils: No custom resources configured for spark.driver.
[2026-06-16T12:00:12.326+0000] {subprocess.py:93} INFO - 26/06/16 12:00:12 INFO ResourceUtils: ==============================================================
[2026-06-16T12:00:12.328+0000] {subprocess.py:93} INFO - 26/06/16 12:00:12 INFO SparkContext: Submitted application: SDP-Bronze
[2026-06-16T12:00:12.367+0000] {subprocess.py:93} INFO - 26/06/16 12:00:12 INFO ResourceProfile: Default ResourceProfile created, executor resources: Map(cores -> name: cores, amount: 1, script: , vendor: , memory -> name: memory, amount: 512, script: , vendor: , offHeap -> name: offHeap, amount: 0, script: , vendor: ), task resources: Map(cpus -> name: cpus, amount: 1.0)
[2026-06-16T12:00:12.393+0000] {subprocess.py:93} INFO - 26/06/16 12:00:12 INFO ResourceProfile: Limiting resource is cpus at 1 tasks per executor
[2026-06-16T12:00:12.404+0000] {subprocess.py:93} INFO - 26/06/16 12:00:12 INFO ResourceProfileManager: Added ResourceProfile id: 0
[2026-06-16T12:00:12.486+0000] {subprocess.py:93} INFO - 26/06/16 12:00:12 INFO SecurityManager: Changing view acls to: spark
[2026-06-16T12:00:12.488+0000] {subprocess.py:93} INFO - 26/06/16 12:00:12 INFO SecurityManager: Changing modify acls to: spark
[2026-06-16T12:00:12.490+0000] {subprocess.py:93} INFO - 26/06/16 12:00:12 INFO SecurityManager: Changing view acls groups to:
[2026-06-16T12:00:12.492+0000] {subprocess.py:93} INFO - 26/06/16 12:00:12 INFO SecurityManager: Changing modify acls groups to:
[2026-06-16T12:00:12.493+0000] {subprocess.py:93} INFO - 26/06/16 12:00:12 INFO SecurityManager: SecurityManager: authentication disabled; ui acls disabled; users with view permissions: spark; groups with view permissions: EMPTY; users with modify permissions: spark; groups with modify permissions: EMPTY
[2026-06-16T12:00:12.880+0000] {subprocess.py:93} INFO - 26/06/16 12:00:12 INFO Utils: Successfully started service 'sparkDriver' on port 38935.
[2026-06-16T12:00:12.941+0000] {subprocess.py:93} INFO - 26/06/16 12:00:12 INFO SparkEnv: Registering MapOutputTracker
[2026-06-16T12:00:13.017+0000] {subprocess.py:93} INFO - 26/06/16 12:00:13 INFO SparkEnv: Registering BlockManagerMaster
[2026-06-16T12:00:13.082+0000] {subprocess.py:93} INFO - 26/06/16 12:00:13 INFO BlockManagerMasterEndpoint: Using org.apache.spark.storage.DefaultTopologyMapper for getting topology information
[2026-06-16T12:00:13.085+0000] {subprocess.py:93} INFO - 26/06/16 12:00:13 INFO BlockManagerMasterEndpoint: BlockManagerMasterEndpoint up
[2026-06-16T12:00:13.093+0000] {subprocess.py:93} INFO - 26/06/16 12:00:13 INFO SparkEnv: Registering BlockManagerMasterHeartbeat
[2026-06-16T12:00:13.134+0000] {subprocess.py:93} INFO - 26/06/16 12:00:13 INFO DiskBlockManager: Created local directory at /tmp/blockmgr-0f4c3735-519f-4fa1-ae41-26c1e902f03f
[2026-06-16T12:00:13.160+0000] {subprocess.py:93} INFO - 26/06/16 12:00:13 INFO MemoryStore: MemoryStore started with capacity 434.4 MiB
[2026-06-16T12:00:13.194+0000] {subprocess.py:93} INFO - 26/06/16 12:00:13 INFO SparkEnv: Registering OutputCommitCoordinator
[2026-06-16T12:00:13.485+0000] {subprocess.py:93} INFO - 26/06/16 12:00:13 INFO JettyUtils: Start Jetty 0.0.0.0:4040 for SparkUI
[2026-06-16T12:00:13.573+0000] {subprocess.py:93} INFO - 26/06/16 12:00:13 INFO Utils: Successfully started service 'SparkUI' on port 4040.
[2026-06-16T12:00:13.635+0000] {subprocess.py:93} INFO - 26/06/16 12:00:13 INFO SparkContext: Added JAR file:///opt/jars/delta-spark_2.12-3.2.0.jar at spark://e82ed68d725b:38935/jars/delta-spark_2.12-3.2.0.jar with timestamp 1781611212200
[2026-06-16T12:00:13.637+0000] {subprocess.py:93} INFO - 26/06/16 12:00:13 INFO SparkContext: Added JAR file:///opt/jars/delta-storage-3.2.0.jar at spark://e82ed68d725b:38935/jars/delta-storage-3.2.0.jar with timestamp 1781611212200
[2026-06-16T12:00:13.639+0000] {subprocess.py:93} INFO - 26/06/16 12:00:13 INFO SparkContext: Added JAR file:///opt/jars/spark-sql-kafka-0-10_2.12-3.5.1.jar at spark://e82ed68d725b:38935/jars/spark-sql-kafka-0-10_2.12-3.5.1.jar with timestamp 1781611212200
[2026-06-16T12:00:13.641+0000] {subprocess.py:93} INFO - 26/06/16 12:00:13 INFO SparkContext: Added JAR file:///opt/jars/kafka-clients-3.4.1.jar at spark://e82ed68d725b:38935/jars/kafka-clients-3.4.1.jar with timestamp 1781611212200
[2026-06-16T12:00:13.642+0000] {subprocess.py:93} INFO - 26/06/16 12:00:13 INFO SparkContext: Added JAR file:///opt/jars/spark-token-provider-kafka-0-10_2.12-3.5.1.jar at spark://e82ed68d725b:38935/jars/spark-token-provider-kafka-0-10_2.12-3.5.1.jar with timestamp 1781611212200
[2026-06-16T12:00:13.643+0000] {subprocess.py:93} INFO - 26/06/16 12:00:13 INFO SparkContext: Added JAR file:///opt/jars/commons-pool2-2.11.1.jar at spark://e82ed68d725b:38935/jars/commons-pool2-2.11.1.jar with timestamp 1781611212200
[2026-06-16T12:00:13.778+0000] {subprocess.py:93} INFO - 26/06/16 12:00:13 INFO StandaloneAppClient$ClientEndpoint: Connecting to master spark://sdp-spark-master:7077...
[2026-06-16T12:00:13.859+0000] {subprocess.py:93} INFO - 26/06/16 12:00:13 INFO TransportClientFactory: Successfully created connection to sdp-spark-master/172.18.0.3:7077 after 50 ms (0 ms spent in bootstraps)
[2026-06-16T12:00:14.015+0000] {subprocess.py:93} INFO - 26/06/16 12:00:14 INFO StandaloneSchedulerBackend: Connected to Spark cluster with app ID app-20260616120013-0006
[2026-06-16T12:00:14.042+0000] {subprocess.py:93} INFO - 26/06/16 12:00:14 INFO StandaloneAppClient$ClientEndpoint: Executor added: app-20260616120013-0006/0 on worker-20260616111838-172.18.0.5-35429 (172.18.0.5:35429) with 1 core(s)
[2026-06-16T12:00:14.057+0000] {subprocess.py:93} INFO - 26/06/16 12:00:14 INFO StandaloneSchedulerBackend: Granted executor ID app-20260616120013-0006/0 on hostPort 172.18.0.5:35429 with 1 core(s), 512.0 MiB RAM
[2026-06-16T12:00:14.073+0000] {subprocess.py:93} INFO - 26/06/16 12:00:14 INFO StandaloneAppClient$ClientEndpoint: Executor added: app-20260616120013-0006/1 on worker-20260616111838-172.18.0.5-35429 (172.18.0.5:35429) with 1 core(s)
[2026-06-16T12:00:14.077+0000] {subprocess.py:93} INFO - 26/06/16 12:00:14 INFO StandaloneSchedulerBackend: Granted executor ID app-20260616120013-0006/1 on hostPort 172.18.0.5:35429 with 1 core(s), 512.0 MiB RAM
[2026-06-16T12:00:14.084+0000] {subprocess.py:93} INFO - 26/06/16 12:00:14 INFO StandaloneAppClient$ClientEndpoint: Executor added: app-20260616120013-0006/2 on worker-20260616111838-172.18.0.6-45657 (172.18.0.6:45657) with 1 core(s)
[2026-06-16T12:00:14.088+0000] {subprocess.py:93} INFO - 26/06/16 12:00:14 INFO StandaloneSchedulerBackend: Granted executor ID app-20260616120013-0006/2 on hostPort 172.18.0.6:45657 with 1 core(s), 512.0 MiB RAM
[2026-06-16T12:00:14.121+0000] {subprocess.py:93} INFO - 26/06/16 12:00:14 INFO Utils: Successfully started service 'org.apache.spark.network.netty.NettyBlockTransferService' on port 45291.
[2026-06-16T12:00:14.127+0000] {subprocess.py:93} INFO - 26/06/16 12:00:14 INFO NettyBlockTransferService: Server created on e82ed68d725b:45291
[2026-06-16T12:00:14.152+0000] {subprocess.py:93} INFO - 26/06/16 12:00:14 INFO BlockManager: Using org.apache.spark.storage.RandomBlockReplicationPolicy for block replication policy
[2026-06-16T12:00:14.260+0000] {subprocess.py:93} INFO - 26/06/16 12:00:14 INFO BlockManagerMaster: Registering BlockManager BlockManagerId(driver, e82ed68d725b, 45291, None)
[2026-06-16T12:00:14.286+0000] {subprocess.py:93} INFO - 26/06/16 12:00:14 INFO BlockManagerMasterEndpoint: Registering block manager e82ed68d725b:45291 with 434.4 MiB RAM, BlockManagerId(driver, e82ed68d725b, 45291, None)
[2026-06-16T12:00:14.294+0000] {subprocess.py:93} INFO - 26/06/16 12:00:14 INFO StandaloneAppClient$ClientEndpoint: Executor updated: app-20260616120013-0006/0 is now RUNNING
[2026-06-16T12:00:14.298+0000] {subprocess.py:93} INFO - 26/06/16 12:00:14 INFO StandaloneAppClient$ClientEndpoint: Executor updated: app-20260616120013-0006/2 is now RUNNING
[2026-06-16T12:00:14.318+0000] {subprocess.py:93} INFO - 26/06/16 12:00:14 INFO BlockManagerMaster: Registered BlockManager BlockManagerId(driver, e82ed68d725b, 45291, None)
[2026-06-16T12:00:14.320+0000] {subprocess.py:93} INFO - 26/06/16 12:00:14 INFO StandaloneAppClient$ClientEndpoint: Executor updated: app-20260616120013-0006/1 is now RUNNING
[2026-06-16T12:00:14.324+0000] {subprocess.py:93} INFO - 26/06/16 12:00:14 INFO BlockManager: Initialized BlockManager: BlockManagerId(driver, e82ed68d725b, 45291, None)
[2026-06-16T12:00:15.080+0000] {subprocess.py:93} INFO - 26/06/16 12:00:15 INFO StandaloneSchedulerBackend: SchedulerBackend is ready for scheduling beginning after reached minRegisteredResourcesRatio: 0.0
[2026-06-16T12:00:15.882+0000] {subprocess.py:93} INFO - Starting stream: orders -> /opt/data/bronze/orders
[2026-06-16T12:00:48.642+0000] {subprocess.py:93} INFO - 26/06/16 12:00:48 WARN ResolveWriteToStream: spark.sql.adaptive.enabled is not supported in streaming DataFrames/Datasets and will be disabled.
[2026-06-16T12:00:48.908+0000] {subprocess.py:93} INFO - Starting stream: customers -> /opt/data/bronze/customers
[2026-06-16T12:00:52.241+0000] {subprocess.py:93} INFO - 26/06/16 12:00:52 WARN AdminClientConfig: These configurations '[key.deserializer, value.deserializer, enable.auto.commit, max.poll.records, auto.offset.reset]' were supplied but are not used yet.
[2026-06-16T12:00:52.694+0000] {subprocess.py:93} INFO - 26/06/16 12:00:52 WARN ResolveWriteToStream: spark.sql.adaptive.enabled is not supported in streaming DataFrames/Datasets and will be disabled.
[2026-06-16T12:00:52.764+0000] {subprocess.py:93} INFO - Starting stream: products -> /opt/data/bronze/products
[2026-06-16T12:00:55.982+0000] {subprocess.py:93} INFO - 26/06/16 12:00:55 WARN ResolveWriteToStream: spark.sql.adaptive.enabled is not supported in streaming DataFrames/Datasets and will be disabled.
[2026-06-16T12:00:58.479+0000] {subprocess.py:93} INFO - 26/06/16 12:00:58 WARN AdminClientConfig: These configurations '[key.deserializer, value.deserializer, enable.auto.commit, max.poll.records, auto.offset.reset]' were supplied but are not used yet.
[2026-06-16T12:01:00.672+0000] {subprocess.py:93} INFO - 26/06/16 12:01:00 WARN SparkStringUtils: Truncated the string representation of a plan since it was too large. This behavior can be adjusted by setting 'spark.sql.debug.maxToStringFields'.
[2026-06-16T12:42:30.519+0000] {local_task_job_runner.py:214} ERROR - Heartbeat time limit exceeded!
[2026-06-16T12:42:30.627+0000] {local_task_job_runner.py:222} INFO - ::endgroup::
[2026-06-16T12:42:31.096+0000] {process_utils.py:132} INFO - Sending 15 to group 667. PIDs of all processes in the group: [668, 669, 667]
[2026-06-16T12:42:32.833+0000] {process_utils.py:87} INFO - Sending the signal 15 to group 667
[2026-06-16T12:42:32.912+0000] {taskinstance.py:2607} ERROR - Received SIGTERM. Terminating subprocesses.
[2026-06-16T12:42:32.939+0000] {subprocess.py:104} INFO - Sending SIGTERM signal to process group
[2026-06-16T12:42:33.020+0000] {taskinstance.py:441} INFO - ::group::Post task execution logs
[2026-06-16T12:42:33.512+0000] {taskinstance.py:2890} ERROR - Task failed with exception
Traceback (most recent call last):
  File "/home/airflow/.local/lib/python3.12/site-packages/airflow/models/taskinstance.py", line 465, in _execute_task
    result = _execute_callable(context=context, **execute_callable_kwargs)
             ^^^^^^^^^^^^^^^^^^^^^^^^^^^^^^^^^^^^^^^^^^^^^^^^^^^^^^^^^^^^^
  File "/home/airflow/.local/lib/python3.12/site-packages/airflow/models/taskinstance.py", line 432, in _execute_callable
    return execute_callable(context=context, **execute_callable_kwargs)
           ^^^^^^^^^^^^^^^^^^^^^^^^^^^^^^^^^^^^^^^^^^^^^^^^^^^^^^^^^^^^
  File "/home/airflow/.local/lib/python3.12/site-packages/airflow/models/baseoperator.py", line 400, in wrapper
    return func(self, *args, **kwargs)
           ^^^^^^^^^^^^^^^^^^^^^^^^^^^
  File "/home/airflow/.local/lib/python3.12/site-packages/airflow/operators/bash.py", line 234, in execute
    result = self.subprocess_hook.run_command(
             ^^^^^^^^^^^^^^^^^^^^^^^^^^^^^^^^^
  File "/home/airflow/.local/lib/python3.12/site-packages/airflow/hooks/subprocess.py", line 91, in run_command
    for raw_line in iter(self.sub_process.stdout.readline, b""):
  File "/home/airflow/.local/lib/python3.12/site-packages/airflow/models/taskinstance.py", line 2609, in signal_handler
    raise AirflowTaskTerminated("Task received SIGTERM signal")
airflow.exceptions.AirflowTaskTerminated: Task received SIGTERM signal
[2026-06-16T12:42:33.797+0000] {taskinstance.py:1205} INFO - Marking task as UP_FOR_RETRY. dag_id=e-commerce_kafka_streaming_pipeline_v10, task_id=run_bronze, execution_date=20260616T110000, start_date=20260616T120006, end_date=20260616T124233
[2026-06-16T12:42:35.088+0000] {process_utils.py:80} INFO - Process psutil.Process(pid=667, status='terminated', exitcode=2, started='12:00:05') (667) terminated with exit code 2
[2026-06-16T12:42:37.332+0000] {process_utils.py:80} INFO - Process psutil.Process(pid=668, status='terminated', started='12:00:05') (668) terminated with exit code None
[2026-06-16T12:42:37.335+0000] {process_utils.py:80} INFO - Process psutil.Process(pid=669, status='terminated', started='12:00:05') (669) terminated with exit code None
