[2026-06-08T09:05:14.922+0000] {local_task_job_runner.py:120} INFO - ::group::Pre task execution logs
[2026-06-08T09:05:14.978+0000] {taskinstance.py:2073} INFO - Dependencies all met for dep_context=non-requeueable deps ti=<TaskInstance: e-commerce_kafka_streaming_pipeline_v9.wait_for_bronze manual__2026-06-08T09:05:06.566461+00:00 [queued]>
[2026-06-08T09:05:14.993+0000] {taskinstance.py:2073} INFO - Dependencies all met for dep_context=requeueable deps ti=<TaskInstance: e-commerce_kafka_streaming_pipeline_v9.wait_for_bronze manual__2026-06-08T09:05:06.566461+00:00 [queued]>
[2026-06-08T09:05:14.994+0000] {taskinstance.py:2303} INFO - Starting attempt 1 of 2
[2026-06-08T09:05:15.013+0000] {taskinstance.py:2327} INFO - Executing <Task(FileSensor): wait_for_bronze> on 2026-06-08 09:05:06.566461+00:00
[2026-06-08T09:05:15.026+0000] {standard_task_runner.py:90} INFO - Running: ['***', 'tasks', 'run', 'e-commerce_kafka_streaming_pipeline_v9', 'wait_for_bronze', 'manual__2026-06-08T09:05:06.566461+00:00', '--job-id', '27', '--raw', '--subdir', 'DAGS_FOLDER/sdp_pipeline_dag.py', '--cfg-path', '/tmp/tmprh_aezec']
[2026-06-08T09:05:15.031+0000] {standard_task_runner.py:91} INFO - Job 27: Subtask wait_for_bronze
[2026-06-08T09:05:15.033+0000] {logging_mixin.py:188} WARNING - /home/***/.local/lib/python3.12/site-packages/***/task/task_runner/standard_task_runner.py:61 DeprecationWarning: This process (pid=888) is multi-threaded, use of fork() may lead to deadlocks in the child.
[2026-06-08T09:05:15.034+0000] {standard_task_runner.py:63} INFO - Started process 889 to run task
[2026-06-08T09:05:15.141+0000] {task_command.py:426} INFO - Running <TaskInstance: e-commerce_kafka_streaming_pipeline_v9.wait_for_bronze manual__2026-06-08T09:05:06.566461+00:00 [running]> on host ae98d7ab7c5e
[2026-06-08T09:05:15.291+0000] {taskinstance.py:2644} INFO - Exporting env vars: AIRFLOW_CTX_DAG_OWNER='dev' AIRFLOW_CTX_DAG_ID='e-commerce_kafka_streaming_pipeline_v9' AIRFLOW_CTX_TASK_ID='wait_for_bronze' AIRFLOW_CTX_EXECUTION_DATE='2026-06-08T09:05:06.566461+00:00' AIRFLOW_CTX_TRY_NUMBER='1' AIRFLOW_CTX_DAG_RUN_ID='manual__2026-06-08T09:05:06.566461+00:00'
[2026-06-08T09:05:15.293+0000] {taskinstance.py:430} INFO - ::endgroup::
[2026-06-08T09:05:15.325+0000] {baseoperator.py:399} WARNING - FileSensor.execute cannot be called outside TaskInstance!
[2026-06-08T09:05:15.339+0000] {base.py:84} INFO - Using connection ID 'fs_default' for task execution.
[2026-06-08T09:05:15.341+0000] {filesystem.py:85} INFO - Poking for file /opt/data/bronze/orders
[2026-06-08T09:05:30.344+0000] {filesystem.py:85} INFO - Poking for file /opt/data/bronze/orders
[2026-06-08T09:05:45.344+0000] {filesystem.py:85} INFO - Poking for file /opt/data/bronze/orders
[2026-06-08T09:06:00.347+0000] {filesystem.py:85} INFO - Poking for file /opt/data/bronze/orders
[2026-06-08T09:06:15.346+0000] {filesystem.py:85} INFO - Poking for file /opt/data/bronze/orders
[2026-06-08T09:06:30.349+0000] {filesystem.py:85} INFO - Poking for file /opt/data/bronze/orders
[2026-06-08T09:06:45.360+0000] {filesystem.py:85} INFO - Poking for file /opt/data/bronze/orders
[2026-06-08T09:07:00.364+0000] {filesystem.py:85} INFO - Poking for file /opt/data/bronze/orders
[2026-06-08T09:07:15.363+0000] {filesystem.py:85} INFO - Poking for file /opt/data/bronze/orders
[2026-06-08T09:07:30.365+0000] {filesystem.py:85} INFO - Poking for file /opt/data/bronze/orders
[2026-06-08T09:07:45.467+0000] {filesystem.py:85} INFO - Poking for file /opt/data/bronze/orders
[2026-06-08T09:08:00.471+0000] {filesystem.py:85} INFO - Poking for file /opt/data/bronze/orders
[2026-06-08T09:08:15.468+0000] {filesystem.py:85} INFO - Poking for file /opt/data/bronze/orders
[2026-06-08T09:08:30.477+0000] {filesystem.py:85} INFO - Poking for file /opt/data/bronze/orders
[2026-06-08T09:08:45.476+0000] {filesystem.py:85} INFO - Poking for file /opt/data/bronze/orders
[2026-06-08T09:09:00.478+0000] {filesystem.py:85} INFO - Poking for file /opt/data/bronze/orders
[2026-06-08T09:09:15.477+0000] {filesystem.py:85} INFO - Poking for file /opt/data/bronze/orders
[2026-06-08T09:09:30.485+0000] {filesystem.py:85} INFO - Poking for file /opt/data/bronze/orders
[2026-06-08T09:09:45.482+0000] {filesystem.py:85} INFO - Poking for file /opt/data/bronze/orders
[2026-06-08T09:10:00.489+0000] {filesystem.py:85} INFO - Poking for file /opt/data/bronze/orders
[2026-06-08T09:10:15.494+0000] {filesystem.py:85} INFO - Poking for file /opt/data/bronze/orders
[2026-06-08T09:10:15.498+0000] {taskinstance.py:441} INFO - ::group::Post task execution logs
[2026-06-08T09:10:15.499+0000] {taskinstance.py:2890} ERROR - Task failed with exception
Traceback (most recent call last):
  File "/home/airflow/.local/lib/python3.12/site-packages/airflow/models/taskinstance.py", line 465, in _execute_task
    result = _execute_callable(context=context, **execute_callable_kwargs)
             ^^^^^^^^^^^^^^^^^^^^^^^^^^^^^^^^^^^^^^^^^^^^^^^^^^^^^^^^^^^^^
  File "/home/airflow/.local/lib/python3.12/site-packages/airflow/models/taskinstance.py", line 432, in _execute_callable
    return execute_callable(context=context, **execute_callable_kwargs)
           ^^^^^^^^^^^^^^^^^^^^^^^^^^^^^^^^^^^^^^^^^^^^^^^^^^^^^^^^^^^^
  File "/home/airflow/.local/lib/python3.12/site-packages/airflow/models/baseoperator.py", line 400, in wrapper
    return func(self, *args, **kwargs)
           ^^^^^^^^^^^^^^^^^^^^^^^^^^^
  File "/home/airflow/.local/lib/python3.12/site-packages/airflow/sensors/filesystem.py", line 99, in execute
    super().execute(context=context)
  File "/home/airflow/.local/lib/python3.12/site-packages/airflow/models/baseoperator.py", line 400, in wrapper
    return func(self, *args, **kwargs)
           ^^^^^^^^^^^^^^^^^^^^^^^^^^^
  File "/home/airflow/.local/lib/python3.12/site-packages/airflow/sensors/base.py", line 281, in execute
    raise AirflowSensorTimeout(message)
airflow.exceptions.AirflowSensorTimeout: Sensor has timed out; run duration of 300.22241063599995 seconds exceeds the specified timeout of 300.0.
[2026-06-08T09:10:15.515+0000] {taskinstance.py:1205} INFO - Immediate failure requested. Marking task as FAILED. dag_id=e-commerce_kafka_streaming_pipeline_v9, task_id=wait_for_bronze, execution_date=20260608T090506, start_date=20260608T090514, end_date=20260608T091015
[2026-06-08T09:10:15.539+0000] {standard_task_runner.py:110} ERROR - Failed to execute job 27 for task wait_for_bronze (Sensor has timed out; run duration of 300.22241063599995 seconds exceeds the specified timeout of 300.0.; 889)
[2026-06-08T09:10:15.563+0000] {local_task_job_runner.py:240} INFO - Task exited with return code 1
[2026-06-08T09:10:15.604+0000] {taskinstance.py:3482} INFO - 0 downstream tasks scheduled from follow-on schedule check
[2026-06-08T09:10:15.611+0000] {local_task_job_runner.py:222} INFO - ::endgroup::
