[2026-07-21T09:02:04.209+0000] {local_task_job_runner.py:120} INFO - ::group::Pre task execution logs
[2026-07-21T09:02:04.242+0000] {taskinstance.py:2073} INFO - Dependencies all met for dep_context=non-requeueable deps ti=<TaskInstance: e-commerce_kafka_streaming_pipeline_v1.wait_for_bronze scheduled__2026-07-21T08:00:00+00:00 [queued]>
[2026-07-21T09:02:04.253+0000] {taskinstance.py:2073} INFO - Dependencies all met for dep_context=requeueable deps ti=<TaskInstance: e-commerce_kafka_streaming_pipeline_v1.wait_for_bronze scheduled__2026-07-21T08:00:00+00:00 [queued]>
[2026-07-21T09:02:04.255+0000] {taskinstance.py:2303} INFO - Starting attempt 1 of 2
[2026-07-21T09:02:04.273+0000] {taskinstance.py:2327} INFO - Executing <Task(FileSensor): wait_for_bronze> on 2026-07-21 08:00:00+00:00
[2026-07-21T09:02:04.289+0000] {standard_task_runner.py:90} INFO - Running: ['***', 'tasks', 'run', 'e-commerce_kafka_streaming_pipeline_v1', 'wait_for_bronze', 'scheduled__2026-07-21T08:00:00+00:00', '--job-id', '287', '--raw', '--subdir', 'DAGS_FOLDER/sdp_pipeline_dag.py', '--cfg-path', '/tmp/tmpllf2uhnl']
[2026-07-21T09:02:04.294+0000] {standard_task_runner.py:91} INFO - Job 287: Subtask wait_for_bronze
[2026-07-21T09:02:04.307+0000] {logging_mixin.py:188} WARNING - /home/***/.local/lib/python3.12/site-packages/***/task/task_runner/standard_task_runner.py:61 DeprecationWarning: This process (pid=14007) is multi-threaded, use of fork() may lead to deadlocks in the child.
[2026-07-21T09:02:04.308+0000] {standard_task_runner.py:63} INFO - Started process 14008 to run task
[2026-07-21T09:02:04.385+0000] {task_command.py:426} INFO - Running <TaskInstance: e-commerce_kafka_streaming_pipeline_v1.wait_for_bronze scheduled__2026-07-21T08:00:00+00:00 [running]> on host da27550080bf
[2026-07-21T09:02:04.506+0000] {taskinstance.py:2644} INFO - Exporting env vars: AIRFLOW_CTX_DAG_OWNER='dev' AIRFLOW_CTX_DAG_ID='e-commerce_kafka_streaming_pipeline_v1' AIRFLOW_CTX_TASK_ID='wait_for_bronze' AIRFLOW_CTX_EXECUTION_DATE='2026-07-21T08:00:00+00:00' AIRFLOW_CTX_TRY_NUMBER='1' AIRFLOW_CTX_DAG_RUN_ID='scheduled__2026-07-21T08:00:00+00:00'
[2026-07-21T09:02:04.508+0000] {taskinstance.py:430} INFO - ::endgroup::
[2026-07-21T09:02:04.524+0000] {baseoperator.py:399} WARNING - FileSensor.execute cannot be called outside TaskInstance!
[2026-07-21T09:02:04.536+0000] {base.py:84} INFO - Using connection ID 'fs_default' for task execution.
[2026-07-21T09:02:04.538+0000] {filesystem.py:85} INFO - Poking for file /opt/data/bronze/orders
[2026-07-21T09:02:04.547+0000] {base.py:294} INFO - Success criteria met. Exiting.
[2026-07-21T09:02:04.549+0000] {filesystem.py:85} INFO - Poking for file /opt/data/bronze/orders
[2026-07-21T09:02:04.559+0000] {taskinstance.py:441} INFO - ::group::Post task execution logs
[2026-07-21T09:02:04.569+0000] {taskinstance.py:1205} INFO - Marking task as SUCCESS. dag_id=e-commerce_kafka_streaming_pipeline_v1, task_id=wait_for_bronze, execution_date=20260721T080000, start_date=20260721T090204, end_date=20260721T090204
[2026-07-21T09:02:04.604+0000] {local_task_job_runner.py:240} INFO - Task exited with return code 0
[2026-07-21T09:02:04.665+0000] {taskinstance.py:3482} INFO - 1 downstream tasks scheduled from follow-on schedule check
[2026-07-21T09:02:04.669+0000] {local_task_job_runner.py:222} INFO - ::endgroup::
