[2026-07-21T06:00:44.525+0000] {local_task_job_runner.py:120} INFO - ::group::Pre task execution logs
[2026-07-21T06:00:44.679+0000] {taskinstance.py:2073} INFO - Dependencies all met for dep_context=non-requeueable deps ti=<TaskInstance: e-commerce_kafka_streaming_pipeline_v1.run_bronze scheduled__2026-07-21T05:00:00+00:00 [queued]>
[2026-07-21T06:00:44.719+0000] {taskinstance.py:2073} INFO - Dependencies all met for dep_context=requeueable deps ti=<TaskInstance: e-commerce_kafka_streaming_pipeline_v1.run_bronze scheduled__2026-07-21T05:00:00+00:00 [queued]>
[2026-07-21T06:00:44.744+0000] {taskinstance.py:2303} INFO - Starting attempt 1 of 2
[2026-07-21T06:00:44.832+0000] {taskinstance.py:2327} INFO - Executing <Task(BashOperator): run_bronze> on 2026-07-21 05:00:00+00:00
[2026-07-21T06:00:44.870+0000] {standard_task_runner.py:90} INFO - Running: ['***', 'tasks', 'run', 'e-commerce_kafka_streaming_pipeline_v1', 'run_bronze', 'scheduled__2026-07-21T05:00:00+00:00', '--job-id', '255', '--raw', '--subdir', 'DAGS_FOLDER/sdp_pipeline_dag.py', '--cfg-path', '/tmp/tmp5_2elev_']
[2026-07-21T06:00:44.918+0000] {logging_mixin.py:188} WARNING - /home/***/.local/lib/python3.12/site-packages/***/task/task_runner/standard_task_runner.py:61 DeprecationWarning: This process (pid=11933) is multi-threaded, use of fork() may lead to deadlocks in the child.
[2026-07-21T06:00:44.921+0000] {standard_task_runner.py:91} INFO - Job 255: Subtask run_bronze
[2026-07-21T06:00:44.930+0000] {standard_task_runner.py:63} INFO - Started process 11935 to run task
[2026-07-21T06:00:45.114+0000] {task_command.py:426} INFO - Running <TaskInstance: e-commerce_kafka_streaming_pipeline_v1.run_bronze scheduled__2026-07-21T05:00:00+00:00 [running]> on host da27550080bf
[2026-07-21T06:00:45.419+0000] {taskinstance.py:2644} INFO - Exporting env vars: AIRFLOW_CTX_DAG_OWNER='dev' AIRFLOW_CTX_DAG_ID='e-commerce_kafka_streaming_pipeline_v1' AIRFLOW_CTX_TASK_ID='run_bronze' AIRFLOW_CTX_EXECUTION_DATE='2026-07-21T05:00:00+00:00' AIRFLOW_CTX_TRY_NUMBER='1' AIRFLOW_CTX_DAG_RUN_ID='scheduled__2026-07-21T05:00:00+00:00'
[2026-07-21T06:00:45.436+0000] {taskinstance.py:430} INFO - ::endgroup::
[2026-07-21T06:00:45.480+0000] {subprocess.py:63} INFO - Tmp dir root location: /tmp
[2026-07-21T06:00:45.484+0000] {subprocess.py:75} INFO - Running command: ['/usr/bin/bash', '-c', 'timeout 150s docker run --rm --network streaming_kafka_project_sdp-net --volume /d/Streaming_kafka_project/pipelines:/opt/pipelines --volume /d/Streaming_kafka_project/data:/opt/data --volume /d/Streaming_kafka_project/checkpoints:/opt/checkpoints --volume /d/Streaming_kafka_project/jars:/opt/jars apache/spark:3.5.1 /opt/spark/bin/spark-submit --master spark://sdp-spark-master:7077 --executor-cores 1 --executor-memory 512m --total-executor-cores 3 --jars /opt/jars/delta-spark_2.12-3.2.0.jar,/opt/jars/delta-storage-3.2.0.jar,/opt/jars/spark-sql-kafka-0-10_2.12-3.5.1.jar,/opt/jars/kafka-clients-3.4.1.jar,/opt/jars/spark-token-provider-kafka-0-10_2.12-3.5.1.jar,/opt/jars/commons-pool2-2.11.1.jar --conf spark.sql.extensions=io.delta.sql.DeltaSparkSessionExtension --conf spark.sql.catalog.spark_catalog=org.apache.spark.sql.delta.catalog.DeltaCatalog  /opt/pipelines/bronze_runner.py']
[2026-07-21T06:00:45.508+0000] {subprocess.py:86} INFO - Output:
[2026-07-21T06:00:50.650+0000] {subprocess.py:93} INFO - 26/07/21 06:00:50 WARN NativeCodeLoader: Unable to load native-hadoop library for your platform... using builtin-java classes where applicable
[2026-07-21T06:00:51.891+0000] {subprocess.py:93} INFO - 26/07/21 06:00:51 INFO SparkContext: Running Spark version 3.5.1
[2026-07-21T06:00:51.893+0000] {subprocess.py:93} INFO - 26/07/21 06:00:51 INFO SparkContext: OS info Linux, 6.18.33.2-microsoft-standard-WSL2, amd64
[2026-07-21T06:00:51.894+0000] {subprocess.py:93} INFO - 26/07/21 06:00:51 INFO SparkContext: Java version 11.0.22
[2026-07-21T06:00:51.953+0000] {subprocess.py:93} INFO - 26/07/21 06:00:51 INFO ResourceUtils: ==============================================================
[2026-07-21T06:00:51.955+0000] {subprocess.py:93} INFO - 26/07/21 06:00:51 INFO ResourceUtils: No custom resources configured for spark.driver.
[2026-07-21T06:00:51.958+0000] {subprocess.py:93} INFO - 26/07/21 06:00:51 INFO ResourceUtils: ==============================================================
[2026-07-21T06:00:51.960+0000] {subprocess.py:93} INFO - 26/07/21 06:00:51 INFO SparkContext: Submitted application: SDP-Bronze
[2026-07-21T06:00:51.993+0000] {subprocess.py:93} INFO - 26/07/21 06:00:51 INFO ResourceProfile: Default ResourceProfile created, executor resources: Map(cores -> name: cores, amount: 1, script: , vendor: , memory -> name: memory, amount: 512, script: , vendor: , offHeap -> name: offHeap, amount: 0, script: , vendor: ), task resources: Map(cpus -> name: cpus, amount: 1.0)
[2026-07-21T06:00:52.019+0000] {subprocess.py:93} INFO - 26/07/21 06:00:52 INFO ResourceProfile: Limiting resource is cpus at 1 tasks per executor
[2026-07-21T06:00:52.024+0000] {subprocess.py:93} INFO - 26/07/21 06:00:52 INFO ResourceProfileManager: Added ResourceProfile id: 0
[2026-07-21T06:00:52.140+0000] {subprocess.py:93} INFO - 26/07/21 06:00:52 INFO SecurityManager: Changing view acls to: spark
[2026-07-21T06:00:52.143+0000] {subprocess.py:93} INFO - 26/07/21 06:00:52 INFO SecurityManager: Changing modify acls to: spark
[2026-07-21T06:00:52.145+0000] {subprocess.py:93} INFO - 26/07/21 06:00:52 INFO SecurityManager: Changing view acls groups to:
[2026-07-21T06:00:52.147+0000] {subprocess.py:93} INFO - 26/07/21 06:00:52 INFO SecurityManager: Changing modify acls groups to:
[2026-07-21T06:00:52.149+0000] {subprocess.py:93} INFO - 26/07/21 06:00:52 INFO SecurityManager: SecurityManager: authentication disabled; ui acls disabled; users with view permissions: spark; groups with view permissions: EMPTY; users with modify permissions: spark; groups with modify permissions: EMPTY
[2026-07-21T06:00:52.617+0000] {subprocess.py:93} INFO - 26/07/21 06:00:52 INFO Utils: Successfully started service 'sparkDriver' on port 36437.
[2026-07-21T06:00:52.688+0000] {subprocess.py:93} INFO - 26/07/21 06:00:52 INFO SparkEnv: Registering MapOutputTracker
[2026-07-21T06:00:52.787+0000] {subprocess.py:93} INFO - 26/07/21 06:00:52 INFO SparkEnv: Registering BlockManagerMaster
[2026-07-21T06:00:52.820+0000] {subprocess.py:93} INFO - 26/07/21 06:00:52 INFO BlockManagerMasterEndpoint: Using org.apache.spark.storage.DefaultTopologyMapper for getting topology information
[2026-07-21T06:00:52.822+0000] {subprocess.py:93} INFO - 26/07/21 06:00:52 INFO BlockManagerMasterEndpoint: BlockManagerMasterEndpoint up
[2026-07-21T06:00:52.831+0000] {subprocess.py:93} INFO - 26/07/21 06:00:52 INFO SparkEnv: Registering BlockManagerMasterHeartbeat
[2026-07-21T06:00:52.874+0000] {subprocess.py:93} INFO - 26/07/21 06:00:52 INFO DiskBlockManager: Created local directory at /tmp/blockmgr-6fc68855-803b-4578-a50a-447bc9b26d0d
[2026-07-21T06:00:52.903+0000] {subprocess.py:93} INFO - 26/07/21 06:00:52 INFO MemoryStore: MemoryStore started with capacity 434.4 MiB
[2026-07-21T06:00:52.935+0000] {subprocess.py:93} INFO - 26/07/21 06:00:52 INFO SparkEnv: Registering OutputCommitCoordinator
[2026-07-21T06:00:53.249+0000] {subprocess.py:93} INFO - 26/07/21 06:00:53 INFO JettyUtils: Start Jetty 0.0.0.0:4040 for SparkUI
[2026-07-21T06:00:53.354+0000] {subprocess.py:93} INFO - 26/07/21 06:00:53 INFO Utils: Successfully started service 'SparkUI' on port 4040.
[2026-07-21T06:00:53.427+0000] {subprocess.py:93} INFO - 26/07/21 06:00:53 INFO SparkContext: Added JAR file:///opt/jars/delta-spark_2.12-3.2.0.jar at spark://08d368b0d45c:36437/jars/delta-spark_2.12-3.2.0.jar with timestamp 1784613651869
[2026-07-21T06:00:53.430+0000] {subprocess.py:93} INFO - 26/07/21 06:00:53 INFO SparkContext: Added JAR file:///opt/jars/delta-storage-3.2.0.jar at spark://08d368b0d45c:36437/jars/delta-storage-3.2.0.jar with timestamp 1784613651869
[2026-07-21T06:00:53.432+0000] {subprocess.py:93} INFO - 26/07/21 06:00:53 INFO SparkContext: Added JAR file:///opt/jars/spark-sql-kafka-0-10_2.12-3.5.1.jar at spark://08d368b0d45c:36437/jars/spark-sql-kafka-0-10_2.12-3.5.1.jar with timestamp 1784613651869
[2026-07-21T06:00:53.435+0000] {subprocess.py:93} INFO - 26/07/21 06:00:53 INFO SparkContext: Added JAR file:///opt/jars/kafka-clients-3.4.1.jar at spark://08d368b0d45c:36437/jars/kafka-clients-3.4.1.jar with timestamp 1784613651869
[2026-07-21T06:00:53.441+0000] {subprocess.py:93} INFO - 26/07/21 06:00:53 INFO SparkContext: Added JAR file:///opt/jars/spark-token-provider-kafka-0-10_2.12-3.5.1.jar at spark://08d368b0d45c:36437/jars/spark-token-provider-kafka-0-10_2.12-3.5.1.jar with timestamp 1784613651869
[2026-07-21T06:00:53.454+0000] {subprocess.py:93} INFO - 26/07/21 06:00:53 INFO SparkContext: Added JAR file:///opt/jars/commons-pool2-2.11.1.jar at spark://08d368b0d45c:36437/jars/commons-pool2-2.11.1.jar with timestamp 1784613651869
[2026-07-21T06:00:53.741+0000] {subprocess.py:93} INFO - 26/07/21 06:00:53 INFO StandaloneAppClient$ClientEndpoint: Connecting to master spark://sdp-spark-master:7077...
[2026-07-21T06:00:53.870+0000] {subprocess.py:93} INFO - 26/07/21 06:00:53 INFO TransportClientFactory: Successfully created connection to sdp-spark-master/172.18.0.4:7077 after 70 ms (0 ms spent in bootstraps)
[2026-07-21T06:00:54.064+0000] {subprocess.py:93} INFO - 26/07/21 06:00:54 INFO StandaloneSchedulerBackend: Connected to Spark cluster with app ID app-20260721060054-0117
[2026-07-21T06:00:54.071+0000] {subprocess.py:93} INFO - 26/07/21 06:00:54 INFO StandaloneAppClient$ClientEndpoint: Executor added: app-20260721060054-0117/0 on worker-20260716063602-172.18.0.5-44367 (172.18.0.5:44367) with 1 core(s)
[2026-07-21T06:00:54.083+0000] {subprocess.py:93} INFO - 26/07/21 06:00:54 INFO StandaloneSchedulerBackend: Granted executor ID app-20260721060054-0117/0 on hostPort 172.18.0.5:44367 with 1 core(s), 512.0 MiB RAM
[2026-07-21T06:00:54.086+0000] {subprocess.py:93} INFO - 26/07/21 06:00:54 INFO StandaloneAppClient$ClientEndpoint: Executor added: app-20260721060054-0117/1 on worker-20260716063602-172.18.0.5-44367 (172.18.0.5:44367) with 1 core(s)
[2026-07-21T06:00:54.090+0000] {subprocess.py:93} INFO - 26/07/21 06:00:54 INFO StandaloneSchedulerBackend: Granted executor ID app-20260721060054-0117/1 on hostPort 172.18.0.5:44367 with 1 core(s), 512.0 MiB RAM
[2026-07-21T06:00:54.094+0000] {subprocess.py:93} INFO - 26/07/21 06:00:54 INFO StandaloneAppClient$ClientEndpoint: Executor added: app-20260721060054-0117/2 on worker-20260716063602-172.18.0.6-33249 (172.18.0.6:33249) with 1 core(s)
[2026-07-21T06:00:54.096+0000] {subprocess.py:93} INFO - 26/07/21 06:00:54 INFO StandaloneSchedulerBackend: Granted executor ID app-20260721060054-0117/2 on hostPort 172.18.0.6:33249 with 1 core(s), 512.0 MiB RAM
[2026-07-21T06:00:54.102+0000] {subprocess.py:93} INFO - 26/07/21 06:00:54 INFO Utils: Successfully started service 'org.apache.spark.network.netty.NettyBlockTransferService' on port 36527.
[2026-07-21T06:00:54.104+0000] {subprocess.py:93} INFO - 26/07/21 06:00:54 INFO NettyBlockTransferService: Server created on 08d368b0d45c:36527
[2026-07-21T06:00:54.105+0000] {subprocess.py:93} INFO - 26/07/21 06:00:54 INFO BlockManager: Using org.apache.spark.storage.RandomBlockReplicationPolicy for block replication policy
[2026-07-21T06:00:54.119+0000] {subprocess.py:93} INFO - 26/07/21 06:00:54 INFO BlockManagerMaster: Registering BlockManager BlockManagerId(driver, 08d368b0d45c, 36527, None)
[2026-07-21T06:00:54.132+0000] {subprocess.py:93} INFO - 26/07/21 06:00:54 INFO BlockManagerMasterEndpoint: Registering block manager 08d368b0d45c:36527 with 434.4 MiB RAM, BlockManagerId(driver, 08d368b0d45c, 36527, None)
[2026-07-21T06:00:54.140+0000] {subprocess.py:93} INFO - 26/07/21 06:00:54 INFO BlockManagerMaster: Registered BlockManager BlockManagerId(driver, 08d368b0d45c, 36527, None)
[2026-07-21T06:00:54.155+0000] {subprocess.py:93} INFO - 26/07/21 06:00:54 INFO BlockManager: Initialized BlockManager: BlockManagerId(driver, 08d368b0d45c, 36527, None)
[2026-07-21T06:00:54.248+0000] {subprocess.py:93} INFO - 26/07/21 06:00:54 INFO StandaloneAppClient$ClientEndpoint: Executor updated: app-20260721060054-0117/1 is now RUNNING
[2026-07-21T06:00:54.256+0000] {subprocess.py:93} INFO - 26/07/21 06:00:54 INFO StandaloneAppClient$ClientEndpoint: Executor updated: app-20260721060054-0117/0 is now RUNNING
[2026-07-21T06:00:54.536+0000] {subprocess.py:93} INFO - 26/07/21 06:00:54 INFO StandaloneAppClient$ClientEndpoint: Executor updated: app-20260721060054-0117/2 is now RUNNING
[2026-07-21T06:00:54.946+0000] {subprocess.py:93} INFO - 26/07/21 06:00:54 INFO StandaloneSchedulerBackend: SchedulerBackend is ready for scheduling beginning after reached minRegisteredResourcesRatio: 0.0
[2026-07-21T06:00:56.406+0000] {subprocess.py:93} INFO - Starting stream: orders -> /opt/data/bronze/orders
[2026-07-21T06:01:35.101+0000] {subprocess.py:93} INFO - 26/07/21 06:01:35 WARN ResolveWriteToStream: spark.sql.adaptive.enabled is not supported in streaming DataFrames/Datasets and will be disabled.
[2026-07-21T06:01:35.431+0000] {subprocess.py:93} INFO - Starting stream: customers -> /opt/data/bronze/customers
[2026-07-21T06:01:40.162+0000] {subprocess.py:93} INFO - 26/07/21 06:01:40 WARN AdminClientConfig: These configurations '[key.deserializer, value.deserializer, enable.auto.commit, max.poll.records, auto.offset.reset]' were supplied but are not used yet.
[2026-07-21T06:01:40.473+0000] {subprocess.py:93} INFO - 26/07/21 06:01:40 WARN ResolveWriteToStream: spark.sql.adaptive.enabled is not supported in streaming DataFrames/Datasets and will be disabled.
[2026-07-21T06:01:40.647+0000] {subprocess.py:93} INFO - Starting stream: products -> /opt/data/bronze/products
[2026-07-21T06:01:43.900+0000] {subprocess.py:93} INFO - 26/07/21 06:01:43 WARN AdminClientConfig: These configurations '[key.deserializer, value.deserializer, enable.auto.commit, max.poll.records, auto.offset.reset]' were supplied but are not used yet.
[2026-07-21T06:01:45.572+0000] {subprocess.py:93} INFO - 26/07/21 06:01:45 WARN ResolveWriteToStream: spark.sql.adaptive.enabled is not supported in streaming DataFrames/Datasets and will be disabled.
[2026-07-21T06:01:48.492+0000] {subprocess.py:93} INFO - 26/07/21 06:01:48 WARN AdminClientConfig: These configurations '[key.deserializer, value.deserializer, enable.auto.commit, max.poll.records, auto.offset.reset]' were supplied but are not used yet.
[2026-07-21T06:03:16.627+0000] {subprocess.py:97} INFO - Command exited with return code 124
[2026-07-21T06:03:16.633+0000] {taskinstance.py:441} INFO - ::group::Post task execution logs
[2026-07-21T06:03:16.663+0000] {taskinstance.py:2890} ERROR - Task failed with exception
Traceback (most recent call last):
  File "/home/airflow/.local/lib/python3.12/site-packages/airflow/models/taskinstance.py", line 465, in _execute_task
    result = _execute_callable(context=context, **execute_callable_kwargs)
             ^^^^^^^^^^^^^^^^^^^^^^^^^^^^^^^^^^^^^^^^^^^^^^^^^^^^^^^^^^^^^
  File "/home/airflow/.local/lib/python3.12/site-packages/airflow/models/taskinstance.py", line 432, in _execute_callable
    return execute_callable(context=context, **execute_callable_kwargs)
           ^^^^^^^^^^^^^^^^^^^^^^^^^^^^^^^^^^^^^^^^^^^^^^^^^^^^^^^^^^^^
  File "/home/airflow/.local/lib/python3.12/site-packages/airflow/models/baseoperator.py", line 400, in wrapper
    return func(self, *args, **kwargs)
           ^^^^^^^^^^^^^^^^^^^^^^^^^^^
  File "/home/airflow/.local/lib/python3.12/site-packages/airflow/operators/bash.py", line 243, in execute
    raise AirflowException(
airflow.exceptions.AirflowException: Bash command failed. The command returned a non-zero exit code 124.
[2026-07-21T06:03:16.687+0000] {taskinstance.py:1205} INFO - Marking task as UP_FOR_RETRY. dag_id=e-commerce_kafka_streaming_pipeline_v1, task_id=run_bronze, execution_date=20260721T050000, start_date=20260721T060044, end_date=20260721T060316
[2026-07-21T06:03:16.726+0000] {standard_task_runner.py:110} ERROR - Failed to execute job 255 for task run_bronze (Bash command failed. The command returned a non-zero exit code 124.; 11935)
[2026-07-21T06:03:16.764+0000] {local_task_job_runner.py:240} INFO - Task exited with return code 1
[2026-07-21T06:03:16.804+0000] {taskinstance.py:3482} INFO - 0 downstream tasks scheduled from follow-on schedule check
[2026-07-21T06:03:16.807+0000] {local_task_job_runner.py:222} INFO - ::endgroup::
