[2026-06-10T02:00:07.094+0000] {local_task_job_runner.py:120} INFO - ::group::Pre task execution logs
[2026-06-10T02:00:07.160+0000] {taskinstance.py:2073} INFO - Dependencies all met for dep_context=non-requeueable deps ti=<TaskInstance: e-commerce_kafka_streaming_pipeline_v10.run_bronze scheduled__2026-06-10T01:00:00+00:00 [queued]>
[2026-06-10T02:00:07.180+0000] {taskinstance.py:2073} INFO - Dependencies all met for dep_context=requeueable deps ti=<TaskInstance: e-commerce_kafka_streaming_pipeline_v10.run_bronze scheduled__2026-06-10T01:00:00+00:00 [queued]>
[2026-06-10T02:00:07.181+0000] {taskinstance.py:2303} INFO - Starting attempt 1 of 2
[2026-06-10T02:00:07.206+0000] {taskinstance.py:2327} INFO - Executing <Task(BashOperator): run_bronze> on 2026-06-10 01:00:00+00:00
[2026-06-10T02:00:07.221+0000] {standard_task_runner.py:90} INFO - Running: ['***', 'tasks', 'run', 'e-commerce_kafka_streaming_pipeline_v10', 'run_bronze', 'scheduled__2026-06-10T01:00:00+00:00', '--job-id', '124', '--raw', '--subdir', 'DAGS_FOLDER/sdp_pipeline_dag.py', '--cfg-path', '/tmp/tmpwx50a_l8']
[2026-06-10T02:00:07.226+0000] {standard_task_runner.py:91} INFO - Job 124: Subtask run_bronze
[2026-06-10T02:00:07.229+0000] {logging_mixin.py:188} WARNING - /home/***/.local/lib/python3.12/site-packages/***/task/task_runner/standard_task_runner.py:61 DeprecationWarning: This process (pid=5970) is multi-threaded, use of fork() may lead to deadlocks in the child.
[2026-06-10T02:00:07.231+0000] {standard_task_runner.py:63} INFO - Started process 5971 to run task
[2026-06-10T02:00:07.337+0000] {task_command.py:426} INFO - Running <TaskInstance: e-commerce_kafka_streaming_pipeline_v10.run_bronze scheduled__2026-06-10T01:00:00+00:00 [running]> on host 19d9c0c71dcc
[2026-06-10T02:00:07.490+0000] {taskinstance.py:2644} INFO - Exporting env vars: AIRFLOW_CTX_DAG_OWNER='dev' AIRFLOW_CTX_DAG_ID='e-commerce_kafka_streaming_pipeline_v10' AIRFLOW_CTX_TASK_ID='run_bronze' AIRFLOW_CTX_EXECUTION_DATE='2026-06-10T01:00:00+00:00' AIRFLOW_CTX_TRY_NUMBER='1' AIRFLOW_CTX_DAG_RUN_ID='scheduled__2026-06-10T01:00:00+00:00'
[2026-06-10T02:00:07.492+0000] {taskinstance.py:430} INFO - ::endgroup::
[2026-06-10T02:00:07.521+0000] {subprocess.py:63} INFO - Tmp dir root location: /tmp
[2026-06-10T02:00:07.523+0000] {subprocess.py:75} INFO - Running command: ['/usr/bin/bash', '-c', 'timeout 120s docker run --rm --network streaming_kafka_project_sdp-net --volume /d/Streaming_kafka_project/pipelines:/opt/pipelines --volume /d/Streaming_kafka_project/data:/opt/data --volume /d/Streaming_kafka_project/checkpoints:/opt/checkpoints --volume /d/Streaming_kafka_project/jars:/opt/jars apache/spark:3.5.1 /opt/spark/bin/spark-submit --master spark://sdp-spark-master:7077 --executor-cores 1 --executor-memory 512m --total-executor-cores 3 --jars /opt/jars/delta-spark_2.12-3.2.0.jar,/opt/jars/delta-storage-3.2.0.jar,/opt/jars/spark-sql-kafka-0-10_2.12-3.5.1.jar,/opt/jars/kafka-clients-3.4.1.jar,/opt/jars/spark-token-provider-kafka-0-10_2.12-3.5.1.jar,/opt/jars/commons-pool2-2.11.1.jar --conf spark.sql.extensions=io.delta.sql.DeltaSparkSessionExtension --conf spark.sql.catalog.spark_catalog=org.apache.spark.sql.delta.catalog.DeltaCatalog  /opt/pipelines/bronze_runner.py']
[2026-06-10T02:00:07.540+0000] {subprocess.py:86} INFO - Output:
[2026-06-10T02:00:15.081+0000] {subprocess.py:93} INFO - 26/06/10 02:00:15 WARN NativeCodeLoader: Unable to load native-hadoop library for your platform... using builtin-java classes where applicable
[2026-06-10T02:00:17.363+0000] {subprocess.py:93} INFO - 26/06/10 02:00:17 INFO SparkContext: Running Spark version 3.5.1
[2026-06-10T02:00:17.364+0000] {subprocess.py:93} INFO - 26/06/10 02:00:17 INFO SparkContext: OS info Linux, 6.6.114.1-microsoft-standard-WSL2, amd64
[2026-06-10T02:00:17.365+0000] {subprocess.py:93} INFO - 26/06/10 02:00:17 INFO SparkContext: Java version 11.0.22
[2026-06-10T02:00:17.467+0000] {subprocess.py:93} INFO - 26/06/10 02:00:17 INFO ResourceUtils: ==============================================================
[2026-06-10T02:00:17.469+0000] {subprocess.py:93} INFO - 26/06/10 02:00:17 INFO ResourceUtils: No custom resources configured for spark.driver.
[2026-06-10T02:00:17.471+0000] {subprocess.py:93} INFO - 26/06/10 02:00:17 INFO ResourceUtils: ==============================================================
[2026-06-10T02:00:17.474+0000] {subprocess.py:93} INFO - 26/06/10 02:00:17 INFO SparkContext: Submitted application: SDP-Bronze
[2026-06-10T02:00:17.523+0000] {subprocess.py:93} INFO - 26/06/10 02:00:17 INFO ResourceProfile: Default ResourceProfile created, executor resources: Map(cores -> name: cores, amount: 1, script: , vendor: , memory -> name: memory, amount: 512, script: , vendor: , offHeap -> name: offHeap, amount: 0, script: , vendor: ), task resources: Map(cpus -> name: cpus, amount: 1.0)
[2026-06-10T02:00:17.550+0000] {subprocess.py:93} INFO - 26/06/10 02:00:17 INFO ResourceProfile: Limiting resource is cpus at 1 tasks per executor
[2026-06-10T02:00:17.561+0000] {subprocess.py:93} INFO - 26/06/10 02:00:17 INFO ResourceProfileManager: Added ResourceProfile id: 0
[2026-06-10T02:00:17.694+0000] {subprocess.py:93} INFO - 26/06/10 02:00:17 INFO SecurityManager: Changing view acls to: spark
[2026-06-10T02:00:17.701+0000] {subprocess.py:93} INFO - 26/06/10 02:00:17 INFO SecurityManager: Changing modify acls to: spark
[2026-06-10T02:00:17.703+0000] {subprocess.py:93} INFO - 26/06/10 02:00:17 INFO SecurityManager: Changing view acls groups to:
[2026-06-10T02:00:17.705+0000] {subprocess.py:93} INFO - 26/06/10 02:00:17 INFO SecurityManager: Changing modify acls groups to:
[2026-06-10T02:00:17.706+0000] {subprocess.py:93} INFO - 26/06/10 02:00:17 INFO SecurityManager: SecurityManager: authentication disabled; ui acls disabled; users with view permissions: spark; groups with view permissions: EMPTY; users with modify permissions: spark; groups with modify permissions: EMPTY
[2026-06-10T02:00:18.286+0000] {subprocess.py:93} INFO - 26/06/10 02:00:18 INFO Utils: Successfully started service 'sparkDriver' on port 37215.
[2026-06-10T02:00:18.389+0000] {subprocess.py:93} INFO - 26/06/10 02:00:18 INFO SparkEnv: Registering MapOutputTracker
[2026-06-10T02:00:18.545+0000] {subprocess.py:93} INFO - 26/06/10 02:00:18 INFO SparkEnv: Registering BlockManagerMaster
[2026-06-10T02:00:18.621+0000] {subprocess.py:93} INFO - 26/06/10 02:00:18 INFO BlockManagerMasterEndpoint: Using org.apache.spark.storage.DefaultTopologyMapper for getting topology information
[2026-06-10T02:00:18.632+0000] {subprocess.py:93} INFO - 26/06/10 02:00:18 INFO BlockManagerMasterEndpoint: BlockManagerMasterEndpoint up
[2026-06-10T02:00:18.640+0000] {subprocess.py:93} INFO - 26/06/10 02:00:18 INFO SparkEnv: Registering BlockManagerMasterHeartbeat
[2026-06-10T02:00:18.697+0000] {subprocess.py:93} INFO - 26/06/10 02:00:18 INFO DiskBlockManager: Created local directory at /tmp/blockmgr-ee8f4d75-a95f-4d48-a7f2-dcfecf87290e
[2026-06-10T02:00:18.733+0000] {subprocess.py:93} INFO - 26/06/10 02:00:18 INFO MemoryStore: MemoryStore started with capacity 434.4 MiB
[2026-06-10T02:00:18.781+0000] {subprocess.py:93} INFO - 26/06/10 02:00:18 INFO SparkEnv: Registering OutputCommitCoordinator
[2026-06-10T02:00:19.092+0000] {subprocess.py:93} INFO - 26/06/10 02:00:19 INFO JettyUtils: Start Jetty 0.0.0.0:4040 for SparkUI
[2026-06-10T02:00:19.227+0000] {subprocess.py:93} INFO - 26/06/10 02:00:19 INFO Utils: Successfully started service 'SparkUI' on port 4040.
[2026-06-10T02:00:19.307+0000] {subprocess.py:93} INFO - 26/06/10 02:00:19 INFO SparkContext: Added JAR file:///opt/jars/delta-spark_2.12-3.2.0.jar at spark://5bca594f478a:37215/jars/delta-spark_2.12-3.2.0.jar with timestamp 1781056817336
[2026-06-10T02:00:19.313+0000] {subprocess.py:93} INFO - 26/06/10 02:00:19 INFO SparkContext: Added JAR file:///opt/jars/delta-storage-3.2.0.jar at spark://5bca594f478a:37215/jars/delta-storage-3.2.0.jar with timestamp 1781056817336
[2026-06-10T02:00:19.316+0000] {subprocess.py:93} INFO - 26/06/10 02:00:19 INFO SparkContext: Added JAR file:///opt/jars/spark-sql-kafka-0-10_2.12-3.5.1.jar at spark://5bca594f478a:37215/jars/spark-sql-kafka-0-10_2.12-3.5.1.jar with timestamp 1781056817336
[2026-06-10T02:00:19.325+0000] {subprocess.py:93} INFO - 26/06/10 02:00:19 INFO SparkContext: Added JAR file:///opt/jars/kafka-clients-3.4.1.jar at spark://5bca594f478a:37215/jars/kafka-clients-3.4.1.jar with timestamp 1781056817336
[2026-06-10T02:00:19.329+0000] {subprocess.py:93} INFO - 26/06/10 02:00:19 INFO SparkContext: Added JAR file:///opt/jars/spark-token-provider-kafka-0-10_2.12-3.5.1.jar at spark://5bca594f478a:37215/jars/spark-token-provider-kafka-0-10_2.12-3.5.1.jar with timestamp 1781056817336
[2026-06-10T02:00:19.336+0000] {subprocess.py:93} INFO - 26/06/10 02:00:19 INFO SparkContext: Added JAR file:///opt/jars/commons-pool2-2.11.1.jar at spark://5bca594f478a:37215/jars/commons-pool2-2.11.1.jar with timestamp 1781056817336
[2026-06-10T02:00:19.520+0000] {subprocess.py:93} INFO - 26/06/10 02:00:19 INFO StandaloneAppClient$ClientEndpoint: Connecting to master spark://sdp-spark-master:7077...
[2026-06-10T02:00:19.614+0000] {subprocess.py:93} INFO - 26/06/10 02:00:19 INFO TransportClientFactory: Successfully created connection to sdp-spark-master/172.18.0.4:7077 after 55 ms (0 ms spent in bootstraps)
[2026-06-10T02:00:19.803+0000] {subprocess.py:93} INFO - 26/06/10 02:00:19 INFO StandaloneSchedulerBackend: Connected to Spark cluster with app ID app-20260610020019-0056
[2026-06-10T02:00:19.830+0000] {subprocess.py:93} INFO - 26/06/10 02:00:19 INFO StandaloneAppClient$ClientEndpoint: Executor added: app-20260610020019-0056/0 on worker-20260608131402-172.18.0.6-44005 (172.18.0.6:44005) with 1 core(s)
[2026-06-10T02:00:19.850+0000] {subprocess.py:93} INFO - 26/06/10 02:00:19 INFO StandaloneSchedulerBackend: Granted executor ID app-20260610020019-0056/0 on hostPort 172.18.0.6:44005 with 1 core(s), 512.0 MiB RAM
[2026-06-10T02:00:19.860+0000] {subprocess.py:93} INFO - 26/06/10 02:00:19 INFO StandaloneAppClient$ClientEndpoint: Executor added: app-20260610020019-0056/1 on worker-20260608131402-172.18.0.6-44005 (172.18.0.6:44005) with 1 core(s)
[2026-06-10T02:00:19.862+0000] {subprocess.py:93} INFO - 26/06/10 02:00:19 INFO StandaloneSchedulerBackend: Granted executor ID app-20260610020019-0056/1 on hostPort 172.18.0.6:44005 with 1 core(s), 512.0 MiB RAM
[2026-06-10T02:00:19.868+0000] {subprocess.py:93} INFO - 26/06/10 02:00:19 INFO StandaloneAppClient$ClientEndpoint: Executor added: app-20260610020019-0056/2 on worker-20260608131402-172.18.0.5-38399 (172.18.0.5:38399) with 1 core(s)
[2026-06-10T02:00:19.871+0000] {subprocess.py:93} INFO - 26/06/10 02:00:19 INFO Utils: Successfully started service 'org.apache.spark.network.netty.NettyBlockTransferService' on port 41849.
[2026-06-10T02:00:19.875+0000] {subprocess.py:93} INFO - 26/06/10 02:00:19 INFO NettyBlockTransferService: Server created on 5bca594f478a:41849
[2026-06-10T02:00:19.880+0000] {subprocess.py:93} INFO - 26/06/10 02:00:19 INFO StandaloneSchedulerBackend: Granted executor ID app-20260610020019-0056/2 on hostPort 172.18.0.5:38399 with 1 core(s), 512.0 MiB RAM
[2026-06-10T02:00:19.884+0000] {subprocess.py:93} INFO - 26/06/10 02:00:19 INFO BlockManager: Using org.apache.spark.storage.RandomBlockReplicationPolicy for block replication policy
[2026-06-10T02:00:19.921+0000] {subprocess.py:93} INFO - 26/06/10 02:00:19 INFO BlockManagerMaster: Registering BlockManager BlockManagerId(driver, 5bca594f478a, 41849, None)
[2026-06-10T02:00:19.963+0000] {subprocess.py:93} INFO - 26/06/10 02:00:19 INFO BlockManagerMasterEndpoint: Registering block manager 5bca594f478a:41849 with 434.4 MiB RAM, BlockManagerId(driver, 5bca594f478a, 41849, None)
[2026-06-10T02:00:19.970+0000] {subprocess.py:93} INFO - 26/06/10 02:00:19 INFO BlockManagerMaster: Registered BlockManager BlockManagerId(driver, 5bca594f478a, 41849, None)
[2026-06-10T02:00:19.981+0000] {subprocess.py:93} INFO - 26/06/10 02:00:19 INFO BlockManager: Initialized BlockManager: BlockManagerId(driver, 5bca594f478a, 41849, None)
[2026-06-10T02:00:20.113+0000] {subprocess.py:93} INFO - 26/06/10 02:00:20 INFO StandaloneAppClient$ClientEndpoint: Executor updated: app-20260610020019-0056/2 is now RUNNING
[2026-06-10T02:00:20.116+0000] {subprocess.py:93} INFO - 26/06/10 02:00:20 INFO StandaloneAppClient$ClientEndpoint: Executor updated: app-20260610020019-0056/0 is now RUNNING
[2026-06-10T02:00:20.138+0000] {subprocess.py:93} INFO - 26/06/10 02:00:20 INFO StandaloneAppClient$ClientEndpoint: Executor updated: app-20260610020019-0056/1 is now RUNNING
[2026-06-10T02:00:21.313+0000] {subprocess.py:93} INFO - 26/06/10 02:00:21 INFO StandaloneSchedulerBackend: SchedulerBackend is ready for scheduling beginning after reached minRegisteredResourcesRatio: 0.0
[2026-06-10T02:00:22.587+0000] {subprocess.py:93} INFO - Starting stream: orders -> /opt/data/bronze/orders
[2026-06-10T02:01:08.956+0000] {subprocess.py:93} INFO - 26/06/10 02:01:08 WARN ResolveWriteToStream: spark.sql.adaptive.enabled is not supported in streaming DataFrames/Datasets and will be disabled.
[2026-06-10T02:01:09.343+0000] {subprocess.py:93} INFO - Starting stream: customers -> /opt/data/bronze/customers
[2026-06-10T02:01:12.517+0000] {subprocess.py:93} INFO - 26/06/10 02:01:12 WARN ResolveWriteToStream: spark.sql.adaptive.enabled is not supported in streaming DataFrames/Datasets and will be disabled.
[2026-06-10T02:01:12.608+0000] {subprocess.py:93} INFO - Starting stream: products -> /opt/data/bronze/products
[2026-06-10T02:01:13.666+0000] {subprocess.py:93} INFO - 26/06/10 02:01:13 WARN AdminClientConfig: These configurations '[key.deserializer, value.deserializer, enable.auto.commit, max.poll.records, auto.offset.reset]' were supplied but are not used yet.
[2026-06-10T02:01:16.351+0000] {subprocess.py:93} INFO - 26/06/10 02:01:16 WARN ResolveWriteToStream: spark.sql.adaptive.enabled is not supported in streaming DataFrames/Datasets and will be disabled.
[2026-06-10T02:01:16.738+0000] {subprocess.py:93} INFO - 26/06/10 02:01:16 WARN AdminClientConfig: These configurations '[key.deserializer, value.deserializer, enable.auto.commit, max.poll.records, auto.offset.reset]' were supplied but are not used yet.
[2026-06-10T02:01:20.665+0000] {subprocess.py:93} INFO - 26/06/10 02:01:20 WARN AdminClientConfig: These configurations '[key.deserializer, value.deserializer, enable.auto.commit, max.poll.records, auto.offset.reset]' were supplied but are not used yet.
[2026-06-10T02:01:25.416+0000] {subprocess.py:93} INFO - 26/06/10 02:01:25 WARN SparkStringUtils: Truncated the string representation of a plan since it was too large. This behavior can be adjusted by setting 'spark.sql.debug.maxToStringFields'.
[2026-06-10T02:02:08.328+0000] {subprocess.py:93} INFO - 26/06/10 02:02:08 ERROR TransportRequestHandler: Error while invoking RpcHandler#receive() for one-way message.
[2026-06-10T02:02:08.329+0000] {subprocess.py:93} INFO - org.apache.spark.SparkException: Could not find CoarseGrainedScheduler.
[2026-06-10T02:02:08.330+0000] {subprocess.py:93} INFO - 	at org.apache.spark.rpc.netty.Dispatcher.postMessage(Dispatcher.scala:178)
[2026-06-10T02:02:08.331+0000] {subprocess.py:93} INFO - 	at org.apache.spark.rpc.netty.Dispatcher.postOneWayMessage(Dispatcher.scala:150)
[2026-06-10T02:02:08.332+0000] {subprocess.py:93} INFO - 	at org.apache.spark.rpc.netty.NettyRpcHandler.receive(NettyRpcEnv.scala:690)
[2026-06-10T02:02:08.343+0000] {subprocess.py:93} INFO - 	at org.apache.spark.network.server.TransportRequestHandler.processOneWayMessage(TransportRequestHandler.java:274)
[2026-06-10T02:02:08.344+0000] {subprocess.py:93} INFO - 	at org.apache.spark.network.server.TransportRequestHandler.handle(TransportRequestHandler.java:111)
[2026-06-10T02:02:08.345+0000] {subprocess.py:93} INFO - 	at org.apache.spark.network.server.TransportChannelHandler.channelRead0(TransportChannelHandler.java:140)
[2026-06-10T02:02:08.346+0000] {subprocess.py:93} INFO - 	at org.apache.spark.network.server.TransportChannelHandler.channelRead0(TransportChannelHandler.java:53)
[2026-06-10T02:02:08.347+0000] {subprocess.py:93} INFO - 	at io.netty.channel.SimpleChannelInboundHandler.channelRead(SimpleChannelInboundHandler.java:99)
[2026-06-10T02:02:08.354+0000] {subprocess.py:93} INFO - 	at io.netty.channel.AbstractChannelHandlerContext.invokeChannelRead(AbstractChannelHandlerContext.java:444)
[2026-06-10T02:02:08.355+0000] {subprocess.py:93} INFO - 	at io.netty.channel.AbstractChannelHandlerContext.invokeChannelRead(AbstractChannelHandlerContext.java:420)
[2026-06-10T02:02:08.359+0000] {subprocess.py:93} INFO - 	at io.netty.channel.AbstractChannelHandlerContext.fireChannelRead(AbstractChannelHandlerContext.java:412)
[2026-06-10T02:02:08.361+0000] {subprocess.py:93} INFO - 	at io.netty.handler.timeout.IdleStateHandler.channelRead(IdleStateHandler.java:286)
[2026-06-10T02:02:08.362+0000] {subprocess.py:93} INFO - 	at io.netty.channel.AbstractChannelHandlerContext.invokeChannelRead(AbstractChannelHandlerContext.java:442)
[2026-06-10T02:02:08.363+0000] {subprocess.py:93} INFO - 	at io.netty.channel.AbstractChannelHandlerContext.invokeChannelRead(AbstractChannelHandlerContext.java:420)
[2026-06-10T02:02:08.366+0000] {subprocess.py:93} INFO - 	at io.netty.channel.AbstractChannelHandlerContext.fireChannelRead(AbstractChannelHandlerContext.java:412)
[2026-06-10T02:02:08.367+0000] {subprocess.py:93} INFO - 	at io.netty.handler.codec.MessageToMessageDecoder.channelRead(MessageToMessageDecoder.java:103)
[2026-06-10T02:02:08.368+0000] {subprocess.py:93} INFO - 	at io.netty.channel.AbstractChannelHandlerContext.invokeChannelRead(AbstractChannelHandlerContext.java:444)
[2026-06-10T02:02:08.376+0000] {subprocess.py:93} INFO - 	at io.netty.channel.AbstractChannelHandlerContext.invokeChannelRead(AbstractChannelHandlerContext.java:420)
[2026-06-10T02:02:08.377+0000] {subprocess.py:93} INFO - 	at io.netty.channel.AbstractChannelHandlerContext.fireChannelRead(AbstractChannelHandlerContext.java:412)
[2026-06-10T02:02:08.378+0000] {subprocess.py:93} INFO - 	at org.apache.spark.network.util.TransportFrameDecoder.channelRead(TransportFrameDecoder.java:102)
[2026-06-10T02:02:08.379+0000] {subprocess.py:93} INFO - 	at io.netty.channel.AbstractChannelHandlerContext.invokeChannelRead(AbstractChannelHandlerContext.java:444)
[2026-06-10T02:02:08.380+0000] {subprocess.py:93} INFO - 	at io.netty.channel.AbstractChannelHandlerContext.invokeChannelRead(AbstractChannelHandlerContext.java:420)
[2026-06-10T02:02:08.381+0000] {subprocess.py:93} INFO - 	at io.netty.channel.AbstractChannelHandlerContext.fireChannelRead(AbstractChannelHandlerContext.java:412)
[2026-06-10T02:02:08.387+0000] {subprocess.py:93} INFO - 	at io.netty.channel.DefaultChannelPipeline$HeadContext.channelRead(DefaultChannelPipeline.java:1410)
[2026-06-10T02:02:08.392+0000] {subprocess.py:93} INFO - 	at io.netty.channel.AbstractChannelHandlerContext.invokeChannelRead(AbstractChannelHandlerContext.java:440)
[2026-06-10T02:02:08.396+0000] {subprocess.py:93} INFO - 	at io.netty.channel.AbstractChannelHandlerContext.invokeChannelRead(AbstractChannelHandlerContext.java:420)
[2026-06-10T02:02:08.397+0000] {subprocess.py:93} INFO - 	at io.netty.channel.DefaultChannelPipeline.fireChannelRead(DefaultChannelPipeline.java:919)
[2026-06-10T02:02:08.398+0000] {subprocess.py:93} INFO - 	at io.netty.channel.nio.AbstractNioByteChannel$NioByteUnsafe.read(AbstractNioByteChannel.java:166)
[2026-06-10T02:02:08.399+0000] {subprocess.py:93} INFO - 	at io.netty.channel.nio.NioEventLoop.processSelectedKey(NioEventLoop.java:788)
[2026-06-10T02:02:08.400+0000] {subprocess.py:93} INFO - 	at io.netty.channel.nio.NioEventLoop.processSelectedKeysOptimized(NioEventLoop.java:724)
[2026-06-10T02:02:08.401+0000] {subprocess.py:93} INFO - 	at io.netty.channel.nio.NioEventLoop.processSelectedKeys(NioEventLoop.java:650)
[2026-06-10T02:02:08.406+0000] {subprocess.py:93} INFO - 	at io.netty.channel.nio.NioEventLoop.run(NioEventLoop.java:562)
[2026-06-10T02:02:08.411+0000] {subprocess.py:93} INFO - 	at io.netty.util.concurrent.SingleThreadEventExecutor$4.run(SingleThreadEventExecutor.java:997)
[2026-06-10T02:02:08.412+0000] {subprocess.py:93} INFO - 	at io.netty.util.internal.ThreadExecutorMap$2.run(ThreadExecutorMap.java:74)
[2026-06-10T02:02:08.413+0000] {subprocess.py:93} INFO - 	at io.netty.util.concurrent.FastThreadLocalRunnable.run(FastThreadLocalRunnable.java:30)
[2026-06-10T02:02:08.414+0000] {subprocess.py:93} INFO - 	at java.base/java.lang.Thread.run(Unknown Source)
[2026-06-10T02:02:10.150+0000] {subprocess.py:97} INFO - Command exited with return code 124
[2026-06-10T02:02:10.156+0000] {taskinstance.py:441} INFO - ::group::Post task execution logs
[2026-06-10T02:02:10.211+0000] {taskinstance.py:2890} ERROR - Task failed with exception
Traceback (most recent call last):
  File "/home/airflow/.local/lib/python3.12/site-packages/airflow/models/taskinstance.py", line 465, in _execute_task
    result = _execute_callable(context=context, **execute_callable_kwargs)
             ^^^^^^^^^^^^^^^^^^^^^^^^^^^^^^^^^^^^^^^^^^^^^^^^^^^^^^^^^^^^^
  File "/home/airflow/.local/lib/python3.12/site-packages/airflow/models/taskinstance.py", line 432, in _execute_callable
    return execute_callable(context=context, **execute_callable_kwargs)
           ^^^^^^^^^^^^^^^^^^^^^^^^^^^^^^^^^^^^^^^^^^^^^^^^^^^^^^^^^^^^
  File "/home/airflow/.local/lib/python3.12/site-packages/airflow/models/baseoperator.py", line 400, in wrapper
    return func(self, *args, **kwargs)
           ^^^^^^^^^^^^^^^^^^^^^^^^^^^
  File "/home/airflow/.local/lib/python3.12/site-packages/airflow/operators/bash.py", line 243, in execute
    raise AirflowException(
airflow.exceptions.AirflowException: Bash command failed. The command returned a non-zero exit code 124.
[2026-06-10T02:02:10.231+0000] {taskinstance.py:1205} INFO - Marking task as UP_FOR_RETRY. dag_id=e-commerce_kafka_streaming_pipeline_v10, task_id=run_bronze, execution_date=20260610T010000, start_date=20260610T020007, end_date=20260610T020210
[2026-06-10T02:02:10.301+0000] {standard_task_runner.py:110} ERROR - Failed to execute job 124 for task run_bronze (Bash command failed. The command returned a non-zero exit code 124.; 5971)
[2026-06-10T02:02:10.351+0000] {local_task_job_runner.py:240} INFO - Task exited with return code 1
[2026-06-10T02:02:10.483+0000] {taskinstance.py:3482} INFO - 0 downstream tasks scheduled from follow-on schedule check
[2026-06-10T02:02:10.491+0000] {local_task_job_runner.py:222} INFO - ::endgroup::
