[2026-06-10T02:04:10.629+0000] {local_task_job_runner.py:120} INFO - ::group::Pre task execution logs
[2026-06-10T02:04:10.675+0000] {taskinstance.py:2073} INFO - Dependencies all met for dep_context=non-requeueable deps ti=<TaskInstance: e-commerce_kafka_streaming_pipeline_v10.run_bronze scheduled__2026-06-10T01:00:00+00:00 [queued]>
[2026-06-10T02:04:10.688+0000] {taskinstance.py:2073} INFO - Dependencies all met for dep_context=requeueable deps ti=<TaskInstance: e-commerce_kafka_streaming_pipeline_v10.run_bronze scheduled__2026-06-10T01:00:00+00:00 [queued]>
[2026-06-10T02:04:10.689+0000] {taskinstance.py:2303} INFO - Starting attempt 2 of 2
[2026-06-10T02:04:10.709+0000] {taskinstance.py:2327} INFO - Executing <Task(BashOperator): run_bronze> on 2026-06-10 01:00:00+00:00
[2026-06-10T02:04:10.723+0000] {standard_task_runner.py:90} INFO - Running: ['***', 'tasks', 'run', 'e-commerce_kafka_streaming_pipeline_v10', 'run_bronze', 'scheduled__2026-06-10T01:00:00+00:00', '--job-id', '125', '--raw', '--subdir', 'DAGS_FOLDER/sdp_pipeline_dag.py', '--cfg-path', '/tmp/tmprj4n2kjk']
[2026-06-10T02:04:10.727+0000] {standard_task_runner.py:91} INFO - Job 125: Subtask run_bronze
[2026-06-10T02:04:10.727+0000] {logging_mixin.py:188} WARNING - /home/***/.local/lib/python3.12/site-packages/***/task/task_runner/standard_task_runner.py:61 DeprecationWarning: This process (pid=6022) is multi-threaded, use of fork() may lead to deadlocks in the child.
[2026-06-10T02:04:10.729+0000] {standard_task_runner.py:63} INFO - Started process 6023 to run task
[2026-06-10T02:04:10.824+0000] {task_command.py:426} INFO - Running <TaskInstance: e-commerce_kafka_streaming_pipeline_v10.run_bronze scheduled__2026-06-10T01:00:00+00:00 [running]> on host 19d9c0c71dcc
[2026-06-10T02:04:10.951+0000] {taskinstance.py:2644} INFO - Exporting env vars: AIRFLOW_CTX_DAG_OWNER='dev' AIRFLOW_CTX_DAG_ID='e-commerce_kafka_streaming_pipeline_v10' AIRFLOW_CTX_TASK_ID='run_bronze' AIRFLOW_CTX_EXECUTION_DATE='2026-06-10T01:00:00+00:00' AIRFLOW_CTX_TRY_NUMBER='2' AIRFLOW_CTX_DAG_RUN_ID='scheduled__2026-06-10T01:00:00+00:00'
[2026-06-10T02:04:10.953+0000] {taskinstance.py:430} INFO - ::endgroup::
[2026-06-10T02:04:10.976+0000] {subprocess.py:63} INFO - Tmp dir root location: /tmp
[2026-06-10T02:04:10.978+0000] {subprocess.py:75} INFO - Running command: ['/usr/bin/bash', '-c', 'timeout 120s docker run --rm --network streaming_kafka_project_sdp-net --volume /d/Streaming_kafka_project/pipelines:/opt/pipelines --volume /d/Streaming_kafka_project/data:/opt/data --volume /d/Streaming_kafka_project/checkpoints:/opt/checkpoints --volume /d/Streaming_kafka_project/jars:/opt/jars apache/spark:3.5.1 /opt/spark/bin/spark-submit --master spark://sdp-spark-master:7077 --executor-cores 1 --executor-memory 512m --total-executor-cores 3 --jars /opt/jars/delta-spark_2.12-3.2.0.jar,/opt/jars/delta-storage-3.2.0.jar,/opt/jars/spark-sql-kafka-0-10_2.12-3.5.1.jar,/opt/jars/kafka-clients-3.4.1.jar,/opt/jars/spark-token-provider-kafka-0-10_2.12-3.5.1.jar,/opt/jars/commons-pool2-2.11.1.jar --conf spark.sql.extensions=io.delta.sql.DeltaSparkSessionExtension --conf spark.sql.catalog.spark_catalog=org.apache.spark.sql.delta.catalog.DeltaCatalog  /opt/pipelines/bronze_runner.py']
[2026-06-10T02:04:10.993+0000] {subprocess.py:86} INFO - Output:
[2026-06-10T02:04:15.965+0000] {subprocess.py:93} INFO - 26/06/10 02:04:15 WARN NativeCodeLoader: Unable to load native-hadoop library for your platform... using builtin-java classes where applicable
[2026-06-10T02:04:17.147+0000] {subprocess.py:93} INFO - 26/06/10 02:04:17 INFO SparkContext: Running Spark version 3.5.1
[2026-06-10T02:04:17.154+0000] {subprocess.py:93} INFO - 26/06/10 02:04:17 INFO SparkContext: OS info Linux, 6.6.114.1-microsoft-standard-WSL2, amd64
[2026-06-10T02:04:17.157+0000] {subprocess.py:93} INFO - 26/06/10 02:04:17 INFO SparkContext: Java version 11.0.22
[2026-06-10T02:04:17.207+0000] {subprocess.py:93} INFO - 26/06/10 02:04:17 INFO ResourceUtils: ==============================================================
[2026-06-10T02:04:17.208+0000] {subprocess.py:93} INFO - 26/06/10 02:04:17 INFO ResourceUtils: No custom resources configured for spark.driver.
[2026-06-10T02:04:17.210+0000] {subprocess.py:93} INFO - 26/06/10 02:04:17 INFO ResourceUtils: ==============================================================
[2026-06-10T02:04:17.211+0000] {subprocess.py:93} INFO - 26/06/10 02:04:17 INFO SparkContext: Submitted application: SDP-Bronze
[2026-06-10T02:04:17.246+0000] {subprocess.py:93} INFO - 26/06/10 02:04:17 INFO ResourceProfile: Default ResourceProfile created, executor resources: Map(cores -> name: cores, amount: 1, script: , vendor: , memory -> name: memory, amount: 512, script: , vendor: , offHeap -> name: offHeap, amount: 0, script: , vendor: ), task resources: Map(cpus -> name: cpus, amount: 1.0)
[2026-06-10T02:04:17.267+0000] {subprocess.py:93} INFO - 26/06/10 02:04:17 INFO ResourceProfile: Limiting resource is cpus at 1 tasks per executor
[2026-06-10T02:04:17.272+0000] {subprocess.py:93} INFO - 26/06/10 02:04:17 INFO ResourceProfileManager: Added ResourceProfile id: 0
[2026-06-10T02:04:17.346+0000] {subprocess.py:93} INFO - 26/06/10 02:04:17 INFO SecurityManager: Changing view acls to: spark
[2026-06-10T02:04:17.347+0000] {subprocess.py:93} INFO - 26/06/10 02:04:17 INFO SecurityManager: Changing modify acls to: spark
[2026-06-10T02:04:17.349+0000] {subprocess.py:93} INFO - 26/06/10 02:04:17 INFO SecurityManager: Changing view acls groups to:
[2026-06-10T02:04:17.351+0000] {subprocess.py:93} INFO - 26/06/10 02:04:17 INFO SecurityManager: Changing modify acls groups to:
[2026-06-10T02:04:17.355+0000] {subprocess.py:93} INFO - 26/06/10 02:04:17 INFO SecurityManager: SecurityManager: authentication disabled; ui acls disabled; users with view permissions: spark; groups with view permissions: EMPTY; users with modify permissions: spark; groups with modify permissions: EMPTY
[2026-06-10T02:04:17.770+0000] {subprocess.py:93} INFO - 26/06/10 02:04:17 INFO Utils: Successfully started service 'sparkDriver' on port 40181.
[2026-06-10T02:04:17.842+0000] {subprocess.py:93} INFO - 26/06/10 02:04:17 INFO SparkEnv: Registering MapOutputTracker
[2026-06-10T02:04:17.911+0000] {subprocess.py:93} INFO - 26/06/10 02:04:17 INFO SparkEnv: Registering BlockManagerMaster
[2026-06-10T02:04:17.957+0000] {subprocess.py:93} INFO - 26/06/10 02:04:17 INFO BlockManagerMasterEndpoint: Using org.apache.spark.storage.DefaultTopologyMapper for getting topology information
[2026-06-10T02:04:17.960+0000] {subprocess.py:93} INFO - 26/06/10 02:04:17 INFO BlockManagerMasterEndpoint: BlockManagerMasterEndpoint up
[2026-06-10T02:04:17.968+0000] {subprocess.py:93} INFO - 26/06/10 02:04:17 INFO SparkEnv: Registering BlockManagerMasterHeartbeat
[2026-06-10T02:04:18.007+0000] {subprocess.py:93} INFO - 26/06/10 02:04:18 INFO DiskBlockManager: Created local directory at /tmp/blockmgr-048cdcb8-0e85-4be5-b1f8-a08d7699fb87
[2026-06-10T02:04:18.031+0000] {subprocess.py:93} INFO - 26/06/10 02:04:18 INFO MemoryStore: MemoryStore started with capacity 434.4 MiB
[2026-06-10T02:04:18.056+0000] {subprocess.py:93} INFO - 26/06/10 02:04:18 INFO SparkEnv: Registering OutputCommitCoordinator
[2026-06-10T02:04:18.261+0000] {subprocess.py:93} INFO - 26/06/10 02:04:18 INFO JettyUtils: Start Jetty 0.0.0.0:4040 for SparkUI
[2026-06-10T02:04:18.348+0000] {subprocess.py:93} INFO - 26/06/10 02:04:18 INFO Utils: Successfully started service 'SparkUI' on port 4040.
[2026-06-10T02:04:18.413+0000] {subprocess.py:93} INFO - 26/06/10 02:04:18 INFO SparkContext: Added JAR file:///opt/jars/delta-spark_2.12-3.2.0.jar at spark://4244a84d9120:40181/jars/delta-spark_2.12-3.2.0.jar with timestamp 1781057057128
[2026-06-10T02:04:18.414+0000] {subprocess.py:93} INFO - 26/06/10 02:04:18 INFO SparkContext: Added JAR file:///opt/jars/delta-storage-3.2.0.jar at spark://4244a84d9120:40181/jars/delta-storage-3.2.0.jar with timestamp 1781057057128
[2026-06-10T02:04:18.416+0000] {subprocess.py:93} INFO - 26/06/10 02:04:18 INFO SparkContext: Added JAR file:///opt/jars/spark-sql-kafka-0-10_2.12-3.5.1.jar at spark://4244a84d9120:40181/jars/spark-sql-kafka-0-10_2.12-3.5.1.jar with timestamp 1781057057128
[2026-06-10T02:04:18.418+0000] {subprocess.py:93} INFO - 26/06/10 02:04:18 INFO SparkContext: Added JAR file:///opt/jars/kafka-clients-3.4.1.jar at spark://4244a84d9120:40181/jars/kafka-clients-3.4.1.jar with timestamp 1781057057128
[2026-06-10T02:04:18.419+0000] {subprocess.py:93} INFO - 26/06/10 02:04:18 INFO SparkContext: Added JAR file:///opt/jars/spark-token-provider-kafka-0-10_2.12-3.5.1.jar at spark://4244a84d9120:40181/jars/spark-token-provider-kafka-0-10_2.12-3.5.1.jar with timestamp 1781057057128
[2026-06-10T02:04:18.426+0000] {subprocess.py:93} INFO - 26/06/10 02:04:18 INFO SparkContext: Added JAR file:///opt/jars/commons-pool2-2.11.1.jar at spark://4244a84d9120:40181/jars/commons-pool2-2.11.1.jar with timestamp 1781057057128
[2026-06-10T02:04:18.618+0000] {subprocess.py:93} INFO - 26/06/10 02:04:18 INFO StandaloneAppClient$ClientEndpoint: Connecting to master spark://sdp-spark-master:7077...
[2026-06-10T02:04:18.716+0000] {subprocess.py:93} INFO - 26/06/10 02:04:18 INFO TransportClientFactory: Successfully created connection to sdp-spark-master/172.18.0.4:7077 after 59 ms (0 ms spent in bootstraps)
[2026-06-10T02:04:18.872+0000] {subprocess.py:93} INFO - 26/06/10 02:04:18 INFO StandaloneSchedulerBackend: Connected to Spark cluster with app ID app-20260610020418-0057
[2026-06-10T02:04:18.880+0000] {subprocess.py:93} INFO - 26/06/10 02:04:18 INFO StandaloneAppClient$ClientEndpoint: Executor added: app-20260610020418-0057/0 on worker-20260608131402-172.18.0.6-44005 (172.18.0.6:44005) with 1 core(s)
[2026-06-10T02:04:18.892+0000] {subprocess.py:93} INFO - 26/06/10 02:04:18 INFO StandaloneSchedulerBackend: Granted executor ID app-20260610020418-0057/0 on hostPort 172.18.0.6:44005 with 1 core(s), 512.0 MiB RAM
[2026-06-10T02:04:18.896+0000] {subprocess.py:93} INFO - 26/06/10 02:04:18 INFO StandaloneAppClient$ClientEndpoint: Executor added: app-20260610020418-0057/1 on worker-20260608131402-172.18.0.6-44005 (172.18.0.6:44005) with 1 core(s)
[2026-06-10T02:04:18.897+0000] {subprocess.py:93} INFO - 26/06/10 02:04:18 INFO StandaloneSchedulerBackend: Granted executor ID app-20260610020418-0057/1 on hostPort 172.18.0.6:44005 with 1 core(s), 512.0 MiB RAM
[2026-06-10T02:04:18.899+0000] {subprocess.py:93} INFO - 26/06/10 02:04:18 INFO StandaloneAppClient$ClientEndpoint: Executor added: app-20260610020418-0057/2 on worker-20260608131402-172.18.0.5-38399 (172.18.0.5:38399) with 1 core(s)
[2026-06-10T02:04:18.900+0000] {subprocess.py:93} INFO - 26/06/10 02:04:18 INFO StandaloneSchedulerBackend: Granted executor ID app-20260610020418-0057/2 on hostPort 172.18.0.5:38399 with 1 core(s), 512.0 MiB RAM
[2026-06-10T02:04:18.922+0000] {subprocess.py:93} INFO - 26/06/10 02:04:18 INFO Utils: Successfully started service 'org.apache.spark.network.netty.NettyBlockTransferService' on port 34139.
[2026-06-10T02:04:18.924+0000] {subprocess.py:93} INFO - 26/06/10 02:04:18 INFO NettyBlockTransferService: Server created on 4244a84d9120:34139
[2026-06-10T02:04:18.939+0000] {subprocess.py:93} INFO - 26/06/10 02:04:18 INFO BlockManager: Using org.apache.spark.storage.RandomBlockReplicationPolicy for block replication policy
[2026-06-10T02:04:18.978+0000] {subprocess.py:93} INFO - 26/06/10 02:04:18 INFO BlockManagerMaster: Registering BlockManager BlockManagerId(driver, 4244a84d9120, 34139, None)
[2026-06-10T02:04:18.993+0000] {subprocess.py:93} INFO - 26/06/10 02:04:18 INFO BlockManagerMasterEndpoint: Registering block manager 4244a84d9120:34139 with 434.4 MiB RAM, BlockManagerId(driver, 4244a84d9120, 34139, None)
[2026-06-10T02:04:19.002+0000] {subprocess.py:93} INFO - 26/06/10 02:04:19 INFO BlockManagerMaster: Registered BlockManager BlockManagerId(driver, 4244a84d9120, 34139, None)
[2026-06-10T02:04:19.031+0000] {subprocess.py:93} INFO - 26/06/10 02:04:19 INFO BlockManager: Initialized BlockManager: BlockManagerId(driver, 4244a84d9120, 34139, None)
[2026-06-10T02:04:19.037+0000] {subprocess.py:93} INFO - 26/06/10 02:04:19 INFO StandaloneAppClient$ClientEndpoint: Executor updated: app-20260610020418-0057/0 is now RUNNING
[2026-06-10T02:04:19.039+0000] {subprocess.py:93} INFO - 26/06/10 02:04:19 INFO StandaloneAppClient$ClientEndpoint: Executor updated: app-20260610020418-0057/2 is now RUNNING
[2026-06-10T02:04:19.069+0000] {subprocess.py:93} INFO - 26/06/10 02:04:19 INFO StandaloneAppClient$ClientEndpoint: Executor updated: app-20260610020418-0057/1 is now RUNNING
[2026-06-10T02:04:19.876+0000] {subprocess.py:93} INFO - 26/06/10 02:04:19 INFO StandaloneSchedulerBackend: SchedulerBackend is ready for scheduling beginning after reached minRegisteredResourcesRatio: 0.0
[2026-06-10T02:04:20.807+0000] {subprocess.py:93} INFO - Starting stream: orders -> /opt/data/bronze/orders
[2026-06-10T02:04:49.065+0000] {subprocess.py:93} INFO - 26/06/10 02:04:49 WARN ResolveWriteToStream: spark.sql.adaptive.enabled is not supported in streaming DataFrames/Datasets and will be disabled.
[2026-06-10T02:04:49.315+0000] {subprocess.py:93} INFO - Starting stream: customers -> /opt/data/bronze/customers
[2026-06-10T02:04:51.895+0000] {subprocess.py:93} INFO - 26/06/10 02:04:51 WARN ResolveWriteToStream: spark.sql.adaptive.enabled is not supported in streaming DataFrames/Datasets and will be disabled.
[2026-06-10T02:04:52.004+0000] {subprocess.py:93} INFO - Starting stream: products -> /opt/data/bronze/products
[2026-06-10T02:04:55.591+0000] {subprocess.py:93} INFO - 26/06/10 02:04:55 WARN ResolveWriteToStream: spark.sql.adaptive.enabled is not supported in streaming DataFrames/Datasets and will be disabled.
[2026-06-10T02:04:57.894+0000] {subprocess.py:93} INFO - 26/06/10 02:04:57 WARN SparkStringUtils: Truncated the string representation of a plan since it was too large. This behavior can be adjusted by setting 'spark.sql.debug.maxToStringFields'.
[2026-06-10T02:05:52.218+0000] {subprocess.py:93} INFO - 26/06/10 02:05:52 WARN AdminClientConfig: These configurations '[key.deserializer, value.deserializer, enable.auto.commit, max.poll.records, auto.offset.reset]' were supplied but are not used yet.
[2026-06-10T02:06:00.240+0000] {subprocess.py:93} INFO - 26/06/10 02:06:00 WARN AdminClientConfig: These configurations '[key.deserializer, value.deserializer, enable.auto.commit, max.poll.records, auto.offset.reset]' were supplied but are not used yet.
[2026-06-10T02:06:01.988+0000] {subprocess.py:93} INFO - 26/06/10 02:06:01 WARN AdminClientConfig: These configurations '[key.deserializer, value.deserializer, enable.auto.commit, max.poll.records, auto.offset.reset]' were supplied but are not used yet.
[2026-06-10T02:06:12.316+0000] {subprocess.py:97} INFO - Command exited with return code 124
[2026-06-10T02:06:12.318+0000] {taskinstance.py:441} INFO - ::group::Post task execution logs
[2026-06-10T02:06:12.354+0000] {taskinstance.py:2890} ERROR - Task failed with exception
Traceback (most recent call last):
  File "/home/airflow/.local/lib/python3.12/site-packages/airflow/models/taskinstance.py", line 465, in _execute_task
    result = _execute_callable(context=context, **execute_callable_kwargs)
             ^^^^^^^^^^^^^^^^^^^^^^^^^^^^^^^^^^^^^^^^^^^^^^^^^^^^^^^^^^^^^
  File "/home/airflow/.local/lib/python3.12/site-packages/airflow/models/taskinstance.py", line 432, in _execute_callable
    return execute_callable(context=context, **execute_callable_kwargs)
           ^^^^^^^^^^^^^^^^^^^^^^^^^^^^^^^^^^^^^^^^^^^^^^^^^^^^^^^^^^^^
  File "/home/airflow/.local/lib/python3.12/site-packages/airflow/models/baseoperator.py", line 400, in wrapper
    return func(self, *args, **kwargs)
           ^^^^^^^^^^^^^^^^^^^^^^^^^^^
  File "/home/airflow/.local/lib/python3.12/site-packages/airflow/operators/bash.py", line 243, in execute
    raise AirflowException(
airflow.exceptions.AirflowException: Bash command failed. The command returned a non-zero exit code 124.
[2026-06-10T02:06:12.367+0000] {taskinstance.py:1205} INFO - Marking task as FAILED. dag_id=e-commerce_kafka_streaming_pipeline_v10, task_id=run_bronze, execution_date=20260610T010000, start_date=20260610T020410, end_date=20260610T020612
[2026-06-10T02:06:12.407+0000] {standard_task_runner.py:110} ERROR - Failed to execute job 125 for task run_bronze (Bash command failed. The command returned a non-zero exit code 124.; 6023)
[2026-06-10T02:06:12.462+0000] {local_task_job_runner.py:240} INFO - Task exited with return code 1
[2026-06-10T02:06:12.529+0000] {taskinstance.py:3482} INFO - 0 downstream tasks scheduled from follow-on schedule check
[2026-06-10T02:06:12.541+0000] {local_task_job_runner.py:222} INFO - ::endgroup::
