[2026-07-20T05:57:30.886+0000] {local_task_job_runner.py:120} INFO - ::group::Pre task execution logs
[2026-07-20T05:57:30.940+0000] {taskinstance.py:2073} INFO - Dependencies all met for dep_context=non-requeueable deps ti=<TaskInstance: e-commerce_kafka_streaming_pipeline_v1.run_bronze scheduled__2026-07-17T16:00:00+00:00 [queued]>
[2026-07-20T05:57:30.955+0000] {taskinstance.py:2073} INFO - Dependencies all met for dep_context=requeueable deps ti=<TaskInstance: e-commerce_kafka_streaming_pipeline_v1.run_bronze scheduled__2026-07-17T16:00:00+00:00 [queued]>
[2026-07-20T05:57:30.956+0000] {taskinstance.py:2303} INFO - Starting attempt 2 of 2
[2026-07-20T05:57:30.979+0000] {taskinstance.py:2327} INFO - Executing <Task(BashOperator): run_bronze> on 2026-07-17 16:00:00+00:00
[2026-07-20T05:57:30.992+0000] {standard_task_runner.py:90} INFO - Running: ['***', 'tasks', 'run', 'e-commerce_kafka_streaming_pipeline_v1', 'run_bronze', 'scheduled__2026-07-17T16:00:00+00:00', '--job-id', '170', '--raw', '--subdir', 'DAGS_FOLDER/sdp_pipeline_dag.py', '--cfg-path', '/tmp/tmpe19gs1vt']
[2026-07-20T05:57:30.995+0000] {standard_task_runner.py:91} INFO - Job 170: Subtask run_bronze
[2026-07-20T05:57:31.005+0000] {logging_mixin.py:188} WARNING - /home/***/.local/lib/python3.12/site-packages/***/task/task_runner/standard_task_runner.py:61 DeprecationWarning: This process (pid=5491) is multi-threaded, use of fork() may lead to deadlocks in the child.
[2026-07-20T05:57:31.006+0000] {standard_task_runner.py:63} INFO - Started process 5492 to run task
[2026-07-20T05:57:31.066+0000] {task_command.py:426} INFO - Running <TaskInstance: e-commerce_kafka_streaming_pipeline_v1.run_bronze scheduled__2026-07-17T16:00:00+00:00 [running]> on host da27550080bf
[2026-07-20T05:57:31.220+0000] {taskinstance.py:2644} INFO - Exporting env vars: AIRFLOW_CTX_DAG_OWNER='dev' AIRFLOW_CTX_DAG_ID='e-commerce_kafka_streaming_pipeline_v1' AIRFLOW_CTX_TASK_ID='run_bronze' AIRFLOW_CTX_EXECUTION_DATE='2026-07-17T16:00:00+00:00' AIRFLOW_CTX_TRY_NUMBER='2' AIRFLOW_CTX_DAG_RUN_ID='scheduled__2026-07-17T16:00:00+00:00'
[2026-07-20T05:57:31.222+0000] {taskinstance.py:430} INFO - ::endgroup::
[2026-07-20T05:57:31.250+0000] {subprocess.py:63} INFO - Tmp dir root location: /tmp
[2026-07-20T05:57:31.254+0000] {subprocess.py:75} INFO - Running command: ['/usr/bin/bash', '-c', 'timeout 150s docker run --rm --network streaming_kafka_project_sdp-net --volume /d/Streaming_kafka_project/pipelines:/opt/pipelines --volume /d/Streaming_kafka_project/data:/opt/data --volume /d/Streaming_kafka_project/checkpoints:/opt/checkpoints --volume /d/Streaming_kafka_project/jars:/opt/jars apache/spark:3.5.1 /opt/spark/bin/spark-submit --master spark://sdp-spark-master:7077 --executor-cores 1 --executor-memory 512m --total-executor-cores 3 --jars /opt/jars/delta-spark_2.12-3.2.0.jar,/opt/jars/delta-storage-3.2.0.jar,/opt/jars/spark-sql-kafka-0-10_2.12-3.5.1.jar,/opt/jars/kafka-clients-3.4.1.jar,/opt/jars/spark-token-provider-kafka-0-10_2.12-3.5.1.jar,/opt/jars/commons-pool2-2.11.1.jar --conf spark.sql.extensions=io.delta.sql.DeltaSparkSessionExtension --conf spark.sql.catalog.spark_catalog=org.apache.spark.sql.delta.catalog.DeltaCatalog  /opt/pipelines/bronze_runner.py']
[2026-07-20T05:57:31.266+0000] {subprocess.py:86} INFO - Output:
[2026-07-20T05:57:34.145+0000] {subprocess.py:93} INFO - 26/07/20 05:57:34 WARN NativeCodeLoader: Unable to load native-hadoop library for your platform... using builtin-java classes where applicable
[2026-07-20T05:57:35.391+0000] {subprocess.py:93} INFO - 26/07/20 05:57:35 INFO SparkContext: Running Spark version 3.5.1
[2026-07-20T05:57:35.393+0000] {subprocess.py:93} INFO - 26/07/20 05:57:35 INFO SparkContext: OS info Linux, 6.18.33.2-microsoft-standard-WSL2, amd64
[2026-07-20T05:57:35.394+0000] {subprocess.py:93} INFO - 26/07/20 05:57:35 INFO SparkContext: Java version 11.0.22
[2026-07-20T05:57:35.443+0000] {subprocess.py:93} INFO - 26/07/20 05:57:35 INFO ResourceUtils: ==============================================================
[2026-07-20T05:57:35.444+0000] {subprocess.py:93} INFO - 26/07/20 05:57:35 INFO ResourceUtils: No custom resources configured for spark.driver.
[2026-07-20T05:57:35.446+0000] {subprocess.py:93} INFO - 26/07/20 05:57:35 INFO ResourceUtils: ==============================================================
[2026-07-20T05:57:35.447+0000] {subprocess.py:93} INFO - 26/07/20 05:57:35 INFO SparkContext: Submitted application: SDP-Bronze
[2026-07-20T05:57:35.488+0000] {subprocess.py:93} INFO - 26/07/20 05:57:35 INFO ResourceProfile: Default ResourceProfile created, executor resources: Map(cores -> name: cores, amount: 1, script: , vendor: , memory -> name: memory, amount: 512, script: , vendor: , offHeap -> name: offHeap, amount: 0, script: , vendor: ), task resources: Map(cpus -> name: cpus, amount: 1.0)
[2026-07-20T05:57:35.507+0000] {subprocess.py:93} INFO - 26/07/20 05:57:35 INFO ResourceProfile: Limiting resource is cpus at 1 tasks per executor
[2026-07-20T05:57:35.511+0000] {subprocess.py:93} INFO - 26/07/20 05:57:35 INFO ResourceProfileManager: Added ResourceProfile id: 0
[2026-07-20T05:57:35.595+0000] {subprocess.py:93} INFO - 26/07/20 05:57:35 INFO SecurityManager: Changing view acls to: spark
[2026-07-20T05:57:35.597+0000] {subprocess.py:93} INFO - 26/07/20 05:57:35 INFO SecurityManager: Changing modify acls to: spark
[2026-07-20T05:57:35.598+0000] {subprocess.py:93} INFO - 26/07/20 05:57:35 INFO SecurityManager: Changing view acls groups to:
[2026-07-20T05:57:35.599+0000] {subprocess.py:93} INFO - 26/07/20 05:57:35 INFO SecurityManager: Changing modify acls groups to:
[2026-07-20T05:57:35.601+0000] {subprocess.py:93} INFO - 26/07/20 05:57:35 INFO SecurityManager: SecurityManager: authentication disabled; ui acls disabled; users with view permissions: spark; groups with view permissions: EMPTY; users with modify permissions: spark; groups with modify permissions: EMPTY
[2026-07-20T05:57:35.904+0000] {subprocess.py:93} INFO - 26/07/20 05:57:35 INFO Utils: Successfully started service 'sparkDriver' on port 41175.
[2026-07-20T05:57:35.943+0000] {subprocess.py:93} INFO - 26/07/20 05:57:35 INFO SparkEnv: Registering MapOutputTracker
[2026-07-20T05:57:35.988+0000] {subprocess.py:93} INFO - 26/07/20 05:57:35 INFO SparkEnv: Registering BlockManagerMaster
[2026-07-20T05:57:36.012+0000] {subprocess.py:93} INFO - 26/07/20 05:57:36 INFO BlockManagerMasterEndpoint: Using org.apache.spark.storage.DefaultTopologyMapper for getting topology information
[2026-07-20T05:57:36.014+0000] {subprocess.py:93} INFO - 26/07/20 05:57:36 INFO BlockManagerMasterEndpoint: BlockManagerMasterEndpoint up
[2026-07-20T05:57:36.034+0000] {subprocess.py:93} INFO - 26/07/20 05:57:36 INFO SparkEnv: Registering BlockManagerMasterHeartbeat
[2026-07-20T05:57:36.101+0000] {subprocess.py:93} INFO - 26/07/20 05:57:36 INFO DiskBlockManager: Created local directory at /tmp/blockmgr-9a0f36bf-d90f-4f59-ada0-44490a60acb5
[2026-07-20T05:57:36.132+0000] {subprocess.py:93} INFO - 26/07/20 05:57:36 INFO MemoryStore: MemoryStore started with capacity 434.4 MiB
[2026-07-20T05:57:36.158+0000] {subprocess.py:93} INFO - 26/07/20 05:57:36 INFO SparkEnv: Registering OutputCommitCoordinator
[2026-07-20T05:57:36.364+0000] {subprocess.py:93} INFO - 26/07/20 05:57:36 INFO JettyUtils: Start Jetty 0.0.0.0:4040 for SparkUI
[2026-07-20T05:57:36.452+0000] {subprocess.py:93} INFO - 26/07/20 05:57:36 INFO Utils: Successfully started service 'SparkUI' on port 4040.
[2026-07-20T05:57:36.508+0000] {subprocess.py:93} INFO - 26/07/20 05:57:36 INFO SparkContext: Added JAR file:///opt/jars/delta-spark_2.12-3.2.0.jar at spark://80a0179c32cf:41175/jars/delta-spark_2.12-3.2.0.jar with timestamp 1784527055378
[2026-07-20T05:57:36.511+0000] {subprocess.py:93} INFO - 26/07/20 05:57:36 INFO SparkContext: Added JAR file:///opt/jars/delta-storage-3.2.0.jar at spark://80a0179c32cf:41175/jars/delta-storage-3.2.0.jar with timestamp 1784527055378
[2026-07-20T05:57:36.512+0000] {subprocess.py:93} INFO - 26/07/20 05:57:36 INFO SparkContext: Added JAR file:///opt/jars/spark-sql-kafka-0-10_2.12-3.5.1.jar at spark://80a0179c32cf:41175/jars/spark-sql-kafka-0-10_2.12-3.5.1.jar with timestamp 1784527055378
[2026-07-20T05:57:36.513+0000] {subprocess.py:93} INFO - 26/07/20 05:57:36 INFO SparkContext: Added JAR file:///opt/jars/kafka-clients-3.4.1.jar at spark://80a0179c32cf:41175/jars/kafka-clients-3.4.1.jar with timestamp 1784527055378
[2026-07-20T05:57:36.514+0000] {subprocess.py:93} INFO - 26/07/20 05:57:36 INFO SparkContext: Added JAR file:///opt/jars/spark-token-provider-kafka-0-10_2.12-3.5.1.jar at spark://80a0179c32cf:41175/jars/spark-token-provider-kafka-0-10_2.12-3.5.1.jar with timestamp 1784527055378
[2026-07-20T05:57:36.515+0000] {subprocess.py:93} INFO - 26/07/20 05:57:36 INFO SparkContext: Added JAR file:///opt/jars/commons-pool2-2.11.1.jar at spark://80a0179c32cf:41175/jars/commons-pool2-2.11.1.jar with timestamp 1784527055378
[2026-07-20T05:57:36.625+0000] {subprocess.py:93} INFO - 26/07/20 05:57:36 INFO StandaloneAppClient$ClientEndpoint: Connecting to master spark://sdp-spark-master:7077...
[2026-07-20T05:57:36.690+0000] {subprocess.py:93} INFO - 26/07/20 05:57:36 INFO TransportClientFactory: Successfully created connection to sdp-spark-master/172.18.0.4:7077 after 35 ms (0 ms spent in bootstraps)
[2026-07-20T05:57:36.827+0000] {subprocess.py:93} INFO - 26/07/20 05:57:36 INFO StandaloneSchedulerBackend: Connected to Spark cluster with app ID app-20260720055736-0081
[2026-07-20T05:57:36.832+0000] {subprocess.py:93} INFO - 26/07/20 05:57:36 INFO StandaloneAppClient$ClientEndpoint: Executor added: app-20260720055736-0081/0 on worker-20260716063602-172.18.0.6-33249 (172.18.0.6:33249) with 1 core(s)
[2026-07-20T05:57:36.841+0000] {subprocess.py:93} INFO - 26/07/20 05:57:36 INFO StandaloneSchedulerBackend: Granted executor ID app-20260720055736-0081/0 on hostPort 172.18.0.6:33249 with 1 core(s), 512.0 MiB RAM
[2026-07-20T05:57:36.852+0000] {subprocess.py:93} INFO - 26/07/20 05:57:36 INFO StandaloneAppClient$ClientEndpoint: Executor added: app-20260720055736-0081/1 on worker-20260716063602-172.18.0.6-33249 (172.18.0.6:33249) with 1 core(s)
[2026-07-20T05:57:36.854+0000] {subprocess.py:93} INFO - 26/07/20 05:57:36 INFO StandaloneSchedulerBackend: Granted executor ID app-20260720055736-0081/1 on hostPort 172.18.0.6:33249 with 1 core(s), 512.0 MiB RAM
[2026-07-20T05:57:36.856+0000] {subprocess.py:93} INFO - 26/07/20 05:57:36 INFO StandaloneAppClient$ClientEndpoint: Executor added: app-20260720055736-0081/2 on worker-20260716063602-172.18.0.5-44367 (172.18.0.5:44367) with 1 core(s)
[2026-07-20T05:57:36.863+0000] {subprocess.py:93} INFO - 26/07/20 05:57:36 INFO StandaloneSchedulerBackend: Granted executor ID app-20260720055736-0081/2 on hostPort 172.18.0.5:44367 with 1 core(s), 512.0 MiB RAM
[2026-07-20T05:57:36.875+0000] {subprocess.py:93} INFO - 26/07/20 05:57:36 INFO Utils: Successfully started service 'org.apache.spark.network.netty.NettyBlockTransferService' on port 41905.
[2026-07-20T05:57:36.877+0000] {subprocess.py:93} INFO - 26/07/20 05:57:36 INFO NettyBlockTransferService: Server created on 80a0179c32cf:41905
[2026-07-20T05:57:36.879+0000] {subprocess.py:93} INFO - 26/07/20 05:57:36 INFO BlockManager: Using org.apache.spark.storage.RandomBlockReplicationPolicy for block replication policy
[2026-07-20T05:57:36.881+0000] {subprocess.py:93} INFO - 26/07/20 05:57:36 INFO BlockManagerMaster: Registering BlockManager BlockManagerId(driver, 80a0179c32cf, 41905, None)
[2026-07-20T05:57:36.896+0000] {subprocess.py:93} INFO - 26/07/20 05:57:36 INFO BlockManagerMasterEndpoint: Registering block manager 80a0179c32cf:41905 with 434.4 MiB RAM, BlockManagerId(driver, 80a0179c32cf, 41905, None)
[2026-07-20T05:57:36.916+0000] {subprocess.py:93} INFO - 26/07/20 05:57:36 INFO BlockManagerMaster: Registered BlockManager BlockManagerId(driver, 80a0179c32cf, 41905, None)
[2026-07-20T05:57:36.924+0000] {subprocess.py:93} INFO - 26/07/20 05:57:36 INFO BlockManager: Initialized BlockManager: BlockManagerId(driver, 80a0179c32cf, 41905, None)
[2026-07-20T05:57:37.071+0000] {subprocess.py:93} INFO - 26/07/20 05:57:37 INFO StandaloneAppClient$ClientEndpoint: Executor updated: app-20260720055736-0081/1 is now RUNNING
[2026-07-20T05:57:37.073+0000] {subprocess.py:93} INFO - 26/07/20 05:57:37 INFO StandaloneAppClient$ClientEndpoint: Executor updated: app-20260720055736-0081/0 is now RUNNING
[2026-07-20T05:57:37.076+0000] {subprocess.py:93} INFO - 26/07/20 05:57:37 INFO StandaloneAppClient$ClientEndpoint: Executor updated: app-20260720055736-0081/2 is now RUNNING
[2026-07-20T05:57:37.706+0000] {subprocess.py:93} INFO - 26/07/20 05:57:37 INFO StandaloneSchedulerBackend: SchedulerBackend is ready for scheduling beginning after reached minRegisteredResourcesRatio: 0.0
[2026-07-20T05:57:38.390+0000] {subprocess.py:93} INFO - Starting stream: orders -> /opt/data/bronze/orders
[2026-07-20T05:58:16.081+0000] {subprocess.py:93} INFO - 26/07/20 05:58:16 WARN ResolveWriteToStream: spark.sql.adaptive.enabled is not supported in streaming DataFrames/Datasets and will be disabled.
[2026-07-20T05:58:16.422+0000] {subprocess.py:93} INFO - Starting stream: customers -> /opt/data/bronze/customers
[2026-07-20T05:58:20.753+0000] {subprocess.py:93} INFO - 26/07/20 05:58:20 WARN AdminClientConfig: These configurations '[key.deserializer, value.deserializer, enable.auto.commit, max.poll.records, auto.offset.reset]' were supplied but are not used yet.
[2026-07-20T05:58:23.964+0000] {subprocess.py:93} INFO - 26/07/20 05:58:23 WARN ResolveWriteToStream: spark.sql.adaptive.enabled is not supported in streaming DataFrames/Datasets and will be disabled.
[2026-07-20T05:58:24.283+0000] {subprocess.py:93} INFO - Starting stream: products -> /opt/data/bronze/products
[2026-07-20T05:58:27.178+0000] {subprocess.py:93} INFO - 26/07/20 05:58:27 WARN AdminClientConfig: These configurations '[key.deserializer, value.deserializer, enable.auto.commit, max.poll.records, auto.offset.reset]' were supplied but are not used yet.
[2026-07-20T05:58:28.041+0000] {subprocess.py:93} INFO - 26/07/20 05:58:28 WARN ResolveWriteToStream: spark.sql.adaptive.enabled is not supported in streaming DataFrames/Datasets and will be disabled.
[2026-07-20T05:58:31.024+0000] {subprocess.py:93} INFO - 26/07/20 05:58:31 WARN AdminClientConfig: These configurations '[key.deserializer, value.deserializer, enable.auto.commit, max.poll.records, auto.offset.reset]' were supplied but are not used yet.
[2026-07-20T06:00:04.381+0000] {subprocess.py:97} INFO - Command exited with return code 124
[2026-07-20T06:00:04.406+0000] {taskinstance.py:441} INFO - ::group::Post task execution logs
[2026-07-20T06:00:04.642+0000] {taskinstance.py:2890} ERROR - Task failed with exception
Traceback (most recent call last):
  File "/home/airflow/.local/lib/python3.12/site-packages/airflow/models/taskinstance.py", line 465, in _execute_task
    result = _execute_callable(context=context, **execute_callable_kwargs)
             ^^^^^^^^^^^^^^^^^^^^^^^^^^^^^^^^^^^^^^^^^^^^^^^^^^^^^^^^^^^^^
  File "/home/airflow/.local/lib/python3.12/site-packages/airflow/models/taskinstance.py", line 432, in _execute_callable
    return execute_callable(context=context, **execute_callable_kwargs)
           ^^^^^^^^^^^^^^^^^^^^^^^^^^^^^^^^^^^^^^^^^^^^^^^^^^^^^^^^^^^^
  File "/home/airflow/.local/lib/python3.12/site-packages/airflow/models/baseoperator.py", line 400, in wrapper
    return func(self, *args, **kwargs)
           ^^^^^^^^^^^^^^^^^^^^^^^^^^^
  File "/home/airflow/.local/lib/python3.12/site-packages/airflow/operators/bash.py", line 243, in execute
    raise AirflowException(
airflow.exceptions.AirflowException: Bash command failed. The command returned a non-zero exit code 124.
[2026-07-20T06:00:04.758+0000] {taskinstance.py:1205} INFO - Marking task as FAILED. dag_id=e-commerce_kafka_streaming_pipeline_v1, task_id=run_bronze, execution_date=20260717T160000, start_date=20260720T055730, end_date=20260720T060004
[2026-07-20T06:00:04.937+0000] {standard_task_runner.py:110} ERROR - Failed to execute job 170 for task run_bronze (Bash command failed. The command returned a non-zero exit code 124.; 5492)
[2026-07-20T06:00:05.017+0000] {local_task_job_runner.py:240} INFO - Task exited with return code 1
[2026-07-20T06:00:05.361+0000] {taskinstance.py:3482} INFO - 0 downstream tasks scheduled from follow-on schedule check
[2026-07-20T06:00:05.416+0000] {local_task_job_runner.py:222} INFO - ::endgroup::
