[2026-07-20T05:52:56.395+0000] {local_task_job_runner.py:120} INFO - ::group::Pre task execution logs
[2026-07-20T05:52:56.564+0000] {taskinstance.py:2073} INFO - Dependencies all met for dep_context=non-requeueable deps ti=<TaskInstance: e-commerce_kafka_streaming_pipeline_v1.run_bronze scheduled__2026-07-17T16:00:00+00:00 [queued]>
[2026-07-20T05:52:56.597+0000] {taskinstance.py:2073} INFO - Dependencies all met for dep_context=requeueable deps ti=<TaskInstance: e-commerce_kafka_streaming_pipeline_v1.run_bronze scheduled__2026-07-17T16:00:00+00:00 [queued]>
[2026-07-20T05:52:56.622+0000] {taskinstance.py:2303} INFO - Starting attempt 1 of 2
[2026-07-20T05:52:56.700+0000] {taskinstance.py:2327} INFO - Executing <Task(BashOperator): run_bronze> on 2026-07-17 16:00:00+00:00
[2026-07-20T05:52:56.718+0000] {standard_task_runner.py:90} INFO - Running: ['***', 'tasks', 'run', 'e-commerce_kafka_streaming_pipeline_v1', 'run_bronze', 'scheduled__2026-07-17T16:00:00+00:00', '--job-id', '163', '--raw', '--subdir', 'DAGS_FOLDER/sdp_pipeline_dag.py', '--cfg-path', '/tmp/tmpjtfn2d1b']
[2026-07-20T05:52:56.743+0000] {standard_task_runner.py:91} INFO - Job 163: Subtask run_bronze
[2026-07-20T05:52:56.761+0000] {logging_mixin.py:188} WARNING - /home/***/.local/lib/python3.12/site-packages/***/task/task_runner/standard_task_runner.py:61 DeprecationWarning: This process (pid=5385) is multi-threaded, use of fork() may lead to deadlocks in the child.
[2026-07-20T05:52:56.803+0000] {standard_task_runner.py:63} INFO - Started process 5393 to run task
[2026-07-20T05:52:57.541+0000] {task_command.py:426} INFO - Running <TaskInstance: e-commerce_kafka_streaming_pipeline_v1.run_bronze scheduled__2026-07-17T16:00:00+00:00 [running]> on host da27550080bf
[2026-07-20T05:52:58.220+0000] {taskinstance.py:2644} INFO - Exporting env vars: AIRFLOW_CTX_DAG_OWNER='dev' AIRFLOW_CTX_DAG_ID='e-commerce_kafka_streaming_pipeline_v1' AIRFLOW_CTX_TASK_ID='run_bronze' AIRFLOW_CTX_EXECUTION_DATE='2026-07-17T16:00:00+00:00' AIRFLOW_CTX_TRY_NUMBER='1' AIRFLOW_CTX_DAG_RUN_ID='scheduled__2026-07-17T16:00:00+00:00'
[2026-07-20T05:52:58.234+0000] {taskinstance.py:430} INFO - ::endgroup::
[2026-07-20T05:52:58.317+0000] {subprocess.py:63} INFO - Tmp dir root location: /tmp
[2026-07-20T05:52:58.350+0000] {subprocess.py:75} INFO - Running command: ['/usr/bin/bash', '-c', 'timeout 150s docker run --rm --network streaming_kafka_project_sdp-net --volume /d/Streaming_kafka_project/pipelines:/opt/pipelines --volume /d/Streaming_kafka_project/data:/opt/data --volume /d/Streaming_kafka_project/checkpoints:/opt/checkpoints --volume /d/Streaming_kafka_project/jars:/opt/jars apache/spark:3.5.1 /opt/spark/bin/spark-submit --master spark://sdp-spark-master:7077 --executor-cores 1 --executor-memory 512m --total-executor-cores 3 --jars /opt/jars/delta-spark_2.12-3.2.0.jar,/opt/jars/delta-storage-3.2.0.jar,/opt/jars/spark-sql-kafka-0-10_2.12-3.5.1.jar,/opt/jars/kafka-clients-3.4.1.jar,/opt/jars/spark-token-provider-kafka-0-10_2.12-3.5.1.jar,/opt/jars/commons-pool2-2.11.1.jar --conf spark.sql.extensions=io.delta.sql.DeltaSparkSessionExtension --conf spark.sql.catalog.spark_catalog=org.apache.spark.sql.delta.catalog.DeltaCatalog  /opt/pipelines/bronze_runner.py']
[2026-07-20T05:52:58.385+0000] {subprocess.py:86} INFO - Output:
[2026-07-20T05:53:08.316+0000] {subprocess.py:93} INFO - 26/07/20 05:53:08 WARN NativeCodeLoader: Unable to load native-hadoop library for your platform... using builtin-java classes where applicable
[2026-07-20T05:53:10.190+0000] {subprocess.py:93} INFO - 26/07/20 05:53:10 INFO SparkContext: Running Spark version 3.5.1
[2026-07-20T05:53:10.192+0000] {subprocess.py:93} INFO - 26/07/20 05:53:10 INFO SparkContext: OS info Linux, 6.18.33.2-microsoft-standard-WSL2, amd64
[2026-07-20T05:53:10.193+0000] {subprocess.py:93} INFO - 26/07/20 05:53:10 INFO SparkContext: Java version 11.0.22
[2026-07-20T05:53:10.248+0000] {subprocess.py:93} INFO - 26/07/20 05:53:10 INFO ResourceUtils: ==============================================================
[2026-07-20T05:53:10.251+0000] {subprocess.py:93} INFO - 26/07/20 05:53:10 INFO ResourceUtils: No custom resources configured for spark.driver.
[2026-07-20T05:53:10.253+0000] {subprocess.py:93} INFO - 26/07/20 05:53:10 INFO ResourceUtils: ==============================================================
[2026-07-20T05:53:10.254+0000] {subprocess.py:93} INFO - 26/07/20 05:53:10 INFO SparkContext: Submitted application: SDP-Bronze
[2026-07-20T05:53:10.301+0000] {subprocess.py:93} INFO - 26/07/20 05:53:10 INFO ResourceProfile: Default ResourceProfile created, executor resources: Map(cores -> name: cores, amount: 1, script: , vendor: , memory -> name: memory, amount: 512, script: , vendor: , offHeap -> name: offHeap, amount: 0, script: , vendor: ), task resources: Map(cpus -> name: cpus, amount: 1.0)
[2026-07-20T05:53:10.355+0000] {subprocess.py:93} INFO - 26/07/20 05:53:10 INFO ResourceProfile: Limiting resource is cpus at 1 tasks per executor
[2026-07-20T05:53:10.358+0000] {subprocess.py:93} INFO - 26/07/20 05:53:10 INFO ResourceProfileManager: Added ResourceProfile id: 0
[2026-07-20T05:53:10.527+0000] {subprocess.py:93} INFO - 26/07/20 05:53:10 INFO SecurityManager: Changing view acls to: spark
[2026-07-20T05:53:10.529+0000] {subprocess.py:93} INFO - 26/07/20 05:53:10 INFO SecurityManager: Changing modify acls to: spark
[2026-07-20T05:53:10.531+0000] {subprocess.py:93} INFO - 26/07/20 05:53:10 INFO SecurityManager: Changing view acls groups to:
[2026-07-20T05:53:10.532+0000] {subprocess.py:93} INFO - 26/07/20 05:53:10 INFO SecurityManager: Changing modify acls groups to:
[2026-07-20T05:53:10.534+0000] {subprocess.py:93} INFO - 26/07/20 05:53:10 INFO SecurityManager: SecurityManager: authentication disabled; ui acls disabled; users with view permissions: spark; groups with view permissions: EMPTY; users with modify permissions: spark; groups with modify permissions: EMPTY
[2026-07-20T05:53:11.063+0000] {subprocess.py:93} INFO - 26/07/20 05:53:11 INFO Utils: Successfully started service 'sparkDriver' on port 42669.
[2026-07-20T05:53:11.156+0000] {subprocess.py:93} INFO - 26/07/20 05:53:11 INFO SparkEnv: Registering MapOutputTracker
[2026-07-20T05:53:11.223+0000] {subprocess.py:93} INFO - 26/07/20 05:53:11 INFO SparkEnv: Registering BlockManagerMaster
[2026-07-20T05:53:11.256+0000] {subprocess.py:93} INFO - 26/07/20 05:53:11 INFO BlockManagerMasterEndpoint: Using org.apache.spark.storage.DefaultTopologyMapper for getting topology information
[2026-07-20T05:53:11.258+0000] {subprocess.py:93} INFO - 26/07/20 05:53:11 INFO BlockManagerMasterEndpoint: BlockManagerMasterEndpoint up
[2026-07-20T05:53:11.268+0000] {subprocess.py:93} INFO - 26/07/20 05:53:11 INFO SparkEnv: Registering BlockManagerMasterHeartbeat
[2026-07-20T05:53:11.313+0000] {subprocess.py:93} INFO - 26/07/20 05:53:11 INFO DiskBlockManager: Created local directory at /tmp/blockmgr-d9649980-a7fb-437f-874f-27edeae43d56
[2026-07-20T05:53:11.351+0000] {subprocess.py:93} INFO - 26/07/20 05:53:11 INFO MemoryStore: MemoryStore started with capacity 434.4 MiB
[2026-07-20T05:53:11.389+0000] {subprocess.py:93} INFO - 26/07/20 05:53:11 INFO SparkEnv: Registering OutputCommitCoordinator
[2026-07-20T05:53:11.757+0000] {subprocess.py:93} INFO - 26/07/20 05:53:11 INFO JettyUtils: Start Jetty 0.0.0.0:4040 for SparkUI
[2026-07-20T05:53:11.848+0000] {subprocess.py:93} INFO - 26/07/20 05:53:11 INFO Utils: Successfully started service 'SparkUI' on port 4040.
[2026-07-20T05:53:11.885+0000] {subprocess.py:93} INFO - 26/07/20 05:53:11 INFO SparkContext: Added JAR file:///opt/jars/delta-spark_2.12-3.2.0.jar at spark://7c043141dfdd:42669/jars/delta-spark_2.12-3.2.0.jar with timestamp 1784526790168
[2026-07-20T05:53:11.886+0000] {subprocess.py:93} INFO - 26/07/20 05:53:11 INFO SparkContext: Added JAR file:///opt/jars/delta-storage-3.2.0.jar at spark://7c043141dfdd:42669/jars/delta-storage-3.2.0.jar with timestamp 1784526790168
[2026-07-20T05:53:11.888+0000] {subprocess.py:93} INFO - 26/07/20 05:53:11 INFO SparkContext: Added JAR file:///opt/jars/spark-sql-kafka-0-10_2.12-3.5.1.jar at spark://7c043141dfdd:42669/jars/spark-sql-kafka-0-10_2.12-3.5.1.jar with timestamp 1784526790168
[2026-07-20T05:53:11.889+0000] {subprocess.py:93} INFO - 26/07/20 05:53:11 INFO SparkContext: Added JAR file:///opt/jars/kafka-clients-3.4.1.jar at spark://7c043141dfdd:42669/jars/kafka-clients-3.4.1.jar with timestamp 1784526790168
[2026-07-20T05:53:11.890+0000] {subprocess.py:93} INFO - 26/07/20 05:53:11 INFO SparkContext: Added JAR file:///opt/jars/spark-token-provider-kafka-0-10_2.12-3.5.1.jar at spark://7c043141dfdd:42669/jars/spark-token-provider-kafka-0-10_2.12-3.5.1.jar with timestamp 1784526790168
[2026-07-20T05:53:11.891+0000] {subprocess.py:93} INFO - 26/07/20 05:53:11 INFO SparkContext: Added JAR file:///opt/jars/commons-pool2-2.11.1.jar at spark://7c043141dfdd:42669/jars/commons-pool2-2.11.1.jar with timestamp 1784526790168
[2026-07-20T05:53:11.985+0000] {subprocess.py:93} INFO - 26/07/20 05:53:11 INFO StandaloneAppClient$ClientEndpoint: Connecting to master spark://sdp-spark-master:7077...
[2026-07-20T05:53:12.088+0000] {subprocess.py:93} INFO - 26/07/20 05:53:12 INFO TransportClientFactory: Successfully created connection to sdp-spark-master/172.18.0.4:7077 after 59 ms (0 ms spent in bootstraps)
[2026-07-20T05:53:12.283+0000] {subprocess.py:93} INFO - 26/07/20 05:53:12 INFO StandaloneSchedulerBackend: Connected to Spark cluster with app ID app-20260720055312-0077
[2026-07-20T05:53:12.295+0000] {subprocess.py:93} INFO - 26/07/20 05:53:12 INFO StandaloneAppClient$ClientEndpoint: Executor added: app-20260720055312-0077/0 on worker-20260716063602-172.18.0.5-44367 (172.18.0.5:44367) with 1 core(s)
[2026-07-20T05:53:12.299+0000] {subprocess.py:93} INFO - 26/07/20 05:53:12 INFO StandaloneSchedulerBackend: Granted executor ID app-20260720055312-0077/0 on hostPort 172.18.0.5:44367 with 1 core(s), 512.0 MiB RAM
[2026-07-20T05:53:12.301+0000] {subprocess.py:93} INFO - 26/07/20 05:53:12 INFO StandaloneAppClient$ClientEndpoint: Executor added: app-20260720055312-0077/1 on worker-20260716063602-172.18.0.5-44367 (172.18.0.5:44367) with 1 core(s)
[2026-07-20T05:53:12.304+0000] {subprocess.py:93} INFO - 26/07/20 05:53:12 INFO Utils: Successfully started service 'org.apache.spark.network.netty.NettyBlockTransferService' on port 44855.
[2026-07-20T05:53:12.309+0000] {subprocess.py:93} INFO - 26/07/20 05:53:12 INFO StandaloneSchedulerBackend: Granted executor ID app-20260720055312-0077/1 on hostPort 172.18.0.5:44367 with 1 core(s), 512.0 MiB RAM
[2026-07-20T05:53:12.310+0000] {subprocess.py:93} INFO - 26/07/20 05:53:12 INFO NettyBlockTransferService: Server created on 7c043141dfdd:44855
[2026-07-20T05:53:12.311+0000] {subprocess.py:93} INFO - 26/07/20 05:53:12 INFO StandaloneAppClient$ClientEndpoint: Executor added: app-20260720055312-0077/2 on worker-20260716063602-172.18.0.6-33249 (172.18.0.6:33249) with 1 core(s)
[2026-07-20T05:53:12.312+0000] {subprocess.py:93} INFO - 26/07/20 05:53:12 INFO StandaloneSchedulerBackend: Granted executor ID app-20260720055312-0077/2 on hostPort 172.18.0.6:33249 with 1 core(s), 512.0 MiB RAM
[2026-07-20T05:53:12.313+0000] {subprocess.py:93} INFO - 26/07/20 05:53:12 INFO BlockManager: Using org.apache.spark.storage.RandomBlockReplicationPolicy for block replication policy
[2026-07-20T05:53:12.318+0000] {subprocess.py:93} INFO - 26/07/20 05:53:12 INFO BlockManagerMaster: Registering BlockManager BlockManagerId(driver, 7c043141dfdd, 44855, None)
[2026-07-20T05:53:12.325+0000] {subprocess.py:93} INFO - 26/07/20 05:53:12 INFO BlockManagerMasterEndpoint: Registering block manager 7c043141dfdd:44855 with 434.4 MiB RAM, BlockManagerId(driver, 7c043141dfdd, 44855, None)
[2026-07-20T05:53:12.329+0000] {subprocess.py:93} INFO - 26/07/20 05:53:12 INFO BlockManagerMaster: Registered BlockManager BlockManagerId(driver, 7c043141dfdd, 44855, None)
[2026-07-20T05:53:12.342+0000] {subprocess.py:93} INFO - 26/07/20 05:53:12 INFO BlockManager: Initialized BlockManager: BlockManagerId(driver, 7c043141dfdd, 44855, None)
[2026-07-20T05:53:12.661+0000] {subprocess.py:93} INFO - 26/07/20 05:53:12 INFO StandaloneAppClient$ClientEndpoint: Executor updated: app-20260720055312-0077/2 is now RUNNING
[2026-07-20T05:53:12.665+0000] {subprocess.py:93} INFO - 26/07/20 05:53:12 INFO StandaloneAppClient$ClientEndpoint: Executor updated: app-20260720055312-0077/1 is now RUNNING
[2026-07-20T05:53:12.678+0000] {subprocess.py:93} INFO - 26/07/20 05:53:12 INFO StandaloneAppClient$ClientEndpoint: Executor updated: app-20260720055312-0077/0 is now RUNNING
[2026-07-20T05:53:13.022+0000] {subprocess.py:93} INFO - 26/07/20 05:53:13 INFO StandaloneSchedulerBackend: SchedulerBackend is ready for scheduling beginning after reached minRegisteredResourcesRatio: 0.0
[2026-07-20T05:53:13.807+0000] {subprocess.py:93} INFO - Starting stream: orders -> /opt/data/bronze/orders
[2026-07-20T05:53:46.598+0000] {subprocess.py:93} INFO - 26/07/20 05:53:46 WARN ResolveWriteToStream: spark.sql.adaptive.enabled is not supported in streaming DataFrames/Datasets and will be disabled.
[2026-07-20T05:53:47.006+0000] {subprocess.py:93} INFO - Starting stream: customers -> /opt/data/bronze/customers
[2026-07-20T05:53:49.979+0000] {subprocess.py:93} INFO - 26/07/20 05:53:49 WARN AdminClientConfig: These configurations '[key.deserializer, value.deserializer, enable.auto.commit, max.poll.records, auto.offset.reset]' were supplied but are not used yet.
[2026-07-20T05:53:52.707+0000] {subprocess.py:93} INFO - 26/07/20 05:53:52 WARN ResolveWriteToStream: spark.sql.adaptive.enabled is not supported in streaming DataFrames/Datasets and will be disabled.
[2026-07-20T05:53:52.851+0000] {subprocess.py:93} INFO - Starting stream: products -> /opt/data/bronze/products
[2026-07-20T05:53:54.603+0000] {subprocess.py:93} INFO - 26/07/20 05:53:54 WARN AdminClientConfig: These configurations '[key.deserializer, value.deserializer, enable.auto.commit, max.poll.records, auto.offset.reset]' were supplied but are not used yet.
[2026-07-20T05:53:56.015+0000] {subprocess.py:93} INFO - 26/07/20 05:53:56 WARN ResolveWriteToStream: spark.sql.adaptive.enabled is not supported in streaming DataFrames/Datasets and will be disabled.
[2026-07-20T05:53:58.215+0000] {subprocess.py:93} INFO - 26/07/20 05:53:58 WARN AdminClientConfig: These configurations '[key.deserializer, value.deserializer, enable.auto.commit, max.poll.records, auto.offset.reset]' were supplied but are not used yet.
[2026-07-20T05:55:29.574+0000] {subprocess.py:97} INFO - Command exited with return code 124
[2026-07-20T05:55:29.586+0000] {taskinstance.py:441} INFO - ::group::Post task execution logs
[2026-07-20T05:55:29.673+0000] {taskinstance.py:2890} ERROR - Task failed with exception
Traceback (most recent call last):
  File "/home/airflow/.local/lib/python3.12/site-packages/airflow/models/taskinstance.py", line 465, in _execute_task
    result = _execute_callable(context=context, **execute_callable_kwargs)
             ^^^^^^^^^^^^^^^^^^^^^^^^^^^^^^^^^^^^^^^^^^^^^^^^^^^^^^^^^^^^^
  File "/home/airflow/.local/lib/python3.12/site-packages/airflow/models/taskinstance.py", line 432, in _execute_callable
    return execute_callable(context=context, **execute_callable_kwargs)
           ^^^^^^^^^^^^^^^^^^^^^^^^^^^^^^^^^^^^^^^^^^^^^^^^^^^^^^^^^^^^
  File "/home/airflow/.local/lib/python3.12/site-packages/airflow/models/baseoperator.py", line 400, in wrapper
    return func(self, *args, **kwargs)
           ^^^^^^^^^^^^^^^^^^^^^^^^^^^
  File "/home/airflow/.local/lib/python3.12/site-packages/airflow/operators/bash.py", line 243, in execute
    raise AirflowException(
airflow.exceptions.AirflowException: Bash command failed. The command returned a non-zero exit code 124.
[2026-07-20T05:55:29.722+0000] {taskinstance.py:1205} INFO - Marking task as UP_FOR_RETRY. dag_id=e-commerce_kafka_streaming_pipeline_v1, task_id=run_bronze, execution_date=20260717T160000, start_date=20260720T055256, end_date=20260720T055529
[2026-07-20T05:55:29.809+0000] {standard_task_runner.py:110} ERROR - Failed to execute job 163 for task run_bronze (Bash command failed. The command returned a non-zero exit code 124.; 5393)
[2026-07-20T05:55:29.841+0000] {local_task_job_runner.py:240} INFO - Task exited with return code 1
[2026-07-20T05:55:29.960+0000] {taskinstance.py:3482} INFO - 0 downstream tasks scheduled from follow-on schedule check
[2026-07-20T05:55:29.966+0000] {local_task_job_runner.py:222} INFO - ::endgroup::
