[2026-07-16T14:14:26.400+0000] {local_task_job_runner.py:120} INFO - ::group::Pre task execution logs
[2026-07-16T14:14:26.446+0000] {taskinstance.py:2073} INFO - Dependencies all met for dep_context=non-requeueable deps ti=<TaskInstance: e-commerce_kafka_streaming_pipeline_v1.produce_messages scheduled__2026-07-16T13:00:00+00:00 [queued]>
[2026-07-16T14:14:26.462+0000] {taskinstance.py:2073} INFO - Dependencies all met for dep_context=requeueable deps ti=<TaskInstance: e-commerce_kafka_streaming_pipeline_v1.produce_messages scheduled__2026-07-16T13:00:00+00:00 [queued]>
[2026-07-16T14:14:26.463+0000] {taskinstance.py:2303} INFO - Starting attempt 1 of 2
[2026-07-16T14:14:26.477+0000] {taskinstance.py:2327} INFO - Executing <Task(BashOperator): produce_messages> on 2026-07-16 13:00:00+00:00
[2026-07-16T14:14:26.484+0000] {standard_task_runner.py:90} INFO - Running: ['***', 'tasks', 'run', 'e-commerce_kafka_streaming_pipeline_v1', 'produce_messages', 'scheduled__2026-07-16T13:00:00+00:00', '--job-id', '68', '--raw', '--subdir', 'DAGS_FOLDER/sdp_pipeline_dag.py', '--cfg-path', '/tmp/tmp7hmeifoo']
[2026-07-16T14:14:26.487+0000] {standard_task_runner.py:91} INFO - Job 68: Subtask produce_messages
[2026-07-16T14:14:26.495+0000] {logging_mixin.py:188} WARNING - /home/***/.local/lib/python3.12/site-packages/***/task/task_runner/standard_task_runner.py:61 DeprecationWarning: This process (pid=2437) is multi-threaded, use of fork() may lead to deadlocks in the child.
[2026-07-16T14:14:26.499+0000] {standard_task_runner.py:63} INFO - Started process 2438 to run task
[2026-07-16T14:14:26.532+0000] {task_command.py:426} INFO - Running <TaskInstance: e-commerce_kafka_streaming_pipeline_v1.produce_messages scheduled__2026-07-16T13:00:00+00:00 [running]> on host da27550080bf
[2026-07-16T14:14:26.614+0000] {taskinstance.py:2644} INFO - Exporting env vars: AIRFLOW_CTX_DAG_OWNER='dev' AIRFLOW_CTX_DAG_ID='e-commerce_kafka_streaming_pipeline_v1' AIRFLOW_CTX_TASK_ID='produce_messages' AIRFLOW_CTX_EXECUTION_DATE='2026-07-16T13:00:00+00:00' AIRFLOW_CTX_TRY_NUMBER='1' AIRFLOW_CTX_DAG_RUN_ID='scheduled__2026-07-16T13:00:00+00:00'
[2026-07-16T14:14:26.615+0000] {taskinstance.py:430} INFO - ::endgroup::
[2026-07-16T14:14:26.629+0000] {subprocess.py:63} INFO - Tmp dir root location: /tmp
[2026-07-16T14:14:26.632+0000] {subprocess.py:75} INFO - Running command: ['/usr/bin/bash', '-c', 'python3 /opt/pipelines/api_to_kafka.py']
[2026-07-16T14:14:26.640+0000] {subprocess.py:86} INFO - Output:
[2026-07-16T14:14:27.633+0000] {subprocess.py:93} INFO - Error publishing to orders: HTTPSConnectionPool(host='fakestoreapi.com', port=443): Max retries exceeded with url: /carts (Caused by SSLError(SSLCertVerificationError(1, '[SSL: CERTIFICATE_VERIFY_FAILED] certificate verify failed: self-signed certificate in certificate chain (_ssl.c:1000)')))
[2026-07-16T14:14:27.634+0000] {subprocess.py:93} INFO - Error publishing to customers: HTTPSConnectionPool(host='fakestoreapi.com', port=443): Max retries exceeded with url: /users (Caused by SSLError(SSLCertVerificationError(1, '[SSL: CERTIFICATE_VERIFY_FAILED] certificate verify failed: self-signed certificate in certificate chain (_ssl.c:1000)')))
[2026-07-16T14:14:27.635+0000] {subprocess.py:93} INFO - Error publishing to products: HTTPSConnectionPool(host='fakestoreapi.com', port=443): Max retries exceeded with url: /products (Caused by SSLError(SSLCertVerificationError(1, '[SSL: CERTIFICATE_VERIFY_FAILED] certificate verify failed: self-signed certificate in certificate chain (_ssl.c:1000)')))
[2026-07-16T14:14:27.677+0000] {subprocess.py:97} INFO - Command exited with return code 0
[2026-07-16T14:14:27.679+0000] {taskinstance.py:441} INFO - ::group::Post task execution logs
[2026-07-16T14:14:27.701+0000] {taskinstance.py:1205} INFO - Marking task as SUCCESS. dag_id=e-commerce_kafka_streaming_pipeline_v1, task_id=produce_messages, execution_date=20260716T130000, start_date=20260716T141426, end_date=20260716T141427
[2026-07-16T14:14:27.759+0000] {local_task_job_runner.py:240} INFO - Task exited with return code 0
[2026-07-16T14:14:27.779+0000] {taskinstance.py:3482} INFO - 1 downstream tasks scheduled from follow-on schedule check
[2026-07-16T14:14:27.782+0000] {local_task_job_runner.py:222} INFO - ::endgroup::
