[2026-07-16T11:08:57.893+0000] {local_task_job_runner.py:120} INFO - ::group::Pre task execution logs
[2026-07-16T11:08:57.924+0000] {taskinstance.py:2073} INFO - Dependencies all met for dep_context=non-requeueable deps ti=<TaskInstance: e-commerce_kafka_streaming_pipeline_v1.run_silver scheduled__2026-07-16T10:00:00+00:00 [queued]>
[2026-07-16T11:08:57.935+0000] {taskinstance.py:2073} INFO - Dependencies all met for dep_context=requeueable deps ti=<TaskInstance: e-commerce_kafka_streaming_pipeline_v1.run_silver scheduled__2026-07-16T10:00:00+00:00 [queued]>
[2026-07-16T11:08:57.936+0000] {taskinstance.py:2303} INFO - Starting attempt 1 of 2
[2026-07-16T11:08:57.950+0000] {taskinstance.py:2327} INFO - Executing <Task(BashOperator): run_silver> on 2026-07-16 10:00:00+00:00
[2026-07-16T11:08:57.957+0000] {standard_task_runner.py:90} INFO - Running: ['***', 'tasks', 'run', 'e-commerce_kafka_streaming_pipeline_v1', 'run_silver', 'scheduled__2026-07-16T10:00:00+00:00', '--job-id', '45', '--raw', '--subdir', 'DAGS_FOLDER/sdp_pipeline_dag.py', '--cfg-path', '/tmp/tmpi0t_e_dk']
[2026-07-16T11:08:57.961+0000] {standard_task_runner.py:91} INFO - Job 45: Subtask run_silver
[2026-07-16T11:08:57.963+0000] {logging_mixin.py:188} WARNING - /home/***/.local/lib/python3.12/site-packages/***/task/task_runner/standard_task_runner.py:61 DeprecationWarning: This process (pid=1555) is multi-threaded, use of fork() may lead to deadlocks in the child.
[2026-07-16T11:08:57.965+0000] {standard_task_runner.py:63} INFO - Started process 1556 to run task
[2026-07-16T11:08:58.059+0000] {task_command.py:426} INFO - Running <TaskInstance: e-commerce_kafka_streaming_pipeline_v1.run_silver scheduled__2026-07-16T10:00:00+00:00 [running]> on host da27550080bf
[2026-07-16T11:08:58.222+0000] {taskinstance.py:2644} INFO - Exporting env vars: AIRFLOW_CTX_DAG_OWNER='dev' AIRFLOW_CTX_DAG_ID='e-commerce_kafka_streaming_pipeline_v1' AIRFLOW_CTX_TASK_ID='run_silver' AIRFLOW_CTX_EXECUTION_DATE='2026-07-16T10:00:00+00:00' AIRFLOW_CTX_TRY_NUMBER='1' AIRFLOW_CTX_DAG_RUN_ID='scheduled__2026-07-16T10:00:00+00:00'
[2026-07-16T11:08:58.224+0000] {taskinstance.py:430} INFO - ::endgroup::
[2026-07-16T11:08:58.239+0000] {subprocess.py:63} INFO - Tmp dir root location: /tmp
[2026-07-16T11:08:58.244+0000] {subprocess.py:75} INFO - Running command: ['/usr/bin/bash', '-c', 'timeout 150s docker run --rm --network streaming_kafka_project_sdp-net --volume /d/Streaming_kafka_project/pipelines:/opt/pipelines --volume /d/Streaming_kafka_project/data:/opt/data --volume /d/Streaming_kafka_project/checkpoints:/opt/checkpoints --volume /d/Streaming_kafka_project/jars:/opt/jars apache/spark:3.5.1 /opt/spark/bin/spark-submit --master spark://sdp-spark-master:7077 --executor-cores 1 --executor-memory 512m --total-executor-cores 3 --jars /opt/jars/delta-spark_2.12-3.2.0.jar,/opt/jars/delta-storage-3.2.0.jar,/opt/jars/spark-sql-kafka-0-10_2.12-3.5.1.jar,/opt/jars/kafka-clients-3.4.1.jar,/opt/jars/spark-token-provider-kafka-0-10_2.12-3.5.1.jar,/opt/jars/commons-pool2-2.11.1.jar --conf spark.sql.extensions=io.delta.sql.DeltaSparkSessionExtension --conf spark.sql.catalog.spark_catalog=org.apache.spark.sql.delta.catalog.DeltaCatalog  /opt/pipelines/silver_runner.py']
[2026-07-16T11:08:58.254+0000] {subprocess.py:86} INFO - Output:
[2026-07-16T11:09:00.508+0000] {subprocess.py:93} INFO - 26/07/16 11:09:00 WARN NativeCodeLoader: Unable to load native-hadoop library for your platform... using builtin-java classes where applicable
[2026-07-16T11:09:01.302+0000] {subprocess.py:93} INFO - 26/07/16 11:09:01 INFO SparkContext: Running Spark version 3.5.1
[2026-07-16T11:09:01.304+0000] {subprocess.py:93} INFO - 26/07/16 11:09:01 INFO SparkContext: OS info Linux, 6.18.33.2-microsoft-standard-WSL2, amd64
[2026-07-16T11:09:01.304+0000] {subprocess.py:93} INFO - 26/07/16 11:09:01 INFO SparkContext: Java version 11.0.22
[2026-07-16T11:09:01.330+0000] {subprocess.py:93} INFO - 26/07/16 11:09:01 INFO ResourceUtils: ==============================================================
[2026-07-16T11:09:01.331+0000] {subprocess.py:93} INFO - 26/07/16 11:09:01 INFO ResourceUtils: No custom resources configured for spark.driver.
[2026-07-16T11:09:01.332+0000] {subprocess.py:93} INFO - 26/07/16 11:09:01 INFO ResourceUtils: ==============================================================
[2026-07-16T11:09:01.333+0000] {subprocess.py:93} INFO - 26/07/16 11:09:01 INFO SparkContext: Submitted application: SDP-Silver
[2026-07-16T11:09:01.352+0000] {subprocess.py:93} INFO - 26/07/16 11:09:01 INFO ResourceProfile: Default ResourceProfile created, executor resources: Map(cores -> name: cores, amount: 1, script: , vendor: , memory -> name: memory, amount: 512, script: , vendor: , offHeap -> name: offHeap, amount: 0, script: , vendor: ), task resources: Map(cpus -> name: cpus, amount: 1.0)
[2026-07-16T11:09:01.365+0000] {subprocess.py:93} INFO - 26/07/16 11:09:01 INFO ResourceProfile: Limiting resource is cpus at 1 tasks per executor
[2026-07-16T11:09:01.366+0000] {subprocess.py:93} INFO - 26/07/16 11:09:01 INFO ResourceProfileManager: Added ResourceProfile id: 0
[2026-07-16T11:09:01.421+0000] {subprocess.py:93} INFO - 26/07/16 11:09:01 INFO SecurityManager: Changing view acls to: spark
[2026-07-16T11:09:01.423+0000] {subprocess.py:93} INFO - 26/07/16 11:09:01 INFO SecurityManager: Changing modify acls to: spark
[2026-07-16T11:09:01.424+0000] {subprocess.py:93} INFO - 26/07/16 11:09:01 INFO SecurityManager: Changing view acls groups to:
[2026-07-16T11:09:01.424+0000] {subprocess.py:93} INFO - 26/07/16 11:09:01 INFO SecurityManager: Changing modify acls groups to:
[2026-07-16T11:09:01.425+0000] {subprocess.py:93} INFO - 26/07/16 11:09:01 INFO SecurityManager: SecurityManager: authentication disabled; ui acls disabled; users with view permissions: spark; groups with view permissions: EMPTY; users with modify permissions: spark; groups with modify permissions: EMPTY
[2026-07-16T11:09:01.649+0000] {subprocess.py:93} INFO - 26/07/16 11:09:01 INFO Utils: Successfully started service 'sparkDriver' on port 35981.
[2026-07-16T11:09:01.686+0000] {subprocess.py:93} INFO - 26/07/16 11:09:01 INFO SparkEnv: Registering MapOutputTracker
[2026-07-16T11:09:01.729+0000] {subprocess.py:93} INFO - 26/07/16 11:09:01 INFO SparkEnv: Registering BlockManagerMaster
[2026-07-16T11:09:01.750+0000] {subprocess.py:93} INFO - 26/07/16 11:09:01 INFO BlockManagerMasterEndpoint: Using org.apache.spark.storage.DefaultTopologyMapper for getting topology information
[2026-07-16T11:09:01.751+0000] {subprocess.py:93} INFO - 26/07/16 11:09:01 INFO BlockManagerMasterEndpoint: BlockManagerMasterEndpoint up
[2026-07-16T11:09:01.756+0000] {subprocess.py:93} INFO - 26/07/16 11:09:01 INFO SparkEnv: Registering BlockManagerMasterHeartbeat
[2026-07-16T11:09:01.777+0000] {subprocess.py:93} INFO - 26/07/16 11:09:01 INFO DiskBlockManager: Created local directory at /tmp/blockmgr-a03dce70-d02f-4c43-9604-9d9ead6b154b
[2026-07-16T11:09:01.802+0000] {subprocess.py:93} INFO - 26/07/16 11:09:01 INFO MemoryStore: MemoryStore started with capacity 434.4 MiB
[2026-07-16T11:09:01.824+0000] {subprocess.py:93} INFO - 26/07/16 11:09:01 INFO SparkEnv: Registering OutputCommitCoordinator
[2026-07-16T11:09:01.960+0000] {subprocess.py:93} INFO - 26/07/16 11:09:01 INFO JettyUtils: Start Jetty 0.0.0.0:4040 for SparkUI
[2026-07-16T11:09:02.016+0000] {subprocess.py:93} INFO - 26/07/16 11:09:02 INFO Utils: Successfully started service 'SparkUI' on port 4040.
[2026-07-16T11:09:02.057+0000] {subprocess.py:93} INFO - 26/07/16 11:09:02 INFO SparkContext: Added JAR file:///opt/jars/delta-spark_2.12-3.2.0.jar at spark://9960643d6158:35981/jars/delta-spark_2.12-3.2.0.jar with timestamp 1784200141294
[2026-07-16T11:09:02.060+0000] {subprocess.py:93} INFO - 26/07/16 11:09:02 INFO SparkContext: Added JAR file:///opt/jars/delta-storage-3.2.0.jar at spark://9960643d6158:35981/jars/delta-storage-3.2.0.jar with timestamp 1784200141294
[2026-07-16T11:09:02.061+0000] {subprocess.py:93} INFO - 26/07/16 11:09:02 INFO SparkContext: Added JAR file:///opt/jars/spark-sql-kafka-0-10_2.12-3.5.1.jar at spark://9960643d6158:35981/jars/spark-sql-kafka-0-10_2.12-3.5.1.jar with timestamp 1784200141294
[2026-07-16T11:09:02.062+0000] {subprocess.py:93} INFO - 26/07/16 11:09:02 INFO SparkContext: Added JAR file:///opt/jars/kafka-clients-3.4.1.jar at spark://9960643d6158:35981/jars/kafka-clients-3.4.1.jar with timestamp 1784200141294
[2026-07-16T11:09:02.063+0000] {subprocess.py:93} INFO - 26/07/16 11:09:02 INFO SparkContext: Added JAR file:///opt/jars/spark-token-provider-kafka-0-10_2.12-3.5.1.jar at spark://9960643d6158:35981/jars/spark-token-provider-kafka-0-10_2.12-3.5.1.jar with timestamp 1784200141294
[2026-07-16T11:09:02.064+0000] {subprocess.py:93} INFO - 26/07/16 11:09:02 INFO SparkContext: Added JAR file:///opt/jars/commons-pool2-2.11.1.jar at spark://9960643d6158:35981/jars/commons-pool2-2.11.1.jar with timestamp 1784200141294
[2026-07-16T11:09:02.135+0000] {subprocess.py:93} INFO - 26/07/16 11:09:02 INFO StandaloneAppClient$ClientEndpoint: Connecting to master spark://sdp-spark-master:7077...
[2026-07-16T11:09:02.175+0000] {subprocess.py:93} INFO - 26/07/16 11:09:02 INFO TransportClientFactory: Successfully created connection to sdp-spark-master/172.18.0.4:7077 after 23 ms (0 ms spent in bootstraps)
[2026-07-16T11:09:02.261+0000] {subprocess.py:93} INFO - 26/07/16 11:09:02 INFO StandaloneSchedulerBackend: Connected to Spark cluster with app ID app-20260716110902-0019
[2026-07-16T11:09:02.265+0000] {subprocess.py:93} INFO - 26/07/16 11:09:02 INFO StandaloneAppClient$ClientEndpoint: Executor added: app-20260716110902-0019/0 on worker-20260716063602-172.18.0.5-44367 (172.18.0.5:44367) with 1 core(s)
[2026-07-16T11:09:02.267+0000] {subprocess.py:93} INFO - 26/07/16 11:09:02 INFO StandaloneSchedulerBackend: Granted executor ID app-20260716110902-0019/0 on hostPort 172.18.0.5:44367 with 1 core(s), 512.0 MiB RAM
[2026-07-16T11:09:02.268+0000] {subprocess.py:93} INFO - 26/07/16 11:09:02 INFO StandaloneAppClient$ClientEndpoint: Executor added: app-20260716110902-0019/1 on worker-20260716063602-172.18.0.5-44367 (172.18.0.5:44367) with 1 core(s)
[2026-07-16T11:09:02.269+0000] {subprocess.py:93} INFO - 26/07/16 11:09:02 INFO StandaloneSchedulerBackend: Granted executor ID app-20260716110902-0019/1 on hostPort 172.18.0.5:44367 with 1 core(s), 512.0 MiB RAM
[2026-07-16T11:09:02.270+0000] {subprocess.py:93} INFO - 26/07/16 11:09:02 INFO StandaloneAppClient$ClientEndpoint: Executor added: app-20260716110902-0019/2 on worker-20260716063602-172.18.0.6-33249 (172.18.0.6:33249) with 1 core(s)
[2026-07-16T11:09:02.271+0000] {subprocess.py:93} INFO - 26/07/16 11:09:02 INFO StandaloneSchedulerBackend: Granted executor ID app-20260716110902-0019/2 on hostPort 172.18.0.6:33249 with 1 core(s), 512.0 MiB RAM
[2026-07-16T11:09:02.280+0000] {subprocess.py:93} INFO - 26/07/16 11:09:02 INFO Utils: Successfully started service 'org.apache.spark.network.netty.NettyBlockTransferService' on port 40503.
[2026-07-16T11:09:02.281+0000] {subprocess.py:93} INFO - 26/07/16 11:09:02 INFO NettyBlockTransferService: Server created on 9960643d6158:40503
[2026-07-16T11:09:02.283+0000] {subprocess.py:93} INFO - 26/07/16 11:09:02 INFO BlockManager: Using org.apache.spark.storage.RandomBlockReplicationPolicy for block replication policy
[2026-07-16T11:09:02.294+0000] {subprocess.py:93} INFO - 26/07/16 11:09:02 INFO BlockManagerMaster: Registering BlockManager BlockManagerId(driver, 9960643d6158, 40503, None)
[2026-07-16T11:09:02.303+0000] {subprocess.py:93} INFO - 26/07/16 11:09:02 INFO BlockManagerMasterEndpoint: Registering block manager 9960643d6158:40503 with 434.4 MiB RAM, BlockManagerId(driver, 9960643d6158, 40503, None)
[2026-07-16T11:09:02.307+0000] {subprocess.py:93} INFO - 26/07/16 11:09:02 INFO BlockManagerMaster: Registered BlockManager BlockManagerId(driver, 9960643d6158, 40503, None)
[2026-07-16T11:09:02.316+0000] {subprocess.py:93} INFO - 26/07/16 11:09:02 INFO BlockManager: Initialized BlockManager: BlockManagerId(driver, 9960643d6158, 40503, None)
[2026-07-16T11:09:02.338+0000] {subprocess.py:93} INFO - 26/07/16 11:09:02 INFO StandaloneAppClient$ClientEndpoint: Executor updated: app-20260716110902-0019/2 is now RUNNING
[2026-07-16T11:09:02.346+0000] {subprocess.py:93} INFO - 26/07/16 11:09:02 INFO StandaloneAppClient$ClientEndpoint: Executor updated: app-20260716110902-0019/1 is now RUNNING
[2026-07-16T11:09:02.349+0000] {subprocess.py:93} INFO - 26/07/16 11:09:02 INFO StandaloneAppClient$ClientEndpoint: Executor updated: app-20260716110902-0019/0 is now RUNNING
[2026-07-16T11:09:02.600+0000] {subprocess.py:93} INFO - 26/07/16 11:09:02 INFO StandaloneSchedulerBackend: SchedulerBackend is ready for scheduling beginning after reached minRegisteredResourcesRatio: 0.0
[2026-07-16T11:09:03.054+0000] {subprocess.py:93} INFO - Starting silver stream: orders --->>  /opt/data/silver/orders
[2026-07-16T11:09:15.610+0000] {subprocess.py:93} INFO - 26/07/16 11:09:15 WARN ResolveWriteToStream: spark.sql.adaptive.enabled is not supported in streaming DataFrames/Datasets and will be disabled.
[2026-07-16T11:09:15.746+0000] {subprocess.py:93} INFO - Silver stream started: /opt/data/bronze/orders --->> /opt/data/silver/orders
[2026-07-16T11:09:15.751+0000] {subprocess.py:93} INFO - Starting silver stream: customers --->>  /opt/data/silver/customers
[2026-07-16T11:09:17.391+0000] {subprocess.py:93} INFO - 26/07/16 11:09:17 WARN ResolveWriteToStream: spark.sql.adaptive.enabled is not supported in streaming DataFrames/Datasets and will be disabled.
[2026-07-16T11:09:17.442+0000] {subprocess.py:93} INFO - Silver stream started: /opt/data/bronze/customers --->> /opt/data/silver/customers
[2026-07-16T11:09:17.455+0000] {subprocess.py:93} INFO - Starting silver stream: products --->>  /opt/data/silver/products
[2026-07-16T11:09:19.430+0000] {subprocess.py:93} INFO - 26/07/16 11:09:19 WARN ResolveWriteToStream: spark.sql.adaptive.enabled is not supported in streaming DataFrames/Datasets and will be disabled.
[2026-07-16T11:09:19.487+0000] {subprocess.py:93} INFO - Silver stream started: /opt/data/bronze/products --->> /opt/data/silver/products
[2026-07-16T11:10:52.559+0000] {subprocess.py:97} INFO - Command exited with return code 0
[2026-07-16T11:10:52.561+0000] {taskinstance.py:441} INFO - ::group::Post task execution logs
[2026-07-16T11:10:52.597+0000] {taskinstance.py:1205} INFO - Marking task as SUCCESS. dag_id=e-commerce_kafka_streaming_pipeline_v1, task_id=run_silver, execution_date=20260716T100000, start_date=20260716T110857, end_date=20260716T111052
[2026-07-16T11:10:52.646+0000] {local_task_job_runner.py:240} INFO - Task exited with return code 0
[2026-07-16T11:10:52.677+0000] {taskinstance.py:3482} INFO - 1 downstream tasks scheduled from follow-on schedule check
[2026-07-16T11:10:52.680+0000] {local_task_job_runner.py:222} INFO - ::endgroup::
