[2026-07-22T07:02:02.186+0000] {local_task_job_runner.py:120} INFO - ::group::Pre task execution logs
[2026-07-22T07:02:02.225+0000] {taskinstance.py:2073} INFO - Dependencies all met for dep_context=non-requeueable deps ti=<TaskInstance: e-commerce_kafka_streaming_pipeline_v1.run_silver scheduled__2026-07-22T06:00:00+00:00 [queued]>
[2026-07-22T07:02:02.234+0000] {taskinstance.py:2073} INFO - Dependencies all met for dep_context=requeueable deps ti=<TaskInstance: e-commerce_kafka_streaming_pipeline_v1.run_silver scheduled__2026-07-22T06:00:00+00:00 [queued]>
[2026-07-22T07:02:02.235+0000] {taskinstance.py:2303} INFO - Starting attempt 1 of 2
[2026-07-22T07:02:02.250+0000] {taskinstance.py:2327} INFO - Executing <Task(BashOperator): run_silver> on 2026-07-22 06:00:00+00:00
[2026-07-22T07:02:02.261+0000] {standard_task_runner.py:90} INFO - Running: ['***', 'tasks', 'run', 'e-commerce_kafka_streaming_pipeline_v1', 'run_silver', 'scheduled__2026-07-22T06:00:00+00:00', '--job-id', '349', '--raw', '--subdir', 'DAGS_FOLDER/sdp_pipeline_dag.py', '--cfg-path', '/tmp/tmpf8vwe5ly']
[2026-07-22T07:02:02.277+0000] {logging_mixin.py:188} WARNING - /home/***/.local/lib/python3.12/site-packages/***/task/task_runner/standard_task_runner.py:61 DeprecationWarning: This process (pid=18222) is multi-threaded, use of fork() may lead to deadlocks in the child.
[2026-07-22T07:02:02.306+0000] {standard_task_runner.py:91} INFO - Job 349: Subtask run_silver
[2026-07-22T07:02:02.306+0000] {standard_task_runner.py:63} INFO - Started process 18223 to run task
[2026-07-22T07:02:02.374+0000] {task_command.py:426} INFO - Running <TaskInstance: e-commerce_kafka_streaming_pipeline_v1.run_silver scheduled__2026-07-22T06:00:00+00:00 [running]> on host da27550080bf
[2026-07-22T07:02:02.475+0000] {taskinstance.py:2644} INFO - Exporting env vars: AIRFLOW_CTX_DAG_OWNER='dev' AIRFLOW_CTX_DAG_ID='e-commerce_kafka_streaming_pipeline_v1' AIRFLOW_CTX_TASK_ID='run_silver' AIRFLOW_CTX_EXECUTION_DATE='2026-07-22T06:00:00+00:00' AIRFLOW_CTX_TRY_NUMBER='1' AIRFLOW_CTX_DAG_RUN_ID='scheduled__2026-07-22T06:00:00+00:00'
[2026-07-22T07:02:02.477+0000] {taskinstance.py:430} INFO - ::endgroup::
[2026-07-22T07:02:02.497+0000] {subprocess.py:63} INFO - Tmp dir root location: /tmp
[2026-07-22T07:02:02.500+0000] {subprocess.py:75} INFO - Running command: ['/usr/bin/bash', '-c', 'timeout 150s docker run --rm --network streaming_kafka_project_sdp-net --volume /d/Streaming_kafka_project/pipelines:/opt/pipelines --volume /d/Streaming_kafka_project/data:/opt/data --volume /d/Streaming_kafka_project/checkpoints:/opt/checkpoints --volume /d/Streaming_kafka_project/jars:/opt/jars apache/spark:3.5.1 /opt/spark/bin/spark-submit --master spark://sdp-spark-master:7077 --executor-cores 1 --executor-memory 512m --total-executor-cores 3 --jars /opt/jars/delta-spark_2.12-3.2.0.jar,/opt/jars/delta-storage-3.2.0.jar,/opt/jars/spark-sql-kafka-0-10_2.12-3.5.1.jar,/opt/jars/kafka-clients-3.4.1.jar,/opt/jars/spark-token-provider-kafka-0-10_2.12-3.5.1.jar,/opt/jars/commons-pool2-2.11.1.jar --conf spark.sql.extensions=io.delta.sql.DeltaSparkSessionExtension --conf spark.sql.catalog.spark_catalog=org.apache.spark.sql.delta.catalog.DeltaCatalog  /opt/pipelines/silver_runner.py']
[2026-07-22T07:02:02.512+0000] {subprocess.py:86} INFO - Output:
[2026-07-22T07:02:04.571+0000] {subprocess.py:93} INFO - 26/07/22 07:02:04 WARN NativeCodeLoader: Unable to load native-hadoop library for your platform... using builtin-java classes where applicable
[2026-07-22T07:02:05.183+0000] {subprocess.py:93} INFO - 26/07/22 07:02:05 INFO SparkContext: Running Spark version 3.5.1
[2026-07-22T07:02:05.185+0000] {subprocess.py:93} INFO - 26/07/22 07:02:05 INFO SparkContext: OS info Linux, 6.18.33.2-microsoft-standard-WSL2, amd64
[2026-07-22T07:02:05.186+0000] {subprocess.py:93} INFO - 26/07/22 07:02:05 INFO SparkContext: Java version 11.0.22
[2026-07-22T07:02:05.208+0000] {subprocess.py:93} INFO - 26/07/22 07:02:05 INFO ResourceUtils: ==============================================================
[2026-07-22T07:02:05.209+0000] {subprocess.py:93} INFO - 26/07/22 07:02:05 INFO ResourceUtils: No custom resources configured for spark.driver.
[2026-07-22T07:02:05.210+0000] {subprocess.py:93} INFO - 26/07/22 07:02:05 INFO ResourceUtils: ==============================================================
[2026-07-22T07:02:05.211+0000] {subprocess.py:93} INFO - 26/07/22 07:02:05 INFO SparkContext: Submitted application: SDP-Silver
[2026-07-22T07:02:05.226+0000] {subprocess.py:93} INFO - 26/07/22 07:02:05 INFO ResourceProfile: Default ResourceProfile created, executor resources: Map(cores -> name: cores, amount: 1, script: , vendor: , memory -> name: memory, amount: 512, script: , vendor: , offHeap -> name: offHeap, amount: 0, script: , vendor: ), task resources: Map(cpus -> name: cpus, amount: 1.0)
[2026-07-22T07:02:05.236+0000] {subprocess.py:93} INFO - 26/07/22 07:02:05 INFO ResourceProfile: Limiting resource is cpus at 1 tasks per executor
[2026-07-22T07:02:05.239+0000] {subprocess.py:93} INFO - 26/07/22 07:02:05 INFO ResourceProfileManager: Added ResourceProfile id: 0
[2026-07-22T07:02:05.279+0000] {subprocess.py:93} INFO - 26/07/22 07:02:05 INFO SecurityManager: Changing view acls to: spark
[2026-07-22T07:02:05.282+0000] {subprocess.py:93} INFO - 26/07/22 07:02:05 INFO SecurityManager: Changing modify acls to: spark
[2026-07-22T07:02:05.283+0000] {subprocess.py:93} INFO - 26/07/22 07:02:05 INFO SecurityManager: Changing view acls groups to:
[2026-07-22T07:02:05.284+0000] {subprocess.py:93} INFO - 26/07/22 07:02:05 INFO SecurityManager: Changing modify acls groups to:
[2026-07-22T07:02:05.284+0000] {subprocess.py:93} INFO - 26/07/22 07:02:05 INFO SecurityManager: SecurityManager: authentication disabled; ui acls disabled; users with view permissions: spark; groups with view permissions: EMPTY; users with modify permissions: spark; groups with modify permissions: EMPTY
[2026-07-22T07:02:05.497+0000] {subprocess.py:93} INFO - 26/07/22 07:02:05 INFO Utils: Successfully started service 'sparkDriver' on port 44967.
[2026-07-22T07:02:05.528+0000] {subprocess.py:93} INFO - 26/07/22 07:02:05 INFO SparkEnv: Registering MapOutputTracker
[2026-07-22T07:02:05.574+0000] {subprocess.py:93} INFO - 26/07/22 07:02:05 INFO SparkEnv: Registering BlockManagerMaster
[2026-07-22T07:02:05.591+0000] {subprocess.py:93} INFO - 26/07/22 07:02:05 INFO BlockManagerMasterEndpoint: Using org.apache.spark.storage.DefaultTopologyMapper for getting topology information
[2026-07-22T07:02:05.593+0000] {subprocess.py:93} INFO - 26/07/22 07:02:05 INFO BlockManagerMasterEndpoint: BlockManagerMasterEndpoint up
[2026-07-22T07:02:05.597+0000] {subprocess.py:93} INFO - 26/07/22 07:02:05 INFO SparkEnv: Registering BlockManagerMasterHeartbeat
[2026-07-22T07:02:05.617+0000] {subprocess.py:93} INFO - 26/07/22 07:02:05 INFO DiskBlockManager: Created local directory at /tmp/blockmgr-139064cd-ce30-4fce-8adc-dbd30dbf802e
[2026-07-22T07:02:05.630+0000] {subprocess.py:93} INFO - 26/07/22 07:02:05 INFO MemoryStore: MemoryStore started with capacity 434.4 MiB
[2026-07-22T07:02:05.648+0000] {subprocess.py:93} INFO - 26/07/22 07:02:05 INFO SparkEnv: Registering OutputCommitCoordinator
[2026-07-22T07:02:05.785+0000] {subprocess.py:93} INFO - 26/07/22 07:02:05 INFO JettyUtils: Start Jetty 0.0.0.0:4040 for SparkUI
[2026-07-22T07:02:05.903+0000] {subprocess.py:93} INFO - 26/07/22 07:02:05 INFO Utils: Successfully started service 'SparkUI' on port 4040.
[2026-07-22T07:02:05.942+0000] {subprocess.py:93} INFO - 26/07/22 07:02:05 INFO SparkContext: Added JAR file:///opt/jars/delta-spark_2.12-3.2.0.jar at spark://8baa47e3bbb6:44967/jars/delta-spark_2.12-3.2.0.jar with timestamp 1784703725175
[2026-07-22T07:02:05.943+0000] {subprocess.py:93} INFO - 26/07/22 07:02:05 INFO SparkContext: Added JAR file:///opt/jars/delta-storage-3.2.0.jar at spark://8baa47e3bbb6:44967/jars/delta-storage-3.2.0.jar with timestamp 1784703725175
[2026-07-22T07:02:05.945+0000] {subprocess.py:93} INFO - 26/07/22 07:02:05 INFO SparkContext: Added JAR file:///opt/jars/spark-sql-kafka-0-10_2.12-3.5.1.jar at spark://8baa47e3bbb6:44967/jars/spark-sql-kafka-0-10_2.12-3.5.1.jar with timestamp 1784703725175
[2026-07-22T07:02:05.946+0000] {subprocess.py:93} INFO - 26/07/22 07:02:05 INFO SparkContext: Added JAR file:///opt/jars/kafka-clients-3.4.1.jar at spark://8baa47e3bbb6:44967/jars/kafka-clients-3.4.1.jar with timestamp 1784703725175
[2026-07-22T07:02:05.946+0000] {subprocess.py:93} INFO - 26/07/22 07:02:05 INFO SparkContext: Added JAR file:///opt/jars/spark-token-provider-kafka-0-10_2.12-3.5.1.jar at spark://8baa47e3bbb6:44967/jars/spark-token-provider-kafka-0-10_2.12-3.5.1.jar with timestamp 1784703725175
[2026-07-22T07:02:05.947+0000] {subprocess.py:93} INFO - 26/07/22 07:02:05 INFO SparkContext: Added JAR file:///opt/jars/commons-pool2-2.11.1.jar at spark://8baa47e3bbb6:44967/jars/commons-pool2-2.11.1.jar with timestamp 1784703725175
[2026-07-22T07:02:06.044+0000] {subprocess.py:93} INFO - 26/07/22 07:02:06 INFO StandaloneAppClient$ClientEndpoint: Connecting to master spark://sdp-spark-master:7077...
[2026-07-22T07:02:06.097+0000] {subprocess.py:93} INFO - 26/07/22 07:02:06 INFO TransportClientFactory: Successfully created connection to sdp-spark-master/172.18.0.4:7077 after 29 ms (0 ms spent in bootstraps)
[2026-07-22T07:02:06.186+0000] {subprocess.py:93} INFO - 26/07/22 07:02:06 INFO StandaloneSchedulerBackend: Connected to Spark cluster with app ID app-20260722070206-0164
[2026-07-22T07:02:06.188+0000] {subprocess.py:93} INFO - 26/07/22 07:02:06 INFO StandaloneAppClient$ClientEndpoint: Executor added: app-20260722070206-0164/0 on worker-20260716063602-172.18.0.5-44367 (172.18.0.5:44367) with 1 core(s)
[2026-07-22T07:02:06.201+0000] {subprocess.py:93} INFO - 26/07/22 07:02:06 INFO StandaloneSchedulerBackend: Granted executor ID app-20260722070206-0164/0 on hostPort 172.18.0.5:44367 with 1 core(s), 512.0 MiB RAM
[2026-07-22T07:02:06.203+0000] {subprocess.py:93} INFO - 26/07/22 07:02:06 INFO StandaloneAppClient$ClientEndpoint: Executor added: app-20260722070206-0164/1 on worker-20260716063602-172.18.0.5-44367 (172.18.0.5:44367) with 1 core(s)
[2026-07-22T07:02:06.205+0000] {subprocess.py:93} INFO - 26/07/22 07:02:06 INFO StandaloneSchedulerBackend: Granted executor ID app-20260722070206-0164/1 on hostPort 172.18.0.5:44367 with 1 core(s), 512.0 MiB RAM
[2026-07-22T07:02:06.206+0000] {subprocess.py:93} INFO - 26/07/22 07:02:06 INFO StandaloneAppClient$ClientEndpoint: Executor added: app-20260722070206-0164/2 on worker-20260716063602-172.18.0.6-33249 (172.18.0.6:33249) with 1 core(s)
[2026-07-22T07:02:06.207+0000] {subprocess.py:93} INFO - 26/07/22 07:02:06 INFO StandaloneSchedulerBackend: Granted executor ID app-20260722070206-0164/2 on hostPort 172.18.0.6:33249 with 1 core(s), 512.0 MiB RAM
[2026-07-22T07:02:06.213+0000] {subprocess.py:93} INFO - 26/07/22 07:02:06 INFO Utils: Successfully started service 'org.apache.spark.network.netty.NettyBlockTransferService' on port 42583.
[2026-07-22T07:02:06.215+0000] {subprocess.py:93} INFO - 26/07/22 07:02:06 INFO NettyBlockTransferService: Server created on 8baa47e3bbb6:42583
[2026-07-22T07:02:06.216+0000] {subprocess.py:93} INFO - 26/07/22 07:02:06 INFO BlockManager: Using org.apache.spark.storage.RandomBlockReplicationPolicy for block replication policy
[2026-07-22T07:02:06.224+0000] {subprocess.py:93} INFO - 26/07/22 07:02:06 INFO BlockManagerMaster: Registering BlockManager BlockManagerId(driver, 8baa47e3bbb6, 42583, None)
[2026-07-22T07:02:06.241+0000] {subprocess.py:93} INFO - 26/07/22 07:02:06 INFO BlockManagerMasterEndpoint: Registering block manager 8baa47e3bbb6:42583 with 434.4 MiB RAM, BlockManagerId(driver, 8baa47e3bbb6, 42583, None)
[2026-07-22T07:02:06.255+0000] {subprocess.py:93} INFO - 26/07/22 07:02:06 INFO BlockManagerMaster: Registered BlockManager BlockManagerId(driver, 8baa47e3bbb6, 42583, None)
[2026-07-22T07:02:06.256+0000] {subprocess.py:93} INFO - 26/07/22 07:02:06 INFO StandaloneAppClient$ClientEndpoint: Executor updated: app-20260722070206-0164/2 is now RUNNING
[2026-07-22T07:02:06.258+0000] {subprocess.py:93} INFO - 26/07/22 07:02:06 INFO BlockManager: Initialized BlockManager: BlockManagerId(driver, 8baa47e3bbb6, 42583, None)
[2026-07-22T07:02:06.271+0000] {subprocess.py:93} INFO - 26/07/22 07:02:06 INFO StandaloneAppClient$ClientEndpoint: Executor updated: app-20260722070206-0164/1 is now RUNNING
[2026-07-22T07:02:06.273+0000] {subprocess.py:93} INFO - 26/07/22 07:02:06 INFO StandaloneAppClient$ClientEndpoint: Executor updated: app-20260722070206-0164/0 is now RUNNING
[2026-07-22T07:02:06.651+0000] {subprocess.py:93} INFO - 26/07/22 07:02:06 INFO StandaloneSchedulerBackend: SchedulerBackend is ready for scheduling beginning after reached minRegisteredResourcesRatio: 0.0
[2026-07-22T07:02:07.130+0000] {subprocess.py:93} INFO - Starting silver stream: orders --->>  /opt/data/silver/orders
[2026-07-22T07:02:26.338+0000] {subprocess.py:93} INFO - 26/07/22 07:02:26 WARN ResolveWriteToStream: spark.sql.adaptive.enabled is not supported in streaming DataFrames/Datasets and will be disabled.
[2026-07-22T07:02:26.510+0000] {subprocess.py:93} INFO - Silver stream started: /opt/data/bronze/orders --->> /opt/data/silver/orders
[2026-07-22T07:02:26.519+0000] {subprocess.py:93} INFO - Starting silver stream: customers --->>  /opt/data/silver/customers
[2026-07-22T07:02:33.402+0000] {subprocess.py:93} INFO - 26/07/22 07:02:33 WARN ResolveWriteToStream: spark.sql.adaptive.enabled is not supported in streaming DataFrames/Datasets and will be disabled.
[2026-07-22T07:02:33.480+0000] {subprocess.py:93} INFO - Silver stream started: /opt/data/bronze/customers --->> /opt/data/silver/customers
[2026-07-22T07:02:33.491+0000] {subprocess.py:93} INFO - Starting silver stream: products --->>  /opt/data/silver/products
[2026-07-22T07:02:40.232+0000] {subprocess.py:93} INFO - 26/07/22 07:02:40 WARN ResolveWriteToStream: spark.sql.adaptive.enabled is not supported in streaming DataFrames/Datasets and will be disabled.
[2026-07-22T07:02:40.316+0000] {subprocess.py:93} INFO - Silver stream started: /opt/data/bronze/products --->> /opt/data/silver/products
[2026-07-22T07:02:44.566+0000] {subprocess.py:93} INFO - 26/07/22 07:02:44 WARN SparkStringUtils: Truncated the string representation of a plan since it was too large. This behavior can be adjusted by setting 'spark.sql.debug.maxToStringFields'.
[2026-07-22T07:04:14.399+0000] {subprocess.py:97} INFO - Command exited with return code 0
[2026-07-22T07:04:14.403+0000] {taskinstance.py:441} INFO - ::group::Post task execution logs
[2026-07-22T07:04:14.464+0000] {taskinstance.py:1205} INFO - Marking task as SUCCESS. dag_id=e-commerce_kafka_streaming_pipeline_v1, task_id=run_silver, execution_date=20260722T060000, start_date=20260722T070202, end_date=20260722T070414
[2026-07-22T07:04:14.545+0000] {local_task_job_runner.py:240} INFO - Task exited with return code 0
[2026-07-22T07:04:14.619+0000] {taskinstance.py:3482} INFO - 1 downstream tasks scheduled from follow-on schedule check
[2026-07-22T07:04:14.626+0000] {local_task_job_runner.py:222} INFO - ::endgroup::
