[2026-06-10T12:05:30.735+0000] {local_task_job_runner.py:120} INFO - ::group::Pre task execution logs
[2026-06-10T12:05:31.026+0000] {taskinstance.py:2073} INFO - Dependencies all met for dep_context=non-requeueable deps ti=<TaskInstance: e-commerce_kafka_streaming_pipeline_v10.produce_messages scheduled__2026-06-10T11:00:00+00:00 [queued]>
[2026-06-10T12:05:31.096+0000] {taskinstance.py:2073} INFO - Dependencies all met for dep_context=requeueable deps ti=<TaskInstance: e-commerce_kafka_streaming_pipeline_v10.produce_messages scheduled__2026-06-10T11:00:00+00:00 [queued]>
[2026-06-10T12:05:31.138+0000] {taskinstance.py:2303} INFO - Starting attempt 1 of 2
[2026-06-10T12:05:31.344+0000] {taskinstance.py:2327} INFO - Executing <Task(BashOperator): produce_messages> on 2026-06-10 11:00:00+00:00
[2026-06-10T12:05:31.493+0000] {standard_task_runner.py:90} INFO - Running: ['***', 'tasks', 'run', 'e-commerce_kafka_streaming_pipeline_v10', 'produce_messages', 'scheduled__2026-06-10T11:00:00+00:00', '--job-id', '143', '--raw', '--subdir', 'DAGS_FOLDER/sdp_pipeline_dag.py', '--cfg-path', '/tmp/tmpu54rv98j']
[2026-06-10T12:05:31.663+0000] {standard_task_runner.py:91} INFO - Job 143: Subtask produce_messages
[2026-06-10T12:05:31.813+0000] {logging_mixin.py:188} WARNING - /home/***/.local/lib/python3.12/site-packages/***/task/task_runner/standard_task_runner.py:61 DeprecationWarning: This process (pid=7368) is multi-threaded, use of fork() may lead to deadlocks in the child.
[2026-06-10T12:05:31.961+0000] {standard_task_runner.py:63} INFO - Started process 7374 to run task
[2026-06-10T12:05:32.651+0000] {task_command.py:426} INFO - Running <TaskInstance: e-commerce_kafka_streaming_pipeline_v10.produce_messages scheduled__2026-06-10T11:00:00+00:00 [running]> on host 19d9c0c71dcc
[2026-06-10T12:05:33.288+0000] {taskinstance.py:2644} INFO - Exporting env vars: AIRFLOW_CTX_DAG_OWNER='dev' AIRFLOW_CTX_DAG_ID='e-commerce_kafka_streaming_pipeline_v10' AIRFLOW_CTX_TASK_ID='produce_messages' AIRFLOW_CTX_EXECUTION_DATE='2026-06-10T11:00:00+00:00' AIRFLOW_CTX_TRY_NUMBER='1' AIRFLOW_CTX_DAG_RUN_ID='scheduled__2026-06-10T11:00:00+00:00'
[2026-06-10T12:05:33.299+0000] {taskinstance.py:430} INFO - ::endgroup::
[2026-06-10T12:05:33.448+0000] {subprocess.py:63} INFO - Tmp dir root location: /tmp
[2026-06-10T12:05:33.472+0000] {subprocess.py:75} INFO - Running command: ['/usr/bin/bash', '-c', 'python3 /opt/pipelines/api_to_kafka.py']
[2026-06-10T12:05:33.521+0000] {subprocess.py:86} INFO - Output:
[2026-06-10T12:05:42.164+0000] {subprocess.py:93} INFO - Published 7 records to topic 'orders'
[2026-06-10T12:05:42.186+0000] {subprocess.py:93} INFO - Published 10 records to topic 'customers'
[2026-06-10T12:05:42.196+0000] {subprocess.py:93} INFO - Published 20 records to topic 'products'
[2026-06-10T12:05:42.861+0000] {subprocess.py:97} INFO - Command exited with return code 0
[2026-06-10T12:05:42.893+0000] {taskinstance.py:441} INFO - ::group::Post task execution logs
[2026-06-10T12:05:43.328+0000] {taskinstance.py:1205} INFO - Marking task as SUCCESS. dag_id=e-commerce_kafka_streaming_pipeline_v10, task_id=produce_messages, execution_date=20260610T110000, start_date=20260610T120531, end_date=20260610T120543
[2026-06-10T12:05:43.725+0000] {local_task_job_runner.py:240} INFO - Task exited with return code 0
[2026-06-10T12:05:44.348+0000] {taskinstance.py:3482} INFO - 1 downstream tasks scheduled from follow-on schedule check
[2026-06-10T12:05:44.385+0000] {local_task_job_runner.py:222} INFO - ::endgroup::
