[2026-07-17T06:03:06.636+0000] {local_task_job_runner.py:120} INFO - ::group::Pre task execution logs
[2026-07-17T06:03:06.737+0000] {taskinstance.py:2073} INFO - Dependencies all met for dep_context=non-requeueable deps ti=<TaskInstance: e-commerce_kafka_streaming_pipeline_v1.produce_messages scheduled__2026-07-16T16:00:00+00:00 [queued]>
[2026-07-17T06:03:06.766+0000] {taskinstance.py:2073} INFO - Dependencies all met for dep_context=requeueable deps ti=<TaskInstance: e-commerce_kafka_streaming_pipeline_v1.produce_messages scheduled__2026-07-16T16:00:00+00:00 [queued]>
[2026-07-17T06:03:06.767+0000] {taskinstance.py:2303} INFO - Starting attempt 2 of 3
[2026-07-17T06:03:06.810+0000] {taskinstance.py:2327} INFO - Executing <Task(BashOperator): produce_messages> on 2026-07-16 16:00:00+00:00
[2026-07-17T06:03:06.865+0000] {standard_task_runner.py:90} INFO - Running: ['***', 'tasks', 'run', 'e-commerce_kafka_streaming_pipeline_v1', 'produce_messages', 'scheduled__2026-07-16T16:00:00+00:00', '--job-id', '98', '--raw', '--subdir', 'DAGS_FOLDER/sdp_pipeline_dag.py', '--cfg-path', '/tmp/tmpyggkuy60']
[2026-07-17T06:03:06.876+0000] {standard_task_runner.py:91} INFO - Job 98: Subtask produce_messages
[2026-07-17T06:03:06.896+0000] {logging_mixin.py:188} WARNING - /home/***/.local/lib/python3.12/site-packages/***/task/task_runner/standard_task_runner.py:61 DeprecationWarning: This process (pid=3039) is multi-threaded, use of fork() may lead to deadlocks in the child.
[2026-07-17T06:03:06.902+0000] {standard_task_runner.py:63} INFO - Started process 3040 to run task
[2026-07-17T06:03:07.004+0000] {task_command.py:426} INFO - Running <TaskInstance: e-commerce_kafka_streaming_pipeline_v1.produce_messages scheduled__2026-07-16T16:00:00+00:00 [running]> on host da27550080bf
[2026-07-17T06:03:07.315+0000] {taskinstance.py:2644} INFO - Exporting env vars: AIRFLOW_CTX_DAG_OWNER='dev' AIRFLOW_CTX_DAG_ID='e-commerce_kafka_streaming_pipeline_v1' AIRFLOW_CTX_TASK_ID='produce_messages' AIRFLOW_CTX_EXECUTION_DATE='2026-07-16T16:00:00+00:00' AIRFLOW_CTX_TRY_NUMBER='2' AIRFLOW_CTX_DAG_RUN_ID='scheduled__2026-07-16T16:00:00+00:00'
[2026-07-17T06:03:07.325+0000] {taskinstance.py:430} INFO - ::endgroup::
[2026-07-17T06:03:07.375+0000] {subprocess.py:63} INFO - Tmp dir root location: /tmp
[2026-07-17T06:03:07.382+0000] {subprocess.py:75} INFO - Running command: ['/usr/bin/bash', '-c', 'python3 /opt/pipelines/api_to_kafka.py']
[2026-07-17T06:03:07.412+0000] {subprocess.py:86} INFO - Output:
[2026-07-17T06:03:10.735+0000] {subprocess.py:93} INFO - Published 7 records to topic 'orders'
[2026-07-17T06:03:10.738+0000] {subprocess.py:93} INFO - Published 10 records to topic 'customers'
[2026-07-17T06:03:10.739+0000] {subprocess.py:93} INFO - Published 20 records to topic 'products'
[2026-07-17T06:03:10.898+0000] {subprocess.py:97} INFO - Command exited with return code 0
[2026-07-17T06:03:10.901+0000] {taskinstance.py:441} INFO - ::group::Post task execution logs
[2026-07-17T06:03:10.965+0000] {taskinstance.py:1205} INFO - Marking task as SUCCESS. dag_id=e-commerce_kafka_streaming_pipeline_v1, task_id=produce_messages, execution_date=20260716T160000, start_date=20260717T060306, end_date=20260717T060310
[2026-07-17T06:03:11.022+0000] {local_task_job_runner.py:240} INFO - Task exited with return code 0
[2026-07-17T06:03:11.196+0000] {taskinstance.py:3482} INFO - 0 downstream tasks scheduled from follow-on schedule check
[2026-07-17T06:03:11.204+0000] {local_task_job_runner.py:222} INFO - ::endgroup::
