[2026-07-16T17:52:27.037+0000] {local_task_job_runner.py:120} INFO - ::group::Pre task execution logs
[2026-07-16T17:52:27.083+0000] {taskinstance.py:2073} INFO - Dependencies all met for dep_context=non-requeueable deps ti=<TaskInstance: e-commerce_kafka_streaming_pipeline_v1.produce_messages scheduled__2026-07-16T16:00:00+00:00 [queued]>
[2026-07-16T17:52:27.097+0000] {taskinstance.py:2073} INFO - Dependencies all met for dep_context=requeueable deps ti=<TaskInstance: e-commerce_kafka_streaming_pipeline_v1.produce_messages scheduled__2026-07-16T16:00:00+00:00 [queued]>
[2026-07-16T17:52:27.098+0000] {taskinstance.py:2303} INFO - Starting attempt 1 of 2
[2026-07-16T17:52:27.117+0000] {taskinstance.py:2327} INFO - Executing <Task(BashOperator): produce_messages> on 2026-07-16 16:00:00+00:00
[2026-07-16T17:52:27.131+0000] {standard_task_runner.py:90} INFO - Running: ['***', 'tasks', 'run', 'e-commerce_kafka_streaming_pipeline_v1', 'produce_messages', 'scheduled__2026-07-16T16:00:00+00:00', '--job-id', '76', '--raw', '--subdir', 'DAGS_FOLDER/sdp_pipeline_dag.py', '--cfg-path', '/tmp/tmpzoc875h8']
[2026-07-16T17:52:27.136+0000] {standard_task_runner.py:91} INFO - Job 76: Subtask produce_messages
[2026-07-16T17:52:27.145+0000] {logging_mixin.py:188} WARNING - /home/***/.local/lib/python3.12/site-packages/***/task/task_runner/standard_task_runner.py:61 DeprecationWarning: This process (pid=2676) is multi-threaded, use of fork() may lead to deadlocks in the child.
[2026-07-16T17:52:27.149+0000] {standard_task_runner.py:63} INFO - Started process 2678 to run task
[2026-07-16T17:52:27.228+0000] {task_command.py:426} INFO - Running <TaskInstance: e-commerce_kafka_streaming_pipeline_v1.produce_messages scheduled__2026-07-16T16:00:00+00:00 [running]> on host da27550080bf
[2026-07-16T17:52:27.321+0000] {taskinstance.py:2644} INFO - Exporting env vars: AIRFLOW_CTX_DAG_OWNER='dev' AIRFLOW_CTX_DAG_ID='e-commerce_kafka_streaming_pipeline_v1' AIRFLOW_CTX_TASK_ID='produce_messages' AIRFLOW_CTX_EXECUTION_DATE='2026-07-16T16:00:00+00:00' AIRFLOW_CTX_TRY_NUMBER='1' AIRFLOW_CTX_DAG_RUN_ID='scheduled__2026-07-16T16:00:00+00:00'
[2026-07-16T17:52:27.322+0000] {taskinstance.py:430} INFO - ::endgroup::
[2026-07-16T17:52:27.338+0000] {subprocess.py:63} INFO - Tmp dir root location: /tmp
[2026-07-16T17:52:27.340+0000] {subprocess.py:75} INFO - Running command: ['/usr/bin/bash', '-c', 'python3 /opt/pipelines/api_to_kafka.py']
[2026-07-16T17:52:27.355+0000] {subprocess.py:86} INFO - Output:
[2026-07-16T17:52:28.217+0000] {subprocess.py:93} INFO - Error publishing to orders: HTTPSConnectionPool(host='fakestoreapi.com', port=443): Max retries exceeded with url: /carts (Caused by NewConnectionError('<urllib3.connection.HTTPSConnection object at 0x7de8e2e5f0b0>: Failed to establish a new connection: [Errno -2] Name or service not known'))
[2026-07-16T17:52:28.218+0000] {subprocess.py:93} INFO - Error publishing to customers: HTTPSConnectionPool(host='fakestoreapi.com', port=443): Max retries exceeded with url: /users (Caused by NewConnectionError('<urllib3.connection.HTTPSConnection object at 0x7de8e1cf9670>: Failed to establish a new connection: [Errno -2] Name or service not known'))
[2026-07-16T17:52:28.219+0000] {subprocess.py:93} INFO - Error publishing to products: HTTPSConnectionPool(host='fakestoreapi.com', port=443): Max retries exceeded with url: /products (Caused by NewConnectionError('<urllib3.connection.HTTPSConnection object at 0x7de8e1cf93a0>: Failed to establish a new connection: [Errno -2] Name or service not known'))
[2026-07-16T17:52:28.268+0000] {subprocess.py:97} INFO - Command exited with return code 0
[2026-07-16T17:52:28.270+0000] {taskinstance.py:441} INFO - ::group::Post task execution logs
[2026-07-16T17:52:28.293+0000] {taskinstance.py:1205} INFO - Marking task as SUCCESS. dag_id=e-commerce_kafka_streaming_pipeline_v1, task_id=produce_messages, execution_date=20260716T160000, start_date=20260716T175227, end_date=20260716T175228
[2026-07-16T17:52:28.329+0000] {local_task_job_runner.py:240} INFO - Task exited with return code 0
[2026-07-16T17:52:28.355+0000] {taskinstance.py:3482} INFO - 1 downstream tasks scheduled from follow-on schedule check
[2026-07-16T17:52:28.358+0000] {local_task_job_runner.py:222} INFO - ::endgroup::
