[2026-07-15T12:58:52.510+0000] {local_task_job_runner.py:120} INFO - ::group::Pre task execution logs
[2026-07-15T12:58:52.646+0000] {taskinstance.py:2073} INFO - Dependencies all met for dep_context=non-requeueable deps ti=<TaskInstance: e-commerce_kafka_streaming_pipeline_v1.produce_messages manual__2026-07-15T12:13:14.985465+00:00 [queued]>
[2026-07-15T12:58:52.666+0000] {taskinstance.py:2073} INFO - Dependencies all met for dep_context=requeueable deps ti=<TaskInstance: e-commerce_kafka_streaming_pipeline_v1.produce_messages manual__2026-07-15T12:13:14.985465+00:00 [queued]>
[2026-07-15T12:58:52.668+0000] {taskinstance.py:2303} INFO - Starting attempt 2 of 3
[2026-07-15T12:58:52.710+0000] {taskinstance.py:2327} INFO - Executing <Task(BashOperator): produce_messages> on 2026-07-15 12:13:14.985465+00:00
[2026-07-15T12:58:52.730+0000] {standard_task_runner.py:90} INFO - Running: ['***', 'tasks', 'run', 'e-commerce_kafka_streaming_pipeline_v1', 'produce_messages', 'manual__2026-07-15T12:13:14.985465+00:00', '--job-id', '64', '--raw', '--subdir', 'DAGS_FOLDER/sdp_pipeline_dag.py', '--cfg-path', '/tmp/tmph0bqs2vf']
[2026-07-15T12:58:52.744+0000] {standard_task_runner.py:91} INFO - Job 64: Subtask produce_messages
[2026-07-15T12:58:52.755+0000] {logging_mixin.py:188} WARNING - /home/***/.local/lib/python3.12/site-packages/***/task/task_runner/standard_task_runner.py:61 DeprecationWarning: This process (pid=1991) is multi-threaded, use of fork() may lead to deadlocks in the child.
[2026-07-15T12:58:52.761+0000] {standard_task_runner.py:63} INFO - Started process 1992 to run task
[2026-07-15T12:58:52.951+0000] {task_command.py:426} INFO - Running <TaskInstance: e-commerce_kafka_streaming_pipeline_v1.produce_messages manual__2026-07-15T12:13:14.985465+00:00 [running]> on host 6d7ac32de880
[2026-07-15T12:58:53.469+0000] {taskinstance.py:2644} INFO - Exporting env vars: AIRFLOW_CTX_DAG_OWNER='dev' AIRFLOW_CTX_DAG_ID='e-commerce_kafka_streaming_pipeline_v1' AIRFLOW_CTX_TASK_ID='produce_messages' AIRFLOW_CTX_EXECUTION_DATE='2026-07-15T12:13:14.985465+00:00' AIRFLOW_CTX_TRY_NUMBER='2' AIRFLOW_CTX_DAG_RUN_ID='manual__2026-07-15T12:13:14.985465+00:00'
[2026-07-15T12:58:53.473+0000] {taskinstance.py:430} INFO - ::endgroup::
[2026-07-15T12:58:53.596+0000] {subprocess.py:63} INFO - Tmp dir root location: /tmp
[2026-07-15T12:58:53.601+0000] {subprocess.py:75} INFO - Running command: ['/usr/bin/bash', '-c', 'python3 /opt/pipelines/api_to_kafka.py']
[2026-07-15T12:58:53.656+0000] {subprocess.py:86} INFO - Output:
[2026-07-15T12:59:01.121+0000] {subprocess.py:93} INFO - Published 7 records to topic 'orders'
[2026-07-15T12:59:01.153+0000] {subprocess.py:93} INFO - Published 10 records to topic 'customers'
[2026-07-15T12:59:01.160+0000] {subprocess.py:93} INFO - Published 20 records to topic 'products'
[2026-07-15T12:59:01.561+0000] {subprocess.py:97} INFO - Command exited with return code 0
[2026-07-15T12:59:01.564+0000] {taskinstance.py:441} INFO - ::group::Post task execution logs
[2026-07-15T12:59:01.658+0000] {taskinstance.py:1205} INFO - Marking task as SUCCESS. dag_id=e-commerce_kafka_streaming_pipeline_v1, task_id=produce_messages, execution_date=20260715T121314, start_date=20260715T125852, end_date=20260715T125901
[2026-07-15T12:59:02.160+0000] {local_task_job_runner.py:240} INFO - Task exited with return code 0
[2026-07-15T12:59:02.519+0000] {taskinstance.py:3482} INFO - 0 downstream tasks scheduled from follow-on schedule check
[2026-07-15T12:59:02.530+0000] {local_task_job_runner.py:222} INFO - ::endgroup::
