[2026-07-21T06:14:27.737+0000] {local_task_job_runner.py:120} INFO - ::group::Pre task execution logs
[2026-07-21T06:14:27.794+0000] {taskinstance.py:2073} INFO - Dependencies all met for dep_context=non-requeueable deps ti=<TaskInstance: e-commerce_kafka_streaming_pipeline_v1.run_gold scheduled__2026-07-21T05:00:00+00:00 [queued]>
[2026-07-21T06:14:27.807+0000] {taskinstance.py:2073} INFO - Dependencies all met for dep_context=requeueable deps ti=<TaskInstance: e-commerce_kafka_streaming_pipeline_v1.run_gold scheduled__2026-07-21T05:00:00+00:00 [queued]>
[2026-07-21T06:14:27.808+0000] {taskinstance.py:2303} INFO - Starting attempt 1 of 2
[2026-07-21T06:14:27.824+0000] {taskinstance.py:2327} INFO - Executing <Task(BashOperator): run_gold> on 2026-07-21 05:00:00+00:00
[2026-07-21T06:14:27.832+0000] {standard_task_runner.py:90} INFO - Running: ['***', 'tasks', 'run', 'e-commerce_kafka_streaming_pipeline_v1', 'run_gold', 'scheduled__2026-07-21T05:00:00+00:00', '--job-id', '265', '--raw', '--subdir', 'DAGS_FOLDER/sdp_pipeline_dag.py', '--cfg-path', '/tmp/tmpw0m4tvgt']
[2026-07-21T06:14:27.836+0000] {standard_task_runner.py:91} INFO - Job 265: Subtask run_gold
[2026-07-21T06:14:27.851+0000] {logging_mixin.py:188} WARNING - /home/***/.local/lib/python3.12/site-packages/***/task/task_runner/standard_task_runner.py:61 DeprecationWarning: This process (pid=12180) is multi-threaded, use of fork() may lead to deadlocks in the child.
[2026-07-21T06:14:27.852+0000] {standard_task_runner.py:63} INFO - Started process 12181 to run task
[2026-07-21T06:14:27.901+0000] {task_command.py:426} INFO - Running <TaskInstance: e-commerce_kafka_streaming_pipeline_v1.run_gold scheduled__2026-07-21T05:00:00+00:00 [running]> on host da27550080bf
[2026-07-21T06:14:28.005+0000] {taskinstance.py:2644} INFO - Exporting env vars: AIRFLOW_CTX_DAG_OWNER='dev' AIRFLOW_CTX_DAG_ID='e-commerce_kafka_streaming_pipeline_v1' AIRFLOW_CTX_TASK_ID='run_gold' AIRFLOW_CTX_EXECUTION_DATE='2026-07-21T05:00:00+00:00' AIRFLOW_CTX_TRY_NUMBER='1' AIRFLOW_CTX_DAG_RUN_ID='scheduled__2026-07-21T05:00:00+00:00'
[2026-07-21T06:14:28.007+0000] {taskinstance.py:430} INFO - ::endgroup::
[2026-07-21T06:14:28.026+0000] {subprocess.py:63} INFO - Tmp dir root location: /tmp
[2026-07-21T06:14:28.027+0000] {subprocess.py:75} INFO - Running command: ['/usr/bin/bash', '-c', 'docker run --rm --network streaming_kafka_project_sdp-net --volume /d/Streaming_kafka_project/pipelines:/opt/pipelines --volume /d/Streaming_kafka_project/data:/opt/data --volume /d/Streaming_kafka_project/checkpoints:/opt/checkpoints --volume /d/Streaming_kafka_project/jars:/opt/jars apache/spark:3.5.1 /opt/spark/bin/spark-submit --master spark://sdp-spark-master:7077 --executor-cores 1 --executor-memory 512m --total-executor-cores 3 --jars /opt/jars/delta-spark_2.12-3.2.0.jar,/opt/jars/delta-storage-3.2.0.jar,/opt/jars/spark-sql-kafka-0-10_2.12-3.5.1.jar,/opt/jars/kafka-clients-3.4.1.jar,/opt/jars/spark-token-provider-kafka-0-10_2.12-3.5.1.jar,/opt/jars/commons-pool2-2.11.1.jar --conf spark.sql.extensions=io.delta.sql.DeltaSparkSessionExtension --conf spark.sql.catalog.spark_catalog=org.apache.spark.sql.delta.catalog.DeltaCatalog  /opt/pipelines/gold_runner.py']
[2026-07-21T06:14:28.040+0000] {subprocess.py:86} INFO - Output:
[2026-07-21T06:14:31.406+0000] {subprocess.py:93} INFO - 26/07/21 06:14:31 WARN NativeCodeLoader: Unable to load native-hadoop library for your platform... using builtin-java classes where applicable
[2026-07-21T06:14:32.620+0000] {subprocess.py:93} INFO - 26/07/21 06:14:32 INFO SparkContext: Running Spark version 3.5.1
[2026-07-21T06:14:32.624+0000] {subprocess.py:93} INFO - 26/07/21 06:14:32 INFO SparkContext: OS info Linux, 6.18.33.2-microsoft-standard-WSL2, amd64
[2026-07-21T06:14:32.625+0000] {subprocess.py:93} INFO - 26/07/21 06:14:32 INFO SparkContext: Java version 11.0.22
[2026-07-21T06:14:32.679+0000] {subprocess.py:93} INFO - 26/07/21 06:14:32 INFO ResourceUtils: ==============================================================
[2026-07-21T06:14:32.681+0000] {subprocess.py:93} INFO - 26/07/21 06:14:32 INFO ResourceUtils: No custom resources configured for spark.driver.
[2026-07-21T06:14:32.682+0000] {subprocess.py:93} INFO - 26/07/21 06:14:32 INFO ResourceUtils: ==============================================================
[2026-07-21T06:14:32.684+0000] {subprocess.py:93} INFO - 26/07/21 06:14:32 INFO SparkContext: Submitted application: SDP-Gold
[2026-07-21T06:14:32.713+0000] {subprocess.py:93} INFO - 26/07/21 06:14:32 INFO ResourceProfile: Default ResourceProfile created, executor resources: Map(cores -> name: cores, amount: 1, script: , vendor: , memory -> name: memory, amount: 512, script: , vendor: , offHeap -> name: offHeap, amount: 0, script: , vendor: ), task resources: Map(cpus -> name: cpus, amount: 1.0)
[2026-07-21T06:14:32.734+0000] {subprocess.py:93} INFO - 26/07/21 06:14:32 INFO ResourceProfile: Limiting resource is cpus at 1 tasks per executor
[2026-07-21T06:14:32.746+0000] {subprocess.py:93} INFO - 26/07/21 06:14:32 INFO ResourceProfileManager: Added ResourceProfile id: 0
[2026-07-21T06:14:32.845+0000] {subprocess.py:93} INFO - 26/07/21 06:14:32 INFO SecurityManager: Changing view acls to: spark
[2026-07-21T06:14:32.847+0000] {subprocess.py:93} INFO - 26/07/21 06:14:32 INFO SecurityManager: Changing modify acls to: spark
[2026-07-21T06:14:32.848+0000] {subprocess.py:93} INFO - 26/07/21 06:14:32 INFO SecurityManager: Changing view acls groups to:
[2026-07-21T06:14:32.849+0000] {subprocess.py:93} INFO - 26/07/21 06:14:32 INFO SecurityManager: Changing modify acls groups to:
[2026-07-21T06:14:32.850+0000] {subprocess.py:93} INFO - 26/07/21 06:14:32 INFO SecurityManager: SecurityManager: authentication disabled; ui acls disabled; users with view permissions: spark; groups with view permissions: EMPTY; users with modify permissions: spark; groups with modify permissions: EMPTY
[2026-07-21T06:14:33.285+0000] {subprocess.py:93} INFO - 26/07/21 06:14:33 INFO Utils: Successfully started service 'sparkDriver' on port 40009.
[2026-07-21T06:14:33.357+0000] {subprocess.py:93} INFO - 26/07/21 06:14:33 INFO SparkEnv: Registering MapOutputTracker
[2026-07-21T06:14:33.401+0000] {subprocess.py:93} INFO - 26/07/21 06:14:33 INFO SparkEnv: Registering BlockManagerMaster
[2026-07-21T06:14:33.424+0000] {subprocess.py:93} INFO - 26/07/21 06:14:33 INFO BlockManagerMasterEndpoint: Using org.apache.spark.storage.DefaultTopologyMapper for getting topology information
[2026-07-21T06:14:33.426+0000] {subprocess.py:93} INFO - 26/07/21 06:14:33 INFO BlockManagerMasterEndpoint: BlockManagerMasterEndpoint up
[2026-07-21T06:14:33.432+0000] {subprocess.py:93} INFO - 26/07/21 06:14:33 INFO SparkEnv: Registering BlockManagerMasterHeartbeat
[2026-07-21T06:14:33.460+0000] {subprocess.py:93} INFO - 26/07/21 06:14:33 INFO DiskBlockManager: Created local directory at /tmp/blockmgr-a65cbce1-9ad7-4dc5-8cb4-42610e5baef4
[2026-07-21T06:14:33.481+0000] {subprocess.py:93} INFO - 26/07/21 06:14:33 INFO MemoryStore: MemoryStore started with capacity 434.4 MiB
[2026-07-21T06:14:33.506+0000] {subprocess.py:93} INFO - 26/07/21 06:14:33 INFO SparkEnv: Registering OutputCommitCoordinator
[2026-07-21T06:14:33.697+0000] {subprocess.py:93} INFO - 26/07/21 06:14:33 INFO JettyUtils: Start Jetty 0.0.0.0:4040 for SparkUI
[2026-07-21T06:14:33.801+0000] {subprocess.py:93} INFO - 26/07/21 06:14:33 INFO Utils: Successfully started service 'SparkUI' on port 4040.
[2026-07-21T06:14:33.880+0000] {subprocess.py:93} INFO - 26/07/21 06:14:33 INFO SparkContext: Added JAR file:///opt/jars/delta-spark_2.12-3.2.0.jar at spark://9f561bb2d106:40009/jars/delta-spark_2.12-3.2.0.jar with timestamp 1784614472601
[2026-07-21T06:14:33.881+0000] {subprocess.py:93} INFO - 26/07/21 06:14:33 INFO SparkContext: Added JAR file:///opt/jars/delta-storage-3.2.0.jar at spark://9f561bb2d106:40009/jars/delta-storage-3.2.0.jar with timestamp 1784614472601
[2026-07-21T06:14:33.883+0000] {subprocess.py:93} INFO - 26/07/21 06:14:33 INFO SparkContext: Added JAR file:///opt/jars/spark-sql-kafka-0-10_2.12-3.5.1.jar at spark://9f561bb2d106:40009/jars/spark-sql-kafka-0-10_2.12-3.5.1.jar with timestamp 1784614472601
[2026-07-21T06:14:33.884+0000] {subprocess.py:93} INFO - 26/07/21 06:14:33 INFO SparkContext: Added JAR file:///opt/jars/kafka-clients-3.4.1.jar at spark://9f561bb2d106:40009/jars/kafka-clients-3.4.1.jar with timestamp 1784614472601
[2026-07-21T06:14:33.885+0000] {subprocess.py:93} INFO - 26/07/21 06:14:33 INFO SparkContext: Added JAR file:///opt/jars/spark-token-provider-kafka-0-10_2.12-3.5.1.jar at spark://9f561bb2d106:40009/jars/spark-token-provider-kafka-0-10_2.12-3.5.1.jar with timestamp 1784614472601
[2026-07-21T06:14:33.887+0000] {subprocess.py:93} INFO - 26/07/21 06:14:33 INFO SparkContext: Added JAR file:///opt/jars/commons-pool2-2.11.1.jar at spark://9f561bb2d106:40009/jars/commons-pool2-2.11.1.jar with timestamp 1784614472601
[2026-07-21T06:14:34.017+0000] {subprocess.py:93} INFO - 26/07/21 06:14:34 INFO StandaloneAppClient$ClientEndpoint: Connecting to master spark://sdp-spark-master:7077...
[2026-07-21T06:14:34.082+0000] {subprocess.py:93} INFO - 26/07/21 06:14:34 INFO TransportClientFactory: Successfully created connection to sdp-spark-master/172.18.0.4:7077 after 37 ms (0 ms spent in bootstraps)
[2026-07-21T06:14:34.210+0000] {subprocess.py:93} INFO - 26/07/21 06:14:34 INFO StandaloneSchedulerBackend: Connected to Spark cluster with app ID app-20260721061434-0125
[2026-07-21T06:14:34.217+0000] {subprocess.py:93} INFO - 26/07/21 06:14:34 INFO StandaloneAppClient$ClientEndpoint: Executor added: app-20260721061434-0125/0 on worker-20260716063602-172.18.0.5-44367 (172.18.0.5:44367) with 1 core(s)
[2026-07-21T06:14:34.224+0000] {subprocess.py:93} INFO - 26/07/21 06:14:34 INFO StandaloneSchedulerBackend: Granted executor ID app-20260721061434-0125/0 on hostPort 172.18.0.5:44367 with 1 core(s), 512.0 MiB RAM
[2026-07-21T06:14:34.226+0000] {subprocess.py:93} INFO - 26/07/21 06:14:34 INFO StandaloneAppClient$ClientEndpoint: Executor added: app-20260721061434-0125/1 on worker-20260716063602-172.18.0.5-44367 (172.18.0.5:44367) with 1 core(s)
[2026-07-21T06:14:34.231+0000] {subprocess.py:93} INFO - 26/07/21 06:14:34 INFO StandaloneSchedulerBackend: Granted executor ID app-20260721061434-0125/1 on hostPort 172.18.0.5:44367 with 1 core(s), 512.0 MiB RAM
[2026-07-21T06:14:34.238+0000] {subprocess.py:93} INFO - 26/07/21 06:14:34 INFO StandaloneAppClient$ClientEndpoint: Executor added: app-20260721061434-0125/2 on worker-20260716063602-172.18.0.6-33249 (172.18.0.6:33249) with 1 core(s)
[2026-07-21T06:14:34.240+0000] {subprocess.py:93} INFO - 26/07/21 06:14:34 INFO Utils: Successfully started service 'org.apache.spark.network.netty.NettyBlockTransferService' on port 41265.
[2026-07-21T06:14:34.241+0000] {subprocess.py:93} INFO - 26/07/21 06:14:34 INFO NettyBlockTransferService: Server created on 9f561bb2d106:41265
[2026-07-21T06:14:34.241+0000] {subprocess.py:93} INFO - 26/07/21 06:14:34 INFO StandaloneSchedulerBackend: Granted executor ID app-20260721061434-0125/2 on hostPort 172.18.0.6:33249 with 1 core(s), 512.0 MiB RAM
[2026-07-21T06:14:34.242+0000] {subprocess.py:93} INFO - 26/07/21 06:14:34 INFO BlockManager: Using org.apache.spark.storage.RandomBlockReplicationPolicy for block replication policy
[2026-07-21T06:14:34.251+0000] {subprocess.py:93} INFO - 26/07/21 06:14:34 INFO BlockManagerMaster: Registering BlockManager BlockManagerId(driver, 9f561bb2d106, 41265, None)
[2026-07-21T06:14:34.269+0000] {subprocess.py:93} INFO - 26/07/21 06:14:34 INFO BlockManagerMasterEndpoint: Registering block manager 9f561bb2d106:41265 with 434.4 MiB RAM, BlockManagerId(driver, 9f561bb2d106, 41265, None)
[2026-07-21T06:14:34.294+0000] {subprocess.py:93} INFO - 26/07/21 06:14:34 INFO BlockManagerMaster: Registered BlockManager BlockManagerId(driver, 9f561bb2d106, 41265, None)
[2026-07-21T06:14:34.298+0000] {subprocess.py:93} INFO - 26/07/21 06:14:34 INFO StandaloneAppClient$ClientEndpoint: Executor updated: app-20260721061434-0125/0 is now RUNNING
[2026-07-21T06:14:34.301+0000] {subprocess.py:93} INFO - 26/07/21 06:14:34 INFO StandaloneAppClient$ClientEndpoint: Executor updated: app-20260721061434-0125/2 is now RUNNING
[2026-07-21T06:14:34.303+0000] {subprocess.py:93} INFO - 26/07/21 06:14:34 INFO BlockManager: Initialized BlockManager: BlockManagerId(driver, 9f561bb2d106, 41265, None)
[2026-07-21T06:14:34.319+0000] {subprocess.py:93} INFO - 26/07/21 06:14:34 INFO StandaloneAppClient$ClientEndpoint: Executor updated: app-20260721061434-0125/1 is now RUNNING
[2026-07-21T06:14:34.831+0000] {subprocess.py:93} INFO - 26/07/21 06:14:34 INFO StandaloneSchedulerBackend: SchedulerBackend is ready for scheduling beginning after reached minRegisteredResourcesRatio: 0.0
[2026-07-21T06:15:15.643+0000] {subprocess.py:93} INFO - 26/07/21 06:15:15 WARN SparkStringUtils: Truncated the string representation of a plan since it was too large. This behavior can be adjusted by setting 'spark.sql.debug.maxToStringFields'.
[2026-07-21T06:16:44.349+0000] {subprocess.py:93} INFO - Gold table written: /opt/data/gold/daily_sales  (4 rows)
[2026-07-21T06:17:11.264+0000] {subprocess.py:93} INFO - Gold table written: /opt/data/gold/product_performance  (10 rows)
[2026-07-21T06:17:46.092+0000] {subprocess.py:93} INFO - Gold table written: /opt/data/gold/customer_orders  (5 rows)
[2026-07-21T06:17:46.096+0000] {subprocess.py:93} INFO - 
[2026-07-21T06:17:46.097+0000] {subprocess.py:93} INFO - Gold pipeline complete.
[2026-07-21T06:17:47.152+0000] {subprocess.py:97} INFO - Command exited with return code 0
[2026-07-21T06:17:47.157+0000] {taskinstance.py:441} INFO - ::group::Post task execution logs
[2026-07-21T06:17:47.214+0000] {taskinstance.py:1205} INFO - Marking task as SUCCESS. dag_id=e-commerce_kafka_streaming_pipeline_v1, task_id=run_gold, execution_date=20260721T050000, start_date=20260721T061427, end_date=20260721T061747
[2026-07-21T06:17:47.269+0000] {local_task_job_runner.py:240} INFO - Task exited with return code 0
[2026-07-21T06:17:47.296+0000] {taskinstance.py:3482} INFO - 1 downstream tasks scheduled from follow-on schedule check
[2026-07-21T06:17:47.299+0000] {local_task_job_runner.py:222} INFO - ::endgroup::
