[2026-06-08T13:29:34.223+0000] {local_task_job_runner.py:120} INFO - ::group::Pre task execution logs
[2026-06-08T13:29:34.278+0000] {taskinstance.py:2073} INFO - Dependencies all met for dep_context=non-requeueable deps ti=<TaskInstance: e-commerce_kafka_streaming_pipeline_v10.run_bronze manual__2026-06-08T13:27:46.038467+00:00 [queued]>
[2026-06-08T13:29:34.292+0000] {taskinstance.py:2073} INFO - Dependencies all met for dep_context=requeueable deps ti=<TaskInstance: e-commerce_kafka_streaming_pipeline_v10.run_bronze manual__2026-06-08T13:27:46.038467+00:00 [queued]>
[2026-06-08T13:29:34.293+0000] {taskinstance.py:2303} INFO - Starting attempt 2 of 3
[2026-06-08T13:29:34.334+0000] {taskinstance.py:2327} INFO - Executing <Task(BashOperator): run_bronze> on 2026-06-08 13:27:46.038467+00:00
[2026-06-08T13:29:34.348+0000] {standard_task_runner.py:90} INFO - Running: ['***', 'tasks', 'run', 'e-commerce_kafka_streaming_pipeline_v10', 'run_bronze', 'manual__2026-06-08T13:27:46.038467+00:00', '--job-id', '43', '--raw', '--subdir', 'DAGS_FOLDER/sdp_pipeline_dag.py', '--cfg-path', '/tmp/tmp9cy_vpif']
[2026-06-08T13:29:34.353+0000] {standard_task_runner.py:91} INFO - Job 43: Subtask run_bronze
[2026-06-08T13:29:34.355+0000] {logging_mixin.py:188} WARNING - /home/***/.local/lib/python3.12/site-packages/***/task/task_runner/standard_task_runner.py:61 DeprecationWarning: This process (pid=293) is multi-threaded, use of fork() may lead to deadlocks in the child.
[2026-06-08T13:29:34.359+0000] {standard_task_runner.py:63} INFO - Started process 294 to run task
[2026-06-08T13:29:34.439+0000] {task_command.py:426} INFO - Running <TaskInstance: e-commerce_kafka_streaming_pipeline_v10.run_bronze manual__2026-06-08T13:27:46.038467+00:00 [running]> on host 19d9c0c71dcc
[2026-06-08T13:29:34.622+0000] {taskinstance.py:2644} INFO - Exporting env vars: AIRFLOW_CTX_DAG_OWNER='dev' AIRFLOW_CTX_DAG_ID='e-commerce_kafka_streaming_pipeline_v10' AIRFLOW_CTX_TASK_ID='run_bronze' AIRFLOW_CTX_EXECUTION_DATE='2026-06-08T13:27:46.038467+00:00' AIRFLOW_CTX_TRY_NUMBER='2' AIRFLOW_CTX_DAG_RUN_ID='manual__2026-06-08T13:27:46.038467+00:00'
[2026-06-08T13:29:34.624+0000] {taskinstance.py:430} INFO - ::endgroup::
[2026-06-08T13:29:34.657+0000] {subprocess.py:63} INFO - Tmp dir root location: /tmp
[2026-06-08T13:29:34.658+0000] {subprocess.py:75} INFO - Running command: ['/usr/bin/bash', '-c', 'timeout 90s docker run --rm --network streaming_kafka_project_sdp-net --volume /d/Streaming_kafka_project/pipelines:/opt/pipelines --volume /d/Streaming_kafka_project/data:/opt/data --volume /d/Streaming_kafka_project/checkpoints:/opt/checkpoints --volume /d/Streaming_kafka_project/jars:/opt/jars apache/spark:3.5.1 /opt/spark/bin/spark-submit --master spark://sdp-spark-master:7077 --executor-cores 1 --executor-memory 512m --total-executor-cores 3 --jars /opt/jars/delta-spark_2.12-3.2.0.jar,/opt/jars/delta-storage-3.2.0.jar,/opt/jars/spark-sql-kafka-0-10_2.12-3.5.1.jar,/opt/jars/kafka-clients-3.4.1.jar,/opt/jars/spark-token-provider-kafka-0-10_2.12-3.5.1.jar,/opt/jars/commons-pool2-2.11.1.jar --conf spark.sql.extensions=io.delta.sql.DeltaSparkSessionExtension --conf spark.sql.catalog.spark_catalog=org.apache.spark.sql.delta.catalog.DeltaCatalog  /opt/pipelines/bronze_runner.py']
[2026-06-08T13:29:34.676+0000] {subprocess.py:86} INFO - Output:
[2026-06-08T13:29:40.411+0000] {subprocess.py:93} INFO - 26/06/08 13:29:40 WARN NativeCodeLoader: Unable to load native-hadoop library for your platform... using builtin-java classes where applicable
[2026-06-08T13:29:42.383+0000] {subprocess.py:93} INFO - 26/06/08 13:29:42 INFO SparkContext: Running Spark version 3.5.1
[2026-06-08T13:29:42.385+0000] {subprocess.py:93} INFO - 26/06/08 13:29:42 INFO SparkContext: OS info Linux, 6.6.114.1-microsoft-standard-WSL2, amd64
[2026-06-08T13:29:42.389+0000] {subprocess.py:93} INFO - 26/06/08 13:29:42 INFO SparkContext: Java version 11.0.22
[2026-06-08T13:29:42.466+0000] {subprocess.py:93} INFO - 26/06/08 13:29:42 INFO ResourceUtils: ==============================================================
[2026-06-08T13:29:42.467+0000] {subprocess.py:93} INFO - 26/06/08 13:29:42 INFO ResourceUtils: No custom resources configured for spark.driver.
[2026-06-08T13:29:42.468+0000] {subprocess.py:93} INFO - 26/06/08 13:29:42 INFO ResourceUtils: ==============================================================
[2026-06-08T13:29:42.471+0000] {subprocess.py:93} INFO - 26/06/08 13:29:42 INFO SparkContext: Submitted application: SDP-Bronze
[2026-06-08T13:29:42.519+0000] {subprocess.py:93} INFO - 26/06/08 13:29:42 INFO ResourceProfile: Default ResourceProfile created, executor resources: Map(cores -> name: cores, amount: 1, script: , vendor: , memory -> name: memory, amount: 512, script: , vendor: , offHeap -> name: offHeap, amount: 0, script: , vendor: ), task resources: Map(cpus -> name: cpus, amount: 1.0)
[2026-06-08T13:29:42.544+0000] {subprocess.py:93} INFO - 26/06/08 13:29:42 INFO ResourceProfile: Limiting resource is cpus at 1 tasks per executor
[2026-06-08T13:29:42.549+0000] {subprocess.py:93} INFO - 26/06/08 13:29:42 INFO ResourceProfileManager: Added ResourceProfile id: 0
[2026-06-08T13:29:42.673+0000] {subprocess.py:93} INFO - 26/06/08 13:29:42 INFO SecurityManager: Changing view acls to: spark
[2026-06-08T13:29:42.676+0000] {subprocess.py:93} INFO - 26/06/08 13:29:42 INFO SecurityManager: Changing modify acls to: spark
[2026-06-08T13:29:42.678+0000] {subprocess.py:93} INFO - 26/06/08 13:29:42 INFO SecurityManager: Changing view acls groups to:
[2026-06-08T13:29:42.680+0000] {subprocess.py:93} INFO - 26/06/08 13:29:42 INFO SecurityManager: Changing modify acls groups to:
[2026-06-08T13:29:42.683+0000] {subprocess.py:93} INFO - 26/06/08 13:29:42 INFO SecurityManager: SecurityManager: authentication disabled; ui acls disabled; users with view permissions: spark; groups with view permissions: EMPTY; users with modify permissions: spark; groups with modify permissions: EMPTY
[2026-06-08T13:29:43.373+0000] {subprocess.py:93} INFO - 26/06/08 13:29:43 INFO Utils: Successfully started service 'sparkDriver' on port 36209.
[2026-06-08T13:29:43.520+0000] {subprocess.py:93} INFO - 26/06/08 13:29:43 INFO SparkEnv: Registering MapOutputTracker
[2026-06-08T13:29:43.622+0000] {subprocess.py:93} INFO - 26/06/08 13:29:43 INFO SparkEnv: Registering BlockManagerMaster
[2026-06-08T13:29:43.685+0000] {subprocess.py:93} INFO - 26/06/08 13:29:43 INFO BlockManagerMasterEndpoint: Using org.apache.spark.storage.DefaultTopologyMapper for getting topology information
[2026-06-08T13:29:43.687+0000] {subprocess.py:93} INFO - 26/06/08 13:29:43 INFO BlockManagerMasterEndpoint: BlockManagerMasterEndpoint up
[2026-06-08T13:29:43.703+0000] {subprocess.py:93} INFO - 26/06/08 13:29:43 INFO SparkEnv: Registering BlockManagerMasterHeartbeat
[2026-06-08T13:29:43.786+0000] {subprocess.py:93} INFO - 26/06/08 13:29:43 INFO DiskBlockManager: Created local directory at /tmp/blockmgr-e0a10ab8-8652-47bc-b783-5cbb0e5f4e1f
[2026-06-08T13:29:43.822+0000] {subprocess.py:93} INFO - 26/06/08 13:29:43 INFO MemoryStore: MemoryStore started with capacity 434.4 MiB
[2026-06-08T13:29:43.861+0000] {subprocess.py:93} INFO - 26/06/08 13:29:43 INFO SparkEnv: Registering OutputCommitCoordinator
[2026-06-08T13:29:44.439+0000] {subprocess.py:93} INFO - 26/06/08 13:29:44 INFO JettyUtils: Start Jetty 0.0.0.0:4040 for SparkUI
[2026-06-08T13:29:44.601+0000] {subprocess.py:93} INFO - 26/06/08 13:29:44 INFO Utils: Successfully started service 'SparkUI' on port 4040.
[2026-06-08T13:29:44.691+0000] {subprocess.py:93} INFO - 26/06/08 13:29:44 INFO SparkContext: Added JAR file:///opt/jars/delta-spark_2.12-3.2.0.jar at spark://b897989bf819:36209/jars/delta-spark_2.12-3.2.0.jar with timestamp 1780925382367
[2026-06-08T13:29:44.697+0000] {subprocess.py:93} INFO - 26/06/08 13:29:44 INFO SparkContext: Added JAR file:///opt/jars/delta-storage-3.2.0.jar at spark://b897989bf819:36209/jars/delta-storage-3.2.0.jar with timestamp 1780925382367
[2026-06-08T13:29:44.699+0000] {subprocess.py:93} INFO - 26/06/08 13:29:44 INFO SparkContext: Added JAR file:///opt/jars/spark-sql-kafka-0-10_2.12-3.5.1.jar at spark://b897989bf819:36209/jars/spark-sql-kafka-0-10_2.12-3.5.1.jar with timestamp 1780925382367
[2026-06-08T13:29:44.702+0000] {subprocess.py:93} INFO - 26/06/08 13:29:44 INFO SparkContext: Added JAR file:///opt/jars/kafka-clients-3.4.1.jar at spark://b897989bf819:36209/jars/kafka-clients-3.4.1.jar with timestamp 1780925382367
[2026-06-08T13:29:44.704+0000] {subprocess.py:93} INFO - 26/06/08 13:29:44 INFO SparkContext: Added JAR file:///opt/jars/spark-token-provider-kafka-0-10_2.12-3.5.1.jar at spark://b897989bf819:36209/jars/spark-token-provider-kafka-0-10_2.12-3.5.1.jar with timestamp 1780925382367
[2026-06-08T13:29:44.710+0000] {subprocess.py:93} INFO - 26/06/08 13:29:44 INFO SparkContext: Added JAR file:///opt/jars/commons-pool2-2.11.1.jar at spark://b897989bf819:36209/jars/commons-pool2-2.11.1.jar with timestamp 1780925382367
[2026-06-08T13:29:44.957+0000] {subprocess.py:93} INFO - 26/06/08 13:29:44 INFO StandaloneAppClient$ClientEndpoint: Connecting to master spark://sdp-spark-master:7077...
[2026-06-08T13:29:45.096+0000] {subprocess.py:93} INFO - 26/06/08 13:29:45 INFO TransportClientFactory: Successfully created connection to sdp-spark-master/172.18.0.4:7077 after 82 ms (0 ms spent in bootstraps)
[2026-06-08T13:29:45.381+0000] {subprocess.py:93} INFO - 26/06/08 13:29:45 INFO StandaloneSchedulerBackend: Connected to Spark cluster with app ID app-20260608132945-0002
[2026-06-08T13:29:45.399+0000] {subprocess.py:93} INFO - 26/06/08 13:29:45 INFO StandaloneAppClient$ClientEndpoint: Executor added: app-20260608132945-0002/0 on worker-20260608131402-172.18.0.6-44005 (172.18.0.6:44005) with 1 core(s)
[2026-06-08T13:29:45.419+0000] {subprocess.py:93} INFO - 26/06/08 13:29:45 INFO StandaloneSchedulerBackend: Granted executor ID app-20260608132945-0002/0 on hostPort 172.18.0.6:44005 with 1 core(s), 512.0 MiB RAM
[2026-06-08T13:29:45.434+0000] {subprocess.py:93} INFO - 26/06/08 13:29:45 INFO StandaloneAppClient$ClientEndpoint: Executor added: app-20260608132945-0002/1 on worker-20260608131402-172.18.0.6-44005 (172.18.0.6:44005) with 1 core(s)
[2026-06-08T13:29:45.437+0000] {subprocess.py:93} INFO - 26/06/08 13:29:45 INFO StandaloneSchedulerBackend: Granted executor ID app-20260608132945-0002/1 on hostPort 172.18.0.6:44005 with 1 core(s), 512.0 MiB RAM
[2026-06-08T13:29:45.447+0000] {subprocess.py:93} INFO - 26/06/08 13:29:45 INFO StandaloneAppClient$ClientEndpoint: Executor added: app-20260608132945-0002/2 on worker-20260608131402-172.18.0.5-38399 (172.18.0.5:38399) with 1 core(s)
[2026-06-08T13:29:45.450+0000] {subprocess.py:93} INFO - 26/06/08 13:29:45 INFO StandaloneSchedulerBackend: Granted executor ID app-20260608132945-0002/2 on hostPort 172.18.0.5:38399 with 1 core(s), 512.0 MiB RAM
[2026-06-08T13:29:45.554+0000] {subprocess.py:93} INFO - 26/06/08 13:29:45 INFO Utils: Successfully started service 'org.apache.spark.network.netty.NettyBlockTransferService' on port 45837.
[2026-06-08T13:29:45.555+0000] {subprocess.py:93} INFO - 26/06/08 13:29:45 INFO NettyBlockTransferService: Server created on b897989bf819:45837
[2026-06-08T13:29:45.569+0000] {subprocess.py:93} INFO - 26/06/08 13:29:45 INFO BlockManager: Using org.apache.spark.storage.RandomBlockReplicationPolicy for block replication policy
[2026-06-08T13:29:45.697+0000] {subprocess.py:93} INFO - 26/06/08 13:29:45 INFO BlockManagerMaster: Registering BlockManager BlockManagerId(driver, b897989bf819, 45837, None)
[2026-06-08T13:29:45.705+0000] {subprocess.py:93} INFO - 26/06/08 13:29:45 INFO StandaloneAppClient$ClientEndpoint: Executor updated: app-20260608132945-0002/1 is now RUNNING
[2026-06-08T13:29:45.707+0000] {subprocess.py:93} INFO - 26/06/08 13:29:45 INFO StandaloneAppClient$ClientEndpoint: Executor updated: app-20260608132945-0002/0 is now RUNNING
[2026-06-08T13:29:45.717+0000] {subprocess.py:93} INFO - 26/06/08 13:29:45 INFO StandaloneAppClient$ClientEndpoint: Executor updated: app-20260608132945-0002/2 is now RUNNING
[2026-06-08T13:29:45.721+0000] {subprocess.py:93} INFO - 26/06/08 13:29:45 INFO BlockManagerMasterEndpoint: Registering block manager b897989bf819:45837 with 434.4 MiB RAM, BlockManagerId(driver, b897989bf819, 45837, None)
[2026-06-08T13:29:45.735+0000] {subprocess.py:93} INFO - 26/06/08 13:29:45 INFO BlockManagerMaster: Registered BlockManager BlockManagerId(driver, b897989bf819, 45837, None)
[2026-06-08T13:29:45.749+0000] {subprocess.py:93} INFO - 26/06/08 13:29:45 INFO BlockManager: Initialized BlockManager: BlockManagerId(driver, b897989bf819, 45837, None)
[2026-06-08T13:29:47.687+0000] {subprocess.py:93} INFO - 26/06/08 13:29:47 INFO StandaloneSchedulerBackend: SchedulerBackend is ready for scheduling beginning after reached minRegisteredResourcesRatio: 0.0
[2026-06-08T13:29:48.670+0000] {subprocess.py:93} INFO - Starting stream: orders -> /opt/data/bronze/orders
[2026-06-08T13:30:03.851+0000] {subprocess.py:93} INFO - 26/06/08 13:30:03 WARN ResolveWriteToStream: spark.sql.adaptive.enabled is not supported in streaming DataFrames/Datasets and will be disabled.
[2026-06-08T13:30:04.637+0000] {subprocess.py:93} INFO - Starting stream: customers -> /opt/data/bronze/customers
[2026-06-08T13:30:05.092+0000] {subprocess.py:93} INFO - 26/06/08 13:30:05 WARN ResolveWriteToStream: spark.sql.adaptive.enabled is not supported in streaming DataFrames/Datasets and will be disabled.
[2026-06-08T13:30:05.436+0000] {subprocess.py:93} INFO - Starting stream: products -> /opt/data/bronze/products
[2026-06-08T13:30:05.893+0000] {subprocess.py:93} INFO - 26/06/08 13:30:05 WARN ResolveWriteToStream: spark.sql.adaptive.enabled is not supported in streaming DataFrames/Datasets and will be disabled.
[2026-06-08T13:30:43.326+0000] {subprocess.py:93} INFO - 26/06/08 13:30:43 WARN AdminClientConfig: These configurations '[key.deserializer, value.deserializer, enable.auto.commit, max.poll.records, auto.offset.reset]' were supplied but are not used yet.
[2026-06-08T13:30:43.331+0000] {subprocess.py:93} INFO - 26/06/08 13:30:43 WARN AdminClientConfig: These configurations '[key.deserializer, value.deserializer, enable.auto.commit, max.poll.records, auto.offset.reset]' were supplied but are not used yet.
[2026-06-08T13:30:44.317+0000] {subprocess.py:93} INFO - 26/06/08 13:30:44 WARN AdminClientConfig: These configurations '[key.deserializer, value.deserializer, enable.auto.commit, max.poll.records, auto.offset.reset]' were supplied but are not used yet.
[2026-06-08T13:30:49.848+0000] {subprocess.py:93} INFO - 26/06/08 13:30:49 WARN SparkStringUtils: Truncated the string representation of a plan since it was too large. This behavior can be adjusted by setting 'spark.sql.debug.maxToStringFields'.
[2026-06-08T13:31:05.368+0000] {subprocess.py:93} INFO - 26/06/08 13:31:05 ERROR MicroBatchExecution: Query [id = 4a8fb13c-ad7e-4bd5-b0b9-72c0fa063146, runId = 869a13b6-ee84-4304-a692-3c06a1d64afa] terminated with error
[2026-06-08T13:31:05.369+0000] {subprocess.py:93} INFO - org.apache.spark.SparkException: Job 8 cancelled because SparkContext was shut down
[2026-06-08T13:31:05.370+0000] {subprocess.py:93} INFO - 	at org.apache.spark.scheduler.DAGScheduler.$anonfun$cleanUpAfterSchedulerStop$1(DAGScheduler.scala:1253)
[2026-06-08T13:31:05.371+0000] {subprocess.py:93} INFO - 	at org.apache.spark.scheduler.DAGScheduler.$anonfun$cleanUpAfterSchedulerStop$1$adapted(DAGScheduler.scala:1251)
[2026-06-08T13:31:05.375+0000] {subprocess.py:93} INFO - 	at scala.collection.mutable.HashSet.foreach(HashSet.scala:79)
[2026-06-08T13:31:05.376+0000] {subprocess.py:93} INFO - 	at org.apache.spark.scheduler.DAGScheduler.cleanUpAfterSchedulerStop(DAGScheduler.scala:1251)
[2026-06-08T13:31:05.377+0000] {subprocess.py:93} INFO - 	at org.apache.spark.scheduler.DAGSchedulerEventProcessLoop.onStop(DAGScheduler.scala:3087)
[2026-06-08T13:31:05.378+0000] {subprocess.py:93} INFO - 	at org.apache.spark.util.EventLoop.stop(EventLoop.scala:84)
[2026-06-08T13:31:05.379+0000] {subprocess.py:93} INFO - 	at org.apache.spark.scheduler.DAGScheduler.$anonfun$stop$3(DAGScheduler.scala:2973)
[2026-06-08T13:31:05.380+0000] {subprocess.py:93} INFO - 	at org.apache.spark.util.Utils$.tryLogNonFatalError(Utils.scala:1375)
[2026-06-08T13:31:05.382+0000] {subprocess.py:93} INFO - 	at org.apache.spark.scheduler.DAGScheduler.stop(DAGScheduler.scala:2973)
[2026-06-08T13:31:05.385+0000] {subprocess.py:93} INFO - 	at org.apache.spark.SparkContext.$anonfun$stop$12(SparkContext.scala:2263)
[2026-06-08T13:31:05.387+0000] {subprocess.py:93} INFO - 	at org.apache.spark.util.Utils$.tryLogNonFatalError(Utils.scala:1375)
[2026-06-08T13:31:05.388+0000] {subprocess.py:93} INFO - 	at org.apache.spark.SparkContext.stop(SparkContext.scala:2263)
[2026-06-08T13:31:05.392+0000] {subprocess.py:93} INFO - 	at org.apache.spark.SparkContext.stop(SparkContext.scala:2216)
[2026-06-08T13:31:05.394+0000] {subprocess.py:93} INFO - 	at org.apache.spark.SparkContext.$anonfun$new$34(SparkContext.scala:686)
[2026-06-08T13:31:05.395+0000] {subprocess.py:93} INFO - 	at org.apache.spark.util.SparkShutdownHook.run(ShutdownHookManager.scala:214)
[2026-06-08T13:31:05.396+0000] {subprocess.py:93} INFO - 	at org.apache.spark.util.SparkShutdownHookManager.$anonfun$runAll$2(ShutdownHookManager.scala:188)
[2026-06-08T13:31:05.397+0000] {subprocess.py:93} INFO - 	at scala.runtime.java8.JFunction0$mcV$sp.apply(JFunction0$mcV$sp.java:23)
[2026-06-08T13:31:05.402+0000] {subprocess.py:93} INFO - 	at org.apache.spark.util.Utils$.logUncaughtExceptions(Utils.scala:1928)
[2026-06-08T13:31:05.403+0000] {subprocess.py:93} INFO - 	at org.apache.spark.util.SparkShutdownHookManager.$anonfun$runAll$1(ShutdownHookManager.scala:188)
[2026-06-08T13:31:05.404+0000] {subprocess.py:93} INFO - 	at scala.runtime.java8.JFunction0$mcV$sp.apply(JFunction0$mcV$sp.java:23)
[2026-06-08T13:31:05.405+0000] {subprocess.py:93} INFO - 	at scala.util.Try$.apply(Try.scala:213)
[2026-06-08T13:31:05.407+0000] {subprocess.py:93} INFO - 	at org.apache.spark.util.SparkShutdownHookManager.runAll(ShutdownHookManager.scala:188)
[2026-06-08T13:31:05.408+0000] {subprocess.py:93} INFO - 	at org.apache.spark.util.SparkShutdownHookManager$$anon$2.run(ShutdownHookManager.scala:178)
[2026-06-08T13:31:05.409+0000] {subprocess.py:93} INFO - 	at java.base/java.util.concurrent.Executors$RunnableAdapter.call(Unknown Source)
[2026-06-08T13:31:05.411+0000] {subprocess.py:93} INFO - 	at java.base/java.util.concurrent.FutureTask.run(Unknown Source)
[2026-06-08T13:31:05.412+0000] {subprocess.py:93} INFO - 	at java.base/java.util.concurrent.ThreadPoolExecutor.runWorker(Unknown Source)
[2026-06-08T13:31:05.413+0000] {subprocess.py:93} INFO - 	at java.base/java.util.concurrent.ThreadPoolExecutor$Worker.run(Unknown Source)
[2026-06-08T13:31:05.414+0000] {subprocess.py:93} INFO - 	at java.base/java.lang.Thread.run(Unknown Source)
[2026-06-08T13:31:05.415+0000] {subprocess.py:93} INFO - 	at org.apache.spark.scheduler.DAGScheduler.runJob(DAGScheduler.scala:989)
[2026-06-08T13:31:05.416+0000] {subprocess.py:93} INFO - 	at org.apache.spark.SparkContext.runJob(SparkContext.scala:2398)
[2026-06-08T13:31:05.421+0000] {subprocess.py:93} INFO - 	at org.apache.spark.SparkContext.runJob(SparkContext.scala:2419)
[2026-06-08T13:31:05.422+0000] {subprocess.py:93} INFO - 	at org.apache.spark.SparkContext.runJob(SparkContext.scala:2438)
[2026-06-08T13:31:05.424+0000] {subprocess.py:93} INFO - 	at org.apache.spark.SparkContext.runJob(SparkContext.scala:2463)
[2026-06-08T13:31:05.425+0000] {subprocess.py:93} INFO - 	at org.apache.spark.rdd.RDD.$anonfun$collect$1(RDD.scala:1049)
[2026-06-08T13:31:05.426+0000] {subprocess.py:93} INFO - 	at org.apache.spark.rdd.RDDOperationScope$.withScope(RDDOperationScope.scala:151)
[2026-06-08T13:31:05.428+0000] {subprocess.py:93} INFO - 	at org.apache.spark.rdd.RDDOperationScope$.withScope(RDDOperationScope.scala:112)
[2026-06-08T13:31:05.429+0000] {subprocess.py:93} INFO - 	at org.apache.spark.rdd.RDD.withScope(RDD.scala:410)
[2026-06-08T13:31:05.433+0000] {subprocess.py:93} INFO - 	at org.apache.spark.rdd.RDD.collect(RDD.scala:1048)
[2026-06-08T13:31:05.435+0000] {subprocess.py:93} INFO - 	at org.apache.spark.sql.execution.SparkPlan.executeCollect(SparkPlan.scala:448)
[2026-06-08T13:31:05.436+0000] {subprocess.py:93} INFO - 	at org.apache.spark.sql.Dataset.collectFromPlan(Dataset.scala:4332)
[2026-06-08T13:31:05.437+0000] {subprocess.py:93} INFO - 	at org.apache.spark.sql.Dataset.$anonfun$head$1(Dataset.scala:3314)
[2026-06-08T13:31:05.441+0000] {subprocess.py:93} INFO - 	at org.apache.spark.sql.Dataset.$anonfun$withAction$2(Dataset.scala:4322)
[2026-06-08T13:31:05.442+0000] {subprocess.py:93} INFO - 	at org.apache.spark.sql.execution.QueryExecution$.withInternalError(QueryExecution.scala:546)
[2026-06-08T13:31:05.443+0000] {subprocess.py:93} INFO - 	at org.apache.spark.sql.Dataset.$anonfun$withAction$1(Dataset.scala:4320)
[2026-06-08T13:31:05.443+0000] {subprocess.py:93} INFO - 	at org.apache.spark.sql.execution.SQLExecution$.$anonfun$withNewExecutionId$6(SQLExecution.scala:125)
[2026-06-08T13:31:05.447+0000] {subprocess.py:93} INFO - 	at org.apache.spark.sql.execution.SQLExecution$.withSQLConfPropagated(SQLExecution.scala:201)
[2026-06-08T13:31:05.448+0000] {subprocess.py:93} INFO - 	at org.apache.spark.sql.execution.SQLExecution$.$anonfun$withNewExecutionId$1(SQLExecution.scala:108)
[2026-06-08T13:31:05.454+0000] {subprocess.py:93} INFO - 	at org.apache.spark.sql.SparkSession.withActive(SparkSession.scala:900)
[2026-06-08T13:31:05.456+0000] {subprocess.py:93} INFO - 	at org.apache.spark.sql.execution.SQLExecution$.withNewExecutionId(SQLExecution.scala:66)
[2026-06-08T13:31:05.458+0000] {subprocess.py:93} INFO - 	at org.apache.spark.sql.Dataset.withAction(Dataset.scala:4320)
[2026-06-08T13:31:05.459+0000] {subprocess.py:93} INFO - 	at org.apache.spark.sql.Dataset.head(Dataset.scala:3314)
[2026-06-08T13:31:05.460+0000] {subprocess.py:93} INFO - 	at org.apache.spark.sql.Dataset.head(Dataset.scala:3321)
[2026-06-08T13:31:05.463+0000] {subprocess.py:93} INFO - 	at org.apache.spark.sql.Dataset.first(Dataset.scala:3328)
[2026-06-08T13:31:05.467+0000] {subprocess.py:93} INFO - 	at org.apache.spark.sql.delta.SnapshotStateManager.$anonfun$extractComputedState$1(SnapshotState.scala:130)
[2026-06-08T13:31:05.468+0000] {subprocess.py:93} INFO - 	at org.apache.spark.sql.delta.metering.DeltaLogging.recordFrameProfile(DeltaLogging.scala:168)
[2026-06-08T13:31:05.469+0000] {subprocess.py:93} INFO - 	at org.apache.spark.sql.delta.metering.DeltaLogging.recordFrameProfile$(DeltaLogging.scala:166)
[2026-06-08T13:31:05.473+0000] {subprocess.py:93} INFO - 	at org.apache.spark.sql.delta.Snapshot.recordFrameProfile(Snapshot.scala:75)
[2026-06-08T13:31:05.479+0000] {subprocess.py:93} INFO - 	at org.apache.spark.sql.delta.SnapshotStateManager.extractComputedState(SnapshotState.scala:127)
[2026-06-08T13:31:05.486+0000] {subprocess.py:93} INFO - 	at org.apache.spark.sql.delta.SnapshotStateManager.extractComputedState$(SnapshotState.scala:126)
[2026-06-08T13:31:05.487+0000] {subprocess.py:93} INFO - 	at org.apache.spark.sql.delta.Snapshot.extractComputedState(Snapshot.scala:75)
[2026-06-08T13:31:05.488+0000] {subprocess.py:93} INFO - 	at org.apache.spark.sql.delta.SnapshotStateManager.$anonfun$computedState$2(SnapshotState.scala:80)
[2026-06-08T13:31:05.492+0000] {subprocess.py:93} INFO - 	at org.apache.spark.sql.delta.metering.DeltaLogging.recordFrameProfile(DeltaLogging.scala:168)
[2026-06-08T13:31:05.494+0000] {subprocess.py:93} INFO - 	at org.apache.spark.sql.delta.metering.DeltaLogging.recordFrameProfile$(DeltaLogging.scala:166)
[2026-06-08T13:31:05.495+0000] {subprocess.py:93} INFO - 	at org.apache.spark.sql.delta.Snapshot.recordFrameProfile(Snapshot.scala:75)
[2026-06-08T13:31:05.495+0000] {subprocess.py:93} INFO - 	at org.apache.spark.sql.delta.SnapshotStateManager.$anonfun$computedState$1(SnapshotState.scala:78)
[2026-06-08T13:31:05.496+0000] {subprocess.py:93} INFO - 	at org.apache.spark.sql.delta.util.DeltaProgressReporter.withJobDescription(DeltaProgressReporter.scala:53)
[2026-06-08T13:31:05.497+0000] {subprocess.py:93} INFO - 	at org.apache.spark.sql.delta.util.DeltaProgressReporter.withStatusCode(DeltaProgressReporter.scala:32)
[2026-06-08T13:31:05.498+0000] {subprocess.py:93} INFO - 	at org.apache.spark.sql.delta.util.DeltaProgressReporter.withStatusCode$(DeltaProgressReporter.scala:27)
[2026-06-08T13:31:05.500+0000] {subprocess.py:93} INFO - 	at org.apache.spark.sql.delta.Snapshot.withStatusCode(Snapshot.scala:75)
[2026-06-08T13:31:05.505+0000] {subprocess.py:93} INFO - 	at org.apache.spark.sql.delta.SnapshotStateManager.computedState(SnapshotState.scala:78)
[2026-06-08T13:31:05.509+0000] {subprocess.py:93} INFO - 	at org.apache.spark.sql.delta.SnapshotStateManager.computedState$(SnapshotState.scala:76)
[2026-06-08T13:31:05.510+0000] {subprocess.py:93} INFO - 	at org.apache.spark.sql.delta.Snapshot.computedState$lzycompute(Snapshot.scala:75)
[2026-06-08T13:31:05.513+0000] {subprocess.py:93} INFO - 	at org.apache.spark.sql.delta.Snapshot.computedState(Snapshot.scala:75)
[2026-06-08T13:31:05.514+0000] {subprocess.py:93} INFO - 	at org.apache.spark.sql.delta.SnapshotStateManager.setTransactions(SnapshotState.scala:163)
[2026-06-08T13:31:05.515+0000] {subprocess.py:93} INFO - 	at org.apache.spark.sql.delta.SnapshotStateManager.setTransactions$(SnapshotState.scala:163)
[2026-06-08T13:31:05.516+0000] {subprocess.py:93} INFO - 	at org.apache.spark.sql.delta.Snapshot.setTransactions(Snapshot.scala:75)
[2026-06-08T13:31:05.517+0000] {subprocess.py:93} INFO - 	at org.apache.spark.sql.delta.SnapshotStateManager.transactions(SnapshotState.scala:70)
[2026-06-08T13:31:05.518+0000] {subprocess.py:93} INFO - 	at org.apache.spark.sql.delta.SnapshotStateManager.transactions$(SnapshotState.scala:70)
[2026-06-08T13:31:05.519+0000] {subprocess.py:93} INFO - 	at org.apache.spark.sql.delta.Snapshot.transactions$lzycompute(Snapshot.scala:75)
[2026-06-08T13:31:05.520+0000] {subprocess.py:93} INFO - 	at org.apache.spark.sql.delta.Snapshot.transactions(Snapshot.scala:75)
[2026-06-08T13:31:05.521+0000] {subprocess.py:93} INFO - 	at org.apache.spark.sql.delta.OptimisticTransactionImpl.txnVersion(OptimisticTransaction.scala:870)
[2026-06-08T13:31:05.522+0000] {subprocess.py:93} INFO - 	at org.apache.spark.sql.delta.OptimisticTransactionImpl.txnVersion$(OptimisticTransaction.scala:868)
[2026-06-08T13:31:05.526+0000] {subprocess.py:93} INFO - 	at org.apache.spark.sql.delta.OptimisticTransaction.txnVersion(OptimisticTransaction.scala:147)
[2026-06-08T13:31:05.527+0000] {subprocess.py:93} INFO - 	at org.apache.spark.sql.delta.sources.DeltaSink.addBatchWithStatusImpl(DeltaSink.scala:126)
[2026-06-08T13:31:05.528+0000] {subprocess.py:93} INFO - 	at org.apache.spark.sql.delta.sources.DeltaSink.addBatch(DeltaSink.scala:97)
[2026-06-08T13:31:05.529+0000] {subprocess.py:93} INFO - 	at org.apache.spark.sql.execution.streaming.MicroBatchExecution.$anonfun$runBatch$17(MicroBatchExecution.scala:732)
[2026-06-08T13:31:05.530+0000] {subprocess.py:93} INFO - 	at org.apache.spark.sql.execution.SQLExecution$.$anonfun$withNewExecutionId$6(SQLExecution.scala:125)
[2026-06-08T13:31:05.534+0000] {subprocess.py:93} INFO - 	at org.apache.spark.sql.execution.SQLExecution$.withSQLConfPropagated(SQLExecution.scala:201)
[2026-06-08T13:31:05.535+0000] {subprocess.py:93} INFO - 	at org.apache.spark.sql.execution.SQLExecution$.$anonfun$withNewExecutionId$1(SQLExecution.scala:108)
[2026-06-08T13:31:05.536+0000] {subprocess.py:93} INFO - 	at org.apache.spark.sql.SparkSession.withActive(SparkSession.scala:900)
[2026-06-08T13:31:05.537+0000] {subprocess.py:93} INFO - 	at org.apache.spark.sql.execution.SQLExecution$.withNewExecutionId(SQLExecution.scala:66)
[2026-06-08T13:31:05.542+0000] {subprocess.py:93} INFO - 	at org.apache.spark.sql.execution.streaming.MicroBatchExecution.$anonfun$runBatch$16(MicroBatchExecution.scala:729)
[2026-06-08T13:31:05.543+0000] {subprocess.py:93} INFO - 	at org.apache.spark.sql.execution.streaming.ProgressReporter.reportTimeTaken(ProgressReporter.scala:427)
[2026-06-08T13:31:05.544+0000] {subprocess.py:93} INFO - 	at org.apache.spark.sql.execution.streaming.ProgressReporter.reportTimeTaken$(ProgressReporter.scala:425)
[2026-06-08T13:31:05.545+0000] {subprocess.py:93} INFO - 	at org.apache.spark.sql.execution.streaming.StreamExecution.reportTimeTaken(StreamExecution.scala:67)
[2026-06-08T13:31:05.546+0000] {subprocess.py:93} INFO - 	at org.apache.spark.sql.execution.streaming.MicroBatchExecution.runBatch(MicroBatchExecution.scala:729)
[2026-06-08T13:31:05.547+0000] {subprocess.py:93} INFO - 	at org.apache.spark.sql.execution.streaming.MicroBatchExecution.$anonfun$runActivatedStream$2(MicroBatchExecution.scala:286)
[2026-06-08T13:31:05.548+0000] {subprocess.py:93} INFO - 	at scala.runtime.java8.JFunction0$mcV$sp.apply(JFunction0$mcV$sp.java:23)
[2026-06-08T13:31:05.549+0000] {subprocess.py:93} INFO - 	at org.apache.spark.sql.execution.streaming.ProgressReporter.reportTimeTaken(ProgressReporter.scala:427)
[2026-06-08T13:31:05.550+0000] {subprocess.py:93} INFO - 	at org.apache.spark.sql.execution.streaming.ProgressReporter.reportTimeTaken$(ProgressReporter.scala:425)
[2026-06-08T13:31:05.551+0000] {subprocess.py:93} INFO - 	at org.apache.spark.sql.execution.streaming.StreamExecution.reportTimeTaken(StreamExecution.scala:67)
[2026-06-08T13:31:05.552+0000] {subprocess.py:93} INFO - 	at org.apache.spark.sql.execution.streaming.MicroBatchExecution.$anonfun$runActivatedStream$1(MicroBatchExecution.scala:249)
[2026-06-08T13:31:05.553+0000] {subprocess.py:93} INFO - 	at org.apache.spark.sql.execution.streaming.ProcessingTimeExecutor.execute(TriggerExecutor.scala:67)
[2026-06-08T13:31:05.554+0000] {subprocess.py:93} INFO - 	at org.apache.spark.sql.execution.streaming.MicroBatchExecution.runActivatedStream(MicroBatchExecution.scala:239)
[2026-06-08T13:31:05.555+0000] {subprocess.py:93} INFO - 	at org.apache.spark.sql.execution.streaming.StreamExecution.$anonfun$runStream$1(StreamExecution.scala:311)
[2026-06-08T13:31:05.558+0000] {subprocess.py:93} INFO - 	at scala.runtime.java8.JFunction0$mcV$sp.apply(JFunction0$mcV$sp.java:23)
[2026-06-08T13:31:05.561+0000] {subprocess.py:93} INFO - 	at org.apache.spark.sql.SparkSession.withActive(SparkSession.scala:900)
[2026-06-08T13:31:05.562+0000] {subprocess.py:93} INFO - 	at org.apache.spark.sql.execution.streaming.StreamExecution.org$apache$spark$sql$execution$streaming$StreamExecution$$runStream(StreamExecution.scala:289)
[2026-06-08T13:31:05.563+0000] {subprocess.py:93} INFO - 	at org.apache.spark.sql.execution.streaming.StreamExecution$$anon$1.$anonfun$run$1(StreamExecution.scala:211)
[2026-06-08T13:31:05.564+0000] {subprocess.py:93} INFO - 	at scala.runtime.java8.JFunction0$mcV$sp.apply(JFunction0$mcV$sp.java:23)
[2026-06-08T13:31:05.565+0000] {subprocess.py:93} INFO - 	at org.apache.spark.JobArtifactSet$.withActiveJobArtifactState(JobArtifactSet.scala:94)
[2026-06-08T13:31:05.566+0000] {subprocess.py:93} INFO - 	at org.apache.spark.sql.execution.streaming.StreamExecution$$anon$1.run(StreamExecution.scala:211)
[2026-06-08T13:31:05.567+0000] {subprocess.py:93} INFO - 26/06/08 13:31:05 ERROR MicroBatchExecution: Query [id = 9401f051-375d-4d50-9d98-cc67e7758517, runId = 8f5ac514-4da8-40c0-8ae4-460cd5706f14] terminated with error
[2026-06-08T13:31:05.569+0000] {subprocess.py:93} INFO - org.apache.spark.SparkException: Job 6 cancelled because SparkContext was shut down
[2026-06-08T13:31:05.570+0000] {subprocess.py:93} INFO - 	at org.apache.spark.scheduler.DAGScheduler.$anonfun$cleanUpAfterSchedulerStop$1(DAGScheduler.scala:1253)
[2026-06-08T13:31:05.571+0000] {subprocess.py:93} INFO - 	at org.apache.spark.scheduler.DAGScheduler.$anonfun$cleanUpAfterSchedulerStop$1$adapted(DAGScheduler.scala:1251)
[2026-06-08T13:31:05.572+0000] {subprocess.py:93} INFO - 	at scala.collection.mutable.HashSet.foreach(HashSet.scala:79)
[2026-06-08T13:31:05.577+0000] {subprocess.py:93} INFO - 	at org.apache.spark.scheduler.DAGScheduler.cleanUpAfterSchedulerStop(DAGScheduler.scala:1251)
[2026-06-08T13:31:05.579+0000] {subprocess.py:93} INFO - 	at org.apache.spark.scheduler.DAGSchedulerEventProcessLoop.onStop(DAGScheduler.scala:3087)
[2026-06-08T13:31:05.580+0000] {subprocess.py:93} INFO - 	at org.apache.spark.util.EventLoop.stop(EventLoop.scala:84)
[2026-06-08T13:31:05.581+0000] {subprocess.py:93} INFO - 	at org.apache.spark.scheduler.DAGScheduler.$anonfun$stop$3(DAGScheduler.scala:2973)
[2026-06-08T13:31:05.583+0000] {subprocess.py:93} INFO - 	at org.apache.spark.util.Utils$.tryLogNonFatalError(Utils.scala:1375)
[2026-06-08T13:31:05.584+0000] {subprocess.py:93} INFO - 	at org.apache.spark.scheduler.DAGScheduler.stop(DAGScheduler.scala:2973)
[2026-06-08T13:31:05.585+0000] {subprocess.py:93} INFO - 	at org.apache.spark.SparkContext.$anonfun$stop$12(SparkContext.scala:2263)
[2026-06-08T13:31:05.587+0000] {subprocess.py:93} INFO - 	at org.apache.spark.util.Utils$.tryLogNonFatalError(Utils.scala:1375)
[2026-06-08T13:31:05.588+0000] {subprocess.py:93} INFO - 	at org.apache.spark.SparkContext.stop(SparkContext.scala:2263)
[2026-06-08T13:31:05.596+0000] {subprocess.py:93} INFO - 	at org.apache.spark.SparkContext.stop(SparkContext.scala:2216)
[2026-06-08T13:31:05.597+0000] {subprocess.py:93} INFO - 	at org.apache.spark.SparkContext.$anonfun$new$34(SparkContext.scala:686)
[2026-06-08T13:31:05.598+0000] {subprocess.py:93} INFO - 	at org.apache.spark.util.SparkShutdownHook.run(ShutdownHookManager.scala:214)
[2026-06-08T13:31:05.600+0000] {subprocess.py:93} INFO - 	at org.apache.spark.util.SparkShutdownHookManager.$anonfun$runAll$2(ShutdownHookManager.scala:188)
[2026-06-08T13:31:05.601+0000] {subprocess.py:93} INFO - 	at scala.runtime.java8.JFunction0$mcV$sp.apply(JFunction0$mcV$sp.java:23)
[2026-06-08T13:31:05.603+0000] {subprocess.py:93} INFO - 	at org.apache.spark.util.Utils$.logUncaughtExceptions(Utils.scala:1928)
[2026-06-08T13:31:05.606+0000] {subprocess.py:93} INFO - 	at org.apache.spark.util.SparkShutdownHookManager.$anonfun$runAll$1(ShutdownHookManager.scala:188)
[2026-06-08T13:31:05.608+0000] {subprocess.py:93} INFO - 	at scala.runtime.java8.JFunction0$mcV$sp.apply(JFunction0$mcV$sp.java:23)
[2026-06-08T13:31:05.617+0000] {subprocess.py:93} INFO - 	at scala.util.Try$.apply(Try.scala:213)
[2026-06-08T13:31:05.619+0000] {subprocess.py:93} INFO - 	at org.apache.spark.util.SparkShutdownHookManager.runAll(ShutdownHookManager.scala:188)
[2026-06-08T13:31:05.620+0000] {subprocess.py:93} INFO - 	at org.apache.spark.util.SparkShutdownHookManager$$anon$2.run(ShutdownHookManager.scala:178)
[2026-06-08T13:31:05.621+0000] {subprocess.py:93} INFO - 	at java.base/java.util.concurrent.Executors$RunnableAdapter.call(Unknown Source)
[2026-06-08T13:31:05.624+0000] {subprocess.py:93} INFO - 	at java.base/java.util.concurrent.FutureTask.run(Unknown Source)
[2026-06-08T13:31:05.625+0000] {subprocess.py:93} INFO - 	at java.base/java.util.concurrent.ThreadPoolExecutor.runWorker(Unknown Source)
[2026-06-08T13:31:05.626+0000] {subprocess.py:93} INFO - 	at java.base/java.util.concurrent.ThreadPoolExecutor$Worker.run(Unknown Source)
[2026-06-08T13:31:05.629+0000] {subprocess.py:93} INFO - 	at java.base/java.lang.Thread.run(Unknown Source)
[2026-06-08T13:31:05.633+0000] {subprocess.py:93} INFO - 	at org.apache.spark.scheduler.DAGScheduler.runJob(DAGScheduler.scala:989)
[2026-06-08T13:31:05.634+0000] {subprocess.py:93} INFO - 	at org.apache.spark.SparkContext.runJob(SparkContext.scala:2398)
[2026-06-08T13:31:05.634+0000] {subprocess.py:93} INFO - 	at org.apache.spark.SparkContext.runJob(SparkContext.scala:2419)
[2026-06-08T13:31:05.636+0000] {subprocess.py:93} INFO - 	at org.apache.spark.SparkContext.runJob(SparkContext.scala:2438)
[2026-06-08T13:31:05.638+0000] {subprocess.py:93} INFO - 	at org.apache.spark.SparkContext.runJob(SparkContext.scala:2463)
[2026-06-08T13:31:05.643+0000] {subprocess.py:93} INFO - 	at org.apache.spark.rdd.RDD.$anonfun$collect$1(RDD.scala:1049)
[2026-06-08T13:31:05.645+0000] {subprocess.py:93} INFO - 	at org.apache.spark.rdd.RDDOperationScope$.withScope(RDDOperationScope.scala:151)
[2026-06-08T13:31:05.650+0000] {subprocess.py:93} INFO - 	at org.apache.spark.rdd.RDDOperationScope$.withScope(RDDOperationScope.scala:112)
[2026-06-08T13:31:05.650+0000] {subprocess.py:93} INFO - 	at org.apache.spark.rdd.RDD.withScope(RDD.scala:410)
[2026-06-08T13:31:05.651+0000] {subprocess.py:93} INFO - 	at org.apache.spark.rdd.RDD.collect(RDD.scala:1048)
[2026-06-08T13:31:05.661+0000] {subprocess.py:93} INFO - 	at org.apache.spark.sql.execution.SparkPlan.executeCollect(SparkPlan.scala:448)
[2026-06-08T13:31:05.670+0000] {subprocess.py:93} INFO - 	at org.apache.spark.sql.Dataset.collectFromPlan(Dataset.scala:4332)
[2026-06-08T13:31:05.705+0000] {subprocess.py:93} INFO - 	at org.apache.spark.sql.Dataset.$anonfun$head$1(Dataset.scala:3314)
[2026-06-08T13:31:05.749+0000] {subprocess.py:93} INFO - 	at org.apache.spark.sql.Dataset.$anonfun$withAction$2(Dataset.scala:4322)
[2026-06-08T13:31:05.765+0000] {subprocess.py:93} INFO - 	at org.apache.spark.sql.execution.QueryExecution$.withInternalError(QueryExecution.scala:546)
[2026-06-08T13:31:05.771+0000] {subprocess.py:93} INFO - 	at org.apache.spark.sql.Dataset.$anonfun$withAction$1(Dataset.scala:4320)
[2026-06-08T13:31:05.781+0000] {subprocess.py:93} INFO - 	at org.apache.spark.sql.execution.SQLExecution$.$anonfun$withNewExecutionId$6(SQLExecution.scala:125)
[2026-06-08T13:31:05.793+0000] {subprocess.py:93} INFO - 	at org.apache.spark.sql.execution.SQLExecution$.withSQLConfPropagated(SQLExecution.scala:201)
[2026-06-08T13:31:05.799+0000] {subprocess.py:93} INFO - 	at org.apache.spark.sql.execution.SQLExecution$.$anonfun$withNewExecutionId$1(SQLExecution.scala:108)
[2026-06-08T13:31:05.800+0000] {subprocess.py:93} INFO - 	at org.apache.spark.sql.SparkSession.withActive(SparkSession.scala:900)
[2026-06-08T13:31:05.803+0000] {subprocess.py:93} INFO - 	at org.apache.spark.sql.execution.SQLExecution$.withNewExecutionId(SQLExecution.scala:66)
[2026-06-08T13:31:05.813+0000] {subprocess.py:93} INFO - 	at org.apache.spark.sql.Dataset.withAction(Dataset.scala:4320)
[2026-06-08T13:31:05.814+0000] {subprocess.py:93} INFO - 	at org.apache.spark.sql.Dataset.head(Dataset.scala:3314)
[2026-06-08T13:31:05.815+0000] {subprocess.py:93} INFO - 	at org.apache.spark.sql.Dataset.head(Dataset.scala:3321)
[2026-06-08T13:31:05.819+0000] {subprocess.py:93} INFO - 	at org.apache.spark.sql.Dataset.first(Dataset.scala:3328)
[2026-06-08T13:31:05.826+0000] {subprocess.py:93} INFO - 	at org.apache.spark.sql.delta.SnapshotStateManager.$anonfun$extractComputedState$1(SnapshotState.scala:130)
[2026-06-08T13:31:05.829+0000] {subprocess.py:93} INFO - 	at org.apache.spark.sql.delta.metering.DeltaLogging.recordFrameProfile(DeltaLogging.scala:168)
[2026-06-08T13:31:05.830+0000] {subprocess.py:93} INFO - 	at org.apache.spark.sql.delta.metering.DeltaLogging.recordFrameProfile$(DeltaLogging.scala:166)
[2026-06-08T13:31:05.831+0000] {subprocess.py:93} INFO - 	at org.apache.spark.sql.delta.Snapshot.recordFrameProfile(Snapshot.scala:75)
[2026-06-08T13:31:05.842+0000] {subprocess.py:93} INFO - 	at org.apache.spark.sql.delta.SnapshotStateManager.extractComputedState(SnapshotState.scala:127)
[2026-06-08T13:31:05.843+0000] {subprocess.py:93} INFO - 	at org.apache.spark.sql.delta.SnapshotStateManager.extractComputedState$(SnapshotState.scala:126)
[2026-06-08T13:31:05.845+0000] {subprocess.py:93} INFO - 	at org.apache.spark.sql.delta.Snapshot.extractComputedState(Snapshot.scala:75)
[2026-06-08T13:31:05.846+0000] {subprocess.py:93} INFO - 	at org.apache.spark.sql.delta.SnapshotStateManager.$anonfun$computedState$2(SnapshotState.scala:80)
[2026-06-08T13:31:05.847+0000] {subprocess.py:93} INFO - 	at org.apache.spark.sql.delta.metering.DeltaLogging.recordFrameProfile(DeltaLogging.scala:168)
[2026-06-08T13:31:05.851+0000] {subprocess.py:93} INFO - 	at org.apache.spark.sql.delta.metering.DeltaLogging.recordFrameProfile$(DeltaLogging.scala:166)
[2026-06-08T13:31:05.862+0000] {subprocess.py:93} INFO - 	at org.apache.spark.sql.delta.Snapshot.recordFrameProfile(Snapshot.scala:75)
[2026-06-08T13:31:05.863+0000] {subprocess.py:93} INFO - 	at org.apache.spark.sql.delta.SnapshotStateManager.$anonfun$computedState$1(SnapshotState.scala:78)
[2026-06-08T13:31:05.864+0000] {subprocess.py:93} INFO - 	at org.apache.spark.sql.delta.util.DeltaProgressReporter.withJobDescription(DeltaProgressReporter.scala:53)
[2026-06-08T13:31:05.869+0000] {subprocess.py:93} INFO - 	at org.apache.spark.sql.delta.util.DeltaProgressReporter.withStatusCode(DeltaProgressReporter.scala:32)
[2026-06-08T13:31:05.870+0000] {subprocess.py:93} INFO - 	at org.apache.spark.sql.delta.util.DeltaProgressReporter.withStatusCode$(DeltaProgressReporter.scala:27)
[2026-06-08T13:31:05.871+0000] {subprocess.py:93} INFO - 	at org.apache.spark.sql.delta.Snapshot.withStatusCode(Snapshot.scala:75)
[2026-06-08T13:31:05.871+0000] {subprocess.py:93} INFO - 	at org.apache.spark.sql.delta.SnapshotStateManager.computedState(SnapshotState.scala:78)
[2026-06-08T13:31:05.880+0000] {subprocess.py:93} INFO - 	at org.apache.spark.sql.delta.SnapshotStateManager.computedState$(SnapshotState.scala:76)
[2026-06-08T13:31:05.894+0000] {subprocess.py:93} INFO - 	at org.apache.spark.sql.delta.Snapshot.computedState$lzycompute(Snapshot.scala:75)
[2026-06-08T13:31:05.899+0000] {subprocess.py:93} INFO - 	at org.apache.spark.sql.delta.Snapshot.computedState(Snapshot.scala:75)
[2026-06-08T13:31:05.900+0000] {subprocess.py:93} INFO - 	at org.apache.spark.sql.delta.SnapshotStateManager.setTransactions(SnapshotState.scala:163)
[2026-06-08T13:31:05.903+0000] {subprocess.py:93} INFO - 	at org.apache.spark.sql.delta.SnapshotStateManager.setTransactions$(SnapshotState.scala:163)
[2026-06-08T13:31:05.904+0000] {subprocess.py:93} INFO - 	at org.apache.spark.sql.delta.Snapshot.setTransactions(Snapshot.scala:75)
[2026-06-08T13:31:05.905+0000] {subprocess.py:93} INFO - 	at org.apache.spark.sql.delta.SnapshotStateManager.transactions(SnapshotState.scala:70)
[2026-06-08T13:31:05.916+0000] {subprocess.py:93} INFO - 	at org.apache.spark.sql.delta.SnapshotStateManager.transactions$(SnapshotState.scala:70)
[2026-06-08T13:31:05.917+0000] {subprocess.py:93} INFO - 	at org.apache.spark.sql.delta.Snapshot.transactions$lzycompute(Snapshot.scala:75)
[2026-06-08T13:31:05.919+0000] {subprocess.py:93} INFO - 	at org.apache.spark.sql.delta.Snapshot.transactions(Snapshot.scala:75)
[2026-06-08T13:31:05.922+0000] {subprocess.py:93} INFO - 	at org.apache.spark.sql.delta.OptimisticTransactionImpl.txnVersion(OptimisticTransaction.scala:870)
[2026-06-08T13:31:05.929+0000] {subprocess.py:93} INFO - 	at org.apache.spark.sql.delta.OptimisticTransactionImpl.txnVersion$(OptimisticTransaction.scala:868)
[2026-06-08T13:31:05.930+0000] {subprocess.py:93} INFO - 	at org.apache.spark.sql.delta.OptimisticTransaction.txnVersion(OptimisticTransaction.scala:147)
[2026-06-08T13:31:05.931+0000] {subprocess.py:93} INFO - 	at org.apache.spark.sql.delta.sources.DeltaSink.addBatchWithStatusImpl(DeltaSink.scala:126)
[2026-06-08T13:31:05.948+0000] {subprocess.py:93} INFO - 	at org.apache.spark.sql.delta.sources.DeltaSink.addBatch(DeltaSink.scala:97)
[2026-06-08T13:31:05.952+0000] {subprocess.py:93} INFO - 	at org.apache.spark.sql.execution.streaming.MicroBatchExecution.$anonfun$runBatch$17(MicroBatchExecution.scala:732)
[2026-06-08T13:31:05.954+0000] {subprocess.py:93} INFO - 	at org.apache.spark.sql.execution.SQLExecution$.$anonfun$withNewExecutionId$6(SQLExecution.scala:125)
[2026-06-08T13:31:05.956+0000] {subprocess.py:93} INFO - 	at org.apache.spark.sql.execution.SQLExecution$.withSQLConfPropagated(SQLExecution.scala:201)
[2026-06-08T13:31:05.965+0000] {subprocess.py:93} INFO - 	at org.apache.spark.sql.execution.SQLExecution$.$anonfun$withNewExecutionId$1(SQLExecution.scala:108)
[2026-06-08T13:31:05.972+0000] {subprocess.py:93} INFO - 	at org.apache.spark.sql.SparkSession.withActive(SparkSession.scala:900)
[2026-06-08T13:31:05.984+0000] {subprocess.py:93} INFO - 	at org.apache.spark.sql.execution.SQLExecution$.withNewExecutionId(SQLExecution.scala:66)
[2026-06-08T13:31:05.985+0000] {subprocess.py:93} INFO - 	at org.apache.spark.sql.execution.streaming.MicroBatchExecution.$anonfun$runBatch$16(MicroBatchExecution.scala:729)
[2026-06-08T13:31:06.001+0000] {subprocess.py:93} INFO - 	at org.apache.spark.sql.execution.streaming.ProgressReporter.reportTimeTaken(ProgressReporter.scala:427)
[2026-06-08T13:31:06.004+0000] {subprocess.py:93} INFO - 	at org.apache.spark.sql.execution.streaming.ProgressReporter.reportTimeTaken$(ProgressReporter.scala:425)
[2026-06-08T13:31:06.010+0000] {subprocess.py:93} INFO - 	at org.apache.spark.sql.execution.streaming.StreamExecution.reportTimeTaken(StreamExecution.scala:67)
[2026-06-08T13:31:06.011+0000] {subprocess.py:93} INFO - 	at org.apache.spark.sql.execution.streaming.MicroBatchExecution.runBatch(MicroBatchExecution.scala:729)
[2026-06-08T13:31:06.013+0000] {subprocess.py:93} INFO - 	at org.apache.spark.sql.execution.streaming.MicroBatchExecution.$anonfun$runActivatedStream$2(MicroBatchExecution.scala:286)
[2026-06-08T13:31:06.017+0000] {subprocess.py:93} INFO - 	at scala.runtime.java8.JFunction0$mcV$sp.apply(JFunction0$mcV$sp.java:23)
[2026-06-08T13:31:06.020+0000] {subprocess.py:93} INFO - 	at org.apache.spark.sql.execution.streaming.ProgressReporter.reportTimeTaken(ProgressReporter.scala:427)
[2026-06-08T13:31:06.026+0000] {subprocess.py:93} INFO - 	at org.apache.spark.sql.execution.streaming.ProgressReporter.reportTimeTaken$(ProgressReporter.scala:425)
[2026-06-08T13:31:06.027+0000] {subprocess.py:93} INFO - 	at org.apache.spark.sql.execution.streaming.StreamExecution.reportTimeTaken(StreamExecution.scala:67)
[2026-06-08T13:31:06.036+0000] {subprocess.py:93} INFO - 	at org.apache.spark.sql.execution.streaming.MicroBatchExecution.$anonfun$runActivatedStream$1(MicroBatchExecution.scala:249)
[2026-06-08T13:31:06.037+0000] {subprocess.py:93} INFO - 	at org.apache.spark.sql.execution.streaming.ProcessingTimeExecutor.execute(TriggerExecutor.scala:67)
[2026-06-08T13:31:06.041+0000] {subprocess.py:93} INFO - 	at org.apache.spark.sql.execution.streaming.MicroBatchExecution.runActivatedStream(MicroBatchExecution.scala:239)
[2026-06-08T13:31:06.062+0000] {subprocess.py:93} INFO - 	at org.apache.spark.sql.execution.streaming.StreamExecution.$anonfun$runStream$1(StreamExecution.scala:311)
[2026-06-08T13:31:06.068+0000] {subprocess.py:93} INFO - 	at scala.runtime.java8.JFunction0$mcV$sp.apply(JFunction0$mcV$sp.java:23)
[2026-06-08T13:31:06.074+0000] {subprocess.py:93} INFO - 	at org.apache.spark.sql.SparkSession.withActive(SparkSession.scala:900)
[2026-06-08T13:31:06.081+0000] {subprocess.py:93} INFO - 	at org.apache.spark.sql.execution.streaming.StreamExecution.org$apache$spark$sql$execution$streaming$StreamExecution$$runStream(StreamExecution.scala:289)
[2026-06-08T13:31:06.092+0000] {subprocess.py:93} INFO - 	at org.apache.spark.sql.execution.streaming.StreamExecution$$anon$1.$anonfun$run$1(StreamExecution.scala:211)
[2026-06-08T13:31:06.094+0000] {subprocess.py:93} INFO - 	at scala.runtime.java8.JFunction0$mcV$sp.apply(JFunction0$mcV$sp.java:23)
[2026-06-08T13:31:06.097+0000] {subprocess.py:93} INFO - 	at org.apache.spark.JobArtifactSet$.withActiveJobArtifactState(JobArtifactSet.scala:94)
[2026-06-08T13:31:06.099+0000] {subprocess.py:93} INFO - 	at org.apache.spark.sql.execution.streaming.StreamExecution$$anon$1.run(StreamExecution.scala:211)
[2026-06-08T13:31:06.101+0000] {subprocess.py:93} INFO - 26/06/08 13:31:05 ERROR MicroBatchExecution: Query [id = 247c4699-5aa5-4c31-b40c-9d642c75444d, runId = b9d0dbd6-5e89-491b-9d5a-0708e849e9d0] terminated with error
[2026-06-08T13:31:06.105+0000] {subprocess.py:93} INFO - org.apache.spark.SparkException: Job 7 cancelled because SparkContext was shut down
[2026-06-08T13:31:06.113+0000] {subprocess.py:93} INFO - 	at org.apache.spark.scheduler.DAGScheduler.$anonfun$cleanUpAfterSchedulerStop$1(DAGScheduler.scala:1253)
[2026-06-08T13:31:06.114+0000] {subprocess.py:93} INFO - 	at org.apache.spark.scheduler.DAGScheduler.$anonfun$cleanUpAfterSchedulerStop$1$adapted(DAGScheduler.scala:1251)
[2026-06-08T13:31:06.115+0000] {subprocess.py:93} INFO - 	at scala.collection.mutable.HashSet.foreach(HashSet.scala:79)
[2026-06-08T13:31:06.116+0000] {subprocess.py:93} INFO - 	at org.apache.spark.scheduler.DAGScheduler.cleanUpAfterSchedulerStop(DAGScheduler.scala:1251)
[2026-06-08T13:31:06.121+0000] {subprocess.py:93} INFO - 	at org.apache.spark.scheduler.DAGSchedulerEventProcessLoop.onStop(DAGScheduler.scala:3087)
[2026-06-08T13:31:06.124+0000] {subprocess.py:93} INFO - 	at org.apache.spark.util.EventLoop.stop(EventLoop.scala:84)
[2026-06-08T13:31:06.130+0000] {subprocess.py:93} INFO - 	at org.apache.spark.scheduler.DAGScheduler.$anonfun$stop$3(DAGScheduler.scala:2973)
[2026-06-08T13:31:06.133+0000] {subprocess.py:93} INFO - 	at org.apache.spark.util.Utils$.tryLogNonFatalError(Utils.scala:1375)
[2026-06-08T13:31:06.138+0000] {subprocess.py:93} INFO - 	at org.apache.spark.scheduler.DAGScheduler.stop(DAGScheduler.scala:2973)
[2026-06-08T13:31:06.143+0000] {subprocess.py:93} INFO - 	at org.apache.spark.SparkContext.$anonfun$stop$12(SparkContext.scala:2263)
[2026-06-08T13:31:06.144+0000] {subprocess.py:93} INFO - 	at org.apache.spark.util.Utils$.tryLogNonFatalError(Utils.scala:1375)
[2026-06-08T13:31:06.145+0000] {subprocess.py:93} INFO - 	at org.apache.spark.SparkContext.stop(SparkContext.scala:2263)
[2026-06-08T13:31:06.147+0000] {subprocess.py:93} INFO - 	at org.apache.spark.SparkContext.stop(SparkContext.scala:2216)
[2026-06-08T13:31:06.149+0000] {subprocess.py:93} INFO - 	at org.apache.spark.SparkContext.$anonfun$new$34(SparkContext.scala:686)
[2026-06-08T13:31:06.151+0000] {subprocess.py:93} INFO - 	at org.apache.spark.util.SparkShutdownHook.run(ShutdownHookManager.scala:214)
[2026-06-08T13:31:06.155+0000] {subprocess.py:93} INFO - 	at org.apache.spark.util.SparkShutdownHookManager.$anonfun$runAll$2(ShutdownHookManager.scala:188)
[2026-06-08T13:31:06.161+0000] {subprocess.py:93} INFO - 	at scala.runtime.java8.JFunction0$mcV$sp.apply(JFunction0$mcV$sp.java:23)
[2026-06-08T13:31:06.162+0000] {subprocess.py:93} INFO - 	at org.apache.spark.util.Utils$.logUncaughtExceptions(Utils.scala:1928)
[2026-06-08T13:31:06.165+0000] {subprocess.py:93} INFO - 	at org.apache.spark.util.SparkShutdownHookManager.$anonfun$runAll$1(ShutdownHookManager.scala:188)
[2026-06-08T13:31:06.166+0000] {subprocess.py:93} INFO - 	at scala.runtime.java8.JFunction0$mcV$sp.apply(JFunction0$mcV$sp.java:23)
[2026-06-08T13:31:06.169+0000] {subprocess.py:93} INFO - 	at scala.util.Try$.apply(Try.scala:213)
[2026-06-08T13:31:06.170+0000] {subprocess.py:93} INFO - 	at org.apache.spark.util.SparkShutdownHookManager.runAll(ShutdownHookManager.scala:188)
[2026-06-08T13:31:06.173+0000] {subprocess.py:93} INFO - 	at org.apache.spark.util.SparkShutdownHookManager$$anon$2.run(ShutdownHookManager.scala:178)
[2026-06-08T13:31:06.175+0000] {subprocess.py:93} INFO - 	at java.base/java.util.concurrent.Executors$RunnableAdapter.call(Unknown Source)
[2026-06-08T13:31:06.177+0000] {subprocess.py:93} INFO - 	at java.base/java.util.concurrent.FutureTask.run(Unknown Source)
[2026-06-08T13:31:06.178+0000] {subprocess.py:93} INFO - 	at java.base/java.util.concurrent.ThreadPoolExecutor.runWorker(Unknown Source)
[2026-06-08T13:31:06.182+0000] {subprocess.py:93} INFO - 	at java.base/java.util.concurrent.ThreadPoolExecutor$Worker.run(Unknown Source)
[2026-06-08T13:31:06.198+0000] {subprocess.py:93} INFO - 	at java.base/java.lang.Thread.run(Unknown Source)
[2026-06-08T13:31:06.210+0000] {subprocess.py:93} INFO - 	at org.apache.spark.scheduler.DAGScheduler.runJob(DAGScheduler.scala:989)
[2026-06-08T13:31:06.211+0000] {subprocess.py:93} INFO - 	at org.apache.spark.SparkContext.runJob(SparkContext.scala:2398)
[2026-06-08T13:31:06.213+0000] {subprocess.py:93} INFO - 	at org.apache.spark.SparkContext.runJob(SparkContext.scala:2419)
[2026-06-08T13:31:06.214+0000] {subprocess.py:93} INFO - 	at org.apache.spark.SparkContext.runJob(SparkContext.scala:2438)
[2026-06-08T13:31:06.225+0000] {subprocess.py:93} INFO - 	at org.apache.spark.SparkContext.runJob(SparkContext.scala:2463)
[2026-06-08T13:31:06.226+0000] {subprocess.py:93} INFO - 	at org.apache.spark.rdd.RDD.$anonfun$collect$1(RDD.scala:1049)
[2026-06-08T13:31:06.227+0000] {subprocess.py:93} INFO - 	at org.apache.spark.rdd.RDDOperationScope$.withScope(RDDOperationScope.scala:151)
[2026-06-08T13:31:06.228+0000] {subprocess.py:93} INFO - 	at org.apache.spark.rdd.RDDOperationScope$.withScope(RDDOperationScope.scala:112)
[2026-06-08T13:31:06.233+0000] {subprocess.py:93} INFO - 	at org.apache.spark.rdd.RDD.withScope(RDD.scala:410)
[2026-06-08T13:31:06.234+0000] {subprocess.py:93} INFO - 	at org.apache.spark.rdd.RDD.collect(RDD.scala:1048)
[2026-06-08T13:31:06.235+0000] {subprocess.py:93} INFO - 	at org.apache.spark.sql.execution.SparkPlan.executeCollect(SparkPlan.scala:448)
[2026-06-08T13:31:06.236+0000] {subprocess.py:93} INFO - 	at org.apache.spark.sql.Dataset.collectFromPlan(Dataset.scala:4332)
[2026-06-08T13:31:06.237+0000] {subprocess.py:93} INFO - 	at org.apache.spark.sql.Dataset.$anonfun$head$1(Dataset.scala:3314)
[2026-06-08T13:31:06.237+0000] {subprocess.py:93} INFO - 	at org.apache.spark.sql.Dataset.$anonfun$withAction$2(Dataset.scala:4322)
[2026-06-08T13:31:06.241+0000] {subprocess.py:93} INFO - 	at org.apache.spark.sql.execution.QueryExecution$.withInternalError(QueryExecution.scala:546)
[2026-06-08T13:31:06.242+0000] {subprocess.py:93} INFO - 	at org.apache.spark.sql.Dataset.$anonfun$withAction$1(Dataset.scala:4320)
[2026-06-08T13:31:06.243+0000] {subprocess.py:93} INFO - 	at org.apache.spark.sql.execution.SQLExecution$.$anonfun$withNewExecutionId$6(SQLExecution.scala:125)
[2026-06-08T13:31:06.244+0000] {subprocess.py:93} INFO - 	at org.apache.spark.sql.execution.SQLExecution$.withSQLConfPropagated(SQLExecution.scala:201)
[2026-06-08T13:31:06.247+0000] {subprocess.py:93} INFO - 	at org.apache.spark.sql.execution.SQLExecution$.$anonfun$withNewExecutionId$1(SQLExecution.scala:108)
[2026-06-08T13:31:06.248+0000] {subprocess.py:93} INFO - 	at org.apache.spark.sql.SparkSession.withActive(SparkSession.scala:900)
[2026-06-08T13:31:06.251+0000] {subprocess.py:93} INFO - 	at org.apache.spark.sql.execution.SQLExecution$.withNewExecutionId(SQLExecution.scala:66)
[2026-06-08T13:31:06.253+0000] {subprocess.py:93} INFO - 	at org.apache.spark.sql.Dataset.withAction(Dataset.scala:4320)
[2026-06-08T13:31:06.255+0000] {subprocess.py:93} INFO - 	at org.apache.spark.sql.Dataset.head(Dataset.scala:3314)
[2026-06-08T13:31:06.258+0000] {subprocess.py:93} INFO - 	at org.apache.spark.sql.Dataset.head(Dataset.scala:3321)
[2026-06-08T13:31:06.261+0000] {subprocess.py:93} INFO - 	at org.apache.spark.sql.Dataset.first(Dataset.scala:3328)
[2026-06-08T13:31:06.262+0000] {subprocess.py:93} INFO - 	at org.apache.spark.sql.delta.SnapshotStateManager.$anonfun$extractComputedState$1(SnapshotState.scala:130)
[2026-06-08T13:31:06.263+0000] {subprocess.py:93} INFO - 	at org.apache.spark.sql.delta.metering.DeltaLogging.recordFrameProfile(DeltaLogging.scala:168)
[2026-06-08T13:31:06.266+0000] {subprocess.py:93} INFO - 	at org.apache.spark.sql.delta.metering.DeltaLogging.recordFrameProfile$(DeltaLogging.scala:166)
[2026-06-08T13:31:06.269+0000] {subprocess.py:93} INFO - 	at org.apache.spark.sql.delta.Snapshot.recordFrameProfile(Snapshot.scala:75)
[2026-06-08T13:31:06.270+0000] {subprocess.py:93} INFO - 	at org.apache.spark.sql.delta.SnapshotStateManager.extractComputedState(SnapshotState.scala:127)
[2026-06-08T13:31:06.272+0000] {subprocess.py:93} INFO - 	at org.apache.spark.sql.delta.SnapshotStateManager.extractComputedState$(SnapshotState.scala:126)
[2026-06-08T13:31:06.274+0000] {subprocess.py:93} INFO - 	at org.apache.spark.sql.delta.Snapshot.extractComputedState(Snapshot.scala:75)
[2026-06-08T13:31:06.278+0000] {subprocess.py:93} INFO - 	at org.apache.spark.sql.delta.SnapshotStateManager.$anonfun$computedState$2(SnapshotState.scala:80)
[2026-06-08T13:31:06.279+0000] {subprocess.py:93} INFO - 	at org.apache.spark.sql.delta.metering.DeltaLogging.recordFrameProfile(DeltaLogging.scala:168)
[2026-06-08T13:31:06.280+0000] {subprocess.py:93} INFO - 	at org.apache.spark.sql.delta.metering.DeltaLogging.recordFrameProfile$(DeltaLogging.scala:166)
[2026-06-08T13:31:06.280+0000] {subprocess.py:93} INFO - 	at org.apache.spark.sql.delta.Snapshot.recordFrameProfile(Snapshot.scala:75)
[2026-06-08T13:31:06.282+0000] {subprocess.py:93} INFO - 	at org.apache.spark.sql.delta.SnapshotStateManager.$anonfun$computedState$1(SnapshotState.scala:78)
[2026-06-08T13:31:06.286+0000] {subprocess.py:93} INFO - 	at org.apache.spark.sql.delta.util.DeltaProgressReporter.withJobDescription(DeltaProgressReporter.scala:53)
[2026-06-08T13:31:06.287+0000] {subprocess.py:93} INFO - 	at org.apache.spark.sql.delta.util.DeltaProgressReporter.withStatusCode(DeltaProgressReporter.scala:32)
[2026-06-08T13:31:06.288+0000] {subprocess.py:93} INFO - 	at org.apache.spark.sql.delta.util.DeltaProgressReporter.withStatusCode$(DeltaProgressReporter.scala:27)
[2026-06-08T13:31:06.291+0000] {subprocess.py:93} INFO - 	at org.apache.spark.sql.delta.Snapshot.withStatusCode(Snapshot.scala:75)
[2026-06-08T13:31:06.293+0000] {subprocess.py:93} INFO - 	at org.apache.spark.sql.delta.SnapshotStateManager.computedState(SnapshotState.scala:78)
[2026-06-08T13:31:06.295+0000] {subprocess.py:93} INFO - 	at org.apache.spark.sql.delta.SnapshotStateManager.computedState$(SnapshotState.scala:76)
[2026-06-08T13:31:06.296+0000] {subprocess.py:93} INFO - 	at org.apache.spark.sql.delta.Snapshot.computedState$lzycompute(Snapshot.scala:75)
[2026-06-08T13:31:06.299+0000] {subprocess.py:93} INFO - 	at org.apache.spark.sql.delta.Snapshot.computedState(Snapshot.scala:75)
[2026-06-08T13:31:06.320+0000] {subprocess.py:93} INFO - 	at org.apache.spark.sql.delta.SnapshotStateManager.setTransactions(SnapshotState.scala:163)
[2026-06-08T13:31:06.327+0000] {subprocess.py:93} INFO - 	at org.apache.spark.sql.delta.SnapshotStateManager.setTransactions$(SnapshotState.scala:163)
[2026-06-08T13:31:06.330+0000] {subprocess.py:93} INFO - 	at org.apache.spark.sql.delta.Snapshot.setTransactions(Snapshot.scala:75)
[2026-06-08T13:31:06.330+0000] {subprocess.py:93} INFO - 	at org.apache.spark.sql.delta.SnapshotStateManager.transactions(SnapshotState.scala:70)
[2026-06-08T13:31:06.332+0000] {subprocess.py:93} INFO - 	at org.apache.spark.sql.delta.SnapshotStateManager.transactions$(SnapshotState.scala:70)
[2026-06-08T13:31:06.333+0000] {subprocess.py:93} INFO - 	at org.apache.spark.sql.delta.Snapshot.transactions$lzycompute(Snapshot.scala:75)
[2026-06-08T13:31:06.345+0000] {subprocess.py:93} INFO - 	at org.apache.spark.sql.delta.Snapshot.transactions(Snapshot.scala:75)
[2026-06-08T13:31:06.347+0000] {subprocess.py:93} INFO - 	at org.apache.spark.sql.delta.OptimisticTransactionImpl.txnVersion(OptimisticTransaction.scala:870)
[2026-06-08T13:31:06.360+0000] {subprocess.py:93} INFO - 	at org.apache.spark.sql.delta.OptimisticTransactionImpl.txnVersion$(OptimisticTransaction.scala:868)
[2026-06-08T13:31:06.365+0000] {subprocess.py:93} INFO - 	at org.apache.spark.sql.delta.OptimisticTransaction.txnVersion(OptimisticTransaction.scala:147)
[2026-06-08T13:31:06.366+0000] {subprocess.py:93} INFO - 	at org.apache.spark.sql.delta.sources.DeltaSink.addBatchWithStatusImpl(DeltaSink.scala:126)
[2026-06-08T13:31:06.369+0000] {subprocess.py:93} INFO - 	at org.apache.spark.sql.delta.sources.DeltaSink.addBatch(DeltaSink.scala:97)
[2026-06-08T13:31:06.373+0000] {subprocess.py:93} INFO - 	at org.apache.spark.sql.execution.streaming.MicroBatchExecution.$anonfun$runBatch$17(MicroBatchExecution.scala:732)
[2026-06-08T13:31:06.377+0000] {subprocess.py:93} INFO - 	at org.apache.spark.sql.execution.SQLExecution$.$anonfun$withNewExecutionId$6(SQLExecution.scala:125)
[2026-06-08T13:31:06.378+0000] {subprocess.py:93} INFO - 	at org.apache.spark.sql.execution.SQLExecution$.withSQLConfPropagated(SQLExecution.scala:201)
[2026-06-08T13:31:06.380+0000] {subprocess.py:93} INFO - 	at org.apache.spark.sql.execution.SQLExecution$.$anonfun$withNewExecutionId$1(SQLExecution.scala:108)
[2026-06-08T13:31:06.381+0000] {subprocess.py:93} INFO - 	at org.apache.spark.sql.SparkSession.withActive(SparkSession.scala:900)
[2026-06-08T13:31:06.383+0000] {subprocess.py:93} INFO - 	at org.apache.spark.sql.execution.SQLExecution$.withNewExecutionId(SQLExecution.scala:66)
[2026-06-08T13:31:06.384+0000] {subprocess.py:93} INFO - 	at org.apache.spark.sql.execution.streaming.MicroBatchExecution.$anonfun$runBatch$16(MicroBatchExecution.scala:729)
[2026-06-08T13:31:06.386+0000] {subprocess.py:93} INFO - 	at org.apache.spark.sql.execution.streaming.ProgressReporter.reportTimeTaken(ProgressReporter.scala:427)
[2026-06-08T13:31:06.393+0000] {subprocess.py:93} INFO - 	at org.apache.spark.sql.execution.streaming.ProgressReporter.reportTimeTaken$(ProgressReporter.scala:425)
[2026-06-08T13:31:06.397+0000] {subprocess.py:93} INFO - 	at org.apache.spark.sql.execution.streaming.StreamExecution.reportTimeTaken(StreamExecution.scala:67)
[2026-06-08T13:31:06.399+0000] {subprocess.py:93} INFO - 	at org.apache.spark.sql.execution.streaming.MicroBatchExecution.runBatch(MicroBatchExecution.scala:729)
[2026-06-08T13:31:06.400+0000] {subprocess.py:93} INFO - 	at org.apache.spark.sql.execution.streaming.MicroBatchExecution.$anonfun$runActivatedStream$2(MicroBatchExecution.scala:286)
[2026-06-08T13:31:06.402+0000] {subprocess.py:93} INFO - 	at scala.runtime.java8.JFunction0$mcV$sp.apply(JFunction0$mcV$sp.java:23)
[2026-06-08T13:31:06.403+0000] {subprocess.py:93} INFO - 	at org.apache.spark.sql.execution.streaming.ProgressReporter.reportTimeTaken(ProgressReporter.scala:427)
[2026-06-08T13:31:06.404+0000] {subprocess.py:93} INFO - 	at org.apache.spark.sql.execution.streaming.ProgressReporter.reportTimeTaken$(ProgressReporter.scala:425)
[2026-06-08T13:31:06.408+0000] {subprocess.py:93} INFO - 	at org.apache.spark.sql.execution.streaming.StreamExecution.reportTimeTaken(StreamExecution.scala:67)
[2026-06-08T13:31:06.410+0000] {subprocess.py:93} INFO - 	at org.apache.spark.sql.execution.streaming.MicroBatchExecution.$anonfun$runActivatedStream$1(MicroBatchExecution.scala:249)
[2026-06-08T13:31:06.412+0000] {subprocess.py:93} INFO - 	at org.apache.spark.sql.execution.streaming.ProcessingTimeExecutor.execute(TriggerExecutor.scala:67)
[2026-06-08T13:31:06.413+0000] {subprocess.py:93} INFO - 	at org.apache.spark.sql.execution.streaming.MicroBatchExecution.runActivatedStream(MicroBatchExecution.scala:239)
[2026-06-08T13:31:06.414+0000] {subprocess.py:93} INFO - 	at org.apache.spark.sql.execution.streaming.StreamExecution.$anonfun$runStream$1(StreamExecution.scala:311)
[2026-06-08T13:31:06.416+0000] {subprocess.py:93} INFO - 	at scala.runtime.java8.JFunction0$mcV$sp.apply(JFunction0$mcV$sp.java:23)
[2026-06-08T13:31:06.421+0000] {subprocess.py:93} INFO - 	at org.apache.spark.sql.SparkSession.withActive(SparkSession.scala:900)
[2026-06-08T13:31:06.423+0000] {subprocess.py:93} INFO - 	at org.apache.spark.sql.execution.streaming.StreamExecution.org$apache$spark$sql$execution$streaming$StreamExecution$$runStream(StreamExecution.scala:289)
[2026-06-08T13:31:06.424+0000] {subprocess.py:93} INFO - 	at org.apache.spark.sql.execution.streaming.StreamExecution$$anon$1.$anonfun$run$1(StreamExecution.scala:211)
[2026-06-08T13:31:06.426+0000] {subprocess.py:93} INFO - 	at scala.runtime.java8.JFunction0$mcV$sp.apply(JFunction0$mcV$sp.java:23)
[2026-06-08T13:31:06.427+0000] {subprocess.py:93} INFO - 	at org.apache.spark.JobArtifactSet$.withActiveJobArtifactState(JobArtifactSet.scala:94)
[2026-06-08T13:31:06.428+0000] {subprocess.py:93} INFO - 	at org.apache.spark.sql.execution.streaming.StreamExecution$$anon$1.run(StreamExecution.scala:211)
[2026-06-08T13:31:06.429+0000] {subprocess.py:93} INFO - 26/06/08 13:31:05 WARN NettyRpcEnv: Ignored failure: java.util.concurrent.RejectedExecutionException: Task java.util.concurrent.ScheduledThreadPoolExecutor$ScheduledFutureTask@f5123cd[Not completed, task = java.util.concurrent.Executors$RunnableAdapter@2d567cdc[Wrapped task = org.apache.spark.rpc.netty.NettyRpcEnv$$anon$1@4c472142]] rejected from java.util.concurrent.ScheduledThreadPoolExecutor@573e990f[Terminated, pool size = 0, active threads = 0, queued tasks = 0, completed tasks = 0]
[2026-06-08T13:31:06.430+0000] {subprocess.py:93} INFO - Exception in thread "stream execution thread for [id = 9401f051-375d-4d50-9d98-cc67e7758517, runId = 8f5ac514-4da8-40c0-8ae4-460cd5706f14]" org.apache.spark.SparkException: Exception thrown in awaitResult:
[2026-06-08T13:31:06.432+0000] {subprocess.py:93} INFO - 	at org.apache.spark.util.SparkThreadUtils$.awaitResult(SparkThreadUtils.scala:56)
[2026-06-08T13:31:06.433+0000] {subprocess.py:93} INFO - 	at org.apache.spark.util.ThreadUtils$.awaitResult(ThreadUtils.scala:310)
[2026-06-08T13:31:06.436+0000] {subprocess.py:93} INFO - 	at org.apache.spark.rpc.RpcTimeout.awaitResult(RpcTimeout.scala:75)
[2026-06-08T13:31:06.441+0000] {subprocess.py:93} INFO - 	at org.apache.spark.rpc.RpcEndpointRef.askSync(RpcEndpointRef.scala:101)
[2026-06-08T13:31:06.443+0000] {subprocess.py:93} INFO - 	at org.apache.spark.rpc.RpcEndpointRef.askSync(RpcEndpointRef.scala:85)
[2026-06-08T13:31:06.445+0000] {subprocess.py:93} INFO - 	at org.apache.spark.sql.execution.streaming.state.StateStoreCoordinatorRef.deactivateInstances(StateStoreCoordinator.scala:119)
[2026-06-08T13:31:06.447+0000] {subprocess.py:93} INFO - 	at org.apache.spark.sql.streaming.StreamingQueryManager.notifyQueryTermination(StreamingQueryManager.scala:426)
[2026-06-08T13:31:06.448+0000] {subprocess.py:93} INFO - 	at org.apache.spark.sql.execution.streaming.StreamExecution.$anonfun$runStream$3(StreamExecution.scala:360)
[2026-06-08T13:31:06.449+0000] {subprocess.py:93} INFO - 	at scala.runtime.java8.JFunction0$mcV$sp.apply(JFunction0$mcV$sp.java:23)
[2026-06-08T13:31:06.455+0000] {subprocess.py:93} INFO - 	at org.apache.spark.util.UninterruptibleThread.runUninterruptibly(UninterruptibleThread.scala:77)
[2026-06-08T13:31:06.461+0000] {subprocess.py:93} INFO - 	at org.apache.spark.sql.execution.streaming.StreamExecution.org$apache$spark$sql$execution$streaming$StreamExecution$$runStream(StreamExecution.scala:340)
[2026-06-08T13:31:06.463+0000] {subprocess.py:93} INFO - 	at org.apache.spark.sql.execution.streaming.StreamExecution$$anon$1.$anonfun$run$1(StreamExecution.scala:211)
[2026-06-08T13:31:06.466+0000] {subprocess.py:93} INFO - 	at scala.runtime.java8.JFunction0$mcV$sp.apply(JFunction0$mcV$sp.java:23)
[2026-06-08T13:31:06.467+0000] {subprocess.py:93} INFO - 	at org.apache.spark.JobArtifactSet$.withActiveJobArtifactState(JobArtifactSet.scala:94)
[2026-06-08T13:31:06.468+0000] {subprocess.py:93} INFO - 	at org.apache.spark.sql.execution.streaming.StreamExecution$$anon$1.run(StreamExecution.scala:211)
[2026-06-08T13:31:06.469+0000] {subprocess.py:93} INFO - Caused by: org.apache.spark.rpc.RpcEnvStoppedException: RpcEnv already stopped.
[2026-06-08T13:31:06.470+0000] {subprocess.py:93} INFO - 	at org.apache.spark.rpc.netty.Dispatcher.postMessage(Dispatcher.scala:176)
[2026-06-08T13:31:06.471+0000] {subprocess.py:93} INFO - 	at org.apache.spark.rpc.netty.Dispatcher.postLocalMessage(Dispatcher.scala:144)
[2026-06-08T13:31:06.474+0000] {subprocess.py:93} INFO - 	at org.apache.spark.rpc.netty.NettyRpcEnv.askAbortable(NettyRpcEnv.scala:242)
[2026-06-08T13:31:06.479+0000] {subprocess.py:93} INFO - 	at org.apache.spark.rpc.netty.NettyRpcEndpointRef.askAbortable(NettyRpcEnv.scala:554)
[2026-06-08T13:31:06.480+0000] {subprocess.py:93} INFO - 	at org.apache.spark.rpc.netty.NettyRpcEndpointRef.ask(NettyRpcEnv.scala:558)
[2026-06-08T13:31:06.480+0000] {subprocess.py:93} INFO - 	at org.apache.spark.rpc.RpcEndpointRef.askSync(RpcEndpointRef.scala:100)
[2026-06-08T13:31:06.487+0000] {subprocess.py:93} INFO - 	... 11 more
[2026-06-08T13:31:06.488+0000] {subprocess.py:93} INFO - 26/06/08 13:31:05 WARN NettyRpcEnv: Ignored failure: java.util.concurrent.RejectedExecutionException: Task java.util.concurrent.ScheduledThreadPoolExecutor$ScheduledFutureTask@254b09a6[Not completed, task = java.util.concurrent.Executors$RunnableAdapter@22e8151b[Wrapped task = org.apache.spark.rpc.netty.NettyRpcEnv$$anon$1@39469a80]] rejected from java.util.concurrent.ScheduledThreadPoolExecutor@573e990f[Terminated, pool size = 0, active threads = 0, queued tasks = 0, completed tasks = 0]
[2026-06-08T13:31:06.490+0000] {subprocess.py:93} INFO - Exception in thread "stream execution thread for [id = 247c4699-5aa5-4c31-b40c-9d642c75444d, runId = b9d0dbd6-5e89-491b-9d5a-0708e849e9d0]" org.apache.spark.SparkException: Exception thrown in awaitResult:
[2026-06-08T13:31:06.493+0000] {subprocess.py:93} INFO - 	at org.apache.spark.util.SparkThreadUtils$.awaitResult(SparkThreadUtils.scala:56)
[2026-06-08T13:31:06.494+0000] {subprocess.py:93} INFO - 	at org.apache.spark.util.ThreadUtils$.awaitResult(ThreadUtils.scala:310)
[2026-06-08T13:31:06.496+0000] {subprocess.py:93} INFO - 	at org.apache.spark.rpc.RpcTimeout.awaitResult(RpcTimeout.scala:75)
[2026-06-08T13:31:06.497+0000] {subprocess.py:93} INFO - 	at org.apache.spark.rpc.RpcEndpointRef.askSync(RpcEndpointRef.scala:101)
[2026-06-08T13:31:06.497+0000] {subprocess.py:93} INFO - 	at org.apache.spark.rpc.RpcEndpointRef.askSync(RpcEndpointRef.scala:85)
[2026-06-08T13:31:06.500+0000] {subprocess.py:93} INFO - 	at org.apache.spark.sql.execution.streaming.state.StateStoreCoordinatorRef.deactivateInstances(StateStoreCoordinator.scala:119)
[2026-06-08T13:31:06.501+0000] {subprocess.py:93} INFO - 	at org.apache.spark.sql.streaming.StreamingQueryManager.notifyQueryTermination(StreamingQueryManager.scala:426)
[2026-06-08T13:31:06.502+0000] {subprocess.py:93} INFO - 	at org.apache.spark.sql.execution.streaming.StreamExecution.$anonfun$runStream$3(StreamExecution.scala:360)
[2026-06-08T13:31:06.503+0000] {subprocess.py:93} INFO - 	at scala.runtime.java8.JFunction0$mcV$sp.apply(JFunction0$mcV$sp.java:23)
[2026-06-08T13:31:06.504+0000] {subprocess.py:93} INFO - 	at org.apache.spark.util.UninterruptibleThread.runUninterruptibly(UninterruptibleThread.scala:77)
[2026-06-08T13:31:06.505+0000] {subprocess.py:93} INFO - 	at org.apache.spark.sql.execution.streaming.StreamExecution.org$apache$spark$sql$execution$streaming$StreamExecution$$runStream(StreamExecution.scala:340)
[2026-06-08T13:31:06.506+0000] {subprocess.py:93} INFO - 	at org.apache.spark.sql.execution.streaming.StreamExecution$$anon$1.$anonfun$run$1(StreamExecution.scala:211)
[2026-06-08T13:31:06.507+0000] {subprocess.py:93} INFO - 	at scala.runtime.java8.JFunction0$mcV$sp.apply(JFunction0$mcV$sp.java:23)
[2026-06-08T13:31:06.508+0000] {subprocess.py:93} INFO - 	at org.apache.spark.JobArtifactSet$.withActiveJobArtifactState(JobArtifactSet.scala:94)
[2026-06-08T13:31:06.509+0000] {subprocess.py:93} INFO - 	at org.apache.spark.sql.execution.streaming.StreamExecution$$anon$1.run(StreamExecution.scala:211)
[2026-06-08T13:31:06.510+0000] {subprocess.py:93} INFO - Caused by: org.apache.spark.rpc.RpcEnvStoppedException: RpcEnv already stopped.
[2026-06-08T13:31:06.511+0000] {subprocess.py:93} INFO - 	at org.apache.spark.rpc.netty.Dispatcher.postMessage(Dispatcher.scala:176)
[2026-06-08T13:31:06.513+0000] {subprocess.py:93} INFO - 	at org.apache.spark.rpc.netty.Dispatcher.postLocalMessage(Dispatcher.scala:144)
[2026-06-08T13:31:06.514+0000] {subprocess.py:93} INFO - 	at org.apache.spark.rpc.netty.NettyRpcEnv.askAbortable(NettyRpcEnv.scala:242)
[2026-06-08T13:31:06.515+0000] {subprocess.py:93} INFO - 	at org.apache.spark.rpc.netty.NettyRpcEndpointRef.askAbortable(NettyRpcEnv.scala:554)
[2026-06-08T13:31:06.516+0000] {subprocess.py:93} INFO - 	at org.apache.spark.rpc.netty.NettyRpcEndpointRef.ask(NettyRpcEnv.scala:558)
[2026-06-08T13:31:06.517+0000] {subprocess.py:93} INFO - 	at org.apache.spark.rpc.RpcEndpointRef.askSync(RpcEndpointRef.scala:100)
[2026-06-08T13:31:06.518+0000] {subprocess.py:93} INFO - 	... 11 more
[2026-06-08T13:31:06.519+0000] {subprocess.py:93} INFO - 26/06/08 13:31:05 WARN NettyRpcEnv: Ignored failure: java.util.concurrent.RejectedExecutionException: Task java.util.concurrent.ScheduledThreadPoolExecutor$ScheduledFutureTask@2f488480[Not completed, task = java.util.concurrent.Executors$RunnableAdapter@1d17d38d[Wrapped task = org.apache.spark.rpc.netty.NettyRpcEnv$$anon$1@6e9cb0cb]] rejected from java.util.concurrent.ScheduledThreadPoolExecutor@573e990f[Terminated, pool size = 0, active threads = 0, queued tasks = 0, completed tasks = 0]
[2026-06-08T13:31:06.520+0000] {subprocess.py:93} INFO - Exception in thread "stream execution thread for [id = 4a8fb13c-ad7e-4bd5-b0b9-72c0fa063146, runId = 869a13b6-ee84-4304-a692-3c06a1d64afa]" org.apache.spark.SparkException: Exception thrown in awaitResult:
[2026-06-08T13:31:06.521+0000] {subprocess.py:93} INFO - 	at org.apache.spark.util.SparkThreadUtils$.awaitResult(SparkThreadUtils.scala:56)
[2026-06-08T13:31:06.522+0000] {subprocess.py:93} INFO - 	at org.apache.spark.util.ThreadUtils$.awaitResult(ThreadUtils.scala:310)
[2026-06-08T13:31:06.523+0000] {subprocess.py:93} INFO - 	at org.apache.spark.rpc.RpcTimeout.awaitResult(RpcTimeout.scala:75)
[2026-06-08T13:31:06.525+0000] {subprocess.py:93} INFO - 	at org.apache.spark.rpc.RpcEndpointRef.askSync(RpcEndpointRef.scala:101)
[2026-06-08T13:31:06.525+0000] {subprocess.py:93} INFO - 	at org.apache.spark.rpc.RpcEndpointRef.askSync(RpcEndpointRef.scala:85)
[2026-06-08T13:31:06.526+0000] {subprocess.py:93} INFO - 	at org.apache.spark.sql.execution.streaming.state.StateStoreCoordinatorRef.deactivateInstances(StateStoreCoordinator.scala:119)
[2026-06-08T13:31:06.527+0000] {subprocess.py:93} INFO - 	at org.apache.spark.sql.streaming.StreamingQueryManager.notifyQueryTermination(StreamingQueryManager.scala:426)
[2026-06-08T13:31:06.528+0000] {subprocess.py:93} INFO - 	at org.apache.spark.sql.execution.streaming.StreamExecution.$anonfun$runStream$3(StreamExecution.scala:360)
[2026-06-08T13:31:06.529+0000] {subprocess.py:93} INFO - 	at scala.runtime.java8.JFunction0$mcV$sp.apply(JFunction0$mcV$sp.java:23)
[2026-06-08T13:31:06.530+0000] {subprocess.py:93} INFO - 	at org.apache.spark.util.UninterruptibleThread.runUninterruptibly(UninterruptibleThread.scala:77)
[2026-06-08T13:31:06.531+0000] {subprocess.py:93} INFO - 	at org.apache.spark.sql.execution.streaming.StreamExecution.org$apache$spark$sql$execution$streaming$StreamExecution$$runStream(StreamExecution.scala:340)
[2026-06-08T13:31:06.532+0000] {subprocess.py:93} INFO - 	at org.apache.spark.sql.execution.streaming.StreamExecution$$anon$1.$anonfun$run$1(StreamExecution.scala:211)
[2026-06-08T13:31:06.533+0000] {subprocess.py:93} INFO - 	at scala.runtime.java8.JFunction0$mcV$sp.apply(JFunction0$mcV$sp.java:23)
[2026-06-08T13:31:06.534+0000] {subprocess.py:93} INFO - 	at org.apache.spark.JobArtifactSet$.withActiveJobArtifactState(JobArtifactSet.scala:94)
[2026-06-08T13:31:06.535+0000] {subprocess.py:93} INFO - 	at org.apache.spark.sql.execution.streaming.StreamExecution$$anon$1.run(StreamExecution.scala:211)
[2026-06-08T13:31:06.536+0000] {subprocess.py:93} INFO - Caused by: org.apache.spark.rpc.RpcEnvStoppedException: RpcEnv already stopped.
[2026-06-08T13:31:06.537+0000] {subprocess.py:93} INFO - 	at org.apache.spark.rpc.netty.Dispatcher.postMessage(Dispatcher.scala:176)
[2026-06-08T13:31:06.538+0000] {subprocess.py:93} INFO - 	at org.apache.spark.rpc.netty.Dispatcher.postLocalMessage(Dispatcher.scala:144)
[2026-06-08T13:31:06.540+0000] {subprocess.py:93} INFO - 	at org.apache.spark.rpc.netty.NettyRpcEnv.askAbortable(NettyRpcEnv.scala:242)
[2026-06-08T13:31:06.541+0000] {subprocess.py:93} INFO - 	at org.apache.spark.rpc.netty.NettyRpcEndpointRef.askAbortable(NettyRpcEnv.scala:554)
[2026-06-08T13:31:06.541+0000] {subprocess.py:93} INFO - 	at org.apache.spark.rpc.netty.NettyRpcEndpointRef.ask(NettyRpcEnv.scala:558)
[2026-06-08T13:31:06.543+0000] {subprocess.py:93} INFO - 	at org.apache.spark.rpc.RpcEndpointRef.askSync(RpcEndpointRef.scala:100)
[2026-06-08T13:31:06.544+0000] {subprocess.py:93} INFO - 	... 11 more
[2026-06-08T13:31:06.858+0000] {subprocess.py:97} INFO - Command exited with return code 124
[2026-06-08T13:31:06.860+0000] {taskinstance.py:441} INFO - ::group::Post task execution logs
[2026-06-08T13:31:06.918+0000] {taskinstance.py:2890} ERROR - Task failed with exception
Traceback (most recent call last):
  File "/home/airflow/.local/lib/python3.12/site-packages/airflow/models/taskinstance.py", line 465, in _execute_task
    result = _execute_callable(context=context, **execute_callable_kwargs)
             ^^^^^^^^^^^^^^^^^^^^^^^^^^^^^^^^^^^^^^^^^^^^^^^^^^^^^^^^^^^^^
  File "/home/airflow/.local/lib/python3.12/site-packages/airflow/models/taskinstance.py", line 432, in _execute_callable
    return execute_callable(context=context, **execute_callable_kwargs)
           ^^^^^^^^^^^^^^^^^^^^^^^^^^^^^^^^^^^^^^^^^^^^^^^^^^^^^^^^^^^^
  File "/home/airflow/.local/lib/python3.12/site-packages/airflow/models/baseoperator.py", line 400, in wrapper
    return func(self, *args, **kwargs)
           ^^^^^^^^^^^^^^^^^^^^^^^^^^^
  File "/home/airflow/.local/lib/python3.12/site-packages/airflow/operators/bash.py", line 243, in execute
    raise AirflowException(
airflow.exceptions.AirflowException: Bash command failed. The command returned a non-zero exit code 124.
[2026-06-08T13:31:06.952+0000] {taskinstance.py:1205} INFO - Marking task as UP_FOR_RETRY. dag_id=e-commerce_kafka_streaming_pipeline_v10, task_id=run_bronze, execution_date=20260608T132746, start_date=20260608T132934, end_date=20260608T133106
[2026-06-08T13:31:07.004+0000] {standard_task_runner.py:110} ERROR - Failed to execute job 43 for task run_bronze (Bash command failed. The command returned a non-zero exit code 124.; 294)
[2026-06-08T13:31:07.061+0000] {local_task_job_runner.py:240} INFO - Task exited with return code 1
[2026-06-08T13:31:07.251+0000] {taskinstance.py:3482} INFO - 0 downstream tasks scheduled from follow-on schedule check
[2026-06-08T13:31:07.258+0000] {local_task_job_runner.py:222} INFO - ::endgroup::
