[2026-06-08T13:27:55.364+0000] {local_task_job_runner.py:120} INFO - ::group::Pre task execution logs
[2026-06-08T13:27:55.666+0000] {taskinstance.py:2073} INFO - Dependencies all met for dep_context=non-requeueable deps ti=<TaskInstance: e-commerce_kafka_streaming_pipeline_v10.run_bronze manual__2026-06-08T13:27:46.038467+00:00 [queued]>
[2026-06-08T13:27:55.696+0000] {taskinstance.py:2073} INFO - Dependencies all met for dep_context=requeueable deps ti=<TaskInstance: e-commerce_kafka_streaming_pipeline_v10.run_bronze manual__2026-06-08T13:27:46.038467+00:00 [queued]>
[2026-06-08T13:27:55.697+0000] {taskinstance.py:2303} INFO - Starting attempt 1 of 2
[2026-06-08T13:27:55.765+0000] {taskinstance.py:2327} INFO - Executing <Task(BashOperator): run_bronze> on 2026-06-08 13:27:46.038467+00:00
[2026-06-08T13:27:55.815+0000] {logging_mixin.py:188} WARNING - /home/***/.local/lib/python3.12/site-packages/***/task/task_runner/standard_task_runner.py:61 DeprecationWarning: This process (pid=250) is multi-threaded, use of fork() may lead to deadlocks in the child.
[2026-06-08T13:27:55.860+0000] {standard_task_runner.py:63} INFO - Started process 251 to run task
[2026-06-08T13:27:55.809+0000] {standard_task_runner.py:90} INFO - Running: ['***', 'tasks', 'run', 'e-commerce_kafka_streaming_pipeline_v10', 'run_bronze', 'manual__2026-06-08T13:27:46.038467+00:00', '--job-id', '41', '--raw', '--subdir', 'DAGS_FOLDER/sdp_pipeline_dag.py', '--cfg-path', '/tmp/tmp6piosioh']
[2026-06-08T13:27:55.873+0000] {standard_task_runner.py:91} INFO - Job 41: Subtask run_bronze
[2026-06-08T13:27:56.059+0000] {task_command.py:426} INFO - Running <TaskInstance: e-commerce_kafka_streaming_pipeline_v10.run_bronze manual__2026-06-08T13:27:46.038467+00:00 [running]> on host 19d9c0c71dcc
[2026-06-08T13:27:56.208+0000] {taskinstance.py:2644} INFO - Exporting env vars: AIRFLOW_CTX_DAG_OWNER='dev' AIRFLOW_CTX_DAG_ID='e-commerce_kafka_streaming_pipeline_v10' AIRFLOW_CTX_TASK_ID='run_bronze' AIRFLOW_CTX_EXECUTION_DATE='2026-06-08T13:27:46.038467+00:00' AIRFLOW_CTX_TRY_NUMBER='1' AIRFLOW_CTX_DAG_RUN_ID='manual__2026-06-08T13:27:46.038467+00:00'
[2026-06-08T13:27:56.210+0000] {taskinstance.py:430} INFO - ::endgroup::
[2026-06-08T13:27:56.234+0000] {subprocess.py:63} INFO - Tmp dir root location: /tmp
[2026-06-08T13:27:56.236+0000] {subprocess.py:75} INFO - Running command: ['/usr/bin/bash', '-c', 'timeout 90s docker run --rm --network streaming_kafka_project_sdp-net --volume /d/Streaming_kafka_project/pipelines:/opt/pipelines --volume /d/Streaming_kafka_project/data:/opt/data --volume /d/Streaming_kafka_project/checkpoints:/opt/checkpoints --volume /d/Streaming_kafka_project/jars:/opt/jars apache/spark:3.5.1 /opt/spark/bin/spark-submit --master spark://sdp-spark-master:7077 --executor-cores 1 --executor-memory 512m --total-executor-cores 3 --jars /opt/jars/delta-spark_2.12-3.2.0.jar,/opt/jars/delta-storage-3.2.0.jar,/opt/jars/spark-sql-kafka-0-10_2.12-3.5.1.jar,/opt/jars/kafka-clients-3.4.1.jar,/opt/jars/spark-token-provider-kafka-0-10_2.12-3.5.1.jar,/opt/jars/commons-pool2-2.11.1.jar --conf spark.sql.extensions=io.delta.sql.DeltaSparkSessionExtension --conf spark.sql.catalog.spark_catalog=org.apache.spark.sql.delta.catalog.DeltaCatalog  /opt/pipelines/bronze_runner.py']
[2026-06-08T13:27:56.256+0000] {subprocess.py:86} INFO - Output:
[2026-06-08T13:28:04.427+0000] {subprocess.py:93} INFO - 26/06/08 13:28:04 WARN NativeCodeLoader: Unable to load native-hadoop library for your platform... using builtin-java classes where applicable
[2026-06-08T13:28:06.317+0000] {subprocess.py:93} INFO - 26/06/08 13:28:06 INFO SparkContext: Running Spark version 3.5.1
[2026-06-08T13:28:06.324+0000] {subprocess.py:93} INFO - 26/06/08 13:28:06 INFO SparkContext: OS info Linux, 6.6.114.1-microsoft-standard-WSL2, amd64
[2026-06-08T13:28:06.330+0000] {subprocess.py:93} INFO - 26/06/08 13:28:06 INFO SparkContext: Java version 11.0.22
[2026-06-08T13:28:06.426+0000] {subprocess.py:93} INFO - 26/06/08 13:28:06 INFO ResourceUtils: ==============================================================
[2026-06-08T13:28:06.430+0000] {subprocess.py:93} INFO - 26/06/08 13:28:06 INFO ResourceUtils: No custom resources configured for spark.driver.
[2026-06-08T13:28:06.434+0000] {subprocess.py:93} INFO - 26/06/08 13:28:06 INFO ResourceUtils: ==============================================================
[2026-06-08T13:28:06.440+0000] {subprocess.py:93} INFO - 26/06/08 13:28:06 INFO SparkContext: Submitted application: SDP-Bronze
[2026-06-08T13:28:06.532+0000] {subprocess.py:93} INFO - 26/06/08 13:28:06 INFO ResourceProfile: Default ResourceProfile created, executor resources: Map(cores -> name: cores, amount: 1, script: , vendor: , memory -> name: memory, amount: 512, script: , vendor: , offHeap -> name: offHeap, amount: 0, script: , vendor: ), task resources: Map(cpus -> name: cpus, amount: 1.0)
[2026-06-08T13:28:06.586+0000] {subprocess.py:93} INFO - 26/06/08 13:28:06 INFO ResourceProfile: Limiting resource is cpus at 1 tasks per executor
[2026-06-08T13:28:06.593+0000] {subprocess.py:93} INFO - 26/06/08 13:28:06 INFO ResourceProfileManager: Added ResourceProfile id: 0
[2026-06-08T13:28:06.812+0000] {subprocess.py:93} INFO - 26/06/08 13:28:06 INFO SecurityManager: Changing view acls to: spark
[2026-06-08T13:28:06.823+0000] {subprocess.py:93} INFO - 26/06/08 13:28:06 INFO SecurityManager: Changing modify acls to: spark
[2026-06-08T13:28:06.845+0000] {subprocess.py:93} INFO - 26/06/08 13:28:06 INFO SecurityManager: Changing view acls groups to:
[2026-06-08T13:28:06.854+0000] {subprocess.py:93} INFO - 26/06/08 13:28:06 INFO SecurityManager: Changing modify acls groups to:
[2026-06-08T13:28:06.857+0000] {subprocess.py:93} INFO - 26/06/08 13:28:06 INFO SecurityManager: SecurityManager: authentication disabled; ui acls disabled; users with view permissions: spark; groups with view permissions: EMPTY; users with modify permissions: spark; groups with modify permissions: EMPTY
[2026-06-08T13:28:07.786+0000] {subprocess.py:93} INFO - 26/06/08 13:28:07 INFO Utils: Successfully started service 'sparkDriver' on port 42897.
[2026-06-08T13:28:07.892+0000] {subprocess.py:93} INFO - 26/06/08 13:28:07 INFO SparkEnv: Registering MapOutputTracker
[2026-06-08T13:28:08.057+0000] {subprocess.py:93} INFO - 26/06/08 13:28:08 INFO SparkEnv: Registering BlockManagerMaster
[2026-06-08T13:28:08.302+0000] {subprocess.py:93} INFO - 26/06/08 13:28:08 INFO BlockManagerMasterEndpoint: Using org.apache.spark.storage.DefaultTopologyMapper for getting topology information
[2026-06-08T13:28:08.315+0000] {subprocess.py:93} INFO - 26/06/08 13:28:08 INFO BlockManagerMasterEndpoint: BlockManagerMasterEndpoint up
[2026-06-08T13:28:08.317+0000] {subprocess.py:93} INFO - 26/06/08 13:28:08 INFO SparkEnv: Registering BlockManagerMasterHeartbeat
[2026-06-08T13:28:08.440+0000] {subprocess.py:93} INFO - 26/06/08 13:28:08 INFO DiskBlockManager: Created local directory at /tmp/blockmgr-aa8c0edf-8b1b-491f-8889-852dffc5f93b
[2026-06-08T13:28:08.508+0000] {subprocess.py:93} INFO - 26/06/08 13:28:08 INFO MemoryStore: MemoryStore started with capacity 434.4 MiB
[2026-06-08T13:28:08.575+0000] {subprocess.py:93} INFO - 26/06/08 13:28:08 INFO SparkEnv: Registering OutputCommitCoordinator
[2026-06-08T13:28:09.232+0000] {subprocess.py:93} INFO - 26/06/08 13:28:09 INFO JettyUtils: Start Jetty 0.0.0.0:4040 for SparkUI
[2026-06-08T13:28:09.454+0000] {subprocess.py:93} INFO - 26/06/08 13:28:09 INFO Utils: Successfully started service 'SparkUI' on port 4040.
[2026-06-08T13:28:09.580+0000] {subprocess.py:93} INFO - 26/06/08 13:28:09 INFO SparkContext: Added JAR file:///opt/jars/delta-spark_2.12-3.2.0.jar at spark://aacbe44b4fff:42897/jars/delta-spark_2.12-3.2.0.jar with timestamp 1780925286284
[2026-06-08T13:28:09.583+0000] {subprocess.py:93} INFO - 26/06/08 13:28:09 INFO SparkContext: Added JAR file:///opt/jars/delta-storage-3.2.0.jar at spark://aacbe44b4fff:42897/jars/delta-storage-3.2.0.jar with timestamp 1780925286284
[2026-06-08T13:28:09.587+0000] {subprocess.py:93} INFO - 26/06/08 13:28:09 INFO SparkContext: Added JAR file:///opt/jars/spark-sql-kafka-0-10_2.12-3.5.1.jar at spark://aacbe44b4fff:42897/jars/spark-sql-kafka-0-10_2.12-3.5.1.jar with timestamp 1780925286284
[2026-06-08T13:28:09.590+0000] {subprocess.py:93} INFO - 26/06/08 13:28:09 INFO SparkContext: Added JAR file:///opt/jars/kafka-clients-3.4.1.jar at spark://aacbe44b4fff:42897/jars/kafka-clients-3.4.1.jar with timestamp 1780925286284
[2026-06-08T13:28:09.594+0000] {subprocess.py:93} INFO - 26/06/08 13:28:09 INFO SparkContext: Added JAR file:///opt/jars/spark-token-provider-kafka-0-10_2.12-3.5.1.jar at spark://aacbe44b4fff:42897/jars/spark-token-provider-kafka-0-10_2.12-3.5.1.jar with timestamp 1780925286284
[2026-06-08T13:28:09.600+0000] {subprocess.py:93} INFO - 26/06/08 13:28:09 INFO SparkContext: Added JAR file:///opt/jars/commons-pool2-2.11.1.jar at spark://aacbe44b4fff:42897/jars/commons-pool2-2.11.1.jar with timestamp 1780925286284
[2026-06-08T13:28:10.007+0000] {subprocess.py:93} INFO - 26/06/08 13:28:10 INFO StandaloneAppClient$ClientEndpoint: Connecting to master spark://sdp-spark-master:7077...
[2026-06-08T13:28:10.205+0000] {subprocess.py:93} INFO - 26/06/08 13:28:10 INFO TransportClientFactory: Successfully created connection to sdp-spark-master/172.18.0.4:7077 after 130 ms (0 ms spent in bootstraps)
[2026-06-08T13:28:11.001+0000] {subprocess.py:93} INFO - 26/06/08 13:28:10 INFO StandaloneSchedulerBackend: Connected to Spark cluster with app ID app-20260608132810-0000
[2026-06-08T13:28:11.034+0000] {subprocess.py:93} INFO - 26/06/08 13:28:11 INFO Utils: Successfully started service 'org.apache.spark.network.netty.NettyBlockTransferService' on port 41831.
[2026-06-08T13:28:11.040+0000] {subprocess.py:93} INFO - 26/06/08 13:28:11 INFO NettyBlockTransferService: Server created on aacbe44b4fff:41831
[2026-06-08T13:28:11.043+0000] {subprocess.py:93} INFO - 26/06/08 13:28:11 INFO BlockManager: Using org.apache.spark.storage.RandomBlockReplicationPolicy for block replication policy
[2026-06-08T13:28:11.068+0000] {subprocess.py:93} INFO - 26/06/08 13:28:11 INFO BlockManagerMaster: Registering BlockManager BlockManagerId(driver, aacbe44b4fff, 41831, None)
[2026-06-08T13:28:11.076+0000] {subprocess.py:93} INFO - 26/06/08 13:28:11 INFO BlockManagerMasterEndpoint: Registering block manager aacbe44b4fff:41831 with 434.4 MiB RAM, BlockManagerId(driver, aacbe44b4fff, 41831, None)
[2026-06-08T13:28:11.091+0000] {subprocess.py:93} INFO - 26/06/08 13:28:11 INFO BlockManagerMaster: Registered BlockManager BlockManagerId(driver, aacbe44b4fff, 41831, None)
[2026-06-08T13:28:11.098+0000] {subprocess.py:93} INFO - 26/06/08 13:28:11 INFO BlockManager: Initialized BlockManager: BlockManagerId(driver, aacbe44b4fff, 41831, None)
[2026-06-08T13:28:11.157+0000] {subprocess.py:93} INFO - 26/06/08 13:28:11 INFO StandaloneAppClient$ClientEndpoint: Executor added: app-20260608132810-0000/0 on worker-20260608131402-172.18.0.6-44005 (172.18.0.6:44005) with 1 core(s)
[2026-06-08T13:28:11.186+0000] {subprocess.py:93} INFO - 26/06/08 13:28:11 INFO StandaloneSchedulerBackend: Granted executor ID app-20260608132810-0000/0 on hostPort 172.18.0.6:44005 with 1 core(s), 512.0 MiB RAM
[2026-06-08T13:28:11.188+0000] {subprocess.py:93} INFO - 26/06/08 13:28:11 INFO StandaloneAppClient$ClientEndpoint: Executor added: app-20260608132810-0000/1 on worker-20260608131402-172.18.0.6-44005 (172.18.0.6:44005) with 1 core(s)
[2026-06-08T13:28:11.189+0000] {subprocess.py:93} INFO - 26/06/08 13:28:11 INFO StandaloneSchedulerBackend: Granted executor ID app-20260608132810-0000/1 on hostPort 172.18.0.6:44005 with 1 core(s), 512.0 MiB RAM
[2026-06-08T13:28:11.250+0000] {subprocess.py:93} INFO - 26/06/08 13:28:11 INFO StandaloneAppClient$ClientEndpoint: Executor added: app-20260608132810-0000/2 on worker-20260608131402-172.18.0.5-38399 (172.18.0.5:38399) with 1 core(s)
[2026-06-08T13:28:11.258+0000] {subprocess.py:93} INFO - 26/06/08 13:28:11 INFO StandaloneSchedulerBackend: Granted executor ID app-20260608132810-0000/2 on hostPort 172.18.0.5:38399 with 1 core(s), 512.0 MiB RAM
[2026-06-08T13:28:14.844+0000] {subprocess.py:93} INFO - 26/06/08 13:28:14 INFO StandaloneAppClient$ClientEndpoint: Executor updated: app-20260608132810-0000/2 is now RUNNING
[2026-06-08T13:28:14.845+0000] {subprocess.py:93} INFO - 26/06/08 13:28:14 INFO StandaloneAppClient$ClientEndpoint: Executor updated: app-20260608132810-0000/1 is now RUNNING
[2026-06-08T13:28:15.010+0000] {subprocess.py:93} INFO - 26/06/08 13:28:14 INFO StandaloneAppClient$ClientEndpoint: Executor updated: app-20260608132810-0000/0 is now RUNNING
[2026-06-08T13:28:15.260+0000] {subprocess.py:93} INFO - 26/06/08 13:28:15 INFO StandaloneSchedulerBackend: SchedulerBackend is ready for scheduling beginning after reached minRegisteredResourcesRatio: 0.0
[2026-06-08T13:28:18.260+0000] {subprocess.py:93} INFO - Starting stream: orders -> /opt/data/bronze/orders
[2026-06-08T13:28:49.180+0000] {subprocess.py:93} INFO - 26/06/08 13:28:49 WARN ResolveWriteToStream: spark.sql.adaptive.enabled is not supported in streaming DataFrames/Datasets and will be disabled.
[2026-06-08T13:28:50.690+0000] {subprocess.py:93} INFO - 26/06/08 13:28:50 WARN CheckpointFileManager: Failed to rename temp file file:/opt/checkpoints/bronze/orders/.metadata.6e4fc8cc-9159-40f8-b51b-b20c43070ab0.tmp to file:/opt/checkpoints/bronze/orders/metadata because file exists
[2026-06-08T13:28:50.735+0000] {subprocess.py:93} INFO - org.apache.hadoop.fs.FileAlreadyExistsException: Rename destination file:/opt/checkpoints/bronze/orders/metadata already exists.
[2026-06-08T13:28:50.751+0000] {subprocess.py:93} INFO - 	at org.apache.hadoop.fs.AbstractFileSystem.renameInternal(AbstractFileSystem.java:770)
[2026-06-08T13:28:50.767+0000] {subprocess.py:93} INFO - 	at org.apache.hadoop.fs.AbstractFileSystem.rename(AbstractFileSystem.java:720)
[2026-06-08T13:28:50.848+0000] {subprocess.py:93} INFO - 	at org.apache.hadoop.fs.ChecksumFs.renameInternal(ChecksumFs.java:489)
[2026-06-08T13:28:50.928+0000] {subprocess.py:93} INFO - 	at org.apache.hadoop.fs.AbstractFileSystem.rename(AbstractFileSystem.java:720)
[2026-06-08T13:28:50.959+0000] {subprocess.py:93} INFO - 	at org.apache.hadoop.fs.FileContext.rename(FileContext.java:1036)
[2026-06-08T13:28:50.980+0000] {subprocess.py:93} INFO - 	at org.apache.spark.sql.execution.streaming.FileContextBasedCheckpointFileManager.renameTempFile(CheckpointFileManager.scala:372)
[2026-06-08T13:28:50.988+0000] {subprocess.py:93} INFO - 	at org.apache.spark.sql.execution.streaming.CheckpointFileManager$RenameBasedFSDataOutputStream.close(CheckpointFileManager.scala:154)
[2026-06-08T13:28:50.989+0000] {subprocess.py:93} INFO - 	at java.base/sun.nio.cs.StreamEncoder.implClose(Unknown Source)
[2026-06-08T13:28:50.994+0000] {subprocess.py:93} INFO - 	at java.base/sun.nio.cs.StreamEncoder.close(Unknown Source)
[2026-06-08T13:28:51.030+0000] {subprocess.py:93} INFO - 	at java.base/java.io.OutputStreamWriter.close(Unknown Source)
[2026-06-08T13:28:51.032+0000] {subprocess.py:93} INFO - 	at com.fasterxml.jackson.core.json.WriterBasedJsonGenerator.close(WriterBasedJsonGenerator.java:1028)
[2026-06-08T13:28:51.033+0000] {subprocess.py:93} INFO - 	at com.fasterxml.jackson.databind.ObjectMapper._writeValueAndClose(ObjectMapper.java:4724)
[2026-06-08T13:28:51.035+0000] {subprocess.py:93} INFO - 	at com.fasterxml.jackson.databind.ObjectMapper.writeValue(ObjectMapper.java:3947)
[2026-06-08T13:28:51.038+0000] {subprocess.py:93} INFO - 	at org.json4s.jackson.JacksonSerialization.write(Serialization.scala:36)
[2026-06-08T13:28:51.039+0000] {subprocess.py:93} INFO - 	at org.apache.spark.sql.execution.streaming.StreamMetadata$.write(StreamMetadata.scala:81)
[2026-06-08T13:28:51.040+0000] {subprocess.py:93} INFO - 	at org.apache.spark.sql.execution.streaming.StreamExecution.$anonfun$streamMetadata$1(StreamExecution.scala:139)
[2026-06-08T13:28:51.049+0000] {subprocess.py:93} INFO - 	at scala.Option.getOrElse(Option.scala:189)
[2026-06-08T13:28:51.050+0000] {subprocess.py:93} INFO - 	at org.apache.spark.sql.execution.streaming.StreamExecution.<init>(StreamExecution.scala:137)
[2026-06-08T13:28:51.054+0000] {subprocess.py:93} INFO - 	at org.apache.spark.sql.execution.streaming.MicroBatchExecution.<init>(MicroBatchExecution.scala:49)
[2026-06-08T13:28:51.057+0000] {subprocess.py:93} INFO - 	at org.apache.spark.sql.streaming.StreamingQueryManager.createQuery(StreamingQueryManager.scala:295)
[2026-06-08T13:28:51.059+0000] {subprocess.py:93} INFO - 	at org.apache.spark.sql.streaming.StreamingQueryManager.startQuery(StreamingQueryManager.scala:346)
[2026-06-08T13:28:51.059+0000] {subprocess.py:93} INFO - 	at org.apache.spark.sql.streaming.DataStreamWriter.startQuery(DataStreamWriter.scala:433)
[2026-06-08T13:28:51.065+0000] {subprocess.py:93} INFO - 	at org.apache.spark.sql.streaming.DataStreamWriter.startInternal(DataStreamWriter.scala:410)
[2026-06-08T13:28:51.067+0000] {subprocess.py:93} INFO - 	at org.apache.spark.sql.streaming.DataStreamWriter.start(DataStreamWriter.scala:251)
[2026-06-08T13:28:51.072+0000] {subprocess.py:93} INFO - 	at java.base/jdk.internal.reflect.NativeMethodAccessorImpl.invoke0(Native Method)
[2026-06-08T13:28:51.076+0000] {subprocess.py:93} INFO - 	at java.base/jdk.internal.reflect.NativeMethodAccessorImpl.invoke(Unknown Source)
[2026-06-08T13:28:51.080+0000] {subprocess.py:93} INFO - 	at java.base/jdk.internal.reflect.DelegatingMethodAccessorImpl.invoke(Unknown Source)
[2026-06-08T13:28:51.084+0000] {subprocess.py:93} INFO - 	at java.base/java.lang.reflect.Method.invoke(Unknown Source)
[2026-06-08T13:28:51.101+0000] {subprocess.py:93} INFO - 	at py4j.reflection.MethodInvoker.invoke(MethodInvoker.java:244)
[2026-06-08T13:28:51.103+0000] {subprocess.py:93} INFO - 	at py4j.reflection.ReflectionEngine.invoke(ReflectionEngine.java:374)
[2026-06-08T13:28:51.103+0000] {subprocess.py:93} INFO - 	at py4j.Gateway.invoke(Gateway.java:282)
[2026-06-08T13:28:51.108+0000] {subprocess.py:93} INFO - 	at py4j.commands.AbstractCommand.invokeMethod(AbstractCommand.java:132)
[2026-06-08T13:28:51.111+0000] {subprocess.py:93} INFO - 	at py4j.commands.CallCommand.execute(CallCommand.java:79)
[2026-06-08T13:28:51.112+0000] {subprocess.py:93} INFO - 	at py4j.ClientServerConnection.waitForCommands(ClientServerConnection.java:182)
[2026-06-08T13:28:51.114+0000] {subprocess.py:93} INFO - 	at py4j.ClientServerConnection.run(ClientServerConnection.java:106)
[2026-06-08T13:28:51.121+0000] {subprocess.py:93} INFO - 	at java.base/java.lang.Thread.run(Unknown Source)
[2026-06-08T13:28:52.199+0000] {subprocess.py:93} INFO - Traceback (most recent call last):
[2026-06-08T13:28:52.201+0000] {subprocess.py:93} INFO -   File "/opt/pipelines/bronze_runner.py", line 62, in <module>
[2026-06-08T13:28:52.208+0000] {subprocess.py:93} INFO -     bronze_df.writeStream
[2026-06-08T13:28:52.209+0000] {subprocess.py:93} INFO -   File "/opt/spark/python/lib/pyspark.zip/pyspark/sql/streaming/readwriter.py", line 1527, in start
[2026-06-08T13:28:52.220+0000] {subprocess.py:93} INFO -   File "/opt/spark/python/lib/py4j-0.10.9.7-src.zip/py4j/java_gateway.py", line 1322, in __call__
[2026-06-08T13:28:52.222+0000] {subprocess.py:93} INFO -   File "/opt/spark/python/lib/pyspark.zip/pyspark/errors/exceptions/captured.py", line 179, in deco
[2026-06-08T13:28:52.240+0000] {subprocess.py:93} INFO -   File "/opt/spark/python/lib/py4j-0.10.9.7-src.zip/py4j/protocol.py", line 326, in get_return_value
[2026-06-08T13:28:52.241+0000] {subprocess.py:93} INFO - py4j.protocol.Py4JJavaError: An error occurred while calling o50.start.
[2026-06-08T13:28:52.244+0000] {subprocess.py:93} INFO - : org.apache.spark.SparkConcurrentModificationException: Multiple streaming queries are concurrently using metadata.
[2026-06-08T13:28:52.256+0000] {subprocess.py:93} INFO - 	at org.apache.spark.sql.errors.QueryExecutionErrors$.multiStreamingQueriesUsingPathConcurrentlyError(QueryExecutionErrors.scala:1857)
[2026-06-08T13:28:52.257+0000] {subprocess.py:93} INFO - 	at org.apache.spark.sql.execution.streaming.StreamMetadata$.write(StreamMetadata.scala:89)
[2026-06-08T13:28:52.258+0000] {subprocess.py:93} INFO - 	at org.apache.spark.sql.execution.streaming.StreamExecution.$anonfun$streamMetadata$1(StreamExecution.scala:139)
[2026-06-08T13:28:52.263+0000] {subprocess.py:93} INFO - 	at scala.Option.getOrElse(Option.scala:189)
[2026-06-08T13:28:52.271+0000] {subprocess.py:93} INFO - 	at org.apache.spark.sql.execution.streaming.StreamExecution.<init>(StreamExecution.scala:137)
[2026-06-08T13:28:52.274+0000] {subprocess.py:93} INFO - 	at org.apache.spark.sql.execution.streaming.MicroBatchExecution.<init>(MicroBatchExecution.scala:49)
[2026-06-08T13:28:52.279+0000] {subprocess.py:93} INFO - 	at org.apache.spark.sql.streaming.StreamingQueryManager.createQuery(StreamingQueryManager.scala:295)
[2026-06-08T13:28:52.282+0000] {subprocess.py:93} INFO - 	at org.apache.spark.sql.streaming.StreamingQueryManager.startQuery(StreamingQueryManager.scala:346)
[2026-06-08T13:28:52.284+0000] {subprocess.py:93} INFO - 	at org.apache.spark.sql.streaming.DataStreamWriter.startQuery(DataStreamWriter.scala:433)
[2026-06-08T13:28:52.287+0000] {subprocess.py:93} INFO - 	at org.apache.spark.sql.streaming.DataStreamWriter.startInternal(DataStreamWriter.scala:410)
[2026-06-08T13:28:52.294+0000] {subprocess.py:93} INFO - 	at org.apache.spark.sql.streaming.DataStreamWriter.start(DataStreamWriter.scala:251)
[2026-06-08T13:28:52.296+0000] {subprocess.py:93} INFO - 	at java.base/jdk.internal.reflect.NativeMethodAccessorImpl.invoke0(Native Method)
[2026-06-08T13:28:52.297+0000] {subprocess.py:93} INFO - 	at java.base/jdk.internal.reflect.NativeMethodAccessorImpl.invoke(Unknown Source)
[2026-06-08T13:28:52.298+0000] {subprocess.py:93} INFO - 	at java.base/jdk.internal.reflect.DelegatingMethodAccessorImpl.invoke(Unknown Source)
[2026-06-08T13:28:52.304+0000] {subprocess.py:93} INFO - 	at java.base/java.lang.reflect.Method.invoke(Unknown Source)
[2026-06-08T13:28:52.308+0000] {subprocess.py:93} INFO - 	at py4j.reflection.MethodInvoker.invoke(MethodInvoker.java:244)
[2026-06-08T13:28:52.309+0000] {subprocess.py:93} INFO - 	at py4j.reflection.ReflectionEngine.invoke(ReflectionEngine.java:374)
[2026-06-08T13:28:52.316+0000] {subprocess.py:93} INFO - 	at py4j.Gateway.invoke(Gateway.java:282)
[2026-06-08T13:28:52.317+0000] {subprocess.py:93} INFO - 	at py4j.commands.AbstractCommand.invokeMethod(AbstractCommand.java:132)
[2026-06-08T13:28:52.319+0000] {subprocess.py:93} INFO - 	at py4j.commands.CallCommand.execute(CallCommand.java:79)
[2026-06-08T13:28:52.328+0000] {subprocess.py:93} INFO - 	at py4j.ClientServerConnection.waitForCommands(ClientServerConnection.java:182)
[2026-06-08T13:28:52.330+0000] {subprocess.py:93} INFO - 	at py4j.ClientServerConnection.run(ClientServerConnection.java:106)
[2026-06-08T13:28:52.330+0000] {subprocess.py:93} INFO - 	at java.base/java.lang.Thread.run(Unknown Source)
[2026-06-08T13:28:52.344+0000] {subprocess.py:93} INFO - Caused by: org.apache.hadoop.fs.FileAlreadyExistsException: Rename destination file:/opt/checkpoints/bronze/orders/metadata already exists.
[2026-06-08T13:28:52.365+0000] {subprocess.py:93} INFO - 	at org.apache.hadoop.fs.AbstractFileSystem.renameInternal(AbstractFileSystem.java:770)
[2026-06-08T13:28:52.369+0000] {subprocess.py:93} INFO - 	at org.apache.hadoop.fs.AbstractFileSystem.rename(AbstractFileSystem.java:720)
[2026-06-08T13:28:52.378+0000] {subprocess.py:93} INFO - 	at org.apache.hadoop.fs.ChecksumFs.renameInternal(ChecksumFs.java:489)
[2026-06-08T13:28:52.381+0000] {subprocess.py:93} INFO - 	at org.apache.hadoop.fs.AbstractFileSystem.rename(AbstractFileSystem.java:720)
[2026-06-08T13:28:52.382+0000] {subprocess.py:93} INFO - 	at org.apache.hadoop.fs.FileContext.rename(FileContext.java:1036)
[2026-06-08T13:28:52.384+0000] {subprocess.py:93} INFO - 	at org.apache.spark.sql.execution.streaming.FileContextBasedCheckpointFileManager.renameTempFile(CheckpointFileManager.scala:372)
[2026-06-08T13:28:52.392+0000] {subprocess.py:93} INFO - 	at org.apache.spark.sql.execution.streaming.CheckpointFileManager$RenameBasedFSDataOutputStream.close(CheckpointFileManager.scala:154)
[2026-06-08T13:28:52.405+0000] {subprocess.py:93} INFO - 	at java.base/sun.nio.cs.StreamEncoder.implClose(Unknown Source)
[2026-06-08T13:28:52.412+0000] {subprocess.py:93} INFO - 	at java.base/sun.nio.cs.StreamEncoder.close(Unknown Source)
[2026-06-08T13:28:52.421+0000] {subprocess.py:93} INFO - 	at java.base/java.io.OutputStreamWriter.close(Unknown Source)
[2026-06-08T13:28:52.429+0000] {subprocess.py:93} INFO - 	at com.fasterxml.jackson.core.json.WriterBasedJsonGenerator.close(WriterBasedJsonGenerator.java:1028)
[2026-06-08T13:28:52.436+0000] {subprocess.py:93} INFO - 	at com.fasterxml.jackson.databind.ObjectMapper._writeValueAndClose(ObjectMapper.java:4724)
[2026-06-08T13:28:52.453+0000] {subprocess.py:93} INFO - 	at com.fasterxml.jackson.databind.ObjectMapper.writeValue(ObjectMapper.java:3947)
[2026-06-08T13:28:52.455+0000] {subprocess.py:93} INFO - 	at org.json4s.jackson.JacksonSerialization.write(Serialization.scala:36)
[2026-06-08T13:28:52.484+0000] {subprocess.py:93} INFO - 	at org.apache.spark.sql.execution.streaming.StreamMetadata$.write(StreamMetadata.scala:81)
[2026-06-08T13:28:52.492+0000] {subprocess.py:93} INFO - 	... 21 more
[2026-06-08T13:28:52.497+0000] {subprocess.py:93} INFO - 
[2026-06-08T13:28:53.545+0000] {subprocess.py:93} INFO - 26/06/08 13:28:53 WARN TransportChannelHandler: Exception in connection from /172.18.0.6:44874
[2026-06-08T13:28:53.552+0000] {subprocess.py:93} INFO - java.io.IOException: Connection reset by peer
[2026-06-08T13:28:53.554+0000] {subprocess.py:93} INFO - 	at java.base/sun.nio.ch.FileDispatcherImpl.read0(Native Method)
[2026-06-08T13:28:53.569+0000] {subprocess.py:93} INFO - 	at java.base/sun.nio.ch.SocketDispatcher.read(Unknown Source)
[2026-06-08T13:28:53.583+0000] {subprocess.py:93} INFO - 	at java.base/sun.nio.ch.IOUtil.readIntoNativeBuffer(Unknown Source)
[2026-06-08T13:28:53.594+0000] {subprocess.py:93} INFO - 	at java.base/sun.nio.ch.IOUtil.read(Unknown Source)
[2026-06-08T13:28:53.601+0000] {subprocess.py:93} INFO - 	at java.base/sun.nio.ch.IOUtil.read(Unknown Source)
[2026-06-08T13:28:53.624+0000] {subprocess.py:93} INFO - 	at java.base/sun.nio.ch.SocketChannelImpl.read(Unknown Source)
[2026-06-08T13:28:53.627+0000] {subprocess.py:93} INFO - 	at io.netty.buffer.PooledByteBuf.setBytes(PooledByteBuf.java:254)
[2026-06-08T13:28:53.633+0000] {subprocess.py:93} INFO - 	at io.netty.buffer.AbstractByteBuf.writeBytes(AbstractByteBuf.java:1132)
[2026-06-08T13:28:53.642+0000] {subprocess.py:93} INFO - 	at io.netty.channel.socket.nio.NioSocketChannel.doReadBytes(NioSocketChannel.java:357)
[2026-06-08T13:28:53.652+0000] {subprocess.py:93} INFO - 	at io.netty.channel.nio.AbstractNioByteChannel$NioByteUnsafe.read(AbstractNioByteChannel.java:151)
[2026-06-08T13:28:53.664+0000] {subprocess.py:93} INFO - 	at io.netty.channel.nio.NioEventLoop.processSelectedKey(NioEventLoop.java:788)
[2026-06-08T13:28:53.666+0000] {subprocess.py:93} INFO - 	at io.netty.channel.nio.NioEventLoop.processSelectedKeysOptimized(NioEventLoop.java:724)
[2026-06-08T13:28:53.667+0000] {subprocess.py:93} INFO - 	at io.netty.channel.nio.NioEventLoop.processSelectedKeys(NioEventLoop.java:650)
[2026-06-08T13:28:53.672+0000] {subprocess.py:93} INFO - 	at io.netty.channel.nio.NioEventLoop.run(NioEventLoop.java:562)
[2026-06-08T13:28:53.674+0000] {subprocess.py:93} INFO - 	at io.netty.util.concurrent.SingleThreadEventExecutor$4.run(SingleThreadEventExecutor.java:997)
[2026-06-08T13:28:53.686+0000] {subprocess.py:93} INFO - 	at io.netty.util.internal.ThreadExecutorMap$2.run(ThreadExecutorMap.java:74)
[2026-06-08T13:28:53.690+0000] {subprocess.py:93} INFO - 	at io.netty.util.concurrent.FastThreadLocalRunnable.run(FastThreadLocalRunnable.java:30)
[2026-06-08T13:28:53.696+0000] {subprocess.py:93} INFO - 	at java.base/java.lang.Thread.run(Unknown Source)
[2026-06-08T13:28:55.156+0000] {subprocess.py:97} INFO - Command exited with return code 1
[2026-06-08T13:28:55.164+0000] {taskinstance.py:441} INFO - ::group::Post task execution logs
[2026-06-08T13:28:55.286+0000] {taskinstance.py:2890} ERROR - Task failed with exception
Traceback (most recent call last):
  File "/home/airflow/.local/lib/python3.12/site-packages/airflow/models/taskinstance.py", line 465, in _execute_task
    result = _execute_callable(context=context, **execute_callable_kwargs)
             ^^^^^^^^^^^^^^^^^^^^^^^^^^^^^^^^^^^^^^^^^^^^^^^^^^^^^^^^^^^^^
  File "/home/airflow/.local/lib/python3.12/site-packages/airflow/models/taskinstance.py", line 432, in _execute_callable
    return execute_callable(context=context, **execute_callable_kwargs)
           ^^^^^^^^^^^^^^^^^^^^^^^^^^^^^^^^^^^^^^^^^^^^^^^^^^^^^^^^^^^^
  File "/home/airflow/.local/lib/python3.12/site-packages/airflow/models/baseoperator.py", line 400, in wrapper
    return func(self, *args, **kwargs)
           ^^^^^^^^^^^^^^^^^^^^^^^^^^^
  File "/home/airflow/.local/lib/python3.12/site-packages/airflow/operators/bash.py", line 243, in execute
    raise AirflowException(
airflow.exceptions.AirflowException: Bash command failed. The command returned a non-zero exit code 1.
[2026-06-08T13:28:55.359+0000] {taskinstance.py:1205} INFO - Marking task as UP_FOR_RETRY. dag_id=e-commerce_kafka_streaming_pipeline_v10, task_id=run_bronze, execution_date=20260608T132746, start_date=20260608T132755, end_date=20260608T132855
[2026-06-08T13:28:55.457+0000] {standard_task_runner.py:110} ERROR - Failed to execute job 41 for task run_bronze (Bash command failed. The command returned a non-zero exit code 1.; 251)
[2026-06-08T13:28:55.504+0000] {local_task_job_runner.py:240} INFO - Task exited with return code 1
[2026-06-08T13:28:55.737+0000] {taskinstance.py:3482} INFO - 0 downstream tasks scheduled from follow-on schedule check
[2026-06-08T13:28:55.744+0000] {local_task_job_runner.py:222} INFO - ::endgroup::
