[2026-06-10T13:22:46.246+0000] {local_task_job_runner.py:120} INFO - ::group::Pre task execution logs
[2026-06-10T13:22:46.303+0000] {taskinstance.py:2073} INFO - Dependencies all met for dep_context=non-requeueable deps ti=<TaskInstance: e-commerce_kafka_streaming_pipeline_v10.run_bronze scheduled__2026-06-10T12:00:00+00:00 [queued]>
[2026-06-10T13:22:46.319+0000] {taskinstance.py:2073} INFO - Dependencies all met for dep_context=requeueable deps ti=<TaskInstance: e-commerce_kafka_streaming_pipeline_v10.run_bronze scheduled__2026-06-10T12:00:00+00:00 [queued]>
[2026-06-10T13:22:46.323+0000] {taskinstance.py:2303} INFO - Starting attempt 1 of 2
[2026-06-10T13:22:46.348+0000] {taskinstance.py:2327} INFO - Executing <Task(BashOperator): run_bronze> on 2026-06-10 12:00:00+00:00
[2026-06-10T13:22:46.364+0000] {standard_task_runner.py:90} INFO - Running: ['***', 'tasks', 'run', 'e-commerce_kafka_streaming_pipeline_v10', 'run_bronze', 'scheduled__2026-06-10T12:00:00+00:00', '--job-id', '154', '--raw', '--subdir', 'DAGS_FOLDER/sdp_pipeline_dag.py', '--cfg-path', '/tmp/tmpplob0qrz']
[2026-06-10T13:22:46.370+0000] {standard_task_runner.py:91} INFO - Job 154: Subtask run_bronze
[2026-06-10T13:22:46.400+0000] {logging_mixin.py:188} WARNING - /home/***/.local/lib/python3.12/site-packages/***/task/task_runner/standard_task_runner.py:61 DeprecationWarning: This process (pid=7647) is multi-threaded, use of fork() may lead to deadlocks in the child.
[2026-06-10T13:22:46.402+0000] {standard_task_runner.py:63} INFO - Started process 7648 to run task
[2026-06-10T13:22:46.480+0000] {task_command.py:426} INFO - Running <TaskInstance: e-commerce_kafka_streaming_pipeline_v10.run_bronze scheduled__2026-06-10T12:00:00+00:00 [running]> on host 19d9c0c71dcc
[2026-06-10T13:22:46.636+0000] {taskinstance.py:2644} INFO - Exporting env vars: AIRFLOW_CTX_DAG_OWNER='dev' AIRFLOW_CTX_DAG_ID='e-commerce_kafka_streaming_pipeline_v10' AIRFLOW_CTX_TASK_ID='run_bronze' AIRFLOW_CTX_EXECUTION_DATE='2026-06-10T12:00:00+00:00' AIRFLOW_CTX_TRY_NUMBER='1' AIRFLOW_CTX_DAG_RUN_ID='scheduled__2026-06-10T12:00:00+00:00'
[2026-06-10T13:22:46.638+0000] {taskinstance.py:430} INFO - ::endgroup::
[2026-06-10T13:22:46.666+0000] {subprocess.py:63} INFO - Tmp dir root location: /tmp
[2026-06-10T13:22:46.668+0000] {subprocess.py:75} INFO - Running command: ['/usr/bin/bash', '-c', 'timeout 120s docker run --rm --network streaming_kafka_project_sdp-net --volume /d/Streaming_kafka_project/pipelines:/opt/pipelines --volume /d/Streaming_kafka_project/data:/opt/data --volume /d/Streaming_kafka_project/checkpoints:/opt/checkpoints --volume /d/Streaming_kafka_project/jars:/opt/jars apache/spark:3.5.1 /opt/spark/bin/spark-submit --master spark://sdp-spark-master:7077 --executor-cores 1 --executor-memory 512m --total-executor-cores 3 --jars /opt/jars/delta-spark_2.12-3.2.0.jar,/opt/jars/delta-storage-3.2.0.jar,/opt/jars/spark-sql-kafka-0-10_2.12-3.5.1.jar,/opt/jars/kafka-clients-3.4.1.jar,/opt/jars/spark-token-provider-kafka-0-10_2.12-3.5.1.jar,/opt/jars/commons-pool2-2.11.1.jar --conf spark.sql.extensions=io.delta.sql.DeltaSparkSessionExtension --conf spark.sql.catalog.spark_catalog=org.apache.spark.sql.delta.catalog.DeltaCatalog  /opt/pipelines/bronze_runner.py']
[2026-06-10T13:22:46.683+0000] {subprocess.py:86} INFO - Output:
[2026-06-10T13:22:52.117+0000] {subprocess.py:93} INFO - 26/06/10 13:22:52 WARN NativeCodeLoader: Unable to load native-hadoop library for your platform... using builtin-java classes where applicable
[2026-06-10T13:22:54.328+0000] {subprocess.py:93} INFO - 26/06/10 13:22:54 INFO SparkContext: Running Spark version 3.5.1
[2026-06-10T13:22:54.329+0000] {subprocess.py:93} INFO - 26/06/10 13:22:54 INFO SparkContext: OS info Linux, 6.6.114.1-microsoft-standard-WSL2, amd64
[2026-06-10T13:22:54.332+0000] {subprocess.py:93} INFO - 26/06/10 13:22:54 INFO SparkContext: Java version 11.0.22
[2026-06-10T13:22:54.468+0000] {subprocess.py:93} INFO - 26/06/10 13:22:54 INFO ResourceUtils: ==============================================================
[2026-06-10T13:22:54.470+0000] {subprocess.py:93} INFO - 26/06/10 13:22:54 INFO ResourceUtils: No custom resources configured for spark.driver.
[2026-06-10T13:22:54.471+0000] {subprocess.py:93} INFO - 26/06/10 13:22:54 INFO ResourceUtils: ==============================================================
[2026-06-10T13:22:54.483+0000] {subprocess.py:93} INFO - 26/06/10 13:22:54 INFO SparkContext: Submitted application: SDP-Bronze
[2026-06-10T13:22:54.652+0000] {subprocess.py:93} INFO - 26/06/10 13:22:54 INFO ResourceProfile: Default ResourceProfile created, executor resources: Map(cores -> name: cores, amount: 1, script: , vendor: , memory -> name: memory, amount: 512, script: , vendor: , offHeap -> name: offHeap, amount: 0, script: , vendor: ), task resources: Map(cpus -> name: cpus, amount: 1.0)
[2026-06-10T13:22:54.738+0000] {subprocess.py:93} INFO - 26/06/10 13:22:54 INFO ResourceProfile: Limiting resource is cpus at 1 tasks per executor
[2026-06-10T13:22:54.776+0000] {subprocess.py:93} INFO - 26/06/10 13:22:54 INFO ResourceProfileManager: Added ResourceProfile id: 0
[2026-06-10T13:22:55.185+0000] {subprocess.py:93} INFO - 26/06/10 13:22:55 INFO SecurityManager: Changing view acls to: spark
[2026-06-10T13:22:55.198+0000] {subprocess.py:93} INFO - 26/06/10 13:22:55 INFO SecurityManager: Changing modify acls to: spark
[2026-06-10T13:22:55.215+0000] {subprocess.py:93} INFO - 26/06/10 13:22:55 INFO SecurityManager: Changing view acls groups to:
[2026-06-10T13:22:55.221+0000] {subprocess.py:93} INFO - 26/06/10 13:22:55 INFO SecurityManager: Changing modify acls groups to:
[2026-06-10T13:22:55.223+0000] {subprocess.py:93} INFO - 26/06/10 13:22:55 INFO SecurityManager: SecurityManager: authentication disabled; ui acls disabled; users with view permissions: spark; groups with view permissions: EMPTY; users with modify permissions: spark; groups with modify permissions: EMPTY
[2026-06-10T13:22:56.058+0000] {subprocess.py:93} INFO - 26/06/10 13:22:56 INFO Utils: Successfully started service 'sparkDriver' on port 36173.
[2026-06-10T13:22:56.126+0000] {subprocess.py:93} INFO - 26/06/10 13:22:56 INFO SparkEnv: Registering MapOutputTracker
[2026-06-10T13:22:56.208+0000] {subprocess.py:93} INFO - 26/06/10 13:22:56 INFO SparkEnv: Registering BlockManagerMaster
[2026-06-10T13:22:56.324+0000] {subprocess.py:93} INFO - 26/06/10 13:22:56 INFO BlockManagerMasterEndpoint: Using org.apache.spark.storage.DefaultTopologyMapper for getting topology information
[2026-06-10T13:22:56.330+0000] {subprocess.py:93} INFO - 26/06/10 13:22:56 INFO BlockManagerMasterEndpoint: BlockManagerMasterEndpoint up
[2026-06-10T13:22:56.338+0000] {subprocess.py:93} INFO - 26/06/10 13:22:56 INFO SparkEnv: Registering BlockManagerMasterHeartbeat
[2026-06-10T13:22:56.409+0000] {subprocess.py:93} INFO - 26/06/10 13:22:56 INFO DiskBlockManager: Created local directory at /tmp/blockmgr-8a64090f-c652-42ef-8d8f-a93d0ebaf930
[2026-06-10T13:22:56.457+0000] {subprocess.py:93} INFO - 26/06/10 13:22:56 INFO MemoryStore: MemoryStore started with capacity 434.4 MiB
[2026-06-10T13:22:56.517+0000] {subprocess.py:93} INFO - 26/06/10 13:22:56 INFO SparkEnv: Registering OutputCommitCoordinator
[2026-06-10T13:22:57.031+0000] {subprocess.py:93} INFO - 26/06/10 13:22:57 INFO JettyUtils: Start Jetty 0.0.0.0:4040 for SparkUI
[2026-06-10T13:22:57.220+0000] {subprocess.py:93} INFO - 26/06/10 13:22:57 INFO Utils: Successfully started service 'SparkUI' on port 4040.
[2026-06-10T13:22:57.326+0000] {subprocess.py:93} INFO - 26/06/10 13:22:57 INFO SparkContext: Added JAR file:///opt/jars/delta-spark_2.12-3.2.0.jar at spark://d8dab46c0663:36173/jars/delta-spark_2.12-3.2.0.jar with timestamp 1781097774284
[2026-06-10T13:22:57.334+0000] {subprocess.py:93} INFO - 26/06/10 13:22:57 INFO SparkContext: Added JAR file:///opt/jars/delta-storage-3.2.0.jar at spark://d8dab46c0663:36173/jars/delta-storage-3.2.0.jar with timestamp 1781097774284
[2026-06-10T13:22:57.335+0000] {subprocess.py:93} INFO - 26/06/10 13:22:57 INFO SparkContext: Added JAR file:///opt/jars/spark-sql-kafka-0-10_2.12-3.5.1.jar at spark://d8dab46c0663:36173/jars/spark-sql-kafka-0-10_2.12-3.5.1.jar with timestamp 1781097774284
[2026-06-10T13:22:57.337+0000] {subprocess.py:93} INFO - 26/06/10 13:22:57 INFO SparkContext: Added JAR file:///opt/jars/kafka-clients-3.4.1.jar at spark://d8dab46c0663:36173/jars/kafka-clients-3.4.1.jar with timestamp 1781097774284
[2026-06-10T13:22:57.340+0000] {subprocess.py:93} INFO - 26/06/10 13:22:57 INFO SparkContext: Added JAR file:///opt/jars/spark-token-provider-kafka-0-10_2.12-3.5.1.jar at spark://d8dab46c0663:36173/jars/spark-token-provider-kafka-0-10_2.12-3.5.1.jar with timestamp 1781097774284
[2026-06-10T13:22:57.343+0000] {subprocess.py:93} INFO - 26/06/10 13:22:57 INFO SparkContext: Added JAR file:///opt/jars/commons-pool2-2.11.1.jar at spark://d8dab46c0663:36173/jars/commons-pool2-2.11.1.jar with timestamp 1781097774284
[2026-06-10T13:22:57.587+0000] {subprocess.py:93} INFO - 26/06/10 13:22:57 INFO StandaloneAppClient$ClientEndpoint: Connecting to master spark://sdp-spark-master:7077...
[2026-06-10T13:22:57.694+0000] {subprocess.py:93} INFO - 26/06/10 13:22:57 INFO TransportClientFactory: Successfully created connection to sdp-spark-master/172.18.0.4:7077 after 61 ms (0 ms spent in bootstraps)
[2026-06-10T13:22:57.878+0000] {subprocess.py:93} INFO - 26/06/10 13:22:57 INFO StandaloneSchedulerBackend: Connected to Spark cluster with app ID app-20260610132257-0076
[2026-06-10T13:22:57.881+0000] {subprocess.py:93} INFO - 26/06/10 13:22:57 INFO StandaloneAppClient$ClientEndpoint: Executor added: app-20260610132257-0076/0 on worker-20260608131402-172.18.0.6-44005 (172.18.0.6:44005) with 1 core(s)
[2026-06-10T13:22:57.905+0000] {subprocess.py:93} INFO - 26/06/10 13:22:57 INFO StandaloneSchedulerBackend: Granted executor ID app-20260610132257-0076/0 on hostPort 172.18.0.6:44005 with 1 core(s), 512.0 MiB RAM
[2026-06-10T13:22:57.917+0000] {subprocess.py:93} INFO - 26/06/10 13:22:57 INFO StandaloneAppClient$ClientEndpoint: Executor added: app-20260610132257-0076/1 on worker-20260608131402-172.18.0.6-44005 (172.18.0.6:44005) with 1 core(s)
[2026-06-10T13:22:57.920+0000] {subprocess.py:93} INFO - 26/06/10 13:22:57 INFO StandaloneSchedulerBackend: Granted executor ID app-20260610132257-0076/1 on hostPort 172.18.0.6:44005 with 1 core(s), 512.0 MiB RAM
[2026-06-10T13:22:57.925+0000] {subprocess.py:93} INFO - 26/06/10 13:22:57 INFO StandaloneAppClient$ClientEndpoint: Executor added: app-20260610132257-0076/2 on worker-20260608131402-172.18.0.5-38399 (172.18.0.5:38399) with 1 core(s)
[2026-06-10T13:22:57.926+0000] {subprocess.py:93} INFO - 26/06/10 13:22:57 INFO StandaloneSchedulerBackend: Granted executor ID app-20260610132257-0076/2 on hostPort 172.18.0.5:38399 with 1 core(s), 512.0 MiB RAM
[2026-06-10T13:22:57.936+0000] {subprocess.py:93} INFO - 26/06/10 13:22:57 INFO Utils: Successfully started service 'org.apache.spark.network.netty.NettyBlockTransferService' on port 35183.
[2026-06-10T13:22:57.938+0000] {subprocess.py:93} INFO - 26/06/10 13:22:57 INFO NettyBlockTransferService: Server created on d8dab46c0663:35183
[2026-06-10T13:22:57.961+0000] {subprocess.py:93} INFO - 26/06/10 13:22:57 INFO BlockManager: Using org.apache.spark.storage.RandomBlockReplicationPolicy for block replication policy
[2026-06-10T13:22:58.004+0000] {subprocess.py:93} INFO - 26/06/10 13:22:57 INFO BlockManagerMaster: Registering BlockManager BlockManagerId(driver, d8dab46c0663, 35183, None)
[2026-06-10T13:22:58.027+0000] {subprocess.py:93} INFO - 26/06/10 13:22:58 INFO BlockManagerMasterEndpoint: Registering block manager d8dab46c0663:35183 with 434.4 MiB RAM, BlockManagerId(driver, d8dab46c0663, 35183, None)
[2026-06-10T13:22:58.044+0000] {subprocess.py:93} INFO - 26/06/10 13:22:58 INFO BlockManagerMaster: Registered BlockManager BlockManagerId(driver, d8dab46c0663, 35183, None)
[2026-06-10T13:22:58.061+0000] {subprocess.py:93} INFO - 26/06/10 13:22:58 INFO BlockManager: Initialized BlockManager: BlockManagerId(driver, d8dab46c0663, 35183, None)
[2026-06-10T13:22:58.098+0000] {subprocess.py:93} INFO - 26/06/10 13:22:58 INFO StandaloneAppClient$ClientEndpoint: Executor updated: app-20260610132257-0076/2 is now RUNNING
[2026-06-10T13:22:58.115+0000] {subprocess.py:93} INFO - 26/06/10 13:22:58 INFO StandaloneAppClient$ClientEndpoint: Executor updated: app-20260610132257-0076/0 is now RUNNING
[2026-06-10T13:22:58.137+0000] {subprocess.py:93} INFO - 26/06/10 13:22:58 INFO StandaloneAppClient$ClientEndpoint: Executor updated: app-20260610132257-0076/1 is now RUNNING
[2026-06-10T13:22:59.741+0000] {subprocess.py:93} INFO - 26/06/10 13:22:59 INFO StandaloneSchedulerBackend: SchedulerBackend is ready for scheduling beginning after reached minRegisteredResourcesRatio: 0.0
[2026-06-10T13:23:01.404+0000] {subprocess.py:93} INFO - Starting stream: orders -> /opt/data/bronze/orders
[2026-06-10T13:23:40.187+0000] {subprocess.py:93} INFO - 26/06/10 13:23:40 WARN ResolveWriteToStream: spark.sql.adaptive.enabled is not supported in streaming DataFrames/Datasets and will be disabled.
[2026-06-10T13:23:40.434+0000] {subprocess.py:93} INFO - Starting stream: customers -> /opt/data/bronze/customers
[2026-06-10T13:23:43.067+0000] {subprocess.py:93} INFO - 26/06/10 13:23:43 WARN ResolveWriteToStream: spark.sql.adaptive.enabled is not supported in streaming DataFrames/Datasets and will be disabled.
[2026-06-10T13:23:43.190+0000] {subprocess.py:93} INFO - Starting stream: products -> /opt/data/bronze/products
[2026-06-10T13:23:43.738+0000] {subprocess.py:93} INFO - 26/06/10 13:23:43 WARN AdminClientConfig: These configurations '[key.deserializer, value.deserializer, enable.auto.commit, max.poll.records, auto.offset.reset]' were supplied but are not used yet.
[2026-06-10T13:23:46.165+0000] {subprocess.py:93} INFO - 26/06/10 13:23:46 WARN ResolveWriteToStream: spark.sql.adaptive.enabled is not supported in streaming DataFrames/Datasets and will be disabled.
[2026-06-10T13:23:46.502+0000] {subprocess.py:93} INFO - 26/06/10 13:23:46 WARN AdminClientConfig: These configurations '[key.deserializer, value.deserializer, enable.auto.commit, max.poll.records, auto.offset.reset]' were supplied but are not used yet.
[2026-06-10T13:23:48.586+0000] {subprocess.py:93} INFO - 26/06/10 13:23:48 WARN AdminClientConfig: These configurations '[key.deserializer, value.deserializer, enable.auto.commit, max.poll.records, auto.offset.reset]' were supplied but are not used yet.
[2026-06-10T13:23:50.442+0000] {subprocess.py:93} INFO - 26/06/10 13:23:50 WARN SparkStringUtils: Truncated the string representation of a plan since it was too large. This behavior can be adjusted by setting 'spark.sql.debug.maxToStringFields'.
[2026-06-10T13:24:47.079+0000] {subprocess.py:93} INFO - 26/06/10 13:24:47 ERROR DeltaFileFormatWriter: Aborting job 3096c786-c897-43fc-91d7-1d6d502788c2.
[2026-06-10T13:24:47.082+0000] {subprocess.py:93} INFO - org.apache.spark.SparkException: Job 6 cancelled because SparkContext was shut down
[2026-06-10T13:24:47.090+0000] {subprocess.py:93} INFO - 	at org.apache.spark.scheduler.DAGScheduler.$anonfun$cleanUpAfterSchedulerStop$1(DAGScheduler.scala:1253)
[2026-06-10T13:24:47.095+0000] {subprocess.py:93} INFO - 	at org.apache.spark.scheduler.DAGScheduler.$anonfun$cleanUpAfterSchedulerStop$1$adapted(DAGScheduler.scala:1251)
[2026-06-10T13:24:47.102+0000] {subprocess.py:93} INFO - 	at scala.collection.mutable.HashSet.foreach(HashSet.scala:79)
[2026-06-10T13:24:47.110+0000] {subprocess.py:93} INFO - 	at org.apache.spark.scheduler.DAGScheduler.cleanUpAfterSchedulerStop(DAGScheduler.scala:1251)
[2026-06-10T13:24:47.126+0000] {subprocess.py:93} INFO - 	at org.apache.spark.scheduler.DAGSchedulerEventProcessLoop.onStop(DAGScheduler.scala:3087)
[2026-06-10T13:24:47.127+0000] {subprocess.py:93} INFO - 	at org.apache.spark.util.EventLoop.stop(EventLoop.scala:84)
[2026-06-10T13:24:47.128+0000] {subprocess.py:93} INFO - 	at org.apache.spark.scheduler.DAGScheduler.$anonfun$stop$3(DAGScheduler.scala:2973)
[2026-06-10T13:24:47.129+0000] {subprocess.py:93} INFO - 	at org.apache.spark.util.Utils$.tryLogNonFatalError(Utils.scala:1375)
[2026-06-10T13:24:47.130+0000] {subprocess.py:93} INFO - 	at org.apache.spark.scheduler.DAGScheduler.stop(DAGScheduler.scala:2973)
[2026-06-10T13:24:47.131+0000] {subprocess.py:93} INFO - 	at org.apache.spark.SparkContext.$anonfun$stop$12(SparkContext.scala:2263)
[2026-06-10T13:24:47.132+0000] {subprocess.py:93} INFO - 	at org.apache.spark.util.Utils$.tryLogNonFatalError(Utils.scala:1375)
[2026-06-10T13:24:47.133+0000] {subprocess.py:93} INFO - 	at org.apache.spark.SparkContext.stop(SparkContext.scala:2263)
[2026-06-10T13:24:47.134+0000] {subprocess.py:93} INFO - 	at org.apache.spark.SparkContext.stop(SparkContext.scala:2216)
[2026-06-10T13:24:47.134+0000] {subprocess.py:93} INFO - 	at org.apache.spark.SparkContext.$anonfun$new$34(SparkContext.scala:686)
[2026-06-10T13:24:47.138+0000] {subprocess.py:93} INFO - 	at org.apache.spark.util.SparkShutdownHook.run(ShutdownHookManager.scala:214)
[2026-06-10T13:24:47.139+0000] {subprocess.py:93} INFO - 	at org.apache.spark.util.SparkShutdownHookManager.$anonfun$runAll$2(ShutdownHookManager.scala:188)
[2026-06-10T13:24:47.140+0000] {subprocess.py:93} INFO - 	at scala.runtime.java8.JFunction0$mcV$sp.apply(JFunction0$mcV$sp.java:23)
[2026-06-10T13:24:47.141+0000] {subprocess.py:93} INFO - 	at org.apache.spark.util.Utils$.logUncaughtExceptions(Utils.scala:1928)
[2026-06-10T13:24:47.141+0000] {subprocess.py:93} INFO - 	at org.apache.spark.util.SparkShutdownHookManager.$anonfun$runAll$1(ShutdownHookManager.scala:188)
[2026-06-10T13:24:47.142+0000] {subprocess.py:93} INFO - 	at scala.runtime.java8.JFunction0$mcV$sp.apply(JFunction0$mcV$sp.java:23)
[2026-06-10T13:24:47.143+0000] {subprocess.py:93} INFO - 	at scala.util.Try$.apply(Try.scala:213)
[2026-06-10T13:24:47.144+0000] {subprocess.py:93} INFO - 	at org.apache.spark.util.SparkShutdownHookManager.runAll(ShutdownHookManager.scala:188)
[2026-06-10T13:24:47.150+0000] {subprocess.py:93} INFO - 	at org.apache.spark.util.SparkShutdownHookManager$$anon$2.run(ShutdownHookManager.scala:178)
[2026-06-10T13:24:47.151+0000] {subprocess.py:93} INFO - 	at java.base/java.util.concurrent.Executors$RunnableAdapter.call(Unknown Source)
[2026-06-10T13:24:47.152+0000] {subprocess.py:93} INFO - 	at java.base/java.util.concurrent.FutureTask.run(Unknown Source)
[2026-06-10T13:24:47.153+0000] {subprocess.py:93} INFO - 	at java.base/java.util.concurrent.ThreadPoolExecutor.runWorker(Unknown Source)
[2026-06-10T13:24:47.158+0000] {subprocess.py:93} INFO - 	at java.base/java.util.concurrent.ThreadPoolExecutor$Worker.run(Unknown Source)
[2026-06-10T13:24:47.159+0000] {subprocess.py:93} INFO - 	at java.base/java.lang.Thread.run(Unknown Source)
[2026-06-10T13:24:47.160+0000] {subprocess.py:93} INFO - 	at org.apache.spark.scheduler.DAGScheduler.runJob(DAGScheduler.scala:989)
[2026-06-10T13:24:47.160+0000] {subprocess.py:93} INFO - 	at org.apache.spark.SparkContext.runJob(SparkContext.scala:2398)
[2026-06-10T13:24:47.161+0000] {subprocess.py:93} INFO - 	at org.apache.spark.sql.delta.files.DeltaFileFormatWriter$.$anonfun$executeWrite$1(DeltaFileFormatWriter.scala:263)
[2026-06-10T13:24:47.162+0000] {subprocess.py:93} INFO - 	at org.apache.spark.sql.delta.files.DeltaFileFormatWriter$.writeAndCommit(DeltaFileFormatWriter.scala:295)
[2026-06-10T13:24:47.163+0000] {subprocess.py:93} INFO - 	at org.apache.spark.sql.delta.files.DeltaFileFormatWriter$.executeWrite(DeltaFileFormatWriter.scala:234)
[2026-06-10T13:24:47.163+0000] {subprocess.py:93} INFO - 	at org.apache.spark.sql.delta.files.DeltaFileFormatWriter$.write(DeltaFileFormatWriter.scala:214)
[2026-06-10T13:24:47.164+0000] {subprocess.py:93} INFO - 	at org.apache.spark.sql.delta.files.TransactionalWrite.$anonfun$writeFiles$1(TransactionalWrite.scala:440)
[2026-06-10T13:24:47.165+0000] {subprocess.py:93} INFO - 	at org.apache.spark.sql.execution.SQLExecution$.$anonfun$withNewExecutionId$6(SQLExecution.scala:125)
[2026-06-10T13:24:47.166+0000] {subprocess.py:93} INFO - 	at org.apache.spark.sql.execution.SQLExecution$.withSQLConfPropagated(SQLExecution.scala:201)
[2026-06-10T13:24:47.167+0000] {subprocess.py:93} INFO - 	at org.apache.spark.sql.execution.SQLExecution$.$anonfun$withNewExecutionId$1(SQLExecution.scala:108)
[2026-06-10T13:24:47.168+0000] {subprocess.py:93} INFO - 	at org.apache.spark.sql.SparkSession.withActive(SparkSession.scala:900)
[2026-06-10T13:24:47.169+0000] {subprocess.py:93} INFO - 	at org.apache.spark.sql.execution.SQLExecution$.withNewExecutionId(SQLExecution.scala:66)
[2026-06-10T13:24:47.170+0000] {subprocess.py:93} INFO - 	at org.apache.spark.sql.delta.files.TransactionalWrite.writeFiles(TransactionalWrite.scala:398)
[2026-06-10T13:24:47.174+0000] {subprocess.py:93} INFO - 	at org.apache.spark.sql.delta.files.TransactionalWrite.writeFiles$(TransactionalWrite.scala:371)
[2026-06-10T13:24:47.175+0000] {subprocess.py:93} INFO - 	at org.apache.spark.sql.delta.OptimisticTransaction.writeFiles(OptimisticTransaction.scala:147)
[2026-06-10T13:24:47.177+0000] {subprocess.py:93} INFO - 	at org.apache.spark.sql.delta.files.TransactionalWrite.writeFiles(TransactionalWrite.scala:246)
[2026-06-10T13:24:47.178+0000] {subprocess.py:93} INFO - 	at org.apache.spark.sql.delta.files.TransactionalWrite.writeFiles$(TransactionalWrite.scala:242)
[2026-06-10T13:24:47.180+0000] {subprocess.py:93} INFO - 	at org.apache.spark.sql.delta.OptimisticTransaction.writeFiles(OptimisticTransaction.scala:147)
[2026-06-10T13:24:47.182+0000] {subprocess.py:93} INFO - 	at org.apache.spark.sql.delta.files.TransactionalWrite.writeFiles(TransactionalWrite.scala:235)
[2026-06-10T13:24:47.183+0000] {subprocess.py:93} INFO - 	at org.apache.spark.sql.delta.files.TransactionalWrite.writeFiles$(TransactionalWrite.scala:232)
[2026-06-10T13:24:47.185+0000] {subprocess.py:93} INFO - 	at org.apache.spark.sql.delta.OptimisticTransaction.writeFiles(OptimisticTransaction.scala:147)
[2026-06-10T13:24:47.186+0000] {subprocess.py:93} INFO - 	at org.apache.spark.sql.delta.sources.DeltaSink.$anonfun$addBatchWithStatusImpl$4(DeltaSink.scala:139)
[2026-06-10T13:24:47.190+0000] {subprocess.py:93} INFO - 	at org.apache.spark.util.Utils$.timeTakenMs(Utils.scala:552)
[2026-06-10T13:24:47.191+0000] {subprocess.py:93} INFO - 	at org.apache.spark.sql.delta.sources.DeltaSink.addBatchWithStatusImpl(DeltaSink.scala:139)
[2026-06-10T13:24:47.192+0000] {subprocess.py:93} INFO - 	at org.apache.spark.sql.delta.sources.DeltaSink.addBatch(DeltaSink.scala:97)
[2026-06-10T13:24:47.193+0000] {subprocess.py:93} INFO - 	at org.apache.spark.sql.execution.streaming.MicroBatchExecution.$anonfun$runBatch$17(MicroBatchExecution.scala:732)
[2026-06-10T13:24:47.193+0000] {subprocess.py:93} INFO - 	at org.apache.spark.sql.execution.SQLExecution$.$anonfun$withNewExecutionId$6(SQLExecution.scala:125)
[2026-06-10T13:24:47.194+0000] {subprocess.py:93} INFO - 	at org.apache.spark.sql.execution.SQLExecution$.withSQLConfPropagated(SQLExecution.scala:201)
[2026-06-10T13:24:47.195+0000] {subprocess.py:93} INFO - 	at org.apache.spark.sql.execution.SQLExecution$.$anonfun$withNewExecutionId$1(SQLExecution.scala:108)
[2026-06-10T13:24:47.196+0000] {subprocess.py:93} INFO - 	at org.apache.spark.sql.SparkSession.withActive(SparkSession.scala:900)
[2026-06-10T13:24:47.197+0000] {subprocess.py:93} INFO - 	at org.apache.spark.sql.execution.SQLExecution$.withNewExecutionId(SQLExecution.scala:66)
[2026-06-10T13:24:47.198+0000] {subprocess.py:93} INFO - 	at org.apache.spark.sql.execution.streaming.MicroBatchExecution.$anonfun$runBatch$16(MicroBatchExecution.scala:729)
[2026-06-10T13:24:47.202+0000] {subprocess.py:93} INFO - 	at org.apache.spark.sql.execution.streaming.ProgressReporter.reportTimeTaken(ProgressReporter.scala:427)
[2026-06-10T13:24:47.203+0000] {subprocess.py:93} INFO - 	at org.apache.spark.sql.execution.streaming.ProgressReporter.reportTimeTaken$(ProgressReporter.scala:425)
[2026-06-10T13:24:47.204+0000] {subprocess.py:93} INFO - 	at org.apache.spark.sql.execution.streaming.StreamExecution.reportTimeTaken(StreamExecution.scala:67)
[2026-06-10T13:24:47.205+0000] {subprocess.py:93} INFO - 	at org.apache.spark.sql.execution.streaming.MicroBatchExecution.runBatch(MicroBatchExecution.scala:729)
[2026-06-10T13:24:47.206+0000] {subprocess.py:93} INFO - 	at org.apache.spark.sql.execution.streaming.MicroBatchExecution.$anonfun$runActivatedStream$2(MicroBatchExecution.scala:286)
[2026-06-10T13:24:47.207+0000] {subprocess.py:93} INFO - 	at scala.runtime.java8.JFunction0$mcV$sp.apply(JFunction0$mcV$sp.java:23)
[2026-06-10T13:24:47.208+0000] {subprocess.py:93} INFO - 	at org.apache.spark.sql.execution.streaming.ProgressReporter.reportTimeTaken(ProgressReporter.scala:427)
[2026-06-10T13:24:47.209+0000] {subprocess.py:93} INFO - 	at org.apache.spark.sql.execution.streaming.ProgressReporter.reportTimeTaken$(ProgressReporter.scala:425)
[2026-06-10T13:24:47.212+0000] {subprocess.py:93} INFO - 	at org.apache.spark.sql.execution.streaming.StreamExecution.reportTimeTaken(StreamExecution.scala:67)
[2026-06-10T13:24:47.213+0000] {subprocess.py:93} INFO - 	at org.apache.spark.sql.execution.streaming.MicroBatchExecution.$anonfun$runActivatedStream$1(MicroBatchExecution.scala:249)
[2026-06-10T13:24:47.214+0000] {subprocess.py:93} INFO - 	at org.apache.spark.sql.execution.streaming.ProcessingTimeExecutor.execute(TriggerExecutor.scala:67)
[2026-06-10T13:24:47.216+0000] {subprocess.py:93} INFO - 	at org.apache.spark.sql.execution.streaming.MicroBatchExecution.runActivatedStream(MicroBatchExecution.scala:239)
[2026-06-10T13:24:47.217+0000] {subprocess.py:93} INFO - 	at org.apache.spark.sql.execution.streaming.StreamExecution.$anonfun$runStream$1(StreamExecution.scala:311)
[2026-06-10T13:24:47.218+0000] {subprocess.py:93} INFO - 	at scala.runtime.java8.JFunction0$mcV$sp.apply(JFunction0$mcV$sp.java:23)
[2026-06-10T13:24:47.219+0000] {subprocess.py:93} INFO - 	at org.apache.spark.sql.SparkSession.withActive(SparkSession.scala:900)
[2026-06-10T13:24:47.222+0000] {subprocess.py:93} INFO - 	at org.apache.spark.sql.execution.streaming.StreamExecution.org$apache$spark$sql$execution$streaming$StreamExecution$$runStream(StreamExecution.scala:289)
[2026-06-10T13:24:47.223+0000] {subprocess.py:93} INFO - 	at org.apache.spark.sql.execution.streaming.StreamExecution$$anon$1.$anonfun$run$1(StreamExecution.scala:211)
[2026-06-10T13:24:47.226+0000] {subprocess.py:93} INFO - 	at scala.runtime.java8.JFunction0$mcV$sp.apply(JFunction0$mcV$sp.java:23)
[2026-06-10T13:24:47.227+0000] {subprocess.py:93} INFO - 	at org.apache.spark.JobArtifactSet$.withActiveJobArtifactState(JobArtifactSet.scala:94)
[2026-06-10T13:24:47.228+0000] {subprocess.py:93} INFO - 	at org.apache.spark.sql.execution.streaming.StreamExecution$$anon$1.run(StreamExecution.scala:211)
[2026-06-10T13:24:48.674+0000] {subprocess.py:97} INFO - Command exited with return code 124
[2026-06-10T13:24:48.687+0000] {taskinstance.py:441} INFO - ::group::Post task execution logs
[2026-06-10T13:24:48.726+0000] {taskinstance.py:2890} ERROR - Task failed with exception
Traceback (most recent call last):
  File "/home/airflow/.local/lib/python3.12/site-packages/airflow/models/taskinstance.py", line 465, in _execute_task
    result = _execute_callable(context=context, **execute_callable_kwargs)
             ^^^^^^^^^^^^^^^^^^^^^^^^^^^^^^^^^^^^^^^^^^^^^^^^^^^^^^^^^^^^^
  File "/home/airflow/.local/lib/python3.12/site-packages/airflow/models/taskinstance.py", line 432, in _execute_callable
    return execute_callable(context=context, **execute_callable_kwargs)
           ^^^^^^^^^^^^^^^^^^^^^^^^^^^^^^^^^^^^^^^^^^^^^^^^^^^^^^^^^^^^
  File "/home/airflow/.local/lib/python3.12/site-packages/airflow/models/baseoperator.py", line 400, in wrapper
    return func(self, *args, **kwargs)
           ^^^^^^^^^^^^^^^^^^^^^^^^^^^
  File "/home/airflow/.local/lib/python3.12/site-packages/airflow/operators/bash.py", line 243, in execute
    raise AirflowException(
airflow.exceptions.AirflowException: Bash command failed. The command returned a non-zero exit code 124.
[2026-06-10T13:24:48.744+0000] {taskinstance.py:1205} INFO - Marking task as UP_FOR_RETRY. dag_id=e-commerce_kafka_streaming_pipeline_v10, task_id=run_bronze, execution_date=20260610T120000, start_date=20260610T132246, end_date=20260610T132448
[2026-06-10T13:24:48.787+0000] {standard_task_runner.py:110} ERROR - Failed to execute job 154 for task run_bronze (Bash command failed. The command returned a non-zero exit code 124.; 7648)
[2026-06-10T13:24:48.838+0000] {local_task_job_runner.py:240} INFO - Task exited with return code 1
[2026-06-10T13:24:48.926+0000] {taskinstance.py:3482} INFO - 0 downstream tasks scheduled from follow-on schedule check
[2026-06-10T13:24:48.931+0000] {local_task_job_runner.py:222} INFO - ::endgroup::
