[2026-06-09T13:09:57.887+0000] {local_task_job_runner.py:120} INFO - ::group::Pre task execution logs
[2026-06-09T13:09:57.965+0000] {taskinstance.py:2073} INFO - Dependencies all met for dep_context=non-requeueable deps ti=<TaskInstance: e-commerce_kafka_streaming_pipeline_v10.run_bronze scheduled__2026-06-09T12:00:00+00:00 [queued]>
[2026-06-09T13:09:57.992+0000] {taskinstance.py:2073} INFO - Dependencies all met for dep_context=requeueable deps ti=<TaskInstance: e-commerce_kafka_streaming_pipeline_v10.run_bronze scheduled__2026-06-09T12:00:00+00:00 [queued]>
[2026-06-09T13:09:57.993+0000] {taskinstance.py:2303} INFO - Starting attempt 1 of 2
[2026-06-09T13:09:58.028+0000] {taskinstance.py:2327} INFO - Executing <Task(BashOperator): run_bronze> on 2026-06-09 12:00:00+00:00
[2026-06-09T13:09:58.041+0000] {standard_task_runner.py:90} INFO - Running: ['***', 'tasks', 'run', 'e-commerce_kafka_streaming_pipeline_v10', 'run_bronze', 'scheduled__2026-06-09T12:00:00+00:00', '--job-id', '101', '--raw', '--subdir', 'DAGS_FOLDER/sdp_pipeline_dag.py', '--cfg-path', '/tmp/tmp2l7phq2f']
[2026-06-09T13:09:58.049+0000] {logging_mixin.py:188} WARNING - /home/***/.local/lib/python3.12/site-packages/***/task/task_runner/standard_task_runner.py:61 DeprecationWarning: This process (pid=4862) is multi-threaded, use of fork() may lead to deadlocks in the child.
[2026-06-09T13:09:58.050+0000] {standard_task_runner.py:91} INFO - Job 101: Subtask run_bronze
[2026-06-09T13:09:58.051+0000] {standard_task_runner.py:63} INFO - Started process 4863 to run task
[2026-06-09T13:09:58.203+0000] {task_command.py:426} INFO - Running <TaskInstance: e-commerce_kafka_streaming_pipeline_v10.run_bronze scheduled__2026-06-09T12:00:00+00:00 [running]> on host 19d9c0c71dcc
[2026-06-09T13:09:58.399+0000] {taskinstance.py:2644} INFO - Exporting env vars: AIRFLOW_CTX_DAG_OWNER='dev' AIRFLOW_CTX_DAG_ID='e-commerce_kafka_streaming_pipeline_v10' AIRFLOW_CTX_TASK_ID='run_bronze' AIRFLOW_CTX_EXECUTION_DATE='2026-06-09T12:00:00+00:00' AIRFLOW_CTX_TRY_NUMBER='1' AIRFLOW_CTX_DAG_RUN_ID='scheduled__2026-06-09T12:00:00+00:00'
[2026-06-09T13:09:58.401+0000] {taskinstance.py:430} INFO - ::endgroup::
[2026-06-09T13:09:58.459+0000] {subprocess.py:63} INFO - Tmp dir root location: /tmp
[2026-06-09T13:09:58.462+0000] {subprocess.py:75} INFO - Running command: ['/usr/bin/bash', '-c', 'timeout 120s docker run --rm --network streaming_kafka_project_sdp-net --volume /d/Streaming_kafka_project/pipelines:/opt/pipelines --volume /d/Streaming_kafka_project/data:/opt/data --volume /d/Streaming_kafka_project/checkpoints:/opt/checkpoints --volume /d/Streaming_kafka_project/jars:/opt/jars apache/spark:3.5.1 /opt/spark/bin/spark-submit --master spark://sdp-spark-master:7077 --executor-cores 1 --executor-memory 512m --total-executor-cores 3 --jars /opt/jars/delta-spark_2.12-3.2.0.jar,/opt/jars/delta-storage-3.2.0.jar,/opt/jars/spark-sql-kafka-0-10_2.12-3.5.1.jar,/opt/jars/kafka-clients-3.4.1.jar,/opt/jars/spark-token-provider-kafka-0-10_2.12-3.5.1.jar,/opt/jars/commons-pool2-2.11.1.jar --conf spark.sql.extensions=io.delta.sql.DeltaSparkSessionExtension --conf spark.sql.catalog.spark_catalog=org.apache.spark.sql.delta.catalog.DeltaCatalog  /opt/pipelines/bronze_runner.py']
[2026-06-09T13:09:58.497+0000] {subprocess.py:86} INFO - Output:
[2026-06-09T13:10:07.096+0000] {subprocess.py:93} INFO - 26/06/09 13:10:07 WARN NativeCodeLoader: Unable to load native-hadoop library for your platform... using builtin-java classes where applicable
[2026-06-09T13:10:15.651+0000] {subprocess.py:93} INFO - 26/06/09 13:10:15 INFO SparkContext: Running Spark version 3.5.1
[2026-06-09T13:10:15.727+0000] {subprocess.py:93} INFO - 26/06/09 13:10:15 INFO SparkContext: OS info Linux, 6.6.114.1-microsoft-standard-WSL2, amd64
[2026-06-09T13:10:15.853+0000] {subprocess.py:93} INFO - 26/06/09 13:10:15 INFO SparkContext: Java version 11.0.22
[2026-06-09T13:10:16.650+0000] {subprocess.py:93} INFO - 26/06/09 13:10:16 INFO ResourceUtils: ==============================================================
[2026-06-09T13:10:16.760+0000] {subprocess.py:93} INFO - 26/06/09 13:10:16 INFO ResourceUtils: No custom resources configured for spark.driver.
[2026-06-09T13:10:16.855+0000] {subprocess.py:93} INFO - 26/06/09 13:10:16 INFO ResourceUtils: ==============================================================
[2026-06-09T13:10:16.903+0000] {subprocess.py:93} INFO - 26/06/09 13:10:16 INFO SparkContext: Submitted application: SDP-Bronze
[2026-06-09T13:10:17.110+0000] {subprocess.py:93} INFO - 26/06/09 13:10:17 INFO ResourceProfile: Default ResourceProfile created, executor resources: Map(cores -> name: cores, amount: 1, script: , vendor: , memory -> name: memory, amount: 512, script: , vendor: , offHeap -> name: offHeap, amount: 0, script: , vendor: ), task resources: Map(cpus -> name: cpus, amount: 1.0)
[2026-06-09T13:10:17.460+0000] {subprocess.py:93} INFO - 26/06/09 13:10:17 INFO ResourceProfile: Limiting resource is cpus at 1 tasks per executor
[2026-06-09T13:10:17.491+0000] {subprocess.py:93} INFO - 26/06/09 13:10:17 INFO ResourceProfileManager: Added ResourceProfile id: 0
[2026-06-09T13:10:18.332+0000] {subprocess.py:93} INFO - 26/06/09 13:10:18 INFO SecurityManager: Changing view acls to: spark
[2026-06-09T13:10:18.348+0000] {subprocess.py:93} INFO - 26/06/09 13:10:18 INFO SecurityManager: Changing modify acls to: spark
[2026-06-09T13:10:18.364+0000] {subprocess.py:93} INFO - 26/06/09 13:10:18 INFO SecurityManager: Changing view acls groups to:
[2026-06-09T13:10:18.377+0000] {subprocess.py:93} INFO - 26/06/09 13:10:18 INFO SecurityManager: Changing modify acls groups to:
[2026-06-09T13:10:18.378+0000] {subprocess.py:93} INFO - 26/06/09 13:10:18 INFO SecurityManager: SecurityManager: authentication disabled; ui acls disabled; users with view permissions: spark; groups with view permissions: EMPTY; users with modify permissions: spark; groups with modify permissions: EMPTY
[2026-06-09T13:10:20.409+0000] {subprocess.py:93} INFO - 26/06/09 13:10:20 INFO Utils: Successfully started service 'sparkDriver' on port 41899.
[2026-06-09T13:10:20.919+0000] {subprocess.py:93} INFO - 26/06/09 13:10:20 INFO SparkEnv: Registering MapOutputTracker
[2026-06-09T13:10:21.148+0000] {subprocess.py:93} INFO - 26/06/09 13:10:21 INFO SparkEnv: Registering BlockManagerMaster
[2026-06-09T13:10:21.327+0000] {subprocess.py:93} INFO - 26/06/09 13:10:21 INFO BlockManagerMasterEndpoint: Using org.apache.spark.storage.DefaultTopologyMapper for getting topology information
[2026-06-09T13:10:21.331+0000] {subprocess.py:93} INFO - 26/06/09 13:10:21 INFO BlockManagerMasterEndpoint: BlockManagerMasterEndpoint up
[2026-06-09T13:10:21.363+0000] {subprocess.py:93} INFO - 26/06/09 13:10:21 INFO SparkEnv: Registering BlockManagerMasterHeartbeat
[2026-06-09T13:10:21.649+0000] {subprocess.py:93} INFO - 26/06/09 13:10:21 INFO DiskBlockManager: Created local directory at /tmp/blockmgr-e30490c7-2ec9-47d1-8da4-4edd1b156c50
[2026-06-09T13:10:21.814+0000] {subprocess.py:93} INFO - 26/06/09 13:10:21 INFO MemoryStore: MemoryStore started with capacity 434.4 MiB
[2026-06-09T13:10:21.895+0000] {subprocess.py:93} INFO - 26/06/09 13:10:21 INFO SparkEnv: Registering OutputCommitCoordinator
[2026-06-09T13:10:22.896+0000] {subprocess.py:93} INFO - 26/06/09 13:10:22 INFO JettyUtils: Start Jetty 0.0.0.0:4040 for SparkUI
[2026-06-09T13:10:23.444+0000] {subprocess.py:93} INFO - 26/06/09 13:10:23 INFO Utils: Successfully started service 'SparkUI' on port 4040.
[2026-06-09T13:10:23.729+0000] {subprocess.py:93} INFO - 26/06/09 13:10:23 INFO SparkContext: Added JAR file:///opt/jars/delta-spark_2.12-3.2.0.jar at spark://9d701e9dfb40:41899/jars/delta-spark_2.12-3.2.0.jar with timestamp 1781010615432
[2026-06-09T13:10:23.730+0000] {subprocess.py:93} INFO - 26/06/09 13:10:23 INFO SparkContext: Added JAR file:///opt/jars/delta-storage-3.2.0.jar at spark://9d701e9dfb40:41899/jars/delta-storage-3.2.0.jar with timestamp 1781010615432
[2026-06-09T13:10:23.731+0000] {subprocess.py:93} INFO - 26/06/09 13:10:23 INFO SparkContext: Added JAR file:///opt/jars/spark-sql-kafka-0-10_2.12-3.5.1.jar at spark://9d701e9dfb40:41899/jars/spark-sql-kafka-0-10_2.12-3.5.1.jar with timestamp 1781010615432
[2026-06-09T13:10:23.735+0000] {subprocess.py:93} INFO - 26/06/09 13:10:23 INFO SparkContext: Added JAR file:///opt/jars/kafka-clients-3.4.1.jar at spark://9d701e9dfb40:41899/jars/kafka-clients-3.4.1.jar with timestamp 1781010615432
[2026-06-09T13:10:23.754+0000] {subprocess.py:93} INFO - 26/06/09 13:10:23 INFO SparkContext: Added JAR file:///opt/jars/spark-token-provider-kafka-0-10_2.12-3.5.1.jar at spark://9d701e9dfb40:41899/jars/spark-token-provider-kafka-0-10_2.12-3.5.1.jar with timestamp 1781010615432
[2026-06-09T13:10:23.758+0000] {subprocess.py:93} INFO - 26/06/09 13:10:23 INFO SparkContext: Added JAR file:///opt/jars/commons-pool2-2.11.1.jar at spark://9d701e9dfb40:41899/jars/commons-pool2-2.11.1.jar with timestamp 1781010615432
[2026-06-09T13:10:25.129+0000] {subprocess.py:93} INFO - 26/06/09 13:10:25 INFO StandaloneAppClient$ClientEndpoint: Connecting to master spark://sdp-spark-master:7077...
[2026-06-09T13:10:25.630+0000] {subprocess.py:93} INFO - 26/06/09 13:10:25 INFO TransportClientFactory: Successfully created connection to sdp-spark-master/172.18.0.4:7077 after 310 ms (0 ms spent in bootstraps)
[2026-06-09T13:10:26.368+0000] {subprocess.py:93} INFO - 26/06/09 13:10:26 INFO StandaloneSchedulerBackend: Connected to Spark cluster with app ID app-20260609131026-0041
[2026-06-09T13:10:26.402+0000] {subprocess.py:93} INFO - 26/06/09 13:10:26 INFO StandaloneAppClient$ClientEndpoint: Executor added: app-20260609131026-0041/0 on worker-20260608131402-172.18.0.6-44005 (172.18.0.6:44005) with 1 core(s)
[2026-06-09T13:10:26.411+0000] {subprocess.py:93} INFO - 26/06/09 13:10:26 INFO StandaloneSchedulerBackend: Granted executor ID app-20260609131026-0041/0 on hostPort 172.18.0.6:44005 with 1 core(s), 512.0 MiB RAM
[2026-06-09T13:10:26.413+0000] {subprocess.py:93} INFO - 26/06/09 13:10:26 INFO StandaloneAppClient$ClientEndpoint: Executor added: app-20260609131026-0041/1 on worker-20260608131402-172.18.0.6-44005 (172.18.0.6:44005) with 1 core(s)
[2026-06-09T13:10:26.415+0000] {subprocess.py:93} INFO - 26/06/09 13:10:26 INFO StandaloneSchedulerBackend: Granted executor ID app-20260609131026-0041/1 on hostPort 172.18.0.6:44005 with 1 core(s), 512.0 MiB RAM
[2026-06-09T13:10:26.419+0000] {subprocess.py:93} INFO - 26/06/09 13:10:26 INFO StandaloneAppClient$ClientEndpoint: Executor added: app-20260609131026-0041/2 on worker-20260608131402-172.18.0.5-38399 (172.18.0.5:38399) with 1 core(s)
[2026-06-09T13:10:26.423+0000] {subprocess.py:93} INFO - 26/06/09 13:10:26 INFO StandaloneSchedulerBackend: Granted executor ID app-20260609131026-0041/2 on hostPort 172.18.0.5:38399 with 1 core(s), 512.0 MiB RAM
[2026-06-09T13:10:26.463+0000] {subprocess.py:93} INFO - 26/06/09 13:10:26 INFO Utils: Successfully started service 'org.apache.spark.network.netty.NettyBlockTransferService' on port 40163.
[2026-06-09T13:10:26.464+0000] {subprocess.py:93} INFO - 26/06/09 13:10:26 INFO NettyBlockTransferService: Server created on 9d701e9dfb40:40163
[2026-06-09T13:10:26.479+0000] {subprocess.py:93} INFO - 26/06/09 13:10:26 INFO BlockManager: Using org.apache.spark.storage.RandomBlockReplicationPolicy for block replication policy
[2026-06-09T13:10:26.540+0000] {subprocess.py:93} INFO - 26/06/09 13:10:26 INFO BlockManagerMaster: Registering BlockManager BlockManagerId(driver, 9d701e9dfb40, 40163, None)
[2026-06-09T13:10:26.555+0000] {subprocess.py:93} INFO - 26/06/09 13:10:26 INFO BlockManagerMasterEndpoint: Registering block manager 9d701e9dfb40:40163 with 434.4 MiB RAM, BlockManagerId(driver, 9d701e9dfb40, 40163, None)
[2026-06-09T13:10:26.576+0000] {subprocess.py:93} INFO - 26/06/09 13:10:26 INFO BlockManagerMaster: Registered BlockManager BlockManagerId(driver, 9d701e9dfb40, 40163, None)
[2026-06-09T13:10:26.582+0000] {subprocess.py:93} INFO - 26/06/09 13:10:26 INFO BlockManager: Initialized BlockManager: BlockManagerId(driver, 9d701e9dfb40, 40163, None)
[2026-06-09T13:10:26.832+0000] {subprocess.py:93} INFO - 26/06/09 13:10:26 INFO StandaloneAppClient$ClientEndpoint: Executor updated: app-20260609131026-0041/2 is now RUNNING
[2026-06-09T13:10:26.841+0000] {subprocess.py:93} INFO - 26/06/09 13:10:26 INFO StandaloneAppClient$ClientEndpoint: Executor updated: app-20260609131026-0041/0 is now RUNNING
[2026-06-09T13:10:26.856+0000] {subprocess.py:93} INFO - 26/06/09 13:10:26 INFO StandaloneAppClient$ClientEndpoint: Executor updated: app-20260609131026-0041/1 is now RUNNING
[2026-06-09T13:10:28.228+0000] {subprocess.py:93} INFO - 26/06/09 13:10:28 INFO StandaloneSchedulerBackend: SchedulerBackend is ready for scheduling beginning after reached minRegisteredResourcesRatio: 0.0
[2026-06-09T13:10:29.830+0000] {subprocess.py:93} INFO - Starting stream: orders -> /opt/data/bronze/orders
[2026-06-09T13:11:44.179+0000] {subprocess.py:93} INFO - 26/06/09 13:11:44 WARN ResolveWriteToStream: spark.sql.adaptive.enabled is not supported in streaming DataFrames/Datasets and will be disabled.
[2026-06-09T13:11:45.238+0000] {subprocess.py:93} INFO - Starting stream: customers -> /opt/data/bronze/customers
[2026-06-09T13:11:50.128+0000] {subprocess.py:93} INFO - 26/06/09 13:11:50 WARN AdminClientConfig: These configurations '[key.deserializer, value.deserializer, enable.auto.commit, max.poll.records, auto.offset.reset]' were supplied but are not used yet.
[2026-06-09T13:11:55.071+0000] {subprocess.py:93} INFO - 26/06/09 13:11:55 WARN ResolveWriteToStream: spark.sql.adaptive.enabled is not supported in streaming DataFrames/Datasets and will be disabled.
[2026-06-09T13:11:55.143+0000] {subprocess.py:93} INFO - Starting stream: products -> /opt/data/bronze/products
[2026-06-09T13:11:56.916+0000] {subprocess.py:93} INFO - 26/06/09 13:11:56 WARN AdminClientConfig: These configurations '[key.deserializer, value.deserializer, enable.auto.commit, max.poll.records, auto.offset.reset]' were supplied but are not used yet.
[2026-06-09T13:11:57.521+0000] {subprocess.py:93} INFO - 26/06/09 13:11:57 WARN ResolveWriteToStream: spark.sql.adaptive.enabled is not supported in streaming DataFrames/Datasets and will be disabled.
[2026-06-09T13:11:59.820+0000] {subprocess.py:97} INFO - Command exited with return code 124
[2026-06-09T13:11:59.823+0000] {taskinstance.py:441} INFO - ::group::Post task execution logs
[2026-06-09T13:11:59.869+0000] {taskinstance.py:2890} ERROR - Task failed with exception
Traceback (most recent call last):
  File "/home/airflow/.local/lib/python3.12/site-packages/airflow/models/taskinstance.py", line 465, in _execute_task
    result = _execute_callable(context=context, **execute_callable_kwargs)
             ^^^^^^^^^^^^^^^^^^^^^^^^^^^^^^^^^^^^^^^^^^^^^^^^^^^^^^^^^^^^^
  File "/home/airflow/.local/lib/python3.12/site-packages/airflow/models/taskinstance.py", line 432, in _execute_callable
    return execute_callable(context=context, **execute_callable_kwargs)
           ^^^^^^^^^^^^^^^^^^^^^^^^^^^^^^^^^^^^^^^^^^^^^^^^^^^^^^^^^^^^
  File "/home/airflow/.local/lib/python3.12/site-packages/airflow/models/baseoperator.py", line 400, in wrapper
    return func(self, *args, **kwargs)
           ^^^^^^^^^^^^^^^^^^^^^^^^^^^
  File "/home/airflow/.local/lib/python3.12/site-packages/airflow/operators/bash.py", line 243, in execute
    raise AirflowException(
airflow.exceptions.AirflowException: Bash command failed. The command returned a non-zero exit code 124.
[2026-06-09T13:11:59.884+0000] {taskinstance.py:1205} INFO - Marking task as UP_FOR_RETRY. dag_id=e-commerce_kafka_streaming_pipeline_v10, task_id=run_bronze, execution_date=20260609T120000, start_date=20260609T130957, end_date=20260609T131159
[2026-06-09T13:11:59.917+0000] {standard_task_runner.py:110} ERROR - Failed to execute job 101 for task run_bronze (Bash command failed. The command returned a non-zero exit code 124.; 4863)
[2026-06-09T13:11:59.963+0000] {local_task_job_runner.py:240} INFO - Task exited with return code 1
[2026-06-09T13:12:00.040+0000] {taskinstance.py:3482} INFO - 0 downstream tasks scheduled from follow-on schedule check
[2026-06-09T13:12:00.049+0000] {local_task_job_runner.py:222} INFO - ::endgroup::
[2026-06-09T13:50:58.382+0000] {local_task_job_runner.py:120} INFO - ::group::Pre task execution logs
[2026-06-09T13:50:58.464+0000] {taskinstance.py:2073} INFO - Dependencies all met for dep_context=non-requeueable deps ti=<TaskInstance: e-commerce_kafka_streaming_pipeline_v10.run_bronze scheduled__2026-06-09T12:00:00+00:00 [queued]>
[2026-06-09T13:50:58.486+0000] {taskinstance.py:2073} INFO - Dependencies all met for dep_context=requeueable deps ti=<TaskInstance: e-commerce_kafka_streaming_pipeline_v10.run_bronze scheduled__2026-06-09T12:00:00+00:00 [queued]>
[2026-06-09T13:50:58.487+0000] {taskinstance.py:2303} INFO - Starting attempt 1 of 2
[2026-06-09T13:50:58.518+0000] {taskinstance.py:2327} INFO - Executing <Task(BashOperator): run_bronze> on 2026-06-09 12:00:00+00:00
[2026-06-09T13:50:58.537+0000] {standard_task_runner.py:90} INFO - Running: ['***', 'tasks', 'run', 'e-commerce_kafka_streaming_pipeline_v10', 'run_bronze', 'scheduled__2026-06-09T12:00:00+00:00', '--job-id', '106', '--raw', '--subdir', 'DAGS_FOLDER/sdp_pipeline_dag.py', '--cfg-path', '/tmp/tmppz7yfh0d']
[2026-06-09T13:50:58.544+0000] {standard_task_runner.py:91} INFO - Job 106: Subtask run_bronze
[2026-06-09T13:50:58.546+0000] {logging_mixin.py:188} WARNING - /home/***/.local/lib/python3.12/site-packages/***/task/task_runner/standard_task_runner.py:61 DeprecationWarning: This process (pid=5308) is multi-threaded, use of fork() may lead to deadlocks in the child.
[2026-06-09T13:50:58.548+0000] {standard_task_runner.py:63} INFO - Started process 5309 to run task
[2026-06-09T13:50:58.718+0000] {task_command.py:426} INFO - Running <TaskInstance: e-commerce_kafka_streaming_pipeline_v10.run_bronze scheduled__2026-06-09T12:00:00+00:00 [running]> on host 19d9c0c71dcc
[2026-06-09T13:50:58.913+0000] {taskinstance.py:2644} INFO - Exporting env vars: AIRFLOW_CTX_DAG_OWNER='dev' AIRFLOW_CTX_DAG_ID='e-commerce_kafka_streaming_pipeline_v10' AIRFLOW_CTX_TASK_ID='run_bronze' AIRFLOW_CTX_EXECUTION_DATE='2026-06-09T12:00:00+00:00' AIRFLOW_CTX_TRY_NUMBER='1' AIRFLOW_CTX_DAG_RUN_ID='scheduled__2026-06-09T12:00:00+00:00'
[2026-06-09T13:50:58.915+0000] {taskinstance.py:430} INFO - ::endgroup::
[2026-06-09T13:50:58.964+0000] {subprocess.py:63} INFO - Tmp dir root location: /tmp
[2026-06-09T13:50:58.967+0000] {subprocess.py:75} INFO - Running command: ['/usr/bin/bash', '-c', 'timeout 120s docker run --rm --network streaming_kafka_project_sdp-net --volume /d/Streaming_kafka_project/pipelines:/opt/pipelines --volume /d/Streaming_kafka_project/data:/opt/data --volume /d/Streaming_kafka_project/checkpoints:/opt/checkpoints --volume /d/Streaming_kafka_project/jars:/opt/jars apache/spark:3.5.1 /opt/spark/bin/spark-submit --master spark://sdp-spark-master:7077 --executor-cores 1 --executor-memory 512m --total-executor-cores 3 --jars /opt/jars/delta-spark_2.12-3.2.0.jar,/opt/jars/delta-storage-3.2.0.jar,/opt/jars/spark-sql-kafka-0-10_2.12-3.5.1.jar,/opt/jars/kafka-clients-3.4.1.jar,/opt/jars/spark-token-provider-kafka-0-10_2.12-3.5.1.jar,/opt/jars/commons-pool2-2.11.1.jar --conf spark.sql.extensions=io.delta.sql.DeltaSparkSessionExtension --conf spark.sql.catalog.spark_catalog=org.apache.spark.sql.delta.catalog.DeltaCatalog  /opt/pipelines/bronze_runner.py']
[2026-06-09T13:50:58.988+0000] {subprocess.py:86} INFO - Output:
[2026-06-09T13:51:04.158+0000] {subprocess.py:93} INFO - 26/06/09 13:51:04 WARN NativeCodeLoader: Unable to load native-hadoop library for your platform... using builtin-java classes where applicable
[2026-06-09T13:51:05.691+0000] {subprocess.py:93} INFO - 26/06/09 13:51:05 INFO SparkContext: Running Spark version 3.5.1
[2026-06-09T13:51:05.693+0000] {subprocess.py:93} INFO - 26/06/09 13:51:05 INFO SparkContext: OS info Linux, 6.6.114.1-microsoft-standard-WSL2, amd64
[2026-06-09T13:51:05.694+0000] {subprocess.py:93} INFO - 26/06/09 13:51:05 INFO SparkContext: Java version 11.0.22
[2026-06-09T13:51:05.765+0000] {subprocess.py:93} INFO - 26/06/09 13:51:05 INFO ResourceUtils: ==============================================================
[2026-06-09T13:51:05.772+0000] {subprocess.py:93} INFO - 26/06/09 13:51:05 INFO ResourceUtils: No custom resources configured for spark.driver.
[2026-06-09T13:51:05.773+0000] {subprocess.py:93} INFO - 26/06/09 13:51:05 INFO ResourceUtils: ==============================================================
[2026-06-09T13:51:05.774+0000] {subprocess.py:93} INFO - 26/06/09 13:51:05 INFO SparkContext: Submitted application: SDP-Bronze
[2026-06-09T13:51:05.825+0000] {subprocess.py:93} INFO - 26/06/09 13:51:05 INFO ResourceProfile: Default ResourceProfile created, executor resources: Map(cores -> name: cores, amount: 1, script: , vendor: , memory -> name: memory, amount: 512, script: , vendor: , offHeap -> name: offHeap, amount: 0, script: , vendor: ), task resources: Map(cpus -> name: cpus, amount: 1.0)
[2026-06-09T13:51:05.854+0000] {subprocess.py:93} INFO - 26/06/09 13:51:05 INFO ResourceProfile: Limiting resource is cpus at 1 tasks per executor
[2026-06-09T13:51:05.860+0000] {subprocess.py:93} INFO - 26/06/09 13:51:05 INFO ResourceProfileManager: Added ResourceProfile id: 0
[2026-06-09T13:51:05.955+0000] {subprocess.py:93} INFO - 26/06/09 13:51:05 INFO SecurityManager: Changing view acls to: spark
[2026-06-09T13:51:05.959+0000] {subprocess.py:93} INFO - 26/06/09 13:51:05 INFO SecurityManager: Changing modify acls to: spark
[2026-06-09T13:51:05.966+0000] {subprocess.py:93} INFO - 26/06/09 13:51:05 INFO SecurityManager: Changing view acls groups to:
[2026-06-09T13:51:05.967+0000] {subprocess.py:93} INFO - 26/06/09 13:51:05 INFO SecurityManager: Changing modify acls groups to:
[2026-06-09T13:51:05.969+0000] {subprocess.py:93} INFO - 26/06/09 13:51:05 INFO SecurityManager: SecurityManager: authentication disabled; ui acls disabled; users with view permissions: spark; groups with view permissions: EMPTY; users with modify permissions: spark; groups with modify permissions: EMPTY
[2026-06-09T13:51:06.411+0000] {subprocess.py:93} INFO - 26/06/09 13:51:06 INFO Utils: Successfully started service 'sparkDriver' on port 37243.
[2026-06-09T13:51:06.460+0000] {subprocess.py:93} INFO - 26/06/09 13:51:06 INFO SparkEnv: Registering MapOutputTracker
[2026-06-09T13:51:06.524+0000] {subprocess.py:93} INFO - 26/06/09 13:51:06 INFO SparkEnv: Registering BlockManagerMaster
[2026-06-09T13:51:06.573+0000] {subprocess.py:93} INFO - 26/06/09 13:51:06 INFO BlockManagerMasterEndpoint: Using org.apache.spark.storage.DefaultTopologyMapper for getting topology information
[2026-06-09T13:51:06.577+0000] {subprocess.py:93} INFO - 26/06/09 13:51:06 INFO BlockManagerMasterEndpoint: BlockManagerMasterEndpoint up
[2026-06-09T13:51:06.586+0000] {subprocess.py:93} INFO - 26/06/09 13:51:06 INFO SparkEnv: Registering BlockManagerMasterHeartbeat
[2026-06-09T13:51:06.635+0000] {subprocess.py:93} INFO - 26/06/09 13:51:06 INFO DiskBlockManager: Created local directory at /tmp/blockmgr-8c061ca4-d088-487d-913a-805daccc6a20
[2026-06-09T13:51:06.671+0000] {subprocess.py:93} INFO - 26/06/09 13:51:06 INFO MemoryStore: MemoryStore started with capacity 434.4 MiB
[2026-06-09T13:51:06.702+0000] {subprocess.py:93} INFO - 26/06/09 13:51:06 INFO SparkEnv: Registering OutputCommitCoordinator
[2026-06-09T13:51:06.982+0000] {subprocess.py:93} INFO - 26/06/09 13:51:06 INFO JettyUtils: Start Jetty 0.0.0.0:4040 for SparkUI
[2026-06-09T13:51:07.075+0000] {subprocess.py:93} INFO - 26/06/09 13:51:07 INFO Utils: Successfully started service 'SparkUI' on port 4040.
[2026-06-09T13:51:07.144+0000] {subprocess.py:93} INFO - 26/06/09 13:51:07 INFO SparkContext: Added JAR file:///opt/jars/delta-spark_2.12-3.2.0.jar at spark://77af4d7beed1:37243/jars/delta-spark_2.12-3.2.0.jar with timestamp 1781013065664
[2026-06-09T13:51:07.146+0000] {subprocess.py:93} INFO - 26/06/09 13:51:07 INFO SparkContext: Added JAR file:///opt/jars/delta-storage-3.2.0.jar at spark://77af4d7beed1:37243/jars/delta-storage-3.2.0.jar with timestamp 1781013065664
[2026-06-09T13:51:07.150+0000] {subprocess.py:93} INFO - 26/06/09 13:51:07 INFO SparkContext: Added JAR file:///opt/jars/spark-sql-kafka-0-10_2.12-3.5.1.jar at spark://77af4d7beed1:37243/jars/spark-sql-kafka-0-10_2.12-3.5.1.jar with timestamp 1781013065664
[2026-06-09T13:51:07.153+0000] {subprocess.py:93} INFO - 26/06/09 13:51:07 INFO SparkContext: Added JAR file:///opt/jars/kafka-clients-3.4.1.jar at spark://77af4d7beed1:37243/jars/kafka-clients-3.4.1.jar with timestamp 1781013065664
[2026-06-09T13:51:07.157+0000] {subprocess.py:93} INFO - 26/06/09 13:51:07 INFO SparkContext: Added JAR file:///opt/jars/spark-token-provider-kafka-0-10_2.12-3.5.1.jar at spark://77af4d7beed1:37243/jars/spark-token-provider-kafka-0-10_2.12-3.5.1.jar with timestamp 1781013065664
[2026-06-09T13:51:07.158+0000] {subprocess.py:93} INFO - 26/06/09 13:51:07 INFO SparkContext: Added JAR file:///opt/jars/commons-pool2-2.11.1.jar at spark://77af4d7beed1:37243/jars/commons-pool2-2.11.1.jar with timestamp 1781013065664
[2026-06-09T13:51:07.372+0000] {subprocess.py:93} INFO - 26/06/09 13:51:07 INFO StandaloneAppClient$ClientEndpoint: Connecting to master spark://sdp-spark-master:7077...
[2026-06-09T13:51:07.455+0000] {subprocess.py:93} INFO - 26/06/09 13:51:07 INFO TransportClientFactory: Successfully created connection to sdp-spark-master/172.18.0.4:7077 after 50 ms (0 ms spent in bootstraps)
[2026-06-09T13:51:07.654+0000] {subprocess.py:93} INFO - 26/06/09 13:51:07 INFO StandaloneSchedulerBackend: Connected to Spark cluster with app ID app-20260609135107-0044
[2026-06-09T13:51:07.657+0000] {subprocess.py:93} INFO - 26/06/09 13:51:07 INFO StandaloneAppClient$ClientEndpoint: Executor added: app-20260609135107-0044/0 on worker-20260608131402-172.18.0.5-38399 (172.18.0.5:38399) with 1 core(s)
[2026-06-09T13:51:07.666+0000] {subprocess.py:93} INFO - 26/06/09 13:51:07 INFO StandaloneSchedulerBackend: Granted executor ID app-20260609135107-0044/0 on hostPort 172.18.0.5:38399 with 1 core(s), 512.0 MiB RAM
[2026-06-09T13:51:07.672+0000] {subprocess.py:93} INFO - 26/06/09 13:51:07 INFO StandaloneAppClient$ClientEndpoint: Executor added: app-20260609135107-0044/1 on worker-20260608131402-172.18.0.5-38399 (172.18.0.5:38399) with 1 core(s)
[2026-06-09T13:51:07.674+0000] {subprocess.py:93} INFO - 26/06/09 13:51:07 INFO StandaloneSchedulerBackend: Granted executor ID app-20260609135107-0044/1 on hostPort 172.18.0.5:38399 with 1 core(s), 512.0 MiB RAM
[2026-06-09T13:51:07.675+0000] {subprocess.py:93} INFO - 26/06/09 13:51:07 INFO StandaloneAppClient$ClientEndpoint: Executor added: app-20260609135107-0044/2 on worker-20260608131402-172.18.0.6-44005 (172.18.0.6:44005) with 1 core(s)
[2026-06-09T13:51:07.677+0000] {subprocess.py:93} INFO - 26/06/09 13:51:07 INFO StandaloneSchedulerBackend: Granted executor ID app-20260609135107-0044/2 on hostPort 172.18.0.6:44005 with 1 core(s), 512.0 MiB RAM
[2026-06-09T13:51:07.708+0000] {subprocess.py:93} INFO - 26/06/09 13:51:07 INFO Utils: Successfully started service 'org.apache.spark.network.netty.NettyBlockTransferService' on port 40943.
[2026-06-09T13:51:07.715+0000] {subprocess.py:93} INFO - 26/06/09 13:51:07 INFO NettyBlockTransferService: Server created on 77af4d7beed1:40943
[2026-06-09T13:51:07.722+0000] {subprocess.py:93} INFO - 26/06/09 13:51:07 INFO BlockManager: Using org.apache.spark.storage.RandomBlockReplicationPolicy for block replication policy
[2026-06-09T13:51:07.748+0000] {subprocess.py:93} INFO - 26/06/09 13:51:07 INFO BlockManagerMaster: Registering BlockManager BlockManagerId(driver, 77af4d7beed1, 40943, None)
[2026-06-09T13:51:07.761+0000] {subprocess.py:93} INFO - 26/06/09 13:51:07 INFO BlockManagerMasterEndpoint: Registering block manager 77af4d7beed1:40943 with 434.4 MiB RAM, BlockManagerId(driver, 77af4d7beed1, 40943, None)
[2026-06-09T13:51:07.773+0000] {subprocess.py:93} INFO - 26/06/09 13:51:07 INFO BlockManagerMaster: Registered BlockManager BlockManagerId(driver, 77af4d7beed1, 40943, None)
[2026-06-09T13:51:07.774+0000] {subprocess.py:93} INFO - 26/06/09 13:51:07 INFO BlockManager: Initialized BlockManager: BlockManagerId(driver, 77af4d7beed1, 40943, None)
[2026-06-09T13:51:07.886+0000] {subprocess.py:93} INFO - 26/06/09 13:51:07 INFO StandaloneAppClient$ClientEndpoint: Executor updated: app-20260609135107-0044/2 is now RUNNING
[2026-06-09T13:51:08.008+0000] {subprocess.py:93} INFO - 26/06/09 13:51:08 INFO StandaloneAppClient$ClientEndpoint: Executor updated: app-20260609135107-0044/0 is now RUNNING
[2026-06-09T13:51:08.051+0000] {subprocess.py:93} INFO - 26/06/09 13:51:08 INFO StandaloneAppClient$ClientEndpoint: Executor updated: app-20260609135107-0044/1 is now RUNNING
[2026-06-09T13:51:09.099+0000] {subprocess.py:93} INFO - 26/06/09 13:51:09 INFO StandaloneSchedulerBackend: SchedulerBackend is ready for scheduling beginning after reached minRegisteredResourcesRatio: 0.0
[2026-06-09T13:51:10.376+0000] {subprocess.py:93} INFO - Starting stream: orders -> /opt/data/bronze/orders
[2026-06-09T13:51:50.544+0000] {subprocess.py:93} INFO - 26/06/09 13:51:50 WARN ResolveWriteToStream: spark.sql.adaptive.enabled is not supported in streaming DataFrames/Datasets and will be disabled.
[2026-06-09T13:51:50.791+0000] {subprocess.py:93} INFO - Starting stream: customers -> /opt/data/bronze/customers
[2026-06-09T13:51:52.992+0000] {subprocess.py:93} INFO - 26/06/09 13:51:52 WARN ResolveWriteToStream: spark.sql.adaptive.enabled is not supported in streaming DataFrames/Datasets and will be disabled.
[2026-06-09T13:51:53.098+0000] {subprocess.py:93} INFO - Starting stream: products -> /opt/data/bronze/products
[2026-06-09T13:51:55.857+0000] {subprocess.py:93} INFO - 26/06/09 13:51:55 WARN ResolveWriteToStream: spark.sql.adaptive.enabled is not supported in streaming DataFrames/Datasets and will be disabled.
[2026-06-09T13:51:57.751+0000] {subprocess.py:93} INFO - 26/06/09 13:51:57 WARN SparkStringUtils: Truncated the string representation of a plan since it was too large. This behavior can be adjusted by setting 'spark.sql.debug.maxToStringFields'.
[2026-06-09T13:52:52.562+0000] {subprocess.py:93} INFO - 26/06/09 13:52:52 WARN AdminClientConfig: These configurations '[key.deserializer, value.deserializer, enable.auto.commit, max.poll.records, auto.offset.reset]' were supplied but are not used yet.
[2026-06-09T13:52:52.564+0000] {subprocess.py:93} INFO - 26/06/09 13:52:52 WARN AdminClientConfig: These configurations '[key.deserializer, value.deserializer, enable.auto.commit, max.poll.records, auto.offset.reset]' were supplied but are not used yet.
[2026-06-09T13:52:54.957+0000] {subprocess.py:93} INFO - 26/06/09 13:52:54 WARN AdminClientConfig: These configurations '[key.deserializer, value.deserializer, enable.auto.commit, max.poll.records, auto.offset.reset]' were supplied but are not used yet.
[2026-06-09T13:53:00.891+0000] {subprocess.py:97} INFO - Command exited with return code 124
[2026-06-09T13:53:00.911+0000] {taskinstance.py:441} INFO - ::group::Post task execution logs
[2026-06-09T13:53:00.951+0000] {taskinstance.py:2890} ERROR - Task failed with exception
Traceback (most recent call last):
  File "/home/airflow/.local/lib/python3.12/site-packages/airflow/models/taskinstance.py", line 465, in _execute_task
    result = _execute_callable(context=context, **execute_callable_kwargs)
             ^^^^^^^^^^^^^^^^^^^^^^^^^^^^^^^^^^^^^^^^^^^^^^^^^^^^^^^^^^^^^
  File "/home/airflow/.local/lib/python3.12/site-packages/airflow/models/taskinstance.py", line 432, in _execute_callable
    return execute_callable(context=context, **execute_callable_kwargs)
           ^^^^^^^^^^^^^^^^^^^^^^^^^^^^^^^^^^^^^^^^^^^^^^^^^^^^^^^^^^^^
  File "/home/airflow/.local/lib/python3.12/site-packages/airflow/models/baseoperator.py", line 400, in wrapper
    return func(self, *args, **kwargs)
           ^^^^^^^^^^^^^^^^^^^^^^^^^^^
  File "/home/airflow/.local/lib/python3.12/site-packages/airflow/operators/bash.py", line 243, in execute
    raise AirflowException(
airflow.exceptions.AirflowException: Bash command failed. The command returned a non-zero exit code 124.
[2026-06-09T13:53:00.964+0000] {taskinstance.py:1205} INFO - Marking task as UP_FOR_RETRY. dag_id=e-commerce_kafka_streaming_pipeline_v10, task_id=run_bronze, execution_date=20260609T120000, start_date=20260609T135058, end_date=20260609T135300
[2026-06-09T13:53:00.997+0000] {standard_task_runner.py:110} ERROR - Failed to execute job 106 for task run_bronze (Bash command failed. The command returned a non-zero exit code 124.; 5309)
[2026-06-09T13:53:01.050+0000] {local_task_job_runner.py:240} INFO - Task exited with return code 1
[2026-06-09T13:53:01.131+0000] {taskinstance.py:3482} INFO - 0 downstream tasks scheduled from follow-on schedule check
[2026-06-09T13:53:01.134+0000] {local_task_job_runner.py:222} INFO - ::endgroup::
