[2026-07-20T15:02:00.075+0000] {local_task_job_runner.py:120} INFO - ::group::Pre task execution logs
[2026-07-20T15:02:00.110+0000] {taskinstance.py:2073} INFO - Dependencies all met for dep_context=non-requeueable deps ti=<TaskInstance: e-commerce_kafka_streaming_pipeline_v1.run_silver scheduled__2026-07-20T14:00:00+00:00 [queued]>
[2026-07-20T15:02:00.123+0000] {taskinstance.py:2073} INFO - Dependencies all met for dep_context=requeueable deps ti=<TaskInstance: e-commerce_kafka_streaming_pipeline_v1.run_silver scheduled__2026-07-20T14:00:00+00:00 [queued]>
[2026-07-20T15:02:00.124+0000] {taskinstance.py:2303} INFO - Starting attempt 1 of 2
[2026-07-20T15:02:00.137+0000] {taskinstance.py:2327} INFO - Executing <Task(BashOperator): run_silver> on 2026-07-20 14:00:00+00:00
[2026-07-20T15:02:00.145+0000] {standard_task_runner.py:90} INFO - Running: ['***', 'tasks', 'run', 'e-commerce_kafka_streaming_pipeline_v1', 'run_silver', 'scheduled__2026-07-20T14:00:00+00:00', '--job-id', '241', '--raw', '--subdir', 'DAGS_FOLDER/sdp_pipeline_dag.py', '--cfg-path', '/tmp/tmp8w0h24s_']
[2026-07-20T15:02:00.147+0000] {logging_mixin.py:188} WARNING - /home/***/.local/lib/python3.12/site-packages/***/task/task_runner/standard_task_runner.py:61 DeprecationWarning: This process (pid=10918) is multi-threaded, use of fork() may lead to deadlocks in the child.
[2026-07-20T15:02:00.148+0000] {standard_task_runner.py:91} INFO - Job 241: Subtask run_silver
[2026-07-20T15:02:00.148+0000] {standard_task_runner.py:63} INFO - Started process 10919 to run task
[2026-07-20T15:02:00.236+0000] {task_command.py:426} INFO - Running <TaskInstance: e-commerce_kafka_streaming_pipeline_v1.run_silver scheduled__2026-07-20T14:00:00+00:00 [running]> on host da27550080bf
[2026-07-20T15:02:00.320+0000] {taskinstance.py:2644} INFO - Exporting env vars: AIRFLOW_CTX_DAG_OWNER='dev' AIRFLOW_CTX_DAG_ID='e-commerce_kafka_streaming_pipeline_v1' AIRFLOW_CTX_TASK_ID='run_silver' AIRFLOW_CTX_EXECUTION_DATE='2026-07-20T14:00:00+00:00' AIRFLOW_CTX_TRY_NUMBER='1' AIRFLOW_CTX_DAG_RUN_ID='scheduled__2026-07-20T14:00:00+00:00'
[2026-07-20T15:02:00.322+0000] {taskinstance.py:430} INFO - ::endgroup::
[2026-07-20T15:02:00.335+0000] {subprocess.py:63} INFO - Tmp dir root location: /tmp
[2026-07-20T15:02:00.337+0000] {subprocess.py:75} INFO - Running command: ['/usr/bin/bash', '-c', 'timeout 150s docker run --rm --network streaming_kafka_project_sdp-net --volume /d/Streaming_kafka_project/pipelines:/opt/pipelines --volume /d/Streaming_kafka_project/data:/opt/data --volume /d/Streaming_kafka_project/checkpoints:/opt/checkpoints --volume /d/Streaming_kafka_project/jars:/opt/jars apache/spark:3.5.1 /opt/spark/bin/spark-submit --master spark://sdp-spark-master:7077 --executor-cores 1 --executor-memory 512m --total-executor-cores 3 --jars /opt/jars/delta-spark_2.12-3.2.0.jar,/opt/jars/delta-storage-3.2.0.jar,/opt/jars/spark-sql-kafka-0-10_2.12-3.5.1.jar,/opt/jars/kafka-clients-3.4.1.jar,/opt/jars/spark-token-provider-kafka-0-10_2.12-3.5.1.jar,/opt/jars/commons-pool2-2.11.1.jar --conf spark.sql.extensions=io.delta.sql.DeltaSparkSessionExtension --conf spark.sql.catalog.spark_catalog=org.apache.spark.sql.delta.catalog.DeltaCatalog  /opt/pipelines/silver_runner.py']
[2026-07-20T15:02:00.346+0000] {subprocess.py:86} INFO - Output:
[2026-07-20T15:02:02.380+0000] {subprocess.py:93} INFO - 26/07/20 15:02:02 WARN NativeCodeLoader: Unable to load native-hadoop library for your platform... using builtin-java classes where applicable
[2026-07-20T15:02:03.183+0000] {subprocess.py:93} INFO - 26/07/20 15:02:03 INFO SparkContext: Running Spark version 3.5.1
[2026-07-20T15:02:03.184+0000] {subprocess.py:93} INFO - 26/07/20 15:02:03 INFO SparkContext: OS info Linux, 6.18.33.2-microsoft-standard-WSL2, amd64
[2026-07-20T15:02:03.186+0000] {subprocess.py:93} INFO - 26/07/20 15:02:03 INFO SparkContext: Java version 11.0.22
[2026-07-20T15:02:03.214+0000] {subprocess.py:93} INFO - 26/07/20 15:02:03 INFO ResourceUtils: ==============================================================
[2026-07-20T15:02:03.216+0000] {subprocess.py:93} INFO - 26/07/20 15:02:03 INFO ResourceUtils: No custom resources configured for spark.driver.
[2026-07-20T15:02:03.218+0000] {subprocess.py:93} INFO - 26/07/20 15:02:03 INFO ResourceUtils: ==============================================================
[2026-07-20T15:02:03.219+0000] {subprocess.py:93} INFO - 26/07/20 15:02:03 INFO SparkContext: Submitted application: SDP-Silver
[2026-07-20T15:02:03.240+0000] {subprocess.py:93} INFO - 26/07/20 15:02:03 INFO ResourceProfile: Default ResourceProfile created, executor resources: Map(cores -> name: cores, amount: 1, script: , vendor: , memory -> name: memory, amount: 512, script: , vendor: , offHeap -> name: offHeap, amount: 0, script: , vendor: ), task resources: Map(cpus -> name: cpus, amount: 1.0)
[2026-07-20T15:02:03.257+0000] {subprocess.py:93} INFO - 26/07/20 15:02:03 INFO ResourceProfile: Limiting resource is cpus at 1 tasks per executor
[2026-07-20T15:02:03.259+0000] {subprocess.py:93} INFO - 26/07/20 15:02:03 INFO ResourceProfileManager: Added ResourceProfile id: 0
[2026-07-20T15:02:03.324+0000] {subprocess.py:93} INFO - 26/07/20 15:02:03 INFO SecurityManager: Changing view acls to: spark
[2026-07-20T15:02:03.326+0000] {subprocess.py:93} INFO - 26/07/20 15:02:03 INFO SecurityManager: Changing modify acls to: spark
[2026-07-20T15:02:03.328+0000] {subprocess.py:93} INFO - 26/07/20 15:02:03 INFO SecurityManager: Changing view acls groups to:
[2026-07-20T15:02:03.329+0000] {subprocess.py:93} INFO - 26/07/20 15:02:03 INFO SecurityManager: Changing modify acls groups to:
[2026-07-20T15:02:03.330+0000] {subprocess.py:93} INFO - 26/07/20 15:02:03 INFO SecurityManager: SecurityManager: authentication disabled; ui acls disabled; users with view permissions: spark; groups with view permissions: EMPTY; users with modify permissions: spark; groups with modify permissions: EMPTY
[2026-07-20T15:02:03.546+0000] {subprocess.py:93} INFO - 26/07/20 15:02:03 INFO Utils: Successfully started service 'sparkDriver' on port 35323.
[2026-07-20T15:02:03.576+0000] {subprocess.py:93} INFO - 26/07/20 15:02:03 INFO SparkEnv: Registering MapOutputTracker
[2026-07-20T15:02:03.616+0000] {subprocess.py:93} INFO - 26/07/20 15:02:03 INFO SparkEnv: Registering BlockManagerMaster
[2026-07-20T15:02:03.635+0000] {subprocess.py:93} INFO - 26/07/20 15:02:03 INFO BlockManagerMasterEndpoint: Using org.apache.spark.storage.DefaultTopologyMapper for getting topology information
[2026-07-20T15:02:03.637+0000] {subprocess.py:93} INFO - 26/07/20 15:02:03 INFO BlockManagerMasterEndpoint: BlockManagerMasterEndpoint up
[2026-07-20T15:02:03.642+0000] {subprocess.py:93} INFO - 26/07/20 15:02:03 INFO SparkEnv: Registering BlockManagerMasterHeartbeat
[2026-07-20T15:02:03.660+0000] {subprocess.py:93} INFO - 26/07/20 15:02:03 INFO DiskBlockManager: Created local directory at /tmp/blockmgr-9eef9a09-bfc7-46a8-bf06-9810365e7c9f
[2026-07-20T15:02:03.673+0000] {subprocess.py:93} INFO - 26/07/20 15:02:03 INFO MemoryStore: MemoryStore started with capacity 434.4 MiB
[2026-07-20T15:02:03.691+0000] {subprocess.py:93} INFO - 26/07/20 15:02:03 INFO SparkEnv: Registering OutputCommitCoordinator
[2026-07-20T15:02:03.818+0000] {subprocess.py:93} INFO - 26/07/20 15:02:03 INFO JettyUtils: Start Jetty 0.0.0.0:4040 for SparkUI
[2026-07-20T15:02:03.876+0000] {subprocess.py:93} INFO - 26/07/20 15:02:03 INFO Utils: Successfully started service 'SparkUI' on port 4040.
[2026-07-20T15:02:03.918+0000] {subprocess.py:93} INFO - 26/07/20 15:02:03 INFO SparkContext: Added JAR file:///opt/jars/delta-spark_2.12-3.2.0.jar at spark://e75eab40b2e5:35323/jars/delta-spark_2.12-3.2.0.jar with timestamp 1784559723173
[2026-07-20T15:02:03.920+0000] {subprocess.py:93} INFO - 26/07/20 15:02:03 INFO SparkContext: Added JAR file:///opt/jars/delta-storage-3.2.0.jar at spark://e75eab40b2e5:35323/jars/delta-storage-3.2.0.jar with timestamp 1784559723173
[2026-07-20T15:02:03.921+0000] {subprocess.py:93} INFO - 26/07/20 15:02:03 INFO SparkContext: Added JAR file:///opt/jars/spark-sql-kafka-0-10_2.12-3.5.1.jar at spark://e75eab40b2e5:35323/jars/spark-sql-kafka-0-10_2.12-3.5.1.jar with timestamp 1784559723173
[2026-07-20T15:02:03.922+0000] {subprocess.py:93} INFO - 26/07/20 15:02:03 INFO SparkContext: Added JAR file:///opt/jars/kafka-clients-3.4.1.jar at spark://e75eab40b2e5:35323/jars/kafka-clients-3.4.1.jar with timestamp 1784559723173
[2026-07-20T15:02:03.922+0000] {subprocess.py:93} INFO - 26/07/20 15:02:03 INFO SparkContext: Added JAR file:///opt/jars/spark-token-provider-kafka-0-10_2.12-3.5.1.jar at spark://e75eab40b2e5:35323/jars/spark-token-provider-kafka-0-10_2.12-3.5.1.jar with timestamp 1784559723173
[2026-07-20T15:02:03.923+0000] {subprocess.py:93} INFO - 26/07/20 15:02:03 INFO SparkContext: Added JAR file:///opt/jars/commons-pool2-2.11.1.jar at spark://e75eab40b2e5:35323/jars/commons-pool2-2.11.1.jar with timestamp 1784559723173
[2026-07-20T15:02:03.990+0000] {subprocess.py:93} INFO - 26/07/20 15:02:03 INFO StandaloneAppClient$ClientEndpoint: Connecting to master spark://sdp-spark-master:7077...
[2026-07-20T15:02:04.029+0000] {subprocess.py:93} INFO - 26/07/20 15:02:04 INFO TransportClientFactory: Successfully created connection to sdp-spark-master/172.18.0.4:7077 after 20 ms (0 ms spent in bootstraps)
[2026-07-20T15:02:04.098+0000] {subprocess.py:93} INFO - 26/07/20 15:02:04 INFO StandaloneSchedulerBackend: Connected to Spark cluster with app ID app-20260720150204-0112
[2026-07-20T15:02:04.105+0000] {subprocess.py:93} INFO - 26/07/20 15:02:04 INFO StandaloneAppClient$ClientEndpoint: Executor added: app-20260720150204-0112/0 on worker-20260716063602-172.18.0.5-44367 (172.18.0.5:44367) with 1 core(s)
[2026-07-20T15:02:04.107+0000] {subprocess.py:93} INFO - 26/07/20 15:02:04 INFO StandaloneSchedulerBackend: Granted executor ID app-20260720150204-0112/0 on hostPort 172.18.0.5:44367 with 1 core(s), 512.0 MiB RAM
[2026-07-20T15:02:04.108+0000] {subprocess.py:93} INFO - 26/07/20 15:02:04 INFO StandaloneAppClient$ClientEndpoint: Executor added: app-20260720150204-0112/1 on worker-20260716063602-172.18.0.5-44367 (172.18.0.5:44367) with 1 core(s)
[2026-07-20T15:02:04.110+0000] {subprocess.py:93} INFO - 26/07/20 15:02:04 INFO StandaloneSchedulerBackend: Granted executor ID app-20260720150204-0112/1 on hostPort 172.18.0.5:44367 with 1 core(s), 512.0 MiB RAM
[2026-07-20T15:02:04.111+0000] {subprocess.py:93} INFO - 26/07/20 15:02:04 INFO StandaloneAppClient$ClientEndpoint: Executor added: app-20260720150204-0112/2 on worker-20260716063602-172.18.0.6-33249 (172.18.0.6:33249) with 1 core(s)
[2026-07-20T15:02:04.112+0000] {subprocess.py:93} INFO - 26/07/20 15:02:04 INFO StandaloneSchedulerBackend: Granted executor ID app-20260720150204-0112/2 on hostPort 172.18.0.6:33249 with 1 core(s), 512.0 MiB RAM
[2026-07-20T15:02:04.117+0000] {subprocess.py:93} INFO - 26/07/20 15:02:04 INFO Utils: Successfully started service 'org.apache.spark.network.netty.NettyBlockTransferService' on port 46501.
[2026-07-20T15:02:04.119+0000] {subprocess.py:93} INFO - 26/07/20 15:02:04 INFO NettyBlockTransferService: Server created on e75eab40b2e5:46501
[2026-07-20T15:02:04.124+0000] {subprocess.py:93} INFO - 26/07/20 15:02:04 INFO BlockManager: Using org.apache.spark.storage.RandomBlockReplicationPolicy for block replication policy
[2026-07-20T15:02:04.136+0000] {subprocess.py:93} INFO - 26/07/20 15:02:04 INFO BlockManagerMaster: Registering BlockManager BlockManagerId(driver, e75eab40b2e5, 46501, None)
[2026-07-20T15:02:04.147+0000] {subprocess.py:93} INFO - 26/07/20 15:02:04 INFO BlockManagerMasterEndpoint: Registering block manager e75eab40b2e5:46501 with 434.4 MiB RAM, BlockManagerId(driver, e75eab40b2e5, 46501, None)
[2026-07-20T15:02:04.168+0000] {subprocess.py:93} INFO - 26/07/20 15:02:04 INFO BlockManagerMaster: Registered BlockManager BlockManagerId(driver, e75eab40b2e5, 46501, None)
[2026-07-20T15:02:04.179+0000] {subprocess.py:93} INFO - 26/07/20 15:02:04 INFO StandaloneAppClient$ClientEndpoint: Executor updated: app-20260720150204-0112/0 is now RUNNING
[2026-07-20T15:02:04.181+0000] {subprocess.py:93} INFO - 26/07/20 15:02:04 INFO StandaloneAppClient$ClientEndpoint: Executor updated: app-20260720150204-0112/2 is now RUNNING
[2026-07-20T15:02:04.185+0000] {subprocess.py:93} INFO - 26/07/20 15:02:04 INFO BlockManager: Initialized BlockManager: BlockManagerId(driver, e75eab40b2e5, 46501, None)
[2026-07-20T15:02:04.187+0000] {subprocess.py:93} INFO - 26/07/20 15:02:04 INFO StandaloneAppClient$ClientEndpoint: Executor updated: app-20260720150204-0112/1 is now RUNNING
[2026-07-20T15:02:04.509+0000] {subprocess.py:93} INFO - 26/07/20 15:02:04 INFO StandaloneSchedulerBackend: SchedulerBackend is ready for scheduling beginning after reached minRegisteredResourcesRatio: 0.0
[2026-07-20T15:02:04.951+0000] {subprocess.py:93} INFO - Starting silver stream: orders --->>  /opt/data/silver/orders
[2026-07-20T15:02:20.280+0000] {subprocess.py:93} INFO - 26/07/20 15:02:20 WARN ResolveWriteToStream: spark.sql.adaptive.enabled is not supported in streaming DataFrames/Datasets and will be disabled.
[2026-07-20T15:02:20.460+0000] {subprocess.py:93} INFO - Silver stream started: /opt/data/bronze/orders --->> /opt/data/silver/orders
[2026-07-20T15:02:20.471+0000] {subprocess.py:93} INFO - Starting silver stream: customers --->>  /opt/data/silver/customers
[2026-07-20T15:02:25.438+0000] {subprocess.py:93} INFO - 26/07/20 15:02:25 WARN ResolveWriteToStream: spark.sql.adaptive.enabled is not supported in streaming DataFrames/Datasets and will be disabled.
[2026-07-20T15:02:25.484+0000] {subprocess.py:93} INFO - Silver stream started: /opt/data/bronze/customers --->> /opt/data/silver/customers
[2026-07-20T15:02:25.493+0000] {subprocess.py:93} INFO - Starting silver stream: products --->>  /opt/data/silver/products
[2026-07-20T15:02:29.118+0000] {subprocess.py:93} INFO - 26/07/20 15:02:29 WARN ResolveWriteToStream: spark.sql.adaptive.enabled is not supported in streaming DataFrames/Datasets and will be disabled.
[2026-07-20T15:02:29.216+0000] {subprocess.py:93} INFO - Silver stream started: /opt/data/bronze/products --->> /opt/data/silver/products
[2026-07-20T15:02:30.881+0000] {subprocess.py:93} INFO - 26/07/20 15:02:30 WARN SparkStringUtils: Truncated the string representation of a plan since it was too large. This behavior can be adjusted by setting 'spark.sql.debug.maxToStringFields'.
[2026-07-20T15:04:02.545+0000] {subprocess.py:97} INFO - Command exited with return code 0
[2026-07-20T15:04:02.550+0000] {taskinstance.py:441} INFO - ::group::Post task execution logs
[2026-07-20T15:04:02.591+0000] {taskinstance.py:1205} INFO - Marking task as SUCCESS. dag_id=e-commerce_kafka_streaming_pipeline_v1, task_id=run_silver, execution_date=20260720T140000, start_date=20260720T150200, end_date=20260720T150402
[2026-07-20T15:04:02.633+0000] {local_task_job_runner.py:240} INFO - Task exited with return code 0
[2026-07-20T15:04:02.663+0000] {taskinstance.py:3482} INFO - 1 downstream tasks scheduled from follow-on schedule check
[2026-07-20T15:04:02.666+0000] {local_task_job_runner.py:222} INFO - ::endgroup::
