[2026-07-21T13:02:00.352+0000] {local_task_job_runner.py:120} INFO - ::group::Pre task execution logs
[2026-07-21T13:02:00.382+0000] {taskinstance.py:2073} INFO - Dependencies all met for dep_context=non-requeueable deps ti=<TaskInstance: e-commerce_kafka_streaming_pipeline_v1.run_silver scheduled__2026-07-21T12:00:00+00:00 [queued]>
[2026-07-21T13:02:00.390+0000] {taskinstance.py:2073} INFO - Dependencies all met for dep_context=requeueable deps ti=<TaskInstance: e-commerce_kafka_streaming_pipeline_v1.run_silver scheduled__2026-07-21T12:00:00+00:00 [queued]>
[2026-07-21T13:02:00.391+0000] {taskinstance.py:2303} INFO - Starting attempt 1 of 2
[2026-07-21T13:02:00.404+0000] {taskinstance.py:2327} INFO - Executing <Task(BashOperator): run_silver> on 2026-07-21 12:00:00+00:00
[2026-07-21T13:02:00.411+0000] {standard_task_runner.py:90} INFO - Running: ['***', 'tasks', 'run', 'e-commerce_kafka_streaming_pipeline_v1', 'run_silver', 'scheduled__2026-07-21T12:00:00+00:00', '--job-id', '316', '--raw', '--subdir', 'DAGS_FOLDER/sdp_pipeline_dag.py', '--cfg-path', '/tmp/tmprdc5xt1o']
[2026-07-21T13:02:00.414+0000] {logging_mixin.py:188} WARNING - /home/***/.local/lib/python3.12/site-packages/***/task/task_runner/standard_task_runner.py:61 DeprecationWarning: This process (pid=16585) is multi-threaded, use of fork() may lead to deadlocks in the child.
[2026-07-21T13:02:00.414+0000] {standard_task_runner.py:91} INFO - Job 316: Subtask run_silver
[2026-07-21T13:02:00.415+0000] {standard_task_runner.py:63} INFO - Started process 16586 to run task
[2026-07-21T13:02:00.491+0000] {task_command.py:426} INFO - Running <TaskInstance: e-commerce_kafka_streaming_pipeline_v1.run_silver scheduled__2026-07-21T12:00:00+00:00 [running]> on host da27550080bf
[2026-07-21T13:02:00.580+0000] {taskinstance.py:2644} INFO - Exporting env vars: AIRFLOW_CTX_DAG_OWNER='dev' AIRFLOW_CTX_DAG_ID='e-commerce_kafka_streaming_pipeline_v1' AIRFLOW_CTX_TASK_ID='run_silver' AIRFLOW_CTX_EXECUTION_DATE='2026-07-21T12:00:00+00:00' AIRFLOW_CTX_TRY_NUMBER='1' AIRFLOW_CTX_DAG_RUN_ID='scheduled__2026-07-21T12:00:00+00:00'
[2026-07-21T13:02:00.581+0000] {taskinstance.py:430} INFO - ::endgroup::
[2026-07-21T13:02:00.594+0000] {subprocess.py:63} INFO - Tmp dir root location: /tmp
[2026-07-21T13:02:00.596+0000] {subprocess.py:75} INFO - Running command: ['/usr/bin/bash', '-c', 'timeout 150s docker run --rm --network streaming_kafka_project_sdp-net --volume /d/Streaming_kafka_project/pipelines:/opt/pipelines --volume /d/Streaming_kafka_project/data:/opt/data --volume /d/Streaming_kafka_project/checkpoints:/opt/checkpoints --volume /d/Streaming_kafka_project/jars:/opt/jars apache/spark:3.5.1 /opt/spark/bin/spark-submit --master spark://sdp-spark-master:7077 --executor-cores 1 --executor-memory 512m --total-executor-cores 3 --jars /opt/jars/delta-spark_2.12-3.2.0.jar,/opt/jars/delta-storage-3.2.0.jar,/opt/jars/spark-sql-kafka-0-10_2.12-3.5.1.jar,/opt/jars/kafka-clients-3.4.1.jar,/opt/jars/spark-token-provider-kafka-0-10_2.12-3.5.1.jar,/opt/jars/commons-pool2-2.11.1.jar --conf spark.sql.extensions=io.delta.sql.DeltaSparkSessionExtension --conf spark.sql.catalog.spark_catalog=org.apache.spark.sql.delta.catalog.DeltaCatalog  /opt/pipelines/silver_runner.py']
[2026-07-21T13:02:00.605+0000] {subprocess.py:86} INFO - Output:
[2026-07-21T13:02:02.332+0000] {subprocess.py:93} INFO - 26/07/21 13:02:02 WARN NativeCodeLoader: Unable to load native-hadoop library for your platform... using builtin-java classes where applicable
[2026-07-21T13:02:03.012+0000] {subprocess.py:93} INFO - 26/07/21 13:02:03 INFO SparkContext: Running Spark version 3.5.1
[2026-07-21T13:02:03.013+0000] {subprocess.py:93} INFO - 26/07/21 13:02:03 INFO SparkContext: OS info Linux, 6.18.33.2-microsoft-standard-WSL2, amd64
[2026-07-21T13:02:03.014+0000] {subprocess.py:93} INFO - 26/07/21 13:02:03 INFO SparkContext: Java version 11.0.22
[2026-07-21T13:02:03.039+0000] {subprocess.py:93} INFO - 26/07/21 13:02:03 INFO ResourceUtils: ==============================================================
[2026-07-21T13:02:03.040+0000] {subprocess.py:93} INFO - 26/07/21 13:02:03 INFO ResourceUtils: No custom resources configured for spark.driver.
[2026-07-21T13:02:03.041+0000] {subprocess.py:93} INFO - 26/07/21 13:02:03 INFO ResourceUtils: ==============================================================
[2026-07-21T13:02:03.042+0000] {subprocess.py:93} INFO - 26/07/21 13:02:03 INFO SparkContext: Submitted application: SDP-Silver
[2026-07-21T13:02:03.058+0000] {subprocess.py:93} INFO - 26/07/21 13:02:03 INFO ResourceProfile: Default ResourceProfile created, executor resources: Map(cores -> name: cores, amount: 1, script: , vendor: , memory -> name: memory, amount: 512, script: , vendor: , offHeap -> name: offHeap, amount: 0, script: , vendor: ), task resources: Map(cpus -> name: cpus, amount: 1.0)
[2026-07-21T13:02:03.069+0000] {subprocess.py:93} INFO - 26/07/21 13:02:03 INFO ResourceProfile: Limiting resource is cpus at 1 tasks per executor
[2026-07-21T13:02:03.071+0000] {subprocess.py:93} INFO - 26/07/21 13:02:03 INFO ResourceProfileManager: Added ResourceProfile id: 0
[2026-07-21T13:02:03.122+0000] {subprocess.py:93} INFO - 26/07/21 13:02:03 INFO SecurityManager: Changing view acls to: spark
[2026-07-21T13:02:03.123+0000] {subprocess.py:93} INFO - 26/07/21 13:02:03 INFO SecurityManager: Changing modify acls to: spark
[2026-07-21T13:02:03.124+0000] {subprocess.py:93} INFO - 26/07/21 13:02:03 INFO SecurityManager: Changing view acls groups to:
[2026-07-21T13:02:03.125+0000] {subprocess.py:93} INFO - 26/07/21 13:02:03 INFO SecurityManager: Changing modify acls groups to:
[2026-07-21T13:02:03.126+0000] {subprocess.py:93} INFO - 26/07/21 13:02:03 INFO SecurityManager: SecurityManager: authentication disabled; ui acls disabled; users with view permissions: spark; groups with view permissions: EMPTY; users with modify permissions: spark; groups with modify permissions: EMPTY
[2026-07-21T13:02:03.351+0000] {subprocess.py:93} INFO - 26/07/21 13:02:03 INFO Utils: Successfully started service 'sparkDriver' on port 34729.
[2026-07-21T13:02:03.380+0000] {subprocess.py:93} INFO - 26/07/21 13:02:03 INFO SparkEnv: Registering MapOutputTracker
[2026-07-21T13:02:03.411+0000] {subprocess.py:93} INFO - 26/07/21 13:02:03 INFO SparkEnv: Registering BlockManagerMaster
[2026-07-21T13:02:03.426+0000] {subprocess.py:93} INFO - 26/07/21 13:02:03 INFO BlockManagerMasterEndpoint: Using org.apache.spark.storage.DefaultTopologyMapper for getting topology information
[2026-07-21T13:02:03.427+0000] {subprocess.py:93} INFO - 26/07/21 13:02:03 INFO BlockManagerMasterEndpoint: BlockManagerMasterEndpoint up
[2026-07-21T13:02:03.431+0000] {subprocess.py:93} INFO - 26/07/21 13:02:03 INFO SparkEnv: Registering BlockManagerMasterHeartbeat
[2026-07-21T13:02:03.452+0000] {subprocess.py:93} INFO - 26/07/21 13:02:03 INFO DiskBlockManager: Created local directory at /tmp/blockmgr-775898ec-051c-4a1b-95ca-66a013278bb8
[2026-07-21T13:02:03.463+0000] {subprocess.py:93} INFO - 26/07/21 13:02:03 INFO MemoryStore: MemoryStore started with capacity 434.4 MiB
[2026-07-21T13:02:03.475+0000] {subprocess.py:93} INFO - 26/07/21 13:02:03 INFO SparkEnv: Registering OutputCommitCoordinator
[2026-07-21T13:02:03.579+0000] {subprocess.py:93} INFO - 26/07/21 13:02:03 INFO JettyUtils: Start Jetty 0.0.0.0:4040 for SparkUI
[2026-07-21T13:02:03.629+0000] {subprocess.py:93} INFO - 26/07/21 13:02:03 INFO Utils: Successfully started service 'SparkUI' on port 4040.
[2026-07-21T13:02:03.663+0000] {subprocess.py:93} INFO - 26/07/21 13:02:03 INFO SparkContext: Added JAR file:///opt/jars/delta-spark_2.12-3.2.0.jar at spark://d1c0cc2a9639:34729/jars/delta-spark_2.12-3.2.0.jar with timestamp 1784638923004
[2026-07-21T13:02:03.664+0000] {subprocess.py:93} INFO - 26/07/21 13:02:03 INFO SparkContext: Added JAR file:///opt/jars/delta-storage-3.2.0.jar at spark://d1c0cc2a9639:34729/jars/delta-storage-3.2.0.jar with timestamp 1784638923004
[2026-07-21T13:02:03.665+0000] {subprocess.py:93} INFO - 26/07/21 13:02:03 INFO SparkContext: Added JAR file:///opt/jars/spark-sql-kafka-0-10_2.12-3.5.1.jar at spark://d1c0cc2a9639:34729/jars/spark-sql-kafka-0-10_2.12-3.5.1.jar with timestamp 1784638923004
[2026-07-21T13:02:03.666+0000] {subprocess.py:93} INFO - 26/07/21 13:02:03 INFO SparkContext: Added JAR file:///opt/jars/kafka-clients-3.4.1.jar at spark://d1c0cc2a9639:34729/jars/kafka-clients-3.4.1.jar with timestamp 1784638923004
[2026-07-21T13:02:03.667+0000] {subprocess.py:93} INFO - 26/07/21 13:02:03 INFO SparkContext: Added JAR file:///opt/jars/spark-token-provider-kafka-0-10_2.12-3.5.1.jar at spark://d1c0cc2a9639:34729/jars/spark-token-provider-kafka-0-10_2.12-3.5.1.jar with timestamp 1784638923004
[2026-07-21T13:02:03.668+0000] {subprocess.py:93} INFO - 26/07/21 13:02:03 INFO SparkContext: Added JAR file:///opt/jars/commons-pool2-2.11.1.jar at spark://d1c0cc2a9639:34729/jars/commons-pool2-2.11.1.jar with timestamp 1784638923004
[2026-07-21T13:02:03.733+0000] {subprocess.py:93} INFO - 26/07/21 13:02:03 INFO StandaloneAppClient$ClientEndpoint: Connecting to master spark://sdp-spark-master:7077...
[2026-07-21T13:02:03.771+0000] {subprocess.py:93} INFO - 26/07/21 13:02:03 INFO TransportClientFactory: Successfully created connection to sdp-spark-master/172.18.0.4:7077 after 20 ms (0 ms spent in bootstraps)
[2026-07-21T13:02:03.839+0000] {subprocess.py:93} INFO - 26/07/21 13:02:03 INFO StandaloneSchedulerBackend: Connected to Spark cluster with app ID app-20260721130203-0147
[2026-07-21T13:02:03.840+0000] {subprocess.py:93} INFO - 26/07/21 13:02:03 INFO StandaloneAppClient$ClientEndpoint: Executor added: app-20260721130203-0147/0 on worker-20260716063602-172.18.0.5-44367 (172.18.0.5:44367) with 1 core(s)
[2026-07-21T13:02:03.848+0000] {subprocess.py:93} INFO - 26/07/21 13:02:03 INFO StandaloneSchedulerBackend: Granted executor ID app-20260721130203-0147/0 on hostPort 172.18.0.5:44367 with 1 core(s), 512.0 MiB RAM
[2026-07-21T13:02:03.850+0000] {subprocess.py:93} INFO - 26/07/21 13:02:03 INFO StandaloneAppClient$ClientEndpoint: Executor added: app-20260721130203-0147/1 on worker-20260716063602-172.18.0.5-44367 (172.18.0.5:44367) with 1 core(s)
[2026-07-21T13:02:03.852+0000] {subprocess.py:93} INFO - 26/07/21 13:02:03 INFO StandaloneSchedulerBackend: Granted executor ID app-20260721130203-0147/1 on hostPort 172.18.0.5:44367 with 1 core(s), 512.0 MiB RAM
[2026-07-21T13:02:03.856+0000] {subprocess.py:93} INFO - 26/07/21 13:02:03 INFO StandaloneAppClient$ClientEndpoint: Executor added: app-20260721130203-0147/2 on worker-20260716063602-172.18.0.6-33249 (172.18.0.6:33249) with 1 core(s)
[2026-07-21T13:02:03.858+0000] {subprocess.py:93} INFO - 26/07/21 13:02:03 INFO StandaloneSchedulerBackend: Granted executor ID app-20260721130203-0147/2 on hostPort 172.18.0.6:33249 with 1 core(s), 512.0 MiB RAM
[2026-07-21T13:02:03.859+0000] {subprocess.py:93} INFO - 26/07/21 13:02:03 INFO Utils: Successfully started service 'org.apache.spark.network.netty.NettyBlockTransferService' on port 36919.
[2026-07-21T13:02:03.860+0000] {subprocess.py:93} INFO - 26/07/21 13:02:03 INFO NettyBlockTransferService: Server created on d1c0cc2a9639:36919
[2026-07-21T13:02:03.861+0000] {subprocess.py:93} INFO - 26/07/21 13:02:03 INFO BlockManager: Using org.apache.spark.storage.RandomBlockReplicationPolicy for block replication policy
[2026-07-21T13:02:03.868+0000] {subprocess.py:93} INFO - 26/07/21 13:02:03 INFO BlockManagerMaster: Registering BlockManager BlockManagerId(driver, d1c0cc2a9639, 36919, None)
[2026-07-21T13:02:03.876+0000] {subprocess.py:93} INFO - 26/07/21 13:02:03 INFO BlockManagerMasterEndpoint: Registering block manager d1c0cc2a9639:36919 with 434.4 MiB RAM, BlockManagerId(driver, d1c0cc2a9639, 36919, None)
[2026-07-21T13:02:03.893+0000] {subprocess.py:93} INFO - 26/07/21 13:02:03 INFO BlockManagerMaster: Registered BlockManager BlockManagerId(driver, d1c0cc2a9639, 36919, None)
[2026-07-21T13:02:03.938+0000] {subprocess.py:93} INFO - 26/07/21 13:02:03 INFO BlockManager: Initialized BlockManager: BlockManagerId(driver, d1c0cc2a9639, 36919, None)
[2026-07-21T13:02:03.939+0000] {subprocess.py:93} INFO - 26/07/21 13:02:03 INFO StandaloneAppClient$ClientEndpoint: Executor updated: app-20260721130203-0147/2 is now RUNNING
[2026-07-21T13:02:03.940+0000] {subprocess.py:93} INFO - 26/07/21 13:02:03 INFO StandaloneAppClient$ClientEndpoint: Executor updated: app-20260721130203-0147/1 is now RUNNING
[2026-07-21T13:02:03.944+0000] {subprocess.py:93} INFO - 26/07/21 13:02:03 INFO StandaloneAppClient$ClientEndpoint: Executor updated: app-20260721130203-0147/0 is now RUNNING
[2026-07-21T13:02:04.239+0000] {subprocess.py:93} INFO - 26/07/21 13:02:04 INFO StandaloneSchedulerBackend: SchedulerBackend is ready for scheduling beginning after reached minRegisteredResourcesRatio: 0.0
[2026-07-21T13:02:04.706+0000] {subprocess.py:93} INFO - Starting silver stream: orders --->>  /opt/data/silver/orders
[2026-07-21T13:02:19.091+0000] {subprocess.py:93} INFO - 26/07/21 13:02:19 WARN ResolveWriteToStream: spark.sql.adaptive.enabled is not supported in streaming DataFrames/Datasets and will be disabled.
[2026-07-21T13:02:19.202+0000] {subprocess.py:93} INFO - Silver stream started: /opt/data/bronze/orders --->> /opt/data/silver/orders
[2026-07-21T13:02:19.207+0000] {subprocess.py:93} INFO - Starting silver stream: customers --->>  /opt/data/silver/customers
[2026-07-21T13:02:23.046+0000] {subprocess.py:93} INFO - 26/07/21 13:02:23 WARN ResolveWriteToStream: spark.sql.adaptive.enabled is not supported in streaming DataFrames/Datasets and will be disabled.
[2026-07-21T13:02:23.116+0000] {subprocess.py:93} INFO - Silver stream started: /opt/data/bronze/customers --->> /opt/data/silver/customers
[2026-07-21T13:02:23.124+0000] {subprocess.py:93} INFO - Starting silver stream: products --->>  /opt/data/silver/products
[2026-07-21T13:02:28.046+0000] {subprocess.py:93} INFO - 26/07/21 13:02:28 WARN ResolveWriteToStream: spark.sql.adaptive.enabled is not supported in streaming DataFrames/Datasets and will be disabled.
[2026-07-21T13:02:28.109+0000] {subprocess.py:93} INFO - Silver stream started: /opt/data/bronze/products --->> /opt/data/silver/products
[2026-07-21T13:02:31.269+0000] {subprocess.py:93} INFO - 26/07/21 13:02:31 WARN SparkStringUtils: Truncated the string representation of a plan since it was too large. This behavior can be adjusted by setting 'spark.sql.debug.maxToStringFields'.
[2026-07-21T13:04:02.523+0000] {subprocess.py:97} INFO - Command exited with return code 0
[2026-07-21T13:04:02.525+0000] {taskinstance.py:441} INFO - ::group::Post task execution logs
[2026-07-21T13:04:02.565+0000] {taskinstance.py:1205} INFO - Marking task as SUCCESS. dag_id=e-commerce_kafka_streaming_pipeline_v1, task_id=run_silver, execution_date=20260721T120000, start_date=20260721T130200, end_date=20260721T130402
[2026-07-21T13:04:02.613+0000] {local_task_job_runner.py:240} INFO - Task exited with return code 0
[2026-07-21T13:04:02.643+0000] {taskinstance.py:3482} INFO - 1 downstream tasks scheduled from follow-on schedule check
[2026-07-21T13:04:02.646+0000] {local_task_job_runner.py:222} INFO - ::endgroup::
