[2026-07-17T10:45:30.020+0000] {local_task_job_runner.py:120} INFO - ::group::Pre task execution logs
[2026-07-17T10:45:30.151+0000] {taskinstance.py:2073} INFO - Dependencies all met for dep_context=non-requeueable deps ti=<TaskInstance: e-commerce_kafka_streaming_pipeline_v1.produce_messages scheduled__2026-07-17T08:00:00+00:00 [queued]>
[2026-07-17T10:45:30.179+0000] {taskinstance.py:2073} INFO - Dependencies all met for dep_context=requeueable deps ti=<TaskInstance: e-commerce_kafka_streaming_pipeline_v1.produce_messages scheduled__2026-07-17T08:00:00+00:00 [queued]>
[2026-07-17T10:45:30.190+0000] {taskinstance.py:2303} INFO - Starting attempt 1 of 2
[2026-07-17T10:45:30.236+0000] {taskinstance.py:2327} INFO - Executing <Task(BashOperator): produce_messages> on 2026-07-17 08:00:00+00:00
[2026-07-17T10:45:30.257+0000] {standard_task_runner.py:90} INFO - Running: ['***', 'tasks', 'run', 'e-commerce_kafka_streaming_pipeline_v1', 'produce_messages', 'scheduled__2026-07-17T08:00:00+00:00', '--job-id', '130', '--raw', '--subdir', 'DAGS_FOLDER/sdp_pipeline_dag.py', '--cfg-path', '/tmp/tmpel63mtok']
[2026-07-17T10:45:30.273+0000] {standard_task_runner.py:91} INFO - Job 130: Subtask produce_messages
[2026-07-17T10:45:30.274+0000] {logging_mixin.py:188} WARNING - /home/***/.local/lib/python3.12/site-packages/***/task/task_runner/standard_task_runner.py:61 DeprecationWarning: This process (pid=3842) is multi-threaded, use of fork() may lead to deadlocks in the child.
[2026-07-17T10:45:30.288+0000] {standard_task_runner.py:63} INFO - Started process 3846 to run task
[2026-07-17T10:45:30.455+0000] {task_command.py:426} INFO - Running <TaskInstance: e-commerce_kafka_streaming_pipeline_v1.produce_messages scheduled__2026-07-17T08:00:00+00:00 [running]> on host da27550080bf
[2026-07-17T10:45:30.807+0000] {taskinstance.py:2644} INFO - Exporting env vars: AIRFLOW_CTX_DAG_OWNER='dev' AIRFLOW_CTX_DAG_ID='e-commerce_kafka_streaming_pipeline_v1' AIRFLOW_CTX_TASK_ID='produce_messages' AIRFLOW_CTX_EXECUTION_DATE='2026-07-17T08:00:00+00:00' AIRFLOW_CTX_TRY_NUMBER='1' AIRFLOW_CTX_DAG_RUN_ID='scheduled__2026-07-17T08:00:00+00:00'
[2026-07-17T10:45:30.826+0000] {taskinstance.py:430} INFO - ::endgroup::
[2026-07-17T10:45:30.907+0000] {subprocess.py:63} INFO - Tmp dir root location: /tmp
[2026-07-17T10:45:30.969+0000] {subprocess.py:75} INFO - Running command: ['/usr/bin/bash', '-c', 'python3 /opt/pipelines/api_to_kafka.py']
[2026-07-17T10:45:31.008+0000] {subprocess.py:86} INFO - Output:
[2026-07-17T10:45:32.775+0000] {subprocess.py:93} INFO - Error publishing to orders: HTTPSConnectionPool(host='fakestoreapi.com', port=443): Max retries exceeded with url: /carts (Caused by NewConnectionError('<urllib3.connection.HTTPSConnection object at 0x7b18ae80b260>: Failed to establish a new connection: [Errno -2] Name or service not known'))
[2026-07-17T10:45:32.776+0000] {subprocess.py:93} INFO - Error publishing to customers: HTTPSConnectionPool(host='fakestoreapi.com', port=443): Max retries exceeded with url: /users (Caused by NewConnectionError('<urllib3.connection.HTTPSConnection object at 0x7b18ae339250>: Failed to establish a new connection: [Errno -2] Name or service not known'))
[2026-07-17T10:45:32.778+0000] {subprocess.py:93} INFO - Error publishing to products: HTTPSConnectionPool(host='fakestoreapi.com', port=443): Max retries exceeded with url: /products (Caused by NewConnectionError('<urllib3.connection.HTTPSConnection object at 0x7b18ae339340>: Failed to establish a new connection: [Errno -2] Name or service not known'))
[2026-07-17T10:45:32.875+0000] {subprocess.py:97} INFO - Command exited with return code 0
[2026-07-17T10:45:32.877+0000] {taskinstance.py:441} INFO - ::group::Post task execution logs
[2026-07-17T10:45:32.913+0000] {taskinstance.py:1205} INFO - Marking task as SUCCESS. dag_id=e-commerce_kafka_streaming_pipeline_v1, task_id=produce_messages, execution_date=20260717T080000, start_date=20260717T104530, end_date=20260717T104532
[2026-07-17T10:45:32.972+0000] {local_task_job_runner.py:240} INFO - Task exited with return code 0
[2026-07-17T10:45:33.004+0000] {taskinstance.py:3482} INFO - 1 downstream tasks scheduled from follow-on schedule check
[2026-07-17T10:45:33.007+0000] {local_task_job_runner.py:222} INFO - ::endgroup::
