[2026-07-17T06:18:52.962+0000] {local_task_job_runner.py:120} INFO - ::group::Pre task execution logs
[2026-07-17T06:18:53.008+0000] {taskinstance.py:2073} INFO - Dependencies all met for dep_context=non-requeueable deps ti=<TaskInstance: e-commerce_kafka_streaming_pipeline_v1.run_gold scheduled__2026-07-17T05:00:00+00:00 [queued]>
[2026-07-17T06:18:53.021+0000] {taskinstance.py:2073} INFO - Dependencies all met for dep_context=requeueable deps ti=<TaskInstance: e-commerce_kafka_streaming_pipeline_v1.run_gold scheduled__2026-07-17T05:00:00+00:00 [queued]>
[2026-07-17T06:18:53.022+0000] {taskinstance.py:2303} INFO - Starting attempt 1 of 2
[2026-07-17T06:18:53.038+0000] {taskinstance.py:2327} INFO - Executing <Task(BashOperator): run_gold> on 2026-07-17 05:00:00+00:00
[2026-07-17T06:18:53.049+0000] {standard_task_runner.py:90} INFO - Running: ['***', 'tasks', 'run', 'e-commerce_kafka_streaming_pipeline_v1', 'run_gold', 'scheduled__2026-07-17T05:00:00+00:00', '--job-id', '113', '--raw', '--subdir', 'DAGS_FOLDER/sdp_pipeline_dag.py', '--cfg-path', '/tmp/tmp60lfk80n']
[2026-07-17T06:18:53.052+0000] {standard_task_runner.py:91} INFO - Job 113: Subtask run_gold
[2026-07-17T06:18:53.061+0000] {logging_mixin.py:188} WARNING - /home/***/.local/lib/python3.12/site-packages/***/task/task_runner/standard_task_runner.py:61 DeprecationWarning: This process (pid=3273) is multi-threaded, use of fork() may lead to deadlocks in the child.
[2026-07-17T06:18:53.064+0000] {standard_task_runner.py:63} INFO - Started process 3274 to run task
[2026-07-17T06:18:53.121+0000] {task_command.py:426} INFO - Running <TaskInstance: e-commerce_kafka_streaming_pipeline_v1.run_gold scheduled__2026-07-17T05:00:00+00:00 [running]> on host da27550080bf
[2026-07-17T06:18:53.214+0000] {taskinstance.py:2644} INFO - Exporting env vars: AIRFLOW_CTX_DAG_OWNER='dev' AIRFLOW_CTX_DAG_ID='e-commerce_kafka_streaming_pipeline_v1' AIRFLOW_CTX_TASK_ID='run_gold' AIRFLOW_CTX_EXECUTION_DATE='2026-07-17T05:00:00+00:00' AIRFLOW_CTX_TRY_NUMBER='1' AIRFLOW_CTX_DAG_RUN_ID='scheduled__2026-07-17T05:00:00+00:00'
[2026-07-17T06:18:53.216+0000] {taskinstance.py:430} INFO - ::endgroup::
[2026-07-17T06:18:53.230+0000] {subprocess.py:63} INFO - Tmp dir root location: /tmp
[2026-07-17T06:18:53.232+0000] {subprocess.py:75} INFO - Running command: ['/usr/bin/bash', '-c', 'docker run --rm --network streaming_kafka_project_sdp-net --volume /d/Streaming_kafka_project/pipelines:/opt/pipelines --volume /d/Streaming_kafka_project/data:/opt/data --volume /d/Streaming_kafka_project/checkpoints:/opt/checkpoints --volume /d/Streaming_kafka_project/jars:/opt/jars apache/spark:3.5.1 /opt/spark/bin/spark-submit --master spark://sdp-spark-master:7077 --executor-cores 1 --executor-memory 512m --total-executor-cores 3 --jars /opt/jars/delta-spark_2.12-3.2.0.jar,/opt/jars/delta-storage-3.2.0.jar,/opt/jars/spark-sql-kafka-0-10_2.12-3.5.1.jar,/opt/jars/kafka-clients-3.4.1.jar,/opt/jars/spark-token-provider-kafka-0-10_2.12-3.5.1.jar,/opt/jars/commons-pool2-2.11.1.jar --conf spark.sql.extensions=io.delta.sql.DeltaSparkSessionExtension --conf spark.sql.catalog.spark_catalog=org.apache.spark.sql.delta.catalog.DeltaCatalog  /opt/pipelines/gold_runner.py']
[2026-07-17T06:18:53.244+0000] {subprocess.py:86} INFO - Output:
[2026-07-17T06:18:56.165+0000] {subprocess.py:93} INFO - 26/07/17 06:18:56 WARN NativeCodeLoader: Unable to load native-hadoop library for your platform... using builtin-java classes where applicable
[2026-07-17T06:18:57.091+0000] {subprocess.py:93} INFO - 26/07/17 06:18:57 INFO SparkContext: Running Spark version 3.5.1
[2026-07-17T06:18:57.093+0000] {subprocess.py:93} INFO - 26/07/17 06:18:57 INFO SparkContext: OS info Linux, 6.18.33.2-microsoft-standard-WSL2, amd64
[2026-07-17T06:18:57.094+0000] {subprocess.py:93} INFO - 26/07/17 06:18:57 INFO SparkContext: Java version 11.0.22
[2026-07-17T06:18:57.127+0000] {subprocess.py:93} INFO - 26/07/17 06:18:57 INFO ResourceUtils: ==============================================================
[2026-07-17T06:18:57.129+0000] {subprocess.py:93} INFO - 26/07/17 06:18:57 INFO ResourceUtils: No custom resources configured for spark.driver.
[2026-07-17T06:18:57.130+0000] {subprocess.py:93} INFO - 26/07/17 06:18:57 INFO ResourceUtils: ==============================================================
[2026-07-17T06:18:57.131+0000] {subprocess.py:93} INFO - 26/07/17 06:18:57 INFO SparkContext: Submitted application: SDP-Gold
[2026-07-17T06:18:57.152+0000] {subprocess.py:93} INFO - 26/07/17 06:18:57 INFO ResourceProfile: Default ResourceProfile created, executor resources: Map(cores -> name: cores, amount: 1, script: , vendor: , memory -> name: memory, amount: 512, script: , vendor: , offHeap -> name: offHeap, amount: 0, script: , vendor: ), task resources: Map(cpus -> name: cpus, amount: 1.0)
[2026-07-17T06:18:57.164+0000] {subprocess.py:93} INFO - 26/07/17 06:18:57 INFO ResourceProfile: Limiting resource is cpus at 1 tasks per executor
[2026-07-17T06:18:57.166+0000] {subprocess.py:93} INFO - 26/07/17 06:18:57 INFO ResourceProfileManager: Added ResourceProfile id: 0
[2026-07-17T06:18:57.269+0000] {subprocess.py:93} INFO - 26/07/17 06:18:57 INFO SecurityManager: Changing view acls to: spark
[2026-07-17T06:18:57.271+0000] {subprocess.py:93} INFO - 26/07/17 06:18:57 INFO SecurityManager: Changing modify acls to: spark
[2026-07-17T06:18:57.275+0000] {subprocess.py:93} INFO - 26/07/17 06:18:57 INFO SecurityManager: Changing view acls groups to:
[2026-07-17T06:18:57.277+0000] {subprocess.py:93} INFO - 26/07/17 06:18:57 INFO SecurityManager: Changing modify acls groups to:
[2026-07-17T06:18:57.282+0000] {subprocess.py:93} INFO - 26/07/17 06:18:57 INFO SecurityManager: SecurityManager: authentication disabled; ui acls disabled; users with view permissions: spark; groups with view permissions: EMPTY; users with modify permissions: spark; groups with modify permissions: EMPTY
[2026-07-17T06:18:57.687+0000] {subprocess.py:93} INFO - 26/07/17 06:18:57 INFO Utils: Successfully started service 'sparkDriver' on port 38121.
[2026-07-17T06:18:57.735+0000] {subprocess.py:93} INFO - 26/07/17 06:18:57 INFO SparkEnv: Registering MapOutputTracker
[2026-07-17T06:18:57.794+0000] {subprocess.py:93} INFO - 26/07/17 06:18:57 INFO SparkEnv: Registering BlockManagerMaster
[2026-07-17T06:18:57.823+0000] {subprocess.py:93} INFO - 26/07/17 06:18:57 INFO BlockManagerMasterEndpoint: Using org.apache.spark.storage.DefaultTopologyMapper for getting topology information
[2026-07-17T06:18:57.826+0000] {subprocess.py:93} INFO - 26/07/17 06:18:57 INFO BlockManagerMasterEndpoint: BlockManagerMasterEndpoint up
[2026-07-17T06:18:57.833+0000] {subprocess.py:93} INFO - 26/07/17 06:18:57 INFO SparkEnv: Registering BlockManagerMasterHeartbeat
[2026-07-17T06:18:57.866+0000] {subprocess.py:93} INFO - 26/07/17 06:18:57 INFO DiskBlockManager: Created local directory at /tmp/blockmgr-b2683997-e20e-4832-b0e6-ba3324a8ea62
[2026-07-17T06:18:57.889+0000] {subprocess.py:93} INFO - 26/07/17 06:18:57 INFO MemoryStore: MemoryStore started with capacity 434.4 MiB
[2026-07-17T06:18:57.922+0000] {subprocess.py:93} INFO - 26/07/17 06:18:57 INFO SparkEnv: Registering OutputCommitCoordinator
[2026-07-17T06:18:58.160+0000] {subprocess.py:93} INFO - 26/07/17 06:18:58 INFO JettyUtils: Start Jetty 0.0.0.0:4040 for SparkUI
[2026-07-17T06:18:58.223+0000] {subprocess.py:93} INFO - 26/07/17 06:18:58 INFO Utils: Successfully started service 'SparkUI' on port 4040.
[2026-07-17T06:18:58.271+0000] {subprocess.py:93} INFO - 26/07/17 06:18:58 INFO SparkContext: Added JAR file:///opt/jars/delta-spark_2.12-3.2.0.jar at spark://c0f3836b84b2:38121/jars/delta-spark_2.12-3.2.0.jar with timestamp 1784269137079
[2026-07-17T06:18:58.273+0000] {subprocess.py:93} INFO - 26/07/17 06:18:58 INFO SparkContext: Added JAR file:///opt/jars/delta-storage-3.2.0.jar at spark://c0f3836b84b2:38121/jars/delta-storage-3.2.0.jar with timestamp 1784269137079
[2026-07-17T06:18:58.274+0000] {subprocess.py:93} INFO - 26/07/17 06:18:58 INFO SparkContext: Added JAR file:///opt/jars/spark-sql-kafka-0-10_2.12-3.5.1.jar at spark://c0f3836b84b2:38121/jars/spark-sql-kafka-0-10_2.12-3.5.1.jar with timestamp 1784269137079
[2026-07-17T06:18:58.275+0000] {subprocess.py:93} INFO - 26/07/17 06:18:58 INFO SparkContext: Added JAR file:///opt/jars/kafka-clients-3.4.1.jar at spark://c0f3836b84b2:38121/jars/kafka-clients-3.4.1.jar with timestamp 1784269137079
[2026-07-17T06:18:58.276+0000] {subprocess.py:93} INFO - 26/07/17 06:18:58 INFO SparkContext: Added JAR file:///opt/jars/spark-token-provider-kafka-0-10_2.12-3.5.1.jar at spark://c0f3836b84b2:38121/jars/spark-token-provider-kafka-0-10_2.12-3.5.1.jar with timestamp 1784269137079
[2026-07-17T06:18:58.277+0000] {subprocess.py:93} INFO - 26/07/17 06:18:58 INFO SparkContext: Added JAR file:///opt/jars/commons-pool2-2.11.1.jar at spark://c0f3836b84b2:38121/jars/commons-pool2-2.11.1.jar with timestamp 1784269137079
[2026-07-17T06:18:58.384+0000] {subprocess.py:93} INFO - 26/07/17 06:18:58 INFO StandaloneAppClient$ClientEndpoint: Connecting to master spark://sdp-spark-master:7077...
[2026-07-17T06:18:58.443+0000] {subprocess.py:93} INFO - 26/07/17 06:18:58 INFO TransportClientFactory: Successfully created connection to sdp-spark-master/172.18.0.4:7077 after 30 ms (0 ms spent in bootstraps)
[2026-07-17T06:18:58.532+0000] {subprocess.py:93} INFO - 26/07/17 06:18:58 INFO StandaloneSchedulerBackend: Connected to Spark cluster with app ID app-20260717061858-0054
[2026-07-17T06:18:58.537+0000] {subprocess.py:93} INFO - 26/07/17 06:18:58 INFO StandaloneAppClient$ClientEndpoint: Executor added: app-20260717061858-0054/0 on worker-20260716063602-172.18.0.6-33249 (172.18.0.6:33249) with 1 core(s)
[2026-07-17T06:18:58.541+0000] {subprocess.py:93} INFO - 26/07/17 06:18:58 INFO StandaloneSchedulerBackend: Granted executor ID app-20260717061858-0054/0 on hostPort 172.18.0.6:33249 with 1 core(s), 512.0 MiB RAM
[2026-07-17T06:18:58.546+0000] {subprocess.py:93} INFO - 26/07/17 06:18:58 INFO StandaloneAppClient$ClientEndpoint: Executor added: app-20260717061858-0054/1 on worker-20260716063602-172.18.0.6-33249 (172.18.0.6:33249) with 1 core(s)
[2026-07-17T06:18:58.548+0000] {subprocess.py:93} INFO - 26/07/17 06:18:58 INFO StandaloneSchedulerBackend: Granted executor ID app-20260717061858-0054/1 on hostPort 172.18.0.6:33249 with 1 core(s), 512.0 MiB RAM
[2026-07-17T06:18:58.550+0000] {subprocess.py:93} INFO - 26/07/17 06:18:58 INFO StandaloneAppClient$ClientEndpoint: Executor added: app-20260717061858-0054/2 on worker-20260716063602-172.18.0.5-44367 (172.18.0.5:44367) with 1 core(s)
[2026-07-17T06:18:58.552+0000] {subprocess.py:93} INFO - 26/07/17 06:18:58 INFO StandaloneSchedulerBackend: Granted executor ID app-20260717061858-0054/2 on hostPort 172.18.0.5:44367 with 1 core(s), 512.0 MiB RAM
[2026-07-17T06:18:58.554+0000] {subprocess.py:93} INFO - 26/07/17 06:18:58 INFO Utils: Successfully started service 'org.apache.spark.network.netty.NettyBlockTransferService' on port 39585.
[2026-07-17T06:18:58.555+0000] {subprocess.py:93} INFO - 26/07/17 06:18:58 INFO NettyBlockTransferService: Server created on c0f3836b84b2:39585
[2026-07-17T06:18:58.559+0000] {subprocess.py:93} INFO - 26/07/17 06:18:58 INFO BlockManager: Using org.apache.spark.storage.RandomBlockReplicationPolicy for block replication policy
[2026-07-17T06:18:58.570+0000] {subprocess.py:93} INFO - 26/07/17 06:18:58 INFO BlockManagerMaster: Registering BlockManager BlockManagerId(driver, c0f3836b84b2, 39585, None)
[2026-07-17T06:18:58.582+0000] {subprocess.py:93} INFO - 26/07/17 06:18:58 INFO BlockManagerMasterEndpoint: Registering block manager c0f3836b84b2:39585 with 434.4 MiB RAM, BlockManagerId(driver, c0f3836b84b2, 39585, None)
[2026-07-17T06:18:58.584+0000] {subprocess.py:93} INFO - 26/07/17 06:18:58 INFO BlockManagerMaster: Registered BlockManager BlockManagerId(driver, c0f3836b84b2, 39585, None)
[2026-07-17T06:18:58.588+0000] {subprocess.py:93} INFO - 26/07/17 06:18:58 INFO BlockManager: Initialized BlockManager: BlockManagerId(driver, c0f3836b84b2, 39585, None)
[2026-07-17T06:18:58.610+0000] {subprocess.py:93} INFO - 26/07/17 06:18:58 INFO StandaloneAppClient$ClientEndpoint: Executor updated: app-20260717061858-0054/2 is now RUNNING
[2026-07-17T06:18:58.673+0000] {subprocess.py:93} INFO - 26/07/17 06:18:58 INFO StandaloneAppClient$ClientEndpoint: Executor updated: app-20260717061858-0054/0 is now RUNNING
[2026-07-17T06:18:58.706+0000] {subprocess.py:93} INFO - 26/07/17 06:18:58 INFO StandaloneAppClient$ClientEndpoint: Executor updated: app-20260717061858-0054/1 is now RUNNING
[2026-07-17T06:18:59.170+0000] {subprocess.py:93} INFO - 26/07/17 06:18:59 INFO StandaloneSchedulerBackend: SchedulerBackend is ready for scheduling beginning after reached minRegisteredResourcesRatio: 0.0
[2026-07-17T06:19:18.517+0000] {subprocess.py:93} INFO - 26/07/17 06:19:18 WARN SparkStringUtils: Truncated the string representation of a plan since it was too large. This behavior can be adjusted by setting 'spark.sql.debug.maxToStringFields'.
[2026-07-17T06:20:10.597+0000] {subprocess.py:93} INFO - Gold table written: /opt/data/gold/daily_sales  (4 rows)
[2026-07-17T06:20:27.789+0000] {subprocess.py:93} INFO - Gold table written: /opt/data/gold/product_performance  (10 rows)
[2026-07-17T06:20:45.743+0000] {subprocess.py:93} INFO - Gold table written: /opt/data/gold/customer_orders  (5 rows)
[2026-07-17T06:20:45.746+0000] {subprocess.py:93} INFO - 
[2026-07-17T06:20:45.748+0000] {subprocess.py:93} INFO - Gold pipeline complete.
[2026-07-17T06:20:46.352+0000] {subprocess.py:97} INFO - Command exited with return code 0
[2026-07-17T06:20:46.357+0000] {taskinstance.py:441} INFO - ::group::Post task execution logs
[2026-07-17T06:20:46.405+0000] {taskinstance.py:1205} INFO - Marking task as SUCCESS. dag_id=e-commerce_kafka_streaming_pipeline_v1, task_id=run_gold, execution_date=20260717T050000, start_date=20260717T061853, end_date=20260717T062046
[2026-07-17T06:20:46.469+0000] {local_task_job_runner.py:240} INFO - Task exited with return code 0
[2026-07-17T06:20:46.501+0000] {taskinstance.py:3482} INFO - 1 downstream tasks scheduled from follow-on schedule check
[2026-07-17T06:20:46.504+0000] {local_task_job_runner.py:222} INFO - ::endgroup::
