[2026-06-10T12:05:38.696+0000] {local_task_job_runner.py:120} INFO - ::group::Pre task execution logs
[2026-06-10T12:05:38.769+0000] {taskinstance.py:2073} INFO - Dependencies all met for dep_context=non-requeueable deps ti=<TaskInstance: e-commerce_kafka_streaming_pipeline_v10.run_bronze scheduled__2026-06-10T09:00:00+00:00 [queued]>
[2026-06-10T12:05:38.788+0000] {taskinstance.py:2073} INFO - Dependencies all met for dep_context=requeueable deps ti=<TaskInstance: e-commerce_kafka_streaming_pipeline_v10.run_bronze scheduled__2026-06-10T09:00:00+00:00 [queued]>
[2026-06-10T12:05:38.788+0000] {taskinstance.py:2303} INFO - Starting attempt 1 of 2
[2026-06-10T12:05:38.836+0000] {taskinstance.py:2327} INFO - Executing <Task(BashOperator): run_bronze> on 2026-06-10 09:00:00+00:00
[2026-06-10T12:05:38.880+0000] {standard_task_runner.py:90} INFO - Running: ['***', 'tasks', 'run', 'e-commerce_kafka_streaming_pipeline_v10', 'run_bronze', 'scheduled__2026-06-10T09:00:00+00:00', '--job-id', '146', '--raw', '--subdir', 'DAGS_FOLDER/sdp_pipeline_dag.py', '--cfg-path', '/tmp/tmprpsr57m5']
[2026-06-10T12:05:38.889+0000] {standard_task_runner.py:91} INFO - Job 146: Subtask run_bronze
[2026-06-10T12:05:38.901+0000] {logging_mixin.py:188} WARNING - /home/***/.local/lib/python3.12/site-packages/***/task/task_runner/standard_task_runner.py:61 DeprecationWarning: This process (pid=7378) is multi-threaded, use of fork() may lead to deadlocks in the child.
[2026-06-10T12:05:38.903+0000] {standard_task_runner.py:63} INFO - Started process 7382 to run task
[2026-06-10T12:05:39.033+0000] {task_command.py:426} INFO - Running <TaskInstance: e-commerce_kafka_streaming_pipeline_v10.run_bronze scheduled__2026-06-10T09:00:00+00:00 [running]> on host 19d9c0c71dcc
[2026-06-10T12:05:39.297+0000] {taskinstance.py:2644} INFO - Exporting env vars: AIRFLOW_CTX_DAG_OWNER='dev' AIRFLOW_CTX_DAG_ID='e-commerce_kafka_streaming_pipeline_v10' AIRFLOW_CTX_TASK_ID='run_bronze' AIRFLOW_CTX_EXECUTION_DATE='2026-06-10T09:00:00+00:00' AIRFLOW_CTX_TRY_NUMBER='1' AIRFLOW_CTX_DAG_RUN_ID='scheduled__2026-06-10T09:00:00+00:00'
[2026-06-10T12:05:39.299+0000] {taskinstance.py:430} INFO - ::endgroup::
[2026-06-10T12:05:39.373+0000] {subprocess.py:63} INFO - Tmp dir root location: /tmp
[2026-06-10T12:05:39.377+0000] {subprocess.py:75} INFO - Running command: ['/usr/bin/bash', '-c', 'timeout 120s docker run --rm --network streaming_kafka_project_sdp-net --volume /d/Streaming_kafka_project/pipelines:/opt/pipelines --volume /d/Streaming_kafka_project/data:/opt/data --volume /d/Streaming_kafka_project/checkpoints:/opt/checkpoints --volume /d/Streaming_kafka_project/jars:/opt/jars apache/spark:3.5.1 /opt/spark/bin/spark-submit --master spark://sdp-spark-master:7077 --executor-cores 1 --executor-memory 512m --total-executor-cores 3 --jars /opt/jars/delta-spark_2.12-3.2.0.jar,/opt/jars/delta-storage-3.2.0.jar,/opt/jars/spark-sql-kafka-0-10_2.12-3.5.1.jar,/opt/jars/kafka-clients-3.4.1.jar,/opt/jars/spark-token-provider-kafka-0-10_2.12-3.5.1.jar,/opt/jars/commons-pool2-2.11.1.jar --conf spark.sql.extensions=io.delta.sql.DeltaSparkSessionExtension --conf spark.sql.catalog.spark_catalog=org.apache.spark.sql.delta.catalog.DeltaCatalog  /opt/pipelines/bronze_runner.py']
[2026-06-10T12:05:39.396+0000] {subprocess.py:86} INFO - Output:
[2026-06-10T12:05:58.876+0000] {subprocess.py:93} INFO - 26/06/10 12:05:58 WARN NativeCodeLoader: Unable to load native-hadoop library for your platform... using builtin-java classes where applicable
[2026-06-10T12:06:03.330+0000] {subprocess.py:93} INFO - 26/06/10 12:06:03 INFO SparkContext: Running Spark version 3.5.1
[2026-06-10T12:06:03.334+0000] {subprocess.py:93} INFO - 26/06/10 12:06:03 INFO SparkContext: OS info Linux, 6.6.114.1-microsoft-standard-WSL2, amd64
[2026-06-10T12:06:03.335+0000] {subprocess.py:93} INFO - 26/06/10 12:06:03 INFO SparkContext: Java version 11.0.22
[2026-06-10T12:06:03.628+0000] {subprocess.py:93} INFO - 26/06/10 12:06:03 INFO ResourceUtils: ==============================================================
[2026-06-10T12:06:03.652+0000] {subprocess.py:93} INFO - 26/06/10 12:06:03 INFO ResourceUtils: No custom resources configured for spark.driver.
[2026-06-10T12:06:03.659+0000] {subprocess.py:93} INFO - 26/06/10 12:06:03 INFO ResourceUtils: ==============================================================
[2026-06-10T12:06:03.661+0000] {subprocess.py:93} INFO - 26/06/10 12:06:03 INFO SparkContext: Submitted application: SDP-Bronze
[2026-06-10T12:06:03.840+0000] {subprocess.py:93} INFO - 26/06/10 12:06:03 INFO ResourceProfile: Default ResourceProfile created, executor resources: Map(cores -> name: cores, amount: 1, script: , vendor: , memory -> name: memory, amount: 512, script: , vendor: , offHeap -> name: offHeap, amount: 0, script: , vendor: ), task resources: Map(cpus -> name: cpus, amount: 1.0)
[2026-06-10T12:06:03.913+0000] {subprocess.py:93} INFO - 26/06/10 12:06:03 INFO ResourceProfile: Limiting resource is cpus at 1 tasks per executor
[2026-06-10T12:06:03.934+0000] {subprocess.py:93} INFO - 26/06/10 12:06:03 INFO ResourceProfileManager: Added ResourceProfile id: 0
[2026-06-10T12:06:04.395+0000] {subprocess.py:93} INFO - 26/06/10 12:06:04 INFO SecurityManager: Changing view acls to: spark
[2026-06-10T12:06:04.399+0000] {subprocess.py:93} INFO - 26/06/10 12:06:04 INFO SecurityManager: Changing modify acls to: spark
[2026-06-10T12:06:04.409+0000] {subprocess.py:93} INFO - 26/06/10 12:06:04 INFO SecurityManager: Changing view acls groups to:
[2026-06-10T12:06:04.412+0000] {subprocess.py:93} INFO - 26/06/10 12:06:04 INFO SecurityManager: Changing modify acls groups to:
[2026-06-10T12:06:04.413+0000] {subprocess.py:93} INFO - 26/06/10 12:06:04 INFO SecurityManager: SecurityManager: authentication disabled; ui acls disabled; users with view permissions: spark; groups with view permissions: EMPTY; users with modify permissions: spark; groups with modify permissions: EMPTY
[2026-06-10T12:06:06.306+0000] {subprocess.py:93} INFO - 26/06/10 12:06:06 INFO Utils: Successfully started service 'sparkDriver' on port 41681.
[2026-06-10T12:06:06.556+0000] {subprocess.py:93} INFO - 26/06/10 12:06:06 INFO SparkEnv: Registering MapOutputTracker
[2026-06-10T12:06:06.812+0000] {subprocess.py:93} INFO - 26/06/10 12:06:06 INFO SparkEnv: Registering BlockManagerMaster
[2026-06-10T12:06:06.985+0000] {subprocess.py:93} INFO - 26/06/10 12:06:06 INFO BlockManagerMasterEndpoint: Using org.apache.spark.storage.DefaultTopologyMapper for getting topology information
[2026-06-10T12:06:06.992+0000] {subprocess.py:93} INFO - 26/06/10 12:06:06 INFO BlockManagerMasterEndpoint: BlockManagerMasterEndpoint up
[2026-06-10T12:06:07.016+0000] {subprocess.py:93} INFO - 26/06/10 12:06:07 INFO SparkEnv: Registering BlockManagerMasterHeartbeat
[2026-06-10T12:06:07.143+0000] {subprocess.py:93} INFO - 26/06/10 12:06:07 INFO DiskBlockManager: Created local directory at /tmp/blockmgr-6f5faeac-9b05-4880-93ab-05ab18b3f26c
[2026-06-10T12:06:07.196+0000] {subprocess.py:93} INFO - 26/06/10 12:06:07 INFO MemoryStore: MemoryStore started with capacity 434.4 MiB
[2026-06-10T12:06:07.262+0000] {subprocess.py:93} INFO - 26/06/10 12:06:07 INFO SparkEnv: Registering OutputCommitCoordinator
[2026-06-10T12:06:07.953+0000] {subprocess.py:93} INFO - 26/06/10 12:06:07 INFO JettyUtils: Start Jetty 0.0.0.0:4040 for SparkUI
[2026-06-10T12:06:08.216+0000] {subprocess.py:93} INFO - 26/06/10 12:06:08 INFO Utils: Successfully started service 'SparkUI' on port 4040.
[2026-06-10T12:06:08.403+0000] {subprocess.py:93} INFO - 26/06/10 12:06:08 INFO SparkContext: Added JAR file:///opt/jars/delta-spark_2.12-3.2.0.jar at spark://792515cb581d:41681/jars/delta-spark_2.12-3.2.0.jar with timestamp 1781093163244
[2026-06-10T12:06:08.404+0000] {subprocess.py:93} INFO - 26/06/10 12:06:08 INFO SparkContext: Added JAR file:///opt/jars/delta-storage-3.2.0.jar at spark://792515cb581d:41681/jars/delta-storage-3.2.0.jar with timestamp 1781093163244
[2026-06-10T12:06:08.413+0000] {subprocess.py:93} INFO - 26/06/10 12:06:08 INFO SparkContext: Added JAR file:///opt/jars/spark-sql-kafka-0-10_2.12-3.5.1.jar at spark://792515cb581d:41681/jars/spark-sql-kafka-0-10_2.12-3.5.1.jar with timestamp 1781093163244
[2026-06-10T12:06:08.416+0000] {subprocess.py:93} INFO - 26/06/10 12:06:08 INFO SparkContext: Added JAR file:///opt/jars/kafka-clients-3.4.1.jar at spark://792515cb581d:41681/jars/kafka-clients-3.4.1.jar with timestamp 1781093163244
[2026-06-10T12:06:08.422+0000] {subprocess.py:93} INFO - 26/06/10 12:06:08 INFO SparkContext: Added JAR file:///opt/jars/spark-token-provider-kafka-0-10_2.12-3.5.1.jar at spark://792515cb581d:41681/jars/spark-token-provider-kafka-0-10_2.12-3.5.1.jar with timestamp 1781093163244
[2026-06-10T12:06:08.423+0000] {subprocess.py:93} INFO - 26/06/10 12:06:08 INFO SparkContext: Added JAR file:///opt/jars/commons-pool2-2.11.1.jar at spark://792515cb581d:41681/jars/commons-pool2-2.11.1.jar with timestamp 1781093163244
[2026-06-10T12:06:08.948+0000] {subprocess.py:93} INFO - 26/06/10 12:06:08 INFO StandaloneAppClient$ClientEndpoint: Connecting to master spark://sdp-spark-master:7077...
[2026-06-10T12:06:09.210+0000] {subprocess.py:93} INFO - 26/06/10 12:06:09 INFO TransportClientFactory: Successfully created connection to sdp-spark-master/172.18.0.4:7077 after 146 ms (0 ms spent in bootstraps)
[2026-06-10T12:06:09.885+0000] {subprocess.py:93} INFO - 26/06/10 12:06:09 INFO StandaloneSchedulerBackend: Connected to Spark cluster with app ID app-20260610120609-0068
[2026-06-10T12:06:09.944+0000] {subprocess.py:93} INFO - 26/06/10 12:06:09 INFO StandaloneAppClient$ClientEndpoint: Executor added: app-20260610120609-0068/0 on worker-20260608131402-172.18.0.6-44005 (172.18.0.6:44005) with 1 core(s)
[2026-06-10T12:06:09.969+0000] {subprocess.py:93} INFO - 26/06/10 12:06:09 INFO StandaloneSchedulerBackend: Granted executor ID app-20260610120609-0068/0 on hostPort 172.18.0.6:44005 with 1 core(s), 512.0 MiB RAM
[2026-06-10T12:06:09.980+0000] {subprocess.py:93} INFO - 26/06/10 12:06:09 INFO StandaloneAppClient$ClientEndpoint: Executor added: app-20260610120609-0068/1 on worker-20260608131402-172.18.0.6-44005 (172.18.0.6:44005) with 1 core(s)
[2026-06-10T12:06:09.995+0000] {subprocess.py:93} INFO - 26/06/10 12:06:09 INFO StandaloneSchedulerBackend: Granted executor ID app-20260610120609-0068/1 on hostPort 172.18.0.6:44005 with 1 core(s), 512.0 MiB RAM
[2026-06-10T12:06:09.998+0000] {subprocess.py:93} INFO - 26/06/10 12:06:09 INFO StandaloneAppClient$ClientEndpoint: Executor added: app-20260610120609-0068/2 on worker-20260608131402-172.18.0.5-38399 (172.18.0.5:38399) with 1 core(s)
[2026-06-10T12:06:10.006+0000] {subprocess.py:93} INFO - 26/06/10 12:06:09 INFO StandaloneSchedulerBackend: Granted executor ID app-20260610120609-0068/2 on hostPort 172.18.0.5:38399 with 1 core(s), 512.0 MiB RAM
[2026-06-10T12:06:10.073+0000] {subprocess.py:93} INFO - 26/06/10 12:06:10 INFO Utils: Successfully started service 'org.apache.spark.network.netty.NettyBlockTransferService' on port 37515.
[2026-06-10T12:06:10.080+0000] {subprocess.py:93} INFO - 26/06/10 12:06:10 INFO NettyBlockTransferService: Server created on 792515cb581d:37515
[2026-06-10T12:06:10.094+0000] {subprocess.py:93} INFO - 26/06/10 12:06:10 INFO BlockManager: Using org.apache.spark.storage.RandomBlockReplicationPolicy for block replication policy
[2026-06-10T12:06:10.252+0000] {subprocess.py:93} INFO - 26/06/10 12:06:10 INFO BlockManagerMaster: Registering BlockManager BlockManagerId(driver, 792515cb581d, 37515, None)
[2026-06-10T12:06:10.328+0000] {subprocess.py:93} INFO - 26/06/10 12:06:10 INFO BlockManagerMasterEndpoint: Registering block manager 792515cb581d:37515 with 434.4 MiB RAM, BlockManagerId(driver, 792515cb581d, 37515, None)
[2026-06-10T12:06:10.371+0000] {subprocess.py:93} INFO - 26/06/10 12:06:10 INFO BlockManagerMaster: Registered BlockManager BlockManagerId(driver, 792515cb581d, 37515, None)
[2026-06-10T12:06:10.392+0000] {subprocess.py:93} INFO - 26/06/10 12:06:10 INFO BlockManager: Initialized BlockManager: BlockManagerId(driver, 792515cb581d, 37515, None)
[2026-06-10T12:06:10.523+0000] {subprocess.py:93} INFO - 26/06/10 12:06:10 INFO StandaloneAppClient$ClientEndpoint: Executor updated: app-20260610120609-0068/1 is now RUNNING
[2026-06-10T12:06:10.560+0000] {subprocess.py:93} INFO - 26/06/10 12:06:10 INFO StandaloneAppClient$ClientEndpoint: Executor updated: app-20260610120609-0068/2 is now RUNNING
[2026-06-10T12:06:10.728+0000] {subprocess.py:93} INFO - 26/06/10 12:06:10 INFO StandaloneAppClient$ClientEndpoint: Executor updated: app-20260610120609-0068/0 is now RUNNING
[2026-06-10T12:06:14.820+0000] {subprocess.py:93} INFO - 26/06/10 12:06:14 INFO StandaloneSchedulerBackend: SchedulerBackend is ready for scheduling beginning after reached minRegisteredResourcesRatio: 0.0
[2026-06-10T12:06:16.881+0000] {subprocess.py:93} INFO - Starting stream: orders -> /opt/data/bronze/orders
[2026-06-10T12:07:43.210+0000] {subprocess.py:97} INFO - Command exited with return code 124
[2026-06-10T12:07:43.235+0000] {taskinstance.py:441} INFO - ::group::Post task execution logs
[2026-06-10T12:07:43.350+0000] {taskinstance.py:2890} ERROR - Task failed with exception
Traceback (most recent call last):
  File "/home/airflow/.local/lib/python3.12/site-packages/airflow/models/taskinstance.py", line 465, in _execute_task
    result = _execute_callable(context=context, **execute_callable_kwargs)
             ^^^^^^^^^^^^^^^^^^^^^^^^^^^^^^^^^^^^^^^^^^^^^^^^^^^^^^^^^^^^^
  File "/home/airflow/.local/lib/python3.12/site-packages/airflow/models/taskinstance.py", line 432, in _execute_callable
    return execute_callable(context=context, **execute_callable_kwargs)
           ^^^^^^^^^^^^^^^^^^^^^^^^^^^^^^^^^^^^^^^^^^^^^^^^^^^^^^^^^^^^
  File "/home/airflow/.local/lib/python3.12/site-packages/airflow/models/baseoperator.py", line 400, in wrapper
    return func(self, *args, **kwargs)
           ^^^^^^^^^^^^^^^^^^^^^^^^^^^
  File "/home/airflow/.local/lib/python3.12/site-packages/airflow/operators/bash.py", line 243, in execute
    raise AirflowException(
airflow.exceptions.AirflowException: Bash command failed. The command returned a non-zero exit code 124.
[2026-06-10T12:07:43.407+0000] {taskinstance.py:1205} INFO - Marking task as UP_FOR_RETRY. dag_id=e-commerce_kafka_streaming_pipeline_v10, task_id=run_bronze, execution_date=20260610T090000, start_date=20260610T120538, end_date=20260610T120743
[2026-06-10T12:07:43.505+0000] {standard_task_runner.py:110} ERROR - Failed to execute job 146 for task run_bronze (Bash command failed. The command returned a non-zero exit code 124.; 7382)
[2026-06-10T12:07:43.635+0000] {local_task_job_runner.py:240} INFO - Task exited with return code 1
[2026-06-10T12:07:43.852+0000] {taskinstance.py:3482} INFO - 0 downstream tasks scheduled from follow-on schedule check
[2026-06-10T12:07:43.860+0000] {local_task_job_runner.py:222} INFO - ::endgroup::
