[2026-07-21T12:02:00.228+0000] {local_task_job_runner.py:120} INFO - ::group::Pre task execution logs
[2026-07-21T12:02:00.270+0000] {taskinstance.py:2073} INFO - Dependencies all met for dep_context=non-requeueable deps ti=<TaskInstance: e-commerce_kafka_streaming_pipeline_v1.run_silver scheduled__2026-07-21T11:00:00+00:00 [queued]>
[2026-07-21T12:02:00.286+0000] {taskinstance.py:2073} INFO - Dependencies all met for dep_context=requeueable deps ti=<TaskInstance: e-commerce_kafka_streaming_pipeline_v1.run_silver scheduled__2026-07-21T11:00:00+00:00 [queued]>
[2026-07-21T12:02:00.287+0000] {taskinstance.py:2303} INFO - Starting attempt 1 of 2
[2026-07-21T12:02:00.306+0000] {taskinstance.py:2327} INFO - Executing <Task(BashOperator): run_silver> on 2026-07-21 11:00:00+00:00
[2026-07-21T12:02:00.314+0000] {standard_task_runner.py:90} INFO - Running: ['***', 'tasks', 'run', 'e-commerce_kafka_streaming_pipeline_v1', 'run_silver', 'scheduled__2026-07-21T11:00:00+00:00', '--job-id', '309', '--raw', '--subdir', 'DAGS_FOLDER/sdp_pipeline_dag.py', '--cfg-path', '/tmp/tmp399ggun6']
[2026-07-21T12:02:00.317+0000] {standard_task_runner.py:91} INFO - Job 309: Subtask run_silver
[2026-07-21T12:02:00.317+0000] {logging_mixin.py:188} WARNING - /home/***/.local/lib/python3.12/site-packages/***/task/task_runner/standard_task_runner.py:61 DeprecationWarning: This process (pid=15939) is multi-threaded, use of fork() may lead to deadlocks in the child.
[2026-07-21T12:02:00.319+0000] {standard_task_runner.py:63} INFO - Started process 15940 to run task
[2026-07-21T12:02:00.387+0000] {task_command.py:426} INFO - Running <TaskInstance: e-commerce_kafka_streaming_pipeline_v1.run_silver scheduled__2026-07-21T11:00:00+00:00 [running]> on host da27550080bf
[2026-07-21T12:02:00.486+0000] {taskinstance.py:2644} INFO - Exporting env vars: AIRFLOW_CTX_DAG_OWNER='dev' AIRFLOW_CTX_DAG_ID='e-commerce_kafka_streaming_pipeline_v1' AIRFLOW_CTX_TASK_ID='run_silver' AIRFLOW_CTX_EXECUTION_DATE='2026-07-21T11:00:00+00:00' AIRFLOW_CTX_TRY_NUMBER='1' AIRFLOW_CTX_DAG_RUN_ID='scheduled__2026-07-21T11:00:00+00:00'
[2026-07-21T12:02:00.488+0000] {taskinstance.py:430} INFO - ::endgroup::
[2026-07-21T12:02:00.501+0000] {subprocess.py:63} INFO - Tmp dir root location: /tmp
[2026-07-21T12:02:00.503+0000] {subprocess.py:75} INFO - Running command: ['/usr/bin/bash', '-c', 'timeout 150s docker run --rm --network streaming_kafka_project_sdp-net --volume /d/Streaming_kafka_project/pipelines:/opt/pipelines --volume /d/Streaming_kafka_project/data:/opt/data --volume /d/Streaming_kafka_project/checkpoints:/opt/checkpoints --volume /d/Streaming_kafka_project/jars:/opt/jars apache/spark:3.5.1 /opt/spark/bin/spark-submit --master spark://sdp-spark-master:7077 --executor-cores 1 --executor-memory 512m --total-executor-cores 3 --jars /opt/jars/delta-spark_2.12-3.2.0.jar,/opt/jars/delta-storage-3.2.0.jar,/opt/jars/spark-sql-kafka-0-10_2.12-3.5.1.jar,/opt/jars/kafka-clients-3.4.1.jar,/opt/jars/spark-token-provider-kafka-0-10_2.12-3.5.1.jar,/opt/jars/commons-pool2-2.11.1.jar --conf spark.sql.extensions=io.delta.sql.DeltaSparkSessionExtension --conf spark.sql.catalog.spark_catalog=org.apache.spark.sql.delta.catalog.DeltaCatalog  /opt/pipelines/silver_runner.py']
[2026-07-21T12:02:00.513+0000] {subprocess.py:86} INFO - Output:
[2026-07-21T12:02:02.670+0000] {subprocess.py:93} INFO - 26/07/21 12:02:02 WARN NativeCodeLoader: Unable to load native-hadoop library for your platform... using builtin-java classes where applicable
[2026-07-21T12:02:03.270+0000] {subprocess.py:93} INFO - 26/07/21 12:02:03 INFO SparkContext: Running Spark version 3.5.1
[2026-07-21T12:02:03.272+0000] {subprocess.py:93} INFO - 26/07/21 12:02:03 INFO SparkContext: OS info Linux, 6.18.33.2-microsoft-standard-WSL2, amd64
[2026-07-21T12:02:03.274+0000] {subprocess.py:93} INFO - 26/07/21 12:02:03 INFO SparkContext: Java version 11.0.22
[2026-07-21T12:02:03.297+0000] {subprocess.py:93} INFO - 26/07/21 12:02:03 INFO ResourceUtils: ==============================================================
[2026-07-21T12:02:03.299+0000] {subprocess.py:93} INFO - 26/07/21 12:02:03 INFO ResourceUtils: No custom resources configured for spark.driver.
[2026-07-21T12:02:03.300+0000] {subprocess.py:93} INFO - 26/07/21 12:02:03 INFO ResourceUtils: ==============================================================
[2026-07-21T12:02:03.301+0000] {subprocess.py:93} INFO - 26/07/21 12:02:03 INFO SparkContext: Submitted application: SDP-Silver
[2026-07-21T12:02:03.318+0000] {subprocess.py:93} INFO - 26/07/21 12:02:03 INFO ResourceProfile: Default ResourceProfile created, executor resources: Map(cores -> name: cores, amount: 1, script: , vendor: , memory -> name: memory, amount: 512, script: , vendor: , offHeap -> name: offHeap, amount: 0, script: , vendor: ), task resources: Map(cpus -> name: cpus, amount: 1.0)
[2026-07-21T12:02:03.329+0000] {subprocess.py:93} INFO - 26/07/21 12:02:03 INFO ResourceProfile: Limiting resource is cpus at 1 tasks per executor
[2026-07-21T12:02:03.331+0000] {subprocess.py:93} INFO - 26/07/21 12:02:03 INFO ResourceProfileManager: Added ResourceProfile id: 0
[2026-07-21T12:02:03.375+0000] {subprocess.py:93} INFO - 26/07/21 12:02:03 INFO SecurityManager: Changing view acls to: spark
[2026-07-21T12:02:03.377+0000] {subprocess.py:93} INFO - 26/07/21 12:02:03 INFO SecurityManager: Changing modify acls to: spark
[2026-07-21T12:02:03.378+0000] {subprocess.py:93} INFO - 26/07/21 12:02:03 INFO SecurityManager: Changing view acls groups to:
[2026-07-21T12:02:03.379+0000] {subprocess.py:93} INFO - 26/07/21 12:02:03 INFO SecurityManager: Changing modify acls groups to:
[2026-07-21T12:02:03.380+0000] {subprocess.py:93} INFO - 26/07/21 12:02:03 INFO SecurityManager: SecurityManager: authentication disabled; ui acls disabled; users with view permissions: spark; groups with view permissions: EMPTY; users with modify permissions: spark; groups with modify permissions: EMPTY
[2026-07-21T12:02:03.566+0000] {subprocess.py:93} INFO - 26/07/21 12:02:03 INFO Utils: Successfully started service 'sparkDriver' on port 40563.
[2026-07-21T12:02:03.593+0000] {subprocess.py:93} INFO - 26/07/21 12:02:03 INFO SparkEnv: Registering MapOutputTracker
[2026-07-21T12:02:03.628+0000] {subprocess.py:93} INFO - 26/07/21 12:02:03 INFO SparkEnv: Registering BlockManagerMaster
[2026-07-21T12:02:03.643+0000] {subprocess.py:93} INFO - 26/07/21 12:02:03 INFO BlockManagerMasterEndpoint: Using org.apache.spark.storage.DefaultTopologyMapper for getting topology information
[2026-07-21T12:02:03.644+0000] {subprocess.py:93} INFO - 26/07/21 12:02:03 INFO BlockManagerMasterEndpoint: BlockManagerMasterEndpoint up
[2026-07-21T12:02:03.650+0000] {subprocess.py:93} INFO - 26/07/21 12:02:03 INFO SparkEnv: Registering BlockManagerMasterHeartbeat
[2026-07-21T12:02:03.676+0000] {subprocess.py:93} INFO - 26/07/21 12:02:03 INFO DiskBlockManager: Created local directory at /tmp/blockmgr-4358cedf-9f14-462f-ad81-88389014333f
[2026-07-21T12:02:03.689+0000] {subprocess.py:93} INFO - 26/07/21 12:02:03 INFO MemoryStore: MemoryStore started with capacity 434.4 MiB
[2026-07-21T12:02:03.703+0000] {subprocess.py:93} INFO - 26/07/21 12:02:03 INFO SparkEnv: Registering OutputCommitCoordinator
[2026-07-21T12:02:03.826+0000] {subprocess.py:93} INFO - 26/07/21 12:02:03 INFO JettyUtils: Start Jetty 0.0.0.0:4040 for SparkUI
[2026-07-21T12:02:03.875+0000] {subprocess.py:93} INFO - 26/07/21 12:02:03 INFO Utils: Successfully started service 'SparkUI' on port 4040.
[2026-07-21T12:02:03.907+0000] {subprocess.py:93} INFO - 26/07/21 12:02:03 INFO SparkContext: Added JAR file:///opt/jars/delta-spark_2.12-3.2.0.jar at spark://b28565a4fc96:40563/jars/delta-spark_2.12-3.2.0.jar with timestamp 1784635323261
[2026-07-21T12:02:03.908+0000] {subprocess.py:93} INFO - 26/07/21 12:02:03 INFO SparkContext: Added JAR file:///opt/jars/delta-storage-3.2.0.jar at spark://b28565a4fc96:40563/jars/delta-storage-3.2.0.jar with timestamp 1784635323261
[2026-07-21T12:02:03.909+0000] {subprocess.py:93} INFO - 26/07/21 12:02:03 INFO SparkContext: Added JAR file:///opt/jars/spark-sql-kafka-0-10_2.12-3.5.1.jar at spark://b28565a4fc96:40563/jars/spark-sql-kafka-0-10_2.12-3.5.1.jar with timestamp 1784635323261
[2026-07-21T12:02:03.910+0000] {subprocess.py:93} INFO - 26/07/21 12:02:03 INFO SparkContext: Added JAR file:///opt/jars/kafka-clients-3.4.1.jar at spark://b28565a4fc96:40563/jars/kafka-clients-3.4.1.jar with timestamp 1784635323261
[2026-07-21T12:02:03.911+0000] {subprocess.py:93} INFO - 26/07/21 12:02:03 INFO SparkContext: Added JAR file:///opt/jars/spark-token-provider-kafka-0-10_2.12-3.5.1.jar at spark://b28565a4fc96:40563/jars/spark-token-provider-kafka-0-10_2.12-3.5.1.jar with timestamp 1784635323261
[2026-07-21T12:02:03.911+0000] {subprocess.py:93} INFO - 26/07/21 12:02:03 INFO SparkContext: Added JAR file:///opt/jars/commons-pool2-2.11.1.jar at spark://b28565a4fc96:40563/jars/commons-pool2-2.11.1.jar with timestamp 1784635323261
[2026-07-21T12:02:03.977+0000] {subprocess.py:93} INFO - 26/07/21 12:02:03 INFO StandaloneAppClient$ClientEndpoint: Connecting to master spark://sdp-spark-master:7077...
[2026-07-21T12:02:04.016+0000] {subprocess.py:93} INFO - 26/07/21 12:02:04 INFO TransportClientFactory: Successfully created connection to sdp-spark-master/172.18.0.4:7077 after 21 ms (0 ms spent in bootstraps)
[2026-07-21T12:02:04.083+0000] {subprocess.py:93} INFO - 26/07/21 12:02:04 INFO StandaloneSchedulerBackend: Connected to Spark cluster with app ID app-20260721120204-0144
[2026-07-21T12:02:04.086+0000] {subprocess.py:93} INFO - 26/07/21 12:02:04 INFO StandaloneAppClient$ClientEndpoint: Executor added: app-20260721120204-0144/0 on worker-20260716063602-172.18.0.5-44367 (172.18.0.5:44367) with 1 core(s)
[2026-07-21T12:02:04.095+0000] {subprocess.py:93} INFO - 26/07/21 12:02:04 INFO StandaloneSchedulerBackend: Granted executor ID app-20260721120204-0144/0 on hostPort 172.18.0.5:44367 with 1 core(s), 512.0 MiB RAM
[2026-07-21T12:02:04.097+0000] {subprocess.py:93} INFO - 26/07/21 12:02:04 INFO StandaloneAppClient$ClientEndpoint: Executor added: app-20260721120204-0144/1 on worker-20260716063602-172.18.0.5-44367 (172.18.0.5:44367) with 1 core(s)
[2026-07-21T12:02:04.099+0000] {subprocess.py:93} INFO - 26/07/21 12:02:04 INFO StandaloneSchedulerBackend: Granted executor ID app-20260721120204-0144/1 on hostPort 172.18.0.5:44367 with 1 core(s), 512.0 MiB RAM
[2026-07-21T12:02:04.100+0000] {subprocess.py:93} INFO - 26/07/21 12:02:04 INFO StandaloneAppClient$ClientEndpoint: Executor added: app-20260721120204-0144/2 on worker-20260716063602-172.18.0.6-33249 (172.18.0.6:33249) with 1 core(s)
[2026-07-21T12:02:04.101+0000] {subprocess.py:93} INFO - 26/07/21 12:02:04 INFO StandaloneSchedulerBackend: Granted executor ID app-20260721120204-0144/2 on hostPort 172.18.0.6:33249 with 1 core(s), 512.0 MiB RAM
[2026-07-21T12:02:04.102+0000] {subprocess.py:93} INFO - 26/07/21 12:02:04 INFO Utils: Successfully started service 'org.apache.spark.network.netty.NettyBlockTransferService' on port 39355.
[2026-07-21T12:02:04.106+0000] {subprocess.py:93} INFO - 26/07/21 12:02:04 INFO NettyBlockTransferService: Server created on b28565a4fc96:39355
[2026-07-21T12:02:04.108+0000] {subprocess.py:93} INFO - 26/07/21 12:02:04 INFO BlockManager: Using org.apache.spark.storage.RandomBlockReplicationPolicy for block replication policy
[2026-07-21T12:02:04.111+0000] {subprocess.py:93} INFO - 26/07/21 12:02:04 INFO BlockManagerMaster: Registering BlockManager BlockManagerId(driver, b28565a4fc96, 39355, None)
[2026-07-21T12:02:04.115+0000] {subprocess.py:93} INFO - 26/07/21 12:02:04 INFO BlockManagerMasterEndpoint: Registering block manager b28565a4fc96:39355 with 434.4 MiB RAM, BlockManagerId(driver, b28565a4fc96, 39355, None)
[2026-07-21T12:02:04.121+0000] {subprocess.py:93} INFO - 26/07/21 12:02:04 INFO BlockManagerMaster: Registered BlockManager BlockManagerId(driver, b28565a4fc96, 39355, None)
[2026-07-21T12:02:04.125+0000] {subprocess.py:93} INFO - 26/07/21 12:02:04 INFO BlockManager: Initialized BlockManager: BlockManagerId(driver, b28565a4fc96, 39355, None)
[2026-07-21T12:02:04.142+0000] {subprocess.py:93} INFO - 26/07/21 12:02:04 INFO StandaloneAppClient$ClientEndpoint: Executor updated: app-20260721120204-0144/0 is now RUNNING
[2026-07-21T12:02:04.156+0000] {subprocess.py:93} INFO - 26/07/21 12:02:04 INFO StandaloneAppClient$ClientEndpoint: Executor updated: app-20260721120204-0144/1 is now RUNNING
[2026-07-21T12:02:04.163+0000] {subprocess.py:93} INFO - 26/07/21 12:02:04 INFO StandaloneAppClient$ClientEndpoint: Executor updated: app-20260721120204-0144/2 is now RUNNING
[2026-07-21T12:02:04.526+0000] {subprocess.py:93} INFO - 26/07/21 12:02:04 INFO StandaloneSchedulerBackend: SchedulerBackend is ready for scheduling beginning after reached minRegisteredResourcesRatio: 0.0
[2026-07-21T12:02:05.020+0000] {subprocess.py:93} INFO - Starting silver stream: orders --->>  /opt/data/silver/orders
[2026-07-21T12:02:19.794+0000] {subprocess.py:93} INFO - 26/07/21 12:02:19 WARN ResolveWriteToStream: spark.sql.adaptive.enabled is not supported in streaming DataFrames/Datasets and will be disabled.
[2026-07-21T12:02:19.964+0000] {subprocess.py:93} INFO - Silver stream started: /opt/data/bronze/orders --->> /opt/data/silver/orders
[2026-07-21T12:02:19.970+0000] {subprocess.py:93} INFO - Starting silver stream: customers --->>  /opt/data/silver/customers
[2026-07-21T12:02:24.906+0000] {subprocess.py:93} INFO - 26/07/21 12:02:24 WARN ResolveWriteToStream: spark.sql.adaptive.enabled is not supported in streaming DataFrames/Datasets and will be disabled.
[2026-07-21T12:02:25.060+0000] {subprocess.py:93} INFO - Silver stream started: /opt/data/bronze/customers --->> /opt/data/silver/customers
[2026-07-21T12:02:25.077+0000] {subprocess.py:93} INFO - Starting silver stream: products --->>  /opt/data/silver/products
[2026-07-21T12:02:30.296+0000] {subprocess.py:93} INFO - 26/07/21 12:02:30 WARN ResolveWriteToStream: spark.sql.adaptive.enabled is not supported in streaming DataFrames/Datasets and will be disabled.
[2026-07-21T12:02:30.373+0000] {subprocess.py:93} INFO - Silver stream started: /opt/data/bronze/products --->> /opt/data/silver/products
[2026-07-21T12:02:33.538+0000] {subprocess.py:93} INFO - 26/07/21 12:02:33 WARN SparkStringUtils: Truncated the string representation of a plan since it was too large. This behavior can be adjusted by setting 'spark.sql.debug.maxToStringFields'.
[2026-07-21T12:04:04.414+0000] {subprocess.py:97} INFO - Command exited with return code 0
[2026-07-21T12:04:04.417+0000] {taskinstance.py:441} INFO - ::group::Post task execution logs
[2026-07-21T12:04:04.450+0000] {taskinstance.py:1205} INFO - Marking task as SUCCESS. dag_id=e-commerce_kafka_streaming_pipeline_v1, task_id=run_silver, execution_date=20260721T110000, start_date=20260721T120200, end_date=20260721T120404
[2026-07-21T12:04:04.493+0000] {local_task_job_runner.py:240} INFO - Task exited with return code 0
[2026-07-21T12:04:04.522+0000] {taskinstance.py:3482} INFO - 1 downstream tasks scheduled from follow-on schedule check
[2026-07-21T12:04:04.526+0000] {local_task_job_runner.py:222} INFO - ::endgroup::
