[2026-07-15T13:25:23.040+0000] {local_task_job_runner.py:120} INFO - ::group::Pre task execution logs
[2026-07-15T13:25:23.565+0000] {taskinstance.py:2073} INFO - Dependencies all met for dep_context=non-requeueable deps ti=<TaskInstance: e-commerce_kafka_streaming_pipeline_v1.run_bronze scheduled__2026-07-15T11:00:00+00:00 [queued]>
[2026-07-15T13:25:23.746+0000] {taskinstance.py:2073} INFO - Dependencies all met for dep_context=requeueable deps ti=<TaskInstance: e-commerce_kafka_streaming_pipeline_v1.run_bronze scheduled__2026-07-15T11:00:00+00:00 [queued]>
[2026-07-15T13:25:23.839+0000] {taskinstance.py:2303} INFO - Starting attempt 4 of 4
[2026-07-15T13:25:24.228+0000] {taskinstance.py:2327} INFO - Executing <Task(BashOperator): run_bronze> on 2026-07-15 11:00:00+00:00
[2026-07-15T13:25:24.388+0000] {logging_mixin.py:188} WARNING - /home/***/.local/lib/python3.12/site-packages/***/task/task_runner/standard_task_runner.py:61 DeprecationWarning: This process (pid=2211) is multi-threaded, use of fork() may lead to deadlocks in the child.
[2026-07-15T13:25:24.412+0000] {standard_task_runner.py:63} INFO - Started process 2220 to run task
[2026-07-15T13:25:24.412+0000] {standard_task_runner.py:90} INFO - Running: ['***', 'tasks', 'run', 'e-commerce_kafka_streaming_pipeline_v1', 'run_bronze', 'scheduled__2026-07-15T11:00:00+00:00', '--job-id', '71', '--raw', '--subdir', 'DAGS_FOLDER/sdp_pipeline_dag.py', '--cfg-path', '/tmp/tmpjs59gx1h']
[2026-07-15T13:25:24.583+0000] {standard_task_runner.py:91} INFO - Job 71: Subtask run_bronze
[2026-07-15T13:25:25.531+0000] {task_command.py:426} INFO - Running <TaskInstance: e-commerce_kafka_streaming_pipeline_v1.run_bronze scheduled__2026-07-15T11:00:00+00:00 [running]> on host 6d7ac32de880
[2026-07-15T13:25:27.043+0000] {taskinstance.py:2644} INFO - Exporting env vars: AIRFLOW_CTX_DAG_OWNER='dev' AIRFLOW_CTX_DAG_ID='e-commerce_kafka_streaming_pipeline_v1' AIRFLOW_CTX_TASK_ID='run_bronze' AIRFLOW_CTX_EXECUTION_DATE='2026-07-15T11:00:00+00:00' AIRFLOW_CTX_TRY_NUMBER='4' AIRFLOW_CTX_DAG_RUN_ID='scheduled__2026-07-15T11:00:00+00:00'
[2026-07-15T13:25:27.046+0000] {taskinstance.py:430} INFO - ::endgroup::
[2026-07-15T13:25:27.595+0000] {subprocess.py:63} INFO - Tmp dir root location: /tmp
[2026-07-15T13:25:27.737+0000] {subprocess.py:75} INFO - Running command: ['/usr/bin/bash', '-c', 'timeout 150s docker run --rm --network streaming_kafka_project_sdp-net --volume /d/Streaming_kafka_project/pipelines:/opt/pipelines --volume /d/Streaming_kafka_project/data:/opt/data --volume /d/Streaming_kafka_project/checkpoints:/opt/checkpoints --volume /d/Streaming_kafka_project/jars:/opt/jars apache/spark:3.5.1 /opt/spark/bin/spark-submit --master spark://sdp-spark-master:7077 --executor-cores 1 --executor-memory 512m --total-executor-cores 3 --jars /opt/jars/delta-spark_2.12-3.2.0.jar,/opt/jars/delta-storage-3.2.0.jar,/opt/jars/spark-sql-kafka-0-10_2.12-3.5.1.jar,/opt/jars/kafka-clients-3.4.1.jar,/opt/jars/spark-token-provider-kafka-0-10_2.12-3.5.1.jar,/opt/jars/commons-pool2-2.11.1.jar --conf spark.sql.extensions=io.delta.sql.DeltaSparkSessionExtension --conf spark.sql.catalog.spark_catalog=org.apache.spark.sql.delta.catalog.DeltaCatalog  /opt/pipelines/bronze_runner.py']
[2026-07-15T13:25:27.970+0000] {subprocess.py:86} INFO - Output:
[2026-07-15T13:25:51.918+0000] {subprocess.py:93} INFO - 26/07/15 13:25:51 WARN NativeCodeLoader: Unable to load native-hadoop library for your platform... using builtin-java classes where applicable
[2026-07-15T13:26:00.062+0000] {subprocess.py:93} INFO - 26/07/15 13:26:00 INFO SparkContext: Running Spark version 3.5.1
[2026-07-15T13:26:00.069+0000] {subprocess.py:93} INFO - 26/07/15 13:26:00 INFO SparkContext: OS info Linux, 6.18.33.2-microsoft-standard-WSL2, amd64
[2026-07-15T13:26:00.076+0000] {subprocess.py:93} INFO - 26/07/15 13:26:00 INFO SparkContext: Java version 11.0.22
[2026-07-15T13:26:00.627+0000] {subprocess.py:93} INFO - 26/07/15 13:26:00 INFO ResourceUtils: ==============================================================
[2026-07-15T13:26:00.684+0000] {subprocess.py:93} INFO - 26/07/15 13:26:00 INFO ResourceUtils: No custom resources configured for spark.driver.
[2026-07-15T13:26:00.694+0000] {subprocess.py:93} INFO - 26/07/15 13:26:00 INFO ResourceUtils: ==============================================================
[2026-07-15T13:26:00.710+0000] {subprocess.py:93} INFO - 26/07/15 13:26:00 INFO SparkContext: Submitted application: SDP-Bronze
[2026-07-15T13:26:00.865+0000] {subprocess.py:93} INFO - 26/07/15 13:26:00 INFO ResourceProfile: Default ResourceProfile created, executor resources: Map(cores -> name: cores, amount: 1, script: , vendor: , memory -> name: memory, amount: 512, script: , vendor: , offHeap -> name: offHeap, amount: 0, script: , vendor: ), task resources: Map(cpus -> name: cpus, amount: 1.0)
[2026-07-15T13:26:00.975+0000] {subprocess.py:93} INFO - 26/07/15 13:26:00 INFO ResourceProfile: Limiting resource is cpus at 1 tasks per executor
[2026-07-15T13:26:01.032+0000] {subprocess.py:93} INFO - 26/07/15 13:26:00 INFO ResourceProfileManager: Added ResourceProfile id: 0
[2026-07-15T13:26:01.743+0000] {subprocess.py:93} INFO - 26/07/15 13:26:01 INFO SecurityManager: Changing view acls to: spark
[2026-07-15T13:26:01.752+0000] {subprocess.py:93} INFO - 26/07/15 13:26:01 INFO SecurityManager: Changing modify acls to: spark
[2026-07-15T13:26:01.754+0000] {subprocess.py:93} INFO - 26/07/15 13:26:01 INFO SecurityManager: Changing view acls groups to:
[2026-07-15T13:26:01.757+0000] {subprocess.py:93} INFO - 26/07/15 13:26:01 INFO SecurityManager: Changing modify acls groups to:
[2026-07-15T13:26:01.775+0000] {subprocess.py:93} INFO - 26/07/15 13:26:01 INFO SecurityManager: SecurityManager: authentication disabled; ui acls disabled; users with view permissions: spark; groups with view permissions: EMPTY; users with modify permissions: spark; groups with modify permissions: EMPTY
[2026-07-15T13:26:04.936+0000] {subprocess.py:93} INFO - 26/07/15 13:26:04 INFO Utils: Successfully started service 'sparkDriver' on port 38645.
[2026-07-15T13:26:05.751+0000] {subprocess.py:93} INFO - 26/07/15 13:26:05 INFO SparkEnv: Registering MapOutputTracker
[2026-07-15T13:26:06.224+0000] {subprocess.py:93} INFO - 26/07/15 13:26:06 INFO SparkEnv: Registering BlockManagerMaster
[2026-07-15T13:26:06.444+0000] {subprocess.py:93} INFO - 26/07/15 13:26:06 INFO BlockManagerMasterEndpoint: Using org.apache.spark.storage.DefaultTopologyMapper for getting topology information
[2026-07-15T13:26:06.448+0000] {subprocess.py:93} INFO - 26/07/15 13:26:06 INFO BlockManagerMasterEndpoint: BlockManagerMasterEndpoint up
[2026-07-15T13:26:06.482+0000] {subprocess.py:93} INFO - 26/07/15 13:26:06 INFO SparkEnv: Registering BlockManagerMasterHeartbeat
[2026-07-15T13:26:06.756+0000] {subprocess.py:93} INFO - 26/07/15 13:26:06 INFO DiskBlockManager: Created local directory at /tmp/blockmgr-e838edc8-aeb6-410b-8b9c-e6e4ce478241
[2026-07-15T13:26:06.853+0000] {subprocess.py:93} INFO - 26/07/15 13:26:06 INFO MemoryStore: MemoryStore started with capacity 434.4 MiB
[2026-07-15T13:26:06.961+0000] {subprocess.py:93} INFO - 26/07/15 13:26:06 INFO SparkEnv: Registering OutputCommitCoordinator
[2026-07-15T13:26:08.271+0000] {subprocess.py:93} INFO - 26/07/15 13:26:08 INFO JettyUtils: Start Jetty 0.0.0.0:4040 for SparkUI
[2026-07-15T13:26:08.529+0000] {subprocess.py:93} INFO - 26/07/15 13:26:08 INFO Utils: Successfully started service 'SparkUI' on port 4040.
[2026-07-15T13:26:08.779+0000] {subprocess.py:93} INFO - 26/07/15 13:26:08 INFO SparkContext: Added JAR file:///opt/jars/delta-spark_2.12-3.2.0.jar at spark://1bff9c4c6f92:38645/jars/delta-spark_2.12-3.2.0.jar with timestamp 1784121959996
[2026-07-15T13:26:08.781+0000] {subprocess.py:93} INFO - 26/07/15 13:26:08 INFO SparkContext: Added JAR file:///opt/jars/delta-storage-3.2.0.jar at spark://1bff9c4c6f92:38645/jars/delta-storage-3.2.0.jar with timestamp 1784121959996
[2026-07-15T13:26:08.785+0000] {subprocess.py:93} INFO - 26/07/15 13:26:08 INFO SparkContext: Added JAR file:///opt/jars/spark-sql-kafka-0-10_2.12-3.5.1.jar at spark://1bff9c4c6f92:38645/jars/spark-sql-kafka-0-10_2.12-3.5.1.jar with timestamp 1784121959996
[2026-07-15T13:26:08.790+0000] {subprocess.py:93} INFO - 26/07/15 13:26:08 INFO SparkContext: Added JAR file:///opt/jars/kafka-clients-3.4.1.jar at spark://1bff9c4c6f92:38645/jars/kafka-clients-3.4.1.jar with timestamp 1784121959996
[2026-07-15T13:26:08.793+0000] {subprocess.py:93} INFO - 26/07/15 13:26:08 INFO SparkContext: Added JAR file:///opt/jars/spark-token-provider-kafka-0-10_2.12-3.5.1.jar at spark://1bff9c4c6f92:38645/jars/spark-token-provider-kafka-0-10_2.12-3.5.1.jar with timestamp 1784121959996
[2026-07-15T13:26:08.799+0000] {subprocess.py:93} INFO - 26/07/15 13:26:08 INFO SparkContext: Added JAR file:///opt/jars/commons-pool2-2.11.1.jar at spark://1bff9c4c6f92:38645/jars/commons-pool2-2.11.1.jar with timestamp 1784121959996
[2026-07-15T13:26:09.808+0000] {subprocess.py:93} INFO - 26/07/15 13:26:09 INFO StandaloneAppClient$ClientEndpoint: Connecting to master spark://sdp-spark-master:7077...
[2026-07-15T13:26:10.309+0000] {subprocess.py:93} INFO - 26/07/15 13:26:10 INFO TransportClientFactory: Successfully created connection to sdp-spark-master/172.18.0.2:7077 after 305 ms (0 ms spent in bootstraps)
[2026-07-15T13:26:10.969+0000] {subprocess.py:93} INFO - 26/07/15 13:26:10 INFO StandaloneSchedulerBackend: Connected to Spark cluster with app ID app-20260715132610-0014
[2026-07-15T13:26:11.141+0000] {subprocess.py:93} INFO - 26/07/15 13:26:11 INFO Utils: Successfully started service 'org.apache.spark.network.netty.NettyBlockTransferService' on port 37265.
[2026-07-15T13:26:11.144+0000] {subprocess.py:93} INFO - 26/07/15 13:26:11 INFO NettyBlockTransferService: Server created on 1bff9c4c6f92:37265
[2026-07-15T13:26:11.156+0000] {subprocess.py:93} INFO - 26/07/15 13:26:11 INFO BlockManager: Using org.apache.spark.storage.RandomBlockReplicationPolicy for block replication policy
[2026-07-15T13:26:11.304+0000] {subprocess.py:93} INFO - 26/07/15 13:26:11 INFO BlockManagerMaster: Registering BlockManager BlockManagerId(driver, 1bff9c4c6f92, 37265, None)
[2026-07-15T13:26:11.320+0000] {subprocess.py:93} INFO - 26/07/15 13:26:11 INFO BlockManagerMasterEndpoint: Registering block manager 1bff9c4c6f92:37265 with 434.4 MiB RAM, BlockManagerId(driver, 1bff9c4c6f92, 37265, None)
[2026-07-15T13:26:11.345+0000] {subprocess.py:93} INFO - 26/07/15 13:26:11 INFO BlockManagerMaster: Registered BlockManager BlockManagerId(driver, 1bff9c4c6f92, 37265, None)
[2026-07-15T13:26:11.371+0000] {subprocess.py:93} INFO - 26/07/15 13:26:11 INFO BlockManager: Initialized BlockManager: BlockManagerId(driver, 1bff9c4c6f92, 37265, None)
[2026-07-15T13:26:13.528+0000] {subprocess.py:93} INFO - 26/07/15 13:26:13 INFO StandaloneSchedulerBackend: SchedulerBackend is ready for scheduling beginning after reached minRegisteredResourcesRatio: 0.0
[2026-07-15T13:26:17.855+0000] {subprocess.py:93} INFO - 26/07/15 13:26:17 INFO StandaloneAppClient$ClientEndpoint: Executor added: app-20260715132610-0014/0 on worker-20260715120445-172.18.0.5-42817 (172.18.0.5:42817) with 1 core(s)
[2026-07-15T13:26:17.903+0000] {subprocess.py:93} INFO - 26/07/15 13:26:17 INFO StandaloneSchedulerBackend: Granted executor ID app-20260715132610-0014/0 on hostPort 172.18.0.5:42817 with 1 core(s), 512.0 MiB RAM
[2026-07-15T13:26:17.918+0000] {subprocess.py:93} INFO - 26/07/15 13:26:17 INFO StandaloneAppClient$ClientEndpoint: Executor added: app-20260715132610-0014/1 on worker-20260715120445-172.18.0.6-36249 (172.18.0.6:36249) with 1 core(s)
[2026-07-15T13:26:17.938+0000] {subprocess.py:93} INFO - 26/07/15 13:26:17 INFO StandaloneSchedulerBackend: Granted executor ID app-20260715132610-0014/1 on hostPort 172.18.0.6:36249 with 1 core(s), 512.0 MiB RAM
[2026-07-15T13:26:18.024+0000] {subprocess.py:93} INFO - Starting stream: orders -> /opt/data/bronze/orders
[2026-07-15T13:27:23.921+0000] {subprocess.py:93} INFO - 26/07/15 13:27:23 WARN ResolveWriteToStream: spark.sql.adaptive.enabled is not supported in streaming DataFrames/Datasets and will be disabled.
[2026-07-15T13:27:24.994+0000] {subprocess.py:93} INFO - Starting stream: customers -> /opt/data/bronze/customers
[2026-07-15T13:27:30.588+0000] {subprocess.py:93} INFO - 26/07/15 13:27:30 WARN SparkStringUtils: Truncated the string representation of a plan since it was too large. This behavior can be adjusted by setting 'spark.sql.debug.maxToStringFields'.
[2026-07-15T13:27:33.660+0000] {subprocess.py:93} INFO - 26/07/15 13:27:33 WARN ResolveWriteToStream: spark.sql.adaptive.enabled is not supported in streaming DataFrames/Datasets and will be disabled.
[2026-07-15T13:27:33.809+0000] {subprocess.py:93} INFO - Starting stream: products -> /opt/data/bronze/products
[2026-07-15T13:27:56.759+0000] {subprocess.py:93} INFO - 26/07/15 13:27:56 WARN ResolveWriteToStream: spark.sql.adaptive.enabled is not supported in streaming DataFrames/Datasets and will be disabled.
[2026-07-15T13:28:09.039+0000] {job.py:218} ERROR - Job heartbeat got an exception
Traceback (most recent call last):
  File "/home/airflow/.local/lib/python3.12/site-packages/sqlalchemy/engine/base.py", line 3371, in _wrap_pool_connect
    return fn()
           ^^^^
  File "/home/airflow/.local/lib/python3.12/site-packages/sqlalchemy/pool/base.py", line 327, in connect
    return _ConnectionFairy._checkout(self)
           ^^^^^^^^^^^^^^^^^^^^^^^^^^^^^^^^
  File "/home/airflow/.local/lib/python3.12/site-packages/sqlalchemy/pool/base.py", line 894, in _checkout
    fairy = _ConnectionRecord.checkout(pool)
            ^^^^^^^^^^^^^^^^^^^^^^^^^^^^^^^^
  File "/home/airflow/.local/lib/python3.12/site-packages/sqlalchemy/pool/base.py", line 493, in checkout
    rec = pool._do_get()
          ^^^^^^^^^^^^^^
  File "/home/airflow/.local/lib/python3.12/site-packages/sqlalchemy/pool/impl.py", line 256, in _do_get
    return self._create_connection()
           ^^^^^^^^^^^^^^^^^^^^^^^^^
  File "/home/airflow/.local/lib/python3.12/site-packages/sqlalchemy/pool/base.py", line 273, in _create_connection
    return _ConnectionRecord(self)
           ^^^^^^^^^^^^^^^^^^^^^^^
  File "/home/airflow/.local/lib/python3.12/site-packages/sqlalchemy/pool/base.py", line 388, in __init__
    self.__connect()
  File "/home/airflow/.local/lib/python3.12/site-packages/sqlalchemy/pool/base.py", line 690, in __connect
    with util.safe_reraise():
  File "/home/airflow/.local/lib/python3.12/site-packages/sqlalchemy/util/langhelpers.py", line 70, in __exit__
    compat.raise_(
  File "/home/airflow/.local/lib/python3.12/site-packages/sqlalchemy/util/compat.py", line 211, in raise_
    raise exception
  File "/home/airflow/.local/lib/python3.12/site-packages/sqlalchemy/pool/base.py", line 686, in __connect
    self.dbapi_connection = connection = pool._invoke_creator(self)
                                         ^^^^^^^^^^^^^^^^^^^^^^^^^^
  File "/home/airflow/.local/lib/python3.12/site-packages/sqlalchemy/engine/create.py", line 574, in connect
    return dialect.connect(*cargs, **cparams)
           ^^^^^^^^^^^^^^^^^^^^^^^^^^^^^^^^^^
  File "/home/airflow/.local/lib/python3.12/site-packages/sqlalchemy/engine/default.py", line 598, in connect
    return self.dbapi.connect(*cargs, **cparams)
           ^^^^^^^^^^^^^^^^^^^^^^^^^^^^^^^^^^^^^
  File "/home/airflow/.local/lib/python3.12/site-packages/psycopg2/__init__.py", line 122, in connect
    conn = _connect(dsn, connection_factory=connection_factory, **kwasync)
           ^^^^^^^^^^^^^^^^^^^^^^^^^^^^^^^^^^^^^^^^^^^^^^^^^^^^^^^^^^^^^^^
psycopg2.OperationalError: could not translate host name "postgres" to address: Temporary failure in name resolution


The above exception was the direct cause of the following exception:

Traceback (most recent call last):
  File "/home/airflow/.local/lib/python3.12/site-packages/airflow/jobs/job.py", line 213, in heartbeat
    heartbeat_callback(session)
  File "/home/airflow/.local/lib/python3.12/site-packages/airflow/utils/session.py", line 76, in wrapper
    return func(*args, **kwargs)
           ^^^^^^^^^^^^^^^^^^^^^
  File "/home/airflow/.local/lib/python3.12/site-packages/airflow/jobs/local_task_job_runner.py", line 258, in heartbeat_callback
    self.task_instance.refresh_from_db()
  File "/home/airflow/.local/lib/python3.12/site-packages/airflow/utils/session.py", line 79, in wrapper
    return func(*args, session=session, **kwargs)
           ^^^^^^^^^^^^^^^^^^^^^^^^^^^^^^^^^^^^^^
  File "/home/airflow/.local/lib/python3.12/site-packages/airflow/models/taskinstance.py", line 1818, in refresh_from_db
    _refresh_from_db(task_instance=self, session=session, lock_for_update=lock_for_update)
  File "/home/airflow/.local/lib/python3.12/site-packages/airflow/models/taskinstance.py", line 510, in _refresh_from_db
    ti = TaskInstance.get_task_instance(
         ^^^^^^^^^^^^^^^^^^^^^^^^^^^^^^^
  File "/home/airflow/.local/lib/python3.12/site-packages/airflow/api_internal/internal_api_call.py", line 115, in wrapper
    return func(*args, **kwargs)
           ^^^^^^^^^^^^^^^^^^^^^
  File "/home/airflow/.local/lib/python3.12/site-packages/airflow/utils/session.py", line 76, in wrapper
    return func(*args, **kwargs)
           ^^^^^^^^^^^^^^^^^^^^^
  File "/home/airflow/.local/lib/python3.12/site-packages/airflow/models/taskinstance.py", line 1804, in get_task_instance
    return query.one_or_none()
           ^^^^^^^^^^^^^^^^^^^
  File "/home/airflow/.local/lib/python3.12/site-packages/sqlalchemy/orm/query.py", line 2850, in one_or_none
    return self._iter().one_or_none()
           ^^^^^^^^^^^^
  File "/home/airflow/.local/lib/python3.12/site-packages/sqlalchemy/orm/query.py", line 2916, in _iter
    result = self.session.execute(
             ^^^^^^^^^^^^^^^^^^^^^
  File "/home/airflow/.local/lib/python3.12/site-packages/sqlalchemy/orm/session.py", line 1716, in execute
    conn = self._connection_for_bind(bind)
           ^^^^^^^^^^^^^^^^^^^^^^^^^^^^^^^
  File "/home/airflow/.local/lib/python3.12/site-packages/sqlalchemy/orm/session.py", line 1555, in _connection_for_bind
    return self._transaction._connection_for_bind(
           ^^^^^^^^^^^^^^^^^^^^^^^^^^^^^^^^^^^^^^^
  File "/home/airflow/.local/lib/python3.12/site-packages/sqlalchemy/orm/session.py", line 750, in _connection_for_bind
    conn = bind.connect()
           ^^^^^^^^^^^^^^
  File "/home/airflow/.local/lib/python3.12/site-packages/sqlalchemy/future/engine.py", line 412, in connect
    return super(Engine, self).connect()
           ^^^^^^^^^^^^^^^^^^^^^^^^^^^^^
  File "/home/airflow/.local/lib/python3.12/site-packages/sqlalchemy/engine/base.py", line 3325, in connect
    return self._connection_cls(self, close_with_result=close_with_result)
           ^^^^^^^^^^^^^^^^^^^^^^^^^^^^^^^^^^^^^^^^^^^^^^^^^^^^^^^^^^^^^^^
  File "/home/airflow/.local/lib/python3.12/site-packages/sqlalchemy/engine/base.py", line 96, in __init__
    else engine.raw_connection()
         ^^^^^^^^^^^^^^^^^^^^^^^
  File "/home/airflow/.local/lib/python3.12/site-packages/sqlalchemy/engine/base.py", line 3404, in raw_connection
    return self._wrap_pool_connect(self.pool.connect, _connection)
           ^^^^^^^^^^^^^^^^^^^^^^^^^^^^^^^^^^^^^^^^^^^^^^^^^^^^^^^
  File "/home/airflow/.local/lib/python3.12/site-packages/sqlalchemy/engine/base.py", line 3374, in _wrap_pool_connect
    Connection._handle_dbapi_exception_noconnection(
  File "/home/airflow/.local/lib/python3.12/site-packages/sqlalchemy/engine/base.py", line 2208, in _handle_dbapi_exception_noconnection
    util.raise_(
  File "/home/airflow/.local/lib/python3.12/site-packages/sqlalchemy/util/compat.py", line 211, in raise_
    raise exception
  File "/home/airflow/.local/lib/python3.12/site-packages/sqlalchemy/engine/base.py", line 3371, in _wrap_pool_connect
    return fn()
           ^^^^
  File "/home/airflow/.local/lib/python3.12/site-packages/sqlalchemy/pool/base.py", line 327, in connect
    return _ConnectionFairy._checkout(self)
           ^^^^^^^^^^^^^^^^^^^^^^^^^^^^^^^^
  File "/home/airflow/.local/lib/python3.12/site-packages/sqlalchemy/pool/base.py", line 894, in _checkout
    fairy = _ConnectionRecord.checkout(pool)
            ^^^^^^^^^^^^^^^^^^^^^^^^^^^^^^^^
  File "/home/airflow/.local/lib/python3.12/site-packages/sqlalchemy/pool/base.py", line 493, in checkout
    rec = pool._do_get()
          ^^^^^^^^^^^^^^
  File "/home/airflow/.local/lib/python3.12/site-packages/sqlalchemy/pool/impl.py", line 256, in _do_get
    return self._create_connection()
           ^^^^^^^^^^^^^^^^^^^^^^^^^
  File "/home/airflow/.local/lib/python3.12/site-packages/sqlalchemy/pool/base.py", line 273, in _create_connection
    return _ConnectionRecord(self)
           ^^^^^^^^^^^^^^^^^^^^^^^
  File "/home/airflow/.local/lib/python3.12/site-packages/sqlalchemy/pool/base.py", line 388, in __init__
    self.__connect()
  File "/home/airflow/.local/lib/python3.12/site-packages/sqlalchemy/pool/base.py", line 690, in __connect
    with util.safe_reraise():
  File "/home/airflow/.local/lib/python3.12/site-packages/sqlalchemy/util/langhelpers.py", line 70, in __exit__
    compat.raise_(
  File "/home/airflow/.local/lib/python3.12/site-packages/sqlalchemy/util/compat.py", line 211, in raise_
    raise exception
  File "/home/airflow/.local/lib/python3.12/site-packages/sqlalchemy/pool/base.py", line 686, in __connect
    self.dbapi_connection = connection = pool._invoke_creator(self)
                                         ^^^^^^^^^^^^^^^^^^^^^^^^^^
  File "/home/airflow/.local/lib/python3.12/site-packages/sqlalchemy/engine/create.py", line 574, in connect
    return dialect.connect(*cargs, **cparams)
           ^^^^^^^^^^^^^^^^^^^^^^^^^^^^^^^^^^
  File "/home/airflow/.local/lib/python3.12/site-packages/sqlalchemy/engine/default.py", line 598, in connect
    return self.dbapi.connect(*cargs, **cparams)
           ^^^^^^^^^^^^^^^^^^^^^^^^^^^^^^^^^^^^^
  File "/home/airflow/.local/lib/python3.12/site-packages/psycopg2/__init__.py", line 122, in connect
    conn = _connect(dsn, connection_factory=connection_factory, **kwasync)
           ^^^^^^^^^^^^^^^^^^^^^^^^^^^^^^^^^^^^^^^^^^^^^^^^^^^^^^^^^^^^^^^
sqlalchemy.exc.OperationalError: (psycopg2.OperationalError) could not translate host name "postgres" to address: Temporary failure in name resolution

(Background on this error at: https://sqlalche.me/e/14/e3q8)
[2026-07-15T13:28:13.771+0000] {job.py:226} ERROR - Job heartbeat failed with error. Scheduler is in unhealthy state
[2026-07-15T13:28:56.667+0000] {job.py:226} ERROR - Job heartbeat failed with error. Scheduler is in unhealthy state
[2026-07-15T13:32:31.793+0000] {job.py:226} ERROR - Job heartbeat failed with error. Scheduler is in unhealthy state
[2026-07-15T13:32:56.406+0000] {subprocess.py:93} INFO - time="2026-07-15T13:32:56Z" level=error msg="error waiting for container: unexpected EOF"
[2026-07-15T13:32:56.499+0000] {subprocess.py:97} INFO - Command exited with return code 124
[2026-07-15T13:32:56.971+0000] {taskinstance.py:441} INFO - ::group::Post task execution logs
[2026-07-15T13:32:58.485+0000] {taskinstance.py:2890} ERROR - Task failed with exception
Traceback (most recent call last):
  File "/home/airflow/.local/lib/python3.12/site-packages/airflow/models/taskinstance.py", line 465, in _execute_task
    result = _execute_callable(context=context, **execute_callable_kwargs)
             ^^^^^^^^^^^^^^^^^^^^^^^^^^^^^^^^^^^^^^^^^^^^^^^^^^^^^^^^^^^^^
  File "/home/airflow/.local/lib/python3.12/site-packages/airflow/models/taskinstance.py", line 432, in _execute_callable
    return execute_callable(context=context, **execute_callable_kwargs)
           ^^^^^^^^^^^^^^^^^^^^^^^^^^^^^^^^^^^^^^^^^^^^^^^^^^^^^^^^^^^^
  File "/home/airflow/.local/lib/python3.12/site-packages/airflow/models/baseoperator.py", line 400, in wrapper
    return func(self, *args, **kwargs)
           ^^^^^^^^^^^^^^^^^^^^^^^^^^^
  File "/home/airflow/.local/lib/python3.12/site-packages/airflow/operators/bash.py", line 243, in execute
    raise AirflowException(
airflow.exceptions.AirflowException: Bash command failed. The command returned a non-zero exit code 124.
[2026-07-15T13:32:58.946+0000] {taskinstance.py:1205} INFO - Marking task as FAILED. dag_id=e-commerce_kafka_streaming_pipeline_v1, task_id=run_bronze, execution_date=20260715T110000, start_date=20260715T132523, end_date=20260715T133258
[2026-07-15T13:32:59.233+0000] {standard_task_runner.py:110} ERROR - Failed to execute job 71 for task run_bronze (Bash command failed. The command returned a non-zero exit code 124.; 2220)
[2026-07-15T13:32:59.377+0000] {local_task_job_runner.py:240} INFO - Task exited with return code 1
[2026-07-15T13:33:00.081+0000] {taskinstance.py:3482} INFO - 0 downstream tasks scheduled from follow-on schedule check
[2026-07-15T13:33:00.207+0000] {local_task_job_runner.py:222} INFO - ::endgroup::
