[2026-07-15T12:44:39.554+0000] {local_task_job_runner.py:120} INFO - ::group::Pre task execution logs
[2026-07-15T12:44:39.586+0000] {taskinstance.py:2073} INFO - Dependencies all met for dep_context=non-requeueable deps ti=<TaskInstance: e-commerce_kafka_streaming_pipeline_v1.run_bronze manual__2026-07-15T12:44:35.298534+00:00 [queued]>
[2026-07-15T12:44:39.594+0000] {taskinstance.py:2073} INFO - Dependencies all met for dep_context=requeueable deps ti=<TaskInstance: e-commerce_kafka_streaming_pipeline_v1.run_bronze manual__2026-07-15T12:44:35.298534+00:00 [queued]>
[2026-07-15T12:44:39.596+0000] {taskinstance.py:2303} INFO - Starting attempt 1 of 2
[2026-07-15T12:44:39.611+0000] {taskinstance.py:2327} INFO - Executing <Task(BashOperator): run_bronze> on 2026-07-15 12:44:35.298534+00:00
[2026-07-15T12:44:39.620+0000] {standard_task_runner.py:90} INFO - Running: ['***', 'tasks', 'run', 'e-commerce_kafka_streaming_pipeline_v1', 'run_bronze', 'manual__2026-07-15T12:44:35.298534+00:00', '--job-id', '49', '--raw', '--subdir', 'DAGS_FOLDER/sdp_pipeline_dag.py', '--cfg-path', '/tmp/tmpf2p2n0mo']
[2026-07-15T12:44:39.623+0000] {logging_mixin.py:188} WARNING - /home/***/.local/lib/python3.12/site-packages/***/task/task_runner/standard_task_runner.py:61 DeprecationWarning: This process (pid=1177) is multi-threaded, use of fork() may lead to deadlocks in the child.
[2026-07-15T12:44:39.623+0000] {standard_task_runner.py:91} INFO - Job 49: Subtask run_bronze
[2026-07-15T12:44:39.624+0000] {standard_task_runner.py:63} INFO - Started process 1178 to run task
[2026-07-15T12:44:39.693+0000] {task_command.py:426} INFO - Running <TaskInstance: e-commerce_kafka_streaming_pipeline_v1.run_bronze manual__2026-07-15T12:44:35.298534+00:00 [running]> on host 6d7ac32de880
[2026-07-15T12:44:39.776+0000] {taskinstance.py:2644} INFO - Exporting env vars: AIRFLOW_CTX_DAG_OWNER='dev' AIRFLOW_CTX_DAG_ID='e-commerce_kafka_streaming_pipeline_v1' AIRFLOW_CTX_TASK_ID='run_bronze' AIRFLOW_CTX_EXECUTION_DATE='2026-07-15T12:44:35.298534+00:00' AIRFLOW_CTX_TRY_NUMBER='1' AIRFLOW_CTX_DAG_RUN_ID='manual__2026-07-15T12:44:35.298534+00:00'
[2026-07-15T12:44:39.778+0000] {taskinstance.py:430} INFO - ::endgroup::
[2026-07-15T12:44:39.793+0000] {subprocess.py:63} INFO - Tmp dir root location: /tmp
[2026-07-15T12:44:39.795+0000] {subprocess.py:75} INFO - Running command: ['/usr/bin/bash', '-c', 'timeout 150s docker run --rm --network streaming_kafka_project_sdp-net --volume /d/Streaming_kafka_project/pipelines:/opt/pipelines --volume /d/Streaming_kafka_project/data:/opt/data --volume /d/Streaming_kafka_project/checkpoints:/opt/checkpoints --volume /d/Streaming_kafka_project/jars:/opt/jars apache/spark:3.5.1 /opt/spark/bin/spark-submit --master spark://sdp-spark-master:7077 --executor-cores 1 --executor-memory 512m --total-executor-cores 3 --jars /opt/jars/delta-spark_2.12-3.2.0.jar,/opt/jars/delta-storage-3.2.0.jar,/opt/jars/spark-sql-kafka-0-10_2.12-3.5.1.jar,/opt/jars/kafka-clients-3.4.1.jar,/opt/jars/spark-token-provider-kafka-0-10_2.12-3.5.1.jar,/opt/jars/commons-pool2-2.11.1.jar --conf spark.sql.extensions=io.delta.sql.DeltaSparkSessionExtension --conf spark.sql.catalog.spark_catalog=org.apache.spark.sql.delta.catalog.DeltaCatalog  /opt/pipelines/bronze_runner.py']
[2026-07-15T12:44:39.807+0000] {subprocess.py:86} INFO - Output:
[2026-07-15T12:44:42.060+0000] {subprocess.py:93} INFO - 26/07/15 12:44:42 WARN NativeCodeLoader: Unable to load native-hadoop library for your platform... using builtin-java classes where applicable
[2026-07-15T12:44:42.879+0000] {subprocess.py:93} INFO - 26/07/15 12:44:42 INFO SparkContext: Running Spark version 3.5.1
[2026-07-15T12:44:42.881+0000] {subprocess.py:93} INFO - 26/07/15 12:44:42 INFO SparkContext: OS info Linux, 6.18.33.2-microsoft-standard-WSL2, amd64
[2026-07-15T12:44:42.882+0000] {subprocess.py:93} INFO - 26/07/15 12:44:42 INFO SparkContext: Java version 11.0.22
[2026-07-15T12:44:42.914+0000] {subprocess.py:93} INFO - 26/07/15 12:44:42 INFO ResourceUtils: ==============================================================
[2026-07-15T12:44:42.918+0000] {subprocess.py:93} INFO - 26/07/15 12:44:42 INFO ResourceUtils: No custom resources configured for spark.driver.
[2026-07-15T12:44:42.920+0000] {subprocess.py:93} INFO - 26/07/15 12:44:42 INFO ResourceUtils: ==============================================================
[2026-07-15T12:44:42.921+0000] {subprocess.py:93} INFO - 26/07/15 12:44:42 INFO SparkContext: Submitted application: SDP-Bronze
[2026-07-15T12:44:42.949+0000] {subprocess.py:93} INFO - 26/07/15 12:44:42 INFO ResourceProfile: Default ResourceProfile created, executor resources: Map(cores -> name: cores, amount: 1, script: , vendor: , memory -> name: memory, amount: 512, script: , vendor: , offHeap -> name: offHeap, amount: 0, script: , vendor: ), task resources: Map(cpus -> name: cpus, amount: 1.0)
[2026-07-15T12:44:42.979+0000] {subprocess.py:93} INFO - 26/07/15 12:44:42 INFO ResourceProfile: Limiting resource is cpus at 1 tasks per executor
[2026-07-15T12:44:42.982+0000] {subprocess.py:93} INFO - 26/07/15 12:44:42 INFO ResourceProfileManager: Added ResourceProfile id: 0
[2026-07-15T12:44:43.064+0000] {subprocess.py:93} INFO - 26/07/15 12:44:43 INFO SecurityManager: Changing view acls to: spark
[2026-07-15T12:44:43.066+0000] {subprocess.py:93} INFO - 26/07/15 12:44:43 INFO SecurityManager: Changing modify acls to: spark
[2026-07-15T12:44:43.068+0000] {subprocess.py:93} INFO - 26/07/15 12:44:43 INFO SecurityManager: Changing view acls groups to:
[2026-07-15T12:44:43.069+0000] {subprocess.py:93} INFO - 26/07/15 12:44:43 INFO SecurityManager: Changing modify acls groups to:
[2026-07-15T12:44:43.070+0000] {subprocess.py:93} INFO - 26/07/15 12:44:43 INFO SecurityManager: SecurityManager: authentication disabled; ui acls disabled; users with view permissions: spark; groups with view permissions: EMPTY; users with modify permissions: spark; groups with modify permissions: EMPTY
[2026-07-15T12:44:43.289+0000] {subprocess.py:93} INFO - 26/07/15 12:44:43 INFO Utils: Successfully started service 'sparkDriver' on port 42971.
[2026-07-15T12:44:43.342+0000] {subprocess.py:93} INFO - 26/07/15 12:44:43 INFO SparkEnv: Registering MapOutputTracker
[2026-07-15T12:44:43.397+0000] {subprocess.py:93} INFO - 26/07/15 12:44:43 INFO SparkEnv: Registering BlockManagerMaster
[2026-07-15T12:44:43.416+0000] {subprocess.py:93} INFO - 26/07/15 12:44:43 INFO BlockManagerMasterEndpoint: Using org.apache.spark.storage.DefaultTopologyMapper for getting topology information
[2026-07-15T12:44:43.418+0000] {subprocess.py:93} INFO - 26/07/15 12:44:43 INFO BlockManagerMasterEndpoint: BlockManagerMasterEndpoint up
[2026-07-15T12:44:43.422+0000] {subprocess.py:93} INFO - 26/07/15 12:44:43 INFO SparkEnv: Registering BlockManagerMasterHeartbeat
[2026-07-15T12:44:43.444+0000] {subprocess.py:93} INFO - 26/07/15 12:44:43 INFO DiskBlockManager: Created local directory at /tmp/blockmgr-9de90d2e-a51c-440d-97e0-19c088663faf
[2026-07-15T12:44:43.464+0000] {subprocess.py:93} INFO - 26/07/15 12:44:43 INFO MemoryStore: MemoryStore started with capacity 434.4 MiB
[2026-07-15T12:44:43.487+0000] {subprocess.py:93} INFO - 26/07/15 12:44:43 INFO SparkEnv: Registering OutputCommitCoordinator
[2026-07-15T12:44:43.681+0000] {subprocess.py:93} INFO - 26/07/15 12:44:43 INFO JettyUtils: Start Jetty 0.0.0.0:4040 for SparkUI
[2026-07-15T12:44:43.797+0000] {subprocess.py:93} INFO - 26/07/15 12:44:43 INFO Utils: Successfully started service 'SparkUI' on port 4040.
[2026-07-15T12:44:43.844+0000] {subprocess.py:93} INFO - 26/07/15 12:44:43 INFO SparkContext: Added JAR file:///opt/jars/delta-spark_2.12-3.2.0.jar at spark://330e011c2dbc:42971/jars/delta-spark_2.12-3.2.0.jar with timestamp 1784119482865
[2026-07-15T12:44:43.846+0000] {subprocess.py:93} INFO - 26/07/15 12:44:43 INFO SparkContext: Added JAR file:///opt/jars/delta-storage-3.2.0.jar at spark://330e011c2dbc:42971/jars/delta-storage-3.2.0.jar with timestamp 1784119482865
[2026-07-15T12:44:43.847+0000] {subprocess.py:93} INFO - 26/07/15 12:44:43 INFO SparkContext: Added JAR file:///opt/jars/spark-sql-kafka-0-10_2.12-3.5.1.jar at spark://330e011c2dbc:42971/jars/spark-sql-kafka-0-10_2.12-3.5.1.jar with timestamp 1784119482865
[2026-07-15T12:44:43.848+0000] {subprocess.py:93} INFO - 26/07/15 12:44:43 INFO SparkContext: Added JAR file:///opt/jars/kafka-clients-3.4.1.jar at spark://330e011c2dbc:42971/jars/kafka-clients-3.4.1.jar with timestamp 1784119482865
[2026-07-15T12:44:43.850+0000] {subprocess.py:93} INFO - 26/07/15 12:44:43 INFO SparkContext: Added JAR file:///opt/jars/spark-token-provider-kafka-0-10_2.12-3.5.1.jar at spark://330e011c2dbc:42971/jars/spark-token-provider-kafka-0-10_2.12-3.5.1.jar with timestamp 1784119482865
[2026-07-15T12:44:43.852+0000] {subprocess.py:93} INFO - 26/07/15 12:44:43 INFO SparkContext: Added JAR file:///opt/jars/commons-pool2-2.11.1.jar at spark://330e011c2dbc:42971/jars/commons-pool2-2.11.1.jar with timestamp 1784119482865
[2026-07-15T12:44:43.944+0000] {subprocess.py:93} INFO - 26/07/15 12:44:43 INFO StandaloneAppClient$ClientEndpoint: Connecting to master spark://sdp-spark-master:7077...
[2026-07-15T12:44:44.003+0000] {subprocess.py:93} INFO - 26/07/15 12:44:43 INFO TransportClientFactory: Successfully created connection to sdp-spark-master/172.18.0.2:7077 after 30 ms (0 ms spent in bootstraps)
[2026-07-15T12:44:44.161+0000] {subprocess.py:93} INFO - 26/07/15 12:44:44 INFO StandaloneSchedulerBackend: Connected to Spark cluster with app ID app-20260715124444-0003
[2026-07-15T12:44:44.163+0000] {subprocess.py:93} INFO - 26/07/15 12:44:44 INFO StandaloneAppClient$ClientEndpoint: Executor added: app-20260715124444-0003/0 on worker-20260715120445-172.18.0.5-42817 (172.18.0.5:42817) with 1 core(s)
[2026-07-15T12:44:44.169+0000] {subprocess.py:93} INFO - 26/07/15 12:44:44 INFO StandaloneSchedulerBackend: Granted executor ID app-20260715124444-0003/0 on hostPort 172.18.0.5:42817 with 1 core(s), 512.0 MiB RAM
[2026-07-15T12:44:44.175+0000] {subprocess.py:93} INFO - 26/07/15 12:44:44 INFO StandaloneAppClient$ClientEndpoint: Executor added: app-20260715124444-0003/1 on worker-20260715120445-172.18.0.5-42817 (172.18.0.5:42817) with 1 core(s)
[2026-07-15T12:44:44.177+0000] {subprocess.py:93} INFO - 26/07/15 12:44:44 INFO StandaloneSchedulerBackend: Granted executor ID app-20260715124444-0003/1 on hostPort 172.18.0.5:42817 with 1 core(s), 512.0 MiB RAM
[2026-07-15T12:44:44.178+0000] {subprocess.py:93} INFO - 26/07/15 12:44:44 INFO StandaloneAppClient$ClientEndpoint: Executor added: app-20260715124444-0003/2 on worker-20260715120445-172.18.0.6-36249 (172.18.0.6:36249) with 1 core(s)
[2026-07-15T12:44:44.179+0000] {subprocess.py:93} INFO - 26/07/15 12:44:44 INFO StandaloneSchedulerBackend: Granted executor ID app-20260715124444-0003/2 on hostPort 172.18.0.6:36249 with 1 core(s), 512.0 MiB RAM
[2026-07-15T12:44:44.191+0000] {subprocess.py:93} INFO - 26/07/15 12:44:44 INFO Utils: Successfully started service 'org.apache.spark.network.netty.NettyBlockTransferService' on port 38913.
[2026-07-15T12:44:44.193+0000] {subprocess.py:93} INFO - 26/07/15 12:44:44 INFO NettyBlockTransferService: Server created on 330e011c2dbc:38913
[2026-07-15T12:44:44.194+0000] {subprocess.py:93} INFO - 26/07/15 12:44:44 INFO BlockManager: Using org.apache.spark.storage.RandomBlockReplicationPolicy for block replication policy
[2026-07-15T12:44:44.211+0000] {subprocess.py:93} INFO - 26/07/15 12:44:44 INFO BlockManagerMaster: Registering BlockManager BlockManagerId(driver, 330e011c2dbc, 38913, None)
[2026-07-15T12:44:44.225+0000] {subprocess.py:93} INFO - 26/07/15 12:44:44 INFO BlockManagerMasterEndpoint: Registering block manager 330e011c2dbc:38913 with 434.4 MiB RAM, BlockManagerId(driver, 330e011c2dbc, 38913, None)
[2026-07-15T12:44:44.240+0000] {subprocess.py:93} INFO - 26/07/15 12:44:44 INFO StandaloneAppClient$ClientEndpoint: Executor updated: app-20260715124444-0003/2 is now RUNNING
[2026-07-15T12:44:44.243+0000] {subprocess.py:93} INFO - 26/07/15 12:44:44 INFO BlockManagerMaster: Registered BlockManager BlockManagerId(driver, 330e011c2dbc, 38913, None)
[2026-07-15T12:44:44.245+0000] {subprocess.py:93} INFO - 26/07/15 12:44:44 INFO StandaloneAppClient$ClientEndpoint: Executor updated: app-20260715124444-0003/0 is now RUNNING
[2026-07-15T12:44:44.253+0000] {subprocess.py:93} INFO - 26/07/15 12:44:44 INFO BlockManager: Initialized BlockManager: BlockManagerId(driver, 330e011c2dbc, 38913, None)
[2026-07-15T12:44:44.256+0000] {subprocess.py:93} INFO - 26/07/15 12:44:44 INFO StandaloneAppClient$ClientEndpoint: Executor updated: app-20260715124444-0003/1 is now RUNNING
[2026-07-15T12:44:44.568+0000] {subprocess.py:93} INFO - 26/07/15 12:44:44 INFO StandaloneSchedulerBackend: SchedulerBackend is ready for scheduling beginning after reached minRegisteredResourcesRatio: 0.0
[2026-07-15T12:44:45.016+0000] {subprocess.py:93} INFO - Starting stream: orders -> /opt/data/bronze/orders
[2026-07-15T12:44:51.806+0000] {subprocess.py:93} INFO - 26/07/15 12:44:51 WARN ResolveWriteToStream: spark.sql.adaptive.enabled is not supported in streaming DataFrames/Datasets and will be disabled.
[2026-07-15T12:44:52.242+0000] {subprocess.py:93} INFO - Starting stream: customers -> /opt/data/bronze/customers
[2026-07-15T12:44:52.312+0000] {subprocess.py:93} INFO - 26/07/15 12:44:52 WARN ResolveWriteToStream: spark.sql.adaptive.enabled is not supported in streaming DataFrames/Datasets and will be disabled.
[2026-07-15T12:44:52.627+0000] {subprocess.py:93} INFO - Starting stream: products -> /opt/data/bronze/products
[2026-07-15T12:44:52.721+0000] {subprocess.py:93} INFO - 26/07/15 12:44:52 WARN ResolveWriteToStream: spark.sql.adaptive.enabled is not supported in streaming DataFrames/Datasets and will be disabled.
[2026-07-15T12:44:52.737+0000] {subprocess.py:93} INFO - 26/07/15 12:44:52 WARN AdminClientConfig: These configurations '[key.deserializer, value.deserializer, enable.auto.commit, max.poll.records, auto.offset.reset]' were supplied but are not used yet.
[2026-07-15T12:44:52.738+0000] {subprocess.py:93} INFO - 26/07/15 12:44:52 WARN AdminClientConfig: These configurations '[key.deserializer, value.deserializer, enable.auto.commit, max.poll.records, auto.offset.reset]' were supplied but are not used yet.
[2026-07-15T12:44:53.068+0000] {subprocess.py:93} INFO - 26/07/15 12:44:53 WARN AdminClientConfig: These configurations '[key.deserializer, value.deserializer, enable.auto.commit, max.poll.records, auto.offset.reset]' were supplied but are not used yet.
[2026-07-15T12:46:25.600+0000] {subprocess.py:97} INFO - Command exited with return code 0
[2026-07-15T12:46:25.603+0000] {taskinstance.py:441} INFO - ::group::Post task execution logs
[2026-07-15T12:46:25.633+0000] {taskinstance.py:1205} INFO - Marking task as SUCCESS. dag_id=e-commerce_kafka_streaming_pipeline_v1, task_id=run_bronze, execution_date=20260715T124435, start_date=20260715T124439, end_date=20260715T124625
[2026-07-15T12:46:25.659+0000] {local_task_job_runner.py:240} INFO - Task exited with return code 0
[2026-07-15T12:46:25.685+0000] {taskinstance.py:3482} INFO - 1 downstream tasks scheduled from follow-on schedule check
[2026-07-15T12:46:25.689+0000] {local_task_job_runner.py:222} INFO - ::endgroup::
