[2026-06-10T06:00:10.593+0000] {local_task_job_runner.py:120} INFO - ::group::Pre task execution logs
[2026-06-10T06:00:10.663+0000] {taskinstance.py:2073} INFO - Dependencies all met for dep_context=non-requeueable deps ti=<TaskInstance: e-commerce_kafka_streaming_pipeline_v10.run_bronze scheduled__2026-06-10T05:00:00+00:00 [queued]>
[2026-06-10T06:00:10.680+0000] {taskinstance.py:2073} INFO - Dependencies all met for dep_context=requeueable deps ti=<TaskInstance: e-commerce_kafka_streaming_pipeline_v10.run_bronze scheduled__2026-06-10T05:00:00+00:00 [queued]>
[2026-06-10T06:00:10.681+0000] {taskinstance.py:2303} INFO - Starting attempt 1 of 2
[2026-06-10T06:00:10.707+0000] {taskinstance.py:2327} INFO - Executing <Task(BashOperator): run_bronze> on 2026-06-10 05:00:00+00:00
[2026-06-10T06:00:10.720+0000] {standard_task_runner.py:90} INFO - Running: ['***', 'tasks', 'run', 'e-commerce_kafka_streaming_pipeline_v10', 'run_bronze', 'scheduled__2026-06-10T05:00:00+00:00', '--job-id', '136', '--raw', '--subdir', 'DAGS_FOLDER/sdp_pipeline_dag.py', '--cfg-path', '/tmp/tmp5kfrooo1']
[2026-06-10T06:00:10.725+0000] {standard_task_runner.py:91} INFO - Job 136: Subtask run_bronze
[2026-06-10T06:00:10.742+0000] {logging_mixin.py:188} WARNING - /home/***/.local/lib/python3.12/site-packages/***/task/task_runner/standard_task_runner.py:61 DeprecationWarning: This process (pid=7021) is multi-threaded, use of fork() may lead to deadlocks in the child.
[2026-06-10T06:00:10.743+0000] {standard_task_runner.py:63} INFO - Started process 7022 to run task
[2026-06-10T06:00:10.832+0000] {task_command.py:426} INFO - Running <TaskInstance: e-commerce_kafka_streaming_pipeline_v10.run_bronze scheduled__2026-06-10T05:00:00+00:00 [running]> on host 19d9c0c71dcc
[2026-06-10T06:00:11.026+0000] {taskinstance.py:2644} INFO - Exporting env vars: AIRFLOW_CTX_DAG_OWNER='dev' AIRFLOW_CTX_DAG_ID='e-commerce_kafka_streaming_pipeline_v10' AIRFLOW_CTX_TASK_ID='run_bronze' AIRFLOW_CTX_EXECUTION_DATE='2026-06-10T05:00:00+00:00' AIRFLOW_CTX_TRY_NUMBER='1' AIRFLOW_CTX_DAG_RUN_ID='scheduled__2026-06-10T05:00:00+00:00'
[2026-06-10T06:00:11.031+0000] {taskinstance.py:430} INFO - ::endgroup::
[2026-06-10T06:00:11.078+0000] {subprocess.py:63} INFO - Tmp dir root location: /tmp
[2026-06-10T06:00:11.082+0000] {subprocess.py:75} INFO - Running command: ['/usr/bin/bash', '-c', 'timeout 120s docker run --rm --network streaming_kafka_project_sdp-net --volume /d/Streaming_kafka_project/pipelines:/opt/pipelines --volume /d/Streaming_kafka_project/data:/opt/data --volume /d/Streaming_kafka_project/checkpoints:/opt/checkpoints --volume /d/Streaming_kafka_project/jars:/opt/jars apache/spark:3.5.1 /opt/spark/bin/spark-submit --master spark://sdp-spark-master:7077 --executor-cores 1 --executor-memory 512m --total-executor-cores 3 --jars /opt/jars/delta-spark_2.12-3.2.0.jar,/opt/jars/delta-storage-3.2.0.jar,/opt/jars/spark-sql-kafka-0-10_2.12-3.5.1.jar,/opt/jars/kafka-clients-3.4.1.jar,/opt/jars/spark-token-provider-kafka-0-10_2.12-3.5.1.jar,/opt/jars/commons-pool2-2.11.1.jar --conf spark.sql.extensions=io.delta.sql.DeltaSparkSessionExtension --conf spark.sql.catalog.spark_catalog=org.apache.spark.sql.delta.catalog.DeltaCatalog  /opt/pipelines/bronze_runner.py']
[2026-06-10T06:00:11.114+0000] {subprocess.py:86} INFO - Output:
[2026-06-10T06:00:16.770+0000] {subprocess.py:93} INFO - 26/06/10 06:00:16 WARN NativeCodeLoader: Unable to load native-hadoop library for your platform... using builtin-java classes where applicable
[2026-06-10T06:00:17.991+0000] {subprocess.py:93} INFO - 26/06/10 06:00:17 INFO SparkContext: Running Spark version 3.5.1
[2026-06-10T06:00:17.993+0000] {subprocess.py:93} INFO - 26/06/10 06:00:17 INFO SparkContext: OS info Linux, 6.6.114.1-microsoft-standard-WSL2, amd64
[2026-06-10T06:00:17.994+0000] {subprocess.py:93} INFO - 26/06/10 06:00:17 INFO SparkContext: Java version 11.0.22
[2026-06-10T06:00:18.047+0000] {subprocess.py:93} INFO - 26/06/10 06:00:18 INFO ResourceUtils: ==============================================================
[2026-06-10T06:00:18.051+0000] {subprocess.py:93} INFO - 26/06/10 06:00:18 INFO ResourceUtils: No custom resources configured for spark.driver.
[2026-06-10T06:00:18.052+0000] {subprocess.py:93} INFO - 26/06/10 06:00:18 INFO ResourceUtils: ==============================================================
[2026-06-10T06:00:18.053+0000] {subprocess.py:93} INFO - 26/06/10 06:00:18 INFO SparkContext: Submitted application: SDP-Bronze
[2026-06-10T06:00:18.087+0000] {subprocess.py:93} INFO - 26/06/10 06:00:18 INFO ResourceProfile: Default ResourceProfile created, executor resources: Map(cores -> name: cores, amount: 1, script: , vendor: , memory -> name: memory, amount: 512, script: , vendor: , offHeap -> name: offHeap, amount: 0, script: , vendor: ), task resources: Map(cpus -> name: cpus, amount: 1.0)
[2026-06-10T06:00:18.111+0000] {subprocess.py:93} INFO - 26/06/10 06:00:18 INFO ResourceProfile: Limiting resource is cpus at 1 tasks per executor
[2026-06-10T06:00:18.117+0000] {subprocess.py:93} INFO - 26/06/10 06:00:18 INFO ResourceProfileManager: Added ResourceProfile id: 0
[2026-06-10T06:00:18.198+0000] {subprocess.py:93} INFO - 26/06/10 06:00:18 INFO SecurityManager: Changing view acls to: spark
[2026-06-10T06:00:18.200+0000] {subprocess.py:93} INFO - 26/06/10 06:00:18 INFO SecurityManager: Changing modify acls to: spark
[2026-06-10T06:00:18.203+0000] {subprocess.py:93} INFO - 26/06/10 06:00:18 INFO SecurityManager: Changing view acls groups to:
[2026-06-10T06:00:18.205+0000] {subprocess.py:93} INFO - 26/06/10 06:00:18 INFO SecurityManager: Changing modify acls groups to:
[2026-06-10T06:00:18.206+0000] {subprocess.py:93} INFO - 26/06/10 06:00:18 INFO SecurityManager: SecurityManager: authentication disabled; ui acls disabled; users with view permissions: spark; groups with view permissions: EMPTY; users with modify permissions: spark; groups with modify permissions: EMPTY
[2026-06-10T06:00:18.557+0000] {subprocess.py:93} INFO - 26/06/10 06:00:18 INFO Utils: Successfully started service 'sparkDriver' on port 34435.
[2026-06-10T06:00:18.601+0000] {subprocess.py:93} INFO - 26/06/10 06:00:18 INFO SparkEnv: Registering MapOutputTracker
[2026-06-10T06:00:18.650+0000] {subprocess.py:93} INFO - 26/06/10 06:00:18 INFO SparkEnv: Registering BlockManagerMaster
[2026-06-10T06:00:18.690+0000] {subprocess.py:93} INFO - 26/06/10 06:00:18 INFO BlockManagerMasterEndpoint: Using org.apache.spark.storage.DefaultTopologyMapper for getting topology information
[2026-06-10T06:00:18.693+0000] {subprocess.py:93} INFO - 26/06/10 06:00:18 INFO BlockManagerMasterEndpoint: BlockManagerMasterEndpoint up
[2026-06-10T06:00:18.707+0000] {subprocess.py:93} INFO - 26/06/10 06:00:18 INFO SparkEnv: Registering BlockManagerMasterHeartbeat
[2026-06-10T06:00:18.745+0000] {subprocess.py:93} INFO - 26/06/10 06:00:18 INFO DiskBlockManager: Created local directory at /tmp/blockmgr-c7c91e85-e48b-497a-b3bd-df1dcf6c8788
[2026-06-10T06:00:18.771+0000] {subprocess.py:93} INFO - 26/06/10 06:00:18 INFO MemoryStore: MemoryStore started with capacity 434.4 MiB
[2026-06-10T06:00:18.799+0000] {subprocess.py:93} INFO - 26/06/10 06:00:18 INFO SparkEnv: Registering OutputCommitCoordinator
[2026-06-10T06:00:19.006+0000] {subprocess.py:93} INFO - 26/06/10 06:00:19 INFO JettyUtils: Start Jetty 0.0.0.0:4040 for SparkUI
[2026-06-10T06:00:19.094+0000] {subprocess.py:93} INFO - 26/06/10 06:00:19 INFO Utils: Successfully started service 'SparkUI' on port 4040.
[2026-06-10T06:00:19.158+0000] {subprocess.py:93} INFO - 26/06/10 06:00:19 INFO SparkContext: Added JAR file:///opt/jars/delta-spark_2.12-3.2.0.jar at spark://1f55ec349eb1:34435/jars/delta-spark_2.12-3.2.0.jar with timestamp 1781071217977
[2026-06-10T06:00:19.160+0000] {subprocess.py:93} INFO - 26/06/10 06:00:19 INFO SparkContext: Added JAR file:///opt/jars/delta-storage-3.2.0.jar at spark://1f55ec349eb1:34435/jars/delta-storage-3.2.0.jar with timestamp 1781071217977
[2026-06-10T06:00:19.163+0000] {subprocess.py:93} INFO - 26/06/10 06:00:19 INFO SparkContext: Added JAR file:///opt/jars/spark-sql-kafka-0-10_2.12-3.5.1.jar at spark://1f55ec349eb1:34435/jars/spark-sql-kafka-0-10_2.12-3.5.1.jar with timestamp 1781071217977
[2026-06-10T06:00:19.164+0000] {subprocess.py:93} INFO - 26/06/10 06:00:19 INFO SparkContext: Added JAR file:///opt/jars/kafka-clients-3.4.1.jar at spark://1f55ec349eb1:34435/jars/kafka-clients-3.4.1.jar with timestamp 1781071217977
[2026-06-10T06:00:19.167+0000] {subprocess.py:93} INFO - 26/06/10 06:00:19 INFO SparkContext: Added JAR file:///opt/jars/spark-token-provider-kafka-0-10_2.12-3.5.1.jar at spark://1f55ec349eb1:34435/jars/spark-token-provider-kafka-0-10_2.12-3.5.1.jar with timestamp 1781071217977
[2026-06-10T06:00:19.169+0000] {subprocess.py:93} INFO - 26/06/10 06:00:19 INFO SparkContext: Added JAR file:///opt/jars/commons-pool2-2.11.1.jar at spark://1f55ec349eb1:34435/jars/commons-pool2-2.11.1.jar with timestamp 1781071217977
[2026-06-10T06:00:19.302+0000] {subprocess.py:93} INFO - 26/06/10 06:00:19 INFO StandaloneAppClient$ClientEndpoint: Connecting to master spark://sdp-spark-master:7077...
[2026-06-10T06:00:19.377+0000] {subprocess.py:93} INFO - 26/06/10 06:00:19 INFO TransportClientFactory: Successfully created connection to sdp-spark-master/172.18.0.4:7077 after 44 ms (0 ms spent in bootstraps)
[2026-06-10T06:00:19.511+0000] {subprocess.py:93} INFO - 26/06/10 06:00:19 INFO StandaloneSchedulerBackend: Connected to Spark cluster with app ID app-20260610060019-0064
[2026-06-10T06:00:19.526+0000] {subprocess.py:93} INFO - 26/06/10 06:00:19 INFO StandaloneAppClient$ClientEndpoint: Executor added: app-20260610060019-0064/0 on worker-20260608131402-172.18.0.6-44005 (172.18.0.6:44005) with 1 core(s)
[2026-06-10T06:00:19.531+0000] {subprocess.py:93} INFO - 26/06/10 06:00:19 INFO StandaloneSchedulerBackend: Granted executor ID app-20260610060019-0064/0 on hostPort 172.18.0.6:44005 with 1 core(s), 512.0 MiB RAM
[2026-06-10T06:00:19.532+0000] {subprocess.py:93} INFO - 26/06/10 06:00:19 INFO StandaloneAppClient$ClientEndpoint: Executor added: app-20260610060019-0064/1 on worker-20260608131402-172.18.0.6-44005 (172.18.0.6:44005) with 1 core(s)
[2026-06-10T06:00:19.534+0000] {subprocess.py:93} INFO - 26/06/10 06:00:19 INFO StandaloneSchedulerBackend: Granted executor ID app-20260610060019-0064/1 on hostPort 172.18.0.6:44005 with 1 core(s), 512.0 MiB RAM
[2026-06-10T06:00:19.536+0000] {subprocess.py:93} INFO - 26/06/10 06:00:19 INFO StandaloneAppClient$ClientEndpoint: Executor added: app-20260610060019-0064/2 on worker-20260608131402-172.18.0.5-38399 (172.18.0.5:38399) with 1 core(s)
[2026-06-10T06:00:19.541+0000] {subprocess.py:93} INFO - 26/06/10 06:00:19 INFO StandaloneSchedulerBackend: Granted executor ID app-20260610060019-0064/2 on hostPort 172.18.0.5:38399 with 1 core(s), 512.0 MiB RAM
[2026-06-10T06:00:19.563+0000] {subprocess.py:93} INFO - 26/06/10 06:00:19 INFO Utils: Successfully started service 'org.apache.spark.network.netty.NettyBlockTransferService' on port 33521.
[2026-06-10T06:00:19.565+0000] {subprocess.py:93} INFO - 26/06/10 06:00:19 INFO NettyBlockTransferService: Server created on 1f55ec349eb1:33521
[2026-06-10T06:00:19.578+0000] {subprocess.py:93} INFO - 26/06/10 06:00:19 INFO BlockManager: Using org.apache.spark.storage.RandomBlockReplicationPolicy for block replication policy
[2026-06-10T06:00:19.600+0000] {subprocess.py:93} INFO - 26/06/10 06:00:19 INFO BlockManagerMaster: Registering BlockManager BlockManagerId(driver, 1f55ec349eb1, 33521, None)
[2026-06-10T06:00:19.611+0000] {subprocess.py:93} INFO - 26/06/10 06:00:19 INFO BlockManagerMasterEndpoint: Registering block manager 1f55ec349eb1:33521 with 434.4 MiB RAM, BlockManagerId(driver, 1f55ec349eb1, 33521, None)
[2026-06-10T06:00:19.628+0000] {subprocess.py:93} INFO - 26/06/10 06:00:19 INFO BlockManagerMaster: Registered BlockManager BlockManagerId(driver, 1f55ec349eb1, 33521, None)
[2026-06-10T06:00:19.636+0000] {subprocess.py:93} INFO - 26/06/10 06:00:19 INFO BlockManager: Initialized BlockManager: BlockManagerId(driver, 1f55ec349eb1, 33521, None)
[2026-06-10T06:00:19.659+0000] {subprocess.py:93} INFO - 26/06/10 06:00:19 INFO StandaloneAppClient$ClientEndpoint: Executor updated: app-20260610060019-0064/2 is now RUNNING
[2026-06-10T06:00:19.664+0000] {subprocess.py:93} INFO - 26/06/10 06:00:19 INFO StandaloneAppClient$ClientEndpoint: Executor updated: app-20260610060019-0064/1 is now RUNNING
[2026-06-10T06:00:19.679+0000] {subprocess.py:93} INFO - 26/06/10 06:00:19 INFO StandaloneAppClient$ClientEndpoint: Executor updated: app-20260610060019-0064/0 is now RUNNING
[2026-06-10T06:00:20.878+0000] {subprocess.py:93} INFO - 26/06/10 06:00:20 INFO StandaloneSchedulerBackend: SchedulerBackend is ready for scheduling beginning after reached minRegisteredResourcesRatio: 0.0
[2026-06-10T06:00:21.779+0000] {subprocess.py:93} INFO - Starting stream: orders -> /opt/data/bronze/orders
[2026-06-10T06:00:50.856+0000] {subprocess.py:93} INFO - 26/06/10 06:00:50 WARN ResolveWriteToStream: spark.sql.adaptive.enabled is not supported in streaming DataFrames/Datasets and will be disabled.
[2026-06-10T06:00:51.094+0000] {subprocess.py:93} INFO - Starting stream: customers -> /opt/data/bronze/customers
[2026-06-10T06:00:54.486+0000] {subprocess.py:93} INFO - 26/06/10 06:00:54 WARN AdminClientConfig: These configurations '[key.deserializer, value.deserializer, enable.auto.commit, max.poll.records, auto.offset.reset]' were supplied but are not used yet.
[2026-06-10T06:00:54.569+0000] {subprocess.py:93} INFO - 26/06/10 06:00:54 WARN ResolveWriteToStream: spark.sql.adaptive.enabled is not supported in streaming DataFrames/Datasets and will be disabled.
[2026-06-10T06:00:54.654+0000] {subprocess.py:93} INFO - Starting stream: products -> /opt/data/bronze/products
[2026-06-10T06:00:57.632+0000] {subprocess.py:93} INFO - 26/06/10 06:00:57 WARN AdminClientConfig: These configurations '[key.deserializer, value.deserializer, enable.auto.commit, max.poll.records, auto.offset.reset]' were supplied but are not used yet.
[2026-06-10T06:00:57.766+0000] {subprocess.py:93} INFO - 26/06/10 06:00:57 WARN ResolveWriteToStream: spark.sql.adaptive.enabled is not supported in streaming DataFrames/Datasets and will be disabled.
[2026-06-10T06:00:59.738+0000] {subprocess.py:93} INFO - 26/06/10 06:00:59 WARN AdminClientConfig: These configurations '[key.deserializer, value.deserializer, enable.auto.commit, max.poll.records, auto.offset.reset]' were supplied but are not used yet.
[2026-06-10T06:01:01.683+0000] {subprocess.py:93} INFO - 26/06/10 06:01:01 WARN SparkStringUtils: Truncated the string representation of a plan since it was too large. This behavior can be adjusted by setting 'spark.sql.debug.maxToStringFields'.
[2026-06-10T06:02:11.660+0000] {subprocess.py:93} INFO - 26/06/10 06:02:11 WARN Dispatcher: Message RemoteProcessDisconnected(172.18.0.6:44112) dropped. Could not find BlockManagerMasterHeartbeat.
[2026-06-10T06:02:12.658+0000] {subprocess.py:97} INFO - Command exited with return code 124
[2026-06-10T06:02:12.808+0000] {taskinstance.py:441} INFO - ::group::Post task execution logs
[2026-06-10T06:02:12.837+0000] {taskinstance.py:2890} ERROR - Task failed with exception
Traceback (most recent call last):
  File "/home/airflow/.local/lib/python3.12/site-packages/airflow/models/taskinstance.py", line 465, in _execute_task
    result = _execute_callable(context=context, **execute_callable_kwargs)
             ^^^^^^^^^^^^^^^^^^^^^^^^^^^^^^^^^^^^^^^^^^^^^^^^^^^^^^^^^^^^^
  File "/home/airflow/.local/lib/python3.12/site-packages/airflow/models/taskinstance.py", line 432, in _execute_callable
    return execute_callable(context=context, **execute_callable_kwargs)
           ^^^^^^^^^^^^^^^^^^^^^^^^^^^^^^^^^^^^^^^^^^^^^^^^^^^^^^^^^^^^
  File "/home/airflow/.local/lib/python3.12/site-packages/airflow/models/baseoperator.py", line 400, in wrapper
    return func(self, *args, **kwargs)
           ^^^^^^^^^^^^^^^^^^^^^^^^^^^
  File "/home/airflow/.local/lib/python3.12/site-packages/airflow/operators/bash.py", line 243, in execute
    raise AirflowException(
airflow.exceptions.AirflowException: Bash command failed. The command returned a non-zero exit code 124.
[2026-06-10T06:02:12.853+0000] {taskinstance.py:1205} INFO - Marking task as UP_FOR_RETRY. dag_id=e-commerce_kafka_streaming_pipeline_v10, task_id=run_bronze, execution_date=20260610T050000, start_date=20260610T060010, end_date=20260610T060212
[2026-06-10T06:02:12.909+0000] {standard_task_runner.py:110} ERROR - Failed to execute job 136 for task run_bronze (Bash command failed. The command returned a non-zero exit code 124.; 7022)
[2026-06-10T06:02:12.957+0000] {local_task_job_runner.py:240} INFO - Task exited with return code 1
[2026-06-10T06:02:13.006+0000] {taskinstance.py:3482} INFO - 0 downstream tasks scheduled from follow-on schedule check
[2026-06-10T06:02:13.010+0000] {local_task_job_runner.py:222} INFO - ::endgroup::
