[2026-06-10T06:04:14.353+0000] {local_task_job_runner.py:120} INFO - ::group::Pre task execution logs
[2026-06-10T06:04:14.414+0000] {taskinstance.py:2073} INFO - Dependencies all met for dep_context=non-requeueable deps ti=<TaskInstance: e-commerce_kafka_streaming_pipeline_v10.run_bronze scheduled__2026-06-10T05:00:00+00:00 [queued]>
[2026-06-10T06:04:14.430+0000] {taskinstance.py:2073} INFO - Dependencies all met for dep_context=requeueable deps ti=<TaskInstance: e-commerce_kafka_streaming_pipeline_v10.run_bronze scheduled__2026-06-10T05:00:00+00:00 [queued]>
[2026-06-10T06:04:14.431+0000] {taskinstance.py:2303} INFO - Starting attempt 2 of 2
[2026-06-10T06:04:14.459+0000] {taskinstance.py:2327} INFO - Executing <Task(BashOperator): run_bronze> on 2026-06-10 05:00:00+00:00
[2026-06-10T06:04:14.474+0000] {standard_task_runner.py:90} INFO - Running: ['***', 'tasks', 'run', 'e-commerce_kafka_streaming_pipeline_v10', 'run_bronze', 'scheduled__2026-06-10T05:00:00+00:00', '--job-id', '137', '--raw', '--subdir', 'DAGS_FOLDER/sdp_pipeline_dag.py', '--cfg-path', '/tmp/tmpuw4uykcb']
[2026-06-10T06:04:14.479+0000] {logging_mixin.py:188} WARNING - /home/***/.local/lib/python3.12/site-packages/***/task/task_runner/standard_task_runner.py:61 DeprecationWarning: This process (pid=7074) is multi-threaded, use of fork() may lead to deadlocks in the child.
[2026-06-10T06:04:14.481+0000] {standard_task_runner.py:91} INFO - Job 137: Subtask run_bronze
[2026-06-10T06:04:14.481+0000] {standard_task_runner.py:63} INFO - Started process 7075 to run task
[2026-06-10T06:04:14.589+0000] {task_command.py:426} INFO - Running <TaskInstance: e-commerce_kafka_streaming_pipeline_v10.run_bronze scheduled__2026-06-10T05:00:00+00:00 [running]> on host 19d9c0c71dcc
[2026-06-10T06:04:14.746+0000] {taskinstance.py:2644} INFO - Exporting env vars: AIRFLOW_CTX_DAG_OWNER='dev' AIRFLOW_CTX_DAG_ID='e-commerce_kafka_streaming_pipeline_v10' AIRFLOW_CTX_TASK_ID='run_bronze' AIRFLOW_CTX_EXECUTION_DATE='2026-06-10T05:00:00+00:00' AIRFLOW_CTX_TRY_NUMBER='2' AIRFLOW_CTX_DAG_RUN_ID='scheduled__2026-06-10T05:00:00+00:00'
[2026-06-10T06:04:14.747+0000] {taskinstance.py:430} INFO - ::endgroup::
[2026-06-10T06:04:14.778+0000] {subprocess.py:63} INFO - Tmp dir root location: /tmp
[2026-06-10T06:04:14.781+0000] {subprocess.py:75} INFO - Running command: ['/usr/bin/bash', '-c', 'timeout 120s docker run --rm --network streaming_kafka_project_sdp-net --volume /d/Streaming_kafka_project/pipelines:/opt/pipelines --volume /d/Streaming_kafka_project/data:/opt/data --volume /d/Streaming_kafka_project/checkpoints:/opt/checkpoints --volume /d/Streaming_kafka_project/jars:/opt/jars apache/spark:3.5.1 /opt/spark/bin/spark-submit --master spark://sdp-spark-master:7077 --executor-cores 1 --executor-memory 512m --total-executor-cores 3 --jars /opt/jars/delta-spark_2.12-3.2.0.jar,/opt/jars/delta-storage-3.2.0.jar,/opt/jars/spark-sql-kafka-0-10_2.12-3.5.1.jar,/opt/jars/kafka-clients-3.4.1.jar,/opt/jars/spark-token-provider-kafka-0-10_2.12-3.5.1.jar,/opt/jars/commons-pool2-2.11.1.jar --conf spark.sql.extensions=io.delta.sql.DeltaSparkSessionExtension --conf spark.sql.catalog.spark_catalog=org.apache.spark.sql.delta.catalog.DeltaCatalog  /opt/pipelines/bronze_runner.py']
[2026-06-10T06:04:14.798+0000] {subprocess.py:86} INFO - Output:
[2026-06-10T06:04:18.976+0000] {subprocess.py:93} INFO - 26/06/10 06:04:18 WARN NativeCodeLoader: Unable to load native-hadoop library for your platform... using builtin-java classes where applicable
[2026-06-10T06:04:20.855+0000] {subprocess.py:93} INFO - 26/06/10 06:04:20 INFO SparkContext: Running Spark version 3.5.1
[2026-06-10T06:04:20.858+0000] {subprocess.py:93} INFO - 26/06/10 06:04:20 INFO SparkContext: OS info Linux, 6.6.114.1-microsoft-standard-WSL2, amd64
[2026-06-10T06:04:20.861+0000] {subprocess.py:93} INFO - 26/06/10 06:04:20 INFO SparkContext: Java version 11.0.22
[2026-06-10T06:04:20.962+0000] {subprocess.py:93} INFO - 26/06/10 06:04:20 INFO ResourceUtils: ==============================================================
[2026-06-10T06:04:20.967+0000] {subprocess.py:93} INFO - 26/06/10 06:04:20 INFO ResourceUtils: No custom resources configured for spark.driver.
[2026-06-10T06:04:20.971+0000] {subprocess.py:93} INFO - 26/06/10 06:04:20 INFO ResourceUtils: ==============================================================
[2026-06-10T06:04:20.982+0000] {subprocess.py:93} INFO - 26/06/10 06:04:20 INFO SparkContext: Submitted application: SDP-Bronze
[2026-06-10T06:04:21.066+0000] {subprocess.py:93} INFO - 26/06/10 06:04:21 INFO ResourceProfile: Default ResourceProfile created, executor resources: Map(cores -> name: cores, amount: 1, script: , vendor: , memory -> name: memory, amount: 512, script: , vendor: , offHeap -> name: offHeap, amount: 0, script: , vendor: ), task resources: Map(cpus -> name: cpus, amount: 1.0)
[2026-06-10T06:04:21.106+0000] {subprocess.py:93} INFO - 26/06/10 06:04:21 INFO ResourceProfile: Limiting resource is cpus at 1 tasks per executor
[2026-06-10T06:04:21.114+0000] {subprocess.py:93} INFO - 26/06/10 06:04:21 INFO ResourceProfileManager: Added ResourceProfile id: 0
[2026-06-10T06:04:21.305+0000] {subprocess.py:93} INFO - 26/06/10 06:04:21 INFO SecurityManager: Changing view acls to: spark
[2026-06-10T06:04:21.315+0000] {subprocess.py:93} INFO - 26/06/10 06:04:21 INFO SecurityManager: Changing modify acls to: spark
[2026-06-10T06:04:21.319+0000] {subprocess.py:93} INFO - 26/06/10 06:04:21 INFO SecurityManager: Changing view acls groups to:
[2026-06-10T06:04:21.321+0000] {subprocess.py:93} INFO - 26/06/10 06:04:21 INFO SecurityManager: Changing modify acls groups to:
[2026-06-10T06:04:21.328+0000] {subprocess.py:93} INFO - 26/06/10 06:04:21 INFO SecurityManager: SecurityManager: authentication disabled; ui acls disabled; users with view permissions: spark; groups with view permissions: EMPTY; users with modify permissions: spark; groups with modify permissions: EMPTY
[2026-06-10T06:04:22.085+0000] {subprocess.py:93} INFO - 26/06/10 06:04:22 INFO Utils: Successfully started service 'sparkDriver' on port 37367.
[2026-06-10T06:04:22.187+0000] {subprocess.py:93} INFO - 26/06/10 06:04:22 INFO SparkEnv: Registering MapOutputTracker
[2026-06-10T06:04:22.272+0000] {subprocess.py:93} INFO - 26/06/10 06:04:22 INFO SparkEnv: Registering BlockManagerMaster
[2026-06-10T06:04:22.344+0000] {subprocess.py:93} INFO - 26/06/10 06:04:22 INFO BlockManagerMasterEndpoint: Using org.apache.spark.storage.DefaultTopologyMapper for getting topology information
[2026-06-10T06:04:22.350+0000] {subprocess.py:93} INFO - 26/06/10 06:04:22 INFO BlockManagerMasterEndpoint: BlockManagerMasterEndpoint up
[2026-06-10T06:04:22.366+0000] {subprocess.py:93} INFO - 26/06/10 06:04:22 INFO SparkEnv: Registering BlockManagerMasterHeartbeat
[2026-06-10T06:04:22.435+0000] {subprocess.py:93} INFO - 26/06/10 06:04:22 INFO DiskBlockManager: Created local directory at /tmp/blockmgr-c0bfc0e3-9163-418f-bb2d-a281a9b6151e
[2026-06-10T06:04:22.472+0000] {subprocess.py:93} INFO - 26/06/10 06:04:22 INFO MemoryStore: MemoryStore started with capacity 434.4 MiB
[2026-06-10T06:04:22.528+0000] {subprocess.py:93} INFO - 26/06/10 06:04:22 INFO SparkEnv: Registering OutputCommitCoordinator
[2026-06-10T06:04:22.828+0000] {subprocess.py:93} INFO - 26/06/10 06:04:22 INFO JettyUtils: Start Jetty 0.0.0.0:4040 for SparkUI
[2026-06-10T06:04:22.910+0000] {subprocess.py:93} INFO - 26/06/10 06:04:22 INFO Utils: Successfully started service 'SparkUI' on port 4040.
[2026-06-10T06:04:22.971+0000] {subprocess.py:93} INFO - 26/06/10 06:04:22 INFO SparkContext: Added JAR file:///opt/jars/delta-spark_2.12-3.2.0.jar at spark://e71bfccd5451:37367/jars/delta-spark_2.12-3.2.0.jar with timestamp 1781071460821
[2026-06-10T06:04:22.975+0000] {subprocess.py:93} INFO - 26/06/10 06:04:22 INFO SparkContext: Added JAR file:///opt/jars/delta-storage-3.2.0.jar at spark://e71bfccd5451:37367/jars/delta-storage-3.2.0.jar with timestamp 1781071460821
[2026-06-10T06:04:22.980+0000] {subprocess.py:93} INFO - 26/06/10 06:04:22 INFO SparkContext: Added JAR file:///opt/jars/spark-sql-kafka-0-10_2.12-3.5.1.jar at spark://e71bfccd5451:37367/jars/spark-sql-kafka-0-10_2.12-3.5.1.jar with timestamp 1781071460821
[2026-06-10T06:04:22.982+0000] {subprocess.py:93} INFO - 26/06/10 06:04:22 INFO SparkContext: Added JAR file:///opt/jars/kafka-clients-3.4.1.jar at spark://e71bfccd5451:37367/jars/kafka-clients-3.4.1.jar with timestamp 1781071460821
[2026-06-10T06:04:22.983+0000] {subprocess.py:93} INFO - 26/06/10 06:04:22 INFO SparkContext: Added JAR file:///opt/jars/spark-token-provider-kafka-0-10_2.12-3.5.1.jar at spark://e71bfccd5451:37367/jars/spark-token-provider-kafka-0-10_2.12-3.5.1.jar with timestamp 1781071460821
[2026-06-10T06:04:22.984+0000] {subprocess.py:93} INFO - 26/06/10 06:04:22 INFO SparkContext: Added JAR file:///opt/jars/commons-pool2-2.11.1.jar at spark://e71bfccd5451:37367/jars/commons-pool2-2.11.1.jar with timestamp 1781071460821
[2026-06-10T06:04:23.141+0000] {subprocess.py:93} INFO - 26/06/10 06:04:23 INFO StandaloneAppClient$ClientEndpoint: Connecting to master spark://sdp-spark-master:7077...
[2026-06-10T06:04:23.218+0000] {subprocess.py:93} INFO - 26/06/10 06:04:23 INFO TransportClientFactory: Successfully created connection to sdp-spark-master/172.18.0.4:7077 after 43 ms (0 ms spent in bootstraps)
[2026-06-10T06:04:23.373+0000] {subprocess.py:93} INFO - 26/06/10 06:04:23 INFO StandaloneSchedulerBackend: Connected to Spark cluster with app ID app-20260610060423-0065
[2026-06-10T06:04:23.377+0000] {subprocess.py:93} INFO - 26/06/10 06:04:23 INFO StandaloneAppClient$ClientEndpoint: Executor added: app-20260610060423-0065/0 on worker-20260608131402-172.18.0.6-44005 (172.18.0.6:44005) with 1 core(s)
[2026-06-10T06:04:23.402+0000] {subprocess.py:93} INFO - 26/06/10 06:04:23 INFO StandaloneSchedulerBackend: Granted executor ID app-20260610060423-0065/0 on hostPort 172.18.0.6:44005 with 1 core(s), 512.0 MiB RAM
[2026-06-10T06:04:23.406+0000] {subprocess.py:93} INFO - 26/06/10 06:04:23 INFO StandaloneAppClient$ClientEndpoint: Executor added: app-20260610060423-0065/1 on worker-20260608131402-172.18.0.6-44005 (172.18.0.6:44005) with 1 core(s)
[2026-06-10T06:04:23.410+0000] {subprocess.py:93} INFO - 26/06/10 06:04:23 INFO StandaloneSchedulerBackend: Granted executor ID app-20260610060423-0065/1 on hostPort 172.18.0.6:44005 with 1 core(s), 512.0 MiB RAM
[2026-06-10T06:04:23.411+0000] {subprocess.py:93} INFO - 26/06/10 06:04:23 INFO StandaloneAppClient$ClientEndpoint: Executor added: app-20260610060423-0065/2 on worker-20260608131402-172.18.0.5-38399 (172.18.0.5:38399) with 1 core(s)
[2026-06-10T06:04:23.412+0000] {subprocess.py:93} INFO - 26/06/10 06:04:23 INFO StandaloneSchedulerBackend: Granted executor ID app-20260610060423-0065/2 on hostPort 172.18.0.5:38399 with 1 core(s), 512.0 MiB RAM
[2026-06-10T06:04:23.427+0000] {subprocess.py:93} INFO - 26/06/10 06:04:23 INFO Utils: Successfully started service 'org.apache.spark.network.netty.NettyBlockTransferService' on port 39047.
[2026-06-10T06:04:23.433+0000] {subprocess.py:93} INFO - 26/06/10 06:04:23 INFO NettyBlockTransferService: Server created on e71bfccd5451:39047
[2026-06-10T06:04:23.445+0000] {subprocess.py:93} INFO - 26/06/10 06:04:23 INFO BlockManager: Using org.apache.spark.storage.RandomBlockReplicationPolicy for block replication policy
[2026-06-10T06:04:23.531+0000] {subprocess.py:93} INFO - 26/06/10 06:04:23 INFO BlockManagerMaster: Registering BlockManager BlockManagerId(driver, e71bfccd5451, 39047, None)
[2026-06-10T06:04:23.564+0000] {subprocess.py:93} INFO - 26/06/10 06:04:23 INFO BlockManagerMasterEndpoint: Registering block manager e71bfccd5451:39047 with 434.4 MiB RAM, BlockManagerId(driver, e71bfccd5451, 39047, None)
[2026-06-10T06:04:23.584+0000] {subprocess.py:93} INFO - 26/06/10 06:04:23 INFO StandaloneAppClient$ClientEndpoint: Executor updated: app-20260610060423-0065/0 is now RUNNING
[2026-06-10T06:04:23.586+0000] {subprocess.py:93} INFO - 26/06/10 06:04:23 INFO StandaloneAppClient$ClientEndpoint: Executor updated: app-20260610060423-0065/2 is now RUNNING
[2026-06-10T06:04:23.592+0000] {subprocess.py:93} INFO - 26/06/10 06:04:23 INFO StandaloneAppClient$ClientEndpoint: Executor updated: app-20260610060423-0065/1 is now RUNNING
[2026-06-10T06:04:23.594+0000] {subprocess.py:93} INFO - 26/06/10 06:04:23 INFO BlockManagerMaster: Registered BlockManager BlockManagerId(driver, e71bfccd5451, 39047, None)
[2026-06-10T06:04:23.598+0000] {subprocess.py:93} INFO - 26/06/10 06:04:23 INFO BlockManager: Initialized BlockManager: BlockManagerId(driver, e71bfccd5451, 39047, None)
[2026-06-10T06:04:24.460+0000] {subprocess.py:93} INFO - 26/06/10 06:04:24 INFO StandaloneSchedulerBackend: SchedulerBackend is ready for scheduling beginning after reached minRegisteredResourcesRatio: 0.0
[2026-06-10T06:04:25.228+0000] {subprocess.py:93} INFO - Starting stream: orders -> /opt/data/bronze/orders
[2026-06-10T06:04:54.125+0000] {subprocess.py:93} INFO - 26/06/10 06:04:54 WARN ResolveWriteToStream: spark.sql.adaptive.enabled is not supported in streaming DataFrames/Datasets and will be disabled.
[2026-06-10T06:04:54.362+0000] {subprocess.py:93} INFO - Starting stream: customers -> /opt/data/bronze/customers
[2026-06-10T06:04:56.751+0000] {subprocess.py:93} INFO - 26/06/10 06:04:56 WARN ResolveWriteToStream: spark.sql.adaptive.enabled is not supported in streaming DataFrames/Datasets and will be disabled.
[2026-06-10T06:04:56.820+0000] {subprocess.py:93} INFO - Starting stream: products -> /opt/data/bronze/products
[2026-06-10T06:04:57.345+0000] {subprocess.py:93} INFO - 26/06/10 06:04:57 WARN AdminClientConfig: These configurations '[key.deserializer, value.deserializer, enable.auto.commit, max.poll.records, auto.offset.reset]' were supplied but are not used yet.
[2026-06-10T06:04:59.937+0000] {subprocess.py:93} INFO - 26/06/10 06:04:59 WARN AdminClientConfig: These configurations '[key.deserializer, value.deserializer, enable.auto.commit, max.poll.records, auto.offset.reset]' were supplied but are not used yet.
[2026-06-10T06:05:00.289+0000] {subprocess.py:93} INFO - 26/06/10 06:05:00 WARN ResolveWriteToStream: spark.sql.adaptive.enabled is not supported in streaming DataFrames/Datasets and will be disabled.
[2026-06-10T06:05:03.041+0000] {subprocess.py:93} INFO - 26/06/10 06:05:03 WARN AdminClientConfig: These configurations '[key.deserializer, value.deserializer, enable.auto.commit, max.poll.records, auto.offset.reset]' were supplied but are not used yet.
[2026-06-10T06:06:16.130+0000] {subprocess.py:97} INFO - Command exited with return code 124
[2026-06-10T06:06:16.133+0000] {taskinstance.py:441} INFO - ::group::Post task execution logs
[2026-06-10T06:06:16.190+0000] {taskinstance.py:2890} ERROR - Task failed with exception
Traceback (most recent call last):
  File "/home/airflow/.local/lib/python3.12/site-packages/airflow/models/taskinstance.py", line 465, in _execute_task
    result = _execute_callable(context=context, **execute_callable_kwargs)
             ^^^^^^^^^^^^^^^^^^^^^^^^^^^^^^^^^^^^^^^^^^^^^^^^^^^^^^^^^^^^^
  File "/home/airflow/.local/lib/python3.12/site-packages/airflow/models/taskinstance.py", line 432, in _execute_callable
    return execute_callable(context=context, **execute_callable_kwargs)
           ^^^^^^^^^^^^^^^^^^^^^^^^^^^^^^^^^^^^^^^^^^^^^^^^^^^^^^^^^^^^
  File "/home/airflow/.local/lib/python3.12/site-packages/airflow/models/baseoperator.py", line 400, in wrapper
    return func(self, *args, **kwargs)
           ^^^^^^^^^^^^^^^^^^^^^^^^^^^
  File "/home/airflow/.local/lib/python3.12/site-packages/airflow/operators/bash.py", line 243, in execute
    raise AirflowException(
airflow.exceptions.AirflowException: Bash command failed. The command returned a non-zero exit code 124.
[2026-06-10T06:06:16.204+0000] {taskinstance.py:1205} INFO - Marking task as FAILED. dag_id=e-commerce_kafka_streaming_pipeline_v10, task_id=run_bronze, execution_date=20260610T050000, start_date=20260610T060414, end_date=20260610T060616
[2026-06-10T06:06:16.251+0000] {standard_task_runner.py:110} ERROR - Failed to execute job 137 for task run_bronze (Bash command failed. The command returned a non-zero exit code 124.; 7075)
[2026-06-10T06:06:16.296+0000] {local_task_job_runner.py:240} INFO - Task exited with return code 1
[2026-06-10T06:06:16.369+0000] {taskinstance.py:3482} INFO - 0 downstream tasks scheduled from follow-on schedule check
[2026-06-10T06:06:16.381+0000] {local_task_job_runner.py:222} INFO - ::endgroup::
