[2026-07-16T08:56:30.343+0000] {local_task_job_runner.py:120} INFO - ::group::Pre task execution logs
[2026-07-16T08:56:30.387+0000] {taskinstance.py:2073} INFO - Dependencies all met for dep_context=non-requeueable deps ti=<TaskInstance: e-commerce_kafka_streaming_pipeline_v1.run_silver manual__2026-07-16T08:54:26.093382+00:00 [queued]>
[2026-07-16T08:56:30.400+0000] {taskinstance.py:2073} INFO - Dependencies all met for dep_context=requeueable deps ti=<TaskInstance: e-commerce_kafka_streaming_pipeline_v1.run_silver manual__2026-07-16T08:54:26.093382+00:00 [queued]>
[2026-07-16T08:56:30.401+0000] {taskinstance.py:2303} INFO - Starting attempt 1 of 2
[2026-07-16T08:56:30.418+0000] {taskinstance.py:2327} INFO - Executing <Task(BashOperator): run_silver> on 2026-07-16 08:54:26.093382+00:00
[2026-07-16T08:56:30.428+0000] {standard_task_runner.py:90} INFO - Running: ['***', 'tasks', 'run', 'e-commerce_kafka_streaming_pipeline_v1', 'run_silver', 'manual__2026-07-16T08:54:26.093382+00:00', '--job-id', '24', '--raw', '--subdir', 'DAGS_FOLDER/sdp_pipeline_dag.py', '--cfg-path', '/tmp/tmpya1uw__g']
[2026-07-16T08:56:30.431+0000] {standard_task_runner.py:91} INFO - Job 24: Subtask run_silver
[2026-07-16T08:56:30.432+0000] {logging_mixin.py:188} WARNING - /home/***/.local/lib/python3.12/site-packages/***/task/task_runner/standard_task_runner.py:61 DeprecationWarning: This process (pid=688) is multi-threaded, use of fork() may lead to deadlocks in the child.
[2026-07-16T08:56:30.433+0000] {standard_task_runner.py:63} INFO - Started process 689 to run task
[2026-07-16T08:56:30.506+0000] {task_command.py:426} INFO - Running <TaskInstance: e-commerce_kafka_streaming_pipeline_v1.run_silver manual__2026-07-16T08:54:26.093382+00:00 [running]> on host da27550080bf
[2026-07-16T08:56:30.606+0000] {taskinstance.py:2644} INFO - Exporting env vars: AIRFLOW_CTX_DAG_OWNER='dev' AIRFLOW_CTX_DAG_ID='e-commerce_kafka_streaming_pipeline_v1' AIRFLOW_CTX_TASK_ID='run_silver' AIRFLOW_CTX_EXECUTION_DATE='2026-07-16T08:54:26.093382+00:00' AIRFLOW_CTX_TRY_NUMBER='1' AIRFLOW_CTX_DAG_RUN_ID='manual__2026-07-16T08:54:26.093382+00:00'
[2026-07-16T08:56:30.608+0000] {taskinstance.py:430} INFO - ::endgroup::
[2026-07-16T08:56:30.625+0000] {subprocess.py:63} INFO - Tmp dir root location: /tmp
[2026-07-16T08:56:30.628+0000] {subprocess.py:75} INFO - Running command: ['/usr/bin/bash', '-c', 'timeout 150s docker run --rm --network streaming_kafka_project_sdp-net --volume /d/Streaming_kafka_project/pipelines:/opt/pipelines --volume /d/Streaming_kafka_project/data:/opt/data --volume /d/Streaming_kafka_project/checkpoints:/opt/checkpoints --volume /d/Streaming_kafka_project/jars:/opt/jars apache/spark:3.5.1 /opt/spark/bin/spark-submit --master spark://sdp-spark-master:7077 --executor-cores 1 --executor-memory 512m --total-executor-cores 3 --jars /opt/jars/delta-spark_2.12-3.2.0.jar,/opt/jars/delta-storage-3.2.0.jar,/opt/jars/spark-sql-kafka-0-10_2.12-3.5.1.jar,/opt/jars/kafka-clients-3.4.1.jar,/opt/jars/spark-token-provider-kafka-0-10_2.12-3.5.1.jar,/opt/jars/commons-pool2-2.11.1.jar --conf spark.sql.extensions=io.delta.sql.DeltaSparkSessionExtension --conf spark.sql.catalog.spark_catalog=org.apache.spark.sql.delta.catalog.DeltaCatalog  /opt/pipelines/silver_runner.py']
[2026-07-16T08:56:30.640+0000] {subprocess.py:86} INFO - Output:
[2026-07-16T08:56:33.245+0000] {subprocess.py:93} INFO - 26/07/16 08:56:33 WARN NativeCodeLoader: Unable to load native-hadoop library for your platform... using builtin-java classes where applicable
[2026-07-16T08:56:34.163+0000] {subprocess.py:93} INFO - 26/07/16 08:56:34 INFO SparkContext: Running Spark version 3.5.1
[2026-07-16T08:56:34.165+0000] {subprocess.py:93} INFO - 26/07/16 08:56:34 INFO SparkContext: OS info Linux, 6.18.33.2-microsoft-standard-WSL2, amd64
[2026-07-16T08:56:34.167+0000] {subprocess.py:93} INFO - 26/07/16 08:56:34 INFO SparkContext: Java version 11.0.22
[2026-07-16T08:56:34.199+0000] {subprocess.py:93} INFO - 26/07/16 08:56:34 INFO ResourceUtils: ==============================================================
[2026-07-16T08:56:34.200+0000] {subprocess.py:93} INFO - 26/07/16 08:56:34 INFO ResourceUtils: No custom resources configured for spark.driver.
[2026-07-16T08:56:34.202+0000] {subprocess.py:93} INFO - 26/07/16 08:56:34 INFO ResourceUtils: ==============================================================
[2026-07-16T08:56:34.204+0000] {subprocess.py:93} INFO - 26/07/16 08:56:34 INFO SparkContext: Submitted application: SDP-Silver
[2026-07-16T08:56:34.226+0000] {subprocess.py:93} INFO - 26/07/16 08:56:34 INFO ResourceProfile: Default ResourceProfile created, executor resources: Map(cores -> name: cores, amount: 1, script: , vendor: , memory -> name: memory, amount: 512, script: , vendor: , offHeap -> name: offHeap, amount: 0, script: , vendor: ), task resources: Map(cpus -> name: cpus, amount: 1.0)
[2026-07-16T08:56:34.237+0000] {subprocess.py:93} INFO - 26/07/16 08:56:34 INFO ResourceProfile: Limiting resource is cpus at 1 tasks per executor
[2026-07-16T08:56:34.242+0000] {subprocess.py:93} INFO - 26/07/16 08:56:34 INFO ResourceProfileManager: Added ResourceProfile id: 0
[2026-07-16T08:56:34.312+0000] {subprocess.py:93} INFO - 26/07/16 08:56:34 INFO SecurityManager: Changing view acls to: spark
[2026-07-16T08:56:34.315+0000] {subprocess.py:93} INFO - 26/07/16 08:56:34 INFO SecurityManager: Changing modify acls to: spark
[2026-07-16T08:56:34.316+0000] {subprocess.py:93} INFO - 26/07/16 08:56:34 INFO SecurityManager: Changing view acls groups to:
[2026-07-16T08:56:34.316+0000] {subprocess.py:93} INFO - 26/07/16 08:56:34 INFO SecurityManager: Changing modify acls groups to:
[2026-07-16T08:56:34.317+0000] {subprocess.py:93} INFO - 26/07/16 08:56:34 INFO SecurityManager: SecurityManager: authentication disabled; ui acls disabled; users with view permissions: spark; groups with view permissions: EMPTY; users with modify permissions: spark; groups with modify permissions: EMPTY
[2026-07-16T08:56:34.560+0000] {subprocess.py:93} INFO - 26/07/16 08:56:34 INFO Utils: Successfully started service 'sparkDriver' on port 41777.
[2026-07-16T08:56:34.596+0000] {subprocess.py:93} INFO - 26/07/16 08:56:34 INFO SparkEnv: Registering MapOutputTracker
[2026-07-16T08:56:34.637+0000] {subprocess.py:93} INFO - 26/07/16 08:56:34 INFO SparkEnv: Registering BlockManagerMaster
[2026-07-16T08:56:34.657+0000] {subprocess.py:93} INFO - 26/07/16 08:56:34 INFO BlockManagerMasterEndpoint: Using org.apache.spark.storage.DefaultTopologyMapper for getting topology information
[2026-07-16T08:56:34.658+0000] {subprocess.py:93} INFO - 26/07/16 08:56:34 INFO BlockManagerMasterEndpoint: BlockManagerMasterEndpoint up
[2026-07-16T08:56:34.663+0000] {subprocess.py:93} INFO - 26/07/16 08:56:34 INFO SparkEnv: Registering BlockManagerMasterHeartbeat
[2026-07-16T08:56:34.688+0000] {subprocess.py:93} INFO - 26/07/16 08:56:34 INFO DiskBlockManager: Created local directory at /tmp/blockmgr-01ec4aac-4b0d-4192-8d89-93d89648a7ac
[2026-07-16T08:56:34.701+0000] {subprocess.py:93} INFO - 26/07/16 08:56:34 INFO MemoryStore: MemoryStore started with capacity 434.4 MiB
[2026-07-16T08:56:34.718+0000] {subprocess.py:93} INFO - 26/07/16 08:56:34 INFO SparkEnv: Registering OutputCommitCoordinator
[2026-07-16T08:56:34.848+0000] {subprocess.py:93} INFO - 26/07/16 08:56:34 INFO JettyUtils: Start Jetty 0.0.0.0:4040 for SparkUI
[2026-07-16T08:56:34.902+0000] {subprocess.py:93} INFO - 26/07/16 08:56:34 INFO Utils: Successfully started service 'SparkUI' on port 4040.
[2026-07-16T08:56:34.936+0000] {subprocess.py:93} INFO - 26/07/16 08:56:34 INFO SparkContext: Added JAR file:///opt/jars/delta-spark_2.12-3.2.0.jar at spark://cea07ed18a33:41777/jars/delta-spark_2.12-3.2.0.jar with timestamp 1784192194150
[2026-07-16T08:56:34.937+0000] {subprocess.py:93} INFO - 26/07/16 08:56:34 INFO SparkContext: Added JAR file:///opt/jars/delta-storage-3.2.0.jar at spark://cea07ed18a33:41777/jars/delta-storage-3.2.0.jar with timestamp 1784192194150
[2026-07-16T08:56:34.938+0000] {subprocess.py:93} INFO - 26/07/16 08:56:34 INFO SparkContext: Added JAR file:///opt/jars/spark-sql-kafka-0-10_2.12-3.5.1.jar at spark://cea07ed18a33:41777/jars/spark-sql-kafka-0-10_2.12-3.5.1.jar with timestamp 1784192194150
[2026-07-16T08:56:34.940+0000] {subprocess.py:93} INFO - 26/07/16 08:56:34 INFO SparkContext: Added JAR file:///opt/jars/kafka-clients-3.4.1.jar at spark://cea07ed18a33:41777/jars/kafka-clients-3.4.1.jar with timestamp 1784192194150
[2026-07-16T08:56:34.940+0000] {subprocess.py:93} INFO - 26/07/16 08:56:34 INFO SparkContext: Added JAR file:///opt/jars/spark-token-provider-kafka-0-10_2.12-3.5.1.jar at spark://cea07ed18a33:41777/jars/spark-token-provider-kafka-0-10_2.12-3.5.1.jar with timestamp 1784192194150
[2026-07-16T08:56:34.941+0000] {subprocess.py:93} INFO - 26/07/16 08:56:34 INFO SparkContext: Added JAR file:///opt/jars/commons-pool2-2.11.1.jar at spark://cea07ed18a33:41777/jars/commons-pool2-2.11.1.jar with timestamp 1784192194150
[2026-07-16T08:56:35.012+0000] {subprocess.py:93} INFO - 26/07/16 08:56:35 INFO StandaloneAppClient$ClientEndpoint: Connecting to master spark://sdp-spark-master:7077...
[2026-07-16T08:56:35.059+0000] {subprocess.py:93} INFO - 26/07/16 08:56:35 INFO TransportClientFactory: Successfully created connection to sdp-spark-master/172.18.0.4:7077 after 23 ms (0 ms spent in bootstraps)
[2026-07-16T08:56:35.233+0000] {subprocess.py:93} INFO - 26/07/16 08:56:35 INFO StandaloneSchedulerBackend: Connected to Spark cluster with app ID app-20260716085635-0010
[2026-07-16T08:56:35.235+0000] {subprocess.py:93} INFO - 26/07/16 08:56:35 INFO StandaloneAppClient$ClientEndpoint: Executor added: app-20260716085635-0010/0 on worker-20260716063602-172.18.0.5-44367 (172.18.0.5:44367) with 1 core(s)
[2026-07-16T08:56:35.240+0000] {subprocess.py:93} INFO - 26/07/16 08:56:35 INFO StandaloneSchedulerBackend: Granted executor ID app-20260716085635-0010/0 on hostPort 172.18.0.5:44367 with 1 core(s), 512.0 MiB RAM
[2026-07-16T08:56:35.242+0000] {subprocess.py:93} INFO - 26/07/16 08:56:35 INFO StandaloneAppClient$ClientEndpoint: Executor added: app-20260716085635-0010/1 on worker-20260716063602-172.18.0.5-44367 (172.18.0.5:44367) with 1 core(s)
[2026-07-16T08:56:35.245+0000] {subprocess.py:93} INFO - 26/07/16 08:56:35 INFO StandaloneSchedulerBackend: Granted executor ID app-20260716085635-0010/1 on hostPort 172.18.0.5:44367 with 1 core(s), 512.0 MiB RAM
[2026-07-16T08:56:35.246+0000] {subprocess.py:93} INFO - 26/07/16 08:56:35 INFO StandaloneAppClient$ClientEndpoint: Executor added: app-20260716085635-0010/2 on worker-20260716063602-172.18.0.6-33249 (172.18.0.6:33249) with 1 core(s)
[2026-07-16T08:56:35.247+0000] {subprocess.py:93} INFO - 26/07/16 08:56:35 INFO StandaloneSchedulerBackend: Granted executor ID app-20260716085635-0010/2 on hostPort 172.18.0.6:33249 with 1 core(s), 512.0 MiB RAM
[2026-07-16T08:56:35.251+0000] {subprocess.py:93} INFO - 26/07/16 08:56:35 INFO Utils: Successfully started service 'org.apache.spark.network.netty.NettyBlockTransferService' on port 37751.
[2026-07-16T08:56:35.252+0000] {subprocess.py:93} INFO - 26/07/16 08:56:35 INFO NettyBlockTransferService: Server created on cea07ed18a33:37751
[2026-07-16T08:56:35.255+0000] {subprocess.py:93} INFO - 26/07/16 08:56:35 INFO BlockManager: Using org.apache.spark.storage.RandomBlockReplicationPolicy for block replication policy
[2026-07-16T08:56:35.266+0000] {subprocess.py:93} INFO - 26/07/16 08:56:35 INFO BlockManagerMaster: Registering BlockManager BlockManagerId(driver, cea07ed18a33, 37751, None)
[2026-07-16T08:56:35.273+0000] {subprocess.py:93} INFO - 26/07/16 08:56:35 INFO BlockManagerMasterEndpoint: Registering block manager cea07ed18a33:37751 with 434.4 MiB RAM, BlockManagerId(driver, cea07ed18a33, 37751, None)
[2026-07-16T08:56:35.283+0000] {subprocess.py:93} INFO - 26/07/16 08:56:35 INFO StandaloneAppClient$ClientEndpoint: Executor updated: app-20260716085635-0010/0 is now RUNNING
[2026-07-16T08:56:35.284+0000] {subprocess.py:93} INFO - 26/07/16 08:56:35 INFO BlockManagerMaster: Registered BlockManager BlockManagerId(driver, cea07ed18a33, 37751, None)
[2026-07-16T08:56:35.285+0000] {subprocess.py:93} INFO - 26/07/16 08:56:35 INFO StandaloneAppClient$ClientEndpoint: Executor updated: app-20260716085635-0010/1 is now RUNNING
[2026-07-16T08:56:35.286+0000] {subprocess.py:93} INFO - 26/07/16 08:56:35 INFO BlockManager: Initialized BlockManager: BlockManagerId(driver, cea07ed18a33, 37751, None)
[2026-07-16T08:56:35.336+0000] {subprocess.py:93} INFO - 26/07/16 08:56:35 INFO StandaloneAppClient$ClientEndpoint: Executor updated: app-20260716085635-0010/2 is now RUNNING
[2026-07-16T08:56:35.628+0000] {subprocess.py:93} INFO - 26/07/16 08:56:35 INFO StandaloneSchedulerBackend: SchedulerBackend is ready for scheduling beginning after reached minRegisteredResourcesRatio: 0.0
[2026-07-16T08:56:36.231+0000] {subprocess.py:93} INFO - Starting silver stream: orders --->>  /opt/data/silver/orders
[2026-07-16T08:56:58.223+0000] {subprocess.py:93} INFO - 26/07/16 08:56:58 WARN ResolveWriteToStream: spark.sql.adaptive.enabled is not supported in streaming DataFrames/Datasets and will be disabled.
[2026-07-16T08:56:58.440+0000] {subprocess.py:93} INFO - Silver stream started: /opt/data/bronze/orders --->> /opt/data/silver/orders
[2026-07-16T08:56:58.450+0000] {subprocess.py:93} INFO - Starting silver stream: customers --->>  /opt/data/silver/customers
[2026-07-16T08:57:01.030+0000] {subprocess.py:93} INFO - 26/07/16 08:57:01 WARN ResolveWriteToStream: spark.sql.adaptive.enabled is not supported in streaming DataFrames/Datasets and will be disabled.
[2026-07-16T08:57:01.198+0000] {subprocess.py:93} INFO - Silver stream started: /opt/data/bronze/customers --->> /opt/data/silver/customers
[2026-07-16T08:57:01.224+0000] {subprocess.py:93} INFO - Starting silver stream: products --->>  /opt/data/silver/products
[2026-07-16T08:57:05.602+0000] {subprocess.py:93} INFO - 26/07/16 08:57:05 WARN ResolveWriteToStream: spark.sql.adaptive.enabled is not supported in streaming DataFrames/Datasets and will be disabled.
[2026-07-16T08:57:05.774+0000] {subprocess.py:93} INFO - Silver stream started: /opt/data/bronze/products --->> /opt/data/silver/products
[2026-07-16T08:57:07.766+0000] {subprocess.py:93} INFO - 26/07/16 08:57:07 WARN SparkStringUtils: Truncated the string representation of a plan since it was too large. This behavior can be adjusted by setting 'spark.sql.debug.maxToStringFields'.
[2026-07-16T08:58:38.832+0000] {subprocess.py:97} INFO - Command exited with return code 0
[2026-07-16T08:58:38.835+0000] {taskinstance.py:441} INFO - ::group::Post task execution logs
[2026-07-16T08:58:38.869+0000] {taskinstance.py:1205} INFO - Marking task as SUCCESS. dag_id=e-commerce_kafka_streaming_pipeline_v1, task_id=run_silver, execution_date=20260716T085426, start_date=20260716T085630, end_date=20260716T085838
[2026-07-16T08:58:38.900+0000] {local_task_job_runner.py:240} INFO - Task exited with return code 0
[2026-07-16T08:58:38.934+0000] {taskinstance.py:3482} INFO - 1 downstream tasks scheduled from follow-on schedule check
[2026-07-16T08:58:38.937+0000] {local_task_job_runner.py:222} INFO - ::endgroup::
