[2026-07-16T13:00:46.346+0000] {local_task_job_runner.py:120} INFO - ::group::Pre task execution logs
[2026-07-16T13:00:46.388+0000] {taskinstance.py:2073} INFO - Dependencies all met for dep_context=non-requeueable deps ti=<TaskInstance: e-commerce_kafka_streaming_pipeline_v1.run_silver scheduled__2026-07-16T11:00:00+00:00 [queued]>
[2026-07-16T13:00:46.398+0000] {taskinstance.py:2073} INFO - Dependencies all met for dep_context=requeueable deps ti=<TaskInstance: e-commerce_kafka_streaming_pipeline_v1.run_silver scheduled__2026-07-16T11:00:00+00:00 [queued]>
[2026-07-16T13:00:46.399+0000] {taskinstance.py:2303} INFO - Starting attempt 1 of 2
[2026-07-16T13:00:46.416+0000] {taskinstance.py:2327} INFO - Executing <Task(BashOperator): run_silver> on 2026-07-16 11:00:00+00:00
[2026-07-16T13:00:46.425+0000] {standard_task_runner.py:90} INFO - Running: ['***', 'tasks', 'run', 'e-commerce_kafka_streaming_pipeline_v1', 'run_silver', 'scheduled__2026-07-16T11:00:00+00:00', '--job-id', '54', '--raw', '--subdir', 'DAGS_FOLDER/sdp_pipeline_dag.py', '--cfg-path', '/tmp/tmp07lm6p89']
[2026-07-16T13:00:46.428+0000] {standard_task_runner.py:91} INFO - Job 54: Subtask run_silver
[2026-07-16T13:00:46.428+0000] {logging_mixin.py:188} WARNING - /home/***/.local/lib/python3.12/site-packages/***/task/task_runner/standard_task_runner.py:61 DeprecationWarning: This process (pid=1936) is multi-threaded, use of fork() may lead to deadlocks in the child.
[2026-07-16T13:00:46.430+0000] {standard_task_runner.py:63} INFO - Started process 1937 to run task
[2026-07-16T13:00:46.503+0000] {task_command.py:426} INFO - Running <TaskInstance: e-commerce_kafka_streaming_pipeline_v1.run_silver scheduled__2026-07-16T11:00:00+00:00 [running]> on host da27550080bf
[2026-07-16T13:00:46.620+0000] {taskinstance.py:2644} INFO - Exporting env vars: AIRFLOW_CTX_DAG_OWNER='dev' AIRFLOW_CTX_DAG_ID='e-commerce_kafka_streaming_pipeline_v1' AIRFLOW_CTX_TASK_ID='run_silver' AIRFLOW_CTX_EXECUTION_DATE='2026-07-16T11:00:00+00:00' AIRFLOW_CTX_TRY_NUMBER='1' AIRFLOW_CTX_DAG_RUN_ID='scheduled__2026-07-16T11:00:00+00:00'
[2026-07-16T13:00:46.621+0000] {taskinstance.py:430} INFO - ::endgroup::
[2026-07-16T13:00:46.638+0000] {subprocess.py:63} INFO - Tmp dir root location: /tmp
[2026-07-16T13:00:46.642+0000] {subprocess.py:75} INFO - Running command: ['/usr/bin/bash', '-c', 'timeout 150s docker run --rm --network streaming_kafka_project_sdp-net --volume /d/Streaming_kafka_project/pipelines:/opt/pipelines --volume /d/Streaming_kafka_project/data:/opt/data --volume /d/Streaming_kafka_project/checkpoints:/opt/checkpoints --volume /d/Streaming_kafka_project/jars:/opt/jars apache/spark:3.5.1 /opt/spark/bin/spark-submit --master spark://sdp-spark-master:7077 --executor-cores 1 --executor-memory 512m --total-executor-cores 3 --jars /opt/jars/delta-spark_2.12-3.2.0.jar,/opt/jars/delta-storage-3.2.0.jar,/opt/jars/spark-sql-kafka-0-10_2.12-3.5.1.jar,/opt/jars/kafka-clients-3.4.1.jar,/opt/jars/spark-token-provider-kafka-0-10_2.12-3.5.1.jar,/opt/jars/commons-pool2-2.11.1.jar --conf spark.sql.extensions=io.delta.sql.DeltaSparkSessionExtension --conf spark.sql.catalog.spark_catalog=org.apache.spark.sql.delta.catalog.DeltaCatalog  /opt/pipelines/silver_runner.py']
[2026-07-16T13:00:46.656+0000] {subprocess.py:86} INFO - Output:
[2026-07-16T13:00:49.556+0000] {subprocess.py:93} INFO - 26/07/16 13:00:49 WARN NativeCodeLoader: Unable to load native-hadoop library for your platform... using builtin-java classes where applicable
[2026-07-16T13:00:50.580+0000] {subprocess.py:93} INFO - 26/07/16 13:00:50 INFO SparkContext: Running Spark version 3.5.1
[2026-07-16T13:00:50.582+0000] {subprocess.py:93} INFO - 26/07/16 13:00:50 INFO SparkContext: OS info Linux, 6.18.33.2-microsoft-standard-WSL2, amd64
[2026-07-16T13:00:50.583+0000] {subprocess.py:93} INFO - 26/07/16 13:00:50 INFO SparkContext: Java version 11.0.22
[2026-07-16T13:00:50.610+0000] {subprocess.py:93} INFO - 26/07/16 13:00:50 INFO ResourceUtils: ==============================================================
[2026-07-16T13:00:50.612+0000] {subprocess.py:93} INFO - 26/07/16 13:00:50 INFO ResourceUtils: No custom resources configured for spark.driver.
[2026-07-16T13:00:50.613+0000] {subprocess.py:93} INFO - 26/07/16 13:00:50 INFO ResourceUtils: ==============================================================
[2026-07-16T13:00:50.614+0000] {subprocess.py:93} INFO - 26/07/16 13:00:50 INFO SparkContext: Submitted application: SDP-Silver
[2026-07-16T13:00:50.637+0000] {subprocess.py:93} INFO - 26/07/16 13:00:50 INFO ResourceProfile: Default ResourceProfile created, executor resources: Map(cores -> name: cores, amount: 1, script: , vendor: , memory -> name: memory, amount: 512, script: , vendor: , offHeap -> name: offHeap, amount: 0, script: , vendor: ), task resources: Map(cpus -> name: cpus, amount: 1.0)
[2026-07-16T13:00:50.650+0000] {subprocess.py:93} INFO - 26/07/16 13:00:50 INFO ResourceProfile: Limiting resource is cpus at 1 tasks per executor
[2026-07-16T13:00:50.652+0000] {subprocess.py:93} INFO - 26/07/16 13:00:50 INFO ResourceProfileManager: Added ResourceProfile id: 0
[2026-07-16T13:00:50.709+0000] {subprocess.py:93} INFO - 26/07/16 13:00:50 INFO SecurityManager: Changing view acls to: spark
[2026-07-16T13:00:50.710+0000] {subprocess.py:93} INFO - 26/07/16 13:00:50 INFO SecurityManager: Changing modify acls to: spark
[2026-07-16T13:00:50.712+0000] {subprocess.py:93} INFO - 26/07/16 13:00:50 INFO SecurityManager: Changing view acls groups to:
[2026-07-16T13:00:50.712+0000] {subprocess.py:93} INFO - 26/07/16 13:00:50 INFO SecurityManager: Changing modify acls groups to:
[2026-07-16T13:00:50.713+0000] {subprocess.py:93} INFO - 26/07/16 13:00:50 INFO SecurityManager: SecurityManager: authentication disabled; ui acls disabled; users with view permissions: spark; groups with view permissions: EMPTY; users with modify permissions: spark; groups with modify permissions: EMPTY
[2026-07-16T13:00:51.021+0000] {subprocess.py:93} INFO - 26/07/16 13:00:51 INFO Utils: Successfully started service 'sparkDriver' on port 46337.
[2026-07-16T13:00:51.064+0000] {subprocess.py:93} INFO - 26/07/16 13:00:51 INFO SparkEnv: Registering MapOutputTracker
[2026-07-16T13:00:51.116+0000] {subprocess.py:93} INFO - 26/07/16 13:00:51 INFO SparkEnv: Registering BlockManagerMaster
[2026-07-16T13:00:51.141+0000] {subprocess.py:93} INFO - 26/07/16 13:00:51 INFO BlockManagerMasterEndpoint: Using org.apache.spark.storage.DefaultTopologyMapper for getting topology information
[2026-07-16T13:00:51.142+0000] {subprocess.py:93} INFO - 26/07/16 13:00:51 INFO BlockManagerMasterEndpoint: BlockManagerMasterEndpoint up
[2026-07-16T13:00:51.150+0000] {subprocess.py:93} INFO - 26/07/16 13:00:51 INFO SparkEnv: Registering BlockManagerMasterHeartbeat
[2026-07-16T13:00:51.178+0000] {subprocess.py:93} INFO - 26/07/16 13:00:51 INFO DiskBlockManager: Created local directory at /tmp/blockmgr-8a767f6f-55da-4514-ac00-526bb2f185bf
[2026-07-16T13:00:51.193+0000] {subprocess.py:93} INFO - 26/07/16 13:00:51 INFO MemoryStore: MemoryStore started with capacity 434.4 MiB
[2026-07-16T13:00:51.213+0000] {subprocess.py:93} INFO - 26/07/16 13:00:51 INFO SparkEnv: Registering OutputCommitCoordinator
[2026-07-16T13:00:51.350+0000] {subprocess.py:93} INFO - 26/07/16 13:00:51 INFO JettyUtils: Start Jetty 0.0.0.0:4040 for SparkUI
[2026-07-16T13:00:51.409+0000] {subprocess.py:93} INFO - 26/07/16 13:00:51 INFO Utils: Successfully started service 'SparkUI' on port 4040.
[2026-07-16T13:00:51.464+0000] {subprocess.py:93} INFO - 26/07/16 13:00:51 INFO SparkContext: Added JAR file:///opt/jars/delta-spark_2.12-3.2.0.jar at spark://204893d57fc6:46337/jars/delta-spark_2.12-3.2.0.jar with timestamp 1784206850570
[2026-07-16T13:00:51.466+0000] {subprocess.py:93} INFO - 26/07/16 13:00:51 INFO SparkContext: Added JAR file:///opt/jars/delta-storage-3.2.0.jar at spark://204893d57fc6:46337/jars/delta-storage-3.2.0.jar with timestamp 1784206850570
[2026-07-16T13:00:51.467+0000] {subprocess.py:93} INFO - 26/07/16 13:00:51 INFO SparkContext: Added JAR file:///opt/jars/spark-sql-kafka-0-10_2.12-3.5.1.jar at spark://204893d57fc6:46337/jars/spark-sql-kafka-0-10_2.12-3.5.1.jar with timestamp 1784206850570
[2026-07-16T13:00:51.469+0000] {subprocess.py:93} INFO - 26/07/16 13:00:51 INFO SparkContext: Added JAR file:///opt/jars/kafka-clients-3.4.1.jar at spark://204893d57fc6:46337/jars/kafka-clients-3.4.1.jar with timestamp 1784206850570
[2026-07-16T13:00:51.471+0000] {subprocess.py:93} INFO - 26/07/16 13:00:51 INFO SparkContext: Added JAR file:///opt/jars/spark-token-provider-kafka-0-10_2.12-3.5.1.jar at spark://204893d57fc6:46337/jars/spark-token-provider-kafka-0-10_2.12-3.5.1.jar with timestamp 1784206850570
[2026-07-16T13:00:51.472+0000] {subprocess.py:93} INFO - 26/07/16 13:00:51 INFO SparkContext: Added JAR file:///opt/jars/commons-pool2-2.11.1.jar at spark://204893d57fc6:46337/jars/commons-pool2-2.11.1.jar with timestamp 1784206850570
[2026-07-16T13:00:51.565+0000] {subprocess.py:93} INFO - 26/07/16 13:00:51 INFO StandaloneAppClient$ClientEndpoint: Connecting to master spark://sdp-spark-master:7077...
[2026-07-16T13:00:51.638+0000] {subprocess.py:93} INFO - 26/07/16 13:00:51 INFO TransportClientFactory: Successfully created connection to sdp-spark-master/172.18.0.4:7077 after 43 ms (0 ms spent in bootstraps)
[2026-07-16T13:00:51.730+0000] {subprocess.py:93} INFO - 26/07/16 13:00:51 INFO StandaloneSchedulerBackend: Connected to Spark cluster with app ID app-20260716130051-0023
[2026-07-16T13:00:51.739+0000] {subprocess.py:93} INFO - 26/07/16 13:00:51 INFO StandaloneAppClient$ClientEndpoint: Executor added: app-20260716130051-0023/0 on worker-20260716063602-172.18.0.5-44367 (172.18.0.5:44367) with 1 core(s)
[2026-07-16T13:00:51.746+0000] {subprocess.py:93} INFO - 26/07/16 13:00:51 INFO StandaloneSchedulerBackend: Granted executor ID app-20260716130051-0023/0 on hostPort 172.18.0.5:44367 with 1 core(s), 512.0 MiB RAM
[2026-07-16T13:00:51.748+0000] {subprocess.py:93} INFO - 26/07/16 13:00:51 INFO StandaloneAppClient$ClientEndpoint: Executor added: app-20260716130051-0023/1 on worker-20260716063602-172.18.0.5-44367 (172.18.0.5:44367) with 1 core(s)
[2026-07-16T13:00:51.750+0000] {subprocess.py:93} INFO - 26/07/16 13:00:51 INFO StandaloneSchedulerBackend: Granted executor ID app-20260716130051-0023/1 on hostPort 172.18.0.5:44367 with 1 core(s), 512.0 MiB RAM
[2026-07-16T13:00:51.751+0000] {subprocess.py:93} INFO - 26/07/16 13:00:51 INFO StandaloneAppClient$ClientEndpoint: Executor added: app-20260716130051-0023/2 on worker-20260716063602-172.18.0.6-33249 (172.18.0.6:33249) with 1 core(s)
[2026-07-16T13:00:51.752+0000] {subprocess.py:93} INFO - 26/07/16 13:00:51 INFO StandaloneSchedulerBackend: Granted executor ID app-20260716130051-0023/2 on hostPort 172.18.0.6:33249 with 1 core(s), 512.0 MiB RAM
[2026-07-16T13:00:51.755+0000] {subprocess.py:93} INFO - 26/07/16 13:00:51 INFO Utils: Successfully started service 'org.apache.spark.network.netty.NettyBlockTransferService' on port 45791.
[2026-07-16T13:00:51.757+0000] {subprocess.py:93} INFO - 26/07/16 13:00:51 INFO NettyBlockTransferService: Server created on 204893d57fc6:45791
[2026-07-16T13:00:51.759+0000] {subprocess.py:93} INFO - 26/07/16 13:00:51 INFO BlockManager: Using org.apache.spark.storage.RandomBlockReplicationPolicy for block replication policy
[2026-07-16T13:00:51.770+0000] {subprocess.py:93} INFO - 26/07/16 13:00:51 INFO BlockManagerMaster: Registering BlockManager BlockManagerId(driver, 204893d57fc6, 45791, None)
[2026-07-16T13:00:51.778+0000] {subprocess.py:93} INFO - 26/07/16 13:00:51 INFO BlockManagerMasterEndpoint: Registering block manager 204893d57fc6:45791 with 434.4 MiB RAM, BlockManagerId(driver, 204893d57fc6, 45791, None)
[2026-07-16T13:00:51.785+0000] {subprocess.py:93} INFO - 26/07/16 13:00:51 INFO BlockManagerMaster: Registered BlockManager BlockManagerId(driver, 204893d57fc6, 45791, None)
[2026-07-16T13:00:51.789+0000] {subprocess.py:93} INFO - 26/07/16 13:00:51 INFO BlockManager: Initialized BlockManager: BlockManagerId(driver, 204893d57fc6, 45791, None)
[2026-07-16T13:00:51.816+0000] {subprocess.py:93} INFO - 26/07/16 13:00:51 INFO StandaloneAppClient$ClientEndpoint: Executor updated: app-20260716130051-0023/2 is now RUNNING
[2026-07-16T13:00:51.839+0000] {subprocess.py:93} INFO - 26/07/16 13:00:51 INFO StandaloneAppClient$ClientEndpoint: Executor updated: app-20260716130051-0023/0 is now RUNNING
[2026-07-16T13:00:51.857+0000] {subprocess.py:93} INFO - 26/07/16 13:00:51 INFO StandaloneAppClient$ClientEndpoint: Executor updated: app-20260716130051-0023/1 is now RUNNING
[2026-07-16T13:00:52.292+0000] {subprocess.py:93} INFO - 26/07/16 13:00:52 INFO StandaloneSchedulerBackend: SchedulerBackend is ready for scheduling beginning after reached minRegisteredResourcesRatio: 0.0
[2026-07-16T13:00:53.045+0000] {subprocess.py:93} INFO - Starting silver stream: orders --->>  /opt/data/silver/orders
[2026-07-16T13:01:08.799+0000] {subprocess.py:93} INFO - 26/07/16 13:01:08 WARN ResolveWriteToStream: spark.sql.adaptive.enabled is not supported in streaming DataFrames/Datasets and will be disabled.
[2026-07-16T13:01:08.969+0000] {subprocess.py:93} INFO - Silver stream started: /opt/data/bronze/orders --->> /opt/data/silver/orders
[2026-07-16T13:01:08.975+0000] {subprocess.py:93} INFO - Starting silver stream: customers --->>  /opt/data/silver/customers
[2026-07-16T13:01:10.761+0000] {subprocess.py:93} INFO - 26/07/16 13:01:10 WARN ResolveWriteToStream: spark.sql.adaptive.enabled is not supported in streaming DataFrames/Datasets and will be disabled.
[2026-07-16T13:01:10.830+0000] {subprocess.py:93} INFO - Silver stream started: /opt/data/bronze/customers --->> /opt/data/silver/customers
[2026-07-16T13:01:10.840+0000] {subprocess.py:93} INFO - Starting silver stream: products --->>  /opt/data/silver/products
[2026-07-16T13:01:12.475+0000] {subprocess.py:93} INFO - 26/07/16 13:01:12 WARN ResolveWriteToStream: spark.sql.adaptive.enabled is not supported in streaming DataFrames/Datasets and will be disabled.
[2026-07-16T13:01:12.539+0000] {subprocess.py:93} INFO - Silver stream started: /opt/data/bronze/products --->> /opt/data/silver/products
[2026-07-16T13:02:45.549+0000] {subprocess.py:97} INFO - Command exited with return code 0
[2026-07-16T13:02:45.553+0000] {taskinstance.py:441} INFO - ::group::Post task execution logs
[2026-07-16T13:02:45.612+0000] {taskinstance.py:1205} INFO - Marking task as SUCCESS. dag_id=e-commerce_kafka_streaming_pipeline_v1, task_id=run_silver, execution_date=20260716T110000, start_date=20260716T130046, end_date=20260716T130245
[2026-07-16T13:02:45.671+0000] {local_task_job_runner.py:240} INFO - Task exited with return code 0
[2026-07-16T13:02:45.728+0000] {taskinstance.py:3482} INFO - 0 downstream tasks scheduled from follow-on schedule check
[2026-07-16T13:02:45.731+0000] {local_task_job_runner.py:222} INFO - ::endgroup::
