[2026-07-17T14:05:42.101+0000] {local_task_job_runner.py:120} INFO - ::group::Pre task execution logs
[2026-07-17T14:05:42.138+0000] {taskinstance.py:2073} INFO - Dependencies all met for dep_context=non-requeueable deps ti=<TaskInstance: e-commerce_kafka_streaming_pipeline_v1.verify_gold scheduled__2026-07-17T13:00:00+00:00 [queued]>
[2026-07-17T14:05:42.148+0000] {taskinstance.py:2073} INFO - Dependencies all met for dep_context=requeueable deps ti=<TaskInstance: e-commerce_kafka_streaming_pipeline_v1.verify_gold scheduled__2026-07-17T13:00:00+00:00 [queued]>
[2026-07-17T14:05:42.150+0000] {taskinstance.py:2303} INFO - Starting attempt 1 of 2
[2026-07-17T14:05:42.165+0000] {taskinstance.py:2327} INFO - Executing <Task(BashOperator): verify_gold> on 2026-07-17 13:00:00+00:00
[2026-07-17T14:05:42.174+0000] {standard_task_runner.py:90} INFO - Running: ['***', 'tasks', 'run', 'e-commerce_kafka_streaming_pipeline_v1', 'verify_gold', 'scheduled__2026-07-17T13:00:00+00:00', '--job-id', '161', '--raw', '--subdir', 'DAGS_FOLDER/sdp_pipeline_dag.py', '--cfg-path', '/tmp/tmpuqjjc8a0']
[2026-07-17T14:05:42.178+0000] {standard_task_runner.py:91} INFO - Job 161: Subtask verify_gold
[2026-07-17T14:05:42.187+0000] {logging_mixin.py:188} WARNING - /home/***/.local/lib/python3.12/site-packages/***/task/task_runner/standard_task_runner.py:61 DeprecationWarning: This process (pid=4918) is multi-threaded, use of fork() may lead to deadlocks in the child.
[2026-07-17T14:05:42.188+0000] {standard_task_runner.py:63} INFO - Started process 4919 to run task
[2026-07-17T14:05:42.266+0000] {task_command.py:426} INFO - Running <TaskInstance: e-commerce_kafka_streaming_pipeline_v1.verify_gold scheduled__2026-07-17T13:00:00+00:00 [running]> on host da27550080bf
[2026-07-17T14:05:42.378+0000] {taskinstance.py:2644} INFO - Exporting env vars: AIRFLOW_CTX_DAG_OWNER='dev' AIRFLOW_CTX_DAG_ID='e-commerce_kafka_streaming_pipeline_v1' AIRFLOW_CTX_TASK_ID='verify_gold' AIRFLOW_CTX_EXECUTION_DATE='2026-07-17T13:00:00+00:00' AIRFLOW_CTX_TRY_NUMBER='1' AIRFLOW_CTX_DAG_RUN_ID='scheduled__2026-07-17T13:00:00+00:00'
[2026-07-17T14:05:42.381+0000] {taskinstance.py:430} INFO - ::endgroup::
[2026-07-17T14:05:42.399+0000] {subprocess.py:63} INFO - Tmp dir root location: /tmp
[2026-07-17T14:05:42.402+0000] {subprocess.py:75} INFO - Running command: ['/usr/bin/bash', '-c', '\n            echo "=== Gold tables ==="\n            ls -lh /opt/data/gold/ || echo "Gold dir not found"\n            echo "=== Daily Sales rows ==="\n            ls /opt/data/gold/daily_sales/ 2>/dev/null | wc -l || echo "0"\n            echo "Pipeline complete!"\n        ']
[2026-07-17T14:05:42.413+0000] {subprocess.py:86} INFO - Output:
[2026-07-17T14:05:42.416+0000] {subprocess.py:93} INFO - === Gold tables ===
[2026-07-17T14:05:42.430+0000] {subprocess.py:93} INFO - total 0
[2026-07-17T14:05:42.431+0000] {subprocess.py:93} INFO - drwxr-xr-x 1 185 185 4.0K Jul 17 14:05 customer_orders
[2026-07-17T14:05:42.432+0000] {subprocess.py:93} INFO - drwxr-xr-x 1 185 185 4.0K Jul 17 14:05 daily_sales
[2026-07-17T14:05:42.433+0000] {subprocess.py:93} INFO - drwxr-xr-x 1 185 185 4.0K Jul 17 14:05 product_performance
[2026-07-17T14:05:42.434+0000] {subprocess.py:93} INFO - === Daily Sales rows ===
[2026-07-17T14:05:42.436+0000] {subprocess.py:93} INFO - 19
[2026-07-17T14:05:42.437+0000] {subprocess.py:93} INFO - Pipeline complete!
[2026-07-17T14:05:42.438+0000] {subprocess.py:97} INFO - Command exited with return code 0
[2026-07-17T14:05:42.440+0000] {taskinstance.py:441} INFO - ::group::Post task execution logs
[2026-07-17T14:05:42.470+0000] {taskinstance.py:1205} INFO - Marking task as SUCCESS. dag_id=e-commerce_kafka_streaming_pipeline_v1, task_id=verify_gold, execution_date=20260717T130000, start_date=20260717T140542, end_date=20260717T140542
[2026-07-17T14:05:42.524+0000] {local_task_job_runner.py:240} INFO - Task exited with return code 0
[2026-07-17T14:05:42.611+0000] {taskinstance.py:3482} INFO - 0 downstream tasks scheduled from follow-on schedule check
[2026-07-17T14:05:42.614+0000] {local_task_job_runner.py:222} INFO - ::endgroup::
