[2026-07-17T06:08:40.417+0000] {local_task_job_runner.py:120} INFO - ::group::Pre task execution logs
[2026-07-17T06:08:40.488+0000] {taskinstance.py:2073} INFO - Dependencies all met for dep_context=non-requeueable deps ti=<TaskInstance: e-commerce_kafka_streaming_pipeline_v1.run_bronze scheduled__2026-07-16T17:00:00+00:00 [queued]>
[2026-07-17T06:08:40.509+0000] {taskinstance.py:2073} INFO - Dependencies all met for dep_context=requeueable deps ti=<TaskInstance: e-commerce_kafka_streaming_pipeline_v1.run_bronze scheduled__2026-07-16T17:00:00+00:00 [queued]>
[2026-07-17T06:08:40.510+0000] {taskinstance.py:2303} INFO - Starting attempt 4 of 4
[2026-07-17T06:08:40.539+0000] {taskinstance.py:2327} INFO - Executing <Task(BashOperator): run_bronze> on 2026-07-16 17:00:00+00:00
[2026-07-17T06:08:40.557+0000] {standard_task_runner.py:90} INFO - Running: ['***', 'tasks', 'run', 'e-commerce_kafka_streaming_pipeline_v1', 'run_bronze', 'scheduled__2026-07-16T17:00:00+00:00', '--job-id', '107', '--raw', '--subdir', 'DAGS_FOLDER/sdp_pipeline_dag.py', '--cfg-path', '/tmp/tmpxvepb2pc']
[2026-07-17T06:08:40.565+0000] {standard_task_runner.py:91} INFO - Job 107: Subtask run_bronze
[2026-07-17T06:08:40.598+0000] {logging_mixin.py:188} WARNING - /home/***/.local/lib/python3.12/site-packages/***/task/task_runner/standard_task_runner.py:61 DeprecationWarning: This process (pid=3155) is multi-threaded, use of fork() may lead to deadlocks in the child.
[2026-07-17T06:08:40.603+0000] {standard_task_runner.py:63} INFO - Started process 3158 to run task
[2026-07-17T06:08:40.936+0000] {task_command.py:426} INFO - Running <TaskInstance: e-commerce_kafka_streaming_pipeline_v1.run_bronze scheduled__2026-07-16T17:00:00+00:00 [running]> on host da27550080bf
[2026-07-17T06:08:41.461+0000] {taskinstance.py:2644} INFO - Exporting env vars: AIRFLOW_CTX_DAG_OWNER='dev' AIRFLOW_CTX_DAG_ID='e-commerce_kafka_streaming_pipeline_v1' AIRFLOW_CTX_TASK_ID='run_bronze' AIRFLOW_CTX_EXECUTION_DATE='2026-07-16T17:00:00+00:00' AIRFLOW_CTX_TRY_NUMBER='4' AIRFLOW_CTX_DAG_RUN_ID='scheduled__2026-07-16T17:00:00+00:00'
[2026-07-17T06:08:41.464+0000] {taskinstance.py:430} INFO - ::endgroup::
[2026-07-17T06:08:41.517+0000] {subprocess.py:63} INFO - Tmp dir root location: /tmp
[2026-07-17T06:08:41.542+0000] {subprocess.py:75} INFO - Running command: ['/usr/bin/bash', '-c', 'timeout 150s docker run --rm --network streaming_kafka_project_sdp-net --volume /d/Streaming_kafka_project/pipelines:/opt/pipelines --volume /d/Streaming_kafka_project/data:/opt/data --volume /d/Streaming_kafka_project/checkpoints:/opt/checkpoints --volume /d/Streaming_kafka_project/jars:/opt/jars apache/spark:3.5.1 /opt/spark/bin/spark-submit --master spark://sdp-spark-master:7077 --executor-cores 1 --executor-memory 512m --total-executor-cores 3 --jars /opt/jars/delta-spark_2.12-3.2.0.jar,/opt/jars/delta-storage-3.2.0.jar,/opt/jars/spark-sql-kafka-0-10_2.12-3.5.1.jar,/opt/jars/kafka-clients-3.4.1.jar,/opt/jars/spark-token-provider-kafka-0-10_2.12-3.5.1.jar,/opt/jars/commons-pool2-2.11.1.jar --conf spark.sql.extensions=io.delta.sql.DeltaSparkSessionExtension --conf spark.sql.catalog.spark_catalog=org.apache.spark.sql.delta.catalog.DeltaCatalog  /opt/pipelines/bronze_runner.py']
[2026-07-17T06:08:41.596+0000] {subprocess.py:86} INFO - Output:
[2026-07-17T06:08:50.497+0000] {subprocess.py:93} INFO - 26/07/17 06:08:50 WARN NativeCodeLoader: Unable to load native-hadoop library for your platform... using builtin-java classes where applicable
[2026-07-17T06:08:52.081+0000] {subprocess.py:93} INFO - 26/07/17 06:08:52 INFO SparkContext: Running Spark version 3.5.1
[2026-07-17T06:08:52.083+0000] {subprocess.py:93} INFO - 26/07/17 06:08:52 INFO SparkContext: OS info Linux, 6.18.33.2-microsoft-standard-WSL2, amd64
[2026-07-17T06:08:52.088+0000] {subprocess.py:93} INFO - 26/07/17 06:08:52 INFO SparkContext: Java version 11.0.22
[2026-07-17T06:08:52.168+0000] {subprocess.py:93} INFO - 26/07/17 06:08:52 INFO ResourceUtils: ==============================================================
[2026-07-17T06:08:52.178+0000] {subprocess.py:93} INFO - 26/07/17 06:08:52 INFO ResourceUtils: No custom resources configured for spark.driver.
[2026-07-17T06:08:52.180+0000] {subprocess.py:93} INFO - 26/07/17 06:08:52 INFO ResourceUtils: ==============================================================
[2026-07-17T06:08:52.183+0000] {subprocess.py:93} INFO - 26/07/17 06:08:52 INFO SparkContext: Submitted application: SDP-Bronze
[2026-07-17T06:08:52.280+0000] {subprocess.py:93} INFO - 26/07/17 06:08:52 INFO ResourceProfile: Default ResourceProfile created, executor resources: Map(cores -> name: cores, amount: 1, script: , vendor: , memory -> name: memory, amount: 512, script: , vendor: , offHeap -> name: offHeap, amount: 0, script: , vendor: ), task resources: Map(cpus -> name: cpus, amount: 1.0)
[2026-07-17T06:08:52.314+0000] {subprocess.py:93} INFO - 26/07/17 06:08:52 INFO ResourceProfile: Limiting resource is cpus at 1 tasks per executor
[2026-07-17T06:08:52.331+0000] {subprocess.py:93} INFO - 26/07/17 06:08:52 INFO ResourceProfileManager: Added ResourceProfile id: 0
[2026-07-17T06:08:52.494+0000] {subprocess.py:93} INFO - 26/07/17 06:08:52 INFO SecurityManager: Changing view acls to: spark
[2026-07-17T06:08:52.497+0000] {subprocess.py:93} INFO - 26/07/17 06:08:52 INFO SecurityManager: Changing modify acls to: spark
[2026-07-17T06:08:52.499+0000] {subprocess.py:93} INFO - 26/07/17 06:08:52 INFO SecurityManager: Changing view acls groups to:
[2026-07-17T06:08:52.501+0000] {subprocess.py:93} INFO - 26/07/17 06:08:52 INFO SecurityManager: Changing modify acls groups to:
[2026-07-17T06:08:52.503+0000] {subprocess.py:93} INFO - 26/07/17 06:08:52 INFO SecurityManager: SecurityManager: authentication disabled; ui acls disabled; users with view permissions: spark; groups with view permissions: EMPTY; users with modify permissions: spark; groups with modify permissions: EMPTY
[2026-07-17T06:08:54.154+0000] {subprocess.py:93} INFO - 26/07/17 06:08:54 INFO Utils: Successfully started service 'sparkDriver' on port 42725.
[2026-07-17T06:08:54.284+0000] {subprocess.py:93} INFO - 26/07/17 06:08:54 INFO SparkEnv: Registering MapOutputTracker
[2026-07-17T06:08:54.434+0000] {subprocess.py:93} INFO - 26/07/17 06:08:54 INFO SparkEnv: Registering BlockManagerMaster
[2026-07-17T06:08:54.532+0000] {subprocess.py:93} INFO - 26/07/17 06:08:54 INFO BlockManagerMasterEndpoint: Using org.apache.spark.storage.DefaultTopologyMapper for getting topology information
[2026-07-17T06:08:54.533+0000] {subprocess.py:93} INFO - 26/07/17 06:08:54 INFO BlockManagerMasterEndpoint: BlockManagerMasterEndpoint up
[2026-07-17T06:08:54.547+0000] {subprocess.py:93} INFO - 26/07/17 06:08:54 INFO SparkEnv: Registering BlockManagerMasterHeartbeat
[2026-07-17T06:08:54.616+0000] {subprocess.py:93} INFO - 26/07/17 06:08:54 INFO DiskBlockManager: Created local directory at /tmp/blockmgr-d4c421f2-5e99-4ad0-9741-df4f085e3a2a
[2026-07-17T06:08:54.655+0000] {subprocess.py:93} INFO - 26/07/17 06:08:54 INFO MemoryStore: MemoryStore started with capacity 434.4 MiB
[2026-07-17T06:08:54.711+0000] {subprocess.py:93} INFO - 26/07/17 06:08:54 INFO SparkEnv: Registering OutputCommitCoordinator
[2026-07-17T06:08:55.557+0000] {subprocess.py:93} INFO - 26/07/17 06:08:55 INFO JettyUtils: Start Jetty 0.0.0.0:4040 for SparkUI
[2026-07-17T06:08:55.915+0000] {subprocess.py:93} INFO - 26/07/17 06:08:55 INFO Utils: Successfully started service 'SparkUI' on port 4040.
[2026-07-17T06:08:56.048+0000] {subprocess.py:93} INFO - 26/07/17 06:08:56 INFO SparkContext: Added JAR file:///opt/jars/delta-spark_2.12-3.2.0.jar at spark://7fa8b58d1721:42725/jars/delta-spark_2.12-3.2.0.jar with timestamp 1784268532053
[2026-07-17T06:08:56.055+0000] {subprocess.py:93} INFO - 26/07/17 06:08:56 INFO SparkContext: Added JAR file:///opt/jars/delta-storage-3.2.0.jar at spark://7fa8b58d1721:42725/jars/delta-storage-3.2.0.jar with timestamp 1784268532053
[2026-07-17T06:08:56.060+0000] {subprocess.py:93} INFO - 26/07/17 06:08:56 INFO SparkContext: Added JAR file:///opt/jars/spark-sql-kafka-0-10_2.12-3.5.1.jar at spark://7fa8b58d1721:42725/jars/spark-sql-kafka-0-10_2.12-3.5.1.jar with timestamp 1784268532053
[2026-07-17T06:08:56.065+0000] {subprocess.py:93} INFO - 26/07/17 06:08:56 INFO SparkContext: Added JAR file:///opt/jars/kafka-clients-3.4.1.jar at spark://7fa8b58d1721:42725/jars/kafka-clients-3.4.1.jar with timestamp 1784268532053
[2026-07-17T06:08:56.075+0000] {subprocess.py:93} INFO - 26/07/17 06:08:56 INFO SparkContext: Added JAR file:///opt/jars/spark-token-provider-kafka-0-10_2.12-3.5.1.jar at spark://7fa8b58d1721:42725/jars/spark-token-provider-kafka-0-10_2.12-3.5.1.jar with timestamp 1784268532053
[2026-07-17T06:08:56.078+0000] {subprocess.py:93} INFO - 26/07/17 06:08:56 INFO SparkContext: Added JAR file:///opt/jars/commons-pool2-2.11.1.jar at spark://7fa8b58d1721:42725/jars/commons-pool2-2.11.1.jar with timestamp 1784268532053
[2026-07-17T06:08:56.422+0000] {subprocess.py:93} INFO - 26/07/17 06:08:56 INFO StandaloneAppClient$ClientEndpoint: Connecting to master spark://sdp-spark-master:7077...
[2026-07-17T06:08:56.619+0000] {subprocess.py:93} INFO - 26/07/17 06:08:56 INFO TransportClientFactory: Successfully created connection to sdp-spark-master/172.18.0.4:7077 after 156 ms (0 ms spent in bootstraps)
[2026-07-17T06:08:57.045+0000] {subprocess.py:93} INFO - 26/07/17 06:08:57 INFO StandaloneSchedulerBackend: Connected to Spark cluster with app ID app-20260717060857-0050
[2026-07-17T06:08:57.073+0000] {subprocess.py:93} INFO - 26/07/17 06:08:57 INFO Utils: Successfully started service 'org.apache.spark.network.netty.NettyBlockTransferService' on port 42717.
[2026-07-17T06:08:57.078+0000] {subprocess.py:93} INFO - 26/07/17 06:08:57 INFO NettyBlockTransferService: Server created on 7fa8b58d1721:42717
[2026-07-17T06:08:57.083+0000] {subprocess.py:93} INFO - 26/07/17 06:08:57 INFO BlockManager: Using org.apache.spark.storage.RandomBlockReplicationPolicy for block replication policy
[2026-07-17T06:08:57.096+0000] {subprocess.py:93} INFO - 26/07/17 06:08:57 INFO BlockManagerMaster: Registering BlockManager BlockManagerId(driver, 7fa8b58d1721, 42717, None)
[2026-07-17T06:08:57.113+0000] {subprocess.py:93} INFO - 26/07/17 06:08:57 INFO BlockManagerMasterEndpoint: Registering block manager 7fa8b58d1721:42717 with 434.4 MiB RAM, BlockManagerId(driver, 7fa8b58d1721, 42717, None)
[2026-07-17T06:08:57.129+0000] {subprocess.py:93} INFO - 26/07/17 06:08:57 INFO BlockManagerMaster: Registered BlockManager BlockManagerId(driver, 7fa8b58d1721, 42717, None)
[2026-07-17T06:08:57.133+0000] {subprocess.py:93} INFO - 26/07/17 06:08:57 INFO BlockManager: Initialized BlockManager: BlockManagerId(driver, 7fa8b58d1721, 42717, None)
[2026-07-17T06:08:58.042+0000] {subprocess.py:93} INFO - 26/07/17 06:08:58 INFO StandaloneSchedulerBackend: SchedulerBackend is ready for scheduling beginning after reached minRegisteredResourcesRatio: 0.0
[2026-07-17T06:08:59.334+0000] {subprocess.py:93} INFO - Starting stream: orders -> /opt/data/bronze/orders
[2026-07-17T06:10:48.974+0000] {job.py:218} ERROR - Job heartbeat got an exception
Traceback (most recent call last):
  File "/home/airflow/.local/lib/python3.12/site-packages/sqlalchemy/engine/base.py", line 3371, in _wrap_pool_connect
    return fn()
           ^^^^
  File "/home/airflow/.local/lib/python3.12/site-packages/sqlalchemy/pool/base.py", line 327, in connect
    return _ConnectionFairy._checkout(self)
           ^^^^^^^^^^^^^^^^^^^^^^^^^^^^^^^^
  File "/home/airflow/.local/lib/python3.12/site-packages/sqlalchemy/pool/base.py", line 894, in _checkout
    fairy = _ConnectionRecord.checkout(pool)
            ^^^^^^^^^^^^^^^^^^^^^^^^^^^^^^^^
  File "/home/airflow/.local/lib/python3.12/site-packages/sqlalchemy/pool/base.py", line 493, in checkout
    rec = pool._do_get()
          ^^^^^^^^^^^^^^
  File "/home/airflow/.local/lib/python3.12/site-packages/sqlalchemy/pool/impl.py", line 256, in _do_get
    return self._create_connection()
           ^^^^^^^^^^^^^^^^^^^^^^^^^
  File "/home/airflow/.local/lib/python3.12/site-packages/sqlalchemy/pool/base.py", line 273, in _create_connection
    return _ConnectionRecord(self)
           ^^^^^^^^^^^^^^^^^^^^^^^
  File "/home/airflow/.local/lib/python3.12/site-packages/sqlalchemy/pool/base.py", line 388, in __init__
    self.__connect()
  File "/home/airflow/.local/lib/python3.12/site-packages/sqlalchemy/pool/base.py", line 690, in __connect
    with util.safe_reraise():
  File "/home/airflow/.local/lib/python3.12/site-packages/sqlalchemy/util/langhelpers.py", line 70, in __exit__
    compat.raise_(
  File "/home/airflow/.local/lib/python3.12/site-packages/sqlalchemy/util/compat.py", line 211, in raise_
    raise exception
  File "/home/airflow/.local/lib/python3.12/site-packages/sqlalchemy/pool/base.py", line 686, in __connect
    self.dbapi_connection = connection = pool._invoke_creator(self)
                                         ^^^^^^^^^^^^^^^^^^^^^^^^^^
  File "/home/airflow/.local/lib/python3.12/site-packages/sqlalchemy/engine/create.py", line 574, in connect
    return dialect.connect(*cargs, **cparams)
           ^^^^^^^^^^^^^^^^^^^^^^^^^^^^^^^^^^
  File "/home/airflow/.local/lib/python3.12/site-packages/sqlalchemy/engine/default.py", line 598, in connect
    return self.dbapi.connect(*cargs, **cparams)
           ^^^^^^^^^^^^^^^^^^^^^^^^^^^^^^^^^^^^^
  File "/home/airflow/.local/lib/python3.12/site-packages/psycopg2/__init__.py", line 122, in connect
    conn = _connect(dsn, connection_factory=connection_factory, **kwasync)
           ^^^^^^^^^^^^^^^^^^^^^^^^^^^^^^^^^^^^^^^^^^^^^^^^^^^^^^^^^^^^^^^
psycopg2.OperationalError: could not translate host name "postgres" to address: Temporary failure in name resolution


The above exception was the direct cause of the following exception:

Traceback (most recent call last):
  File "/home/airflow/.local/lib/python3.12/site-packages/airflow/jobs/job.py", line 192, in heartbeat
    self._merge_from(Job._fetch_from_db(self, session))
                     ^^^^^^^^^^^^^^^^^^^^^^^^^^^^^^^^^
  File "/home/airflow/.local/lib/python3.12/site-packages/airflow/api_internal/internal_api_call.py", line 115, in wrapper
    return func(*args, **kwargs)
           ^^^^^^^^^^^^^^^^^^^^^
  File "/home/airflow/.local/lib/python3.12/site-packages/airflow/utils/session.py", line 76, in wrapper
    return func(*args, **kwargs)
           ^^^^^^^^^^^^^^^^^^^^^
  File "/home/airflow/.local/lib/python3.12/site-packages/airflow/utils/retries.py", line 89, in wrapped_function
    for attempt in run_with_db_retries(max_retries=retries, logger=logger, **retry_kwargs):
  File "/home/airflow/.local/lib/python3.12/site-packages/tenacity/__init__.py", line 347, in __iter__
    do = self.iter(retry_state=retry_state)
         ^^^^^^^^^^^^^^^^^^^^^^^^^^^^^^^^^^
  File "/home/airflow/.local/lib/python3.12/site-packages/tenacity/__init__.py", line 325, in iter
    raise retry_exc.reraise()
          ^^^^^^^^^^^^^^^^^^^
  File "/home/airflow/.local/lib/python3.12/site-packages/tenacity/__init__.py", line 158, in reraise
    raise self.last_attempt.result()
          ^^^^^^^^^^^^^^^^^^^^^^^^^^
  File "/usr/local/lib/python3.12/concurrent/futures/_base.py", line 449, in result
    return self.__get_result()
           ^^^^^^^^^^^^^^^^^^^
  File "/usr/local/lib/python3.12/concurrent/futures/_base.py", line 401, in __get_result
    raise self._exception
  File "/home/airflow/.local/lib/python3.12/site-packages/airflow/utils/retries.py", line 98, in wrapped_function
    return func(*args, **kwargs)
           ^^^^^^^^^^^^^^^^^^^^^
  File "/home/airflow/.local/lib/python3.12/site-packages/airflow/jobs/job.py", line 316, in _fetch_from_db
    session.merge(job)
  File "/home/airflow/.local/lib/python3.12/site-packages/sqlalchemy/orm/session.py", line 3056, in merge
    return self._merge(
           ^^^^^^^^^^^^
  File "/home/airflow/.local/lib/python3.12/site-packages/sqlalchemy/orm/session.py", line 3136, in _merge
    merged = self.get(
             ^^^^^^^^^
  File "/home/airflow/.local/lib/python3.12/site-packages/sqlalchemy/orm/session.py", line 2853, in get
    return self._get_impl(
           ^^^^^^^^^^^^^^^
  File "/home/airflow/.local/lib/python3.12/site-packages/sqlalchemy/orm/session.py", line 2975, in _get_impl
    return db_load_fn(
           ^^^^^^^^^^^
  File "/home/airflow/.local/lib/python3.12/site-packages/sqlalchemy/orm/loading.py", line 530, in load_on_pk_identity
    session.execute(
  File "/home/airflow/.local/lib/python3.12/site-packages/sqlalchemy/orm/session.py", line 1716, in execute
    conn = self._connection_for_bind(bind)
           ^^^^^^^^^^^^^^^^^^^^^^^^^^^^^^^
  File "/home/airflow/.local/lib/python3.12/site-packages/sqlalchemy/orm/session.py", line 1555, in _connection_for_bind
    return self._transaction._connection_for_bind(
           ^^^^^^^^^^^^^^^^^^^^^^^^^^^^^^^^^^^^^^^
  File "/home/airflow/.local/lib/python3.12/site-packages/sqlalchemy/orm/session.py", line 750, in _connection_for_bind
    conn = bind.connect()
           ^^^^^^^^^^^^^^
  File "/home/airflow/.local/lib/python3.12/site-packages/sqlalchemy/future/engine.py", line 412, in connect
    return super(Engine, self).connect()
           ^^^^^^^^^^^^^^^^^^^^^^^^^^^^^
  File "/home/airflow/.local/lib/python3.12/site-packages/sqlalchemy/engine/base.py", line 3325, in connect
    return self._connection_cls(self, close_with_result=close_with_result)
           ^^^^^^^^^^^^^^^^^^^^^^^^^^^^^^^^^^^^^^^^^^^^^^^^^^^^^^^^^^^^^^^
  File "/home/airflow/.local/lib/python3.12/site-packages/sqlalchemy/engine/base.py", line 96, in __init__
    else engine.raw_connection()
         ^^^^^^^^^^^^^^^^^^^^^^^
  File "/home/airflow/.local/lib/python3.12/site-packages/sqlalchemy/engine/base.py", line 3404, in raw_connection
    return self._wrap_pool_connect(self.pool.connect, _connection)
           ^^^^^^^^^^^^^^^^^^^^^^^^^^^^^^^^^^^^^^^^^^^^^^^^^^^^^^^
  File "/home/airflow/.local/lib/python3.12/site-packages/sqlalchemy/engine/base.py", line 3374, in _wrap_pool_connect
    Connection._handle_dbapi_exception_noconnection(
  File "/home/airflow/.local/lib/python3.12/site-packages/sqlalchemy/engine/base.py", line 2208, in _handle_dbapi_exception_noconnection
    util.raise_(
  File "/home/airflow/.local/lib/python3.12/site-packages/sqlalchemy/util/compat.py", line 211, in raise_
    raise exception
  File "/home/airflow/.local/lib/python3.12/site-packages/sqlalchemy/engine/base.py", line 3371, in _wrap_pool_connect
    return fn()
           ^^^^
  File "/home/airflow/.local/lib/python3.12/site-packages/sqlalchemy/pool/base.py", line 327, in connect
    return _ConnectionFairy._checkout(self)
           ^^^^^^^^^^^^^^^^^^^^^^^^^^^^^^^^
  File "/home/airflow/.local/lib/python3.12/site-packages/sqlalchemy/pool/base.py", line 894, in _checkout
    fairy = _ConnectionRecord.checkout(pool)
            ^^^^^^^^^^^^^^^^^^^^^^^^^^^^^^^^
  File "/home/airflow/.local/lib/python3.12/site-packages/sqlalchemy/pool/base.py", line 493, in checkout
    rec = pool._do_get()
          ^^^^^^^^^^^^^^
  File "/home/airflow/.local/lib/python3.12/site-packages/sqlalchemy/pool/impl.py", line 256, in _do_get
    return self._create_connection()
           ^^^^^^^^^^^^^^^^^^^^^^^^^
  File "/home/airflow/.local/lib/python3.12/site-packages/sqlalchemy/pool/base.py", line 273, in _create_connection
    return _ConnectionRecord(self)
           ^^^^^^^^^^^^^^^^^^^^^^^
  File "/home/airflow/.local/lib/python3.12/site-packages/sqlalchemy/pool/base.py", line 388, in __init__
    self.__connect()
  File "/home/airflow/.local/lib/python3.12/site-packages/sqlalchemy/pool/base.py", line 690, in __connect
    with util.safe_reraise():
  File "/home/airflow/.local/lib/python3.12/site-packages/sqlalchemy/util/langhelpers.py", line 70, in __exit__
    compat.raise_(
  File "/home/airflow/.local/lib/python3.12/site-packages/sqlalchemy/util/compat.py", line 211, in raise_
    raise exception
  File "/home/airflow/.local/lib/python3.12/site-packages/sqlalchemy/pool/base.py", line 686, in __connect
    self.dbapi_connection = connection = pool._invoke_creator(self)
                                         ^^^^^^^^^^^^^^^^^^^^^^^^^^
  File "/home/airflow/.local/lib/python3.12/site-packages/sqlalchemy/engine/create.py", line 574, in connect
    return dialect.connect(*cargs, **cparams)
           ^^^^^^^^^^^^^^^^^^^^^^^^^^^^^^^^^^
  File "/home/airflow/.local/lib/python3.12/site-packages/sqlalchemy/engine/default.py", line 598, in connect
    return self.dbapi.connect(*cargs, **cparams)
           ^^^^^^^^^^^^^^^^^^^^^^^^^^^^^^^^^^^^^
  File "/home/airflow/.local/lib/python3.12/site-packages/psycopg2/__init__.py", line 122, in connect
    conn = _connect(dsn, connection_factory=connection_factory, **kwasync)
           ^^^^^^^^^^^^^^^^^^^^^^^^^^^^^^^^^^^^^^^^^^^^^^^^^^^^^^^^^^^^^^^
sqlalchemy.exc.OperationalError: (psycopg2.OperationalError) could not translate host name "postgres" to address: Temporary failure in name resolution

(Background on this error at: https://sqlalche.me/e/14/e3q8)
[2026-07-17T06:14:44.369+0000] {job.py:226} ERROR - Job heartbeat failed with error. Scheduler is in unhealthy state
[2026-07-17T06:14:45.724+0000] {subprocess.py:93} INFO - time="2026-07-17T06:14:45Z" level=error msg="error waiting for container: unexpected EOF"
[2026-07-17T06:14:46.047+0000] {subprocess.py:97} INFO - Command exited with return code 124
[2026-07-17T06:14:46.101+0000] {taskinstance.py:441} INFO - ::group::Post task execution logs
[2026-07-17T06:14:47.235+0000] {taskinstance.py:2890} ERROR - Task failed with exception
Traceback (most recent call last):
  File "/home/airflow/.local/lib/python3.12/site-packages/airflow/models/taskinstance.py", line 465, in _execute_task
    result = _execute_callable(context=context, **execute_callable_kwargs)
             ^^^^^^^^^^^^^^^^^^^^^^^^^^^^^^^^^^^^^^^^^^^^^^^^^^^^^^^^^^^^^
  File "/home/airflow/.local/lib/python3.12/site-packages/airflow/models/taskinstance.py", line 432, in _execute_callable
    return execute_callable(context=context, **execute_callable_kwargs)
           ^^^^^^^^^^^^^^^^^^^^^^^^^^^^^^^^^^^^^^^^^^^^^^^^^^^^^^^^^^^^
  File "/home/airflow/.local/lib/python3.12/site-packages/airflow/models/baseoperator.py", line 400, in wrapper
    return func(self, *args, **kwargs)
           ^^^^^^^^^^^^^^^^^^^^^^^^^^^
  File "/home/airflow/.local/lib/python3.12/site-packages/airflow/operators/bash.py", line 243, in execute
    raise AirflowException(
airflow.exceptions.AirflowException: Bash command failed. The command returned a non-zero exit code 124.
[2026-07-17T06:14:47.394+0000] {taskinstance.py:1205} INFO - Marking task as FAILED. dag_id=e-commerce_kafka_streaming_pipeline_v1, task_id=run_bronze, execution_date=20260716T170000, start_date=20260717T060840, end_date=20260717T061447
[2026-07-17T06:14:48.028+0000] {standard_task_runner.py:110} ERROR - Failed to execute job 107 for task run_bronze (Bash command failed. The command returned a non-zero exit code 124.; 3158)
[2026-07-17T06:14:48.308+0000] {local_task_job_runner.py:240} INFO - Task exited with return code 1
[2026-07-17T06:14:48.955+0000] {taskinstance.py:3482} INFO - 0 downstream tasks scheduled from follow-on schedule check
[2026-07-17T06:14:48.982+0000] {local_task_job_runner.py:222} INFO - ::endgroup::
