[2026-07-17T06:03:20.415+0000] {local_task_job_runner.py:120} INFO - ::group::Pre task execution logs
[2026-07-17T06:03:20.540+0000] {taskinstance.py:2073} INFO - Dependencies all met for dep_context=non-requeueable deps ti=<TaskInstance: e-commerce_kafka_streaming_pipeline_v1.run_bronze scheduled__2026-07-16T17:00:00+00:00 [queued]>
[2026-07-17T06:03:20.581+0000] {taskinstance.py:2073} INFO - Dependencies all met for dep_context=requeueable deps ti=<TaskInstance: e-commerce_kafka_streaming_pipeline_v1.run_bronze scheduled__2026-07-16T17:00:00+00:00 [queued]>
[2026-07-17T06:03:20.584+0000] {taskinstance.py:2303} INFO - Starting attempt 3 of 4
[2026-07-17T06:03:20.681+0000] {taskinstance.py:2327} INFO - Executing <Task(BashOperator): run_bronze> on 2026-07-16 17:00:00+00:00
[2026-07-17T06:03:20.751+0000] {standard_task_runner.py:90} INFO - Running: ['***', 'tasks', 'run', 'e-commerce_kafka_streaming_pipeline_v1', 'run_bronze', 'scheduled__2026-07-16T17:00:00+00:00', '--job-id', '102', '--raw', '--subdir', 'DAGS_FOLDER/sdp_pipeline_dag.py', '--cfg-path', '/tmp/tmpbhb5xh_g']
[2026-07-17T06:03:20.793+0000] {standard_task_runner.py:91} INFO - Job 102: Subtask run_bronze
[2026-07-17T06:03:20.802+0000] {logging_mixin.py:188} WARNING - /home/***/.local/lib/python3.12/site-packages/***/task/task_runner/standard_task_runner.py:61 DeprecationWarning: This process (pid=3062) is multi-threaded, use of fork() may lead to deadlocks in the child.
[2026-07-17T06:03:20.806+0000] {standard_task_runner.py:63} INFO - Started process 3063 to run task
[2026-07-17T06:03:21.004+0000] {task_command.py:426} INFO - Running <TaskInstance: e-commerce_kafka_streaming_pipeline_v1.run_bronze scheduled__2026-07-16T17:00:00+00:00 [running]> on host da27550080bf
[2026-07-17T06:03:21.427+0000] {taskinstance.py:2644} INFO - Exporting env vars: AIRFLOW_CTX_DAG_OWNER='dev' AIRFLOW_CTX_DAG_ID='e-commerce_kafka_streaming_pipeline_v1' AIRFLOW_CTX_TASK_ID='run_bronze' AIRFLOW_CTX_EXECUTION_DATE='2026-07-16T17:00:00+00:00' AIRFLOW_CTX_TRY_NUMBER='3' AIRFLOW_CTX_DAG_RUN_ID='scheduled__2026-07-16T17:00:00+00:00'
[2026-07-17T06:03:21.446+0000] {taskinstance.py:430} INFO - ::endgroup::
[2026-07-17T06:03:21.526+0000] {subprocess.py:63} INFO - Tmp dir root location: /tmp
[2026-07-17T06:03:21.540+0000] {subprocess.py:75} INFO - Running command: ['/usr/bin/bash', '-c', 'timeout 150s docker run --rm --network streaming_kafka_project_sdp-net --volume /d/Streaming_kafka_project/pipelines:/opt/pipelines --volume /d/Streaming_kafka_project/data:/opt/data --volume /d/Streaming_kafka_project/checkpoints:/opt/checkpoints --volume /d/Streaming_kafka_project/jars:/opt/jars apache/spark:3.5.1 /opt/spark/bin/spark-submit --master spark://sdp-spark-master:7077 --executor-cores 1 --executor-memory 512m --total-executor-cores 3 --jars /opt/jars/delta-spark_2.12-3.2.0.jar,/opt/jars/delta-storage-3.2.0.jar,/opt/jars/spark-sql-kafka-0-10_2.12-3.5.1.jar,/opt/jars/kafka-clients-3.4.1.jar,/opt/jars/spark-token-provider-kafka-0-10_2.12-3.5.1.jar,/opt/jars/commons-pool2-2.11.1.jar --conf spark.sql.extensions=io.delta.sql.DeltaSparkSessionExtension --conf spark.sql.catalog.spark_catalog=org.apache.spark.sql.delta.catalog.DeltaCatalog  /opt/pipelines/bronze_runner.py']
[2026-07-17T06:03:21.610+0000] {subprocess.py:86} INFO - Output:
[2026-07-17T06:03:34.029+0000] {subprocess.py:93} INFO - 26/07/17 06:03:34 WARN NativeCodeLoader: Unable to load native-hadoop library for your platform... using builtin-java classes where applicable
[2026-07-17T06:03:39.023+0000] {subprocess.py:93} INFO - 26/07/17 06:03:39 INFO SparkContext: Running Spark version 3.5.1
[2026-07-17T06:03:39.028+0000] {subprocess.py:93} INFO - 26/07/17 06:03:39 INFO SparkContext: OS info Linux, 6.18.33.2-microsoft-standard-WSL2, amd64
[2026-07-17T06:03:39.035+0000] {subprocess.py:93} INFO - 26/07/17 06:03:39 INFO SparkContext: Java version 11.0.22
[2026-07-17T06:03:39.325+0000] {subprocess.py:93} INFO - 26/07/17 06:03:39 INFO ResourceUtils: ==============================================================
[2026-07-17T06:03:39.326+0000] {subprocess.py:93} INFO - 26/07/17 06:03:39 INFO ResourceUtils: No custom resources configured for spark.driver.
[2026-07-17T06:03:39.327+0000] {subprocess.py:93} INFO - 26/07/17 06:03:39 INFO ResourceUtils: ==============================================================
[2026-07-17T06:03:39.329+0000] {subprocess.py:93} INFO - 26/07/17 06:03:39 INFO SparkContext: Submitted application: SDP-Bronze
[2026-07-17T06:03:39.703+0000] {subprocess.py:93} INFO - 26/07/17 06:03:39 INFO ResourceProfile: Default ResourceProfile created, executor resources: Map(cores -> name: cores, amount: 1, script: , vendor: , memory -> name: memory, amount: 512, script: , vendor: , offHeap -> name: offHeap, amount: 0, script: , vendor: ), task resources: Map(cpus -> name: cpus, amount: 1.0)
[2026-07-17T06:03:40.071+0000] {subprocess.py:93} INFO - 26/07/17 06:03:40 INFO ResourceProfile: Limiting resource is cpus at 1 tasks per executor
[2026-07-17T06:03:40.100+0000] {subprocess.py:93} INFO - 26/07/17 06:03:40 INFO ResourceProfileManager: Added ResourceProfile id: 0
[2026-07-17T06:03:40.759+0000] {subprocess.py:93} INFO - 26/07/17 06:03:40 INFO SecurityManager: Changing view acls to: spark
[2026-07-17T06:03:40.768+0000] {subprocess.py:93} INFO - 26/07/17 06:03:40 INFO SecurityManager: Changing modify acls to: spark
[2026-07-17T06:03:40.779+0000] {subprocess.py:93} INFO - 26/07/17 06:03:40 INFO SecurityManager: Changing view acls groups to:
[2026-07-17T06:03:40.784+0000] {subprocess.py:93} INFO - 26/07/17 06:03:40 INFO SecurityManager: Changing modify acls groups to:
[2026-07-17T06:03:40.788+0000] {subprocess.py:93} INFO - 26/07/17 06:03:40 INFO SecurityManager: SecurityManager: authentication disabled; ui acls disabled; users with view permissions: spark; groups with view permissions: EMPTY; users with modify permissions: spark; groups with modify permissions: EMPTY
[2026-07-17T06:03:42.189+0000] {subprocess.py:93} INFO - 26/07/17 06:03:42 INFO Utils: Successfully started service 'sparkDriver' on port 33795.
[2026-07-17T06:03:42.380+0000] {subprocess.py:93} INFO - 26/07/17 06:03:42 INFO SparkEnv: Registering MapOutputTracker
[2026-07-17T06:03:42.662+0000] {subprocess.py:93} INFO - 26/07/17 06:03:42 INFO SparkEnv: Registering BlockManagerMaster
[2026-07-17T06:03:42.767+0000] {subprocess.py:93} INFO - 26/07/17 06:03:42 INFO BlockManagerMasterEndpoint: Using org.apache.spark.storage.DefaultTopologyMapper for getting topology information
[2026-07-17T06:03:42.769+0000] {subprocess.py:93} INFO - 26/07/17 06:03:42 INFO BlockManagerMasterEndpoint: BlockManagerMasterEndpoint up
[2026-07-17T06:03:42.773+0000] {subprocess.py:93} INFO - 26/07/17 06:03:42 INFO SparkEnv: Registering BlockManagerMasterHeartbeat
[2026-07-17T06:03:43.060+0000] {subprocess.py:93} INFO - 26/07/17 06:03:43 INFO DiskBlockManager: Created local directory at /tmp/blockmgr-d3ae8741-557b-40ac-af42-c9139843dec9
[2026-07-17T06:03:43.105+0000] {subprocess.py:93} INFO - 26/07/17 06:03:43 INFO MemoryStore: MemoryStore started with capacity 434.4 MiB
[2026-07-17T06:03:43.161+0000] {subprocess.py:93} INFO - 26/07/17 06:03:43 INFO SparkEnv: Registering OutputCommitCoordinator
[2026-07-17T06:03:44.662+0000] {subprocess.py:93} INFO - 26/07/17 06:03:44 INFO JettyUtils: Start Jetty 0.0.0.0:4040 for SparkUI
[2026-07-17T06:03:45.073+0000] {subprocess.py:93} INFO - 26/07/17 06:03:45 INFO Utils: Successfully started service 'SparkUI' on port 4040.
[2026-07-17T06:03:45.548+0000] {subprocess.py:93} INFO - 26/07/17 06:03:45 INFO SparkContext: Added JAR file:///opt/jars/delta-spark_2.12-3.2.0.jar at spark://a657b060405d:33795/jars/delta-spark_2.12-3.2.0.jar with timestamp 1784268218958
[2026-07-17T06:03:45.571+0000] {subprocess.py:93} INFO - 26/07/17 06:03:45 INFO SparkContext: Added JAR file:///opt/jars/delta-storage-3.2.0.jar at spark://a657b060405d:33795/jars/delta-storage-3.2.0.jar with timestamp 1784268218958
[2026-07-17T06:03:45.586+0000] {subprocess.py:93} INFO - 26/07/17 06:03:45 INFO SparkContext: Added JAR file:///opt/jars/spark-sql-kafka-0-10_2.12-3.5.1.jar at spark://a657b060405d:33795/jars/spark-sql-kafka-0-10_2.12-3.5.1.jar with timestamp 1784268218958
[2026-07-17T06:03:45.609+0000] {subprocess.py:93} INFO - 26/07/17 06:03:45 INFO SparkContext: Added JAR file:///opt/jars/kafka-clients-3.4.1.jar at spark://a657b060405d:33795/jars/kafka-clients-3.4.1.jar with timestamp 1784268218958
[2026-07-17T06:03:45.657+0000] {subprocess.py:93} INFO - 26/07/17 06:03:45 INFO SparkContext: Added JAR file:///opt/jars/spark-token-provider-kafka-0-10_2.12-3.5.1.jar at spark://a657b060405d:33795/jars/spark-token-provider-kafka-0-10_2.12-3.5.1.jar with timestamp 1784268218958
[2026-07-17T06:03:45.660+0000] {subprocess.py:93} INFO - 26/07/17 06:03:45 INFO SparkContext: Added JAR file:///opt/jars/commons-pool2-2.11.1.jar at spark://a657b060405d:33795/jars/commons-pool2-2.11.1.jar with timestamp 1784268218958
[2026-07-17T06:03:48.120+0000] {subprocess.py:93} INFO - 26/07/17 06:03:47 INFO StandaloneAppClient$ClientEndpoint: Connecting to master spark://sdp-spark-master:7077...
[2026-07-17T06:04:27.934+0000] {job.py:218} ERROR - Job heartbeat got an exception
Traceback (most recent call last):
  File "/home/airflow/.local/lib/python3.12/site-packages/sqlalchemy/engine/base.py", line 3371, in _wrap_pool_connect
    return fn()
           ^^^^
  File "/home/airflow/.local/lib/python3.12/site-packages/sqlalchemy/pool/base.py", line 327, in connect
    return _ConnectionFairy._checkout(self)
           ^^^^^^^^^^^^^^^^^^^^^^^^^^^^^^^^
  File "/home/airflow/.local/lib/python3.12/site-packages/sqlalchemy/pool/base.py", line 894, in _checkout
    fairy = _ConnectionRecord.checkout(pool)
            ^^^^^^^^^^^^^^^^^^^^^^^^^^^^^^^^
  File "/home/airflow/.local/lib/python3.12/site-packages/sqlalchemy/pool/base.py", line 493, in checkout
    rec = pool._do_get()
          ^^^^^^^^^^^^^^
  File "/home/airflow/.local/lib/python3.12/site-packages/sqlalchemy/pool/impl.py", line 256, in _do_get
    return self._create_connection()
           ^^^^^^^^^^^^^^^^^^^^^^^^^
  File "/home/airflow/.local/lib/python3.12/site-packages/sqlalchemy/pool/base.py", line 273, in _create_connection
    return _ConnectionRecord(self)
           ^^^^^^^^^^^^^^^^^^^^^^^
  File "/home/airflow/.local/lib/python3.12/site-packages/sqlalchemy/pool/base.py", line 388, in __init__
    self.__connect()
  File "/home/airflow/.local/lib/python3.12/site-packages/sqlalchemy/pool/base.py", line 690, in __connect
    with util.safe_reraise():
  File "/home/airflow/.local/lib/python3.12/site-packages/sqlalchemy/util/langhelpers.py", line 70, in __exit__
    compat.raise_(
  File "/home/airflow/.local/lib/python3.12/site-packages/sqlalchemy/util/compat.py", line 211, in raise_
    raise exception
  File "/home/airflow/.local/lib/python3.12/site-packages/sqlalchemy/pool/base.py", line 686, in __connect
    self.dbapi_connection = connection = pool._invoke_creator(self)
                                         ^^^^^^^^^^^^^^^^^^^^^^^^^^
  File "/home/airflow/.local/lib/python3.12/site-packages/sqlalchemy/engine/create.py", line 574, in connect
    return dialect.connect(*cargs, **cparams)
           ^^^^^^^^^^^^^^^^^^^^^^^^^^^^^^^^^^
  File "/home/airflow/.local/lib/python3.12/site-packages/sqlalchemy/engine/default.py", line 598, in connect
    return self.dbapi.connect(*cargs, **cparams)
           ^^^^^^^^^^^^^^^^^^^^^^^^^^^^^^^^^^^^^
  File "/home/airflow/.local/lib/python3.12/site-packages/psycopg2/__init__.py", line 122, in connect
    conn = _connect(dsn, connection_factory=connection_factory, **kwasync)
           ^^^^^^^^^^^^^^^^^^^^^^^^^^^^^^^^^^^^^^^^^^^^^^^^^^^^^^^^^^^^^^^
psycopg2.OperationalError: could not translate host name "postgres" to address: Temporary failure in name resolution


The above exception was the direct cause of the following exception:

Traceback (most recent call last):
  File "/home/airflow/.local/lib/python3.12/site-packages/airflow/jobs/job.py", line 192, in heartbeat
    self._merge_from(Job._fetch_from_db(self, session))
                     ^^^^^^^^^^^^^^^^^^^^^^^^^^^^^^^^^
  File "/home/airflow/.local/lib/python3.12/site-packages/airflow/api_internal/internal_api_call.py", line 115, in wrapper
    return func(*args, **kwargs)
           ^^^^^^^^^^^^^^^^^^^^^
  File "/home/airflow/.local/lib/python3.12/site-packages/airflow/utils/session.py", line 76, in wrapper
    return func(*args, **kwargs)
           ^^^^^^^^^^^^^^^^^^^^^
  File "/home/airflow/.local/lib/python3.12/site-packages/airflow/utils/retries.py", line 89, in wrapped_function
    for attempt in run_with_db_retries(max_retries=retries, logger=logger, **retry_kwargs):
  File "/home/airflow/.local/lib/python3.12/site-packages/tenacity/__init__.py", line 347, in __iter__
    do = self.iter(retry_state=retry_state)
         ^^^^^^^^^^^^^^^^^^^^^^^^^^^^^^^^^^
  File "/home/airflow/.local/lib/python3.12/site-packages/tenacity/__init__.py", line 325, in iter
    raise retry_exc.reraise()
          ^^^^^^^^^^^^^^^^^^^
  File "/home/airflow/.local/lib/python3.12/site-packages/tenacity/__init__.py", line 158, in reraise
    raise self.last_attempt.result()
          ^^^^^^^^^^^^^^^^^^^^^^^^^^
  File "/usr/local/lib/python3.12/concurrent/futures/_base.py", line 449, in result
    return self.__get_result()
           ^^^^^^^^^^^^^^^^^^^
  File "/usr/local/lib/python3.12/concurrent/futures/_base.py", line 401, in __get_result
    raise self._exception
  File "/home/airflow/.local/lib/python3.12/site-packages/airflow/utils/retries.py", line 98, in wrapped_function
    return func(*args, **kwargs)
           ^^^^^^^^^^^^^^^^^^^^^
  File "/home/airflow/.local/lib/python3.12/site-packages/airflow/jobs/job.py", line 316, in _fetch_from_db
    session.merge(job)
  File "/home/airflow/.local/lib/python3.12/site-packages/sqlalchemy/orm/session.py", line 3056, in merge
    return self._merge(
           ^^^^^^^^^^^^
  File "/home/airflow/.local/lib/python3.12/site-packages/sqlalchemy/orm/session.py", line 3136, in _merge
    merged = self.get(
             ^^^^^^^^^
  File "/home/airflow/.local/lib/python3.12/site-packages/sqlalchemy/orm/session.py", line 2853, in get
    return self._get_impl(
           ^^^^^^^^^^^^^^^
  File "/home/airflow/.local/lib/python3.12/site-packages/sqlalchemy/orm/session.py", line 2975, in _get_impl
    return db_load_fn(
           ^^^^^^^^^^^
  File "/home/airflow/.local/lib/python3.12/site-packages/sqlalchemy/orm/loading.py", line 530, in load_on_pk_identity
    session.execute(
  File "/home/airflow/.local/lib/python3.12/site-packages/sqlalchemy/orm/session.py", line 1716, in execute
    conn = self._connection_for_bind(bind)
           ^^^^^^^^^^^^^^^^^^^^^^^^^^^^^^^
  File "/home/airflow/.local/lib/python3.12/site-packages/sqlalchemy/orm/session.py", line 1555, in _connection_for_bind
    return self._transaction._connection_for_bind(
           ^^^^^^^^^^^^^^^^^^^^^^^^^^^^^^^^^^^^^^^
  File "/home/airflow/.local/lib/python3.12/site-packages/sqlalchemy/orm/session.py", line 750, in _connection_for_bind
    conn = bind.connect()
           ^^^^^^^^^^^^^^
  File "/home/airflow/.local/lib/python3.12/site-packages/sqlalchemy/future/engine.py", line 412, in connect
    return super(Engine, self).connect()
           ^^^^^^^^^^^^^^^^^^^^^^^^^^^^^
  File "/home/airflow/.local/lib/python3.12/site-packages/sqlalchemy/engine/base.py", line 3325, in connect
    return self._connection_cls(self, close_with_result=close_with_result)
           ^^^^^^^^^^^^^^^^^^^^^^^^^^^^^^^^^^^^^^^^^^^^^^^^^^^^^^^^^^^^^^^
  File "/home/airflow/.local/lib/python3.12/site-packages/sqlalchemy/engine/base.py", line 96, in __init__
    else engine.raw_connection()
         ^^^^^^^^^^^^^^^^^^^^^^^
  File "/home/airflow/.local/lib/python3.12/site-packages/sqlalchemy/engine/base.py", line 3404, in raw_connection
    return self._wrap_pool_connect(self.pool.connect, _connection)
           ^^^^^^^^^^^^^^^^^^^^^^^^^^^^^^^^^^^^^^^^^^^^^^^^^^^^^^^
  File "/home/airflow/.local/lib/python3.12/site-packages/sqlalchemy/engine/base.py", line 3374, in _wrap_pool_connect
    Connection._handle_dbapi_exception_noconnection(
  File "/home/airflow/.local/lib/python3.12/site-packages/sqlalchemy/engine/base.py", line 2208, in _handle_dbapi_exception_noconnection
    util.raise_(
  File "/home/airflow/.local/lib/python3.12/site-packages/sqlalchemy/util/compat.py", line 211, in raise_
    raise exception
  File "/home/airflow/.local/lib/python3.12/site-packages/sqlalchemy/engine/base.py", line 3371, in _wrap_pool_connect
    return fn()
           ^^^^
  File "/home/airflow/.local/lib/python3.12/site-packages/sqlalchemy/pool/base.py", line 327, in connect
    return _ConnectionFairy._checkout(self)
           ^^^^^^^^^^^^^^^^^^^^^^^^^^^^^^^^
  File "/home/airflow/.local/lib/python3.12/site-packages/sqlalchemy/pool/base.py", line 894, in _checkout
    fairy = _ConnectionRecord.checkout(pool)
            ^^^^^^^^^^^^^^^^^^^^^^^^^^^^^^^^
  File "/home/airflow/.local/lib/python3.12/site-packages/sqlalchemy/pool/base.py", line 493, in checkout
    rec = pool._do_get()
          ^^^^^^^^^^^^^^
  File "/home/airflow/.local/lib/python3.12/site-packages/sqlalchemy/pool/impl.py", line 256, in _do_get
    return self._create_connection()
           ^^^^^^^^^^^^^^^^^^^^^^^^^
  File "/home/airflow/.local/lib/python3.12/site-packages/sqlalchemy/pool/base.py", line 273, in _create_connection
    return _ConnectionRecord(self)
           ^^^^^^^^^^^^^^^^^^^^^^^
  File "/home/airflow/.local/lib/python3.12/site-packages/sqlalchemy/pool/base.py", line 388, in __init__
    self.__connect()
  File "/home/airflow/.local/lib/python3.12/site-packages/sqlalchemy/pool/base.py", line 690, in __connect
    with util.safe_reraise():
  File "/home/airflow/.local/lib/python3.12/site-packages/sqlalchemy/util/langhelpers.py", line 70, in __exit__
    compat.raise_(
  File "/home/airflow/.local/lib/python3.12/site-packages/sqlalchemy/util/compat.py", line 211, in raise_
    raise exception
  File "/home/airflow/.local/lib/python3.12/site-packages/sqlalchemy/pool/base.py", line 686, in __connect
    self.dbapi_connection = connection = pool._invoke_creator(self)
                                         ^^^^^^^^^^^^^^^^^^^^^^^^^^
  File "/home/airflow/.local/lib/python3.12/site-packages/sqlalchemy/engine/create.py", line 574, in connect
    return dialect.connect(*cargs, **cparams)
           ^^^^^^^^^^^^^^^^^^^^^^^^^^^^^^^^^^
  File "/home/airflow/.local/lib/python3.12/site-packages/sqlalchemy/engine/default.py", line 598, in connect
    return self.dbapi.connect(*cargs, **cparams)
           ^^^^^^^^^^^^^^^^^^^^^^^^^^^^^^^^^^^^^
  File "/home/airflow/.local/lib/python3.12/site-packages/psycopg2/__init__.py", line 122, in connect
    conn = _connect(dsn, connection_factory=connection_factory, **kwasync)
           ^^^^^^^^^^^^^^^^^^^^^^^^^^^^^^^^^^^^^^^^^^^^^^^^^^^^^^^^^^^^^^^
sqlalchemy.exc.OperationalError: (psycopg2.OperationalError) could not translate host name "postgres" to address: Temporary failure in name resolution

(Background on this error at: https://sqlalche.me/e/14/e3q8)
[2026-07-17T06:04:31.761+0000] {job.py:226} ERROR - Job heartbeat failed with error. Scheduler is in unhealthy state
[2026-07-17T06:04:32.296+0000] {subprocess.py:93} INFO - 26/07/17 06:03:48 INFO TransportClientFactory: Successfully created connection to sdp-spark-master/172.18.0.4:7077 after 436 ms (0 ms spent in bootstraps)
[2026-07-17T06:04:32.299+0000] {subprocess.py:93} INFO - 26/07/17 06:03:49 INFO StandaloneSchedulerBackend: Connected to Spark cluster with app ID app-20260717060349-0045
[2026-07-17T06:04:32.301+0000] {subprocess.py:93} INFO - 26/07/17 06:03:49 INFO Utils: Successfully started service 'org.apache.spark.network.netty.NettyBlockTransferService' on port 43747.
[2026-07-17T06:04:32.302+0000] {subprocess.py:93} INFO - 26/07/17 06:03:49 INFO NettyBlockTransferService: Server created on a657b060405d:43747
[2026-07-17T06:04:32.304+0000] {subprocess.py:93} INFO - 26/07/17 06:03:49 INFO BlockManager: Using org.apache.spark.storage.RandomBlockReplicationPolicy for block replication policy
[2026-07-17T06:04:32.305+0000] {subprocess.py:93} INFO - 26/07/17 06:03:50 INFO BlockManagerMaster: Registering BlockManager BlockManagerId(driver, a657b060405d, 43747, None)
[2026-07-17T06:04:32.309+0000] {subprocess.py:93} INFO - 26/07/17 06:03:50 INFO BlockManagerMasterEndpoint: Registering block manager a657b060405d:43747 with 434.4 MiB RAM, BlockManagerId(driver, a657b060405d, 43747, None)
[2026-07-17T06:04:32.318+0000] {subprocess.py:93} INFO - 26/07/17 06:03:50 INFO BlockManagerMaster: Registered BlockManager BlockManagerId(driver, a657b060405d, 43747, None)
[2026-07-17T06:04:32.321+0000] {subprocess.py:93} INFO - 26/07/17 06:03:50 INFO BlockManager: Initialized BlockManager: BlockManagerId(driver, a657b060405d, 43747, None)
[2026-07-17T06:04:32.324+0000] {subprocess.py:93} INFO - 26/07/17 06:03:54 INFO AsyncEventQueue: Process of event SparkListenerResourceProfileAdded(Profile: id = 0, executor resources: cores -> name: cores, amount: 1, script: , vendor: ,memory -> name: memory, amount: 512, script: , vendor: ,offHeap -> name: offHeap, amount: 0, script: , vendor: , task resources: cpus -> name: cpus, amount: 1.0) by listener AppStatusListener took 1.063444455s.
[2026-07-17T06:04:32.327+0000] {subprocess.py:93} INFO - 26/07/17 06:03:55 INFO StandaloneSchedulerBackend: SchedulerBackend is ready for scheduling beginning after reached minRegisteredResourcesRatio: 0.0
[2026-07-17T06:04:32.329+0000] {subprocess.py:93} INFO - 26/07/17 06:04:24 INFO StandaloneAppClient$ClientEndpoint: Executor added: app-20260717060349-0045/0 on worker-20260716063602-172.18.0.6-33249 (172.18.0.6:33249) with 1 core(s)
[2026-07-17T06:04:32.331+0000] {subprocess.py:93} INFO - 26/07/17 06:04:25 INFO StandaloneSchedulerBackend: Granted executor ID app-20260717060349-0045/0 on hostPort 172.18.0.6:33249 with 1 core(s), 512.0 MiB RAM
[2026-07-17T06:04:32.332+0000] {subprocess.py:93} INFO - 26/07/17 06:04:25 INFO StandaloneAppClient$ClientEndpoint: Executor added: app-20260717060349-0045/1 on worker-20260716063602-172.18.0.5-44367 (172.18.0.5:44367) with 1 core(s)
[2026-07-17T06:04:32.335+0000] {subprocess.py:93} INFO - 26/07/17 06:04:25 INFO StandaloneSchedulerBackend: Granted executor ID app-20260717060349-0045/1 on hostPort 172.18.0.5:44367 with 1 core(s), 512.0 MiB RAM
[2026-07-17T06:04:32.350+0000] {subprocess.py:93} INFO - 26/07/17 06:04:32 INFO StandaloneAppClient$ClientEndpoint: Executor updated: app-20260717060349-0045/0 is now RUNNING
[2026-07-17T06:04:32.388+0000] {subprocess.py:93} INFO - 26/07/17 06:04:32 INFO StandaloneAppClient$ClientEndpoint: Executor updated: app-20260717060349-0045/1 is now RUNNING
[2026-07-17T06:04:32.636+0000] {subprocess.py:93} INFO - Starting stream: orders -> /opt/data/bronze/orders
[2026-07-17T06:05:13.559+0000] {job.py:221} ERROR - Job heartbeat failed with error. Scheduler may go into unhealthy state
[2026-07-17T06:06:38.329+0000] {subprocess.py:93} INFO - 26/07/17 06:06:38 WARN DeltaLog: Failed to create a snapshot from log segment: LogSegment(file:/opt/data/bronze/orders/_delta_log,11,WrappedArray(DeprecatedRawLocalFileStatus{path=file:/opt/data/bronze/orders/_delta_log/00000000000000000011.json; isDirectory=false; length=965; replication=1; blocksize=33554432; modification_time=1784267144680; access_time=1784267144680; owner=; group=; permission=rw-rw-rw-; isSymlink=false; hasAcl=false; isEncrypted=false; isErasureCoded=false}),UninitializedV1OrV2ParquetCheckpointProvider(10,DeprecatedRawLocalFileStatus{path=file:/opt/data/bronze/orders/_delta_log/00000000000000000010.checkpoint.parquet; isDirectory=false; length=17045; replication=1; blocksize=33554432; modification_time=1784211332896; access_time=1784211332896; owner=; group=; permission=rw-rw-rw-; isSymlink=false; hasAcl=false; isEncrypted=false; isErasureCoded=false},file:/opt/data/bronze/orders/_delta_log,Some(LastCheckpointInfo(10,13,None,Some(17045),Some(10),Some(StructType(StructField(txn,StructType(StructField(appId,StringType,true),StructField(version,LongType,true),StructField(lastUpdated,LongType,true)),true),StructField(add,StructType(StructField(path,StringType,true),StructField(partitionValues,MapType(StringType,StringType,true),true),StructField(size,LongType,true),StructField(modificationTime,LongType,true),StructField(dataChange,BooleanType,true),StructField(tags,MapType(StringType,StringType,true),true),StructField(deletionVector,StructType(StructField(storageType,StringType,true),StructField(pathOrInlineDv,StringType,true),StructField(offset,IntegerType,true),StructField(sizeInBytes,IntegerType,true),StructField(cardinality,LongType,true),StructField(maxRowIndex,LongType,true)),true),StructField(baseRowId,LongType,true),StructField(defaultRowCommitVersion,LongType,true),StructField(clusteringProvider,StringType,true),StructField(stats,StringType,true)),true),StructField(remove,StructType(StructField(path,StringType,true),StructField(deletionTimestamp,LongType,true),StructField(dataChange,BooleanType,true),StructField(extendedFileMetadata,BooleanType,true),StructField(partitionValues,MapType(StringType,StringType,true),true),StructField(size,LongType,true),StructField(deletionVector,StructType(StructField(storageType,StringType,true),StructField(pathOrInlineDv,StringType,true),StructField(offset,IntegerType,true),StructField(sizeInBytes,IntegerType,true),StructField(cardinality,LongType,true),StructField(maxRowIndex,LongType,true)),true),StructField(baseRowId,LongType,true),StructField(defaultRowCommitVersion,LongType,true)),true),StructField(metaData,StructType(StructField(id,StringType,true),StructField(name,StringType,true),StructField(description,StringType,true),StructField(format,StructType(StructField(provider,StringType,true),StructField(options,MapType(StringType,StringType,true),true)),true),StructField(schemaString,StringType,true),StructField(partitionColumns,ArrayType(StringType,true),true),StructField(configuration,MapType(StringType,StringType,true),true),StructField(createdTime,LongType,true)),true),StructField(protocol,StructType(StructField(minReaderVersion,IntegerType,true),StructField(minWriterVersion,IntegerType,true),StructField(readerFeatures,ArrayType(StringType,true),true),StructField(writerFeatures,ArrayType(StringType,true),true)),true),StructField(domainMetadata,StructType(StructField(domain,StringType,true),StructField(configuration,StringType,true),StructField(removed,BooleanType,true)),true))),None,Some(f5f850337fc4ae7075e6d33f398b7d1b)))),1784267144680). Trying a different checkpoint.
[2026-07-17T06:06:38.333+0000] {subprocess.py:93} INFO - org.apache.spark.SparkException: Job 1 cancelled because SparkContext was shut down
[2026-07-17T06:06:38.337+0000] {subprocess.py:93} INFO - 	at org.apache.spark.scheduler.DAGScheduler.$anonfun$cleanUpAfterSchedulerStop$1(DAGScheduler.scala:1253)
[2026-07-17T06:06:38.339+0000] {subprocess.py:93} INFO - 	at org.apache.spark.scheduler.DAGScheduler.$anonfun$cleanUpAfterSchedulerStop$1$adapted(DAGScheduler.scala:1251)
[2026-07-17T06:06:38.341+0000] {subprocess.py:93} INFO - 	at scala.collection.mutable.HashSet.foreach(HashSet.scala:79)
[2026-07-17T06:06:38.342+0000] {subprocess.py:93} INFO - 	at org.apache.spark.scheduler.DAGScheduler.cleanUpAfterSchedulerStop(DAGScheduler.scala:1251)
[2026-07-17T06:06:38.344+0000] {subprocess.py:93} INFO - 	at org.apache.spark.scheduler.DAGSchedulerEventProcessLoop.onStop(DAGScheduler.scala:3087)
[2026-07-17T06:06:38.345+0000] {subprocess.py:93} INFO - 	at org.apache.spark.util.EventLoop.stop(EventLoop.scala:84)
[2026-07-17T06:06:38.346+0000] {subprocess.py:93} INFO - 	at org.apache.spark.scheduler.DAGScheduler.$anonfun$stop$3(DAGScheduler.scala:2973)
[2026-07-17T06:06:38.347+0000] {subprocess.py:93} INFO - 	at org.apache.spark.util.Utils$.tryLogNonFatalError(Utils.scala:1375)
[2026-07-17T06:06:38.352+0000] {subprocess.py:93} INFO - 	at org.apache.spark.scheduler.DAGScheduler.stop(DAGScheduler.scala:2973)
[2026-07-17T06:06:38.354+0000] {subprocess.py:93} INFO - 	at org.apache.spark.SparkContext.$anonfun$stop$12(SparkContext.scala:2263)
[2026-07-17T06:06:38.355+0000] {subprocess.py:93} INFO - 	at org.apache.spark.util.Utils$.tryLogNonFatalError(Utils.scala:1375)
[2026-07-17T06:06:38.356+0000] {subprocess.py:93} INFO - 	at org.apache.spark.SparkContext.stop(SparkContext.scala:2263)
[2026-07-17T06:06:38.357+0000] {subprocess.py:93} INFO - 	at org.apache.spark.SparkContext.stop(SparkContext.scala:2216)
[2026-07-17T06:06:38.359+0000] {subprocess.py:93} INFO - 	at org.apache.spark.SparkContext.$anonfun$new$34(SparkContext.scala:686)
[2026-07-17T06:06:38.360+0000] {subprocess.py:93} INFO - 	at org.apache.spark.util.SparkShutdownHook.run(ShutdownHookManager.scala:214)
[2026-07-17T06:06:38.361+0000] {subprocess.py:93} INFO - 	at org.apache.spark.util.SparkShutdownHookManager.$anonfun$runAll$2(ShutdownHookManager.scala:188)
[2026-07-17T06:06:38.370+0000] {subprocess.py:93} INFO - 	at scala.runtime.java8.JFunction0$mcV$sp.apply(JFunction0$mcV$sp.java:23)
[2026-07-17T06:06:38.371+0000] {subprocess.py:93} INFO - 	at org.apache.spark.util.Utils$.logUncaughtExceptions(Utils.scala:1928)
[2026-07-17T06:06:38.373+0000] {subprocess.py:93} INFO - 	at org.apache.spark.util.SparkShutdownHookManager.$anonfun$runAll$1(ShutdownHookManager.scala:188)
[2026-07-17T06:06:38.375+0000] {subprocess.py:93} INFO - 	at scala.runtime.java8.JFunction0$mcV$sp.apply(JFunction0$mcV$sp.java:23)
[2026-07-17T06:06:38.377+0000] {subprocess.py:93} INFO - 	at scala.util.Try$.apply(Try.scala:213)
[2026-07-17T06:06:38.380+0000] {subprocess.py:93} INFO - 	at org.apache.spark.util.SparkShutdownHookManager.runAll(ShutdownHookManager.scala:188)
[2026-07-17T06:06:38.384+0000] {subprocess.py:93} INFO - 	at org.apache.spark.util.SparkShutdownHookManager$$anon$2.run(ShutdownHookManager.scala:178)
[2026-07-17T06:06:38.387+0000] {subprocess.py:93} INFO - 	at java.base/java.util.concurrent.Executors$RunnableAdapter.call(Unknown Source)
[2026-07-17T06:06:38.388+0000] {subprocess.py:93} INFO - 	at java.base/java.util.concurrent.FutureTask.run(Unknown Source)
[2026-07-17T06:06:38.393+0000] {subprocess.py:93} INFO - 	at java.base/java.util.concurrent.ThreadPoolExecutor.runWorker(Unknown Source)
[2026-07-17T06:06:38.399+0000] {subprocess.py:93} INFO - 	at java.base/java.util.concurrent.ThreadPoolExecutor$Worker.run(Unknown Source)
[2026-07-17T06:06:38.401+0000] {subprocess.py:93} INFO - 	at java.base/java.lang.Thread.run(Unknown Source)
[2026-07-17T06:06:38.403+0000] {subprocess.py:93} INFO - 	at org.apache.spark.scheduler.DAGScheduler.runJob(DAGScheduler.scala:989)
[2026-07-17T06:06:38.408+0000] {subprocess.py:93} INFO - 	at org.apache.spark.SparkContext.runJob(SparkContext.scala:2398)
[2026-07-17T06:06:38.409+0000] {subprocess.py:93} INFO - 	at org.apache.spark.SparkContext.runJob(SparkContext.scala:2419)
[2026-07-17T06:06:38.411+0000] {subprocess.py:93} INFO - 	at org.apache.spark.SparkContext.runJob(SparkContext.scala:2438)
[2026-07-17T06:06:38.414+0000] {subprocess.py:93} INFO - 	at org.apache.spark.SparkContext.runJob(SparkContext.scala:2463)
[2026-07-17T06:06:38.417+0000] {subprocess.py:93} INFO - 	at org.apache.spark.rdd.RDD.$anonfun$collect$1(RDD.scala:1049)
[2026-07-17T06:06:38.420+0000] {subprocess.py:93} INFO - 	at org.apache.spark.rdd.RDDOperationScope$.withScope(RDDOperationScope.scala:151)
[2026-07-17T06:06:38.424+0000] {subprocess.py:93} INFO - 	at org.apache.spark.rdd.RDDOperationScope$.withScope(RDDOperationScope.scala:112)
[2026-07-17T06:06:38.431+0000] {subprocess.py:93} INFO - 	at org.apache.spark.rdd.RDD.withScope(RDD.scala:410)
[2026-07-17T06:06:38.437+0000] {subprocess.py:93} INFO - 	at org.apache.spark.rdd.RDD.collect(RDD.scala:1048)
[2026-07-17T06:06:38.443+0000] {subprocess.py:93} INFO - 	at org.apache.spark.sql.execution.SparkPlan.executeCollect(SparkPlan.scala:448)
[2026-07-17T06:06:38.453+0000] {subprocess.py:93} INFO - 	at org.apache.spark.sql.Dataset.collectFromPlan(Dataset.scala:4332)
[2026-07-17T06:06:38.455+0000] {subprocess.py:93} INFO - 	at org.apache.spark.sql.Dataset.$anonfun$collect$1(Dataset.scala:3573)
[2026-07-17T06:06:38.457+0000] {subprocess.py:93} INFO - 	at org.apache.spark.sql.Dataset.$anonfun$withAction$2(Dataset.scala:4322)
[2026-07-17T06:06:38.459+0000] {subprocess.py:93} INFO - 	at org.apache.spark.sql.execution.QueryExecution$.withInternalError(QueryExecution.scala:546)
[2026-07-17T06:06:38.460+0000] {subprocess.py:93} INFO - 	at org.apache.spark.sql.Dataset.$anonfun$withAction$1(Dataset.scala:4320)
[2026-07-17T06:06:38.463+0000] {subprocess.py:93} INFO - 	at org.apache.spark.sql.execution.SQLExecution$.$anonfun$withNewExecutionId$6(SQLExecution.scala:125)
[2026-07-17T06:06:38.464+0000] {subprocess.py:93} INFO - 	at org.apache.spark.sql.execution.SQLExecution$.withSQLConfPropagated(SQLExecution.scala:201)
[2026-07-17T06:06:38.465+0000] {subprocess.py:93} INFO - 	at org.apache.spark.sql.execution.SQLExecution$.$anonfun$withNewExecutionId$1(SQLExecution.scala:108)
[2026-07-17T06:06:38.469+0000] {subprocess.py:93} INFO - 	at org.apache.spark.sql.SparkSession.withActive(SparkSession.scala:900)
[2026-07-17T06:06:38.472+0000] {subprocess.py:93} INFO - 	at org.apache.spark.sql.execution.SQLExecution$.withNewExecutionId(SQLExecution.scala:66)
[2026-07-17T06:06:38.474+0000] {subprocess.py:93} INFO - 	at org.apache.spark.sql.Dataset.withAction(Dataset.scala:4320)
[2026-07-17T06:06:38.476+0000] {subprocess.py:93} INFO - 	at org.apache.spark.sql.Dataset.collect(Dataset.scala:3573)
[2026-07-17T06:06:38.478+0000] {subprocess.py:93} INFO - 	at org.apache.spark.sql.delta.Snapshot.protocolMetadataAndICTReconstruction(Snapshot.scala:309)
[2026-07-17T06:06:38.480+0000] {subprocess.py:93} INFO - 	at org.apache.spark.sql.delta.Snapshot._reconstructedProtocolMetadataAndICT$lzycompute(Snapshot.scala:203)
[2026-07-17T06:06:38.481+0000] {subprocess.py:93} INFO - 	at org.apache.spark.sql.delta.Snapshot._reconstructedProtocolMetadataAndICT(Snapshot.scala:196)
[2026-07-17T06:06:38.488+0000] {subprocess.py:93} INFO - 	at org.apache.spark.sql.delta.Snapshot.metadata(Snapshot.scala:278)
[2026-07-17T06:06:38.492+0000] {subprocess.py:93} INFO - 	at org.apache.spark.sql.delta.managedcommit.CommitOwnerProvider$.getTableCommitOwner(CommitOwnerClient.scala:212)
[2026-07-17T06:06:38.493+0000] {subprocess.py:93} INFO - 	at org.apache.spark.sql.delta.Snapshot.initializeTableCommitOwner(Snapshot.scala:237)
[2026-07-17T06:06:38.494+0000] {subprocess.py:93} INFO - 	at org.apache.spark.sql.delta.Snapshot.<init>(Snapshot.scala:235)
[2026-07-17T06:06:38.498+0000] {subprocess.py:93} INFO - 	at org.apache.spark.sql.delta.SnapshotManagement.$anonfun$createSnapshot$2(SnapshotManagement.scala:634)
[2026-07-17T06:06:38.501+0000] {subprocess.py:93} INFO - 	at org.apache.spark.sql.delta.SnapshotManagement.createSnapshotFromGivenOrEquivalentLogSegment(SnapshotManagement.scala:796)
[2026-07-17T06:06:38.504+0000] {subprocess.py:93} INFO - 	at org.apache.spark.sql.delta.SnapshotManagement.createSnapshotFromGivenOrEquivalentLogSegment$(SnapshotManagement.scala:782)
[2026-07-17T06:06:38.510+0000] {subprocess.py:93} INFO - 	at org.apache.spark.sql.delta.DeltaLog.createSnapshotFromGivenOrEquivalentLogSegment(DeltaLog.scala:74)
[2026-07-17T06:06:38.513+0000] {subprocess.py:93} INFO - 	at org.apache.spark.sql.delta.SnapshotManagement.createSnapshot(SnapshotManagement.scala:627)
[2026-07-17T06:06:38.515+0000] {subprocess.py:93} INFO - 	at org.apache.spark.sql.delta.SnapshotManagement.createSnapshot$(SnapshotManagement.scala:618)
[2026-07-17T06:06:38.523+0000] {subprocess.py:93} INFO - 	at org.apache.spark.sql.delta.DeltaLog.createSnapshot(DeltaLog.scala:74)
[2026-07-17T06:06:38.524+0000] {subprocess.py:93} INFO - 	at org.apache.spark.sql.delta.SnapshotManagement.$anonfun$getSnapshotForLogSegmentInternal$1(SnapshotManagement.scala:1043)
[2026-07-17T06:06:38.525+0000] {subprocess.py:93} INFO - 	at scala.Option.map(Option.scala:230)
[2026-07-17T06:06:38.526+0000] {subprocess.py:93} INFO - 	at org.apache.spark.sql.delta.SnapshotManagement.getSnapshotForLogSegmentInternal(SnapshotManagement.scala:1036)
[2026-07-17T06:06:38.527+0000] {subprocess.py:93} INFO - 	at org.apache.spark.sql.delta.SnapshotManagement.getSnapshotForLogSegmentInternal$(SnapshotManagement.scala:1031)
[2026-07-17T06:06:38.528+0000] {subprocess.py:93} INFO - 	at org.apache.spark.sql.delta.DeltaLog.getSnapshotForLogSegmentInternal(DeltaLog.scala:74)
[2026-07-17T06:06:38.529+0000] {subprocess.py:93} INFO - 	at org.apache.spark.sql.delta.SnapshotManagement.getUpdatedSnapshot(SnapshotManagement.scala:1012)
[2026-07-17T06:06:38.532+0000] {subprocess.py:93} INFO - 	at org.apache.spark.sql.delta.SnapshotManagement.getUpdatedSnapshot$(SnapshotManagement.scala:1003)
[2026-07-17T06:06:38.537+0000] {subprocess.py:93} INFO - 	at org.apache.spark.sql.delta.DeltaLog.getUpdatedSnapshot(DeltaLog.scala:74)
[2026-07-17T06:06:38.541+0000] {subprocess.py:93} INFO - 	at org.apache.spark.sql.delta.SnapshotManagement.$anonfun$getSnapshotAtInit$2(SnapshotManagement.scala:583)
[2026-07-17T06:06:38.543+0000] {subprocess.py:93} INFO - 	at org.apache.spark.sql.delta.metering.DeltaLogging.recordFrameProfile(DeltaLogging.scala:168)
[2026-07-17T06:06:38.545+0000] {subprocess.py:93} INFO - 	at org.apache.spark.sql.delta.metering.DeltaLogging.recordFrameProfile$(DeltaLogging.scala:166)
[2026-07-17T06:06:38.547+0000] {subprocess.py:93} INFO - 	at org.apache.spark.sql.delta.DeltaLog.recordFrameProfile(DeltaLog.scala:74)
[2026-07-17T06:06:38.553+0000] {subprocess.py:93} INFO - 	at org.apache.spark.sql.delta.SnapshotManagement.$anonfun$getSnapshotAtInit$1(SnapshotManagement.scala:573)
[2026-07-17T06:06:38.555+0000] {subprocess.py:93} INFO - 	at org.apache.spark.sql.delta.SnapshotManagement.withSnapshotLockInterruptibly(SnapshotManagement.scala:78)
[2026-07-17T06:06:38.559+0000] {subprocess.py:93} INFO - 	at org.apache.spark.sql.delta.SnapshotManagement.withSnapshotLockInterruptibly$(SnapshotManagement.scala:75)
[2026-07-17T06:06:38.560+0000] {subprocess.py:93} INFO - 	at org.apache.spark.sql.delta.DeltaLog.withSnapshotLockInterruptibly(DeltaLog.scala:74)
[2026-07-17T06:06:38.562+0000] {subprocess.py:93} INFO - 	at org.apache.spark.sql.delta.SnapshotManagement.getSnapshotAtInit(SnapshotManagement.scala:573)
[2026-07-17T06:06:38.569+0000] {subprocess.py:93} INFO - 	at org.apache.spark.sql.delta.SnapshotManagement.getSnapshotAtInit$(SnapshotManagement.scala:572)
[2026-07-17T06:06:38.572+0000] {subprocess.py:93} INFO - 	at org.apache.spark.sql.delta.DeltaLog.getSnapshotAtInit(DeltaLog.scala:74)
[2026-07-17T06:06:38.581+0000] {subprocess.py:93} INFO - 	at org.apache.spark.sql.delta.SnapshotManagement.$init$(SnapshotManagement.scala:69)
[2026-07-17T06:06:38.589+0000] {subprocess.py:93} INFO - 	at org.apache.spark.sql.delta.DeltaLog.<init>(DeltaLog.scala:80)
[2026-07-17T06:06:38.597+0000] {subprocess.py:93} INFO - 	at org.apache.spark.sql.delta.DeltaLog$.$anonfun$apply$4(DeltaLog.scala:853)
[2026-07-17T06:06:38.602+0000] {subprocess.py:93} INFO - 	at org.apache.spark.sql.catalyst.plans.logical.AnalysisHelper$.allowInvokingTransformsInAnalyzer(AnalysisHelper.scala:323)
[2026-07-17T06:06:38.604+0000] {subprocess.py:93} INFO - 	at org.apache.spark.sql.delta.DeltaLog$.$anonfun$apply$3(DeltaLog.scala:848)
[2026-07-17T06:06:38.608+0000] {subprocess.py:93} INFO - 	at org.apache.spark.sql.delta.metering.DeltaLogging.recordFrameProfile(DeltaLogging.scala:168)
[2026-07-17T06:06:38.611+0000] {subprocess.py:93} INFO - 	at org.apache.spark.sql.delta.metering.DeltaLogging.recordFrameProfile$(DeltaLogging.scala:166)
[2026-07-17T06:06:38.613+0000] {subprocess.py:93} INFO - 	at org.apache.spark.sql.delta.DeltaLog$.recordFrameProfile(DeltaLog.scala:651)
[2026-07-17T06:06:38.624+0000] {subprocess.py:93} INFO - 	at org.apache.spark.sql.delta.metering.DeltaLogging.$anonfun$recordDeltaOperationInternal$1(DeltaLogging.scala:136)
[2026-07-17T06:06:38.626+0000] {subprocess.py:93} INFO - 	at com.databricks.spark.util.DatabricksLogging.recordOperation(DatabricksLogging.scala:128)
[2026-07-17T06:06:38.640+0000] {subprocess.py:93} INFO - 	at com.databricks.spark.util.DatabricksLogging.recordOperation$(DatabricksLogging.scala:117)
[2026-07-17T06:06:38.658+0000] {subprocess.py:93} INFO - 	at org.apache.spark.sql.delta.DeltaLog$.recordOperation(DeltaLog.scala:651)
[2026-07-17T06:06:38.662+0000] {subprocess.py:93} INFO - 	at org.apache.spark.sql.delta.metering.DeltaLogging.recordDeltaOperationInternal(DeltaLogging.scala:135)
[2026-07-17T06:06:38.670+0000] {subprocess.py:93} INFO - 	at org.apache.spark.sql.delta.metering.DeltaLogging.recordDeltaOperation(DeltaLogging.scala:125)
[2026-07-17T06:06:38.674+0000] {subprocess.py:93} INFO - 	at org.apache.spark.sql.delta.metering.DeltaLogging.recordDeltaOperation$(DeltaLogging.scala:115)
[2026-07-17T06:06:38.680+0000] {subprocess.py:93} INFO - 	at org.apache.spark.sql.delta.DeltaLog$.recordDeltaOperation(DeltaLog.scala:651)
[2026-07-17T06:06:38.684+0000] {subprocess.py:93} INFO - 	at org.apache.spark.sql.delta.DeltaLog$.createDeltaLog$1(DeltaLog.scala:847)
[2026-07-17T06:06:38.686+0000] {subprocess.py:93} INFO - 	at org.apache.spark.sql.delta.DeltaLog$.$anonfun$apply$5(DeltaLog.scala:866)
[2026-07-17T06:06:38.688+0000] {subprocess.py:93} INFO - 	at com.google.common.cache.LocalCache$LocalManualCache$1.load(LocalCache.java:4792)
[2026-07-17T06:06:38.689+0000] {subprocess.py:93} INFO - 	at com.google.common.cache.LocalCache$LoadingValueReference.loadFuture(LocalCache.java:3599)
[2026-07-17T06:06:38.690+0000] {subprocess.py:93} INFO - 	at com.google.common.cache.LocalCache$Segment.loadSync(LocalCache.java:2379)
[2026-07-17T06:06:38.692+0000] {subprocess.py:93} INFO - 	at com.google.common.cache.LocalCache$Segment.lockedGetOrLoad(LocalCache.java:2342)
[2026-07-17T06:06:38.693+0000] {subprocess.py:93} INFO - 	at com.google.common.cache.LocalCache$Segment.get(LocalCache.java:2257)
[2026-07-17T06:06:38.694+0000] {subprocess.py:93} INFO - 	at com.google.common.cache.LocalCache.get(LocalCache.java:4000)
[2026-07-17T06:06:38.695+0000] {subprocess.py:93} INFO - 	at com.google.common.cache.LocalCache$LocalManualCache.get(LocalCache.java:4789)
[2026-07-17T06:06:38.697+0000] {subprocess.py:93} INFO - 	at org.apache.spark.sql.delta.DeltaLog$.getDeltaLogFromCache$1(DeltaLog.scala:865)
[2026-07-17T06:06:38.698+0000] {subprocess.py:93} INFO - 	at org.apache.spark.sql.delta.DeltaLog$.apply(DeltaLog.scala:875)
[2026-07-17T06:06:38.699+0000] {subprocess.py:93} INFO - 	at org.apache.spark.sql.delta.DeltaLog$.apply(DeltaLog.scala:784)
[2026-07-17T06:06:38.702+0000] {subprocess.py:93} INFO - 	at org.apache.spark.sql.delta.DeltaLog$.forTable(DeltaLog.scala:746)
[2026-07-17T06:06:38.704+0000] {subprocess.py:93} INFO - 	at org.apache.spark.sql.delta.sources.DeltaSink.<init>(DeltaSink.scala:54)
[2026-07-17T06:06:38.707+0000] {subprocess.py:93} INFO - 	at org.apache.spark.sql.delta.sources.DeltaDataSource.createSink(DeltaDataSource.scala:174)
[2026-07-17T06:06:38.709+0000] {subprocess.py:93} INFO - 	at org.apache.spark.sql.execution.datasources.DataSource.createSink(DataSource.scala:313)
[2026-07-17T06:06:38.712+0000] {subprocess.py:93} INFO - 	at org.apache.spark.sql.streaming.DataStreamWriter.createV1Sink(DataStreamWriter.scala:442)
[2026-07-17T06:06:38.714+0000] {subprocess.py:93} INFO - 	at org.apache.spark.sql.streaming.DataStreamWriter.startInternal(DataStreamWriter.scala:404)
[2026-07-17T06:06:38.715+0000] {subprocess.py:93} INFO - 	at org.apache.spark.sql.streaming.DataStreamWriter.start(DataStreamWriter.scala:251)
[2026-07-17T06:06:38.721+0000] {subprocess.py:93} INFO - 	at java.base/jdk.internal.reflect.NativeMethodAccessorImpl.invoke0(Native Method)
[2026-07-17T06:06:38.725+0000] {subprocess.py:93} INFO - 	at java.base/jdk.internal.reflect.NativeMethodAccessorImpl.invoke(Unknown Source)
[2026-07-17T06:06:38.727+0000] {subprocess.py:93} INFO - 	at java.base/jdk.internal.reflect.DelegatingMethodAccessorImpl.invoke(Unknown Source)
[2026-07-17T06:06:38.730+0000] {subprocess.py:93} INFO - 	at java.base/java.lang.reflect.Method.invoke(Unknown Source)
[2026-07-17T06:06:38.731+0000] {subprocess.py:93} INFO - 	at py4j.reflection.MethodInvoker.invoke(MethodInvoker.java:244)
[2026-07-17T06:06:38.737+0000] {subprocess.py:93} INFO - 	at py4j.reflection.ReflectionEngine.invoke(ReflectionEngine.java:374)
[2026-07-17T06:06:38.740+0000] {subprocess.py:93} INFO - 	at py4j.Gateway.invoke(Gateway.java:282)
[2026-07-17T06:06:38.744+0000] {subprocess.py:93} INFO - 	at py4j.commands.AbstractCommand.invokeMethod(AbstractCommand.java:132)
[2026-07-17T06:06:38.747+0000] {subprocess.py:93} INFO - 	at py4j.commands.CallCommand.execute(CallCommand.java:79)
[2026-07-17T06:06:38.759+0000] {subprocess.py:93} INFO - 	at py4j.ClientServerConnection.waitForCommands(ClientServerConnection.java:182)
[2026-07-17T06:06:38.761+0000] {subprocess.py:93} INFO - 	at py4j.ClientServerConnection.run(ClientServerConnection.java:106)
[2026-07-17T06:06:38.762+0000] {subprocess.py:93} INFO - 	at java.base/java.lang.Thread.run(Unknown Source)
[2026-07-17T06:06:39.393+0000] {subprocess.py:97} INFO - Command exited with return code 124
[2026-07-17T06:06:39.401+0000] {taskinstance.py:441} INFO - ::group::Post task execution logs
[2026-07-17T06:06:39.476+0000] {taskinstance.py:2890} ERROR - Task failed with exception
Traceback (most recent call last):
  File "/home/airflow/.local/lib/python3.12/site-packages/airflow/models/taskinstance.py", line 465, in _execute_task
    result = _execute_callable(context=context, **execute_callable_kwargs)
             ^^^^^^^^^^^^^^^^^^^^^^^^^^^^^^^^^^^^^^^^^^^^^^^^^^^^^^^^^^^^^
  File "/home/airflow/.local/lib/python3.12/site-packages/airflow/models/taskinstance.py", line 432, in _execute_callable
    return execute_callable(context=context, **execute_callable_kwargs)
           ^^^^^^^^^^^^^^^^^^^^^^^^^^^^^^^^^^^^^^^^^^^^^^^^^^^^^^^^^^^^
  File "/home/airflow/.local/lib/python3.12/site-packages/airflow/models/baseoperator.py", line 400, in wrapper
    return func(self, *args, **kwargs)
           ^^^^^^^^^^^^^^^^^^^^^^^^^^^
  File "/home/airflow/.local/lib/python3.12/site-packages/airflow/operators/bash.py", line 243, in execute
    raise AirflowException(
airflow.exceptions.AirflowException: Bash command failed. The command returned a non-zero exit code 124.
[2026-07-17T06:06:39.500+0000] {taskinstance.py:1205} INFO - Marking task as UP_FOR_RETRY. dag_id=e-commerce_kafka_streaming_pipeline_v1, task_id=run_bronze, execution_date=20260716T170000, start_date=20260717T060320, end_date=20260717T060639
[2026-07-17T06:06:39.560+0000] {standard_task_runner.py:110} ERROR - Failed to execute job 102 for task run_bronze (Bash command failed. The command returned a non-zero exit code 124.; 3063)
[2026-07-17T06:06:39.628+0000] {local_task_job_runner.py:240} INFO - Task exited with return code 1
[2026-07-17T06:06:39.725+0000] {taskinstance.py:3482} INFO - 0 downstream tasks scheduled from follow-on schedule check
[2026-07-17T06:06:39.730+0000] {local_task_job_runner.py:222} INFO - ::endgroup::
