[2026-07-16T11:10:53.968+0000] {local_task_job_runner.py:120} INFO - ::group::Pre task execution logs
[2026-07-16T11:10:54.005+0000] {taskinstance.py:2073} INFO - Dependencies all met for dep_context=non-requeueable deps ti=<TaskInstance: e-commerce_kafka_streaming_pipeline_v1.run_gold scheduled__2026-07-16T10:00:00+00:00 [queued]>
[2026-07-16T11:10:54.013+0000] {taskinstance.py:2073} INFO - Dependencies all met for dep_context=requeueable deps ti=<TaskInstance: e-commerce_kafka_streaming_pipeline_v1.run_gold scheduled__2026-07-16T10:00:00+00:00 [queued]>
[2026-07-16T11:10:54.015+0000] {taskinstance.py:2303} INFO - Starting attempt 1 of 2
[2026-07-16T11:10:54.029+0000] {taskinstance.py:2327} INFO - Executing <Task(BashOperator): run_gold> on 2026-07-16 10:00:00+00:00
[2026-07-16T11:10:54.039+0000] {standard_task_runner.py:90} INFO - Running: ['***', 'tasks', 'run', 'e-commerce_kafka_streaming_pipeline_v1', 'run_gold', 'scheduled__2026-07-16T10:00:00+00:00', '--job-id', '47', '--raw', '--subdir', 'DAGS_FOLDER/sdp_pipeline_dag.py', '--cfg-path', '/tmp/tmpw9_tbr69']
[2026-07-16T11:10:54.043+0000] {standard_task_runner.py:91} INFO - Job 47: Subtask run_gold
[2026-07-16T11:10:54.046+0000] {logging_mixin.py:188} WARNING - /home/***/.local/lib/python3.12/site-packages/***/task/task_runner/standard_task_runner.py:61 DeprecationWarning: This process (pid=1589) is multi-threaded, use of fork() may lead to deadlocks in the child.
[2026-07-16T11:10:54.048+0000] {standard_task_runner.py:63} INFO - Started process 1590 to run task
[2026-07-16T11:10:54.098+0000] {task_command.py:426} INFO - Running <TaskInstance: e-commerce_kafka_streaming_pipeline_v1.run_gold scheduled__2026-07-16T10:00:00+00:00 [running]> on host da27550080bf
[2026-07-16T11:10:54.173+0000] {taskinstance.py:2644} INFO - Exporting env vars: AIRFLOW_CTX_DAG_OWNER='dev' AIRFLOW_CTX_DAG_ID='e-commerce_kafka_streaming_pipeline_v1' AIRFLOW_CTX_TASK_ID='run_gold' AIRFLOW_CTX_EXECUTION_DATE='2026-07-16T10:00:00+00:00' AIRFLOW_CTX_TRY_NUMBER='1' AIRFLOW_CTX_DAG_RUN_ID='scheduled__2026-07-16T10:00:00+00:00'
[2026-07-16T11:10:54.175+0000] {taskinstance.py:430} INFO - ::endgroup::
[2026-07-16T11:10:54.189+0000] {subprocess.py:63} INFO - Tmp dir root location: /tmp
[2026-07-16T11:10:54.191+0000] {subprocess.py:75} INFO - Running command: ['/usr/bin/bash', '-c', 'docker run --rm --network streaming_kafka_project_sdp-net --volume /d/Streaming_kafka_project/pipelines:/opt/pipelines --volume /d/Streaming_kafka_project/data:/opt/data --volume /d/Streaming_kafka_project/checkpoints:/opt/checkpoints --volume /d/Streaming_kafka_project/jars:/opt/jars apache/spark:3.5.1 /opt/spark/bin/spark-submit --master spark://sdp-spark-master:7077 --executor-cores 1 --executor-memory 512m --total-executor-cores 3 --jars /opt/jars/delta-spark_2.12-3.2.0.jar,/opt/jars/delta-storage-3.2.0.jar,/opt/jars/spark-sql-kafka-0-10_2.12-3.5.1.jar,/opt/jars/kafka-clients-3.4.1.jar,/opt/jars/spark-token-provider-kafka-0-10_2.12-3.5.1.jar,/opt/jars/commons-pool2-2.11.1.jar --conf spark.sql.extensions=io.delta.sql.DeltaSparkSessionExtension --conf spark.sql.catalog.spark_catalog=org.apache.spark.sql.delta.catalog.DeltaCatalog  /opt/pipelines/gold_runner.py']
[2026-07-16T11:10:54.200+0000] {subprocess.py:86} INFO - Output:
[2026-07-16T11:10:56.063+0000] {subprocess.py:93} INFO - 26/07/16 11:10:56 WARN NativeCodeLoader: Unable to load native-hadoop library for your platform... using builtin-java classes where applicable
[2026-07-16T11:10:56.688+0000] {subprocess.py:93} INFO - 26/07/16 11:10:56 INFO SparkContext: Running Spark version 3.5.1
[2026-07-16T11:10:56.689+0000] {subprocess.py:93} INFO - 26/07/16 11:10:56 INFO SparkContext: OS info Linux, 6.18.33.2-microsoft-standard-WSL2, amd64
[2026-07-16T11:10:56.690+0000] {subprocess.py:93} INFO - 26/07/16 11:10:56 INFO SparkContext: Java version 11.0.22
[2026-07-16T11:10:56.716+0000] {subprocess.py:93} INFO - 26/07/16 11:10:56 INFO ResourceUtils: ==============================================================
[2026-07-16T11:10:56.717+0000] {subprocess.py:93} INFO - 26/07/16 11:10:56 INFO ResourceUtils: No custom resources configured for spark.driver.
[2026-07-16T11:10:56.718+0000] {subprocess.py:93} INFO - 26/07/16 11:10:56 INFO ResourceUtils: ==============================================================
[2026-07-16T11:10:56.719+0000] {subprocess.py:93} INFO - 26/07/16 11:10:56 INFO SparkContext: Submitted application: SDP-Gold
[2026-07-16T11:10:56.739+0000] {subprocess.py:93} INFO - 26/07/16 11:10:56 INFO ResourceProfile: Default ResourceProfile created, executor resources: Map(cores -> name: cores, amount: 1, script: , vendor: , memory -> name: memory, amount: 512, script: , vendor: , offHeap -> name: offHeap, amount: 0, script: , vendor: ), task resources: Map(cpus -> name: cpus, amount: 1.0)
[2026-07-16T11:10:56.750+0000] {subprocess.py:93} INFO - 26/07/16 11:10:56 INFO ResourceProfile: Limiting resource is cpus at 1 tasks per executor
[2026-07-16T11:10:56.752+0000] {subprocess.py:93} INFO - 26/07/16 11:10:56 INFO ResourceProfileManager: Added ResourceProfile id: 0
[2026-07-16T11:10:56.803+0000] {subprocess.py:93} INFO - 26/07/16 11:10:56 INFO SecurityManager: Changing view acls to: spark
[2026-07-16T11:10:56.805+0000] {subprocess.py:93} INFO - 26/07/16 11:10:56 INFO SecurityManager: Changing modify acls to: spark
[2026-07-16T11:10:56.805+0000] {subprocess.py:93} INFO - 26/07/16 11:10:56 INFO SecurityManager: Changing view acls groups to:
[2026-07-16T11:10:56.806+0000] {subprocess.py:93} INFO - 26/07/16 11:10:56 INFO SecurityManager: Changing modify acls groups to:
[2026-07-16T11:10:56.807+0000] {subprocess.py:93} INFO - 26/07/16 11:10:56 INFO SecurityManager: SecurityManager: authentication disabled; ui acls disabled; users with view permissions: spark; groups with view permissions: EMPTY; users with modify permissions: spark; groups with modify permissions: EMPTY
[2026-07-16T11:10:57.002+0000] {subprocess.py:93} INFO - 26/07/16 11:10:57 INFO Utils: Successfully started service 'sparkDriver' on port 43481.
[2026-07-16T11:10:57.037+0000] {subprocess.py:93} INFO - 26/07/16 11:10:57 INFO SparkEnv: Registering MapOutputTracker
[2026-07-16T11:10:57.075+0000] {subprocess.py:93} INFO - 26/07/16 11:10:57 INFO SparkEnv: Registering BlockManagerMaster
[2026-07-16T11:10:57.091+0000] {subprocess.py:93} INFO - 26/07/16 11:10:57 INFO BlockManagerMasterEndpoint: Using org.apache.spark.storage.DefaultTopologyMapper for getting topology information
[2026-07-16T11:10:57.093+0000] {subprocess.py:93} INFO - 26/07/16 11:10:57 INFO BlockManagerMasterEndpoint: BlockManagerMasterEndpoint up
[2026-07-16T11:10:57.096+0000] {subprocess.py:93} INFO - 26/07/16 11:10:57 INFO SparkEnv: Registering BlockManagerMasterHeartbeat
[2026-07-16T11:10:57.115+0000] {subprocess.py:93} INFO - 26/07/16 11:10:57 INFO DiskBlockManager: Created local directory at /tmp/blockmgr-9c16490d-fe83-4c57-b111-5535e90745c1
[2026-07-16T11:10:57.127+0000] {subprocess.py:93} INFO - 26/07/16 11:10:57 INFO MemoryStore: MemoryStore started with capacity 434.4 MiB
[2026-07-16T11:10:57.142+0000] {subprocess.py:93} INFO - 26/07/16 11:10:57 INFO SparkEnv: Registering OutputCommitCoordinator
[2026-07-16T11:10:57.273+0000] {subprocess.py:93} INFO - 26/07/16 11:10:57 INFO JettyUtils: Start Jetty 0.0.0.0:4040 for SparkUI
[2026-07-16T11:10:57.334+0000] {subprocess.py:93} INFO - 26/07/16 11:10:57 INFO Utils: Successfully started service 'SparkUI' on port 4040.
[2026-07-16T11:10:57.366+0000] {subprocess.py:93} INFO - 26/07/16 11:10:57 INFO SparkContext: Added JAR file:///opt/jars/delta-spark_2.12-3.2.0.jar at spark://7f9b427f7922:43481/jars/delta-spark_2.12-3.2.0.jar with timestamp 1784200256679
[2026-07-16T11:10:57.367+0000] {subprocess.py:93} INFO - 26/07/16 11:10:57 INFO SparkContext: Added JAR file:///opt/jars/delta-storage-3.2.0.jar at spark://7f9b427f7922:43481/jars/delta-storage-3.2.0.jar with timestamp 1784200256679
[2026-07-16T11:10:57.368+0000] {subprocess.py:93} INFO - 26/07/16 11:10:57 INFO SparkContext: Added JAR file:///opt/jars/spark-sql-kafka-0-10_2.12-3.5.1.jar at spark://7f9b427f7922:43481/jars/spark-sql-kafka-0-10_2.12-3.5.1.jar with timestamp 1784200256679
[2026-07-16T11:10:57.369+0000] {subprocess.py:93} INFO - 26/07/16 11:10:57 INFO SparkContext: Added JAR file:///opt/jars/kafka-clients-3.4.1.jar at spark://7f9b427f7922:43481/jars/kafka-clients-3.4.1.jar with timestamp 1784200256679
[2026-07-16T11:10:57.370+0000] {subprocess.py:93} INFO - 26/07/16 11:10:57 INFO SparkContext: Added JAR file:///opt/jars/spark-token-provider-kafka-0-10_2.12-3.5.1.jar at spark://7f9b427f7922:43481/jars/spark-token-provider-kafka-0-10_2.12-3.5.1.jar with timestamp 1784200256679
[2026-07-16T11:10:57.371+0000] {subprocess.py:93} INFO - 26/07/16 11:10:57 INFO SparkContext: Added JAR file:///opt/jars/commons-pool2-2.11.1.jar at spark://7f9b427f7922:43481/jars/commons-pool2-2.11.1.jar with timestamp 1784200256679
[2026-07-16T11:10:57.437+0000] {subprocess.py:93} INFO - 26/07/16 11:10:57 INFO StandaloneAppClient$ClientEndpoint: Connecting to master spark://sdp-spark-master:7077...
[2026-07-16T11:10:57.477+0000] {subprocess.py:93} INFO - 26/07/16 11:10:57 INFO TransportClientFactory: Successfully created connection to sdp-spark-master/172.18.0.4:7077 after 22 ms (0 ms spent in bootstraps)
[2026-07-16T11:10:57.556+0000] {subprocess.py:93} INFO - 26/07/16 11:10:57 INFO StandaloneSchedulerBackend: Connected to Spark cluster with app ID app-20260716111057-0020
[2026-07-16T11:10:57.559+0000] {subprocess.py:93} INFO - 26/07/16 11:10:57 INFO StandaloneAppClient$ClientEndpoint: Executor added: app-20260716111057-0020/0 on worker-20260716063602-172.18.0.5-44367 (172.18.0.5:44367) with 1 core(s)
[2026-07-16T11:10:57.563+0000] {subprocess.py:93} INFO - 26/07/16 11:10:57 INFO StandaloneSchedulerBackend: Granted executor ID app-20260716111057-0020/0 on hostPort 172.18.0.5:44367 with 1 core(s), 512.0 MiB RAM
[2026-07-16T11:10:57.565+0000] {subprocess.py:93} INFO - 26/07/16 11:10:57 INFO StandaloneAppClient$ClientEndpoint: Executor added: app-20260716111057-0020/1 on worker-20260716063602-172.18.0.5-44367 (172.18.0.5:44367) with 1 core(s)
[2026-07-16T11:10:57.566+0000] {subprocess.py:93} INFO - 26/07/16 11:10:57 INFO StandaloneSchedulerBackend: Granted executor ID app-20260716111057-0020/1 on hostPort 172.18.0.5:44367 with 1 core(s), 512.0 MiB RAM
[2026-07-16T11:10:57.568+0000] {subprocess.py:93} INFO - 26/07/16 11:10:57 INFO StandaloneAppClient$ClientEndpoint: Executor added: app-20260716111057-0020/2 on worker-20260716063602-172.18.0.6-33249 (172.18.0.6:33249) with 1 core(s)
[2026-07-16T11:10:57.569+0000] {subprocess.py:93} INFO - 26/07/16 11:10:57 INFO StandaloneSchedulerBackend: Granted executor ID app-20260716111057-0020/2 on hostPort 172.18.0.6:33249 with 1 core(s), 512.0 MiB RAM
[2026-07-16T11:10:57.574+0000] {subprocess.py:93} INFO - 26/07/16 11:10:57 INFO Utils: Successfully started service 'org.apache.spark.network.netty.NettyBlockTransferService' on port 41387.
[2026-07-16T11:10:57.576+0000] {subprocess.py:93} INFO - 26/07/16 11:10:57 INFO NettyBlockTransferService: Server created on 7f9b427f7922:41387
[2026-07-16T11:10:57.578+0000] {subprocess.py:93} INFO - 26/07/16 11:10:57 INFO BlockManager: Using org.apache.spark.storage.RandomBlockReplicationPolicy for block replication policy
[2026-07-16T11:10:57.585+0000] {subprocess.py:93} INFO - 26/07/16 11:10:57 INFO BlockManagerMaster: Registering BlockManager BlockManagerId(driver, 7f9b427f7922, 41387, None)
[2026-07-16T11:10:57.590+0000] {subprocess.py:93} INFO - 26/07/16 11:10:57 INFO BlockManagerMasterEndpoint: Registering block manager 7f9b427f7922:41387 with 434.4 MiB RAM, BlockManagerId(driver, 7f9b427f7922, 41387, None)
[2026-07-16T11:10:57.594+0000] {subprocess.py:93} INFO - 26/07/16 11:10:57 INFO BlockManagerMaster: Registered BlockManager BlockManagerId(driver, 7f9b427f7922, 41387, None)
[2026-07-16T11:10:57.596+0000] {subprocess.py:93} INFO - 26/07/16 11:10:57 INFO BlockManager: Initialized BlockManager: BlockManagerId(driver, 7f9b427f7922, 41387, None)
[2026-07-16T11:10:57.657+0000] {subprocess.py:93} INFO - 26/07/16 11:10:57 INFO StandaloneAppClient$ClientEndpoint: Executor updated: app-20260716111057-0020/2 is now RUNNING
[2026-07-16T11:10:57.660+0000] {subprocess.py:93} INFO - 26/07/16 11:10:57 INFO StandaloneAppClient$ClientEndpoint: Executor updated: app-20260716111057-0020/1 is now RUNNING
[2026-07-16T11:10:57.671+0000] {subprocess.py:93} INFO - 26/07/16 11:10:57 INFO StandaloneAppClient$ClientEndpoint: Executor updated: app-20260716111057-0020/0 is now RUNNING
[2026-07-16T11:10:57.968+0000] {subprocess.py:93} INFO - 26/07/16 11:10:57 INFO StandaloneSchedulerBackend: SchedulerBackend is ready for scheduling beginning after reached minRegisteredResourcesRatio: 0.0
[2026-07-16T11:11:12.638+0000] {subprocess.py:93} INFO - 26/07/16 11:11:12 WARN SparkStringUtils: Truncated the string representation of a plan since it was too large. This behavior can be adjusted by setting 'spark.sql.debug.maxToStringFields'.
[2026-07-16T11:11:44.843+0000] {subprocess.py:93} INFO - Gold table written: /opt/data/gold/daily_sales  (4 rows)
[2026-07-16T11:11:53.506+0000] {subprocess.py:93} INFO - Gold table written: /opt/data/gold/product_performance  (10 rows)
[2026-07-16T11:12:05.855+0000] {subprocess.py:93} INFO - Gold table written: /opt/data/gold/customer_orders  (5 rows)
[2026-07-16T11:12:05.857+0000] {subprocess.py:93} INFO - 
[2026-07-16T11:12:05.858+0000] {subprocess.py:93} INFO - Gold pipeline complete.
[2026-07-16T11:12:06.500+0000] {subprocess.py:97} INFO - Command exited with return code 0
[2026-07-16T11:12:06.503+0000] {taskinstance.py:441} INFO - ::group::Post task execution logs
[2026-07-16T11:12:06.534+0000] {taskinstance.py:1205} INFO - Marking task as SUCCESS. dag_id=e-commerce_kafka_streaming_pipeline_v1, task_id=run_gold, execution_date=20260716T100000, start_date=20260716T111054, end_date=20260716T111206
[2026-07-16T11:12:06.559+0000] {local_task_job_runner.py:240} INFO - Task exited with return code 0
[2026-07-16T11:12:06.577+0000] {taskinstance.py:3482} INFO - 1 downstream tasks scheduled from follow-on schedule check
[2026-07-16T11:12:06.580+0000] {local_task_job_runner.py:222} INFO - ::endgroup::
