[2026-06-17T04:05:09.487+0000] {local_task_job_runner.py:120} INFO - ::group::Pre task execution logs
[2026-06-17T04:05:09.563+0000] {taskinstance.py:2073} INFO - Dependencies all met for dep_context=non-requeueable deps ti=<TaskInstance: e-commerce_kafka_streaming_pipeline_v10.run_bronze scheduled__2026-06-17T03:00:00+00:00 [queued]>
[2026-06-17T04:05:09.581+0000] {taskinstance.py:2073} INFO - Dependencies all met for dep_context=requeueable deps ti=<TaskInstance: e-commerce_kafka_streaming_pipeline_v10.run_bronze scheduled__2026-06-17T03:00:00+00:00 [queued]>
[2026-06-17T04:05:09.582+0000] {taskinstance.py:2303} INFO - Starting attempt 1 of 2
[2026-06-17T04:05:09.608+0000] {taskinstance.py:2327} INFO - Executing <Task(BashOperator): run_bronze> on 2026-06-17 03:00:00+00:00
[2026-06-17T04:05:09.625+0000] {standard_task_runner.py:90} INFO - Running: ['***', 'tasks', 'run', 'e-commerce_kafka_streaming_pipeline_v10', 'run_bronze', 'scheduled__2026-06-17T03:00:00+00:00', '--job-id', '40', '--raw', '--subdir', 'DAGS_FOLDER/sdp_pipeline_dag.py', '--cfg-path', '/tmp/tmprjpjtv9k']
[2026-06-17T04:05:09.633+0000] {standard_task_runner.py:91} INFO - Job 40: Subtask run_bronze
[2026-06-17T04:05:09.633+0000] {logging_mixin.py:188} WARNING - /home/***/.local/lib/python3.12/site-packages/***/task/task_runner/standard_task_runner.py:61 DeprecationWarning: This process (pid=2182) is multi-threaded, use of fork() may lead to deadlocks in the child.
[2026-06-17T04:05:09.635+0000] {standard_task_runner.py:63} INFO - Started process 2183 to run task
[2026-06-17T04:05:09.750+0000] {task_command.py:426} INFO - Running <TaskInstance: e-commerce_kafka_streaming_pipeline_v10.run_bronze scheduled__2026-06-17T03:00:00+00:00 [running]> on host c5880b5b3b6f
[2026-06-17T04:05:09.924+0000] {taskinstance.py:2644} INFO - Exporting env vars: AIRFLOW_CTX_DAG_OWNER='dev' AIRFLOW_CTX_DAG_ID='e-commerce_kafka_streaming_pipeline_v10' AIRFLOW_CTX_TASK_ID='run_bronze' AIRFLOW_CTX_EXECUTION_DATE='2026-06-17T03:00:00+00:00' AIRFLOW_CTX_TRY_NUMBER='1' AIRFLOW_CTX_DAG_RUN_ID='scheduled__2026-06-17T03:00:00+00:00'
[2026-06-17T04:05:09.925+0000] {taskinstance.py:430} INFO - ::endgroup::
[2026-06-17T04:05:09.956+0000] {subprocess.py:63} INFO - Tmp dir root location: /tmp
[2026-06-17T04:05:09.958+0000] {subprocess.py:75} INFO - Running command: ['/usr/bin/bash', '-c', 'timeout 120s docker run --rm --network streaming_kafka_project_sdp-net --volume /d/Streaming_kafka_project/pipelines:/opt/pipelines --volume /d/Streaming_kafka_project/data:/opt/data --volume /d/Streaming_kafka_project/checkpoints:/opt/checkpoints --volume /d/Streaming_kafka_project/jars:/opt/jars apache/spark:3.5.1 /opt/spark/bin/spark-submit --master spark://sdp-spark-master:7077 --executor-cores 1 --executor-memory 512m --total-executor-cores 3 --jars /opt/jars/delta-spark_2.12-3.2.0.jar,/opt/jars/delta-storage-3.2.0.jar,/opt/jars/spark-sql-kafka-0-10_2.12-3.5.1.jar,/opt/jars/kafka-clients-3.4.1.jar,/opt/jars/spark-token-provider-kafka-0-10_2.12-3.5.1.jar,/opt/jars/commons-pool2-2.11.1.jar --conf spark.sql.extensions=io.delta.sql.DeltaSparkSessionExtension --conf spark.sql.catalog.spark_catalog=org.apache.spark.sql.delta.catalog.DeltaCatalog  /opt/pipelines/bronze_runner.py']
[2026-06-17T04:05:09.974+0000] {subprocess.py:86} INFO - Output:
[2026-06-17T04:05:18.601+0000] {subprocess.py:93} INFO - 26/06/17 04:05:18 WARN NativeCodeLoader: Unable to load native-hadoop library for your platform... using builtin-java classes where applicable
[2026-06-17T04:05:24.047+0000] {subprocess.py:93} INFO - 26/06/17 04:05:24 INFO SparkContext: Running Spark version 3.5.1
[2026-06-17T04:05:24.049+0000] {subprocess.py:93} INFO - 26/06/17 04:05:24 INFO SparkContext: OS info Linux, 6.6.114.1-microsoft-standard-WSL2, amd64
[2026-06-17T04:05:24.051+0000] {subprocess.py:93} INFO - 26/06/17 04:05:24 INFO SparkContext: Java version 11.0.22
[2026-06-17T04:05:24.144+0000] {subprocess.py:93} INFO - 26/06/17 04:05:24 INFO ResourceUtils: ==============================================================
[2026-06-17T04:05:24.146+0000] {subprocess.py:93} INFO - 26/06/17 04:05:24 INFO ResourceUtils: No custom resources configured for spark.driver.
[2026-06-17T04:05:24.149+0000] {subprocess.py:93} INFO - 26/06/17 04:05:24 INFO ResourceUtils: ==============================================================
[2026-06-17T04:05:24.151+0000] {subprocess.py:93} INFO - 26/06/17 04:05:24 INFO SparkContext: Submitted application: SDP-Bronze
[2026-06-17T04:05:24.223+0000] {subprocess.py:93} INFO - 26/06/17 04:05:24 INFO ResourceProfile: Default ResourceProfile created, executor resources: Map(cores -> name: cores, amount: 1, script: , vendor: , memory -> name: memory, amount: 512, script: , vendor: , offHeap -> name: offHeap, amount: 0, script: , vendor: ), task resources: Map(cpus -> name: cpus, amount: 1.0)
[2026-06-17T04:05:24.265+0000] {subprocess.py:93} INFO - 26/06/17 04:05:24 INFO ResourceProfile: Limiting resource is cpus at 1 tasks per executor
[2026-06-17T04:05:24.278+0000] {subprocess.py:93} INFO - 26/06/17 04:05:24 INFO ResourceProfileManager: Added ResourceProfile id: 0
[2026-06-17T04:05:24.517+0000] {subprocess.py:93} INFO - 26/06/17 04:05:24 INFO SecurityManager: Changing view acls to: spark
[2026-06-17T04:05:24.522+0000] {subprocess.py:93} INFO - 26/06/17 04:05:24 INFO SecurityManager: Changing modify acls to: spark
[2026-06-17T04:05:24.527+0000] {subprocess.py:93} INFO - 26/06/17 04:05:24 INFO SecurityManager: Changing view acls groups to:
[2026-06-17T04:05:24.529+0000] {subprocess.py:93} INFO - 26/06/17 04:05:24 INFO SecurityManager: Changing modify acls groups to:
[2026-06-17T04:05:24.543+0000] {subprocess.py:93} INFO - 26/06/17 04:05:24 INFO SecurityManager: SecurityManager: authentication disabled; ui acls disabled; users with view permissions: spark; groups with view permissions: EMPTY; users with modify permissions: spark; groups with modify permissions: EMPTY
[2026-06-17T04:05:25.296+0000] {subprocess.py:93} INFO - 26/06/17 04:05:25 INFO Utils: Successfully started service 'sparkDriver' on port 33891.
[2026-06-17T04:05:25.378+0000] {subprocess.py:93} INFO - 26/06/17 04:05:25 INFO SparkEnv: Registering MapOutputTracker
[2026-06-17T04:05:25.554+0000] {subprocess.py:93} INFO - 26/06/17 04:05:25 INFO SparkEnv: Registering BlockManagerMaster
[2026-06-17T04:05:25.732+0000] {subprocess.py:93} INFO - 26/06/17 04:05:25 INFO BlockManagerMasterEndpoint: Using org.apache.spark.storage.DefaultTopologyMapper for getting topology information
[2026-06-17T04:05:25.739+0000] {subprocess.py:93} INFO - 26/06/17 04:05:25 INFO BlockManagerMasterEndpoint: BlockManagerMasterEndpoint up
[2026-06-17T04:05:25.756+0000] {subprocess.py:93} INFO - 26/06/17 04:05:25 INFO SparkEnv: Registering BlockManagerMasterHeartbeat
[2026-06-17T04:05:26.007+0000] {subprocess.py:93} INFO - 26/06/17 04:05:26 INFO DiskBlockManager: Created local directory at /tmp/blockmgr-ce9ae031-9d67-41ac-bd7a-1114fcbdbd79
[2026-06-17T04:05:26.070+0000] {subprocess.py:93} INFO - 26/06/17 04:05:26 INFO MemoryStore: MemoryStore started with capacity 434.4 MiB
[2026-06-17T04:05:26.128+0000] {subprocess.py:93} INFO - 26/06/17 04:05:26 INFO SparkEnv: Registering OutputCommitCoordinator
[2026-06-17T04:05:26.395+0000] {subprocess.py:93} INFO - 26/06/17 04:05:26 INFO JettyUtils: Start Jetty 0.0.0.0:4040 for SparkUI
[2026-06-17T04:05:26.509+0000] {subprocess.py:93} INFO - 26/06/17 04:05:26 INFO Utils: Successfully started service 'SparkUI' on port 4040.
[2026-06-17T04:05:26.573+0000] {subprocess.py:93} INFO - 26/06/17 04:05:26 INFO SparkContext: Added JAR file:///opt/jars/delta-spark_2.12-3.2.0.jar at spark://01e3f9ead240:33891/jars/delta-spark_2.12-3.2.0.jar with timestamp 1781669124010
[2026-06-17T04:05:26.575+0000] {subprocess.py:93} INFO - 26/06/17 04:05:26 INFO SparkContext: Added JAR file:///opt/jars/delta-storage-3.2.0.jar at spark://01e3f9ead240:33891/jars/delta-storage-3.2.0.jar with timestamp 1781669124010
[2026-06-17T04:05:26.576+0000] {subprocess.py:93} INFO - 26/06/17 04:05:26 INFO SparkContext: Added JAR file:///opt/jars/spark-sql-kafka-0-10_2.12-3.5.1.jar at spark://01e3f9ead240:33891/jars/spark-sql-kafka-0-10_2.12-3.5.1.jar with timestamp 1781669124010
[2026-06-17T04:05:26.579+0000] {subprocess.py:93} INFO - 26/06/17 04:05:26 INFO SparkContext: Added JAR file:///opt/jars/kafka-clients-3.4.1.jar at spark://01e3f9ead240:33891/jars/kafka-clients-3.4.1.jar with timestamp 1781669124010
[2026-06-17T04:05:26.581+0000] {subprocess.py:93} INFO - 26/06/17 04:05:26 INFO SparkContext: Added JAR file:///opt/jars/spark-token-provider-kafka-0-10_2.12-3.5.1.jar at spark://01e3f9ead240:33891/jars/spark-token-provider-kafka-0-10_2.12-3.5.1.jar with timestamp 1781669124010
[2026-06-17T04:05:26.583+0000] {subprocess.py:93} INFO - 26/06/17 04:05:26 INFO SparkContext: Added JAR file:///opt/jars/commons-pool2-2.11.1.jar at spark://01e3f9ead240:33891/jars/commons-pool2-2.11.1.jar with timestamp 1781669124010
[2026-06-17T04:05:26.740+0000] {subprocess.py:93} INFO - 26/06/17 04:05:26 INFO StandaloneAppClient$ClientEndpoint: Connecting to master spark://sdp-spark-master:7077...
[2026-06-17T04:05:26.821+0000] {subprocess.py:93} INFO - 26/06/17 04:05:26 INFO TransportClientFactory: Successfully created connection to sdp-spark-master/172.18.0.3:7077 after 50 ms (0 ms spent in bootstraps)
[2026-06-17T04:05:26.971+0000] {subprocess.py:93} INFO - 26/06/17 04:05:26 INFO StandaloneSchedulerBackend: Connected to Spark cluster with app ID app-20260617040526-0023
[2026-06-17T04:05:26.987+0000] {subprocess.py:93} INFO - 26/06/17 04:05:26 INFO StandaloneAppClient$ClientEndpoint: Executor added: app-20260617040526-0023/0 on worker-20260616111838-172.18.0.6-45657 (172.18.0.6:45657) with 1 core(s)
[2026-06-17T04:05:27.017+0000] {subprocess.py:93} INFO - 26/06/17 04:05:27 INFO StandaloneSchedulerBackend: Granted executor ID app-20260617040526-0023/0 on hostPort 172.18.0.6:45657 with 1 core(s), 512.0 MiB RAM
[2026-06-17T04:05:27.023+0000] {subprocess.py:93} INFO - 26/06/17 04:05:27 INFO StandaloneAppClient$ClientEndpoint: Executor added: app-20260617040526-0023/1 on worker-20260616111838-172.18.0.6-45657 (172.18.0.6:45657) with 1 core(s)
[2026-06-17T04:05:27.027+0000] {subprocess.py:93} INFO - 26/06/17 04:05:27 INFO StandaloneSchedulerBackend: Granted executor ID app-20260617040526-0023/1 on hostPort 172.18.0.6:45657 with 1 core(s), 512.0 MiB RAM
[2026-06-17T04:05:27.031+0000] {subprocess.py:93} INFO - 26/06/17 04:05:27 INFO StandaloneAppClient$ClientEndpoint: Executor added: app-20260617040526-0023/2 on worker-20260616111838-172.18.0.5-35429 (172.18.0.5:35429) with 1 core(s)
[2026-06-17T04:05:27.035+0000] {subprocess.py:93} INFO - 26/06/17 04:05:27 INFO StandaloneSchedulerBackend: Granted executor ID app-20260617040526-0023/2 on hostPort 172.18.0.5:35429 with 1 core(s), 512.0 MiB RAM
[2026-06-17T04:05:27.085+0000] {subprocess.py:93} INFO - 26/06/17 04:05:27 INFO Utils: Successfully started service 'org.apache.spark.network.netty.NettyBlockTransferService' on port 46573.
[2026-06-17T04:05:27.087+0000] {subprocess.py:93} INFO - 26/06/17 04:05:27 INFO NettyBlockTransferService: Server created on 01e3f9ead240:46573
[2026-06-17T04:05:27.097+0000] {subprocess.py:93} INFO - 26/06/17 04:05:27 INFO BlockManager: Using org.apache.spark.storage.RandomBlockReplicationPolicy for block replication policy
[2026-06-17T04:05:27.199+0000] {subprocess.py:93} INFO - 26/06/17 04:05:27 INFO BlockManagerMaster: Registering BlockManager BlockManagerId(driver, 01e3f9ead240, 46573, None)
[2026-06-17T04:05:27.208+0000] {subprocess.py:93} INFO - 26/06/17 04:05:27 INFO StandaloneAppClient$ClientEndpoint: Executor updated: app-20260617040526-0023/0 is now RUNNING
[2026-06-17T04:05:27.211+0000] {subprocess.py:93} INFO - 26/06/17 04:05:27 INFO StandaloneAppClient$ClientEndpoint: Executor updated: app-20260617040526-0023/2 is now RUNNING
[2026-06-17T04:05:27.212+0000] {subprocess.py:93} INFO - 26/06/17 04:05:27 INFO StandaloneAppClient$ClientEndpoint: Executor updated: app-20260617040526-0023/1 is now RUNNING
[2026-06-17T04:05:27.227+0000] {subprocess.py:93} INFO - 26/06/17 04:05:27 INFO BlockManagerMasterEndpoint: Registering block manager 01e3f9ead240:46573 with 434.4 MiB RAM, BlockManagerId(driver, 01e3f9ead240, 46573, None)
[2026-06-17T04:05:27.243+0000] {subprocess.py:93} INFO - 26/06/17 04:05:27 INFO BlockManagerMaster: Registered BlockManager BlockManagerId(driver, 01e3f9ead240, 46573, None)
[2026-06-17T04:05:27.256+0000] {subprocess.py:93} INFO - 26/06/17 04:05:27 INFO BlockManager: Initialized BlockManager: BlockManagerId(driver, 01e3f9ead240, 46573, None)
[2026-06-17T04:05:28.304+0000] {subprocess.py:93} INFO - 26/06/17 04:05:28 INFO StandaloneSchedulerBackend: SchedulerBackend is ready for scheduling beginning after reached minRegisteredResourcesRatio: 0.0
[2026-06-17T04:05:29.530+0000] {subprocess.py:93} INFO - Starting stream: orders -> /opt/data/bronze/orders
[2026-06-17T04:06:01.320+0000] {subprocess.py:93} INFO - 26/06/17 04:06:01 WARN ResolveWriteToStream: spark.sql.adaptive.enabled is not supported in streaming DataFrames/Datasets and will be disabled.
[2026-06-17T04:06:01.710+0000] {subprocess.py:93} INFO - Starting stream: customers -> /opt/data/bronze/customers
[2026-06-17T04:06:05.709+0000] {subprocess.py:93} INFO - 26/06/17 04:06:05 WARN ResolveWriteToStream: spark.sql.adaptive.enabled is not supported in streaming DataFrames/Datasets and will be disabled.
[2026-06-17T04:06:05.937+0000] {subprocess.py:93} INFO - Starting stream: products -> /opt/data/bronze/products
[2026-06-17T04:06:09.848+0000] {subprocess.py:93} INFO - 26/06/17 04:06:09 WARN ResolveWriteToStream: spark.sql.adaptive.enabled is not supported in streaming DataFrames/Datasets and will be disabled.
[2026-06-17T04:06:11.407+0000] {subprocess.py:93} INFO - 26/06/17 04:06:11 WARN SparkStringUtils: Truncated the string representation of a plan since it was too large. This behavior can be adjusted by setting 'spark.sql.debug.maxToStringFields'.
[2026-06-17T04:06:55.047+0000] {subprocess.py:93} INFO - 26/06/17 04:06:55 WARN AdminClientConfig: These configurations '[key.deserializer, value.deserializer, enable.auto.commit, max.poll.records, auto.offset.reset]' were supplied but are not used yet.
[2026-06-17T04:07:10.261+0000] {subprocess.py:93} INFO - 26/06/17 04:07:10 ERROR DeltaFileFormatWriter: Aborting job 4a68043f-b38a-4aba-b5df-21e8737cbe75.
[2026-06-17T04:07:10.263+0000] {subprocess.py:93} INFO - org.apache.spark.SparkException: Job 7 cancelled because SparkContext was shut down
[2026-06-17T04:07:10.270+0000] {subprocess.py:93} INFO - 	at org.apache.spark.scheduler.DAGScheduler.$anonfun$cleanUpAfterSchedulerStop$1(DAGScheduler.scala:1253)
[2026-06-17T04:07:10.272+0000] {subprocess.py:93} INFO - 	at org.apache.spark.scheduler.DAGScheduler.$anonfun$cleanUpAfterSchedulerStop$1$adapted(DAGScheduler.scala:1251)
[2026-06-17T04:07:10.273+0000] {subprocess.py:93} INFO - 	at scala.collection.mutable.HashSet.foreach(HashSet.scala:79)
[2026-06-17T04:07:10.276+0000] {subprocess.py:93} INFO - 	at org.apache.spark.scheduler.DAGScheduler.cleanUpAfterSchedulerStop(DAGScheduler.scala:1251)
[2026-06-17T04:07:10.279+0000] {subprocess.py:93} INFO - 	at org.apache.spark.scheduler.DAGSchedulerEventProcessLoop.onStop(DAGScheduler.scala:3087)
[2026-06-17T04:07:10.283+0000] {subprocess.py:93} INFO - 	at org.apache.spark.util.EventLoop.stop(EventLoop.scala:84)
[2026-06-17T04:07:10.286+0000] {subprocess.py:93} INFO - 	at org.apache.spark.scheduler.DAGScheduler.$anonfun$stop$3(DAGScheduler.scala:2973)
[2026-06-17T04:07:10.288+0000] {subprocess.py:93} INFO - 	at org.apache.spark.util.Utils$.tryLogNonFatalError(Utils.scala:1375)
[2026-06-17T04:07:10.294+0000] {subprocess.py:93} INFO - 	at org.apache.spark.scheduler.DAGScheduler.stop(DAGScheduler.scala:2973)
[2026-06-17T04:07:10.296+0000] {subprocess.py:93} INFO - 	at org.apache.spark.SparkContext.$anonfun$stop$12(SparkContext.scala:2263)
[2026-06-17T04:07:10.299+0000] {subprocess.py:93} INFO - 	at org.apache.spark.util.Utils$.tryLogNonFatalError(Utils.scala:1375)
[2026-06-17T04:07:10.304+0000] {subprocess.py:93} INFO - 	at org.apache.spark.SparkContext.stop(SparkContext.scala:2263)
[2026-06-17T04:07:10.305+0000] {subprocess.py:93} INFO - 	at org.apache.spark.SparkContext.stop(SparkContext.scala:2216)
[2026-06-17T04:07:10.307+0000] {subprocess.py:93} INFO - 	at org.apache.spark.SparkContext.$anonfun$new$34(SparkContext.scala:686)
[2026-06-17T04:07:10.310+0000] {subprocess.py:93} INFO - 	at org.apache.spark.util.SparkShutdownHook.run(ShutdownHookManager.scala:214)
[2026-06-17T04:07:10.313+0000] {subprocess.py:93} INFO - 	at org.apache.spark.util.SparkShutdownHookManager.$anonfun$runAll$2(ShutdownHookManager.scala:188)
[2026-06-17T04:07:10.314+0000] {subprocess.py:93} INFO - 	at scala.runtime.java8.JFunction0$mcV$sp.apply(JFunction0$mcV$sp.java:23)
[2026-06-17T04:07:10.322+0000] {subprocess.py:93} INFO - 	at org.apache.spark.util.Utils$.logUncaughtExceptions(Utils.scala:1928)
[2026-06-17T04:07:10.327+0000] {subprocess.py:93} INFO - 	at org.apache.spark.util.SparkShutdownHookManager.$anonfun$runAll$1(ShutdownHookManager.scala:188)
[2026-06-17T04:07:10.328+0000] {subprocess.py:93} INFO - 	at scala.runtime.java8.JFunction0$mcV$sp.apply(JFunction0$mcV$sp.java:23)
[2026-06-17T04:07:10.329+0000] {subprocess.py:93} INFO - 	at scala.util.Try$.apply(Try.scala:213)
[2026-06-17T04:07:10.330+0000] {subprocess.py:93} INFO - 	at org.apache.spark.util.SparkShutdownHookManager.runAll(ShutdownHookManager.scala:188)
[2026-06-17T04:07:10.335+0000] {subprocess.py:93} INFO - 	at org.apache.spark.util.SparkShutdownHookManager$$anon$2.run(ShutdownHookManager.scala:178)
[2026-06-17T04:07:10.336+0000] {subprocess.py:93} INFO - 	at java.base/java.util.concurrent.Executors$RunnableAdapter.call(Unknown Source)
[2026-06-17T04:07:10.339+0000] {subprocess.py:93} INFO - 	at java.base/java.util.concurrent.FutureTask.run(Unknown Source)
[2026-06-17T04:07:10.340+0000] {subprocess.py:93} INFO - 	at java.base/java.util.concurrent.ThreadPoolExecutor.runWorker(Unknown Source)
[2026-06-17T04:07:10.341+0000] {subprocess.py:93} INFO - 	at java.base/java.util.concurrent.ThreadPoolExecutor$Worker.run(Unknown Source)
[2026-06-17T04:07:10.342+0000] {subprocess.py:93} INFO - 	at java.base/java.lang.Thread.run(Unknown Source)
[2026-06-17T04:07:10.343+0000] {subprocess.py:93} INFO - 	at org.apache.spark.scheduler.DAGScheduler.runJob(DAGScheduler.scala:989)
[2026-06-17T04:07:10.344+0000] {subprocess.py:93} INFO - 	at org.apache.spark.SparkContext.runJob(SparkContext.scala:2398)
[2026-06-17T04:07:10.347+0000] {subprocess.py:93} INFO - 	at org.apache.spark.sql.delta.files.DeltaFileFormatWriter$.$anonfun$executeWrite$1(DeltaFileFormatWriter.scala:263)
[2026-06-17T04:07:10.348+0000] {subprocess.py:93} INFO - 	at org.apache.spark.sql.delta.files.DeltaFileFormatWriter$.writeAndCommit(DeltaFileFormatWriter.scala:295)
[2026-06-17T04:07:10.351+0000] {subprocess.py:93} INFO - 	at org.apache.spark.sql.delta.files.DeltaFileFormatWriter$.executeWrite(DeltaFileFormatWriter.scala:234)
[2026-06-17T04:07:10.354+0000] {subprocess.py:93} INFO - 	at org.apache.spark.sql.delta.files.DeltaFileFormatWriter$.write(DeltaFileFormatWriter.scala:214)
[2026-06-17T04:07:10.355+0000] {subprocess.py:93} INFO - 	at org.apache.spark.sql.delta.files.TransactionalWrite.$anonfun$writeFiles$1(TransactionalWrite.scala:440)
[2026-06-17T04:07:10.356+0000] {subprocess.py:93} INFO - 	at org.apache.spark.sql.execution.SQLExecution$.$anonfun$withNewExecutionId$6(SQLExecution.scala:125)
[2026-06-17T04:07:10.359+0000] {subprocess.py:93} INFO - 	at org.apache.spark.sql.execution.SQLExecution$.withSQLConfPropagated(SQLExecution.scala:201)
[2026-06-17T04:07:10.360+0000] {subprocess.py:93} INFO - 	at org.apache.spark.sql.execution.SQLExecution$.$anonfun$withNewExecutionId$1(SQLExecution.scala:108)
[2026-06-17T04:07:10.361+0000] {subprocess.py:93} INFO - 	at org.apache.spark.sql.SparkSession.withActive(SparkSession.scala:900)
[2026-06-17T04:07:10.362+0000] {subprocess.py:93} INFO - 	at org.apache.spark.sql.execution.SQLExecution$.withNewExecutionId(SQLExecution.scala:66)
[2026-06-17T04:07:10.365+0000] {subprocess.py:93} INFO - 	at org.apache.spark.sql.delta.files.TransactionalWrite.writeFiles(TransactionalWrite.scala:398)
[2026-06-17T04:07:10.367+0000] {subprocess.py:93} INFO - 	at org.apache.spark.sql.delta.files.TransactionalWrite.writeFiles$(TransactionalWrite.scala:371)
[2026-06-17T04:07:10.368+0000] {subprocess.py:93} INFO - 	at org.apache.spark.sql.delta.OptimisticTransaction.writeFiles(OptimisticTransaction.scala:147)
[2026-06-17T04:07:10.370+0000] {subprocess.py:93} INFO - 	at org.apache.spark.sql.delta.files.TransactionalWrite.writeFiles(TransactionalWrite.scala:246)
[2026-06-17T04:07:10.371+0000] {subprocess.py:93} INFO - 	at org.apache.spark.sql.delta.files.TransactionalWrite.writeFiles$(TransactionalWrite.scala:242)
[2026-06-17T04:07:10.372+0000] {subprocess.py:93} INFO - 	at org.apache.spark.sql.delta.OptimisticTransaction.writeFiles(OptimisticTransaction.scala:147)
[2026-06-17T04:07:10.373+0000] {subprocess.py:93} INFO - 	at org.apache.spark.sql.delta.files.TransactionalWrite.writeFiles(TransactionalWrite.scala:235)
[2026-06-17T04:07:10.374+0000] {subprocess.py:93} INFO - 	at org.apache.spark.sql.delta.files.TransactionalWrite.writeFiles$(TransactionalWrite.scala:232)
[2026-06-17T04:07:10.375+0000] {subprocess.py:93} INFO - 	at org.apache.spark.sql.delta.OptimisticTransaction.writeFiles(OptimisticTransaction.scala:147)
[2026-06-17T04:07:10.376+0000] {subprocess.py:93} INFO - 	at org.apache.spark.sql.delta.sources.DeltaSink.$anonfun$addBatchWithStatusImpl$4(DeltaSink.scala:139)
[2026-06-17T04:07:10.377+0000] {subprocess.py:93} INFO - 	at org.apache.spark.util.Utils$.timeTakenMs(Utils.scala:552)
[2026-06-17T04:07:10.378+0000] {subprocess.py:93} INFO - 	at org.apache.spark.sql.delta.sources.DeltaSink.addBatchWithStatusImpl(DeltaSink.scala:139)
[2026-06-17T04:07:10.379+0000] {subprocess.py:93} INFO - 	at org.apache.spark.sql.delta.sources.DeltaSink.addBatch(DeltaSink.scala:97)
[2026-06-17T04:07:10.379+0000] {subprocess.py:93} INFO - 	at org.apache.spark.sql.execution.streaming.MicroBatchExecution.$anonfun$runBatch$17(MicroBatchExecution.scala:732)
[2026-06-17T04:07:10.380+0000] {subprocess.py:93} INFO - 	at org.apache.spark.sql.execution.SQLExecution$.$anonfun$withNewExecutionId$6(SQLExecution.scala:125)
[2026-06-17T04:07:10.381+0000] {subprocess.py:93} INFO - 	at org.apache.spark.sql.execution.SQLExecution$.withSQLConfPropagated(SQLExecution.scala:201)
[2026-06-17T04:07:10.383+0000] {subprocess.py:93} INFO - 	at org.apache.spark.sql.execution.SQLExecution$.$anonfun$withNewExecutionId$1(SQLExecution.scala:108)
[2026-06-17T04:07:10.384+0000] {subprocess.py:93} INFO - 	at org.apache.spark.sql.SparkSession.withActive(SparkSession.scala:900)
[2026-06-17T04:07:10.385+0000] {subprocess.py:93} INFO - 	at org.apache.spark.sql.execution.SQLExecution$.withNewExecutionId(SQLExecution.scala:66)
[2026-06-17T04:07:10.386+0000] {subprocess.py:93} INFO - 	at org.apache.spark.sql.execution.streaming.MicroBatchExecution.$anonfun$runBatch$16(MicroBatchExecution.scala:729)
[2026-06-17T04:07:10.387+0000] {subprocess.py:93} INFO - 	at org.apache.spark.sql.execution.streaming.ProgressReporter.reportTimeTaken(ProgressReporter.scala:427)
[2026-06-17T04:07:10.388+0000] {subprocess.py:93} INFO - 	at org.apache.spark.sql.execution.streaming.ProgressReporter.reportTimeTaken$(ProgressReporter.scala:425)
[2026-06-17T04:07:10.389+0000] {subprocess.py:93} INFO - 	at org.apache.spark.sql.execution.streaming.StreamExecution.reportTimeTaken(StreamExecution.scala:67)
[2026-06-17T04:07:10.389+0000] {subprocess.py:93} INFO - 	at org.apache.spark.sql.execution.streaming.MicroBatchExecution.runBatch(MicroBatchExecution.scala:729)
[2026-06-17T04:07:10.390+0000] {subprocess.py:93} INFO - 	at org.apache.spark.sql.execution.streaming.MicroBatchExecution.$anonfun$runActivatedStream$2(MicroBatchExecution.scala:286)
[2026-06-17T04:07:10.392+0000] {subprocess.py:93} INFO - 	at scala.runtime.java8.JFunction0$mcV$sp.apply(JFunction0$mcV$sp.java:23)
[2026-06-17T04:07:10.393+0000] {subprocess.py:93} INFO - 	at org.apache.spark.sql.execution.streaming.ProgressReporter.reportTimeTaken(ProgressReporter.scala:427)
[2026-06-17T04:07:10.394+0000] {subprocess.py:93} INFO - 	at org.apache.spark.sql.execution.streaming.ProgressReporter.reportTimeTaken$(ProgressReporter.scala:425)
[2026-06-17T04:07:10.397+0000] {subprocess.py:93} INFO - 	at org.apache.spark.sql.execution.streaming.StreamExecution.reportTimeTaken(StreamExecution.scala:67)
[2026-06-17T04:07:10.402+0000] {subprocess.py:93} INFO - 	at org.apache.spark.sql.execution.streaming.MicroBatchExecution.$anonfun$runActivatedStream$1(MicroBatchExecution.scala:249)
[2026-06-17T04:07:10.403+0000] {subprocess.py:93} INFO - 	at org.apache.spark.sql.execution.streaming.ProcessingTimeExecutor.execute(TriggerExecutor.scala:67)
[2026-06-17T04:07:10.404+0000] {subprocess.py:93} INFO - 	at org.apache.spark.sql.execution.streaming.MicroBatchExecution.runActivatedStream(MicroBatchExecution.scala:239)
[2026-06-17T04:07:10.405+0000] {subprocess.py:93} INFO - 	at org.apache.spark.sql.execution.streaming.StreamExecution.$anonfun$runStream$1(StreamExecution.scala:311)
[2026-06-17T04:07:10.406+0000] {subprocess.py:93} INFO - 	at scala.runtime.java8.JFunction0$mcV$sp.apply(JFunction0$mcV$sp.java:23)
[2026-06-17T04:07:10.407+0000] {subprocess.py:93} INFO - 	at org.apache.spark.sql.SparkSession.withActive(SparkSession.scala:900)
[2026-06-17T04:07:10.409+0000] {subprocess.py:93} INFO - 	at org.apache.spark.sql.execution.streaming.StreamExecution.org$apache$spark$sql$execution$streaming$StreamExecution$$runStream(StreamExecution.scala:289)
[2026-06-17T04:07:10.410+0000] {subprocess.py:93} INFO - 	at org.apache.spark.sql.execution.streaming.StreamExecution$$anon$1.$anonfun$run$1(StreamExecution.scala:211)
[2026-06-17T04:07:10.411+0000] {subprocess.py:93} INFO - 	at scala.runtime.java8.JFunction0$mcV$sp.apply(JFunction0$mcV$sp.java:23)
[2026-06-17T04:07:10.412+0000] {subprocess.py:93} INFO - 	at org.apache.spark.JobArtifactSet$.withActiveJobArtifactState(JobArtifactSet.scala:94)
[2026-06-17T04:07:10.413+0000] {subprocess.py:93} INFO - 	at org.apache.spark.sql.execution.streaming.StreamExecution$$anon$1.run(StreamExecution.scala:211)
[2026-06-17T04:07:10.493+0000] {subprocess.py:93} INFO - 26/06/17 04:07:10 ERROR TransportRequestHandler: Error while invoking RpcHandler#receive() for one-way message.
[2026-06-17T04:07:10.494+0000] {subprocess.py:93} INFO - org.apache.spark.SparkException: Could not find CoarseGrainedScheduler.
[2026-06-17T04:07:10.495+0000] {subprocess.py:93} INFO - 	at org.apache.spark.rpc.netty.Dispatcher.postMessage(Dispatcher.scala:178)
[2026-06-17T04:07:10.496+0000] {subprocess.py:93} INFO - 	at org.apache.spark.rpc.netty.Dispatcher.postOneWayMessage(Dispatcher.scala:150)
[2026-06-17T04:07:10.499+0000] {subprocess.py:93} INFO - 	at org.apache.spark.rpc.netty.NettyRpcHandler.receive(NettyRpcEnv.scala:690)
[2026-06-17T04:07:10.503+0000] {subprocess.py:93} INFO - 	at org.apache.spark.network.server.TransportRequestHandler.processOneWayMessage(TransportRequestHandler.java:274)
[2026-06-17T04:07:10.505+0000] {subprocess.py:93} INFO - 	at org.apache.spark.network.server.TransportRequestHandler.handle(TransportRequestHandler.java:111)
[2026-06-17T04:07:10.506+0000] {subprocess.py:93} INFO - 	at org.apache.spark.network.server.TransportChannelHandler.channelRead0(TransportChannelHandler.java:140)
[2026-06-17T04:07:10.508+0000] {subprocess.py:93} INFO - 	at org.apache.spark.network.server.TransportChannelHandler.channelRead0(TransportChannelHandler.java:53)
[2026-06-17T04:07:10.509+0000] {subprocess.py:93} INFO - 	at io.netty.channel.SimpleChannelInboundHandler.channelRead(SimpleChannelInboundHandler.java:99)
[2026-06-17T04:07:10.510+0000] {subprocess.py:93} INFO - 	at io.netty.channel.AbstractChannelHandlerContext.invokeChannelRead(AbstractChannelHandlerContext.java:444)
[2026-06-17T04:07:10.512+0000] {subprocess.py:93} INFO - 	at io.netty.channel.AbstractChannelHandlerContext.invokeChannelRead(AbstractChannelHandlerContext.java:420)
[2026-06-17T04:07:10.514+0000] {subprocess.py:93} INFO - 	at io.netty.channel.AbstractChannelHandlerContext.fireChannelRead(AbstractChannelHandlerContext.java:412)
[2026-06-17T04:07:10.516+0000] {subprocess.py:93} INFO - 	at io.netty.handler.timeout.IdleStateHandler.channelRead(IdleStateHandler.java:286)
[2026-06-17T04:07:10.517+0000] {subprocess.py:93} INFO - 	at io.netty.channel.AbstractChannelHandlerContext.invokeChannelRead(AbstractChannelHandlerContext.java:442)
[2026-06-17T04:07:10.518+0000] {subprocess.py:93} INFO - 	at io.netty.channel.AbstractChannelHandlerContext.invokeChannelRead(AbstractChannelHandlerContext.java:420)
[2026-06-17T04:07:10.519+0000] {subprocess.py:93} INFO - 	at io.netty.channel.AbstractChannelHandlerContext.fireChannelRead(AbstractChannelHandlerContext.java:412)
[2026-06-17T04:07:10.521+0000] {subprocess.py:93} INFO - 	at io.netty.handler.codec.MessageToMessageDecoder.channelRead(MessageToMessageDecoder.java:103)
[2026-06-17T04:07:10.524+0000] {subprocess.py:93} INFO - 	at io.netty.channel.AbstractChannelHandlerContext.invokeChannelRead(AbstractChannelHandlerContext.java:444)
[2026-06-17T04:07:10.527+0000] {subprocess.py:93} INFO - 	at io.netty.channel.AbstractChannelHandlerContext.invokeChannelRead(AbstractChannelHandlerContext.java:420)
[2026-06-17T04:07:10.529+0000] {subprocess.py:93} INFO - 	at io.netty.channel.AbstractChannelHandlerContext.fireChannelRead(AbstractChannelHandlerContext.java:412)
[2026-06-17T04:07:10.531+0000] {subprocess.py:93} INFO - 	at org.apache.spark.network.util.TransportFrameDecoder.channelRead(TransportFrameDecoder.java:102)
[2026-06-17T04:07:10.533+0000] {subprocess.py:93} INFO - 	at io.netty.channel.AbstractChannelHandlerContext.invokeChannelRead(AbstractChannelHandlerContext.java:444)
[2026-06-17T04:07:10.539+0000] {subprocess.py:93} INFO - 	at io.netty.channel.AbstractChannelHandlerContext.invokeChannelRead(AbstractChannelHandlerContext.java:420)
[2026-06-17T04:07:10.541+0000] {subprocess.py:93} INFO - 	at io.netty.channel.AbstractChannelHandlerContext.fireChannelRead(AbstractChannelHandlerContext.java:412)
[2026-06-17T04:07:10.542+0000] {subprocess.py:93} INFO - 	at io.netty.channel.DefaultChannelPipeline$HeadContext.channelRead(DefaultChannelPipeline.java:1410)
[2026-06-17T04:07:10.543+0000] {subprocess.py:93} INFO - 	at io.netty.channel.AbstractChannelHandlerContext.invokeChannelRead(AbstractChannelHandlerContext.java:440)
[2026-06-17T04:07:10.544+0000] {subprocess.py:93} INFO - 	at io.netty.channel.AbstractChannelHandlerContext.invokeChannelRead(AbstractChannelHandlerContext.java:420)
[2026-06-17T04:07:10.546+0000] {subprocess.py:93} INFO - 	at io.netty.channel.DefaultChannelPipeline.fireChannelRead(DefaultChannelPipeline.java:919)
[2026-06-17T04:07:10.547+0000] {subprocess.py:93} INFO - 	at io.netty.channel.nio.AbstractNioByteChannel$NioByteUnsafe.read(AbstractNioByteChannel.java:166)
[2026-06-17T04:07:10.553+0000] {subprocess.py:93} INFO - 	at io.netty.channel.nio.NioEventLoop.processSelectedKey(NioEventLoop.java:788)
[2026-06-17T04:07:10.554+0000] {subprocess.py:93} INFO - 	at io.netty.channel.nio.NioEventLoop.processSelectedKeysOptimized(NioEventLoop.java:724)
[2026-06-17T04:07:10.556+0000] {subprocess.py:93} INFO - 	at io.netty.channel.nio.NioEventLoop.processSelectedKeys(NioEventLoop.java:650)
[2026-06-17T04:07:10.557+0000] {subprocess.py:93} INFO - 	at io.netty.channel.nio.NioEventLoop.run(NioEventLoop.java:562)
[2026-06-17T04:07:10.559+0000] {subprocess.py:93} INFO - 	at io.netty.util.concurrent.SingleThreadEventExecutor$4.run(SingleThreadEventExecutor.java:997)
[2026-06-17T04:07:10.561+0000] {subprocess.py:93} INFO - 	at io.netty.util.internal.ThreadExecutorMap$2.run(ThreadExecutorMap.java:74)
[2026-06-17T04:07:10.562+0000] {subprocess.py:93} INFO - 	at io.netty.util.concurrent.FastThreadLocalRunnable.run(FastThreadLocalRunnable.java:30)
[2026-06-17T04:07:10.564+0000] {subprocess.py:93} INFO - 	at java.base/java.lang.Thread.run(Unknown Source)
[2026-06-17T04:07:10.565+0000] {subprocess.py:93} INFO - 26/06/17 04:07:10 ERROR TransportRequestHandler: Error while invoking RpcHandler#receive() for one-way message.
[2026-06-17T04:07:10.567+0000] {subprocess.py:93} INFO - org.apache.spark.SparkException: Could not find CoarseGrainedScheduler.
[2026-06-17T04:07:10.568+0000] {subprocess.py:93} INFO - 	at org.apache.spark.rpc.netty.Dispatcher.postMessage(Dispatcher.scala:178)
[2026-06-17T04:07:10.569+0000] {subprocess.py:93} INFO - 	at org.apache.spark.rpc.netty.Dispatcher.postOneWayMessage(Dispatcher.scala:150)
[2026-06-17T04:07:10.571+0000] {subprocess.py:93} INFO - 	at org.apache.spark.rpc.netty.NettyRpcHandler.receive(NettyRpcEnv.scala:690)
[2026-06-17T04:07:10.572+0000] {subprocess.py:93} INFO - 	at org.apache.spark.network.server.TransportRequestHandler.processOneWayMessage(TransportRequestHandler.java:274)
[2026-06-17T04:07:10.576+0000] {subprocess.py:93} INFO - 	at org.apache.spark.network.server.TransportRequestHandler.handle(TransportRequestHandler.java:111)
[2026-06-17T04:07:10.577+0000] {subprocess.py:93} INFO - 	at org.apache.spark.network.server.TransportChannelHandler.channelRead0(TransportChannelHandler.java:140)
[2026-06-17T04:07:10.578+0000] {subprocess.py:93} INFO - 	at org.apache.spark.network.server.TransportChannelHandler.channelRead0(TransportChannelHandler.java:53)
[2026-06-17T04:07:10.580+0000] {subprocess.py:93} INFO - 	at io.netty.channel.SimpleChannelInboundHandler.channelRead(SimpleChannelInboundHandler.java:99)
[2026-06-17T04:07:10.581+0000] {subprocess.py:93} INFO - 	at io.netty.channel.AbstractChannelHandlerContext.invokeChannelRead(AbstractChannelHandlerContext.java:444)
[2026-06-17T04:07:10.582+0000] {subprocess.py:93} INFO - 	at io.netty.channel.AbstractChannelHandlerContext.invokeChannelRead(AbstractChannelHandlerContext.java:420)
[2026-06-17T04:07:10.583+0000] {subprocess.py:93} INFO - 	at io.netty.channel.AbstractChannelHandlerContext.fireChannelRead(AbstractChannelHandlerContext.java:412)
[2026-06-17T04:07:10.585+0000] {subprocess.py:93} INFO - 	at io.netty.handler.timeout.IdleStateHandler.channelRead(IdleStateHandler.java:286)
[2026-06-17T04:07:10.586+0000] {subprocess.py:93} INFO - 	at io.netty.channel.AbstractChannelHandlerContext.invokeChannelRead(AbstractChannelHandlerContext.java:442)
[2026-06-17T04:07:10.588+0000] {subprocess.py:93} INFO - 	at io.netty.channel.AbstractChannelHandlerContext.invokeChannelRead(AbstractChannelHandlerContext.java:420)
[2026-06-17T04:07:10.590+0000] {subprocess.py:93} INFO - 	at io.netty.channel.AbstractChannelHandlerContext.fireChannelRead(AbstractChannelHandlerContext.java:412)
[2026-06-17T04:07:10.591+0000] {subprocess.py:93} INFO - 	at io.netty.handler.codec.MessageToMessageDecoder.channelRead(MessageToMessageDecoder.java:103)
[2026-06-17T04:07:10.593+0000] {subprocess.py:93} INFO - 	at io.netty.channel.AbstractChannelHandlerContext.invokeChannelRead(AbstractChannelHandlerContext.java:444)
[2026-06-17T04:07:10.594+0000] {subprocess.py:93} INFO - 	at io.netty.channel.AbstractChannelHandlerContext.invokeChannelRead(AbstractChannelHandlerContext.java:420)
[2026-06-17T04:07:10.596+0000] {subprocess.py:93} INFO - 	at io.netty.channel.AbstractChannelHandlerContext.fireChannelRead(AbstractChannelHandlerContext.java:412)
[2026-06-17T04:07:10.597+0000] {subprocess.py:93} INFO - 	at org.apache.spark.network.util.TransportFrameDecoder.channelRead(TransportFrameDecoder.java:102)
[2026-06-17T04:07:10.599+0000] {subprocess.py:93} INFO - 	at io.netty.channel.AbstractChannelHandlerContext.invokeChannelRead(AbstractChannelHandlerContext.java:444)
[2026-06-17T04:07:10.601+0000] {subprocess.py:93} INFO - 	at io.netty.channel.AbstractChannelHandlerContext.invokeChannelRead(AbstractChannelHandlerContext.java:420)
[2026-06-17T04:07:10.603+0000] {subprocess.py:93} INFO - 	at io.netty.channel.AbstractChannelHandlerContext.fireChannelRead(AbstractChannelHandlerContext.java:412)
[2026-06-17T04:07:10.604+0000] {subprocess.py:93} INFO - 	at io.netty.channel.DefaultChannelPipeline$HeadContext.channelRead(DefaultChannelPipeline.java:1410)
[2026-06-17T04:07:10.606+0000] {subprocess.py:93} INFO - 	at io.netty.channel.AbstractChannelHandlerContext.invokeChannelRead(AbstractChannelHandlerContext.java:440)
[2026-06-17T04:07:10.614+0000] {subprocess.py:93} INFO - 	at io.netty.channel.AbstractChannelHandlerContext.invokeChannelRead(AbstractChannelHandlerContext.java:420)
[2026-06-17T04:07:10.620+0000] {subprocess.py:93} INFO - 	at io.netty.channel.DefaultChannelPipeline.fireChannelRead(DefaultChannelPipeline.java:919)
[2026-06-17T04:07:10.626+0000] {subprocess.py:93} INFO - 	at io.netty.channel.nio.AbstractNioByteChannel$NioByteUnsafe.read(AbstractNioByteChannel.java:166)
[2026-06-17T04:07:10.631+0000] {subprocess.py:93} INFO - 	at io.netty.channel.nio.NioEventLoop.processSelectedKey(NioEventLoop.java:788)
[2026-06-17T04:07:10.635+0000] {subprocess.py:93} INFO - 	at io.netty.channel.nio.NioEventLoop.processSelectedKeysOptimized(NioEventLoop.java:724)
[2026-06-17T04:07:10.644+0000] {subprocess.py:93} INFO - 	at io.netty.channel.nio.NioEventLoop.processSelectedKeys(NioEventLoop.java:650)
[2026-06-17T04:07:10.646+0000] {subprocess.py:93} INFO - 	at io.netty.channel.nio.NioEventLoop.run(NioEventLoop.java:562)
[2026-06-17T04:07:10.649+0000] {subprocess.py:93} INFO - 	at io.netty.util.concurrent.SingleThreadEventExecutor$4.run(SingleThreadEventExecutor.java:997)
[2026-06-17T04:07:10.660+0000] {subprocess.py:93} INFO - 	at io.netty.util.internal.ThreadExecutorMap$2.run(ThreadExecutorMap.java:74)
[2026-06-17T04:07:10.667+0000] {subprocess.py:93} INFO - 	at io.netty.util.concurrent.FastThreadLocalRunnable.run(FastThreadLocalRunnable.java:30)
[2026-06-17T04:07:10.674+0000] {subprocess.py:93} INFO - 	at java.base/java.lang.Thread.run(Unknown Source)
[2026-06-17T04:07:11.167+0000] {subprocess.py:93} INFO - 26/06/17 04:07:11 WARN Dispatcher: Message RemoteProcessDisconnected(172.18.0.6:43664) dropped. Could not find OutputCommitCoordinator.
[2026-06-17T04:07:12.461+0000] {subprocess.py:97} INFO - Command exited with return code 124
[2026-06-17T04:07:12.463+0000] {taskinstance.py:441} INFO - ::group::Post task execution logs
[2026-06-17T04:07:12.493+0000] {taskinstance.py:2890} ERROR - Task failed with exception
Traceback (most recent call last):
  File "/home/airflow/.local/lib/python3.12/site-packages/airflow/models/taskinstance.py", line 465, in _execute_task
    result = _execute_callable(context=context, **execute_callable_kwargs)
             ^^^^^^^^^^^^^^^^^^^^^^^^^^^^^^^^^^^^^^^^^^^^^^^^^^^^^^^^^^^^^
  File "/home/airflow/.local/lib/python3.12/site-packages/airflow/models/taskinstance.py", line 432, in _execute_callable
    return execute_callable(context=context, **execute_callable_kwargs)
           ^^^^^^^^^^^^^^^^^^^^^^^^^^^^^^^^^^^^^^^^^^^^^^^^^^^^^^^^^^^^
  File "/home/airflow/.local/lib/python3.12/site-packages/airflow/models/baseoperator.py", line 400, in wrapper
    return func(self, *args, **kwargs)
           ^^^^^^^^^^^^^^^^^^^^^^^^^^^
  File "/home/airflow/.local/lib/python3.12/site-packages/airflow/operators/bash.py", line 243, in execute
    raise AirflowException(
airflow.exceptions.AirflowException: Bash command failed. The command returned a non-zero exit code 124.
[2026-06-17T04:07:12.503+0000] {taskinstance.py:1205} INFO - Marking task as UP_FOR_RETRY. dag_id=e-commerce_kafka_streaming_pipeline_v10, task_id=run_bronze, execution_date=20260617T030000, start_date=20260617T040509, end_date=20260617T040712
[2026-06-17T04:07:12.553+0000] {standard_task_runner.py:110} ERROR - Failed to execute job 40 for task run_bronze (Bash command failed. The command returned a non-zero exit code 124.; 2183)
[2026-06-17T04:07:12.623+0000] {local_task_job_runner.py:240} INFO - Task exited with return code 1
[2026-06-17T04:07:12.700+0000] {taskinstance.py:3482} INFO - 0 downstream tasks scheduled from follow-on schedule check
[2026-06-17T04:07:12.706+0000] {local_task_job_runner.py:222} INFO - ::endgroup::
