[2026-06-17T04:09:13.970+0000] {local_task_job_runner.py:120} INFO - ::group::Pre task execution logs
[2026-06-17T04:09:14.047+0000] {taskinstance.py:2073} INFO - Dependencies all met for dep_context=non-requeueable deps ti=<TaskInstance: e-commerce_kafka_streaming_pipeline_v10.run_bronze scheduled__2026-06-17T03:00:00+00:00 [queued]>
[2026-06-17T04:09:14.070+0000] {taskinstance.py:2073} INFO - Dependencies all met for dep_context=requeueable deps ti=<TaskInstance: e-commerce_kafka_streaming_pipeline_v10.run_bronze scheduled__2026-06-17T03:00:00+00:00 [queued]>
[2026-06-17T04:09:14.073+0000] {taskinstance.py:2303} INFO - Starting attempt 2 of 2
[2026-06-17T04:09:14.099+0000] {taskinstance.py:2327} INFO - Executing <Task(BashOperator): run_bronze> on 2026-06-17 03:00:00+00:00
[2026-06-17T04:09:14.114+0000] {standard_task_runner.py:90} INFO - Running: ['***', 'tasks', 'run', 'e-commerce_kafka_streaming_pipeline_v10', 'run_bronze', 'scheduled__2026-06-17T03:00:00+00:00', '--job-id', '41', '--raw', '--subdir', 'DAGS_FOLDER/sdp_pipeline_dag.py', '--cfg-path', '/tmp/tmp85wux_lp']
[2026-06-17T04:09:14.120+0000] {standard_task_runner.py:91} INFO - Job 41: Subtask run_bronze
[2026-06-17T04:09:14.123+0000] {logging_mixin.py:188} WARNING - /home/***/.local/lib/python3.12/site-packages/***/task/task_runner/standard_task_runner.py:61 DeprecationWarning: This process (pid=2235) is multi-threaded, use of fork() may lead to deadlocks in the child.
[2026-06-17T04:09:14.125+0000] {standard_task_runner.py:63} INFO - Started process 2236 to run task
[2026-06-17T04:09:14.280+0000] {task_command.py:426} INFO - Running <TaskInstance: e-commerce_kafka_streaming_pipeline_v10.run_bronze scheduled__2026-06-17T03:00:00+00:00 [running]> on host c5880b5b3b6f
[2026-06-17T04:09:14.496+0000] {taskinstance.py:2644} INFO - Exporting env vars: AIRFLOW_CTX_DAG_OWNER='dev' AIRFLOW_CTX_DAG_ID='e-commerce_kafka_streaming_pipeline_v10' AIRFLOW_CTX_TASK_ID='run_bronze' AIRFLOW_CTX_EXECUTION_DATE='2026-06-17T03:00:00+00:00' AIRFLOW_CTX_TRY_NUMBER='2' AIRFLOW_CTX_DAG_RUN_ID='scheduled__2026-06-17T03:00:00+00:00'
[2026-06-17T04:09:14.498+0000] {taskinstance.py:430} INFO - ::endgroup::
[2026-06-17T04:09:14.536+0000] {subprocess.py:63} INFO - Tmp dir root location: /tmp
[2026-06-17T04:09:14.540+0000] {subprocess.py:75} INFO - Running command: ['/usr/bin/bash', '-c', 'timeout 120s docker run --rm --network streaming_kafka_project_sdp-net --volume /d/Streaming_kafka_project/pipelines:/opt/pipelines --volume /d/Streaming_kafka_project/data:/opt/data --volume /d/Streaming_kafka_project/checkpoints:/opt/checkpoints --volume /d/Streaming_kafka_project/jars:/opt/jars apache/spark:3.5.1 /opt/spark/bin/spark-submit --master spark://sdp-spark-master:7077 --executor-cores 1 --executor-memory 512m --total-executor-cores 3 --jars /opt/jars/delta-spark_2.12-3.2.0.jar,/opt/jars/delta-storage-3.2.0.jar,/opt/jars/spark-sql-kafka-0-10_2.12-3.5.1.jar,/opt/jars/kafka-clients-3.4.1.jar,/opt/jars/spark-token-provider-kafka-0-10_2.12-3.5.1.jar,/opt/jars/commons-pool2-2.11.1.jar --conf spark.sql.extensions=io.delta.sql.DeltaSparkSessionExtension --conf spark.sql.catalog.spark_catalog=org.apache.spark.sql.delta.catalog.DeltaCatalog  /opt/pipelines/bronze_runner.py']
[2026-06-17T04:09:14.557+0000] {subprocess.py:86} INFO - Output:
[2026-06-17T04:09:19.485+0000] {subprocess.py:93} INFO - 26/06/17 04:09:19 WARN NativeCodeLoader: Unable to load native-hadoop library for your platform... using builtin-java classes where applicable
[2026-06-17T04:09:20.732+0000] {subprocess.py:93} INFO - 26/06/17 04:09:20 INFO SparkContext: Running Spark version 3.5.1
[2026-06-17T04:09:20.735+0000] {subprocess.py:93} INFO - 26/06/17 04:09:20 INFO SparkContext: OS info Linux, 6.6.114.1-microsoft-standard-WSL2, amd64
[2026-06-17T04:09:20.737+0000] {subprocess.py:93} INFO - 26/06/17 04:09:20 INFO SparkContext: Java version 11.0.22
[2026-06-17T04:09:20.797+0000] {subprocess.py:93} INFO - 26/06/17 04:09:20 INFO ResourceUtils: ==============================================================
[2026-06-17T04:09:20.800+0000] {subprocess.py:93} INFO - 26/06/17 04:09:20 INFO ResourceUtils: No custom resources configured for spark.driver.
[2026-06-17T04:09:20.801+0000] {subprocess.py:93} INFO - 26/06/17 04:09:20 INFO ResourceUtils: ==============================================================
[2026-06-17T04:09:20.804+0000] {subprocess.py:93} INFO - 26/06/17 04:09:20 INFO SparkContext: Submitted application: SDP-Bronze
[2026-06-17T04:09:20.850+0000] {subprocess.py:93} INFO - 26/06/17 04:09:20 INFO ResourceProfile: Default ResourceProfile created, executor resources: Map(cores -> name: cores, amount: 1, script: , vendor: , memory -> name: memory, amount: 512, script: , vendor: , offHeap -> name: offHeap, amount: 0, script: , vendor: ), task resources: Map(cpus -> name: cpus, amount: 1.0)
[2026-06-17T04:09:20.873+0000] {subprocess.py:93} INFO - 26/06/17 04:09:20 INFO ResourceProfile: Limiting resource is cpus at 1 tasks per executor
[2026-06-17T04:09:20.879+0000] {subprocess.py:93} INFO - 26/06/17 04:09:20 INFO ResourceProfileManager: Added ResourceProfile id: 0
[2026-06-17T04:09:20.985+0000] {subprocess.py:93} INFO - 26/06/17 04:09:20 INFO SecurityManager: Changing view acls to: spark
[2026-06-17T04:09:20.987+0000] {subprocess.py:93} INFO - 26/06/17 04:09:20 INFO SecurityManager: Changing modify acls to: spark
[2026-06-17T04:09:20.989+0000] {subprocess.py:93} INFO - 26/06/17 04:09:20 INFO SecurityManager: Changing view acls groups to:
[2026-06-17T04:09:20.992+0000] {subprocess.py:93} INFO - 26/06/17 04:09:20 INFO SecurityManager: Changing modify acls groups to:
[2026-06-17T04:09:20.993+0000] {subprocess.py:93} INFO - 26/06/17 04:09:20 INFO SecurityManager: SecurityManager: authentication disabled; ui acls disabled; users with view permissions: spark; groups with view permissions: EMPTY; users with modify permissions: spark; groups with modify permissions: EMPTY
[2026-06-17T04:09:21.422+0000] {subprocess.py:93} INFO - 26/06/17 04:09:21 INFO Utils: Successfully started service 'sparkDriver' on port 43969.
[2026-06-17T04:09:21.546+0000] {subprocess.py:93} INFO - 26/06/17 04:09:21 INFO SparkEnv: Registering MapOutputTracker
[2026-06-17T04:09:21.625+0000] {subprocess.py:93} INFO - 26/06/17 04:09:21 INFO SparkEnv: Registering BlockManagerMaster
[2026-06-17T04:09:21.685+0000] {subprocess.py:93} INFO - 26/06/17 04:09:21 INFO BlockManagerMasterEndpoint: Using org.apache.spark.storage.DefaultTopologyMapper for getting topology information
[2026-06-17T04:09:21.690+0000] {subprocess.py:93} INFO - 26/06/17 04:09:21 INFO BlockManagerMasterEndpoint: BlockManagerMasterEndpoint up
[2026-06-17T04:09:21.696+0000] {subprocess.py:93} INFO - 26/06/17 04:09:21 INFO SparkEnv: Registering BlockManagerMasterHeartbeat
[2026-06-17T04:09:21.742+0000] {subprocess.py:93} INFO - 26/06/17 04:09:21 INFO DiskBlockManager: Created local directory at /tmp/blockmgr-c5cae1d1-dc41-4fdd-8f2d-c6bea43189d5
[2026-06-17T04:09:21.769+0000] {subprocess.py:93} INFO - 26/06/17 04:09:21 INFO MemoryStore: MemoryStore started with capacity 434.4 MiB
[2026-06-17T04:09:21.798+0000] {subprocess.py:93} INFO - 26/06/17 04:09:21 INFO SparkEnv: Registering OutputCommitCoordinator
[2026-06-17T04:09:22.032+0000] {subprocess.py:93} INFO - 26/06/17 04:09:22 INFO JettyUtils: Start Jetty 0.0.0.0:4040 for SparkUI
[2026-06-17T04:09:22.132+0000] {subprocess.py:93} INFO - 26/06/17 04:09:22 INFO Utils: Successfully started service 'SparkUI' on port 4040.
[2026-06-17T04:09:22.195+0000] {subprocess.py:93} INFO - 26/06/17 04:09:22 INFO SparkContext: Added JAR file:///opt/jars/delta-spark_2.12-3.2.0.jar at spark://f1d8b80fc691:43969/jars/delta-spark_2.12-3.2.0.jar with timestamp 1781669360716
[2026-06-17T04:09:22.197+0000] {subprocess.py:93} INFO - 26/06/17 04:09:22 INFO SparkContext: Added JAR file:///opt/jars/delta-storage-3.2.0.jar at spark://f1d8b80fc691:43969/jars/delta-storage-3.2.0.jar with timestamp 1781669360716
[2026-06-17T04:09:22.199+0000] {subprocess.py:93} INFO - 26/06/17 04:09:22 INFO SparkContext: Added JAR file:///opt/jars/spark-sql-kafka-0-10_2.12-3.5.1.jar at spark://f1d8b80fc691:43969/jars/spark-sql-kafka-0-10_2.12-3.5.1.jar with timestamp 1781669360716
[2026-06-17T04:09:22.202+0000] {subprocess.py:93} INFO - 26/06/17 04:09:22 INFO SparkContext: Added JAR file:///opt/jars/kafka-clients-3.4.1.jar at spark://f1d8b80fc691:43969/jars/kafka-clients-3.4.1.jar with timestamp 1781669360716
[2026-06-17T04:09:22.205+0000] {subprocess.py:93} INFO - 26/06/17 04:09:22 INFO SparkContext: Added JAR file:///opt/jars/spark-token-provider-kafka-0-10_2.12-3.5.1.jar at spark://f1d8b80fc691:43969/jars/spark-token-provider-kafka-0-10_2.12-3.5.1.jar with timestamp 1781669360716
[2026-06-17T04:09:22.207+0000] {subprocess.py:93} INFO - 26/06/17 04:09:22 INFO SparkContext: Added JAR file:///opt/jars/commons-pool2-2.11.1.jar at spark://f1d8b80fc691:43969/jars/commons-pool2-2.11.1.jar with timestamp 1781669360716
[2026-06-17T04:09:22.371+0000] {subprocess.py:93} INFO - 26/06/17 04:09:22 INFO StandaloneAppClient$ClientEndpoint: Connecting to master spark://sdp-spark-master:7077...
[2026-06-17T04:09:22.486+0000] {subprocess.py:93} INFO - 26/06/17 04:09:22 INFO TransportClientFactory: Successfully created connection to sdp-spark-master/172.18.0.3:7077 after 75 ms (0 ms spent in bootstraps)
[2026-06-17T04:09:22.685+0000] {subprocess.py:93} INFO - 26/06/17 04:09:22 INFO StandaloneSchedulerBackend: Connected to Spark cluster with app ID app-20260617040922-0024
[2026-06-17T04:09:22.688+0000] {subprocess.py:93} INFO - 26/06/17 04:09:22 INFO StandaloneAppClient$ClientEndpoint: Executor added: app-20260617040922-0024/0 on worker-20260616111838-172.18.0.6-45657 (172.18.0.6:45657) with 1 core(s)
[2026-06-17T04:09:22.696+0000] {subprocess.py:93} INFO - 26/06/17 04:09:22 INFO StandaloneSchedulerBackend: Granted executor ID app-20260617040922-0024/0 on hostPort 172.18.0.6:45657 with 1 core(s), 512.0 MiB RAM
[2026-06-17T04:09:22.700+0000] {subprocess.py:93} INFO - 26/06/17 04:09:22 INFO StandaloneAppClient$ClientEndpoint: Executor added: app-20260617040922-0024/1 on worker-20260616111838-172.18.0.6-45657 (172.18.0.6:45657) with 1 core(s)
[2026-06-17T04:09:22.704+0000] {subprocess.py:93} INFO - 26/06/17 04:09:22 INFO StandaloneSchedulerBackend: Granted executor ID app-20260617040922-0024/1 on hostPort 172.18.0.6:45657 with 1 core(s), 512.0 MiB RAM
[2026-06-17T04:09:22.705+0000] {subprocess.py:93} INFO - 26/06/17 04:09:22 INFO StandaloneAppClient$ClientEndpoint: Executor added: app-20260617040922-0024/2 on worker-20260616111838-172.18.0.5-35429 (172.18.0.5:35429) with 1 core(s)
[2026-06-17T04:09:22.706+0000] {subprocess.py:93} INFO - 26/06/17 04:09:22 INFO StandaloneSchedulerBackend: Granted executor ID app-20260617040922-0024/2 on hostPort 172.18.0.5:35429 with 1 core(s), 512.0 MiB RAM
[2026-06-17T04:09:22.731+0000] {subprocess.py:93} INFO - 26/06/17 04:09:22 INFO Utils: Successfully started service 'org.apache.spark.network.netty.NettyBlockTransferService' on port 37167.
[2026-06-17T04:09:22.736+0000] {subprocess.py:93} INFO - 26/06/17 04:09:22 INFO NettyBlockTransferService: Server created on f1d8b80fc691:37167
[2026-06-17T04:09:22.740+0000] {subprocess.py:93} INFO - 26/06/17 04:09:22 INFO BlockManager: Using org.apache.spark.storage.RandomBlockReplicationPolicy for block replication policy
[2026-06-17T04:09:22.765+0000] {subprocess.py:93} INFO - 26/06/17 04:09:22 INFO BlockManagerMaster: Registering BlockManager BlockManagerId(driver, f1d8b80fc691, 37167, None)
[2026-06-17T04:09:22.782+0000] {subprocess.py:93} INFO - 26/06/17 04:09:22 INFO BlockManagerMasterEndpoint: Registering block manager f1d8b80fc691:37167 with 434.4 MiB RAM, BlockManagerId(driver, f1d8b80fc691, 37167, None)
[2026-06-17T04:09:22.795+0000] {subprocess.py:93} INFO - 26/06/17 04:09:22 INFO BlockManagerMaster: Registered BlockManager BlockManagerId(driver, f1d8b80fc691, 37167, None)
[2026-06-17T04:09:22.802+0000] {subprocess.py:93} INFO - 26/06/17 04:09:22 INFO BlockManager: Initialized BlockManager: BlockManagerId(driver, f1d8b80fc691, 37167, None)
[2026-06-17T04:09:22.853+0000] {subprocess.py:93} INFO - 26/06/17 04:09:22 INFO StandaloneAppClient$ClientEndpoint: Executor updated: app-20260617040922-0024/2 is now RUNNING
[2026-06-17T04:09:23.057+0000] {subprocess.py:93} INFO - 26/06/17 04:09:23 INFO StandaloneAppClient$ClientEndpoint: Executor updated: app-20260617040922-0024/1 is now RUNNING
[2026-06-17T04:09:23.092+0000] {subprocess.py:93} INFO - 26/06/17 04:09:23 INFO StandaloneAppClient$ClientEndpoint: Executor updated: app-20260617040922-0024/0 is now RUNNING
[2026-06-17T04:09:23.663+0000] {subprocess.py:93} INFO - 26/06/17 04:09:23 INFO StandaloneSchedulerBackend: SchedulerBackend is ready for scheduling beginning after reached minRegisteredResourcesRatio: 0.0
[2026-06-17T04:09:24.594+0000] {subprocess.py:93} INFO - Starting stream: orders -> /opt/data/bronze/orders
[2026-06-17T04:09:55.805+0000] {subprocess.py:93} INFO - 26/06/17 04:09:55 WARN ResolveWriteToStream: spark.sql.adaptive.enabled is not supported in streaming DataFrames/Datasets and will be disabled.
[2026-06-17T04:09:56.241+0000] {subprocess.py:93} INFO - Starting stream: customers -> /opt/data/bronze/customers
[2026-06-17T04:10:00.277+0000] {subprocess.py:93} INFO - 26/06/17 04:10:00 WARN ResolveWriteToStream: spark.sql.adaptive.enabled is not supported in streaming DataFrames/Datasets and will be disabled.
[2026-06-17T04:10:00.344+0000] {subprocess.py:93} INFO - Starting stream: products -> /opt/data/bronze/products
[2026-06-17T04:10:03.930+0000] {subprocess.py:93} INFO - 26/06/17 04:10:03 WARN ResolveWriteToStream: spark.sql.adaptive.enabled is not supported in streaming DataFrames/Datasets and will be disabled.
[2026-06-17T04:10:06.074+0000] {subprocess.py:93} INFO - 26/06/17 04:10:06 WARN SparkStringUtils: Truncated the string representation of a plan since it was too large. This behavior can be adjusted by setting 'spark.sql.debug.maxToStringFields'.
[2026-06-17T04:11:11.461+0000] {subprocess.py:93} INFO - 26/06/17 04:11:11 WARN AdminClientConfig: These configurations '[key.deserializer, value.deserializer, enable.auto.commit, max.poll.records, auto.offset.reset]' were supplied but are not used yet.
[2026-06-17T04:11:11.463+0000] {subprocess.py:93} INFO - 26/06/17 04:11:11 WARN AdminClientConfig: These configurations '[key.deserializer, value.deserializer, enable.auto.commit, max.poll.records, auto.offset.reset]' were supplied but are not used yet.
[2026-06-17T04:11:11.683+0000] {subprocess.py:93} INFO - 26/06/17 04:11:11 WARN AdminClientConfig: These configurations '[key.deserializer, value.deserializer, enable.auto.commit, max.poll.records, auto.offset.reset]' were supplied but are not used yet.
[2026-06-17T04:11:14.787+0000] {subprocess.py:93} INFO - 26/06/17 04:11:14 ERROR DeltaFileFormatWriter: Aborting job c1bf2a80-e87f-4453-8dbb-7bf79998c4ee.
[2026-06-17T04:11:14.789+0000] {subprocess.py:93} INFO - org.apache.spark.SparkException: Job aborted due to stage failure: Task serialization failed: java.lang.IllegalStateException: Cannot call methods on a stopped SparkContext.
[2026-06-17T04:11:14.791+0000] {subprocess.py:93} INFO - This stopped SparkContext was created at:
[2026-06-17T04:11:14.792+0000] {subprocess.py:93} INFO - 
[2026-06-17T04:11:14.793+0000] {subprocess.py:93} INFO - org.apache.spark.api.java.JavaSparkContext.<init>(JavaSparkContext.scala:58)
[2026-06-17T04:11:14.800+0000] {subprocess.py:93} INFO - java.base/jdk.internal.reflect.NativeConstructorAccessorImpl.newInstance0(Native Method)
[2026-06-17T04:11:14.802+0000] {subprocess.py:93} INFO - java.base/jdk.internal.reflect.NativeConstructorAccessorImpl.newInstance(Unknown Source)
[2026-06-17T04:11:14.803+0000] {subprocess.py:93} INFO - java.base/jdk.internal.reflect.DelegatingConstructorAccessorImpl.newInstance(Unknown Source)
[2026-06-17T04:11:14.805+0000] {subprocess.py:93} INFO - java.base/java.lang.reflect.Constructor.newInstance(Unknown Source)
[2026-06-17T04:11:14.808+0000] {subprocess.py:93} INFO - py4j.reflection.MethodInvoker.invoke(MethodInvoker.java:247)
[2026-06-17T04:11:14.811+0000] {subprocess.py:93} INFO - py4j.reflection.ReflectionEngine.invoke(ReflectionEngine.java:374)
[2026-06-17T04:11:14.815+0000] {subprocess.py:93} INFO - py4j.Gateway.invoke(Gateway.java:238)
[2026-06-17T04:11:14.816+0000] {subprocess.py:93} INFO - py4j.commands.ConstructorCommand.invokeConstructor(ConstructorCommand.java:80)
[2026-06-17T04:11:14.819+0000] {subprocess.py:93} INFO - py4j.commands.ConstructorCommand.execute(ConstructorCommand.java:69)
[2026-06-17T04:11:14.820+0000] {subprocess.py:93} INFO - py4j.ClientServerConnection.waitForCommands(ClientServerConnection.java:182)
[2026-06-17T04:11:14.822+0000] {subprocess.py:93} INFO - py4j.ClientServerConnection.run(ClientServerConnection.java:106)
[2026-06-17T04:11:14.824+0000] {subprocess.py:93} INFO - java.base/java.lang.Thread.run(Unknown Source)
[2026-06-17T04:11:14.827+0000] {subprocess.py:93} INFO - 
[2026-06-17T04:11:14.828+0000] {subprocess.py:93} INFO - The currently active SparkContext was created at:
[2026-06-17T04:11:14.842+0000] {subprocess.py:93} INFO - 
[2026-06-17T04:11:14.844+0000] {subprocess.py:93} INFO - org.apache.spark.api.java.JavaSparkContext.<init>(JavaSparkContext.scala:58)
[2026-06-17T04:11:14.852+0000] {subprocess.py:93} INFO - java.base/jdk.internal.reflect.NativeConstructorAccessorImpl.newInstance0(Native Method)
[2026-06-17T04:11:14.854+0000] {subprocess.py:93} INFO - java.base/jdk.internal.reflect.NativeConstructorAccessorImpl.newInstance(Unknown Source)
[2026-06-17T04:11:14.856+0000] {subprocess.py:93} INFO - java.base/jdk.internal.reflect.DelegatingConstructorAccessorImpl.newInstance(Unknown Source)
[2026-06-17T04:11:14.861+0000] {subprocess.py:93} INFO - java.base/java.lang.reflect.Constructor.newInstance(Unknown Source)
[2026-06-17T04:11:14.863+0000] {subprocess.py:93} INFO - py4j.reflection.MethodInvoker.invoke(MethodInvoker.java:247)
[2026-06-17T04:11:14.867+0000] {subprocess.py:93} INFO - py4j.reflection.ReflectionEngine.invoke(ReflectionEngine.java:374)
[2026-06-17T04:11:14.871+0000] {subprocess.py:93} INFO - py4j.Gateway.invoke(Gateway.java:238)
[2026-06-17T04:11:14.872+0000] {subprocess.py:93} INFO - py4j.commands.ConstructorCommand.invokeConstructor(ConstructorCommand.java:80)
[2026-06-17T04:11:14.876+0000] {subprocess.py:93} INFO - py4j.commands.ConstructorCommand.execute(ConstructorCommand.java:69)
[2026-06-17T04:11:14.880+0000] {subprocess.py:93} INFO - py4j.ClientServerConnection.waitForCommands(ClientServerConnection.java:182)
[2026-06-17T04:11:14.884+0000] {subprocess.py:93} INFO - py4j.ClientServerConnection.run(ClientServerConnection.java:106)
[2026-06-17T04:11:14.888+0000] {subprocess.py:93} INFO - java.base/java.lang.Thread.run(Unknown Source)
[2026-06-17T04:11:14.892+0000] {subprocess.py:93} INFO - 
[2026-06-17T04:11:14.895+0000] {subprocess.py:93} INFO - java.lang.IllegalStateException: Cannot call methods on a stopped SparkContext.
[2026-06-17T04:11:14.895+0000] {subprocess.py:93} INFO - This stopped SparkContext was created at:
[2026-06-17T04:11:14.897+0000] {subprocess.py:93} INFO - 
[2026-06-17T04:11:14.901+0000] {subprocess.py:93} INFO - org.apache.spark.api.java.JavaSparkContext.<init>(JavaSparkContext.scala:58)
[2026-06-17T04:11:14.902+0000] {subprocess.py:93} INFO - java.base/jdk.internal.reflect.NativeConstructorAccessorImpl.newInstance0(Native Method)
[2026-06-17T04:11:14.903+0000] {subprocess.py:93} INFO - java.base/jdk.internal.reflect.NativeConstructorAccessorImpl.newInstance(Unknown Source)
[2026-06-17T04:11:14.905+0000] {subprocess.py:93} INFO - java.base/jdk.internal.reflect.DelegatingConstructorAccessorImpl.newInstance(Unknown Source)
[2026-06-17T04:11:14.912+0000] {subprocess.py:93} INFO - java.base/java.lang.reflect.Constructor.newInstance(Unknown Source)
[2026-06-17T04:11:14.918+0000] {subprocess.py:93} INFO - py4j.reflection.MethodInvoker.invoke(MethodInvoker.java:247)
[2026-06-17T04:11:14.919+0000] {subprocess.py:93} INFO - py4j.reflection.ReflectionEngine.invoke(ReflectionEngine.java:374)
[2026-06-17T04:11:14.922+0000] {subprocess.py:93} INFO - py4j.Gateway.invoke(Gateway.java:238)
[2026-06-17T04:11:14.926+0000] {subprocess.py:93} INFO - py4j.commands.ConstructorCommand.invokeConstructor(ConstructorCommand.java:80)
[2026-06-17T04:11:14.929+0000] {subprocess.py:93} INFO - py4j.commands.ConstructorCommand.execute(ConstructorCommand.java:69)
[2026-06-17T04:11:14.931+0000] {subprocess.py:93} INFO - py4j.ClientServerConnection.waitForCommands(ClientServerConnection.java:182)
[2026-06-17T04:11:14.932+0000] {subprocess.py:93} INFO - py4j.ClientServerConnection.run(ClientServerConnection.java:106)
[2026-06-17T04:11:14.942+0000] {subprocess.py:93} INFO - java.base/java.lang.Thread.run(Unknown Source)
[2026-06-17T04:11:14.944+0000] {subprocess.py:93} INFO - 
[2026-06-17T04:11:14.945+0000] {subprocess.py:93} INFO - The currently active SparkContext was created at:
[2026-06-17T04:11:14.947+0000] {subprocess.py:93} INFO - 
[2026-06-17T04:11:14.956+0000] {subprocess.py:93} INFO - org.apache.spark.api.java.JavaSparkContext.<init>(JavaSparkContext.scala:58)
[2026-06-17T04:11:14.958+0000] {subprocess.py:93} INFO - java.base/jdk.internal.reflect.NativeConstructorAccessorImpl.newInstance0(Native Method)
[2026-06-17T04:11:14.963+0000] {subprocess.py:93} INFO - java.base/jdk.internal.reflect.NativeConstructorAccessorImpl.newInstance(Unknown Source)
[2026-06-17T04:11:14.965+0000] {subprocess.py:93} INFO - java.base/jdk.internal.reflect.DelegatingConstructorAccessorImpl.newInstance(Unknown Source)
[2026-06-17T04:11:14.971+0000] {subprocess.py:93} INFO - java.base/java.lang.reflect.Constructor.newInstance(Unknown Source)
[2026-06-17T04:11:14.974+0000] {subprocess.py:93} INFO - py4j.reflection.MethodInvoker.invoke(MethodInvoker.java:247)
[2026-06-17T04:11:14.975+0000] {subprocess.py:93} INFO - py4j.reflection.ReflectionEngine.invoke(ReflectionEngine.java:374)
[2026-06-17T04:11:14.983+0000] {subprocess.py:93} INFO - py4j.Gateway.invoke(Gateway.java:238)
[2026-06-17T04:11:14.984+0000] {subprocess.py:93} INFO - py4j.commands.ConstructorCommand.invokeConstructor(ConstructorCommand.java:80)
[2026-06-17T04:11:14.985+0000] {subprocess.py:93} INFO - py4j.commands.ConstructorCommand.execute(ConstructorCommand.java:69)
[2026-06-17T04:11:14.986+0000] {subprocess.py:93} INFO - py4j.ClientServerConnection.waitForCommands(ClientServerConnection.java:182)
[2026-06-17T04:11:14.987+0000] {subprocess.py:93} INFO - py4j.ClientServerConnection.run(ClientServerConnection.java:106)
[2026-06-17T04:11:14.989+0000] {subprocess.py:93} INFO - java.base/java.lang.Thread.run(Unknown Source)
[2026-06-17T04:11:14.992+0000] {subprocess.py:93} INFO - 
[2026-06-17T04:11:14.993+0000] {subprocess.py:93} INFO - 	at org.apache.spark.SparkContext.assertNotStopped(SparkContext.scala:122)
[2026-06-17T04:11:14.995+0000] {subprocess.py:93} INFO - 	at org.apache.spark.SparkContext.broadcastInternal(SparkContext.scala:1659)
[2026-06-17T04:11:15.002+0000] {subprocess.py:93} INFO - 	at org.apache.spark.SparkContext.broadcast(SparkContext.scala:1644)
[2026-06-17T04:11:15.010+0000] {subprocess.py:93} INFO - 	at org.apache.spark.scheduler.DAGScheduler.submitMissingTasks(DAGScheduler.scala:1585)
[2026-06-17T04:11:15.011+0000] {subprocess.py:93} INFO - 	at org.apache.spark.scheduler.DAGScheduler.submitStage(DAGScheduler.scala:1402)
[2026-06-17T04:11:15.013+0000] {subprocess.py:93} INFO - 	at org.apache.spark.scheduler.DAGScheduler.handleJobSubmitted(DAGScheduler.scala:1337)
[2026-06-17T04:11:15.020+0000] {subprocess.py:93} INFO - 	at org.apache.spark.scheduler.DAGSchedulerEventProcessLoop.doOnReceive(DAGScheduler.scala:3003)
[2026-06-17T04:11:15.024+0000] {subprocess.py:93} INFO - 	at org.apache.spark.scheduler.DAGSchedulerEventProcessLoop.onReceive(DAGScheduler.scala:2994)
[2026-06-17T04:11:15.026+0000] {subprocess.py:93} INFO - 	at org.apache.spark.scheduler.DAGSchedulerEventProcessLoop.onReceive(DAGScheduler.scala:2983)
[2026-06-17T04:11:15.027+0000] {subprocess.py:93} INFO - 	at org.apache.spark.util.EventLoop$$anon$1.run(EventLoop.scala:49)
[2026-06-17T04:11:15.029+0000] {subprocess.py:93} INFO - 
[2026-06-17T04:11:15.030+0000] {subprocess.py:93} INFO - 	at org.apache.spark.scheduler.DAGScheduler.failJobAndIndependentStages(DAGScheduler.scala:2856)
[2026-06-17T04:11:15.032+0000] {subprocess.py:93} INFO - 	at org.apache.spark.scheduler.DAGScheduler.$anonfun$abortStage$2(DAGScheduler.scala:2792)
[2026-06-17T04:11:15.033+0000] {subprocess.py:93} INFO - 	at org.apache.spark.scheduler.DAGScheduler.$anonfun$abortStage$2$adapted(DAGScheduler.scala:2791)
[2026-06-17T04:11:15.036+0000] {subprocess.py:93} INFO - 	at scala.collection.mutable.ResizableArray.foreach(ResizableArray.scala:62)
[2026-06-17T04:11:15.041+0000] {subprocess.py:93} INFO - 	at scala.collection.mutable.ResizableArray.foreach$(ResizableArray.scala:55)
[2026-06-17T04:11:15.042+0000] {subprocess.py:93} INFO - 	at scala.collection.mutable.ArrayBuffer.foreach(ArrayBuffer.scala:49)
[2026-06-17T04:11:15.043+0000] {subprocess.py:93} INFO - 	at org.apache.spark.scheduler.DAGScheduler.abortStage(DAGScheduler.scala:2791)
[2026-06-17T04:11:15.046+0000] {subprocess.py:93} INFO - 	at org.apache.spark.scheduler.DAGScheduler.submitMissingTasks(DAGScheduler.scala:1595)
[2026-06-17T04:11:15.048+0000] {subprocess.py:93} INFO - 	at org.apache.spark.scheduler.DAGScheduler.submitStage(DAGScheduler.scala:1402)
[2026-06-17T04:11:15.049+0000] {subprocess.py:93} INFO - 	at org.apache.spark.scheduler.DAGScheduler.handleJobSubmitted(DAGScheduler.scala:1337)
[2026-06-17T04:11:15.050+0000] {subprocess.py:93} INFO - 	at org.apache.spark.scheduler.DAGSchedulerEventProcessLoop.doOnReceive(DAGScheduler.scala:3003)
[2026-06-17T04:11:15.051+0000] {subprocess.py:93} INFO - 	at org.apache.spark.scheduler.DAGSchedulerEventProcessLoop.onReceive(DAGScheduler.scala:2994)
[2026-06-17T04:11:15.052+0000] {subprocess.py:93} INFO - 	at org.apache.spark.scheduler.DAGSchedulerEventProcessLoop.onReceive(DAGScheduler.scala:2983)
[2026-06-17T04:11:15.053+0000] {subprocess.py:93} INFO - 	at org.apache.spark.util.EventLoop$$anon$1.run(EventLoop.scala:49)
[2026-06-17T04:11:15.054+0000] {subprocess.py:93} INFO - 	at org.apache.spark.scheduler.DAGScheduler.runJob(DAGScheduler.scala:989)
[2026-06-17T04:11:15.055+0000] {subprocess.py:93} INFO - 	at org.apache.spark.SparkContext.runJob(SparkContext.scala:2398)
[2026-06-17T04:11:15.056+0000] {subprocess.py:93} INFO - 	at org.apache.spark.sql.delta.files.DeltaFileFormatWriter$.$anonfun$executeWrite$1(DeltaFileFormatWriter.scala:263)
[2026-06-17T04:11:15.057+0000] {subprocess.py:93} INFO - 	at org.apache.spark.sql.delta.files.DeltaFileFormatWriter$.writeAndCommit(DeltaFileFormatWriter.scala:295)
[2026-06-17T04:11:15.058+0000] {subprocess.py:93} INFO - 	at org.apache.spark.sql.delta.files.DeltaFileFormatWriter$.executeWrite(DeltaFileFormatWriter.scala:234)
[2026-06-17T04:11:15.059+0000] {subprocess.py:93} INFO - 	at org.apache.spark.sql.delta.files.DeltaFileFormatWriter$.write(DeltaFileFormatWriter.scala:214)
[2026-06-17T04:11:15.061+0000] {subprocess.py:93} INFO - 	at org.apache.spark.sql.delta.files.TransactionalWrite.$anonfun$writeFiles$1(TransactionalWrite.scala:440)
[2026-06-17T04:11:15.062+0000] {subprocess.py:93} INFO - 	at org.apache.spark.sql.execution.SQLExecution$.$anonfun$withNewExecutionId$6(SQLExecution.scala:125)
[2026-06-17T04:11:15.063+0000] {subprocess.py:93} INFO - 	at org.apache.spark.sql.execution.SQLExecution$.withSQLConfPropagated(SQLExecution.scala:201)
[2026-06-17T04:11:15.064+0000] {subprocess.py:93} INFO - 	at org.apache.spark.sql.execution.SQLExecution$.$anonfun$withNewExecutionId$1(SQLExecution.scala:108)
[2026-06-17T04:11:15.065+0000] {subprocess.py:93} INFO - 	at org.apache.spark.sql.SparkSession.withActive(SparkSession.scala:900)
[2026-06-17T04:11:15.066+0000] {subprocess.py:93} INFO - 	at org.apache.spark.sql.execution.SQLExecution$.withNewExecutionId(SQLExecution.scala:66)
[2026-06-17T04:11:15.068+0000] {subprocess.py:93} INFO - 	at org.apache.spark.sql.delta.files.TransactionalWrite.writeFiles(TransactionalWrite.scala:398)
[2026-06-17T04:11:15.069+0000] {subprocess.py:93} INFO - 	at org.apache.spark.sql.delta.files.TransactionalWrite.writeFiles$(TransactionalWrite.scala:371)
[2026-06-17T04:11:15.076+0000] {subprocess.py:93} INFO - 	at org.apache.spark.sql.delta.OptimisticTransaction.writeFiles(OptimisticTransaction.scala:147)
[2026-06-17T04:11:15.077+0000] {subprocess.py:93} INFO - 	at org.apache.spark.sql.delta.files.TransactionalWrite.writeFiles(TransactionalWrite.scala:246)
[2026-06-17T04:11:15.079+0000] {subprocess.py:93} INFO - 	at org.apache.spark.sql.delta.files.TransactionalWrite.writeFiles$(TransactionalWrite.scala:242)
[2026-06-17T04:11:15.080+0000] {subprocess.py:93} INFO - 	at org.apache.spark.sql.delta.OptimisticTransaction.writeFiles(OptimisticTransaction.scala:147)
[2026-06-17T04:11:15.081+0000] {subprocess.py:93} INFO - 	at org.apache.spark.sql.delta.files.TransactionalWrite.writeFiles(TransactionalWrite.scala:235)
[2026-06-17T04:11:15.082+0000] {subprocess.py:93} INFO - 	at org.apache.spark.sql.delta.files.TransactionalWrite.writeFiles$(TransactionalWrite.scala:232)
[2026-06-17T04:11:15.083+0000] {subprocess.py:93} INFO - 	at org.apache.spark.sql.delta.OptimisticTransaction.writeFiles(OptimisticTransaction.scala:147)
[2026-06-17T04:11:15.084+0000] {subprocess.py:93} INFO - 	at org.apache.spark.sql.delta.sources.DeltaSink.$anonfun$addBatchWithStatusImpl$4(DeltaSink.scala:139)
[2026-06-17T04:11:15.085+0000] {subprocess.py:93} INFO - 	at org.apache.spark.util.Utils$.timeTakenMs(Utils.scala:552)
[2026-06-17T04:11:15.086+0000] {subprocess.py:93} INFO - 	at org.apache.spark.sql.delta.sources.DeltaSink.addBatchWithStatusImpl(DeltaSink.scala:139)
[2026-06-17T04:11:15.088+0000] {subprocess.py:93} INFO - 	at org.apache.spark.sql.delta.sources.DeltaSink.addBatch(DeltaSink.scala:97)
[2026-06-17T04:11:15.089+0000] {subprocess.py:93} INFO - 	at org.apache.spark.sql.execution.streaming.MicroBatchExecution.$anonfun$runBatch$17(MicroBatchExecution.scala:732)
[2026-06-17T04:11:15.092+0000] {subprocess.py:93} INFO - 	at org.apache.spark.sql.execution.SQLExecution$.$anonfun$withNewExecutionId$6(SQLExecution.scala:125)
[2026-06-17T04:11:15.095+0000] {subprocess.py:93} INFO - 	at org.apache.spark.sql.execution.SQLExecution$.withSQLConfPropagated(SQLExecution.scala:201)
[2026-06-17T04:11:15.096+0000] {subprocess.py:93} INFO - 	at org.apache.spark.sql.execution.SQLExecution$.$anonfun$withNewExecutionId$1(SQLExecution.scala:108)
[2026-06-17T04:11:15.098+0000] {subprocess.py:93} INFO - 	at org.apache.spark.sql.SparkSession.withActive(SparkSession.scala:900)
[2026-06-17T04:11:15.101+0000] {subprocess.py:93} INFO - 	at org.apache.spark.sql.execution.SQLExecution$.withNewExecutionId(SQLExecution.scala:66)
[2026-06-17T04:11:15.102+0000] {subprocess.py:93} INFO - 	at org.apache.spark.sql.execution.streaming.MicroBatchExecution.$anonfun$runBatch$16(MicroBatchExecution.scala:729)
[2026-06-17T04:11:15.103+0000] {subprocess.py:93} INFO - 	at org.apache.spark.sql.execution.streaming.ProgressReporter.reportTimeTaken(ProgressReporter.scala:427)
[2026-06-17T04:11:15.104+0000] {subprocess.py:93} INFO - 	at org.apache.spark.sql.execution.streaming.ProgressReporter.reportTimeTaken$(ProgressReporter.scala:425)
[2026-06-17T04:11:15.105+0000] {subprocess.py:93} INFO - 	at org.apache.spark.sql.execution.streaming.StreamExecution.reportTimeTaken(StreamExecution.scala:67)
[2026-06-17T04:11:15.106+0000] {subprocess.py:93} INFO - 	at org.apache.spark.sql.execution.streaming.MicroBatchExecution.runBatch(MicroBatchExecution.scala:729)
[2026-06-17T04:11:15.108+0000] {subprocess.py:93} INFO - 	at org.apache.spark.sql.execution.streaming.MicroBatchExecution.$anonfun$runActivatedStream$2(MicroBatchExecution.scala:286)
[2026-06-17T04:11:15.111+0000] {subprocess.py:93} INFO - 	at scala.runtime.java8.JFunction0$mcV$sp.apply(JFunction0$mcV$sp.java:23)
[2026-06-17T04:11:15.112+0000] {subprocess.py:93} INFO - 	at org.apache.spark.sql.execution.streaming.ProgressReporter.reportTimeTaken(ProgressReporter.scala:427)
[2026-06-17T04:11:15.113+0000] {subprocess.py:93} INFO - 	at org.apache.spark.sql.execution.streaming.ProgressReporter.reportTimeTaken$(ProgressReporter.scala:425)
[2026-06-17T04:11:15.115+0000] {subprocess.py:93} INFO - 	at org.apache.spark.sql.execution.streaming.StreamExecution.reportTimeTaken(StreamExecution.scala:67)
[2026-06-17T04:11:15.118+0000] {subprocess.py:93} INFO - 	at org.apache.spark.sql.execution.streaming.MicroBatchExecution.$anonfun$runActivatedStream$1(MicroBatchExecution.scala:249)
[2026-06-17T04:11:15.119+0000] {subprocess.py:93} INFO - 	at org.apache.spark.sql.execution.streaming.ProcessingTimeExecutor.execute(TriggerExecutor.scala:67)
[2026-06-17T04:11:15.121+0000] {subprocess.py:93} INFO - 	at org.apache.spark.sql.execution.streaming.MicroBatchExecution.runActivatedStream(MicroBatchExecution.scala:239)
[2026-06-17T04:11:15.122+0000] {subprocess.py:93} INFO - 	at org.apache.spark.sql.execution.streaming.StreamExecution.$anonfun$runStream$1(StreamExecution.scala:311)
[2026-06-17T04:11:15.124+0000] {subprocess.py:93} INFO - 	at scala.runtime.java8.JFunction0$mcV$sp.apply(JFunction0$mcV$sp.java:23)
[2026-06-17T04:11:15.126+0000] {subprocess.py:93} INFO - 	at org.apache.spark.sql.SparkSession.withActive(SparkSession.scala:900)
[2026-06-17T04:11:15.128+0000] {subprocess.py:93} INFO - 	at org.apache.spark.sql.execution.streaming.StreamExecution.org$apache$spark$sql$execution$streaming$StreamExecution$$runStream(StreamExecution.scala:289)
[2026-06-17T04:11:15.130+0000] {subprocess.py:93} INFO - 	at org.apache.spark.sql.execution.streaming.StreamExecution$$anon$1.$anonfun$run$1(StreamExecution.scala:211)
[2026-06-17T04:11:15.132+0000] {subprocess.py:93} INFO - 	at scala.runtime.java8.JFunction0$mcV$sp.apply(JFunction0$mcV$sp.java:23)
[2026-06-17T04:11:15.133+0000] {subprocess.py:93} INFO - 	at org.apache.spark.JobArtifactSet$.withActiveJobArtifactState(JobArtifactSet.scala:94)
[2026-06-17T04:11:15.135+0000] {subprocess.py:93} INFO - 	at org.apache.spark.sql.execution.streaming.StreamExecution$$anon$1.run(StreamExecution.scala:211)
[2026-06-17T04:11:15.136+0000] {subprocess.py:93} INFO - Caused by: java.lang.IllegalStateException: Cannot call methods on a stopped SparkContext.
[2026-06-17T04:11:15.137+0000] {subprocess.py:93} INFO - This stopped SparkContext was created at:
[2026-06-17T04:11:15.139+0000] {subprocess.py:93} INFO - 
[2026-06-17T04:11:15.141+0000] {subprocess.py:93} INFO - org.apache.spark.api.java.JavaSparkContext.<init>(JavaSparkContext.scala:58)
[2026-06-17T04:11:15.142+0000] {subprocess.py:93} INFO - java.base/jdk.internal.reflect.NativeConstructorAccessorImpl.newInstance0(Native Method)
[2026-06-17T04:11:15.143+0000] {subprocess.py:93} INFO - java.base/jdk.internal.reflect.NativeConstructorAccessorImpl.newInstance(Unknown Source)
[2026-06-17T04:11:15.152+0000] {subprocess.py:93} INFO - java.base/jdk.internal.reflect.DelegatingConstructorAccessorImpl.newInstance(Unknown Source)
[2026-06-17T04:11:15.153+0000] {subprocess.py:93} INFO - java.base/java.lang.reflect.Constructor.newInstance(Unknown Source)
[2026-06-17T04:11:15.155+0000] {subprocess.py:93} INFO - py4j.reflection.MethodInvoker.invoke(MethodInvoker.java:247)
[2026-06-17T04:11:15.156+0000] {subprocess.py:93} INFO - py4j.reflection.ReflectionEngine.invoke(ReflectionEngine.java:374)
[2026-06-17T04:11:15.160+0000] {subprocess.py:93} INFO - py4j.Gateway.invoke(Gateway.java:238)
[2026-06-17T04:11:15.170+0000] {subprocess.py:93} INFO - py4j.commands.ConstructorCommand.invokeConstructor(ConstructorCommand.java:80)
[2026-06-17T04:11:15.171+0000] {subprocess.py:93} INFO - py4j.commands.ConstructorCommand.execute(ConstructorCommand.java:69)
[2026-06-17T04:11:15.173+0000] {subprocess.py:93} INFO - py4j.ClientServerConnection.waitForCommands(ClientServerConnection.java:182)
[2026-06-17T04:11:15.176+0000] {subprocess.py:93} INFO - py4j.ClientServerConnection.run(ClientServerConnection.java:106)
[2026-06-17T04:11:15.179+0000] {subprocess.py:93} INFO - java.base/java.lang.Thread.run(Unknown Source)
[2026-06-17T04:11:15.180+0000] {subprocess.py:93} INFO - 
[2026-06-17T04:11:15.191+0000] {subprocess.py:93} INFO - The currently active SparkContext was created at:
[2026-06-17T04:11:15.192+0000] {subprocess.py:93} INFO - 
[2026-06-17T04:11:15.193+0000] {subprocess.py:93} INFO - org.apache.spark.api.java.JavaSparkContext.<init>(JavaSparkContext.scala:58)
[2026-06-17T04:11:15.196+0000] {subprocess.py:93} INFO - java.base/jdk.internal.reflect.NativeConstructorAccessorImpl.newInstance0(Native Method)
[2026-06-17T04:11:15.197+0000] {subprocess.py:93} INFO - java.base/jdk.internal.reflect.NativeConstructorAccessorImpl.newInstance(Unknown Source)
[2026-06-17T04:11:15.207+0000] {subprocess.py:93} INFO - java.base/jdk.internal.reflect.DelegatingConstructorAccessorImpl.newInstance(Unknown Source)
[2026-06-17T04:11:15.212+0000] {subprocess.py:93} INFO - java.base/java.lang.reflect.Constructor.newInstance(Unknown Source)
[2026-06-17T04:11:15.217+0000] {subprocess.py:93} INFO - py4j.reflection.MethodInvoker.invoke(MethodInvoker.java:247)
[2026-06-17T04:11:15.218+0000] {subprocess.py:93} INFO - py4j.reflection.ReflectionEngine.invoke(ReflectionEngine.java:374)
[2026-06-17T04:11:15.221+0000] {subprocess.py:93} INFO - py4j.Gateway.invoke(Gateway.java:238)
[2026-06-17T04:11:15.228+0000] {subprocess.py:93} INFO - py4j.commands.ConstructorCommand.invokeConstructor(ConstructorCommand.java:80)
[2026-06-17T04:11:15.229+0000] {subprocess.py:93} INFO - py4j.commands.ConstructorCommand.execute(ConstructorCommand.java:69)
[2026-06-17T04:11:15.234+0000] {subprocess.py:93} INFO - py4j.ClientServerConnection.waitForCommands(ClientServerConnection.java:182)
[2026-06-17T04:11:15.237+0000] {subprocess.py:93} INFO - py4j.ClientServerConnection.run(ClientServerConnection.java:106)
[2026-06-17T04:11:15.239+0000] {subprocess.py:93} INFO - java.base/java.lang.Thread.run(Unknown Source)
[2026-06-17T04:11:15.241+0000] {subprocess.py:93} INFO - 
[2026-06-17T04:11:15.243+0000] {subprocess.py:93} INFO - 	at org.apache.spark.SparkContext.assertNotStopped(SparkContext.scala:122)
[2026-06-17T04:11:15.245+0000] {subprocess.py:93} INFO - 	at org.apache.spark.SparkContext.broadcastInternal(SparkContext.scala:1659)
[2026-06-17T04:11:15.246+0000] {subprocess.py:93} INFO - 	at org.apache.spark.SparkContext.broadcast(SparkContext.scala:1644)
[2026-06-17T04:11:15.247+0000] {subprocess.py:93} INFO - 	at org.apache.spark.scheduler.DAGScheduler.submitMissingTasks(DAGScheduler.scala:1585)
[2026-06-17T04:11:15.250+0000] {subprocess.py:93} INFO - 	at org.apache.spark.scheduler.DAGScheduler.submitStage(DAGScheduler.scala:1402)
[2026-06-17T04:11:15.255+0000] {subprocess.py:93} INFO - 	at org.apache.spark.scheduler.DAGScheduler.handleJobSubmitted(DAGScheduler.scala:1337)
[2026-06-17T04:11:15.256+0000] {subprocess.py:93} INFO - 	at org.apache.spark.scheduler.DAGSchedulerEventProcessLoop.doOnReceive(DAGScheduler.scala:3003)
[2026-06-17T04:11:15.257+0000] {subprocess.py:93} INFO - 	at org.apache.spark.scheduler.DAGSchedulerEventProcessLoop.onReceive(DAGScheduler.scala:2994)
[2026-06-17T04:11:15.260+0000] {subprocess.py:93} INFO - 	at org.apache.spark.scheduler.DAGSchedulerEventProcessLoop.onReceive(DAGScheduler.scala:2983)
[2026-06-17T04:11:15.261+0000] {subprocess.py:93} INFO - 	at org.apache.spark.util.EventLoop$$anon$1.run(EventLoop.scala:49)
[2026-06-17T04:11:16.417+0000] {subprocess.py:97} INFO - Command exited with return code 124
[2026-06-17T04:11:16.419+0000] {taskinstance.py:441} INFO - ::group::Post task execution logs
[2026-06-17T04:11:16.450+0000] {taskinstance.py:2890} ERROR - Task failed with exception
Traceback (most recent call last):
  File "/home/airflow/.local/lib/python3.12/site-packages/airflow/models/taskinstance.py", line 465, in _execute_task
    result = _execute_callable(context=context, **execute_callable_kwargs)
             ^^^^^^^^^^^^^^^^^^^^^^^^^^^^^^^^^^^^^^^^^^^^^^^^^^^^^^^^^^^^^
  File "/home/airflow/.local/lib/python3.12/site-packages/airflow/models/taskinstance.py", line 432, in _execute_callable
    return execute_callable(context=context, **execute_callable_kwargs)
           ^^^^^^^^^^^^^^^^^^^^^^^^^^^^^^^^^^^^^^^^^^^^^^^^^^^^^^^^^^^^
  File "/home/airflow/.local/lib/python3.12/site-packages/airflow/models/baseoperator.py", line 400, in wrapper
    return func(self, *args, **kwargs)
           ^^^^^^^^^^^^^^^^^^^^^^^^^^^
  File "/home/airflow/.local/lib/python3.12/site-packages/airflow/operators/bash.py", line 243, in execute
    raise AirflowException(
airflow.exceptions.AirflowException: Bash command failed. The command returned a non-zero exit code 124.
[2026-06-17T04:11:16.461+0000] {taskinstance.py:1205} INFO - Marking task as FAILED. dag_id=e-commerce_kafka_streaming_pipeline_v10, task_id=run_bronze, execution_date=20260617T030000, start_date=20260617T040914, end_date=20260617T041116
[2026-06-17T04:11:16.530+0000] {standard_task_runner.py:110} ERROR - Failed to execute job 41 for task run_bronze (Bash command failed. The command returned a non-zero exit code 124.; 2236)
[2026-06-17T04:11:16.558+0000] {local_task_job_runner.py:240} INFO - Task exited with return code 1
[2026-06-17T04:11:16.621+0000] {taskinstance.py:3482} INFO - 0 downstream tasks scheduled from follow-on schedule check
[2026-06-17T04:11:16.632+0000] {local_task_job_runner.py:222} INFO - ::endgroup::
