[2026-06-09T06:00:05.085+0000] {local_task_job_runner.py:120} INFO - ::group::Pre task execution logs
[2026-06-09T06:00:05.132+0000] {taskinstance.py:2073} INFO - Dependencies all met for dep_context=non-requeueable deps ti=<TaskInstance: e-commerce_kafka_streaming_pipeline_v10.run_bronze scheduled__2026-06-09T05:00:00+00:00 [queued]>
[2026-06-09T06:00:05.144+0000] {taskinstance.py:2073} INFO - Dependencies all met for dep_context=requeueable deps ti=<TaskInstance: e-commerce_kafka_streaming_pipeline_v10.run_bronze scheduled__2026-06-09T05:00:00+00:00 [queued]>
[2026-06-09T06:00:05.145+0000] {taskinstance.py:2303} INFO - Starting attempt 1 of 2
[2026-06-09T06:00:05.166+0000] {taskinstance.py:2327} INFO - Executing <Task(BashOperator): run_bronze> on 2026-06-09 05:00:00+00:00
[2026-06-09T06:00:05.179+0000] {logging_mixin.py:188} WARNING - /home/***/.local/lib/python3.12/site-packages/***/task/task_runner/standard_task_runner.py:61 DeprecationWarning: This process (pid=2525) is multi-threaded, use of fork() may lead to deadlocks in the child.
[2026-06-09T06:00:05.177+0000] {standard_task_runner.py:90} INFO - Running: ['***', 'tasks', 'run', 'e-commerce_kafka_streaming_pipeline_v10', 'run_bronze', 'scheduled__2026-06-09T05:00:00+00:00', '--job-id', '80', '--raw', '--subdir', 'DAGS_FOLDER/sdp_pipeline_dag.py', '--cfg-path', '/tmp/tmp8dnehs2_']
[2026-06-09T06:00:05.181+0000] {standard_task_runner.py:63} INFO - Started process 2526 to run task
[2026-06-09T06:00:05.181+0000] {standard_task_runner.py:91} INFO - Job 80: Subtask run_bronze
[2026-06-09T06:00:05.266+0000] {task_command.py:426} INFO - Running <TaskInstance: e-commerce_kafka_streaming_pipeline_v10.run_bronze scheduled__2026-06-09T05:00:00+00:00 [running]> on host 19d9c0c71dcc
[2026-06-09T06:00:05.400+0000] {taskinstance.py:2644} INFO - Exporting env vars: AIRFLOW_CTX_DAG_OWNER='dev' AIRFLOW_CTX_DAG_ID='e-commerce_kafka_streaming_pipeline_v10' AIRFLOW_CTX_TASK_ID='run_bronze' AIRFLOW_CTX_EXECUTION_DATE='2026-06-09T05:00:00+00:00' AIRFLOW_CTX_TRY_NUMBER='1' AIRFLOW_CTX_DAG_RUN_ID='scheduled__2026-06-09T05:00:00+00:00'
[2026-06-09T06:00:05.401+0000] {taskinstance.py:430} INFO - ::endgroup::
[2026-06-09T06:00:05.422+0000] {subprocess.py:63} INFO - Tmp dir root location: /tmp
[2026-06-09T06:00:05.424+0000] {subprocess.py:75} INFO - Running command: ['/usr/bin/bash', '-c', 'timeout 120s docker run --rm --network streaming_kafka_project_sdp-net --volume /d/Streaming_kafka_project/pipelines:/opt/pipelines --volume /d/Streaming_kafka_project/data:/opt/data --volume /d/Streaming_kafka_project/checkpoints:/opt/checkpoints --volume /d/Streaming_kafka_project/jars:/opt/jars apache/spark:3.5.1 /opt/spark/bin/spark-submit --master spark://sdp-spark-master:7077 --executor-cores 1 --executor-memory 512m --total-executor-cores 3 --jars /opt/jars/delta-spark_2.12-3.2.0.jar,/opt/jars/delta-storage-3.2.0.jar,/opt/jars/spark-sql-kafka-0-10_2.12-3.5.1.jar,/opt/jars/kafka-clients-3.4.1.jar,/opt/jars/spark-token-provider-kafka-0-10_2.12-3.5.1.jar,/opt/jars/commons-pool2-2.11.1.jar --conf spark.sql.extensions=io.delta.sql.DeltaSparkSessionExtension --conf spark.sql.catalog.spark_catalog=org.apache.spark.sql.delta.catalog.DeltaCatalog  /opt/pipelines/bronze_runner.py']
[2026-06-09T06:00:05.438+0000] {subprocess.py:86} INFO - Output:
[2026-06-09T06:00:09.436+0000] {subprocess.py:93} INFO - 26/06/09 06:00:09 WARN NativeCodeLoader: Unable to load native-hadoop library for your platform... using builtin-java classes where applicable
[2026-06-09T06:00:10.625+0000] {subprocess.py:93} INFO - 26/06/09 06:00:10 INFO SparkContext: Running Spark version 3.5.1
[2026-06-09T06:00:10.627+0000] {subprocess.py:93} INFO - 26/06/09 06:00:10 INFO SparkContext: OS info Linux, 6.6.114.1-microsoft-standard-WSL2, amd64
[2026-06-09T06:00:10.631+0000] {subprocess.py:93} INFO - 26/06/09 06:00:10 INFO SparkContext: Java version 11.0.22
[2026-06-09T06:00:10.681+0000] {subprocess.py:93} INFO - 26/06/09 06:00:10 INFO ResourceUtils: ==============================================================
[2026-06-09T06:00:10.683+0000] {subprocess.py:93} INFO - 26/06/09 06:00:10 INFO ResourceUtils: No custom resources configured for spark.driver.
[2026-06-09T06:00:10.686+0000] {subprocess.py:93} INFO - 26/06/09 06:00:10 INFO ResourceUtils: ==============================================================
[2026-06-09T06:00:10.687+0000] {subprocess.py:93} INFO - 26/06/09 06:00:10 INFO SparkContext: Submitted application: SDP-Bronze
[2026-06-09T06:00:10.723+0000] {subprocess.py:93} INFO - 26/06/09 06:00:10 INFO ResourceProfile: Default ResourceProfile created, executor resources: Map(cores -> name: cores, amount: 1, script: , vendor: , memory -> name: memory, amount: 512, script: , vendor: , offHeap -> name: offHeap, amount: 0, script: , vendor: ), task resources: Map(cpus -> name: cpus, amount: 1.0)
[2026-06-09T06:00:10.744+0000] {subprocess.py:93} INFO - 26/06/09 06:00:10 INFO ResourceProfile: Limiting resource is cpus at 1 tasks per executor
[2026-06-09T06:00:10.749+0000] {subprocess.py:93} INFO - 26/06/09 06:00:10 INFO ResourceProfileManager: Added ResourceProfile id: 0
[2026-06-09T06:00:10.823+0000] {subprocess.py:93} INFO - 26/06/09 06:00:10 INFO SecurityManager: Changing view acls to: spark
[2026-06-09T06:00:10.824+0000] {subprocess.py:93} INFO - 26/06/09 06:00:10 INFO SecurityManager: Changing modify acls to: spark
[2026-06-09T06:00:10.825+0000] {subprocess.py:93} INFO - 26/06/09 06:00:10 INFO SecurityManager: Changing view acls groups to:
[2026-06-09T06:00:10.827+0000] {subprocess.py:93} INFO - 26/06/09 06:00:10 INFO SecurityManager: Changing modify acls groups to:
[2026-06-09T06:00:10.828+0000] {subprocess.py:93} INFO - 26/06/09 06:00:10 INFO SecurityManager: SecurityManager: authentication disabled; ui acls disabled; users with view permissions: spark; groups with view permissions: EMPTY; users with modify permissions: spark; groups with modify permissions: EMPTY
[2026-06-09T06:00:11.195+0000] {subprocess.py:93} INFO - 26/06/09 06:00:11 INFO Utils: Successfully started service 'sparkDriver' on port 39259.
[2026-06-09T06:00:11.257+0000] {subprocess.py:93} INFO - 26/06/09 06:00:11 INFO SparkEnv: Registering MapOutputTracker
[2026-06-09T06:00:11.319+0000] {subprocess.py:93} INFO - 26/06/09 06:00:11 INFO SparkEnv: Registering BlockManagerMaster
[2026-06-09T06:00:11.377+0000] {subprocess.py:93} INFO - 26/06/09 06:00:11 INFO BlockManagerMasterEndpoint: Using org.apache.spark.storage.DefaultTopologyMapper for getting topology information
[2026-06-09T06:00:11.378+0000] {subprocess.py:93} INFO - 26/06/09 06:00:11 INFO BlockManagerMasterEndpoint: BlockManagerMasterEndpoint up
[2026-06-09T06:00:11.388+0000] {subprocess.py:93} INFO - 26/06/09 06:00:11 INFO SparkEnv: Registering BlockManagerMasterHeartbeat
[2026-06-09T06:00:11.435+0000] {subprocess.py:93} INFO - 26/06/09 06:00:11 INFO DiskBlockManager: Created local directory at /tmp/blockmgr-e2d4c987-92be-4c24-a525-af78032bedd0
[2026-06-09T06:00:11.462+0000] {subprocess.py:93} INFO - 26/06/09 06:00:11 INFO MemoryStore: MemoryStore started with capacity 434.4 MiB
[2026-06-09T06:00:11.486+0000] {subprocess.py:93} INFO - 26/06/09 06:00:11 INFO SparkEnv: Registering OutputCommitCoordinator
[2026-06-09T06:00:11.671+0000] {subprocess.py:93} INFO - 26/06/09 06:00:11 INFO JettyUtils: Start Jetty 0.0.0.0:4040 for SparkUI
[2026-06-09T06:00:11.758+0000] {subprocess.py:93} INFO - 26/06/09 06:00:11 INFO Utils: Successfully started service 'SparkUI' on port 4040.
[2026-06-09T06:00:11.814+0000] {subprocess.py:93} INFO - 26/06/09 06:00:11 INFO SparkContext: Added JAR file:///opt/jars/delta-spark_2.12-3.2.0.jar at spark://f788e5057112:39259/jars/delta-spark_2.12-3.2.0.jar with timestamp 1780984810609
[2026-06-09T06:00:11.816+0000] {subprocess.py:93} INFO - 26/06/09 06:00:11 INFO SparkContext: Added JAR file:///opt/jars/delta-storage-3.2.0.jar at spark://f788e5057112:39259/jars/delta-storage-3.2.0.jar with timestamp 1780984810609
[2026-06-09T06:00:11.817+0000] {subprocess.py:93} INFO - 26/06/09 06:00:11 INFO SparkContext: Added JAR file:///opt/jars/spark-sql-kafka-0-10_2.12-3.5.1.jar at spark://f788e5057112:39259/jars/spark-sql-kafka-0-10_2.12-3.5.1.jar with timestamp 1780984810609
[2026-06-09T06:00:11.819+0000] {subprocess.py:93} INFO - 26/06/09 06:00:11 INFO SparkContext: Added JAR file:///opt/jars/kafka-clients-3.4.1.jar at spark://f788e5057112:39259/jars/kafka-clients-3.4.1.jar with timestamp 1780984810609
[2026-06-09T06:00:11.821+0000] {subprocess.py:93} INFO - 26/06/09 06:00:11 INFO SparkContext: Added JAR file:///opt/jars/spark-token-provider-kafka-0-10_2.12-3.5.1.jar at spark://f788e5057112:39259/jars/spark-token-provider-kafka-0-10_2.12-3.5.1.jar with timestamp 1780984810609
[2026-06-09T06:00:11.823+0000] {subprocess.py:93} INFO - 26/06/09 06:00:11 INFO SparkContext: Added JAR file:///opt/jars/commons-pool2-2.11.1.jar at spark://f788e5057112:39259/jars/commons-pool2-2.11.1.jar with timestamp 1780984810609
[2026-06-09T06:00:11.954+0000] {subprocess.py:93} INFO - 26/06/09 06:00:11 INFO StandaloneAppClient$ClientEndpoint: Connecting to master spark://sdp-spark-master:7077...
[2026-06-09T06:00:12.035+0000] {subprocess.py:93} INFO - 26/06/09 06:00:12 INFO TransportClientFactory: Successfully created connection to sdp-spark-master/172.18.0.4:7077 after 48 ms (0 ms spent in bootstraps)
[2026-06-09T06:00:12.187+0000] {subprocess.py:93} INFO - 26/06/09 06:00:12 INFO StandaloneSchedulerBackend: Connected to Spark cluster with app ID app-20260609060012-0027
[2026-06-09T06:00:12.188+0000] {subprocess.py:93} INFO - 26/06/09 06:00:12 INFO StandaloneAppClient$ClientEndpoint: Executor added: app-20260609060012-0027/0 on worker-20260608131402-172.18.0.6-44005 (172.18.0.6:44005) with 1 core(s)
[2026-06-09T06:00:12.203+0000] {subprocess.py:93} INFO - 26/06/09 06:00:12 INFO StandaloneSchedulerBackend: Granted executor ID app-20260609060012-0027/0 on hostPort 172.18.0.6:44005 with 1 core(s), 512.0 MiB RAM
[2026-06-09T06:00:12.211+0000] {subprocess.py:93} INFO - 26/06/09 06:00:12 INFO StandaloneAppClient$ClientEndpoint: Executor added: app-20260609060012-0027/1 on worker-20260608131402-172.18.0.6-44005 (172.18.0.6:44005) with 1 core(s)
[2026-06-09T06:00:12.214+0000] {subprocess.py:93} INFO - 26/06/09 06:00:12 INFO StandaloneSchedulerBackend: Granted executor ID app-20260609060012-0027/1 on hostPort 172.18.0.6:44005 with 1 core(s), 512.0 MiB RAM
[2026-06-09T06:00:12.217+0000] {subprocess.py:93} INFO - 26/06/09 06:00:12 INFO StandaloneAppClient$ClientEndpoint: Executor added: app-20260609060012-0027/2 on worker-20260608131402-172.18.0.5-38399 (172.18.0.5:38399) with 1 core(s)
[2026-06-09T06:00:12.219+0000] {subprocess.py:93} INFO - 26/06/09 06:00:12 INFO StandaloneSchedulerBackend: Granted executor ID app-20260609060012-0027/2 on hostPort 172.18.0.5:38399 with 1 core(s), 512.0 MiB RAM
[2026-06-09T06:00:12.239+0000] {subprocess.py:93} INFO - 26/06/09 06:00:12 INFO Utils: Successfully started service 'org.apache.spark.network.netty.NettyBlockTransferService' on port 40875.
[2026-06-09T06:00:12.241+0000] {subprocess.py:93} INFO - 26/06/09 06:00:12 INFO NettyBlockTransferService: Server created on f788e5057112:40875
[2026-06-09T06:00:12.244+0000] {subprocess.py:93} INFO - 26/06/09 06:00:12 INFO BlockManager: Using org.apache.spark.storage.RandomBlockReplicationPolicy for block replication policy
[2026-06-09T06:00:12.283+0000] {subprocess.py:93} INFO - 26/06/09 06:00:12 INFO BlockManagerMaster: Registering BlockManager BlockManagerId(driver, f788e5057112, 40875, None)
[2026-06-09T06:00:12.301+0000] {subprocess.py:93} INFO - 26/06/09 06:00:12 INFO BlockManagerMasterEndpoint: Registering block manager f788e5057112:40875 with 434.4 MiB RAM, BlockManagerId(driver, f788e5057112, 40875, None)
[2026-06-09T06:00:12.317+0000] {subprocess.py:93} INFO - 26/06/09 06:00:12 INFO BlockManagerMaster: Registered BlockManager BlockManagerId(driver, f788e5057112, 40875, None)
[2026-06-09T06:00:12.332+0000] {subprocess.py:93} INFO - 26/06/09 06:00:12 INFO BlockManager: Initialized BlockManager: BlockManagerId(driver, f788e5057112, 40875, None)
[2026-06-09T06:00:12.382+0000] {subprocess.py:93} INFO - 26/06/09 06:00:12 INFO StandaloneAppClient$ClientEndpoint: Executor updated: app-20260609060012-0027/2 is now RUNNING
[2026-06-09T06:00:12.386+0000] {subprocess.py:93} INFO - 26/06/09 06:00:12 INFO StandaloneAppClient$ClientEndpoint: Executor updated: app-20260609060012-0027/0 is now RUNNING
[2026-06-09T06:00:12.436+0000] {subprocess.py:93} INFO - 26/06/09 06:00:12 INFO StandaloneAppClient$ClientEndpoint: Executor updated: app-20260609060012-0027/1 is now RUNNING
[2026-06-09T06:00:13.368+0000] {subprocess.py:93} INFO - 26/06/09 06:00:13 INFO StandaloneSchedulerBackend: SchedulerBackend is ready for scheduling beginning after reached minRegisteredResourcesRatio: 0.0
[2026-06-09T06:00:14.175+0000] {subprocess.py:93} INFO - Starting stream: orders -> /opt/data/bronze/orders
[2026-06-09T06:00:43.475+0000] {subprocess.py:93} INFO - 26/06/09 06:00:43 WARN ResolveWriteToStream: spark.sql.adaptive.enabled is not supported in streaming DataFrames/Datasets and will be disabled.
[2026-06-09T06:00:43.724+0000] {subprocess.py:93} INFO - Starting stream: customers -> /opt/data/bronze/customers
[2026-06-09T06:00:45.709+0000] {subprocess.py:93} INFO - 26/06/09 06:00:45 WARN AdminClientConfig: These configurations '[key.deserializer, value.deserializer, enable.auto.commit, max.poll.records, auto.offset.reset]' were supplied but are not used yet.
[2026-06-09T06:00:46.089+0000] {subprocess.py:93} INFO - 26/06/09 06:00:46 WARN ResolveWriteToStream: spark.sql.adaptive.enabled is not supported in streaming DataFrames/Datasets and will be disabled.
[2026-06-09T06:00:46.164+0000] {subprocess.py:93} INFO - Starting stream: products -> /opt/data/bronze/products
[2026-06-09T06:00:47.913+0000] {subprocess.py:93} INFO - 26/06/09 06:00:47 WARN ResolveWriteToStream: spark.sql.adaptive.enabled is not supported in streaming DataFrames/Datasets and will be disabled.
[2026-06-09T06:00:48.922+0000] {subprocess.py:93} INFO - 26/06/09 06:00:48 WARN AdminClientConfig: These configurations '[key.deserializer, value.deserializer, enable.auto.commit, max.poll.records, auto.offset.reset]' were supplied but are not used yet.
[2026-06-09T06:00:50.612+0000] {subprocess.py:93} INFO - 26/06/09 06:00:50 WARN SparkStringUtils: Truncated the string representation of a plan since it was too large. This behavior can be adjusted by setting 'spark.sql.debug.maxToStringFields'.
[2026-06-09T06:01:47.375+0000] {subprocess.py:93} INFO - 26/06/09 06:01:47 WARN AdminClientConfig: These configurations '[key.deserializer, value.deserializer, enable.auto.commit, max.poll.records, auto.offset.reset]' were supplied but are not used yet.
[2026-06-09T06:02:06.712+0000] {subprocess.py:97} INFO - Command exited with return code 124
[2026-06-09T06:02:06.719+0000] {taskinstance.py:441} INFO - ::group::Post task execution logs
[2026-06-09T06:02:06.759+0000] {taskinstance.py:2890} ERROR - Task failed with exception
Traceback (most recent call last):
  File "/home/airflow/.local/lib/python3.12/site-packages/airflow/models/taskinstance.py", line 465, in _execute_task
    result = _execute_callable(context=context, **execute_callable_kwargs)
             ^^^^^^^^^^^^^^^^^^^^^^^^^^^^^^^^^^^^^^^^^^^^^^^^^^^^^^^^^^^^^
  File "/home/airflow/.local/lib/python3.12/site-packages/airflow/models/taskinstance.py", line 432, in _execute_callable
    return execute_callable(context=context, **execute_callable_kwargs)
           ^^^^^^^^^^^^^^^^^^^^^^^^^^^^^^^^^^^^^^^^^^^^^^^^^^^^^^^^^^^^
  File "/home/airflow/.local/lib/python3.12/site-packages/airflow/models/baseoperator.py", line 400, in wrapper
    return func(self, *args, **kwargs)
           ^^^^^^^^^^^^^^^^^^^^^^^^^^^
  File "/home/airflow/.local/lib/python3.12/site-packages/airflow/operators/bash.py", line 243, in execute
    raise AirflowException(
airflow.exceptions.AirflowException: Bash command failed. The command returned a non-zero exit code 124.
[2026-06-09T06:02:06.770+0000] {taskinstance.py:1205} INFO - Marking task as UP_FOR_RETRY. dag_id=e-commerce_kafka_streaming_pipeline_v10, task_id=run_bronze, execution_date=20260609T050000, start_date=20260609T060005, end_date=20260609T060206
[2026-06-09T06:02:06.810+0000] {standard_task_runner.py:110} ERROR - Failed to execute job 80 for task run_bronze (Bash command failed. The command returned a non-zero exit code 124.; 2526)
[2026-06-09T06:02:06.869+0000] {local_task_job_runner.py:240} INFO - Task exited with return code 1
[2026-06-09T06:02:06.932+0000] {taskinstance.py:3482} INFO - 0 downstream tasks scheduled from follow-on schedule check
[2026-06-09T06:02:06.936+0000] {local_task_job_runner.py:222} INFO - ::endgroup::
