[2026-07-17T06:07:09.309+0000] {local_task_job_runner.py:120} INFO - ::group::Pre task execution logs
[2026-07-17T06:07:09.466+0000] {taskinstance.py:2073} INFO - Dependencies all met for dep_context=non-requeueable deps ti=<TaskInstance: e-commerce_kafka_streaming_pipeline_v1.run_bronze scheduled__2026-07-17T05:00:00+00:00 [queued]>
[2026-07-17T06:07:09.476+0000] {taskinstance.py:2073} INFO - Dependencies all met for dep_context=requeueable deps ti=<TaskInstance: e-commerce_kafka_streaming_pipeline_v1.run_bronze scheduled__2026-07-17T05:00:00+00:00 [queued]>
[2026-07-17T06:07:09.477+0000] {taskinstance.py:2303} INFO - Starting attempt 2 of 2
[2026-07-17T06:07:09.501+0000] {taskinstance.py:2327} INFO - Executing <Task(BashOperator): run_bronze> on 2026-07-17 05:00:00+00:00
[2026-07-17T06:07:09.508+0000] {standard_task_runner.py:90} INFO - Running: ['***', 'tasks', 'run', 'e-commerce_kafka_streaming_pipeline_v1', 'run_bronze', 'scheduled__2026-07-17T05:00:00+00:00', '--job-id', '104', '--raw', '--subdir', 'DAGS_FOLDER/sdp_pipeline_dag.py', '--cfg-path', '/tmp/tmp6wq2cios']
[2026-07-17T06:07:09.511+0000] {standard_task_runner.py:91} INFO - Job 104: Subtask run_bronze
[2026-07-17T06:07:09.525+0000] {logging_mixin.py:188} WARNING - /home/***/.local/lib/python3.12/site-packages/***/task/task_runner/standard_task_runner.py:61 DeprecationWarning: This process (pid=3111) is multi-threaded, use of fork() may lead to deadlocks in the child.
[2026-07-17T06:07:09.526+0000] {standard_task_runner.py:63} INFO - Started process 3112 to run task
[2026-07-17T06:07:09.579+0000] {task_command.py:426} INFO - Running <TaskInstance: e-commerce_kafka_streaming_pipeline_v1.run_bronze scheduled__2026-07-17T05:00:00+00:00 [running]> on host da27550080bf
[2026-07-17T06:07:09.706+0000] {taskinstance.py:2644} INFO - Exporting env vars: AIRFLOW_CTX_DAG_OWNER='dev' AIRFLOW_CTX_DAG_ID='e-commerce_kafka_streaming_pipeline_v1' AIRFLOW_CTX_TASK_ID='run_bronze' AIRFLOW_CTX_EXECUTION_DATE='2026-07-17T05:00:00+00:00' AIRFLOW_CTX_TRY_NUMBER='2' AIRFLOW_CTX_DAG_RUN_ID='scheduled__2026-07-17T05:00:00+00:00'
[2026-07-17T06:07:09.708+0000] {taskinstance.py:430} INFO - ::endgroup::
[2026-07-17T06:07:09.751+0000] {subprocess.py:63} INFO - Tmp dir root location: /tmp
[2026-07-17T06:07:09.754+0000] {subprocess.py:75} INFO - Running command: ['/usr/bin/bash', '-c', 'timeout 150s docker run --rm --network streaming_kafka_project_sdp-net --volume /d/Streaming_kafka_project/pipelines:/opt/pipelines --volume /d/Streaming_kafka_project/data:/opt/data --volume /d/Streaming_kafka_project/checkpoints:/opt/checkpoints --volume /d/Streaming_kafka_project/jars:/opt/jars apache/spark:3.5.1 /opt/spark/bin/spark-submit --master spark://sdp-spark-master:7077 --executor-cores 1 --executor-memory 512m --total-executor-cores 3 --jars /opt/jars/delta-spark_2.12-3.2.0.jar,/opt/jars/delta-storage-3.2.0.jar,/opt/jars/spark-sql-kafka-0-10_2.12-3.5.1.jar,/opt/jars/kafka-clients-3.4.1.jar,/opt/jars/spark-token-provider-kafka-0-10_2.12-3.5.1.jar,/opt/jars/commons-pool2-2.11.1.jar --conf spark.sql.extensions=io.delta.sql.DeltaSparkSessionExtension --conf spark.sql.catalog.spark_catalog=org.apache.spark.sql.delta.catalog.DeltaCatalog  /opt/pipelines/bronze_runner.py']
[2026-07-17T06:07:09.770+0000] {subprocess.py:86} INFO - Output:
[2026-07-17T06:07:12.834+0000] {subprocess.py:93} INFO - 26/07/17 06:07:12 WARN NativeCodeLoader: Unable to load native-hadoop library for your platform... using builtin-java classes where applicable
[2026-07-17T06:07:13.699+0000] {subprocess.py:93} INFO - 26/07/17 06:07:13 INFO SparkContext: Running Spark version 3.5.1
[2026-07-17T06:07:13.700+0000] {subprocess.py:93} INFO - 26/07/17 06:07:13 INFO SparkContext: OS info Linux, 6.18.33.2-microsoft-standard-WSL2, amd64
[2026-07-17T06:07:13.701+0000] {subprocess.py:93} INFO - 26/07/17 06:07:13 INFO SparkContext: Java version 11.0.22
[2026-07-17T06:07:13.732+0000] {subprocess.py:93} INFO - 26/07/17 06:07:13 INFO ResourceUtils: ==============================================================
[2026-07-17T06:07:13.733+0000] {subprocess.py:93} INFO - 26/07/17 06:07:13 INFO ResourceUtils: No custom resources configured for spark.driver.
[2026-07-17T06:07:13.734+0000] {subprocess.py:93} INFO - 26/07/17 06:07:13 INFO ResourceUtils: ==============================================================
[2026-07-17T06:07:13.735+0000] {subprocess.py:93} INFO - 26/07/17 06:07:13 INFO SparkContext: Submitted application: SDP-Bronze
[2026-07-17T06:07:13.757+0000] {subprocess.py:93} INFO - 26/07/17 06:07:13 INFO ResourceProfile: Default ResourceProfile created, executor resources: Map(cores -> name: cores, amount: 1, script: , vendor: , memory -> name: memory, amount: 512, script: , vendor: , offHeap -> name: offHeap, amount: 0, script: , vendor: ), task resources: Map(cpus -> name: cpus, amount: 1.0)
[2026-07-17T06:07:13.771+0000] {subprocess.py:93} INFO - 26/07/17 06:07:13 INFO ResourceProfile: Limiting resource is cpus at 1 tasks per executor
[2026-07-17T06:07:13.772+0000] {subprocess.py:93} INFO - 26/07/17 06:07:13 INFO ResourceProfileManager: Added ResourceProfile id: 0
[2026-07-17T06:07:13.846+0000] {subprocess.py:93} INFO - 26/07/17 06:07:13 INFO SecurityManager: Changing view acls to: spark
[2026-07-17T06:07:13.847+0000] {subprocess.py:93} INFO - 26/07/17 06:07:13 INFO SecurityManager: Changing modify acls to: spark
[2026-07-17T06:07:13.848+0000] {subprocess.py:93} INFO - 26/07/17 06:07:13 INFO SecurityManager: Changing view acls groups to:
[2026-07-17T06:07:13.849+0000] {subprocess.py:93} INFO - 26/07/17 06:07:13 INFO SecurityManager: Changing modify acls groups to:
[2026-07-17T06:07:13.849+0000] {subprocess.py:93} INFO - 26/07/17 06:07:13 INFO SecurityManager: SecurityManager: authentication disabled; ui acls disabled; users with view permissions: spark; groups with view permissions: EMPTY; users with modify permissions: spark; groups with modify permissions: EMPTY
[2026-07-17T06:07:14.097+0000] {subprocess.py:93} INFO - 26/07/17 06:07:14 INFO Utils: Successfully started service 'sparkDriver' on port 33661.
[2026-07-17T06:07:14.143+0000] {subprocess.py:93} INFO - 26/07/17 06:07:14 INFO SparkEnv: Registering MapOutputTracker
[2026-07-17T06:07:14.186+0000] {subprocess.py:93} INFO - 26/07/17 06:07:14 INFO SparkEnv: Registering BlockManagerMaster
[2026-07-17T06:07:14.209+0000] {subprocess.py:93} INFO - 26/07/17 06:07:14 INFO BlockManagerMasterEndpoint: Using org.apache.spark.storage.DefaultTopologyMapper for getting topology information
[2026-07-17T06:07:14.210+0000] {subprocess.py:93} INFO - 26/07/17 06:07:14 INFO BlockManagerMasterEndpoint: BlockManagerMasterEndpoint up
[2026-07-17T06:07:14.215+0000] {subprocess.py:93} INFO - 26/07/17 06:07:14 INFO SparkEnv: Registering BlockManagerMasterHeartbeat
[2026-07-17T06:07:14.236+0000] {subprocess.py:93} INFO - 26/07/17 06:07:14 INFO DiskBlockManager: Created local directory at /tmp/blockmgr-504d6c53-0943-45fa-80f2-c6a207b2fb64
[2026-07-17T06:07:14.249+0000] {subprocess.py:93} INFO - 26/07/17 06:07:14 INFO MemoryStore: MemoryStore started with capacity 434.4 MiB
[2026-07-17T06:07:14.263+0000] {subprocess.py:93} INFO - 26/07/17 06:07:14 INFO SparkEnv: Registering OutputCommitCoordinator
[2026-07-17T06:07:14.382+0000] {subprocess.py:93} INFO - 26/07/17 06:07:14 INFO JettyUtils: Start Jetty 0.0.0.0:4040 for SparkUI
[2026-07-17T06:07:14.430+0000] {subprocess.py:93} INFO - 26/07/17 06:07:14 INFO Utils: Successfully started service 'SparkUI' on port 4040.
[2026-07-17T06:07:14.463+0000] {subprocess.py:93} INFO - 26/07/17 06:07:14 INFO SparkContext: Added JAR file:///opt/jars/delta-spark_2.12-3.2.0.jar at spark://430d27116012:33661/jars/delta-spark_2.12-3.2.0.jar with timestamp 1784268433690
[2026-07-17T06:07:14.465+0000] {subprocess.py:93} INFO - 26/07/17 06:07:14 INFO SparkContext: Added JAR file:///opt/jars/delta-storage-3.2.0.jar at spark://430d27116012:33661/jars/delta-storage-3.2.0.jar with timestamp 1784268433690
[2026-07-17T06:07:14.466+0000] {subprocess.py:93} INFO - 26/07/17 06:07:14 INFO SparkContext: Added JAR file:///opt/jars/spark-sql-kafka-0-10_2.12-3.5.1.jar at spark://430d27116012:33661/jars/spark-sql-kafka-0-10_2.12-3.5.1.jar with timestamp 1784268433690
[2026-07-17T06:07:14.467+0000] {subprocess.py:93} INFO - 26/07/17 06:07:14 INFO SparkContext: Added JAR file:///opt/jars/kafka-clients-3.4.1.jar at spark://430d27116012:33661/jars/kafka-clients-3.4.1.jar with timestamp 1784268433690
[2026-07-17T06:07:14.467+0000] {subprocess.py:93} INFO - 26/07/17 06:07:14 INFO SparkContext: Added JAR file:///opt/jars/spark-token-provider-kafka-0-10_2.12-3.5.1.jar at spark://430d27116012:33661/jars/spark-token-provider-kafka-0-10_2.12-3.5.1.jar with timestamp 1784268433690
[2026-07-17T06:07:14.468+0000] {subprocess.py:93} INFO - 26/07/17 06:07:14 INFO SparkContext: Added JAR file:///opt/jars/commons-pool2-2.11.1.jar at spark://430d27116012:33661/jars/commons-pool2-2.11.1.jar with timestamp 1784268433690
[2026-07-17T06:07:14.542+0000] {subprocess.py:93} INFO - 26/07/17 06:07:14 INFO StandaloneAppClient$ClientEndpoint: Connecting to master spark://sdp-spark-master:7077...
[2026-07-17T06:07:14.597+0000] {subprocess.py:93} INFO - 26/07/17 06:07:14 INFO TransportClientFactory: Successfully created connection to sdp-spark-master/172.18.0.4:7077 after 33 ms (0 ms spent in bootstraps)
[2026-07-17T06:07:14.682+0000] {subprocess.py:93} INFO - 26/07/17 06:07:14 INFO StandaloneSchedulerBackend: Connected to Spark cluster with app ID app-20260717060714-0047
[2026-07-17T06:07:14.684+0000] {subprocess.py:93} INFO - 26/07/17 06:07:14 INFO StandaloneAppClient$ClientEndpoint: Executor added: app-20260717060714-0047/0 on worker-20260716063602-172.18.0.6-33249 (172.18.0.6:33249) with 1 core(s)
[2026-07-17T06:07:14.688+0000] {subprocess.py:93} INFO - 26/07/17 06:07:14 INFO StandaloneSchedulerBackend: Granted executor ID app-20260717060714-0047/0 on hostPort 172.18.0.6:33249 with 1 core(s), 512.0 MiB RAM
[2026-07-17T06:07:14.690+0000] {subprocess.py:93} INFO - 26/07/17 06:07:14 INFO StandaloneAppClient$ClientEndpoint: Executor added: app-20260717060714-0047/1 on worker-20260716063602-172.18.0.6-33249 (172.18.0.6:33249) with 1 core(s)
[2026-07-17T06:07:14.691+0000] {subprocess.py:93} INFO - 26/07/17 06:07:14 INFO StandaloneSchedulerBackend: Granted executor ID app-20260717060714-0047/1 on hostPort 172.18.0.6:33249 with 1 core(s), 512.0 MiB RAM
[2026-07-17T06:07:14.692+0000] {subprocess.py:93} INFO - 26/07/17 06:07:14 INFO StandaloneAppClient$ClientEndpoint: Executor added: app-20260717060714-0047/2 on worker-20260716063602-172.18.0.5-44367 (172.18.0.5:44367) with 1 core(s)
[2026-07-17T06:07:14.694+0000] {subprocess.py:93} INFO - 26/07/17 06:07:14 INFO StandaloneSchedulerBackend: Granted executor ID app-20260717060714-0047/2 on hostPort 172.18.0.5:44367 with 1 core(s), 512.0 MiB RAM
[2026-07-17T06:07:14.704+0000] {subprocess.py:93} INFO - 26/07/17 06:07:14 INFO Utils: Successfully started service 'org.apache.spark.network.netty.NettyBlockTransferService' on port 35841.
[2026-07-17T06:07:14.708+0000] {subprocess.py:93} INFO - 26/07/17 06:07:14 INFO NettyBlockTransferService: Server created on 430d27116012:35841
[2026-07-17T06:07:14.712+0000] {subprocess.py:93} INFO - 26/07/17 06:07:14 INFO BlockManager: Using org.apache.spark.storage.RandomBlockReplicationPolicy for block replication policy
[2026-07-17T06:07:14.715+0000] {subprocess.py:93} INFO - 26/07/17 06:07:14 INFO BlockManagerMaster: Registering BlockManager BlockManagerId(driver, 430d27116012, 35841, None)
[2026-07-17T06:07:14.722+0000] {subprocess.py:93} INFO - 26/07/17 06:07:14 INFO BlockManagerMasterEndpoint: Registering block manager 430d27116012:35841 with 434.4 MiB RAM, BlockManagerId(driver, 430d27116012, 35841, None)
[2026-07-17T06:07:14.729+0000] {subprocess.py:93} INFO - 26/07/17 06:07:14 INFO BlockManagerMaster: Registered BlockManager BlockManagerId(driver, 430d27116012, 35841, None)
[2026-07-17T06:07:14.731+0000] {subprocess.py:93} INFO - 26/07/17 06:07:14 INFO BlockManager: Initialized BlockManager: BlockManagerId(driver, 430d27116012, 35841, None)
[2026-07-17T06:07:14.739+0000] {subprocess.py:93} INFO - 26/07/17 06:07:14 INFO StandaloneAppClient$ClientEndpoint: Executor updated: app-20260717060714-0047/1 is now RUNNING
[2026-07-17T06:07:14.747+0000] {subprocess.py:93} INFO - 26/07/17 06:07:14 INFO StandaloneAppClient$ClientEndpoint: Executor updated: app-20260717060714-0047/0 is now RUNNING
[2026-07-17T06:07:14.805+0000] {subprocess.py:93} INFO - 26/07/17 06:07:14 INFO StandaloneAppClient$ClientEndpoint: Executor updated: app-20260717060714-0047/2 is now RUNNING
[2026-07-17T06:07:15.169+0000] {subprocess.py:93} INFO - 26/07/17 06:07:15 INFO StandaloneSchedulerBackend: SchedulerBackend is ready for scheduling beginning after reached minRegisteredResourcesRatio: 0.0
[2026-07-17T06:07:15.724+0000] {subprocess.py:93} INFO - Starting stream: orders -> /opt/data/bronze/orders
[2026-07-17T06:07:30.924+0000] {subprocess.py:93} INFO - 26/07/17 06:07:30 WARN ResolveWriteToStream: spark.sql.adaptive.enabled is not supported in streaming DataFrames/Datasets and will be disabled.
[2026-07-17T06:07:31.270+0000] {subprocess.py:93} INFO - Starting stream: customers -> /opt/data/bronze/customers
[2026-07-17T06:07:34.500+0000] {subprocess.py:93} INFO - 26/07/17 06:07:34 WARN ResolveWriteToStream: spark.sql.adaptive.enabled is not supported in streaming DataFrames/Datasets and will be disabled.
[2026-07-17T06:07:34.568+0000] {subprocess.py:93} INFO - Starting stream: products -> /opt/data/bronze/products
[2026-07-17T06:07:37.452+0000] {subprocess.py:93} INFO - 26/07/17 06:07:37 WARN SparkStringUtils: Truncated the string representation of a plan since it was too large. This behavior can be adjusted by setting 'spark.sql.debug.maxToStringFields'.
[2026-07-17T06:07:38.083+0000] {subprocess.py:93} INFO - 26/07/17 06:07:38 WARN ResolveWriteToStream: spark.sql.adaptive.enabled is not supported in streaming DataFrames/Datasets and will be disabled.
[2026-07-17T06:08:08.544+0000] {subprocess.py:93} INFO - 26/07/17 06:08:08 WARN AdminClientConfig: These configurations '[key.deserializer, value.deserializer, enable.auto.commit, max.poll.records, auto.offset.reset]' were supplied but are not used yet.
[2026-07-17T06:08:08.546+0000] {subprocess.py:93} INFO - 26/07/17 06:08:08 WARN AdminClientConfig: These configurations '[key.deserializer, value.deserializer, enable.auto.commit, max.poll.records, auto.offset.reset]' were supplied but are not used yet.
[2026-07-17T06:08:08.547+0000] {subprocess.py:93} INFO - 26/07/17 06:08:08 WARN AdminClientConfig: These configurations '[key.deserializer, value.deserializer, enable.auto.commit, max.poll.records, auto.offset.reset]' were supplied but are not used yet.
[2026-07-17T06:09:26.551+0000] {subprocess.py:97} INFO - Command exited with return code 0
[2026-07-17T06:09:26.568+0000] {taskinstance.py:441} INFO - ::group::Post task execution logs
[2026-07-17T06:09:26.738+0000] {taskinstance.py:1205} INFO - Marking task as SUCCESS. dag_id=e-commerce_kafka_streaming_pipeline_v1, task_id=run_bronze, execution_date=20260717T050000, start_date=20260717T060709, end_date=20260717T060926
[2026-07-17T06:09:26.887+0000] {local_task_job_runner.py:240} INFO - Task exited with return code 0
[2026-07-17T06:09:27.198+0000] {taskinstance.py:3482} INFO - 1 downstream tasks scheduled from follow-on schedule check
[2026-07-17T06:09:27.208+0000] {local_task_job_runner.py:222} INFO - ::endgroup::
