[2026-07-17T06:02:01.528+0000] {local_task_job_runner.py:120} INFO - ::group::Pre task execution logs
[2026-07-17T06:02:01.570+0000] {taskinstance.py:2073} INFO - Dependencies all met for dep_context=non-requeueable deps ti=<TaskInstance: e-commerce_kafka_streaming_pipeline_v1.run_bronze scheduled__2026-07-17T05:00:00+00:00 [queued]>
[2026-07-17T06:02:01.582+0000] {taskinstance.py:2073} INFO - Dependencies all met for dep_context=requeueable deps ti=<TaskInstance: e-commerce_kafka_streaming_pipeline_v1.run_bronze scheduled__2026-07-17T05:00:00+00:00 [queued]>
[2026-07-17T06:02:01.583+0000] {taskinstance.py:2303} INFO - Starting attempt 1 of 2
[2026-07-17T06:02:01.602+0000] {taskinstance.py:2327} INFO - Executing <Task(BashOperator): run_bronze> on 2026-07-17 05:00:00+00:00
[2026-07-17T06:02:01.609+0000] {standard_task_runner.py:90} INFO - Running: ['***', 'tasks', 'run', 'e-commerce_kafka_streaming_pipeline_v1', 'run_bronze', 'scheduled__2026-07-17T05:00:00+00:00', '--job-id', '95', '--raw', '--subdir', 'DAGS_FOLDER/sdp_pipeline_dag.py', '--cfg-path', '/tmp/tmpjwadw8om']
[2026-07-17T06:02:01.612+0000] {standard_task_runner.py:91} INFO - Job 95: Subtask run_bronze
[2026-07-17T06:02:01.634+0000] {logging_mixin.py:188} WARNING - /home/***/.local/lib/python3.12/site-packages/***/task/task_runner/standard_task_runner.py:61 DeprecationWarning: This process (pid=2999) is multi-threaded, use of fork() may lead to deadlocks in the child.
[2026-07-17T06:02:01.635+0000] {standard_task_runner.py:63} INFO - Started process 3000 to run task
[2026-07-17T06:02:01.741+0000] {task_command.py:426} INFO - Running <TaskInstance: e-commerce_kafka_streaming_pipeline_v1.run_bronze scheduled__2026-07-17T05:00:00+00:00 [running]> on host da27550080bf
[2026-07-17T06:02:01.896+0000] {taskinstance.py:2644} INFO - Exporting env vars: AIRFLOW_CTX_DAG_OWNER='dev' AIRFLOW_CTX_DAG_ID='e-commerce_kafka_streaming_pipeline_v1' AIRFLOW_CTX_TASK_ID='run_bronze' AIRFLOW_CTX_EXECUTION_DATE='2026-07-17T05:00:00+00:00' AIRFLOW_CTX_TRY_NUMBER='1' AIRFLOW_CTX_DAG_RUN_ID='scheduled__2026-07-17T05:00:00+00:00'
[2026-07-17T06:02:01.898+0000] {taskinstance.py:430} INFO - ::endgroup::
[2026-07-17T06:02:01.924+0000] {subprocess.py:63} INFO - Tmp dir root location: /tmp
[2026-07-17T06:02:01.928+0000] {subprocess.py:75} INFO - Running command: ['/usr/bin/bash', '-c', 'timeout 150s docker run --rm --network streaming_kafka_project_sdp-net --volume /d/Streaming_kafka_project/pipelines:/opt/pipelines --volume /d/Streaming_kafka_project/data:/opt/data --volume /d/Streaming_kafka_project/checkpoints:/opt/checkpoints --volume /d/Streaming_kafka_project/jars:/opt/jars apache/spark:3.5.1 /opt/spark/bin/spark-submit --master spark://sdp-spark-master:7077 --executor-cores 1 --executor-memory 512m --total-executor-cores 3 --jars /opt/jars/delta-spark_2.12-3.2.0.jar,/opt/jars/delta-storage-3.2.0.jar,/opt/jars/spark-sql-kafka-0-10_2.12-3.5.1.jar,/opt/jars/kafka-clients-3.4.1.jar,/opt/jars/spark-token-provider-kafka-0-10_2.12-3.5.1.jar,/opt/jars/commons-pool2-2.11.1.jar --conf spark.sql.extensions=io.delta.sql.DeltaSparkSessionExtension --conf spark.sql.catalog.spark_catalog=org.apache.spark.sql.delta.catalog.DeltaCatalog  /opt/pipelines/bronze_runner.py']
[2026-07-17T06:02:01.938+0000] {subprocess.py:86} INFO - Output:
[2026-07-17T06:02:04.497+0000] {subprocess.py:93} INFO - 26/07/17 06:02:04 WARN NativeCodeLoader: Unable to load native-hadoop library for your platform... using builtin-java classes where applicable
[2026-07-17T06:02:05.501+0000] {subprocess.py:93} INFO - 26/07/17 06:02:05 INFO SparkContext: Running Spark version 3.5.1
[2026-07-17T06:02:05.513+0000] {subprocess.py:93} INFO - 26/07/17 06:02:05 INFO SparkContext: OS info Linux, 6.18.33.2-microsoft-standard-WSL2, amd64
[2026-07-17T06:02:05.518+0000] {subprocess.py:93} INFO - 26/07/17 06:02:05 INFO SparkContext: Java version 11.0.22
[2026-07-17T06:02:05.590+0000] {subprocess.py:93} INFO - 26/07/17 06:02:05 INFO ResourceUtils: ==============================================================
[2026-07-17T06:02:05.600+0000] {subprocess.py:93} INFO - 26/07/17 06:02:05 INFO ResourceUtils: No custom resources configured for spark.driver.
[2026-07-17T06:02:05.603+0000] {subprocess.py:93} INFO - 26/07/17 06:02:05 INFO ResourceUtils: ==============================================================
[2026-07-17T06:02:05.605+0000] {subprocess.py:93} INFO - 26/07/17 06:02:05 INFO SparkContext: Submitted application: SDP-Bronze
[2026-07-17T06:02:05.639+0000] {subprocess.py:93} INFO - 26/07/17 06:02:05 INFO ResourceProfile: Default ResourceProfile created, executor resources: Map(cores -> name: cores, amount: 1, script: , vendor: , memory -> name: memory, amount: 512, script: , vendor: , offHeap -> name: offHeap, amount: 0, script: , vendor: ), task resources: Map(cpus -> name: cpus, amount: 1.0)
[2026-07-17T06:02:05.660+0000] {subprocess.py:93} INFO - 26/07/17 06:02:05 INFO ResourceProfile: Limiting resource is cpus at 1 tasks per executor
[2026-07-17T06:02:05.668+0000] {subprocess.py:93} INFO - 26/07/17 06:02:05 INFO ResourceProfileManager: Added ResourceProfile id: 0
[2026-07-17T06:02:05.785+0000] {subprocess.py:93} INFO - 26/07/17 06:02:05 INFO SecurityManager: Changing view acls to: spark
[2026-07-17T06:02:05.818+0000] {subprocess.py:93} INFO - 26/07/17 06:02:05 INFO SecurityManager: Changing modify acls to: spark
[2026-07-17T06:02:05.821+0000] {subprocess.py:93} INFO - 26/07/17 06:02:05 INFO SecurityManager: Changing view acls groups to:
[2026-07-17T06:02:05.823+0000] {subprocess.py:93} INFO - 26/07/17 06:02:05 INFO SecurityManager: Changing modify acls groups to:
[2026-07-17T06:02:05.826+0000] {subprocess.py:93} INFO - 26/07/17 06:02:05 INFO SecurityManager: SecurityManager: authentication disabled; ui acls disabled; users with view permissions: spark; groups with view permissions: EMPTY; users with modify permissions: spark; groups with modify permissions: EMPTY
[2026-07-17T06:02:06.169+0000] {subprocess.py:93} INFO - 26/07/17 06:02:06 INFO Utils: Successfully started service 'sparkDriver' on port 45253.
[2026-07-17T06:02:06.203+0000] {subprocess.py:93} INFO - 26/07/17 06:02:06 INFO SparkEnv: Registering MapOutputTracker
[2026-07-17T06:02:06.236+0000] {subprocess.py:93} INFO - 26/07/17 06:02:06 INFO SparkEnv: Registering BlockManagerMaster
[2026-07-17T06:02:06.251+0000] {subprocess.py:93} INFO - 26/07/17 06:02:06 INFO BlockManagerMasterEndpoint: Using org.apache.spark.storage.DefaultTopologyMapper for getting topology information
[2026-07-17T06:02:06.252+0000] {subprocess.py:93} INFO - 26/07/17 06:02:06 INFO BlockManagerMasterEndpoint: BlockManagerMasterEndpoint up
[2026-07-17T06:02:06.256+0000] {subprocess.py:93} INFO - 26/07/17 06:02:06 INFO SparkEnv: Registering BlockManagerMasterHeartbeat
[2026-07-17T06:02:06.279+0000] {subprocess.py:93} INFO - 26/07/17 06:02:06 INFO DiskBlockManager: Created local directory at /tmp/blockmgr-fa7744c0-f891-4a16-8f69-32ec36318afc
[2026-07-17T06:02:06.292+0000] {subprocess.py:93} INFO - 26/07/17 06:02:06 INFO MemoryStore: MemoryStore started with capacity 434.4 MiB
[2026-07-17T06:02:06.308+0000] {subprocess.py:93} INFO - 26/07/17 06:02:06 INFO SparkEnv: Registering OutputCommitCoordinator
[2026-07-17T06:02:06.473+0000] {subprocess.py:93} INFO - 26/07/17 06:02:06 INFO JettyUtils: Start Jetty 0.0.0.0:4040 for SparkUI
[2026-07-17T06:02:06.550+0000] {subprocess.py:93} INFO - 26/07/17 06:02:06 INFO Utils: Successfully started service 'SparkUI' on port 4040.
[2026-07-17T06:02:06.602+0000] {subprocess.py:93} INFO - 26/07/17 06:02:06 INFO SparkContext: Added JAR file:///opt/jars/delta-spark_2.12-3.2.0.jar at spark://2572c7aa276e:45253/jars/delta-spark_2.12-3.2.0.jar with timestamp 1784268125435
[2026-07-17T06:02:06.603+0000] {subprocess.py:93} INFO - 26/07/17 06:02:06 INFO SparkContext: Added JAR file:///opt/jars/delta-storage-3.2.0.jar at spark://2572c7aa276e:45253/jars/delta-storage-3.2.0.jar with timestamp 1784268125435
[2026-07-17T06:02:06.604+0000] {subprocess.py:93} INFO - 26/07/17 06:02:06 INFO SparkContext: Added JAR file:///opt/jars/spark-sql-kafka-0-10_2.12-3.5.1.jar at spark://2572c7aa276e:45253/jars/spark-sql-kafka-0-10_2.12-3.5.1.jar with timestamp 1784268125435
[2026-07-17T06:02:06.605+0000] {subprocess.py:93} INFO - 26/07/17 06:02:06 INFO SparkContext: Added JAR file:///opt/jars/kafka-clients-3.4.1.jar at spark://2572c7aa276e:45253/jars/kafka-clients-3.4.1.jar with timestamp 1784268125435
[2026-07-17T06:02:06.606+0000] {subprocess.py:93} INFO - 26/07/17 06:02:06 INFO SparkContext: Added JAR file:///opt/jars/spark-token-provider-kafka-0-10_2.12-3.5.1.jar at spark://2572c7aa276e:45253/jars/spark-token-provider-kafka-0-10_2.12-3.5.1.jar with timestamp 1784268125435
[2026-07-17T06:02:06.607+0000] {subprocess.py:93} INFO - 26/07/17 06:02:06 INFO SparkContext: Added JAR file:///opt/jars/commons-pool2-2.11.1.jar at spark://2572c7aa276e:45253/jars/commons-pool2-2.11.1.jar with timestamp 1784268125435
[2026-07-17T06:02:06.696+0000] {subprocess.py:93} INFO - 26/07/17 06:02:06 INFO StandaloneAppClient$ClientEndpoint: Connecting to master spark://sdp-spark-master:7077...
[2026-07-17T06:02:06.752+0000] {subprocess.py:93} INFO - 26/07/17 06:02:06 INFO TransportClientFactory: Successfully created connection to sdp-spark-master/172.18.0.4:7077 after 29 ms (0 ms spent in bootstraps)
[2026-07-17T06:02:06.838+0000] {subprocess.py:93} INFO - 26/07/17 06:02:06 INFO StandaloneSchedulerBackend: Connected to Spark cluster with app ID app-20260717060206-0042
[2026-07-17T06:02:06.839+0000] {subprocess.py:93} INFO - 26/07/17 06:02:06 INFO StandaloneAppClient$ClientEndpoint: Executor added: app-20260717060206-0042/0 on worker-20260716063602-172.18.0.6-33249 (172.18.0.6:33249) with 1 core(s)
[2026-07-17T06:02:06.841+0000] {subprocess.py:93} INFO - 26/07/17 06:02:06 INFO StandaloneSchedulerBackend: Granted executor ID app-20260717060206-0042/0 on hostPort 172.18.0.6:33249 with 1 core(s), 512.0 MiB RAM
[2026-07-17T06:02:06.843+0000] {subprocess.py:93} INFO - 26/07/17 06:02:06 INFO StandaloneAppClient$ClientEndpoint: Executor added: app-20260717060206-0042/1 on worker-20260716063602-172.18.0.6-33249 (172.18.0.6:33249) with 1 core(s)
[2026-07-17T06:02:06.845+0000] {subprocess.py:93} INFO - 26/07/17 06:02:06 INFO StandaloneSchedulerBackend: Granted executor ID app-20260717060206-0042/1 on hostPort 172.18.0.6:33249 with 1 core(s), 512.0 MiB RAM
[2026-07-17T06:02:06.846+0000] {subprocess.py:93} INFO - 26/07/17 06:02:06 INFO StandaloneAppClient$ClientEndpoint: Executor added: app-20260717060206-0042/2 on worker-20260716063602-172.18.0.5-44367 (172.18.0.5:44367) with 1 core(s)
[2026-07-17T06:02:06.847+0000] {subprocess.py:93} INFO - 26/07/17 06:02:06 INFO StandaloneSchedulerBackend: Granted executor ID app-20260717060206-0042/2 on hostPort 172.18.0.5:44367 with 1 core(s), 512.0 MiB RAM
[2026-07-17T06:02:06.857+0000] {subprocess.py:93} INFO - 26/07/17 06:02:06 INFO Utils: Successfully started service 'org.apache.spark.network.netty.NettyBlockTransferService' on port 44925.
[2026-07-17T06:02:06.863+0000] {subprocess.py:93} INFO - 26/07/17 06:02:06 INFO NettyBlockTransferService: Server created on 2572c7aa276e:44925
[2026-07-17T06:02:06.864+0000] {subprocess.py:93} INFO - 26/07/17 06:02:06 INFO BlockManager: Using org.apache.spark.storage.RandomBlockReplicationPolicy for block replication policy
[2026-07-17T06:02:06.871+0000] {subprocess.py:93} INFO - 26/07/17 06:02:06 INFO BlockManagerMaster: Registering BlockManager BlockManagerId(driver, 2572c7aa276e, 44925, None)
[2026-07-17T06:02:06.879+0000] {subprocess.py:93} INFO - 26/07/17 06:02:06 INFO BlockManagerMasterEndpoint: Registering block manager 2572c7aa276e:44925 with 434.4 MiB RAM, BlockManagerId(driver, 2572c7aa276e, 44925, None)
[2026-07-17T06:02:06.882+0000] {subprocess.py:93} INFO - 26/07/17 06:02:06 INFO BlockManagerMaster: Registered BlockManager BlockManagerId(driver, 2572c7aa276e, 44925, None)
[2026-07-17T06:02:06.884+0000] {subprocess.py:93} INFO - 26/07/17 06:02:06 INFO BlockManager: Initialized BlockManager: BlockManagerId(driver, 2572c7aa276e, 44925, None)
[2026-07-17T06:02:06.915+0000] {subprocess.py:93} INFO - 26/07/17 06:02:06 INFO StandaloneAppClient$ClientEndpoint: Executor updated: app-20260717060206-0042/0 is now RUNNING
[2026-07-17T06:02:06.935+0000] {subprocess.py:93} INFO - 26/07/17 06:02:06 INFO StandaloneAppClient$ClientEndpoint: Executor updated: app-20260717060206-0042/2 is now RUNNING
[2026-07-17T06:02:06.943+0000] {subprocess.py:93} INFO - 26/07/17 06:02:06 INFO StandaloneAppClient$ClientEndpoint: Executor updated: app-20260717060206-0042/1 is now RUNNING
[2026-07-17T06:02:07.325+0000] {subprocess.py:93} INFO - 26/07/17 06:02:07 INFO StandaloneSchedulerBackend: SchedulerBackend is ready for scheduling beginning after reached minRegisteredResourcesRatio: 0.0
[2026-07-17T06:02:07.739+0000] {subprocess.py:93} INFO - Starting stream: orders -> /opt/data/bronze/orders
[2026-07-17T06:02:23.032+0000] {subprocess.py:93} INFO - 26/07/17 06:02:23 WARN ResolveWriteToStream: spark.sql.adaptive.enabled is not supported in streaming DataFrames/Datasets and will be disabled.
[2026-07-17T06:02:23.279+0000] {subprocess.py:93} INFO - Starting stream: customers -> /opt/data/bronze/customers
[2026-07-17T06:02:25.799+0000] {subprocess.py:93} INFO - 26/07/17 06:02:25 WARN AdminClientConfig: These configurations '[key.deserializer, value.deserializer, enable.auto.commit, max.poll.records, auto.offset.reset]' were supplied but are not used yet.
[2026-07-17T06:02:26.063+0000] {subprocess.py:93} INFO - 26/07/17 06:02:26 WARN ResolveWriteToStream: spark.sql.adaptive.enabled is not supported in streaming DataFrames/Datasets and will be disabled.
[2026-07-17T06:02:26.149+0000] {subprocess.py:93} INFO - Starting stream: products -> /opt/data/bronze/products
[2026-07-17T06:02:28.028+0000] {subprocess.py:93} INFO - 26/07/17 06:02:28 WARN AdminClientConfig: These configurations '[key.deserializer, value.deserializer, enable.auto.commit, max.poll.records, auto.offset.reset]' were supplied but are not used yet.
[2026-07-17T06:02:28.149+0000] {subprocess.py:93} INFO - 26/07/17 06:02:28 WARN ResolveWriteToStream: spark.sql.adaptive.enabled is not supported in streaming DataFrames/Datasets and will be disabled.
[2026-07-17T06:02:28.887+0000] {subprocess.py:93} INFO - 26/07/17 06:02:28 WARN AdminClientConfig: These configurations '[key.deserializer, value.deserializer, enable.auto.commit, max.poll.records, auto.offset.reset]' were supplied but are not used yet.
[2026-07-17T06:03:00.753+0000] {subprocess.py:93} INFO - 26/07/17 06:03:00 WARN SparkStringUtils: Truncated the string representation of a plan since it was too large. This behavior can be adjusted by setting 'spark.sql.debug.maxToStringFields'.
[2026-07-17T06:04:32.306+0000] {subprocess.py:93} INFO - 26/07/17 06:04:00 ERROR DeltaFileFormatWriter: Aborting job fa21a538-0d9d-42cc-9a0e-1f66ea136ceb.
[2026-07-17T06:04:32.387+0000] {subprocess.py:93} INFO - java.lang.InterruptedException
[2026-07-17T06:04:32.396+0000] {subprocess.py:93} INFO - 	at java.base/java.util.concurrent.locks.AbstractQueuedSynchronizer.doAcquireSharedInterruptibly(Unknown Source)
[2026-07-17T06:04:32.401+0000] {subprocess.py:93} INFO - 	at java.base/java.util.concurrent.locks.AbstractQueuedSynchronizer.acquireSharedInterruptibly(Unknown Source)
[2026-07-17T06:04:32.403+0000] {subprocess.py:93} INFO - 	at scala.concurrent.impl.Promise$DefaultPromise.tryAwait(Promise.scala:242)
[2026-07-17T06:04:32.406+0000] {subprocess.py:93} INFO - 	at scala.concurrent.impl.Promise$DefaultPromise.ready(Promise.scala:258)
[2026-07-17T06:04:32.409+0000] {subprocess.py:93} INFO - 	at scala.concurrent.impl.Promise$DefaultPromise.ready(Promise.scala:187)
[2026-07-17T06:04:32.412+0000] {subprocess.py:93} INFO - 	at org.apache.spark.util.ThreadUtils$.awaitReady(ThreadUtils.scala:342)
[2026-07-17T06:04:32.414+0000] {subprocess.py:93} INFO - 	at org.apache.spark.scheduler.DAGScheduler.runJob(DAGScheduler.scala:980)
[2026-07-17T06:04:32.418+0000] {subprocess.py:93} INFO - 	at org.apache.spark.SparkContext.runJob(SparkContext.scala:2398)
[2026-07-17T06:04:32.435+0000] {subprocess.py:93} INFO - 	at org.apache.spark.sql.delta.files.DeltaFileFormatWriter$.$anonfun$executeWrite$1(DeltaFileFormatWriter.scala:263)
[2026-07-17T06:04:32.478+0000] {subprocess.py:93} INFO - 	at org.apache.spark.sql.delta.files.DeltaFileFormatWriter$.writeAndCommit(DeltaFileFormatWriter.scala:295)
[2026-07-17T06:04:32.512+0000] {subprocess.py:93} INFO - 	at org.apache.spark.sql.delta.files.DeltaFileFormatWriter$.executeWrite(DeltaFileFormatWriter.scala:234)
[2026-07-17T06:04:32.515+0000] {subprocess.py:93} INFO - 	at org.apache.spark.sql.delta.files.DeltaFileFormatWriter$.write(DeltaFileFormatWriter.scala:214)
[2026-07-17T06:04:32.517+0000] {subprocess.py:93} INFO - 	at org.apache.spark.sql.delta.files.TransactionalWrite.$anonfun$writeFiles$1(TransactionalWrite.scala:440)
[2026-07-17T06:04:32.519+0000] {subprocess.py:93} INFO - 	at org.apache.spark.sql.execution.SQLExecution$.$anonfun$withNewExecutionId$6(SQLExecution.scala:125)
[2026-07-17T06:04:32.521+0000] {subprocess.py:93} INFO - 	at org.apache.spark.sql.execution.SQLExecution$.withSQLConfPropagated(SQLExecution.scala:201)
[2026-07-17T06:04:32.523+0000] {subprocess.py:93} INFO - 	at org.apache.spark.sql.execution.SQLExecution$.$anonfun$withNewExecutionId$1(SQLExecution.scala:108)
[2026-07-17T06:04:32.528+0000] {subprocess.py:93} INFO - 	at org.apache.spark.sql.SparkSession.withActive(SparkSession.scala:900)
[2026-07-17T06:04:32.531+0000] {subprocess.py:93} INFO - 	at org.apache.spark.sql.execution.SQLExecution$.withNewExecutionId(SQLExecution.scala:66)
[2026-07-17T06:04:32.536+0000] {subprocess.py:93} INFO - 	at org.apache.spark.sql.delta.files.TransactionalWrite.writeFiles(TransactionalWrite.scala:398)
[2026-07-17T06:04:32.542+0000] {subprocess.py:93} INFO - 	at org.apache.spark.sql.delta.files.TransactionalWrite.writeFiles$(TransactionalWrite.scala:371)
[2026-07-17T06:04:32.545+0000] {subprocess.py:93} INFO - 	at org.apache.spark.sql.delta.OptimisticTransaction.writeFiles(OptimisticTransaction.scala:147)
[2026-07-17T06:04:32.546+0000] {subprocess.py:93} INFO - 	at org.apache.spark.sql.delta.files.TransactionalWrite.writeFiles(TransactionalWrite.scala:246)
[2026-07-17T06:04:32.548+0000] {subprocess.py:93} INFO - 	at org.apache.spark.sql.delta.files.TransactionalWrite.writeFiles$(TransactionalWrite.scala:242)
[2026-07-17T06:04:32.552+0000] {subprocess.py:93} INFO - 	at org.apache.spark.sql.delta.OptimisticTransaction.writeFiles(OptimisticTransaction.scala:147)
[2026-07-17T06:04:32.554+0000] {subprocess.py:93} INFO - 	at org.apache.spark.sql.delta.files.TransactionalWrite.writeFiles(TransactionalWrite.scala:235)
[2026-07-17T06:04:32.560+0000] {subprocess.py:93} INFO - 	at org.apache.spark.sql.delta.files.TransactionalWrite.writeFiles$(TransactionalWrite.scala:232)
[2026-07-17T06:04:32.562+0000] {subprocess.py:93} INFO - 	at org.apache.spark.sql.delta.OptimisticTransaction.writeFiles(OptimisticTransaction.scala:147)
[2026-07-17T06:04:32.563+0000] {subprocess.py:93} INFO - 	at org.apache.spark.sql.delta.sources.DeltaSink.$anonfun$addBatchWithStatusImpl$4(DeltaSink.scala:139)
[2026-07-17T06:04:32.565+0000] {subprocess.py:93} INFO - 	at org.apache.spark.util.Utils$.timeTakenMs(Utils.scala:552)
[2026-07-17T06:04:32.567+0000] {subprocess.py:93} INFO - 	at org.apache.spark.sql.delta.sources.DeltaSink.addBatchWithStatusImpl(DeltaSink.scala:139)
[2026-07-17T06:04:32.579+0000] {subprocess.py:93} INFO - 	at org.apache.spark.sql.delta.sources.DeltaSink.addBatch(DeltaSink.scala:97)
[2026-07-17T06:04:32.583+0000] {subprocess.py:93} INFO - 	at org.apache.spark.sql.execution.streaming.MicroBatchExecution.$anonfun$runBatch$17(MicroBatchExecution.scala:732)
[2026-07-17T06:04:32.594+0000] {subprocess.py:93} INFO - 	at org.apache.spark.sql.execution.SQLExecution$.$anonfun$withNewExecutionId$6(SQLExecution.scala:125)
[2026-07-17T06:04:32.598+0000] {subprocess.py:93} INFO - 	at org.apache.spark.sql.execution.SQLExecution$.withSQLConfPropagated(SQLExecution.scala:201)
[2026-07-17T06:04:32.602+0000] {subprocess.py:93} INFO - 	at org.apache.spark.sql.execution.SQLExecution$.$anonfun$withNewExecutionId$1(SQLExecution.scala:108)
[2026-07-17T06:04:32.606+0000] {subprocess.py:93} INFO - 	at org.apache.spark.sql.SparkSession.withActive(SparkSession.scala:900)
[2026-07-17T06:04:32.612+0000] {subprocess.py:93} INFO - 	at org.apache.spark.sql.execution.SQLExecution$.withNewExecutionId(SQLExecution.scala:66)
[2026-07-17T06:04:32.613+0000] {subprocess.py:93} INFO - 	at org.apache.spark.sql.execution.streaming.MicroBatchExecution.$anonfun$runBatch$16(MicroBatchExecution.scala:729)
[2026-07-17T06:04:32.615+0000] {subprocess.py:93} INFO - 	at org.apache.spark.sql.execution.streaming.ProgressReporter.reportTimeTaken(ProgressReporter.scala:427)
[2026-07-17T06:04:32.619+0000] {subprocess.py:93} INFO - 	at org.apache.spark.sql.execution.streaming.ProgressReporter.reportTimeTaken$(ProgressReporter.scala:425)
[2026-07-17T06:04:32.635+0000] {subprocess.py:93} INFO - 	at org.apache.spark.sql.execution.streaming.StreamExecution.reportTimeTaken(StreamExecution.scala:67)
[2026-07-17T06:04:32.636+0000] {subprocess.py:93} INFO - 	at org.apache.spark.sql.execution.streaming.MicroBatchExecution.runBatch(MicroBatchExecution.scala:729)
[2026-07-17T06:04:32.638+0000] {subprocess.py:93} INFO - 	at org.apache.spark.sql.execution.streaming.MicroBatchExecution.$anonfun$runActivatedStream$2(MicroBatchExecution.scala:286)
[2026-07-17T06:04:32.639+0000] {subprocess.py:93} INFO - 	at scala.runtime.java8.JFunction0$mcV$sp.apply(JFunction0$mcV$sp.java:23)
[2026-07-17T06:04:32.641+0000] {subprocess.py:93} INFO - 	at org.apache.spark.sql.execution.streaming.ProgressReporter.reportTimeTaken(ProgressReporter.scala:427)
[2026-07-17T06:04:32.643+0000] {subprocess.py:93} INFO - 	at org.apache.spark.sql.execution.streaming.ProgressReporter.reportTimeTaken$(ProgressReporter.scala:425)
[2026-07-17T06:04:32.644+0000] {subprocess.py:93} INFO - 	at org.apache.spark.sql.execution.streaming.StreamExecution.reportTimeTaken(StreamExecution.scala:67)
[2026-07-17T06:04:32.646+0000] {subprocess.py:93} INFO - 	at org.apache.spark.sql.execution.streaming.MicroBatchExecution.$anonfun$runActivatedStream$1(MicroBatchExecution.scala:249)
[2026-07-17T06:04:32.647+0000] {subprocess.py:93} INFO - 	at org.apache.spark.sql.execution.streaming.ProcessingTimeExecutor.execute(TriggerExecutor.scala:67)
[2026-07-17T06:04:32.648+0000] {subprocess.py:93} INFO - 	at org.apache.spark.sql.execution.streaming.MicroBatchExecution.runActivatedStream(MicroBatchExecution.scala:239)
[2026-07-17T06:04:32.650+0000] {subprocess.py:93} INFO - 	at org.apache.spark.sql.execution.streaming.StreamExecution.$anonfun$runStream$1(StreamExecution.scala:311)
[2026-07-17T06:04:32.652+0000] {subprocess.py:93} INFO - 	at scala.runtime.java8.JFunction0$mcV$sp.apply(JFunction0$mcV$sp.java:23)
[2026-07-17T06:04:32.653+0000] {subprocess.py:93} INFO - 	at org.apache.spark.sql.SparkSession.withActive(SparkSession.scala:900)
[2026-07-17T06:04:32.655+0000] {subprocess.py:93} INFO - 	at org.apache.spark.sql.execution.streaming.StreamExecution.org$apache$spark$sql$execution$streaming$StreamExecution$$runStream(StreamExecution.scala:289)
[2026-07-17T06:04:32.659+0000] {subprocess.py:93} INFO - 	at org.apache.spark.sql.execution.streaming.StreamExecution$$anon$1.$anonfun$run$1(StreamExecution.scala:211)
[2026-07-17T06:04:32.661+0000] {subprocess.py:93} INFO - 	at scala.runtime.java8.JFunction0$mcV$sp.apply(JFunction0$mcV$sp.java:23)
[2026-07-17T06:04:32.669+0000] {subprocess.py:93} INFO - 	at org.apache.spark.JobArtifactSet$.withActiveJobArtifactState(JobArtifactSet.scala:94)
[2026-07-17T06:04:32.676+0000] {subprocess.py:93} INFO - 	at org.apache.spark.sql.execution.streaming.StreamExecution$$anon$1.run(StreamExecution.scala:211)
[2026-07-17T06:04:32.678+0000] {subprocess.py:93} INFO - 26/07/17 06:04:28 WARN Dispatcher: Message RequestMessage(172.18.0.6:47184, NettyRpcEndpointRef(spark://CoarseGrainedScheduler@2572c7aa276e:45253), StatusUpdate(1,104,KILLED,org.apache.spark.util.SerializableBuffer@4b83ab2a,1,Map())) dropped due to sparkEnv is stopped. Could not find CoarseGrainedScheduler.
[2026-07-17T06:04:32.682+0000] {subprocess.py:93} INFO - 26/07/17 06:04:31 WARN Dispatcher: Message RequestMessage(172.18.0.6:47180, NettyRpcEndpointRef(spark://CoarseGrainedScheduler@2572c7aa276e:45253), StatusUpdate(0,105,KILLED,org.apache.spark.util.SerializableBuffer@71745442,1,Map())) dropped due to sparkEnv is stopped. Could not find CoarseGrainedScheduler.
[2026-07-17T06:04:33.745+0000] {subprocess.py:97} INFO - Command exited with return code 124
[2026-07-17T06:04:33.785+0000] {taskinstance.py:441} INFO - ::group::Post task execution logs
[2026-07-17T06:04:34.125+0000] {taskinstance.py:2890} ERROR - Task failed with exception
Traceback (most recent call last):
  File "/home/airflow/.local/lib/python3.12/site-packages/airflow/models/taskinstance.py", line 465, in _execute_task
    result = _execute_callable(context=context, **execute_callable_kwargs)
             ^^^^^^^^^^^^^^^^^^^^^^^^^^^^^^^^^^^^^^^^^^^^^^^^^^^^^^^^^^^^^
  File "/home/airflow/.local/lib/python3.12/site-packages/airflow/models/taskinstance.py", line 432, in _execute_callable
    return execute_callable(context=context, **execute_callable_kwargs)
           ^^^^^^^^^^^^^^^^^^^^^^^^^^^^^^^^^^^^^^^^^^^^^^^^^^^^^^^^^^^^
  File "/home/airflow/.local/lib/python3.12/site-packages/airflow/models/baseoperator.py", line 400, in wrapper
    return func(self, *args, **kwargs)
           ^^^^^^^^^^^^^^^^^^^^^^^^^^^
  File "/home/airflow/.local/lib/python3.12/site-packages/airflow/operators/bash.py", line 243, in execute
    raise AirflowException(
airflow.exceptions.AirflowException: Bash command failed. The command returned a non-zero exit code 124.
[2026-07-17T06:04:34.205+0000] {taskinstance.py:1205} INFO - Marking task as UP_FOR_RETRY. dag_id=e-commerce_kafka_streaming_pipeline_v1, task_id=run_bronze, execution_date=20260717T050000, start_date=20260717T060201, end_date=20260717T060434
[2026-07-17T06:04:34.381+0000] {standard_task_runner.py:110} ERROR - Failed to execute job 95 for task run_bronze (Bash command failed. The command returned a non-zero exit code 124.; 3000)
[2026-07-17T06:04:34.465+0000] {local_task_job_runner.py:240} INFO - Task exited with return code 1
[2026-07-17T06:04:34.625+0000] {taskinstance.py:3482} INFO - 0 downstream tasks scheduled from follow-on schedule check
[2026-07-17T06:04:34.644+0000] {local_task_job_runner.py:222} INFO - ::endgroup::
