[2026-06-10T05:04:07.130+0000] {local_task_job_runner.py:120} INFO - ::group::Pre task execution logs
[2026-06-10T05:04:07.178+0000] {taskinstance.py:2073} INFO - Dependencies all met for dep_context=non-requeueable deps ti=<TaskInstance: e-commerce_kafka_streaming_pipeline_v10.run_bronze scheduled__2026-06-10T04:00:00+00:00 [queued]>
[2026-06-10T05:04:07.191+0000] {taskinstance.py:2073} INFO - Dependencies all met for dep_context=requeueable deps ti=<TaskInstance: e-commerce_kafka_streaming_pipeline_v10.run_bronze scheduled__2026-06-10T04:00:00+00:00 [queued]>
[2026-06-10T05:04:07.192+0000] {taskinstance.py:2303} INFO - Starting attempt 2 of 2
[2026-06-10T05:04:07.210+0000] {taskinstance.py:2327} INFO - Executing <Task(BashOperator): run_bronze> on 2026-06-10 04:00:00+00:00
[2026-06-10T05:04:07.223+0000] {standard_task_runner.py:90} INFO - Running: ['***', 'tasks', 'run', 'e-commerce_kafka_streaming_pipeline_v10', 'run_bronze', 'scheduled__2026-06-10T04:00:00+00:00', '--job-id', '134', '--raw', '--subdir', 'DAGS_FOLDER/sdp_pipeline_dag.py', '--cfg-path', '/tmp/tmpaiam4_i_']
[2026-06-10T05:04:07.228+0000] {standard_task_runner.py:91} INFO - Job 134: Subtask run_bronze
[2026-06-10T05:04:07.232+0000] {logging_mixin.py:188} WARNING - /home/***/.local/lib/python3.12/site-packages/***/task/task_runner/standard_task_runner.py:61 DeprecationWarning: This process (pid=6907) is multi-threaded, use of fork() may lead to deadlocks in the child.
[2026-06-10T05:04:07.234+0000] {standard_task_runner.py:63} INFO - Started process 6908 to run task
[2026-06-10T05:04:07.311+0000] {task_command.py:426} INFO - Running <TaskInstance: e-commerce_kafka_streaming_pipeline_v10.run_bronze scheduled__2026-06-10T04:00:00+00:00 [running]> on host 19d9c0c71dcc
[2026-06-10T05:04:07.426+0000] {taskinstance.py:2644} INFO - Exporting env vars: AIRFLOW_CTX_DAG_OWNER='dev' AIRFLOW_CTX_DAG_ID='e-commerce_kafka_streaming_pipeline_v10' AIRFLOW_CTX_TASK_ID='run_bronze' AIRFLOW_CTX_EXECUTION_DATE='2026-06-10T04:00:00+00:00' AIRFLOW_CTX_TRY_NUMBER='2' AIRFLOW_CTX_DAG_RUN_ID='scheduled__2026-06-10T04:00:00+00:00'
[2026-06-10T05:04:07.428+0000] {taskinstance.py:430} INFO - ::endgroup::
[2026-06-10T05:04:07.450+0000] {subprocess.py:63} INFO - Tmp dir root location: /tmp
[2026-06-10T05:04:07.452+0000] {subprocess.py:75} INFO - Running command: ['/usr/bin/bash', '-c', 'timeout 120s docker run --rm --network streaming_kafka_project_sdp-net --volume /d/Streaming_kafka_project/pipelines:/opt/pipelines --volume /d/Streaming_kafka_project/data:/opt/data --volume /d/Streaming_kafka_project/checkpoints:/opt/checkpoints --volume /d/Streaming_kafka_project/jars:/opt/jars apache/spark:3.5.1 /opt/spark/bin/spark-submit --master spark://sdp-spark-master:7077 --executor-cores 1 --executor-memory 512m --total-executor-cores 3 --jars /opt/jars/delta-spark_2.12-3.2.0.jar,/opt/jars/delta-storage-3.2.0.jar,/opt/jars/spark-sql-kafka-0-10_2.12-3.5.1.jar,/opt/jars/kafka-clients-3.4.1.jar,/opt/jars/spark-token-provider-kafka-0-10_2.12-3.5.1.jar,/opt/jars/commons-pool2-2.11.1.jar --conf spark.sql.extensions=io.delta.sql.DeltaSparkSessionExtension --conf spark.sql.catalog.spark_catalog=org.apache.spark.sql.delta.catalog.DeltaCatalog  /opt/pipelines/bronze_runner.py']
[2026-06-10T05:04:07.466+0000] {subprocess.py:86} INFO - Output:
[2026-06-10T05:04:11.708+0000] {subprocess.py:93} INFO - 26/06/10 05:04:11 WARN NativeCodeLoader: Unable to load native-hadoop library for your platform... using builtin-java classes where applicable
[2026-06-10T05:04:12.929+0000] {subprocess.py:93} INFO - 26/06/10 05:04:12 INFO SparkContext: Running Spark version 3.5.1
[2026-06-10T05:04:12.934+0000] {subprocess.py:93} INFO - 26/06/10 05:04:12 INFO SparkContext: OS info Linux, 6.6.114.1-microsoft-standard-WSL2, amd64
[2026-06-10T05:04:12.936+0000] {subprocess.py:93} INFO - 26/06/10 05:04:12 INFO SparkContext: Java version 11.0.22
[2026-06-10T05:04:12.985+0000] {subprocess.py:93} INFO - 26/06/10 05:04:12 INFO ResourceUtils: ==============================================================
[2026-06-10T05:04:12.987+0000] {subprocess.py:93} INFO - 26/06/10 05:04:12 INFO ResourceUtils: No custom resources configured for spark.driver.
[2026-06-10T05:04:12.988+0000] {subprocess.py:93} INFO - 26/06/10 05:04:12 INFO ResourceUtils: ==============================================================
[2026-06-10T05:04:12.989+0000] {subprocess.py:93} INFO - 26/06/10 05:04:12 INFO SparkContext: Submitted application: SDP-Bronze
[2026-06-10T05:04:13.029+0000] {subprocess.py:93} INFO - 26/06/10 05:04:13 INFO ResourceProfile: Default ResourceProfile created, executor resources: Map(cores -> name: cores, amount: 1, script: , vendor: , memory -> name: memory, amount: 512, script: , vendor: , offHeap -> name: offHeap, amount: 0, script: , vendor: ), task resources: Map(cpus -> name: cpus, amount: 1.0)
[2026-06-10T05:04:13.052+0000] {subprocess.py:93} INFO - 26/06/10 05:04:13 INFO ResourceProfile: Limiting resource is cpus at 1 tasks per executor
[2026-06-10T05:04:13.060+0000] {subprocess.py:93} INFO - 26/06/10 05:04:13 INFO ResourceProfileManager: Added ResourceProfile id: 0
[2026-06-10T05:04:13.140+0000] {subprocess.py:93} INFO - 26/06/10 05:04:13 INFO SecurityManager: Changing view acls to: spark
[2026-06-10T05:04:13.142+0000] {subprocess.py:93} INFO - 26/06/10 05:04:13 INFO SecurityManager: Changing modify acls to: spark
[2026-06-10T05:04:13.143+0000] {subprocess.py:93} INFO - 26/06/10 05:04:13 INFO SecurityManager: Changing view acls groups to:
[2026-06-10T05:04:13.145+0000] {subprocess.py:93} INFO - 26/06/10 05:04:13 INFO SecurityManager: Changing modify acls groups to:
[2026-06-10T05:04:13.146+0000] {subprocess.py:93} INFO - 26/06/10 05:04:13 INFO SecurityManager: SecurityManager: authentication disabled; ui acls disabled; users with view permissions: spark; groups with view permissions: EMPTY; users with modify permissions: spark; groups with modify permissions: EMPTY
[2026-06-10T05:04:13.478+0000] {subprocess.py:93} INFO - 26/06/10 05:04:13 INFO Utils: Successfully started service 'sparkDriver' on port 34957.
[2026-06-10T05:04:13.536+0000] {subprocess.py:93} INFO - 26/06/10 05:04:13 INFO SparkEnv: Registering MapOutputTracker
[2026-06-10T05:04:13.602+0000] {subprocess.py:93} INFO - 26/06/10 05:04:13 INFO SparkEnv: Registering BlockManagerMaster
[2026-06-10T05:04:13.649+0000] {subprocess.py:93} INFO - 26/06/10 05:04:13 INFO BlockManagerMasterEndpoint: Using org.apache.spark.storage.DefaultTopologyMapper for getting topology information
[2026-06-10T05:04:13.651+0000] {subprocess.py:93} INFO - 26/06/10 05:04:13 INFO BlockManagerMasterEndpoint: BlockManagerMasterEndpoint up
[2026-06-10T05:04:13.660+0000] {subprocess.py:93} INFO - 26/06/10 05:04:13 INFO SparkEnv: Registering BlockManagerMasterHeartbeat
[2026-06-10T05:04:13.708+0000] {subprocess.py:93} INFO - 26/06/10 05:04:13 INFO DiskBlockManager: Created local directory at /tmp/blockmgr-fb11b9c8-a019-42bb-93c3-eb6a823fe373
[2026-06-10T05:04:13.737+0000] {subprocess.py:93} INFO - 26/06/10 05:04:13 INFO MemoryStore: MemoryStore started with capacity 434.4 MiB
[2026-06-10T05:04:13.771+0000] {subprocess.py:93} INFO - 26/06/10 05:04:13 INFO SparkEnv: Registering OutputCommitCoordinator
[2026-06-10T05:04:14.025+0000] {subprocess.py:93} INFO - 26/06/10 05:04:14 INFO JettyUtils: Start Jetty 0.0.0.0:4040 for SparkUI
[2026-06-10T05:04:14.143+0000] {subprocess.py:93} INFO - 26/06/10 05:04:14 INFO Utils: Successfully started service 'SparkUI' on port 4040.
[2026-06-10T05:04:14.208+0000] {subprocess.py:93} INFO - 26/06/10 05:04:14 INFO SparkContext: Added JAR file:///opt/jars/delta-spark_2.12-3.2.0.jar at spark://7ccf2bfaf9d8:34957/jars/delta-spark_2.12-3.2.0.jar with timestamp 1781067852913
[2026-06-10T05:04:14.211+0000] {subprocess.py:93} INFO - 26/06/10 05:04:14 INFO SparkContext: Added JAR file:///opt/jars/delta-storage-3.2.0.jar at spark://7ccf2bfaf9d8:34957/jars/delta-storage-3.2.0.jar with timestamp 1781067852913
[2026-06-10T05:04:14.214+0000] {subprocess.py:93} INFO - 26/06/10 05:04:14 INFO SparkContext: Added JAR file:///opt/jars/spark-sql-kafka-0-10_2.12-3.5.1.jar at spark://7ccf2bfaf9d8:34957/jars/spark-sql-kafka-0-10_2.12-3.5.1.jar with timestamp 1781067852913
[2026-06-10T05:04:14.217+0000] {subprocess.py:93} INFO - 26/06/10 05:04:14 INFO SparkContext: Added JAR file:///opt/jars/kafka-clients-3.4.1.jar at spark://7ccf2bfaf9d8:34957/jars/kafka-clients-3.4.1.jar with timestamp 1781067852913
[2026-06-10T05:04:14.223+0000] {subprocess.py:93} INFO - 26/06/10 05:04:14 INFO SparkContext: Added JAR file:///opt/jars/spark-token-provider-kafka-0-10_2.12-3.5.1.jar at spark://7ccf2bfaf9d8:34957/jars/spark-token-provider-kafka-0-10_2.12-3.5.1.jar with timestamp 1781067852913
[2026-06-10T05:04:14.224+0000] {subprocess.py:93} INFO - 26/06/10 05:04:14 INFO SparkContext: Added JAR file:///opt/jars/commons-pool2-2.11.1.jar at spark://7ccf2bfaf9d8:34957/jars/commons-pool2-2.11.1.jar with timestamp 1781067852913
[2026-06-10T05:04:14.363+0000] {subprocess.py:93} INFO - 26/06/10 05:04:14 INFO StandaloneAppClient$ClientEndpoint: Connecting to master spark://sdp-spark-master:7077...
[2026-06-10T05:04:14.438+0000] {subprocess.py:93} INFO - 26/06/10 05:04:14 INFO TransportClientFactory: Successfully created connection to sdp-spark-master/172.18.0.4:7077 after 43 ms (0 ms spent in bootstraps)
[2026-06-10T05:04:14.577+0000] {subprocess.py:93} INFO - 26/06/10 05:04:14 INFO StandaloneSchedulerBackend: Connected to Spark cluster with app ID app-20260610050414-0063
[2026-06-10T05:04:14.583+0000] {subprocess.py:93} INFO - 26/06/10 05:04:14 INFO StandaloneAppClient$ClientEndpoint: Executor added: app-20260610050414-0063/0 on worker-20260608131402-172.18.0.6-44005 (172.18.0.6:44005) with 1 core(s)
[2026-06-10T05:04:14.601+0000] {subprocess.py:93} INFO - 26/06/10 05:04:14 INFO StandaloneSchedulerBackend: Granted executor ID app-20260610050414-0063/0 on hostPort 172.18.0.6:44005 with 1 core(s), 512.0 MiB RAM
[2026-06-10T05:04:14.607+0000] {subprocess.py:93} INFO - 26/06/10 05:04:14 INFO StandaloneAppClient$ClientEndpoint: Executor added: app-20260610050414-0063/1 on worker-20260608131402-172.18.0.6-44005 (172.18.0.6:44005) with 1 core(s)
[2026-06-10T05:04:14.625+0000] {subprocess.py:93} INFO - 26/06/10 05:04:14 INFO StandaloneSchedulerBackend: Granted executor ID app-20260610050414-0063/1 on hostPort 172.18.0.6:44005 with 1 core(s), 512.0 MiB RAM
[2026-06-10T05:04:14.636+0000] {subprocess.py:93} INFO - 26/06/10 05:04:14 INFO StandaloneAppClient$ClientEndpoint: Executor added: app-20260610050414-0063/2 on worker-20260608131402-172.18.0.5-38399 (172.18.0.5:38399) with 1 core(s)
[2026-06-10T05:04:14.639+0000] {subprocess.py:93} INFO - 26/06/10 05:04:14 INFO StandaloneSchedulerBackend: Granted executor ID app-20260610050414-0063/2 on hostPort 172.18.0.5:38399 with 1 core(s), 512.0 MiB RAM
[2026-06-10T05:04:14.679+0000] {subprocess.py:93} INFO - 26/06/10 05:04:14 INFO Utils: Successfully started service 'org.apache.spark.network.netty.NettyBlockTransferService' on port 37901.
[2026-06-10T05:04:14.681+0000] {subprocess.py:93} INFO - 26/06/10 05:04:14 INFO NettyBlockTransferService: Server created on 7ccf2bfaf9d8:37901
[2026-06-10T05:04:14.691+0000] {subprocess.py:93} INFO - 26/06/10 05:04:14 INFO BlockManager: Using org.apache.spark.storage.RandomBlockReplicationPolicy for block replication policy
[2026-06-10T05:04:14.748+0000] {subprocess.py:93} INFO - 26/06/10 05:04:14 INFO BlockManagerMaster: Registering BlockManager BlockManagerId(driver, 7ccf2bfaf9d8, 37901, None)
[2026-06-10T05:04:14.762+0000] {subprocess.py:93} INFO - 26/06/10 05:04:14 INFO StandaloneAppClient$ClientEndpoint: Executor updated: app-20260610050414-0063/0 is now RUNNING
[2026-06-10T05:04:14.777+0000] {subprocess.py:93} INFO - 26/06/10 05:04:14 INFO BlockManagerMasterEndpoint: Registering block manager 7ccf2bfaf9d8:37901 with 434.4 MiB RAM, BlockManagerId(driver, 7ccf2bfaf9d8, 37901, None)
[2026-06-10T05:04:14.791+0000] {subprocess.py:93} INFO - 26/06/10 05:04:14 INFO StandaloneAppClient$ClientEndpoint: Executor updated: app-20260610050414-0063/2 is now RUNNING
[2026-06-10T05:04:14.792+0000] {subprocess.py:93} INFO - 26/06/10 05:04:14 INFO StandaloneAppClient$ClientEndpoint: Executor updated: app-20260610050414-0063/1 is now RUNNING
[2026-06-10T05:04:14.803+0000] {subprocess.py:93} INFO - 26/06/10 05:04:14 INFO BlockManagerMaster: Registered BlockManager BlockManagerId(driver, 7ccf2bfaf9d8, 37901, None)
[2026-06-10T05:04:14.811+0000] {subprocess.py:93} INFO - 26/06/10 05:04:14 INFO BlockManager: Initialized BlockManager: BlockManagerId(driver, 7ccf2bfaf9d8, 37901, None)
[2026-06-10T05:04:15.608+0000] {subprocess.py:93} INFO - 26/06/10 05:04:15 INFO StandaloneSchedulerBackend: SchedulerBackend is ready for scheduling beginning after reached minRegisteredResourcesRatio: 0.0
[2026-06-10T05:04:16.662+0000] {subprocess.py:93} INFO - Starting stream: orders -> /opt/data/bronze/orders
[2026-06-10T05:04:46.180+0000] {subprocess.py:93} INFO - 26/06/10 05:04:46 WARN ResolveWriteToStream: spark.sql.adaptive.enabled is not supported in streaming DataFrames/Datasets and will be disabled.
[2026-06-10T05:04:46.498+0000] {subprocess.py:93} INFO - Starting stream: customers -> /opt/data/bronze/customers
[2026-06-10T05:04:49.008+0000] {subprocess.py:93} INFO - 26/06/10 05:04:49 WARN ResolveWriteToStream: spark.sql.adaptive.enabled is not supported in streaming DataFrames/Datasets and will be disabled.
[2026-06-10T05:04:49.151+0000] {subprocess.py:93} INFO - Starting stream: products -> /opt/data/bronze/products
[2026-06-10T05:04:49.289+0000] {subprocess.py:93} INFO - 26/06/10 05:04:49 WARN AdminClientConfig: These configurations '[key.deserializer, value.deserializer, enable.auto.commit, max.poll.records, auto.offset.reset]' were supplied but are not used yet.
[2026-06-10T05:04:51.874+0000] {subprocess.py:93} INFO - 26/06/10 05:04:51 WARN ResolveWriteToStream: spark.sql.adaptive.enabled is not supported in streaming DataFrames/Datasets and will be disabled.
[2026-06-10T05:04:52.008+0000] {subprocess.py:93} INFO - 26/06/10 05:04:52 WARN AdminClientConfig: These configurations '[key.deserializer, value.deserializer, enable.auto.commit, max.poll.records, auto.offset.reset]' were supplied but are not used yet.
[2026-06-10T05:04:53.873+0000] {subprocess.py:93} INFO - 26/06/10 05:04:53 WARN AdminClientConfig: These configurations '[key.deserializer, value.deserializer, enable.auto.commit, max.poll.records, auto.offset.reset]' were supplied but are not used yet.
[2026-06-10T05:06:09.159+0000] {subprocess.py:97} INFO - Command exited with return code 124
[2026-06-10T05:06:09.166+0000] {taskinstance.py:441} INFO - ::group::Post task execution logs
[2026-06-10T05:06:09.201+0000] {taskinstance.py:2890} ERROR - Task failed with exception
Traceback (most recent call last):
  File "/home/airflow/.local/lib/python3.12/site-packages/airflow/models/taskinstance.py", line 465, in _execute_task
    result = _execute_callable(context=context, **execute_callable_kwargs)
             ^^^^^^^^^^^^^^^^^^^^^^^^^^^^^^^^^^^^^^^^^^^^^^^^^^^^^^^^^^^^^
  File "/home/airflow/.local/lib/python3.12/site-packages/airflow/models/taskinstance.py", line 432, in _execute_callable
    return execute_callable(context=context, **execute_callable_kwargs)
           ^^^^^^^^^^^^^^^^^^^^^^^^^^^^^^^^^^^^^^^^^^^^^^^^^^^^^^^^^^^^
  File "/home/airflow/.local/lib/python3.12/site-packages/airflow/models/baseoperator.py", line 400, in wrapper
    return func(self, *args, **kwargs)
           ^^^^^^^^^^^^^^^^^^^^^^^^^^^
  File "/home/airflow/.local/lib/python3.12/site-packages/airflow/operators/bash.py", line 243, in execute
    raise AirflowException(
airflow.exceptions.AirflowException: Bash command failed. The command returned a non-zero exit code 124.
[2026-06-10T05:06:09.214+0000] {taskinstance.py:1205} INFO - Marking task as FAILED. dag_id=e-commerce_kafka_streaming_pipeline_v10, task_id=run_bronze, execution_date=20260610T040000, start_date=20260610T050407, end_date=20260610T050609
[2026-06-10T05:06:09.254+0000] {standard_task_runner.py:110} ERROR - Failed to execute job 134 for task run_bronze (Bash command failed. The command returned a non-zero exit code 124.; 6908)
[2026-06-10T05:06:09.277+0000] {local_task_job_runner.py:240} INFO - Task exited with return code 1
[2026-06-10T05:06:09.349+0000] {taskinstance.py:3482} INFO - 0 downstream tasks scheduled from follow-on schedule check
[2026-06-10T05:06:09.360+0000] {local_task_job_runner.py:222} INFO - ::endgroup::
