[2026-06-10T05:00:04.862+0000] {local_task_job_runner.py:120} INFO - ::group::Pre task execution logs
[2026-06-10T05:00:04.938+0000] {taskinstance.py:2073} INFO - Dependencies all met for dep_context=non-requeueable deps ti=<TaskInstance: e-commerce_kafka_streaming_pipeline_v10.run_bronze scheduled__2026-06-10T04:00:00+00:00 [queued]>
[2026-06-10T05:00:04.951+0000] {taskinstance.py:2073} INFO - Dependencies all met for dep_context=requeueable deps ti=<TaskInstance: e-commerce_kafka_streaming_pipeline_v10.run_bronze scheduled__2026-06-10T04:00:00+00:00 [queued]>
[2026-06-10T05:00:04.952+0000] {taskinstance.py:2303} INFO - Starting attempt 1 of 2
[2026-06-10T05:00:04.978+0000] {taskinstance.py:2327} INFO - Executing <Task(BashOperator): run_bronze> on 2026-06-10 04:00:00+00:00
[2026-06-10T05:00:04.990+0000] {standard_task_runner.py:90} INFO - Running: ['***', 'tasks', 'run', 'e-commerce_kafka_streaming_pipeline_v10', 'run_bronze', 'scheduled__2026-06-10T04:00:00+00:00', '--job-id', '133', '--raw', '--subdir', 'DAGS_FOLDER/sdp_pipeline_dag.py', '--cfg-path', '/tmp/tmpicz8jbri']
[2026-06-10T05:00:04.994+0000] {standard_task_runner.py:91} INFO - Job 133: Subtask run_bronze
[2026-06-10T05:00:04.998+0000] {logging_mixin.py:188} WARNING - /home/***/.local/lib/python3.12/site-packages/***/task/task_runner/standard_task_runner.py:61 DeprecationWarning: This process (pid=6855) is multi-threaded, use of fork() may lead to deadlocks in the child.
[2026-06-10T05:00:04.999+0000] {standard_task_runner.py:63} INFO - Started process 6856 to run task
[2026-06-10T05:00:05.077+0000] {task_command.py:426} INFO - Running <TaskInstance: e-commerce_kafka_streaming_pipeline_v10.run_bronze scheduled__2026-06-10T04:00:00+00:00 [running]> on host 19d9c0c71dcc
[2026-06-10T05:00:05.196+0000] {taskinstance.py:2644} INFO - Exporting env vars: AIRFLOW_CTX_DAG_OWNER='dev' AIRFLOW_CTX_DAG_ID='e-commerce_kafka_streaming_pipeline_v10' AIRFLOW_CTX_TASK_ID='run_bronze' AIRFLOW_CTX_EXECUTION_DATE='2026-06-10T04:00:00+00:00' AIRFLOW_CTX_TRY_NUMBER='1' AIRFLOW_CTX_DAG_RUN_ID='scheduled__2026-06-10T04:00:00+00:00'
[2026-06-10T05:00:05.197+0000] {taskinstance.py:430} INFO - ::endgroup::
[2026-06-10T05:00:05.218+0000] {subprocess.py:63} INFO - Tmp dir root location: /tmp
[2026-06-10T05:00:05.221+0000] {subprocess.py:75} INFO - Running command: ['/usr/bin/bash', '-c', 'timeout 120s docker run --rm --network streaming_kafka_project_sdp-net --volume /d/Streaming_kafka_project/pipelines:/opt/pipelines --volume /d/Streaming_kafka_project/data:/opt/data --volume /d/Streaming_kafka_project/checkpoints:/opt/checkpoints --volume /d/Streaming_kafka_project/jars:/opt/jars apache/spark:3.5.1 /opt/spark/bin/spark-submit --master spark://sdp-spark-master:7077 --executor-cores 1 --executor-memory 512m --total-executor-cores 3 --jars /opt/jars/delta-spark_2.12-3.2.0.jar,/opt/jars/delta-storage-3.2.0.jar,/opt/jars/spark-sql-kafka-0-10_2.12-3.5.1.jar,/opt/jars/kafka-clients-3.4.1.jar,/opt/jars/spark-token-provider-kafka-0-10_2.12-3.5.1.jar,/opt/jars/commons-pool2-2.11.1.jar --conf spark.sql.extensions=io.delta.sql.DeltaSparkSessionExtension --conf spark.sql.catalog.spark_catalog=org.apache.spark.sql.delta.catalog.DeltaCatalog  /opt/pipelines/bronze_runner.py']
[2026-06-10T05:00:05.234+0000] {subprocess.py:86} INFO - Output:
[2026-06-10T05:00:10.379+0000] {subprocess.py:93} INFO - 26/06/10 05:00:10 WARN NativeCodeLoader: Unable to load native-hadoop library for your platform... using builtin-java classes where applicable
[2026-06-10T05:00:11.620+0000] {subprocess.py:93} INFO - 26/06/10 05:00:11 INFO SparkContext: Running Spark version 3.5.1
[2026-06-10T05:00:11.622+0000] {subprocess.py:93} INFO - 26/06/10 05:00:11 INFO SparkContext: OS info Linux, 6.6.114.1-microsoft-standard-WSL2, amd64
[2026-06-10T05:00:11.625+0000] {subprocess.py:93} INFO - 26/06/10 05:00:11 INFO SparkContext: Java version 11.0.22
[2026-06-10T05:00:11.682+0000] {subprocess.py:93} INFO - 26/06/10 05:00:11 INFO ResourceUtils: ==============================================================
[2026-06-10T05:00:11.685+0000] {subprocess.py:93} INFO - 26/06/10 05:00:11 INFO ResourceUtils: No custom resources configured for spark.driver.
[2026-06-10T05:00:11.686+0000] {subprocess.py:93} INFO - 26/06/10 05:00:11 INFO ResourceUtils: ==============================================================
[2026-06-10T05:00:11.687+0000] {subprocess.py:93} INFO - 26/06/10 05:00:11 INFO SparkContext: Submitted application: SDP-Bronze
[2026-06-10T05:00:11.727+0000] {subprocess.py:93} INFO - 26/06/10 05:00:11 INFO ResourceProfile: Default ResourceProfile created, executor resources: Map(cores -> name: cores, amount: 1, script: , vendor: , memory -> name: memory, amount: 512, script: , vendor: , offHeap -> name: offHeap, amount: 0, script: , vendor: ), task resources: Map(cpus -> name: cpus, amount: 1.0)
[2026-06-10T05:00:11.757+0000] {subprocess.py:93} INFO - 26/06/10 05:00:11 INFO ResourceProfile: Limiting resource is cpus at 1 tasks per executor
[2026-06-10T05:00:11.762+0000] {subprocess.py:93} INFO - 26/06/10 05:00:11 INFO ResourceProfileManager: Added ResourceProfile id: 0
[2026-06-10T05:00:11.850+0000] {subprocess.py:93} INFO - 26/06/10 05:00:11 INFO SecurityManager: Changing view acls to: spark
[2026-06-10T05:00:11.852+0000] {subprocess.py:93} INFO - 26/06/10 05:00:11 INFO SecurityManager: Changing modify acls to: spark
[2026-06-10T05:00:11.854+0000] {subprocess.py:93} INFO - 26/06/10 05:00:11 INFO SecurityManager: Changing view acls groups to:
[2026-06-10T05:00:11.855+0000] {subprocess.py:93} INFO - 26/06/10 05:00:11 INFO SecurityManager: Changing modify acls groups to:
[2026-06-10T05:00:11.863+0000] {subprocess.py:93} INFO - 26/06/10 05:00:11 INFO SecurityManager: SecurityManager: authentication disabled; ui acls disabled; users with view permissions: spark; groups with view permissions: EMPTY; users with modify permissions: spark; groups with modify permissions: EMPTY
[2026-06-10T05:00:12.233+0000] {subprocess.py:93} INFO - 26/06/10 05:00:12 INFO Utils: Successfully started service 'sparkDriver' on port 46125.
[2026-06-10T05:00:12.290+0000] {subprocess.py:93} INFO - 26/06/10 05:00:12 INFO SparkEnv: Registering MapOutputTracker
[2026-06-10T05:00:12.357+0000] {subprocess.py:93} INFO - 26/06/10 05:00:12 INFO SparkEnv: Registering BlockManagerMaster
[2026-06-10T05:00:12.411+0000] {subprocess.py:93} INFO - 26/06/10 05:00:12 INFO BlockManagerMasterEndpoint: Using org.apache.spark.storage.DefaultTopologyMapper for getting topology information
[2026-06-10T05:00:12.417+0000] {subprocess.py:93} INFO - 26/06/10 05:00:12 INFO BlockManagerMasterEndpoint: BlockManagerMasterEndpoint up
[2026-06-10T05:00:12.428+0000] {subprocess.py:93} INFO - 26/06/10 05:00:12 INFO SparkEnv: Registering BlockManagerMasterHeartbeat
[2026-06-10T05:00:12.482+0000] {subprocess.py:93} INFO - 26/06/10 05:00:12 INFO DiskBlockManager: Created local directory at /tmp/blockmgr-e669348d-2f8d-4396-a18a-b7a3fe2d4846
[2026-06-10T05:00:12.513+0000] {subprocess.py:93} INFO - 26/06/10 05:00:12 INFO MemoryStore: MemoryStore started with capacity 434.4 MiB
[2026-06-10T05:00:12.548+0000] {subprocess.py:93} INFO - 26/06/10 05:00:12 INFO SparkEnv: Registering OutputCommitCoordinator
[2026-06-10T05:00:12.788+0000] {subprocess.py:93} INFO - 26/06/10 05:00:12 INFO JettyUtils: Start Jetty 0.0.0.0:4040 for SparkUI
[2026-06-10T05:00:12.881+0000] {subprocess.py:93} INFO - 26/06/10 05:00:12 INFO Utils: Successfully started service 'SparkUI' on port 4040.
[2026-06-10T05:00:12.941+0000] {subprocess.py:93} INFO - 26/06/10 05:00:12 INFO SparkContext: Added JAR file:///opt/jars/delta-spark_2.12-3.2.0.jar at spark://293075ce80ac:46125/jars/delta-spark_2.12-3.2.0.jar with timestamp 1781067611605
[2026-06-10T05:00:12.943+0000] {subprocess.py:93} INFO - 26/06/10 05:00:12 INFO SparkContext: Added JAR file:///opt/jars/delta-storage-3.2.0.jar at spark://293075ce80ac:46125/jars/delta-storage-3.2.0.jar with timestamp 1781067611605
[2026-06-10T05:00:12.945+0000] {subprocess.py:93} INFO - 26/06/10 05:00:12 INFO SparkContext: Added JAR file:///opt/jars/spark-sql-kafka-0-10_2.12-3.5.1.jar at spark://293075ce80ac:46125/jars/spark-sql-kafka-0-10_2.12-3.5.1.jar with timestamp 1781067611605
[2026-06-10T05:00:12.946+0000] {subprocess.py:93} INFO - 26/06/10 05:00:12 INFO SparkContext: Added JAR file:///opt/jars/kafka-clients-3.4.1.jar at spark://293075ce80ac:46125/jars/kafka-clients-3.4.1.jar with timestamp 1781067611605
[2026-06-10T05:00:12.949+0000] {subprocess.py:93} INFO - 26/06/10 05:00:12 INFO SparkContext: Added JAR file:///opt/jars/spark-token-provider-kafka-0-10_2.12-3.5.1.jar at spark://293075ce80ac:46125/jars/spark-token-provider-kafka-0-10_2.12-3.5.1.jar with timestamp 1781067611605
[2026-06-10T05:00:12.950+0000] {subprocess.py:93} INFO - 26/06/10 05:00:12 INFO SparkContext: Added JAR file:///opt/jars/commons-pool2-2.11.1.jar at spark://293075ce80ac:46125/jars/commons-pool2-2.11.1.jar with timestamp 1781067611605
[2026-06-10T05:00:13.082+0000] {subprocess.py:93} INFO - 26/06/10 05:00:13 INFO StandaloneAppClient$ClientEndpoint: Connecting to master spark://sdp-spark-master:7077...
[2026-06-10T05:00:13.158+0000] {subprocess.py:93} INFO - 26/06/10 05:00:13 INFO TransportClientFactory: Successfully created connection to sdp-spark-master/172.18.0.4:7077 after 43 ms (0 ms spent in bootstraps)
[2026-06-10T05:00:13.297+0000] {subprocess.py:93} INFO - 26/06/10 05:00:13 INFO StandaloneSchedulerBackend: Connected to Spark cluster with app ID app-20260610050013-0062
[2026-06-10T05:00:13.300+0000] {subprocess.py:93} INFO - 26/06/10 05:00:13 INFO StandaloneAppClient$ClientEndpoint: Executor added: app-20260610050013-0062/0 on worker-20260608131402-172.18.0.6-44005 (172.18.0.6:44005) with 1 core(s)
[2026-06-10T05:00:13.324+0000] {subprocess.py:93} INFO - 26/06/10 05:00:13 INFO StandaloneSchedulerBackend: Granted executor ID app-20260610050013-0062/0 on hostPort 172.18.0.6:44005 with 1 core(s), 512.0 MiB RAM
[2026-06-10T05:00:13.325+0000] {subprocess.py:93} INFO - 26/06/10 05:00:13 INFO StandaloneAppClient$ClientEndpoint: Executor added: app-20260610050013-0062/1 on worker-20260608131402-172.18.0.6-44005 (172.18.0.6:44005) with 1 core(s)
[2026-06-10T05:00:13.327+0000] {subprocess.py:93} INFO - 26/06/10 05:00:13 INFO StandaloneSchedulerBackend: Granted executor ID app-20260610050013-0062/1 on hostPort 172.18.0.6:44005 with 1 core(s), 512.0 MiB RAM
[2026-06-10T05:00:13.331+0000] {subprocess.py:93} INFO - 26/06/10 05:00:13 INFO StandaloneAppClient$ClientEndpoint: Executor added: app-20260610050013-0062/2 on worker-20260608131402-172.18.0.5-38399 (172.18.0.5:38399) with 1 core(s)
[2026-06-10T05:00:13.332+0000] {subprocess.py:93} INFO - 26/06/10 05:00:13 INFO StandaloneSchedulerBackend: Granted executor ID app-20260610050013-0062/2 on hostPort 172.18.0.5:38399 with 1 core(s), 512.0 MiB RAM
[2026-06-10T05:00:13.351+0000] {subprocess.py:93} INFO - 26/06/10 05:00:13 INFO Utils: Successfully started service 'org.apache.spark.network.netty.NettyBlockTransferService' on port 43963.
[2026-06-10T05:00:13.353+0000] {subprocess.py:93} INFO - 26/06/10 05:00:13 INFO NettyBlockTransferService: Server created on 293075ce80ac:43963
[2026-06-10T05:00:13.355+0000] {subprocess.py:93} INFO - 26/06/10 05:00:13 INFO BlockManager: Using org.apache.spark.storage.RandomBlockReplicationPolicy for block replication policy
[2026-06-10T05:00:13.389+0000] {subprocess.py:93} INFO - 26/06/10 05:00:13 INFO BlockManagerMaster: Registering BlockManager BlockManagerId(driver, 293075ce80ac, 43963, None)
[2026-06-10T05:00:13.418+0000] {subprocess.py:93} INFO - 26/06/10 05:00:13 INFO BlockManagerMasterEndpoint: Registering block manager 293075ce80ac:43963 with 434.4 MiB RAM, BlockManagerId(driver, 293075ce80ac, 43963, None)
[2026-06-10T05:00:13.431+0000] {subprocess.py:93} INFO - 26/06/10 05:00:13 INFO BlockManagerMaster: Registered BlockManager BlockManagerId(driver, 293075ce80ac, 43963, None)
[2026-06-10T05:00:13.439+0000] {subprocess.py:93} INFO - 26/06/10 05:00:13 INFO BlockManager: Initialized BlockManager: BlockManagerId(driver, 293075ce80ac, 43963, None)
[2026-06-10T05:00:13.454+0000] {subprocess.py:93} INFO - 26/06/10 05:00:13 INFO StandaloneAppClient$ClientEndpoint: Executor updated: app-20260610050013-0062/0 is now RUNNING
[2026-06-10T05:00:13.471+0000] {subprocess.py:93} INFO - 26/06/10 05:00:13 INFO StandaloneAppClient$ClientEndpoint: Executor updated: app-20260610050013-0062/1 is now RUNNING
[2026-06-10T05:00:13.482+0000] {subprocess.py:93} INFO - 26/06/10 05:00:13 INFO StandaloneAppClient$ClientEndpoint: Executor updated: app-20260610050013-0062/2 is now RUNNING
[2026-06-10T05:00:14.197+0000] {subprocess.py:93} INFO - 26/06/10 05:00:14 INFO StandaloneSchedulerBackend: SchedulerBackend is ready for scheduling beginning after reached minRegisteredResourcesRatio: 0.0
[2026-06-10T05:00:15.096+0000] {subprocess.py:93} INFO - Starting stream: orders -> /opt/data/bronze/orders
[2026-06-10T05:00:45.066+0000] {subprocess.py:93} INFO - 26/06/10 05:00:45 WARN ResolveWriteToStream: spark.sql.adaptive.enabled is not supported in streaming DataFrames/Datasets and will be disabled.
[2026-06-10T05:00:45.328+0000] {subprocess.py:93} INFO - Starting stream: customers -> /opt/data/bronze/customers
[2026-06-10T05:00:48.603+0000] {subprocess.py:93} INFO - 26/06/10 05:00:48 WARN AdminClientConfig: These configurations '[key.deserializer, value.deserializer, enable.auto.commit, max.poll.records, auto.offset.reset]' were supplied but are not used yet.
[2026-06-10T05:00:49.263+0000] {subprocess.py:93} INFO - 26/06/10 05:00:49 WARN ResolveWriteToStream: spark.sql.adaptive.enabled is not supported in streaming DataFrames/Datasets and will be disabled.
[2026-06-10T05:00:49.381+0000] {subprocess.py:93} INFO - Starting stream: products -> /opt/data/bronze/products
[2026-06-10T05:00:52.732+0000] {subprocess.py:93} INFO - 26/06/10 05:00:52 WARN AdminClientConfig: These configurations '[key.deserializer, value.deserializer, enable.auto.commit, max.poll.records, auto.offset.reset]' were supplied but are not used yet.
[2026-06-10T05:00:52.919+0000] {subprocess.py:93} INFO - 26/06/10 05:00:52 WARN ResolveWriteToStream: spark.sql.adaptive.enabled is not supported in streaming DataFrames/Datasets and will be disabled.
[2026-06-10T05:00:54.965+0000] {subprocess.py:93} INFO - 26/06/10 05:00:54 WARN AdminClientConfig: These configurations '[key.deserializer, value.deserializer, enable.auto.commit, max.poll.records, auto.offset.reset]' were supplied but are not used yet.
[2026-06-10T05:02:06.488+0000] {subprocess.py:97} INFO - Command exited with return code 124
[2026-06-10T05:02:06.491+0000] {taskinstance.py:441} INFO - ::group::Post task execution logs
[2026-06-10T05:02:06.528+0000] {taskinstance.py:2890} ERROR - Task failed with exception
Traceback (most recent call last):
  File "/home/airflow/.local/lib/python3.12/site-packages/airflow/models/taskinstance.py", line 465, in _execute_task
    result = _execute_callable(context=context, **execute_callable_kwargs)
             ^^^^^^^^^^^^^^^^^^^^^^^^^^^^^^^^^^^^^^^^^^^^^^^^^^^^^^^^^^^^^
  File "/home/airflow/.local/lib/python3.12/site-packages/airflow/models/taskinstance.py", line 432, in _execute_callable
    return execute_callable(context=context, **execute_callable_kwargs)
           ^^^^^^^^^^^^^^^^^^^^^^^^^^^^^^^^^^^^^^^^^^^^^^^^^^^^^^^^^^^^
  File "/home/airflow/.local/lib/python3.12/site-packages/airflow/models/baseoperator.py", line 400, in wrapper
    return func(self, *args, **kwargs)
           ^^^^^^^^^^^^^^^^^^^^^^^^^^^
  File "/home/airflow/.local/lib/python3.12/site-packages/airflow/operators/bash.py", line 243, in execute
    raise AirflowException(
airflow.exceptions.AirflowException: Bash command failed. The command returned a non-zero exit code 124.
[2026-06-10T05:02:06.544+0000] {taskinstance.py:1205} INFO - Marking task as UP_FOR_RETRY. dag_id=e-commerce_kafka_streaming_pipeline_v10, task_id=run_bronze, execution_date=20260610T040000, start_date=20260610T050004, end_date=20260610T050206
[2026-06-10T05:02:06.586+0000] {standard_task_runner.py:110} ERROR - Failed to execute job 133 for task run_bronze (Bash command failed. The command returned a non-zero exit code 124.; 6856)
[2026-06-10T05:02:06.665+0000] {local_task_job_runner.py:240} INFO - Task exited with return code 1
[2026-06-10T05:02:06.768+0000] {taskinstance.py:3482} INFO - 0 downstream tasks scheduled from follow-on schedule check
[2026-06-10T05:02:06.772+0000] {local_task_job_runner.py:222} INFO - ::endgroup::
