[2026-07-21T14:01:58.543+0000] {local_task_job_runner.py:120} INFO - ::group::Pre task execution logs
[2026-07-21T14:01:58.576+0000] {taskinstance.py:2073} INFO - Dependencies all met for dep_context=non-requeueable deps ti=<TaskInstance: e-commerce_kafka_streaming_pipeline_v1.run_silver scheduled__2026-07-21T13:00:00+00:00 [queued]>
[2026-07-21T14:01:58.586+0000] {taskinstance.py:2073} INFO - Dependencies all met for dep_context=requeueable deps ti=<TaskInstance: e-commerce_kafka_streaming_pipeline_v1.run_silver scheduled__2026-07-21T13:00:00+00:00 [queued]>
[2026-07-21T14:01:58.587+0000] {taskinstance.py:2303} INFO - Starting attempt 1 of 2
[2026-07-21T14:01:58.599+0000] {taskinstance.py:2327} INFO - Executing <Task(BashOperator): run_silver> on 2026-07-21 13:00:00+00:00
[2026-07-21T14:01:58.609+0000] {standard_task_runner.py:90} INFO - Running: ['***', 'tasks', 'run', 'e-commerce_kafka_streaming_pipeline_v1', 'run_silver', 'scheduled__2026-07-21T13:00:00+00:00', '--job-id', '323', '--raw', '--subdir', 'DAGS_FOLDER/sdp_pipeline_dag.py', '--cfg-path', '/tmp/tmpoigxvjd7']
[2026-07-21T14:01:58.612+0000] {standard_task_runner.py:91} INFO - Job 323: Subtask run_silver
[2026-07-21T14:01:58.612+0000] {logging_mixin.py:188} WARNING - /home/***/.local/lib/python3.12/site-packages/***/task/task_runner/standard_task_runner.py:61 DeprecationWarning: This process (pid=17230) is multi-threaded, use of fork() may lead to deadlocks in the child.
[2026-07-21T14:01:58.613+0000] {standard_task_runner.py:63} INFO - Started process 17231 to run task
[2026-07-21T14:01:58.677+0000] {task_command.py:426} INFO - Running <TaskInstance: e-commerce_kafka_streaming_pipeline_v1.run_silver scheduled__2026-07-21T13:00:00+00:00 [running]> on host da27550080bf
[2026-07-21T14:01:58.760+0000] {taskinstance.py:2644} INFO - Exporting env vars: AIRFLOW_CTX_DAG_OWNER='dev' AIRFLOW_CTX_DAG_ID='e-commerce_kafka_streaming_pipeline_v1' AIRFLOW_CTX_TASK_ID='run_silver' AIRFLOW_CTX_EXECUTION_DATE='2026-07-21T13:00:00+00:00' AIRFLOW_CTX_TRY_NUMBER='1' AIRFLOW_CTX_DAG_RUN_ID='scheduled__2026-07-21T13:00:00+00:00'
[2026-07-21T14:01:58.762+0000] {taskinstance.py:430} INFO - ::endgroup::
[2026-07-21T14:01:58.774+0000] {subprocess.py:63} INFO - Tmp dir root location: /tmp
[2026-07-21T14:01:58.776+0000] {subprocess.py:75} INFO - Running command: ['/usr/bin/bash', '-c', 'timeout 150s docker run --rm --network streaming_kafka_project_sdp-net --volume /d/Streaming_kafka_project/pipelines:/opt/pipelines --volume /d/Streaming_kafka_project/data:/opt/data --volume /d/Streaming_kafka_project/checkpoints:/opt/checkpoints --volume /d/Streaming_kafka_project/jars:/opt/jars apache/spark:3.5.1 /opt/spark/bin/spark-submit --master spark://sdp-spark-master:7077 --executor-cores 1 --executor-memory 512m --total-executor-cores 3 --jars /opt/jars/delta-spark_2.12-3.2.0.jar,/opt/jars/delta-storage-3.2.0.jar,/opt/jars/spark-sql-kafka-0-10_2.12-3.5.1.jar,/opt/jars/kafka-clients-3.4.1.jar,/opt/jars/spark-token-provider-kafka-0-10_2.12-3.5.1.jar,/opt/jars/commons-pool2-2.11.1.jar --conf spark.sql.extensions=io.delta.sql.DeltaSparkSessionExtension --conf spark.sql.catalog.spark_catalog=org.apache.spark.sql.delta.catalog.DeltaCatalog  /opt/pipelines/silver_runner.py']
[2026-07-21T14:01:58.786+0000] {subprocess.py:86} INFO - Output:
[2026-07-21T14:02:00.853+0000] {subprocess.py:93} INFO - 26/07/21 14:02:00 WARN NativeCodeLoader: Unable to load native-hadoop library for your platform... using builtin-java classes where applicable
[2026-07-21T14:02:01.738+0000] {subprocess.py:93} INFO - 26/07/21 14:02:01 INFO SparkContext: Running Spark version 3.5.1
[2026-07-21T14:02:01.740+0000] {subprocess.py:93} INFO - 26/07/21 14:02:01 INFO SparkContext: OS info Linux, 6.18.33.2-microsoft-standard-WSL2, amd64
[2026-07-21T14:02:01.741+0000] {subprocess.py:93} INFO - 26/07/21 14:02:01 INFO SparkContext: Java version 11.0.22
[2026-07-21T14:02:01.773+0000] {subprocess.py:93} INFO - 26/07/21 14:02:01 INFO ResourceUtils: ==============================================================
[2026-07-21T14:02:01.775+0000] {subprocess.py:93} INFO - 26/07/21 14:02:01 INFO ResourceUtils: No custom resources configured for spark.driver.
[2026-07-21T14:02:01.776+0000] {subprocess.py:93} INFO - 26/07/21 14:02:01 INFO ResourceUtils: ==============================================================
[2026-07-21T14:02:01.778+0000] {subprocess.py:93} INFO - 26/07/21 14:02:01 INFO SparkContext: Submitted application: SDP-Silver
[2026-07-21T14:02:01.803+0000] {subprocess.py:93} INFO - 26/07/21 14:02:01 INFO ResourceProfile: Default ResourceProfile created, executor resources: Map(cores -> name: cores, amount: 1, script: , vendor: , memory -> name: memory, amount: 512, script: , vendor: , offHeap -> name: offHeap, amount: 0, script: , vendor: ), task resources: Map(cpus -> name: cpus, amount: 1.0)
[2026-07-21T14:02:01.821+0000] {subprocess.py:93} INFO - 26/07/21 14:02:01 INFO ResourceProfile: Limiting resource is cpus at 1 tasks per executor
[2026-07-21T14:02:01.825+0000] {subprocess.py:93} INFO - 26/07/21 14:02:01 INFO ResourceProfileManager: Added ResourceProfile id: 0
[2026-07-21T14:02:01.903+0000] {subprocess.py:93} INFO - 26/07/21 14:02:01 INFO SecurityManager: Changing view acls to: spark
[2026-07-21T14:02:01.905+0000] {subprocess.py:93} INFO - 26/07/21 14:02:01 INFO SecurityManager: Changing modify acls to: spark
[2026-07-21T14:02:01.907+0000] {subprocess.py:93} INFO - 26/07/21 14:02:01 INFO SecurityManager: Changing view acls groups to:
[2026-07-21T14:02:01.908+0000] {subprocess.py:93} INFO - 26/07/21 14:02:01 INFO SecurityManager: Changing modify acls groups to:
[2026-07-21T14:02:01.909+0000] {subprocess.py:93} INFO - 26/07/21 14:02:01 INFO SecurityManager: SecurityManager: authentication disabled; ui acls disabled; users with view permissions: spark; groups with view permissions: EMPTY; users with modify permissions: spark; groups with modify permissions: EMPTY
[2026-07-21T14:02:02.172+0000] {subprocess.py:93} INFO - 26/07/21 14:02:02 INFO Utils: Successfully started service 'sparkDriver' on port 41153.
[2026-07-21T14:02:02.203+0000] {subprocess.py:93} INFO - 26/07/21 14:02:02 INFO SparkEnv: Registering MapOutputTracker
[2026-07-21T14:02:02.246+0000] {subprocess.py:93} INFO - 26/07/21 14:02:02 INFO SparkEnv: Registering BlockManagerMaster
[2026-07-21T14:02:02.264+0000] {subprocess.py:93} INFO - 26/07/21 14:02:02 INFO BlockManagerMasterEndpoint: Using org.apache.spark.storage.DefaultTopologyMapper for getting topology information
[2026-07-21T14:02:02.266+0000] {subprocess.py:93} INFO - 26/07/21 14:02:02 INFO BlockManagerMasterEndpoint: BlockManagerMasterEndpoint up
[2026-07-21T14:02:02.270+0000] {subprocess.py:93} INFO - 26/07/21 14:02:02 INFO SparkEnv: Registering BlockManagerMasterHeartbeat
[2026-07-21T14:02:02.292+0000] {subprocess.py:93} INFO - 26/07/21 14:02:02 INFO DiskBlockManager: Created local directory at /tmp/blockmgr-34a8f526-5324-4352-94eb-296c0675502d
[2026-07-21T14:02:02.304+0000] {subprocess.py:93} INFO - 26/07/21 14:02:02 INFO MemoryStore: MemoryStore started with capacity 434.4 MiB
[2026-07-21T14:02:02.318+0000] {subprocess.py:93} INFO - 26/07/21 14:02:02 INFO SparkEnv: Registering OutputCommitCoordinator
[2026-07-21T14:02:02.445+0000] {subprocess.py:93} INFO - 26/07/21 14:02:02 INFO JettyUtils: Start Jetty 0.0.0.0:4040 for SparkUI
[2026-07-21T14:02:02.512+0000] {subprocess.py:93} INFO - 26/07/21 14:02:02 INFO Utils: Successfully started service 'SparkUI' on port 4040.
[2026-07-21T14:02:02.556+0000] {subprocess.py:93} INFO - 26/07/21 14:02:02 INFO SparkContext: Added JAR file:///opt/jars/delta-spark_2.12-3.2.0.jar at spark://84f1adbe7fd6:41153/jars/delta-spark_2.12-3.2.0.jar with timestamp 1784642521725
[2026-07-21T14:02:02.558+0000] {subprocess.py:93} INFO - 26/07/21 14:02:02 INFO SparkContext: Added JAR file:///opt/jars/delta-storage-3.2.0.jar at spark://84f1adbe7fd6:41153/jars/delta-storage-3.2.0.jar with timestamp 1784642521725
[2026-07-21T14:02:02.559+0000] {subprocess.py:93} INFO - 26/07/21 14:02:02 INFO SparkContext: Added JAR file:///opt/jars/spark-sql-kafka-0-10_2.12-3.5.1.jar at spark://84f1adbe7fd6:41153/jars/spark-sql-kafka-0-10_2.12-3.5.1.jar with timestamp 1784642521725
[2026-07-21T14:02:02.560+0000] {subprocess.py:93} INFO - 26/07/21 14:02:02 INFO SparkContext: Added JAR file:///opt/jars/kafka-clients-3.4.1.jar at spark://84f1adbe7fd6:41153/jars/kafka-clients-3.4.1.jar with timestamp 1784642521725
[2026-07-21T14:02:02.562+0000] {subprocess.py:93} INFO - 26/07/21 14:02:02 INFO SparkContext: Added JAR file:///opt/jars/spark-token-provider-kafka-0-10_2.12-3.5.1.jar at spark://84f1adbe7fd6:41153/jars/spark-token-provider-kafka-0-10_2.12-3.5.1.jar with timestamp 1784642521725
[2026-07-21T14:02:02.563+0000] {subprocess.py:93} INFO - 26/07/21 14:02:02 INFO SparkContext: Added JAR file:///opt/jars/commons-pool2-2.11.1.jar at spark://84f1adbe7fd6:41153/jars/commons-pool2-2.11.1.jar with timestamp 1784642521725
[2026-07-21T14:02:02.638+0000] {subprocess.py:93} INFO - 26/07/21 14:02:02 INFO StandaloneAppClient$ClientEndpoint: Connecting to master spark://sdp-spark-master:7077...
[2026-07-21T14:02:02.683+0000] {subprocess.py:93} INFO - 26/07/21 14:02:02 INFO TransportClientFactory: Successfully created connection to sdp-spark-master/172.18.0.4:7077 after 23 ms (0 ms spent in bootstraps)
[2026-07-21T14:02:02.768+0000] {subprocess.py:93} INFO - 26/07/21 14:02:02 INFO StandaloneSchedulerBackend: Connected to Spark cluster with app ID app-20260721140202-0150
[2026-07-21T14:02:02.770+0000] {subprocess.py:93} INFO - 26/07/21 14:02:02 INFO StandaloneAppClient$ClientEndpoint: Executor added: app-20260721140202-0150/0 on worker-20260716063602-172.18.0.5-44367 (172.18.0.5:44367) with 1 core(s)
[2026-07-21T14:02:02.771+0000] {subprocess.py:93} INFO - 26/07/21 14:02:02 INFO StandaloneSchedulerBackend: Granted executor ID app-20260721140202-0150/0 on hostPort 172.18.0.5:44367 with 1 core(s), 512.0 MiB RAM
[2026-07-21T14:02:02.772+0000] {subprocess.py:93} INFO - 26/07/21 14:02:02 INFO StandaloneAppClient$ClientEndpoint: Executor added: app-20260721140202-0150/1 on worker-20260716063602-172.18.0.5-44367 (172.18.0.5:44367) with 1 core(s)
[2026-07-21T14:02:02.773+0000] {subprocess.py:93} INFO - 26/07/21 14:02:02 INFO StandaloneSchedulerBackend: Granted executor ID app-20260721140202-0150/1 on hostPort 172.18.0.5:44367 with 1 core(s), 512.0 MiB RAM
[2026-07-21T14:02:02.774+0000] {subprocess.py:93} INFO - 26/07/21 14:02:02 INFO StandaloneAppClient$ClientEndpoint: Executor added: app-20260721140202-0150/2 on worker-20260716063602-172.18.0.6-33249 (172.18.0.6:33249) with 1 core(s)
[2026-07-21T14:02:02.775+0000] {subprocess.py:93} INFO - 26/07/21 14:02:02 INFO StandaloneSchedulerBackend: Granted executor ID app-20260721140202-0150/2 on hostPort 172.18.0.6:33249 with 1 core(s), 512.0 MiB RAM
[2026-07-21T14:02:02.779+0000] {subprocess.py:93} INFO - 26/07/21 14:02:02 INFO Utils: Successfully started service 'org.apache.spark.network.netty.NettyBlockTransferService' on port 45623.
[2026-07-21T14:02:02.781+0000] {subprocess.py:93} INFO - 26/07/21 14:02:02 INFO NettyBlockTransferService: Server created on 84f1adbe7fd6:45623
[2026-07-21T14:02:02.782+0000] {subprocess.py:93} INFO - 26/07/21 14:02:02 INFO BlockManager: Using org.apache.spark.storage.RandomBlockReplicationPolicy for block replication policy
[2026-07-21T14:02:02.789+0000] {subprocess.py:93} INFO - 26/07/21 14:02:02 INFO BlockManagerMaster: Registering BlockManager BlockManagerId(driver, 84f1adbe7fd6, 45623, None)
[2026-07-21T14:02:02.795+0000] {subprocess.py:93} INFO - 26/07/21 14:02:02 INFO BlockManagerMasterEndpoint: Registering block manager 84f1adbe7fd6:45623 with 434.4 MiB RAM, BlockManagerId(driver, 84f1adbe7fd6, 45623, None)
[2026-07-21T14:02:02.806+0000] {subprocess.py:93} INFO - 26/07/21 14:02:02 INFO BlockManagerMaster: Registered BlockManager BlockManagerId(driver, 84f1adbe7fd6, 45623, None)
[2026-07-21T14:02:02.808+0000] {subprocess.py:93} INFO - 26/07/21 14:02:02 INFO BlockManager: Initialized BlockManager: BlockManagerId(driver, 84f1adbe7fd6, 45623, None)
[2026-07-21T14:02:02.829+0000] {subprocess.py:93} INFO - 26/07/21 14:02:02 INFO StandaloneAppClient$ClientEndpoint: Executor updated: app-20260721140202-0150/0 is now RUNNING
[2026-07-21T14:02:02.831+0000] {subprocess.py:93} INFO - 26/07/21 14:02:02 INFO StandaloneAppClient$ClientEndpoint: Executor updated: app-20260721140202-0150/1 is now RUNNING
[2026-07-21T14:02:02.832+0000] {subprocess.py:93} INFO - 26/07/21 14:02:02 INFO StandaloneAppClient$ClientEndpoint: Executor updated: app-20260721140202-0150/2 is now RUNNING
[2026-07-21T14:02:03.108+0000] {subprocess.py:93} INFO - 26/07/21 14:02:03 INFO StandaloneSchedulerBackend: SchedulerBackend is ready for scheduling beginning after reached minRegisteredResourcesRatio: 0.0
[2026-07-21T14:02:03.651+0000] {subprocess.py:93} INFO - Starting silver stream: orders --->>  /opt/data/silver/orders
[2026-07-21T14:02:19.760+0000] {subprocess.py:93} INFO - 26/07/21 14:02:19 WARN ResolveWriteToStream: spark.sql.adaptive.enabled is not supported in streaming DataFrames/Datasets and will be disabled.
[2026-07-21T14:02:19.930+0000] {subprocess.py:93} INFO - Silver stream started: /opt/data/bronze/orders --->> /opt/data/silver/orders
[2026-07-21T14:02:19.937+0000] {subprocess.py:93} INFO - Starting silver stream: customers --->>  /opt/data/silver/customers
[2026-07-21T14:02:25.470+0000] {subprocess.py:93} INFO - 26/07/21 14:02:25 WARN ResolveWriteToStream: spark.sql.adaptive.enabled is not supported in streaming DataFrames/Datasets and will be disabled.
[2026-07-21T14:02:25.536+0000] {subprocess.py:93} INFO - Silver stream started: /opt/data/bronze/customers --->> /opt/data/silver/customers
[2026-07-21T14:02:25.544+0000] {subprocess.py:93} INFO - Starting silver stream: products --->>  /opt/data/silver/products
[2026-07-21T14:02:31.580+0000] {subprocess.py:93} INFO - 26/07/21 14:02:31 WARN ResolveWriteToStream: spark.sql.adaptive.enabled is not supported in streaming DataFrames/Datasets and will be disabled.
[2026-07-21T14:02:31.644+0000] {subprocess.py:93} INFO - Silver stream started: /opt/data/bronze/products --->> /opt/data/silver/products
[2026-07-21T14:02:35.061+0000] {subprocess.py:93} INFO - 26/07/21 14:02:35 WARN SparkStringUtils: Truncated the string representation of a plan since it was too large. This behavior can be adjusted by setting 'spark.sql.debug.maxToStringFields'.
[2026-07-21T14:04:05.365+0000] {subprocess.py:97} INFO - Command exited with return code 0
[2026-07-21T14:04:05.370+0000] {taskinstance.py:441} INFO - ::group::Post task execution logs
[2026-07-21T14:04:05.433+0000] {taskinstance.py:1205} INFO - Marking task as SUCCESS. dag_id=e-commerce_kafka_streaming_pipeline_v1, task_id=run_silver, execution_date=20260721T130000, start_date=20260721T140158, end_date=20260721T140405
[2026-07-21T14:04:05.499+0000] {local_task_job_runner.py:240} INFO - Task exited with return code 0
[2026-07-21T14:04:05.536+0000] {taskinstance.py:3482} INFO - 1 downstream tasks scheduled from follow-on schedule check
[2026-07-21T14:04:05.542+0000] {local_task_job_runner.py:222} INFO - ::endgroup::
