[2026-06-09T08:47:36.407+0000] {local_task_job_runner.py:120} INFO - ::group::Pre task execution logs
[2026-06-09T08:47:36.470+0000] {taskinstance.py:2073} INFO - Dependencies all met for dep_context=non-requeueable deps ti=<TaskInstance: e-commerce_kafka_streaming_pipeline_v10.run_bronze scheduled__2026-06-09T07:00:00+00:00 [queued]>
[2026-06-09T08:47:36.490+0000] {taskinstance.py:2073} INFO - Dependencies all met for dep_context=requeueable deps ti=<TaskInstance: e-commerce_kafka_streaming_pipeline_v10.run_bronze scheduled__2026-06-09T07:00:00+00:00 [queued]>
[2026-06-09T08:47:36.491+0000] {taskinstance.py:2303} INFO - Starting attempt 2 of 2
[2026-06-09T08:47:36.517+0000] {taskinstance.py:2327} INFO - Executing <Task(BashOperator): run_bronze> on 2026-06-09 07:00:00+00:00
[2026-06-09T08:47:36.536+0000] {standard_task_runner.py:90} INFO - Running: ['***', 'tasks', 'run', 'e-commerce_kafka_streaming_pipeline_v10', 'run_bronze', 'scheduled__2026-06-09T07:00:00+00:00', '--job-id', '87', '--raw', '--subdir', 'DAGS_FOLDER/sdp_pipeline_dag.py', '--cfg-path', '/tmp/tmp2cqs2fli']
[2026-06-09T08:47:36.539+0000] {logging_mixin.py:188} WARNING - /home/***/.local/lib/python3.12/site-packages/***/task/task_runner/standard_task_runner.py:61 DeprecationWarning: This process (pid=3372) is multi-threaded, use of fork() may lead to deadlocks in the child.
[2026-06-09T08:47:36.540+0000] {standard_task_runner.py:91} INFO - Job 87: Subtask run_bronze
[2026-06-09T08:47:36.541+0000] {standard_task_runner.py:63} INFO - Started process 3373 to run task
[2026-06-09T08:47:36.654+0000] {task_command.py:426} INFO - Running <TaskInstance: e-commerce_kafka_streaming_pipeline_v10.run_bronze scheduled__2026-06-09T07:00:00+00:00 [running]> on host 19d9c0c71dcc
[2026-06-09T08:47:36.812+0000] {taskinstance.py:2644} INFO - Exporting env vars: AIRFLOW_CTX_DAG_OWNER='dev' AIRFLOW_CTX_DAG_ID='e-commerce_kafka_streaming_pipeline_v10' AIRFLOW_CTX_TASK_ID='run_bronze' AIRFLOW_CTX_EXECUTION_DATE='2026-06-09T07:00:00+00:00' AIRFLOW_CTX_TRY_NUMBER='2' AIRFLOW_CTX_DAG_RUN_ID='scheduled__2026-06-09T07:00:00+00:00'
[2026-06-09T08:47:36.813+0000] {taskinstance.py:430} INFO - ::endgroup::
[2026-06-09T08:47:36.842+0000] {subprocess.py:63} INFO - Tmp dir root location: /tmp
[2026-06-09T08:47:36.844+0000] {subprocess.py:75} INFO - Running command: ['/usr/bin/bash', '-c', 'timeout 120s docker run --rm --network streaming_kafka_project_sdp-net --volume /d/Streaming_kafka_project/pipelines:/opt/pipelines --volume /d/Streaming_kafka_project/data:/opt/data --volume /d/Streaming_kafka_project/checkpoints:/opt/checkpoints --volume /d/Streaming_kafka_project/jars:/opt/jars apache/spark:3.5.1 /opt/spark/bin/spark-submit --master spark://sdp-spark-master:7077 --executor-cores 1 --executor-memory 512m --total-executor-cores 3 --jars /opt/jars/delta-spark_2.12-3.2.0.jar,/opt/jars/delta-storage-3.2.0.jar,/opt/jars/spark-sql-kafka-0-10_2.12-3.5.1.jar,/opt/jars/kafka-clients-3.4.1.jar,/opt/jars/spark-token-provider-kafka-0-10_2.12-3.5.1.jar,/opt/jars/commons-pool2-2.11.1.jar --conf spark.sql.extensions=io.delta.sql.DeltaSparkSessionExtension --conf spark.sql.catalog.spark_catalog=org.apache.spark.sql.delta.catalog.DeltaCatalog  /opt/pipelines/bronze_runner.py']
[2026-06-09T08:47:36.861+0000] {subprocess.py:86} INFO - Output:
[2026-06-09T08:47:42.705+0000] {subprocess.py:93} INFO - 26/06/09 08:47:42 WARN NativeCodeLoader: Unable to load native-hadoop library for your platform... using builtin-java classes where applicable
[2026-06-09T08:47:44.143+0000] {subprocess.py:93} INFO - 26/06/09 08:47:44 INFO SparkContext: Running Spark version 3.5.1
[2026-06-09T08:47:44.152+0000] {subprocess.py:93} INFO - 26/06/09 08:47:44 INFO SparkContext: OS info Linux, 6.6.114.1-microsoft-standard-WSL2, amd64
[2026-06-09T08:47:44.153+0000] {subprocess.py:93} INFO - 26/06/09 08:47:44 INFO SparkContext: Java version 11.0.22
[2026-06-09T08:47:44.218+0000] {subprocess.py:93} INFO - 26/06/09 08:47:44 INFO ResourceUtils: ==============================================================
[2026-06-09T08:47:44.220+0000] {subprocess.py:93} INFO - 26/06/09 08:47:44 INFO ResourceUtils: No custom resources configured for spark.driver.
[2026-06-09T08:47:44.222+0000] {subprocess.py:93} INFO - 26/06/09 08:47:44 INFO ResourceUtils: ==============================================================
[2026-06-09T08:47:44.223+0000] {subprocess.py:93} INFO - 26/06/09 08:47:44 INFO SparkContext: Submitted application: SDP-Bronze
[2026-06-09T08:47:44.271+0000] {subprocess.py:93} INFO - 26/06/09 08:47:44 INFO ResourceProfile: Default ResourceProfile created, executor resources: Map(cores -> name: cores, amount: 1, script: , vendor: , memory -> name: memory, amount: 512, script: , vendor: , offHeap -> name: offHeap, amount: 0, script: , vendor: ), task resources: Map(cpus -> name: cpus, amount: 1.0)
[2026-06-09T08:47:44.306+0000] {subprocess.py:93} INFO - 26/06/09 08:47:44 INFO ResourceProfile: Limiting resource is cpus at 1 tasks per executor
[2026-06-09T08:47:44.313+0000] {subprocess.py:93} INFO - 26/06/09 08:47:44 INFO ResourceProfileManager: Added ResourceProfile id: 0
[2026-06-09T08:47:44.433+0000] {subprocess.py:93} INFO - 26/06/09 08:47:44 INFO SecurityManager: Changing view acls to: spark
[2026-06-09T08:47:44.437+0000] {subprocess.py:93} INFO - 26/06/09 08:47:44 INFO SecurityManager: Changing modify acls to: spark
[2026-06-09T08:47:44.440+0000] {subprocess.py:93} INFO - 26/06/09 08:47:44 INFO SecurityManager: Changing view acls groups to:
[2026-06-09T08:47:44.444+0000] {subprocess.py:93} INFO - 26/06/09 08:47:44 INFO SecurityManager: Changing modify acls groups to:
[2026-06-09T08:47:44.451+0000] {subprocess.py:93} INFO - 26/06/09 08:47:44 INFO SecurityManager: SecurityManager: authentication disabled; ui acls disabled; users with view permissions: spark; groups with view permissions: EMPTY; users with modify permissions: spark; groups with modify permissions: EMPTY
[2026-06-09T08:47:44.932+0000] {subprocess.py:93} INFO - 26/06/09 08:47:44 INFO Utils: Successfully started service 'sparkDriver' on port 36525.
[2026-06-09T08:47:45.008+0000] {subprocess.py:93} INFO - 26/06/09 08:47:45 INFO SparkEnv: Registering MapOutputTracker
[2026-06-09T08:47:45.083+0000] {subprocess.py:93} INFO - 26/06/09 08:47:45 INFO SparkEnv: Registering BlockManagerMaster
[2026-06-09T08:47:45.136+0000] {subprocess.py:93} INFO - 26/06/09 08:47:45 INFO BlockManagerMasterEndpoint: Using org.apache.spark.storage.DefaultTopologyMapper for getting topology information
[2026-06-09T08:47:45.139+0000] {subprocess.py:93} INFO - 26/06/09 08:47:45 INFO BlockManagerMasterEndpoint: BlockManagerMasterEndpoint up
[2026-06-09T08:47:45.150+0000] {subprocess.py:93} INFO - 26/06/09 08:47:45 INFO SparkEnv: Registering BlockManagerMasterHeartbeat
[2026-06-09T08:47:45.203+0000] {subprocess.py:93} INFO - 26/06/09 08:47:45 INFO DiskBlockManager: Created local directory at /tmp/blockmgr-07310943-cbf5-4d12-a9e3-509f7a1fca0a
[2026-06-09T08:47:45.235+0000] {subprocess.py:93} INFO - 26/06/09 08:47:45 INFO MemoryStore: MemoryStore started with capacity 434.4 MiB
[2026-06-09T08:47:45.266+0000] {subprocess.py:93} INFO - 26/06/09 08:47:45 INFO SparkEnv: Registering OutputCommitCoordinator
[2026-06-09T08:47:45.502+0000] {subprocess.py:93} INFO - 26/06/09 08:47:45 INFO JettyUtils: Start Jetty 0.0.0.0:4040 for SparkUI
[2026-06-09T08:47:45.597+0000] {subprocess.py:93} INFO - 26/06/09 08:47:45 INFO Utils: Successfully started service 'SparkUI' on port 4040.
[2026-06-09T08:47:45.676+0000] {subprocess.py:93} INFO - 26/06/09 08:47:45 INFO SparkContext: Added JAR file:///opt/jars/delta-spark_2.12-3.2.0.jar at spark://e09cabd58b5a:36525/jars/delta-spark_2.12-3.2.0.jar with timestamp 1780994864119
[2026-06-09T08:47:45.681+0000] {subprocess.py:93} INFO - 26/06/09 08:47:45 INFO SparkContext: Added JAR file:///opt/jars/delta-storage-3.2.0.jar at spark://e09cabd58b5a:36525/jars/delta-storage-3.2.0.jar with timestamp 1780994864119
[2026-06-09T08:47:45.684+0000] {subprocess.py:93} INFO - 26/06/09 08:47:45 INFO SparkContext: Added JAR file:///opt/jars/spark-sql-kafka-0-10_2.12-3.5.1.jar at spark://e09cabd58b5a:36525/jars/spark-sql-kafka-0-10_2.12-3.5.1.jar with timestamp 1780994864119
[2026-06-09T08:47:45.685+0000] {subprocess.py:93} INFO - 26/06/09 08:47:45 INFO SparkContext: Added JAR file:///opt/jars/kafka-clients-3.4.1.jar at spark://e09cabd58b5a:36525/jars/kafka-clients-3.4.1.jar with timestamp 1780994864119
[2026-06-09T08:47:45.687+0000] {subprocess.py:93} INFO - 26/06/09 08:47:45 INFO SparkContext: Added JAR file:///opt/jars/spark-token-provider-kafka-0-10_2.12-3.5.1.jar at spark://e09cabd58b5a:36525/jars/spark-token-provider-kafka-0-10_2.12-3.5.1.jar with timestamp 1780994864119
[2026-06-09T08:47:45.689+0000] {subprocess.py:93} INFO - 26/06/09 08:47:45 INFO SparkContext: Added JAR file:///opt/jars/commons-pool2-2.11.1.jar at spark://e09cabd58b5a:36525/jars/commons-pool2-2.11.1.jar with timestamp 1780994864119
[2026-06-09T08:47:45.926+0000] {subprocess.py:93} INFO - 26/06/09 08:47:45 INFO StandaloneAppClient$ClientEndpoint: Connecting to master spark://sdp-spark-master:7077...
[2026-06-09T08:47:46.026+0000] {subprocess.py:93} INFO - 26/06/09 08:47:46 INFO TransportClientFactory: Successfully created connection to sdp-spark-master/172.18.0.4:7077 after 60 ms (0 ms spent in bootstraps)
[2026-06-09T08:47:46.232+0000] {subprocess.py:93} INFO - 26/06/09 08:47:46 INFO StandaloneSchedulerBackend: Connected to Spark cluster with app ID app-20260609084746-0032
[2026-06-09T08:47:46.248+0000] {subprocess.py:93} INFO - 26/06/09 08:47:46 INFO StandaloneAppClient$ClientEndpoint: Executor added: app-20260609084746-0032/0 on worker-20260608131402-172.18.0.5-38399 (172.18.0.5:38399) with 1 core(s)
[2026-06-09T08:47:46.275+0000] {subprocess.py:93} INFO - 26/06/09 08:47:46 INFO StandaloneSchedulerBackend: Granted executor ID app-20260609084746-0032/0 on hostPort 172.18.0.5:38399 with 1 core(s), 512.0 MiB RAM
[2026-06-09T08:47:46.283+0000] {subprocess.py:93} INFO - 26/06/09 08:47:46 INFO StandaloneAppClient$ClientEndpoint: Executor added: app-20260609084746-0032/1 on worker-20260608131402-172.18.0.5-38399 (172.18.0.5:38399) with 1 core(s)
[2026-06-09T08:47:46.287+0000] {subprocess.py:93} INFO - 26/06/09 08:47:46 INFO StandaloneSchedulerBackend: Granted executor ID app-20260609084746-0032/1 on hostPort 172.18.0.5:38399 with 1 core(s), 512.0 MiB RAM
[2026-06-09T08:47:46.296+0000] {subprocess.py:93} INFO - 26/06/09 08:47:46 INFO StandaloneAppClient$ClientEndpoint: Executor added: app-20260609084746-0032/2 on worker-20260608131402-172.18.0.6-44005 (172.18.0.6:44005) with 1 core(s)
[2026-06-09T08:47:46.301+0000] {subprocess.py:93} INFO - 26/06/09 08:47:46 INFO StandaloneSchedulerBackend: Granted executor ID app-20260609084746-0032/2 on hostPort 172.18.0.6:44005 with 1 core(s), 512.0 MiB RAM
[2026-06-09T08:47:46.353+0000] {subprocess.py:93} INFO - 26/06/09 08:47:46 INFO Utils: Successfully started service 'org.apache.spark.network.netty.NettyBlockTransferService' on port 41269.
[2026-06-09T08:47:46.354+0000] {subprocess.py:93} INFO - 26/06/09 08:47:46 INFO NettyBlockTransferService: Server created on e09cabd58b5a:41269
[2026-06-09T08:47:46.391+0000] {subprocess.py:93} INFO - 26/06/09 08:47:46 INFO BlockManager: Using org.apache.spark.storage.RandomBlockReplicationPolicy for block replication policy
[2026-06-09T08:47:46.463+0000] {subprocess.py:93} INFO - 26/06/09 08:47:46 INFO BlockManagerMaster: Registering BlockManager BlockManagerId(driver, e09cabd58b5a, 41269, None)
[2026-06-09T08:47:46.494+0000] {subprocess.py:93} INFO - 26/06/09 08:47:46 INFO BlockManagerMasterEndpoint: Registering block manager e09cabd58b5a:41269 with 434.4 MiB RAM, BlockManagerId(driver, e09cabd58b5a, 41269, None)
[2026-06-09T08:47:46.510+0000] {subprocess.py:93} INFO - 26/06/09 08:47:46 INFO StandaloneAppClient$ClientEndpoint: Executor updated: app-20260609084746-0032/2 is now RUNNING
[2026-06-09T08:47:46.566+0000] {subprocess.py:93} INFO - 26/06/09 08:47:46 INFO BlockManagerMaster: Registered BlockManager BlockManagerId(driver, e09cabd58b5a, 41269, None)
[2026-06-09T08:47:46.587+0000] {subprocess.py:93} INFO - 26/06/09 08:47:46 INFO StandaloneAppClient$ClientEndpoint: Executor updated: app-20260609084746-0032/1 is now RUNNING
[2026-06-09T08:47:46.601+0000] {subprocess.py:93} INFO - 26/06/09 08:47:46 INFO StandaloneAppClient$ClientEndpoint: Executor updated: app-20260609084746-0032/0 is now RUNNING
[2026-06-09T08:47:46.610+0000] {subprocess.py:93} INFO - 26/06/09 08:47:46 INFO BlockManager: Initialized BlockManager: BlockManagerId(driver, e09cabd58b5a, 41269, None)
[2026-06-09T08:47:47.801+0000] {subprocess.py:93} INFO - 26/06/09 08:47:47 INFO StandaloneSchedulerBackend: SchedulerBackend is ready for scheduling beginning after reached minRegisteredResourcesRatio: 0.0
[2026-06-09T08:47:48.795+0000] {subprocess.py:93} INFO - Starting stream: orders -> /opt/data/bronze/orders
[2026-06-09T08:48:26.665+0000] {subprocess.py:93} INFO - 26/06/09 08:48:26 WARN ResolveWriteToStream: spark.sql.adaptive.enabled is not supported in streaming DataFrames/Datasets and will be disabled.
[2026-06-09T08:48:27.011+0000] {subprocess.py:93} INFO - Starting stream: customers -> /opt/data/bronze/customers
[2026-06-09T08:48:29.496+0000] {subprocess.py:93} INFO - 26/06/09 08:48:29 WARN ResolveWriteToStream: spark.sql.adaptive.enabled is not supported in streaming DataFrames/Datasets and will be disabled.
[2026-06-09T08:48:29.591+0000] {subprocess.py:93} INFO - Starting stream: products -> /opt/data/bronze/products
[2026-06-09T08:48:32.743+0000] {subprocess.py:93} INFO - 26/06/09 08:48:32 WARN ResolveWriteToStream: spark.sql.adaptive.enabled is not supported in streaming DataFrames/Datasets and will be disabled.
[2026-06-09T08:48:34.784+0000] {subprocess.py:93} INFO - 26/06/09 08:48:34 WARN SparkStringUtils: Truncated the string representation of a plan since it was too large. This behavior can be adjusted by setting 'spark.sql.debug.maxToStringFields'.
[2026-06-09T08:49:37.268+0000] {subprocess.py:93} INFO - 26/06/09 08:49:37 ERROR DeltaFileFormatWriter: Aborting job c56f2b66-b1f2-41dc-8861-8d02753a08a2.
[2026-06-09T08:49:37.270+0000] {subprocess.py:93} INFO - org.apache.spark.SparkException: Job 7 cancelled because SparkContext was shut down
[2026-06-09T08:49:37.272+0000] {subprocess.py:93} INFO - 	at org.apache.spark.scheduler.DAGScheduler.$anonfun$cleanUpAfterSchedulerStop$1(DAGScheduler.scala:1253)
[2026-06-09T08:49:37.277+0000] {subprocess.py:93} INFO - 	at org.apache.spark.scheduler.DAGScheduler.$anonfun$cleanUpAfterSchedulerStop$1$adapted(DAGScheduler.scala:1251)
[2026-06-09T08:49:37.281+0000] {subprocess.py:93} INFO - 	at scala.collection.mutable.HashSet.foreach(HashSet.scala:79)
[2026-06-09T08:49:37.283+0000] {subprocess.py:93} INFO - 	at org.apache.spark.scheduler.DAGScheduler.cleanUpAfterSchedulerStop(DAGScheduler.scala:1251)
[2026-06-09T08:49:37.289+0000] {subprocess.py:93} INFO - 	at org.apache.spark.scheduler.DAGSchedulerEventProcessLoop.onStop(DAGScheduler.scala:3087)
[2026-06-09T08:49:37.291+0000] {subprocess.py:93} INFO - 	at org.apache.spark.util.EventLoop.stop(EventLoop.scala:84)
[2026-06-09T08:49:37.294+0000] {subprocess.py:93} INFO - 	at org.apache.spark.scheduler.DAGScheduler.$anonfun$stop$3(DAGScheduler.scala:2973)
[2026-06-09T08:49:37.297+0000] {subprocess.py:93} INFO - 	at org.apache.spark.util.Utils$.tryLogNonFatalError(Utils.scala:1375)
[2026-06-09T08:49:37.298+0000] {subprocess.py:93} INFO - 	at org.apache.spark.scheduler.DAGScheduler.stop(DAGScheduler.scala:2973)
[2026-06-09T08:49:37.299+0000] {subprocess.py:93} INFO - 	at org.apache.spark.SparkContext.$anonfun$stop$12(SparkContext.scala:2263)
[2026-06-09T08:49:37.301+0000] {subprocess.py:93} INFO - 	at org.apache.spark.util.Utils$.tryLogNonFatalError(Utils.scala:1375)
[2026-06-09T08:49:37.304+0000] {subprocess.py:93} INFO - 	at org.apache.spark.SparkContext.stop(SparkContext.scala:2263)
[2026-06-09T08:49:37.305+0000] {subprocess.py:93} INFO - 	at org.apache.spark.SparkContext.stop(SparkContext.scala:2216)
[2026-06-09T08:49:37.306+0000] {subprocess.py:93} INFO - 	at org.apache.spark.SparkContext.$anonfun$new$34(SparkContext.scala:686)
[2026-06-09T08:49:37.307+0000] {subprocess.py:93} INFO - 	at org.apache.spark.util.SparkShutdownHook.run(ShutdownHookManager.scala:214)
[2026-06-09T08:49:37.309+0000] {subprocess.py:93} INFO - 	at org.apache.spark.util.SparkShutdownHookManager.$anonfun$runAll$2(ShutdownHookManager.scala:188)
[2026-06-09T08:49:37.310+0000] {subprocess.py:93} INFO - 	at scala.runtime.java8.JFunction0$mcV$sp.apply(JFunction0$mcV$sp.java:23)
[2026-06-09T08:49:37.316+0000] {subprocess.py:93} INFO - 	at org.apache.spark.util.Utils$.logUncaughtExceptions(Utils.scala:1928)
[2026-06-09T08:49:37.317+0000] {subprocess.py:93} INFO - 	at org.apache.spark.util.SparkShutdownHookManager.$anonfun$runAll$1(ShutdownHookManager.scala:188)
[2026-06-09T08:49:37.318+0000] {subprocess.py:93} INFO - 	at scala.runtime.java8.JFunction0$mcV$sp.apply(JFunction0$mcV$sp.java:23)
[2026-06-09T08:49:37.319+0000] {subprocess.py:93} INFO - 	at scala.util.Try$.apply(Try.scala:213)
[2026-06-09T08:49:37.320+0000] {subprocess.py:93} INFO - 	at org.apache.spark.util.SparkShutdownHookManager.runAll(ShutdownHookManager.scala:188)
[2026-06-09T08:49:37.320+0000] {subprocess.py:93} INFO - 	at org.apache.spark.util.SparkShutdownHookManager$$anon$2.run(ShutdownHookManager.scala:178)
[2026-06-09T08:49:37.321+0000] {subprocess.py:93} INFO - 	at java.base/java.util.concurrent.Executors$RunnableAdapter.call(Unknown Source)
[2026-06-09T08:49:37.322+0000] {subprocess.py:93} INFO - 	at java.base/java.util.concurrent.FutureTask.run(Unknown Source)
[2026-06-09T08:49:37.324+0000] {subprocess.py:93} INFO - 	at java.base/java.util.concurrent.ThreadPoolExecutor.runWorker(Unknown Source)
[2026-06-09T08:49:37.331+0000] {subprocess.py:93} INFO - 	at java.base/java.util.concurrent.ThreadPoolExecutor$Worker.run(Unknown Source)
[2026-06-09T08:49:37.333+0000] {subprocess.py:93} INFO - 	at java.base/java.lang.Thread.run(Unknown Source)
[2026-06-09T08:49:37.334+0000] {subprocess.py:93} INFO - 	at org.apache.spark.scheduler.DAGScheduler.runJob(DAGScheduler.scala:989)
[2026-06-09T08:49:37.335+0000] {subprocess.py:93} INFO - 	at org.apache.spark.SparkContext.runJob(SparkContext.scala:2398)
[2026-06-09T08:49:37.337+0000] {subprocess.py:93} INFO - 	at org.apache.spark.sql.delta.files.DeltaFileFormatWriter$.$anonfun$executeWrite$1(DeltaFileFormatWriter.scala:263)
[2026-06-09T08:49:37.338+0000] {subprocess.py:93} INFO - 	at org.apache.spark.sql.delta.files.DeltaFileFormatWriter$.writeAndCommit(DeltaFileFormatWriter.scala:295)
[2026-06-09T08:49:37.342+0000] {subprocess.py:93} INFO - 	at org.apache.spark.sql.delta.files.DeltaFileFormatWriter$.executeWrite(DeltaFileFormatWriter.scala:234)
[2026-06-09T08:49:37.344+0000] {subprocess.py:93} INFO - 	at org.apache.spark.sql.delta.files.DeltaFileFormatWriter$.write(DeltaFileFormatWriter.scala:214)
[2026-06-09T08:49:37.345+0000] {subprocess.py:93} INFO - 	at org.apache.spark.sql.delta.files.TransactionalWrite.$anonfun$writeFiles$1(TransactionalWrite.scala:440)
[2026-06-09T08:49:37.346+0000] {subprocess.py:93} INFO - 	at org.apache.spark.sql.execution.SQLExecution$.$anonfun$withNewExecutionId$6(SQLExecution.scala:125)
[2026-06-09T08:49:37.347+0000] {subprocess.py:93} INFO - 	at org.apache.spark.sql.execution.SQLExecution$.withSQLConfPropagated(SQLExecution.scala:201)
[2026-06-09T08:49:37.348+0000] {subprocess.py:93} INFO - 	at org.apache.spark.sql.execution.SQLExecution$.$anonfun$withNewExecutionId$1(SQLExecution.scala:108)
[2026-06-09T08:49:37.349+0000] {subprocess.py:93} INFO - 	at org.apache.spark.sql.SparkSession.withActive(SparkSession.scala:900)
[2026-06-09T08:49:37.350+0000] {subprocess.py:93} INFO - 	at org.apache.spark.sql.execution.SQLExecution$.withNewExecutionId(SQLExecution.scala:66)
[2026-06-09T08:49:37.351+0000] {subprocess.py:93} INFO - 	at org.apache.spark.sql.delta.files.TransactionalWrite.writeFiles(TransactionalWrite.scala:398)
[2026-06-09T08:49:37.352+0000] {subprocess.py:93} INFO - 	at org.apache.spark.sql.delta.files.TransactionalWrite.writeFiles$(TransactionalWrite.scala:371)
[2026-06-09T08:49:37.353+0000] {subprocess.py:93} INFO - 	at org.apache.spark.sql.delta.OptimisticTransaction.writeFiles(OptimisticTransaction.scala:147)
[2026-06-09T08:49:37.360+0000] {subprocess.py:93} INFO - 	at org.apache.spark.sql.delta.files.TransactionalWrite.writeFiles(TransactionalWrite.scala:246)
[2026-06-09T08:49:37.361+0000] {subprocess.py:93} INFO - 	at org.apache.spark.sql.delta.files.TransactionalWrite.writeFiles$(TransactionalWrite.scala:242)
[2026-06-09T08:49:37.362+0000] {subprocess.py:93} INFO - 	at org.apache.spark.sql.delta.OptimisticTransaction.writeFiles(OptimisticTransaction.scala:147)
[2026-06-09T08:49:37.363+0000] {subprocess.py:93} INFO - 	at org.apache.spark.sql.delta.files.TransactionalWrite.writeFiles(TransactionalWrite.scala:235)
[2026-06-09T08:49:37.364+0000] {subprocess.py:93} INFO - 	at org.apache.spark.sql.delta.files.TransactionalWrite.writeFiles$(TransactionalWrite.scala:232)
[2026-06-09T08:49:37.365+0000] {subprocess.py:93} INFO - 	at org.apache.spark.sql.delta.OptimisticTransaction.writeFiles(OptimisticTransaction.scala:147)
[2026-06-09T08:49:37.366+0000] {subprocess.py:93} INFO - 	at org.apache.spark.sql.delta.sources.DeltaSink.$anonfun$addBatchWithStatusImpl$4(DeltaSink.scala:139)
[2026-06-09T08:49:37.367+0000] {subprocess.py:93} INFO - 	at org.apache.spark.util.Utils$.timeTakenMs(Utils.scala:552)
[2026-06-09T08:49:37.368+0000] {subprocess.py:93} INFO - 	at org.apache.spark.sql.delta.sources.DeltaSink.addBatchWithStatusImpl(DeltaSink.scala:139)
[2026-06-09T08:49:37.368+0000] {subprocess.py:93} INFO - 	at org.apache.spark.sql.delta.sources.DeltaSink.addBatch(DeltaSink.scala:97)
[2026-06-09T08:49:37.370+0000] {subprocess.py:93} INFO - 	at org.apache.spark.sql.execution.streaming.MicroBatchExecution.$anonfun$runBatch$17(MicroBatchExecution.scala:732)
[2026-06-09T08:49:37.376+0000] {subprocess.py:93} INFO - 	at org.apache.spark.sql.execution.SQLExecution$.$anonfun$withNewExecutionId$6(SQLExecution.scala:125)
[2026-06-09T08:49:37.377+0000] {subprocess.py:93} INFO - 	at org.apache.spark.sql.execution.SQLExecution$.withSQLConfPropagated(SQLExecution.scala:201)
[2026-06-09T08:49:37.378+0000] {subprocess.py:93} INFO - 	at org.apache.spark.sql.execution.SQLExecution$.$anonfun$withNewExecutionId$1(SQLExecution.scala:108)
[2026-06-09T08:49:37.379+0000] {subprocess.py:93} INFO - 	at org.apache.spark.sql.SparkSession.withActive(SparkSession.scala:900)
[2026-06-09T08:49:37.380+0000] {subprocess.py:93} INFO - 	at org.apache.spark.sql.execution.SQLExecution$.withNewExecutionId(SQLExecution.scala:66)
[2026-06-09T08:49:37.381+0000] {subprocess.py:93} INFO - 	at org.apache.spark.sql.execution.streaming.MicroBatchExecution.$anonfun$runBatch$16(MicroBatchExecution.scala:729)
[2026-06-09T08:49:37.385+0000] {subprocess.py:93} INFO - 	at org.apache.spark.sql.execution.streaming.ProgressReporter.reportTimeTaken(ProgressReporter.scala:427)
[2026-06-09T08:49:37.386+0000] {subprocess.py:93} INFO - 	at org.apache.spark.sql.execution.streaming.ProgressReporter.reportTimeTaken$(ProgressReporter.scala:425)
[2026-06-09T08:49:37.392+0000] {subprocess.py:93} INFO - 	at org.apache.spark.sql.execution.streaming.StreamExecution.reportTimeTaken(StreamExecution.scala:67)
[2026-06-09T08:49:37.395+0000] {subprocess.py:93} INFO - 	at org.apache.spark.sql.execution.streaming.MicroBatchExecution.runBatch(MicroBatchExecution.scala:729)
[2026-06-09T08:49:37.396+0000] {subprocess.py:93} INFO - 	at org.apache.spark.sql.execution.streaming.MicroBatchExecution.$anonfun$runActivatedStream$2(MicroBatchExecution.scala:286)
[2026-06-09T08:49:37.397+0000] {subprocess.py:93} INFO - 	at scala.runtime.java8.JFunction0$mcV$sp.apply(JFunction0$mcV$sp.java:23)
[2026-06-09T08:49:37.398+0000] {subprocess.py:93} INFO - 	at org.apache.spark.sql.execution.streaming.ProgressReporter.reportTimeTaken(ProgressReporter.scala:427)
[2026-06-09T08:49:37.399+0000] {subprocess.py:93} INFO - 	at org.apache.spark.sql.execution.streaming.ProgressReporter.reportTimeTaken$(ProgressReporter.scala:425)
[2026-06-09T08:49:37.400+0000] {subprocess.py:93} INFO - 	at org.apache.spark.sql.execution.streaming.StreamExecution.reportTimeTaken(StreamExecution.scala:67)
[2026-06-09T08:49:37.404+0000] {subprocess.py:93} INFO - 	at org.apache.spark.sql.execution.streaming.MicroBatchExecution.$anonfun$runActivatedStream$1(MicroBatchExecution.scala:249)
[2026-06-09T08:49:37.406+0000] {subprocess.py:93} INFO - 	at org.apache.spark.sql.execution.streaming.ProcessingTimeExecutor.execute(TriggerExecutor.scala:67)
[2026-06-09T08:49:37.410+0000] {subprocess.py:93} INFO - 	at org.apache.spark.sql.execution.streaming.MicroBatchExecution.runActivatedStream(MicroBatchExecution.scala:239)
[2026-06-09T08:49:37.411+0000] {subprocess.py:93} INFO - 	at org.apache.spark.sql.execution.streaming.StreamExecution.$anonfun$runStream$1(StreamExecution.scala:311)
[2026-06-09T08:49:37.413+0000] {subprocess.py:93} INFO - 	at scala.runtime.java8.JFunction0$mcV$sp.apply(JFunction0$mcV$sp.java:23)
[2026-06-09T08:49:37.414+0000] {subprocess.py:93} INFO - 	at org.apache.spark.sql.SparkSession.withActive(SparkSession.scala:900)
[2026-06-09T08:49:37.415+0000] {subprocess.py:93} INFO - 	at org.apache.spark.sql.execution.streaming.StreamExecution.org$apache$spark$sql$execution$streaming$StreamExecution$$runStream(StreamExecution.scala:289)
[2026-06-09T08:49:37.417+0000] {subprocess.py:93} INFO - 	at org.apache.spark.sql.execution.streaming.StreamExecution$$anon$1.$anonfun$run$1(StreamExecution.scala:211)
[2026-06-09T08:49:37.418+0000] {subprocess.py:93} INFO - 	at scala.runtime.java8.JFunction0$mcV$sp.apply(JFunction0$mcV$sp.java:23)
[2026-06-09T08:49:37.420+0000] {subprocess.py:93} INFO - 	at org.apache.spark.JobArtifactSet$.withActiveJobArtifactState(JobArtifactSet.scala:94)
[2026-06-09T08:49:37.424+0000] {subprocess.py:93} INFO - 	at org.apache.spark.sql.execution.streaming.StreamExecution$$anon$1.run(StreamExecution.scala:211)
[2026-06-09T08:49:37.427+0000] {subprocess.py:93} INFO - 26/06/09 08:49:37 ERROR DeltaFileFormatWriter: Aborting job 26d6e0a1-1280-4c3b-bc17-622339b0debe.
[2026-06-09T08:49:37.432+0000] {subprocess.py:93} INFO - org.apache.spark.SparkException: Job 6 cancelled because SparkContext was shut down
[2026-06-09T08:49:37.433+0000] {subprocess.py:93} INFO - 	at org.apache.spark.scheduler.DAGScheduler.$anonfun$cleanUpAfterSchedulerStop$1(DAGScheduler.scala:1253)
[2026-06-09T08:49:37.434+0000] {subprocess.py:93} INFO - 	at org.apache.spark.scheduler.DAGScheduler.$anonfun$cleanUpAfterSchedulerStop$1$adapted(DAGScheduler.scala:1251)
[2026-06-09T08:49:37.435+0000] {subprocess.py:93} INFO - 	at scala.collection.mutable.HashSet.foreach(HashSet.scala:79)
[2026-06-09T08:49:37.436+0000] {subprocess.py:93} INFO - 	at org.apache.spark.scheduler.DAGScheduler.cleanUpAfterSchedulerStop(DAGScheduler.scala:1251)
[2026-06-09T08:49:37.437+0000] {subprocess.py:93} INFO - 	at org.apache.spark.scheduler.DAGSchedulerEventProcessLoop.onStop(DAGScheduler.scala:3087)
[2026-06-09T08:49:37.441+0000] {subprocess.py:93} INFO - 	at org.apache.spark.util.EventLoop.stop(EventLoop.scala:84)
[2026-06-09T08:49:37.447+0000] {subprocess.py:93} INFO - 	at org.apache.spark.scheduler.DAGScheduler.$anonfun$stop$3(DAGScheduler.scala:2973)
[2026-06-09T08:49:37.448+0000] {subprocess.py:93} INFO - 	at org.apache.spark.util.Utils$.tryLogNonFatalError(Utils.scala:1375)
[2026-06-09T08:49:37.449+0000] {subprocess.py:93} INFO - 	at org.apache.spark.scheduler.DAGScheduler.stop(DAGScheduler.scala:2973)
[2026-06-09T08:49:37.450+0000] {subprocess.py:93} INFO - 	at org.apache.spark.SparkContext.$anonfun$stop$12(SparkContext.scala:2263)
[2026-06-09T08:49:37.452+0000] {subprocess.py:93} INFO - 	at org.apache.spark.util.Utils$.tryLogNonFatalError(Utils.scala:1375)
[2026-06-09T08:49:37.454+0000] {subprocess.py:93} INFO - 	at org.apache.spark.SparkContext.stop(SparkContext.scala:2263)
[2026-06-09T08:49:37.456+0000] {subprocess.py:93} INFO - 	at org.apache.spark.SparkContext.stop(SparkContext.scala:2216)
[2026-06-09T08:49:37.457+0000] {subprocess.py:93} INFO - 	at org.apache.spark.SparkContext.$anonfun$new$34(SparkContext.scala:686)
[2026-06-09T08:49:37.460+0000] {subprocess.py:93} INFO - 	at org.apache.spark.util.SparkShutdownHook.run(ShutdownHookManager.scala:214)
[2026-06-09T08:49:37.464+0000] {subprocess.py:93} INFO - 	at org.apache.spark.util.SparkShutdownHookManager.$anonfun$runAll$2(ShutdownHookManager.scala:188)
[2026-06-09T08:49:37.465+0000] {subprocess.py:93} INFO - 	at scala.runtime.java8.JFunction0$mcV$sp.apply(JFunction0$mcV$sp.java:23)
[2026-06-09T08:49:37.466+0000] {subprocess.py:93} INFO - 	at org.apache.spark.util.Utils$.logUncaughtExceptions(Utils.scala:1928)
[2026-06-09T08:49:37.467+0000] {subprocess.py:93} INFO - 	at org.apache.spark.util.SparkShutdownHookManager.$anonfun$runAll$1(ShutdownHookManager.scala:188)
[2026-06-09T08:49:37.471+0000] {subprocess.py:93} INFO - 	at scala.runtime.java8.JFunction0$mcV$sp.apply(JFunction0$mcV$sp.java:23)
[2026-06-09T08:49:37.472+0000] {subprocess.py:93} INFO - 	at scala.util.Try$.apply(Try.scala:213)
[2026-06-09T08:49:37.473+0000] {subprocess.py:93} INFO - 	at org.apache.spark.util.SparkShutdownHookManager.runAll(ShutdownHookManager.scala:188)
[2026-06-09T08:49:37.477+0000] {subprocess.py:93} INFO - 	at org.apache.spark.util.SparkShutdownHookManager$$anon$2.run(ShutdownHookManager.scala:178)
[2026-06-09T08:49:37.478+0000] {subprocess.py:93} INFO - 	at java.base/java.util.concurrent.Executors$RunnableAdapter.call(Unknown Source)
[2026-06-09T08:49:37.480+0000] {subprocess.py:93} INFO - 	at java.base/java.util.concurrent.FutureTask.run(Unknown Source)
[2026-06-09T08:49:37.483+0000] {subprocess.py:93} INFO - 	at java.base/java.util.concurrent.ThreadPoolExecutor.runWorker(Unknown Source)
[2026-06-09T08:49:37.484+0000] {subprocess.py:93} INFO - 	at java.base/java.util.concurrent.ThreadPoolExecutor$Worker.run(Unknown Source)
[2026-06-09T08:49:37.485+0000] {subprocess.py:93} INFO - 	at java.base/java.lang.Thread.run(Unknown Source)
[2026-06-09T08:49:37.486+0000] {subprocess.py:93} INFO - 	at org.apache.spark.scheduler.DAGScheduler.runJob(DAGScheduler.scala:989)
[2026-06-09T08:49:37.487+0000] {subprocess.py:93} INFO - 	at org.apache.spark.SparkContext.runJob(SparkContext.scala:2398)
[2026-06-09T08:49:37.488+0000] {subprocess.py:93} INFO - 	at org.apache.spark.sql.delta.files.DeltaFileFormatWriter$.$anonfun$executeWrite$1(DeltaFileFormatWriter.scala:263)
[2026-06-09T08:49:37.489+0000] {subprocess.py:93} INFO - 	at org.apache.spark.sql.delta.files.DeltaFileFormatWriter$.writeAndCommit(DeltaFileFormatWriter.scala:295)
[2026-06-09T08:49:37.492+0000] {subprocess.py:93} INFO - 	at org.apache.spark.sql.delta.files.DeltaFileFormatWriter$.executeWrite(DeltaFileFormatWriter.scala:234)
[2026-06-09T08:49:37.500+0000] {subprocess.py:93} INFO - 	at org.apache.spark.sql.delta.files.DeltaFileFormatWriter$.write(DeltaFileFormatWriter.scala:214)
[2026-06-09T08:49:37.501+0000] {subprocess.py:93} INFO - 	at org.apache.spark.sql.delta.files.TransactionalWrite.$anonfun$writeFiles$1(TransactionalWrite.scala:440)
[2026-06-09T08:49:37.501+0000] {subprocess.py:93} INFO - 	at org.apache.spark.sql.execution.SQLExecution$.$anonfun$withNewExecutionId$6(SQLExecution.scala:125)
[2026-06-09T08:49:37.502+0000] {subprocess.py:93} INFO - 	at org.apache.spark.sql.execution.SQLExecution$.withSQLConfPropagated(SQLExecution.scala:201)
[2026-06-09T08:49:37.503+0000] {subprocess.py:93} INFO - 	at org.apache.spark.sql.execution.SQLExecution$.$anonfun$withNewExecutionId$1(SQLExecution.scala:108)
[2026-06-09T08:49:37.505+0000] {subprocess.py:93} INFO - 	at org.apache.spark.sql.SparkSession.withActive(SparkSession.scala:900)
[2026-06-09T08:49:37.506+0000] {subprocess.py:93} INFO - 	at org.apache.spark.sql.execution.SQLExecution$.withNewExecutionId(SQLExecution.scala:66)
[2026-06-09T08:49:37.507+0000] {subprocess.py:93} INFO - 	at org.apache.spark.sql.delta.files.TransactionalWrite.writeFiles(TransactionalWrite.scala:398)
[2026-06-09T08:49:37.510+0000] {subprocess.py:93} INFO - 	at org.apache.spark.sql.delta.files.TransactionalWrite.writeFiles$(TransactionalWrite.scala:371)
[2026-06-09T08:49:37.511+0000] {subprocess.py:93} INFO - 	at org.apache.spark.sql.delta.OptimisticTransaction.writeFiles(OptimisticTransaction.scala:147)
[2026-06-09T08:49:37.513+0000] {subprocess.py:93} INFO - 	at org.apache.spark.sql.delta.files.TransactionalWrite.writeFiles(TransactionalWrite.scala:246)
[2026-06-09T08:49:37.520+0000] {subprocess.py:93} INFO - 	at org.apache.spark.sql.delta.files.TransactionalWrite.writeFiles$(TransactionalWrite.scala:242)
[2026-06-09T08:49:37.521+0000] {subprocess.py:93} INFO - 	at org.apache.spark.sql.delta.OptimisticTransaction.writeFiles(OptimisticTransaction.scala:147)
[2026-06-09T08:49:37.522+0000] {subprocess.py:93} INFO - 	at org.apache.spark.sql.delta.files.TransactionalWrite.writeFiles(TransactionalWrite.scala:235)
[2026-06-09T08:49:37.523+0000] {subprocess.py:93} INFO - 	at org.apache.spark.sql.delta.files.TransactionalWrite.writeFiles$(TransactionalWrite.scala:232)
[2026-06-09T08:49:37.524+0000] {subprocess.py:93} INFO - 	at org.apache.spark.sql.delta.OptimisticTransaction.writeFiles(OptimisticTransaction.scala:147)
[2026-06-09T08:49:37.529+0000] {subprocess.py:93} INFO - 	at org.apache.spark.sql.delta.sources.DeltaSink.$anonfun$addBatchWithStatusImpl$4(DeltaSink.scala:139)
[2026-06-09T08:49:37.530+0000] {subprocess.py:93} INFO - 	at org.apache.spark.util.Utils$.timeTakenMs(Utils.scala:552)
[2026-06-09T08:49:37.531+0000] {subprocess.py:93} INFO - 	at org.apache.spark.sql.delta.sources.DeltaSink.addBatchWithStatusImpl(DeltaSink.scala:139)
[2026-06-09T08:49:37.532+0000] {subprocess.py:93} INFO - 	at org.apache.spark.sql.delta.sources.DeltaSink.addBatch(DeltaSink.scala:97)
[2026-06-09T08:49:37.533+0000] {subprocess.py:93} INFO - 	at org.apache.spark.sql.execution.streaming.MicroBatchExecution.$anonfun$runBatch$17(MicroBatchExecution.scala:732)
[2026-06-09T08:49:37.534+0000] {subprocess.py:93} INFO - 	at org.apache.spark.sql.execution.SQLExecution$.$anonfun$withNewExecutionId$6(SQLExecution.scala:125)
[2026-06-09T08:49:37.540+0000] {subprocess.py:93} INFO - 	at org.apache.spark.sql.execution.SQLExecution$.withSQLConfPropagated(SQLExecution.scala:201)
[2026-06-09T08:49:37.541+0000] {subprocess.py:93} INFO - 	at org.apache.spark.sql.execution.SQLExecution$.$anonfun$withNewExecutionId$1(SQLExecution.scala:108)
[2026-06-09T08:49:37.547+0000] {subprocess.py:93} INFO - 	at org.apache.spark.sql.SparkSession.withActive(SparkSession.scala:900)
[2026-06-09T08:49:37.548+0000] {subprocess.py:93} INFO - 	at org.apache.spark.sql.execution.SQLExecution$.withNewExecutionId(SQLExecution.scala:66)
[2026-06-09T08:49:37.549+0000] {subprocess.py:93} INFO - 	at org.apache.spark.sql.execution.streaming.MicroBatchExecution.$anonfun$runBatch$16(MicroBatchExecution.scala:729)
[2026-06-09T08:49:37.550+0000] {subprocess.py:93} INFO - 	at org.apache.spark.sql.execution.streaming.ProgressReporter.reportTimeTaken(ProgressReporter.scala:427)
[2026-06-09T08:49:37.551+0000] {subprocess.py:93} INFO - 	at org.apache.spark.sql.execution.streaming.ProgressReporter.reportTimeTaken$(ProgressReporter.scala:425)
[2026-06-09T08:49:37.552+0000] {subprocess.py:93} INFO - 	at org.apache.spark.sql.execution.streaming.StreamExecution.reportTimeTaken(StreamExecution.scala:67)
[2026-06-09T08:49:37.553+0000] {subprocess.py:93} INFO - 	at org.apache.spark.sql.execution.streaming.MicroBatchExecution.runBatch(MicroBatchExecution.scala:729)
[2026-06-09T08:49:37.554+0000] {subprocess.py:93} INFO - 	at org.apache.spark.sql.execution.streaming.MicroBatchExecution.$anonfun$runActivatedStream$2(MicroBatchExecution.scala:286)
[2026-06-09T08:49:37.555+0000] {subprocess.py:93} INFO - 	at scala.runtime.java8.JFunction0$mcV$sp.apply(JFunction0$mcV$sp.java:23)
[2026-06-09T08:49:37.556+0000] {subprocess.py:93} INFO - 	at org.apache.spark.sql.execution.streaming.ProgressReporter.reportTimeTaken(ProgressReporter.scala:427)
[2026-06-09T08:49:37.560+0000] {subprocess.py:93} INFO - 	at org.apache.spark.sql.execution.streaming.ProgressReporter.reportTimeTaken$(ProgressReporter.scala:425)
[2026-06-09T08:49:37.564+0000] {subprocess.py:93} INFO - 	at org.apache.spark.sql.execution.streaming.StreamExecution.reportTimeTaken(StreamExecution.scala:67)
[2026-06-09T08:49:37.568+0000] {subprocess.py:93} INFO - 	at org.apache.spark.sql.execution.streaming.MicroBatchExecution.$anonfun$runActivatedStream$1(MicroBatchExecution.scala:249)
[2026-06-09T08:49:37.578+0000] {subprocess.py:93} INFO - 	at org.apache.spark.sql.execution.streaming.ProcessingTimeExecutor.execute(TriggerExecutor.scala:67)
[2026-06-09T08:49:37.579+0000] {subprocess.py:93} INFO - 	at org.apache.spark.sql.execution.streaming.MicroBatchExecution.runActivatedStream(MicroBatchExecution.scala:239)
[2026-06-09T08:49:37.581+0000] {subprocess.py:93} INFO - 	at org.apache.spark.sql.execution.streaming.StreamExecution.$anonfun$runStream$1(StreamExecution.scala:311)
[2026-06-09T08:49:37.583+0000] {subprocess.py:93} INFO - 	at scala.runtime.java8.JFunction0$mcV$sp.apply(JFunction0$mcV$sp.java:23)
[2026-06-09T08:49:37.593+0000] {subprocess.py:93} INFO - 	at org.apache.spark.sql.SparkSession.withActive(SparkSession.scala:900)
[2026-06-09T08:49:37.595+0000] {subprocess.py:93} INFO - 	at org.apache.spark.sql.execution.streaming.StreamExecution.org$apache$spark$sql$execution$streaming$StreamExecution$$runStream(StreamExecution.scala:289)
[2026-06-09T08:49:37.600+0000] {subprocess.py:93} INFO - 	at org.apache.spark.sql.execution.streaming.StreamExecution$$anon$1.$anonfun$run$1(StreamExecution.scala:211)
[2026-06-09T08:49:37.601+0000] {subprocess.py:93} INFO - 	at scala.runtime.java8.JFunction0$mcV$sp.apply(JFunction0$mcV$sp.java:23)
[2026-06-09T08:49:37.604+0000] {subprocess.py:93} INFO - 	at org.apache.spark.JobArtifactSet$.withActiveJobArtifactState(JobArtifactSet.scala:94)
[2026-06-09T08:49:37.605+0000] {subprocess.py:93} INFO - 	at org.apache.spark.sql.execution.streaming.StreamExecution$$anon$1.run(StreamExecution.scala:211)
[2026-06-09T08:49:39.046+0000] {subprocess.py:97} INFO - Command exited with return code 124
[2026-06-09T08:49:39.050+0000] {taskinstance.py:441} INFO - ::group::Post task execution logs
[2026-06-09T08:49:39.093+0000] {taskinstance.py:2890} ERROR - Task failed with exception
Traceback (most recent call last):
  File "/home/airflow/.local/lib/python3.12/site-packages/airflow/models/taskinstance.py", line 465, in _execute_task
    result = _execute_callable(context=context, **execute_callable_kwargs)
             ^^^^^^^^^^^^^^^^^^^^^^^^^^^^^^^^^^^^^^^^^^^^^^^^^^^^^^^^^^^^^
  File "/home/airflow/.local/lib/python3.12/site-packages/airflow/models/taskinstance.py", line 432, in _execute_callable
    return execute_callable(context=context, **execute_callable_kwargs)
           ^^^^^^^^^^^^^^^^^^^^^^^^^^^^^^^^^^^^^^^^^^^^^^^^^^^^^^^^^^^^
  File "/home/airflow/.local/lib/python3.12/site-packages/airflow/models/baseoperator.py", line 400, in wrapper
    return func(self, *args, **kwargs)
           ^^^^^^^^^^^^^^^^^^^^^^^^^^^
  File "/home/airflow/.local/lib/python3.12/site-packages/airflow/operators/bash.py", line 243, in execute
    raise AirflowException(
airflow.exceptions.AirflowException: Bash command failed. The command returned a non-zero exit code 124.
[2026-06-09T08:49:39.116+0000] {taskinstance.py:1205} INFO - Marking task as FAILED. dag_id=e-commerce_kafka_streaming_pipeline_v10, task_id=run_bronze, execution_date=20260609T070000, start_date=20260609T084736, end_date=20260609T084939
[2026-06-09T08:49:39.184+0000] {standard_task_runner.py:110} ERROR - Failed to execute job 87 for task run_bronze (Bash command failed. The command returned a non-zero exit code 124.; 3373)
[2026-06-09T08:49:39.212+0000] {local_task_job_runner.py:240} INFO - Task exited with return code 1
[2026-06-09T08:49:39.293+0000] {taskinstance.py:3482} INFO - 0 downstream tasks scheduled from follow-on schedule check
[2026-06-09T08:49:39.305+0000] {local_task_job_runner.py:222} INFO - ::endgroup::
