[2026-07-20T12:04:03.073+0000] {local_task_job_runner.py:120} INFO - ::group::Pre task execution logs
[2026-07-20T12:04:03.113+0000] {taskinstance.py:2073} INFO - Dependencies all met for dep_context=non-requeueable deps ti=<TaskInstance: e-commerce_kafka_streaming_pipeline_v1.wait_for_silver scheduled__2026-07-20T11:00:00+00:00 [queued]>
[2026-07-20T12:04:03.133+0000] {taskinstance.py:2073} INFO - Dependencies all met for dep_context=requeueable deps ti=<TaskInstance: e-commerce_kafka_streaming_pipeline_v1.wait_for_silver scheduled__2026-07-20T11:00:00+00:00 [queued]>
[2026-07-20T12:04:03.134+0000] {taskinstance.py:2303} INFO - Starting attempt 1 of 2
[2026-07-20T12:04:03.155+0000] {taskinstance.py:2327} INFO - Executing <Task(FileSensor): wait_for_silver> on 2026-07-20 11:00:00+00:00
[2026-07-20T12:04:03.166+0000] {standard_task_runner.py:90} INFO - Running: ['***', 'tasks', 'run', 'e-commerce_kafka_streaming_pipeline_v1', 'wait_for_silver', 'scheduled__2026-07-20T11:00:00+00:00', '--job-id', '221', '--raw', '--subdir', 'DAGS_FOLDER/sdp_pipeline_dag.py', '--cfg-path', '/tmp/tmp4zofzevh']
[2026-07-20T12:04:03.170+0000] {standard_task_runner.py:91} INFO - Job 221: Subtask wait_for_silver
[2026-07-20T12:04:03.172+0000] {logging_mixin.py:188} WARNING - /home/***/.local/lib/python3.12/site-packages/***/task/task_runner/standard_task_runner.py:61 DeprecationWarning: This process (pid=9013) is multi-threaded, use of fork() may lead to deadlocks in the child.
[2026-07-20T12:04:03.173+0000] {standard_task_runner.py:63} INFO - Started process 9014 to run task
[2026-07-20T12:04:03.233+0000] {task_command.py:426} INFO - Running <TaskInstance: e-commerce_kafka_streaming_pipeline_v1.wait_for_silver scheduled__2026-07-20T11:00:00+00:00 [running]> on host da27550080bf
[2026-07-20T12:04:03.322+0000] {taskinstance.py:2644} INFO - Exporting env vars: AIRFLOW_CTX_DAG_OWNER='dev' AIRFLOW_CTX_DAG_ID='e-commerce_kafka_streaming_pipeline_v1' AIRFLOW_CTX_TASK_ID='wait_for_silver' AIRFLOW_CTX_EXECUTION_DATE='2026-07-20T11:00:00+00:00' AIRFLOW_CTX_TRY_NUMBER='1' AIRFLOW_CTX_DAG_RUN_ID='scheduled__2026-07-20T11:00:00+00:00'
[2026-07-20T12:04:03.324+0000] {taskinstance.py:430} INFO - ::endgroup::
[2026-07-20T12:04:03.340+0000] {baseoperator.py:399} WARNING - FileSensor.execute cannot be called outside TaskInstance!
[2026-07-20T12:04:03.352+0000] {base.py:84} INFO - Using connection ID 'fs_default' for task execution.
[2026-07-20T12:04:03.354+0000] {filesystem.py:85} INFO - Poking for file /opt/data/silver/orders
[2026-07-20T12:04:03.363+0000] {base.py:294} INFO - Success criteria met. Exiting.
[2026-07-20T12:04:03.364+0000] {filesystem.py:85} INFO - Poking for file /opt/data/silver/orders
[2026-07-20T12:04:03.374+0000] {taskinstance.py:441} INFO - ::group::Post task execution logs
[2026-07-20T12:04:03.388+0000] {taskinstance.py:1205} INFO - Marking task as SUCCESS. dag_id=e-commerce_kafka_streaming_pipeline_v1, task_id=wait_for_silver, execution_date=20260720T110000, start_date=20260720T120403, end_date=20260720T120403
[2026-07-20T12:04:03.428+0000] {local_task_job_runner.py:240} INFO - Task exited with return code 0
[2026-07-20T12:04:03.464+0000] {taskinstance.py:3482} INFO - 1 downstream tasks scheduled from follow-on schedule check
[2026-07-20T12:04:03.467+0000] {local_task_job_runner.py:222} INFO - ::endgroup::
