[2026-07-21T10:06:22.319+0000] {local_task_job_runner.py:120} INFO - ::group::Pre task execution logs
[2026-07-21T10:06:22.365+0000] {taskinstance.py:2073} INFO - Dependencies all met for dep_context=non-requeueable deps ti=<TaskInstance: e-commerce_kafka_streaming_pipeline_v1.verify_gold scheduled__2026-07-21T09:00:00+00:00 [queued]>
[2026-07-21T10:06:22.377+0000] {taskinstance.py:2073} INFO - Dependencies all met for dep_context=requeueable deps ti=<TaskInstance: e-commerce_kafka_streaming_pipeline_v1.verify_gold scheduled__2026-07-21T09:00:00+00:00 [queued]>
[2026-07-21T10:06:22.379+0000] {taskinstance.py:2303} INFO - Starting attempt 1 of 2
[2026-07-21T10:06:22.394+0000] {taskinstance.py:2327} INFO - Executing <Task(BashOperator): verify_gold> on 2026-07-21 09:00:00+00:00
[2026-07-21T10:06:22.405+0000] {standard_task_runner.py:90} INFO - Running: ['***', 'tasks', 'run', 'e-commerce_kafka_streaming_pipeline_v1', 'verify_gold', 'scheduled__2026-07-21T09:00:00+00:00', '--job-id', '298', '--raw', '--subdir', 'DAGS_FOLDER/sdp_pipeline_dag.py', '--cfg-path', '/tmp/tmpa7nk7zhi']
[2026-07-21T10:06:22.408+0000] {logging_mixin.py:188} WARNING - /home/***/.local/lib/python3.12/site-packages/***/task/task_runner/standard_task_runner.py:61 DeprecationWarning: This process (pid=14720) is multi-threaded, use of fork() may lead to deadlocks in the child.
[2026-07-21T10:06:22.410+0000] {standard_task_runner.py:91} INFO - Job 298: Subtask verify_gold
[2026-07-21T10:06:22.411+0000] {standard_task_runner.py:63} INFO - Started process 14721 to run task
[2026-07-21T10:06:22.494+0000] {task_command.py:426} INFO - Running <TaskInstance: e-commerce_kafka_streaming_pipeline_v1.verify_gold scheduled__2026-07-21T09:00:00+00:00 [running]> on host da27550080bf
[2026-07-21T10:06:22.612+0000] {taskinstance.py:2644} INFO - Exporting env vars: AIRFLOW_CTX_DAG_OWNER='dev' AIRFLOW_CTX_DAG_ID='e-commerce_kafka_streaming_pipeline_v1' AIRFLOW_CTX_TASK_ID='verify_gold' AIRFLOW_CTX_EXECUTION_DATE='2026-07-21T09:00:00+00:00' AIRFLOW_CTX_TRY_NUMBER='1' AIRFLOW_CTX_DAG_RUN_ID='scheduled__2026-07-21T09:00:00+00:00'
[2026-07-21T10:06:22.618+0000] {taskinstance.py:430} INFO - ::endgroup::
[2026-07-21T10:06:22.657+0000] {subprocess.py:63} INFO - Tmp dir root location: /tmp
[2026-07-21T10:06:22.665+0000] {subprocess.py:75} INFO - Running command: ['/usr/bin/bash', '-c', '\n            echo "=== Gold tables ==="\n            ls -lh /opt/data/gold/ || echo "Gold dir not found"\n            echo "=== Daily Sales rows ==="\n            ls /opt/data/gold/daily_sales/ 2>/dev/null | wc -l || echo "0"\n            echo "Pipeline complete!"\n        ']
[2026-07-21T10:06:22.677+0000] {subprocess.py:86} INFO - Output:
[2026-07-21T10:06:22.679+0000] {subprocess.py:93} INFO - === Gold tables ===
[2026-07-21T10:06:22.695+0000] {subprocess.py:93} INFO - total 0
[2026-07-21T10:06:22.697+0000] {subprocess.py:93} INFO - drwxr-xr-x 1 185 185 4.0K Jul 21 10:06 customer_orders
[2026-07-21T10:06:22.698+0000] {subprocess.py:93} INFO - drwxr-xr-x 1 185 185 4.0K Jul 21 10:05 daily_sales
[2026-07-21T10:06:22.699+0000] {subprocess.py:93} INFO - drwxr-xr-x 1 185 185 4.0K Jul 21 10:05 product_performance
[2026-07-21T10:06:22.701+0000] {subprocess.py:93} INFO - === Daily Sales rows ===
[2026-07-21T10:06:22.706+0000] {subprocess.py:93} INFO - 38
[2026-07-21T10:06:22.708+0000] {subprocess.py:93} INFO - Pipeline complete!
[2026-07-21T10:06:22.709+0000] {subprocess.py:97} INFO - Command exited with return code 0
[2026-07-21T10:06:22.712+0000] {taskinstance.py:441} INFO - ::group::Post task execution logs
[2026-07-21T10:06:22.737+0000] {taskinstance.py:1205} INFO - Marking task as SUCCESS. dag_id=e-commerce_kafka_streaming_pipeline_v1, task_id=verify_gold, execution_date=20260721T090000, start_date=20260721T100622, end_date=20260721T100622
[2026-07-21T10:06:22.787+0000] {local_task_job_runner.py:240} INFO - Task exited with return code 0
[2026-07-21T10:06:22.805+0000] {taskinstance.py:3482} INFO - 0 downstream tasks scheduled from follow-on schedule check
[2026-07-21T10:06:22.810+0000] {local_task_job_runner.py:222} INFO - ::endgroup::
