[2026-07-21T14:04:07.373+0000] {local_task_job_runner.py:120} INFO - ::group::Pre task execution logs
[2026-07-21T14:04:07.404+0000] {taskinstance.py:2073} INFO - Dependencies all met for dep_context=non-requeueable deps ti=<TaskInstance: e-commerce_kafka_streaming_pipeline_v1.run_gold scheduled__2026-07-21T13:00:00+00:00 [queued]>
[2026-07-21T14:04:07.416+0000] {taskinstance.py:2073} INFO - Dependencies all met for dep_context=requeueable deps ti=<TaskInstance: e-commerce_kafka_streaming_pipeline_v1.run_gold scheduled__2026-07-21T13:00:00+00:00 [queued]>
[2026-07-21T14:04:07.418+0000] {taskinstance.py:2303} INFO - Starting attempt 1 of 2
[2026-07-21T14:04:07.441+0000] {taskinstance.py:2327} INFO - Executing <Task(BashOperator): run_gold> on 2026-07-21 13:00:00+00:00
[2026-07-21T14:04:07.452+0000] {standard_task_runner.py:90} INFO - Running: ['***', 'tasks', 'run', 'e-commerce_kafka_streaming_pipeline_v1', 'run_gold', 'scheduled__2026-07-21T13:00:00+00:00', '--job-id', '325', '--raw', '--subdir', 'DAGS_FOLDER/sdp_pipeline_dag.py', '--cfg-path', '/tmp/tmp7nee__bd']
[2026-07-21T14:04:07.456+0000] {standard_task_runner.py:91} INFO - Job 325: Subtask run_gold
[2026-07-21T14:04:07.456+0000] {logging_mixin.py:188} WARNING - /home/***/.local/lib/python3.12/site-packages/***/task/task_runner/standard_task_runner.py:61 DeprecationWarning: This process (pid=17265) is multi-threaded, use of fork() may lead to deadlocks in the child.
[2026-07-21T14:04:07.458+0000] {standard_task_runner.py:63} INFO - Started process 17266 to run task
[2026-07-21T14:04:07.537+0000] {task_command.py:426} INFO - Running <TaskInstance: e-commerce_kafka_streaming_pipeline_v1.run_gold scheduled__2026-07-21T13:00:00+00:00 [running]> on host da27550080bf
[2026-07-21T14:04:07.634+0000] {taskinstance.py:2644} INFO - Exporting env vars: AIRFLOW_CTX_DAG_OWNER='dev' AIRFLOW_CTX_DAG_ID='e-commerce_kafka_streaming_pipeline_v1' AIRFLOW_CTX_TASK_ID='run_gold' AIRFLOW_CTX_EXECUTION_DATE='2026-07-21T13:00:00+00:00' AIRFLOW_CTX_TRY_NUMBER='1' AIRFLOW_CTX_DAG_RUN_ID='scheduled__2026-07-21T13:00:00+00:00'
[2026-07-21T14:04:07.638+0000] {taskinstance.py:430} INFO - ::endgroup::
[2026-07-21T14:04:07.660+0000] {subprocess.py:63} INFO - Tmp dir root location: /tmp
[2026-07-21T14:04:07.663+0000] {subprocess.py:75} INFO - Running command: ['/usr/bin/bash', '-c', 'docker run --rm --network streaming_kafka_project_sdp-net --volume /d/Streaming_kafka_project/pipelines:/opt/pipelines --volume /d/Streaming_kafka_project/data:/opt/data --volume /d/Streaming_kafka_project/checkpoints:/opt/checkpoints --volume /d/Streaming_kafka_project/jars:/opt/jars apache/spark:3.5.1 /opt/spark/bin/spark-submit --master spark://sdp-spark-master:7077 --executor-cores 1 --executor-memory 512m --total-executor-cores 3 --jars /opt/jars/delta-spark_2.12-3.2.0.jar,/opt/jars/delta-storage-3.2.0.jar,/opt/jars/spark-sql-kafka-0-10_2.12-3.5.1.jar,/opt/jars/kafka-clients-3.4.1.jar,/opt/jars/spark-token-provider-kafka-0-10_2.12-3.5.1.jar,/opt/jars/commons-pool2-2.11.1.jar --conf spark.sql.extensions=io.delta.sql.DeltaSparkSessionExtension --conf spark.sql.catalog.spark_catalog=org.apache.spark.sql.delta.catalog.DeltaCatalog  /opt/pipelines/gold_runner.py']
[2026-07-21T14:04:07.675+0000] {subprocess.py:86} INFO - Output:
[2026-07-21T14:04:10.376+0000] {subprocess.py:93} INFO - 26/07/21 14:04:10 WARN NativeCodeLoader: Unable to load native-hadoop library for your platform... using builtin-java classes where applicable
[2026-07-21T14:04:11.434+0000] {subprocess.py:93} INFO - 26/07/21 14:04:11 INFO SparkContext: Running Spark version 3.5.1
[2026-07-21T14:04:11.436+0000] {subprocess.py:93} INFO - 26/07/21 14:04:11 INFO SparkContext: OS info Linux, 6.18.33.2-microsoft-standard-WSL2, amd64
[2026-07-21T14:04:11.437+0000] {subprocess.py:93} INFO - 26/07/21 14:04:11 INFO SparkContext: Java version 11.0.22
[2026-07-21T14:04:11.478+0000] {subprocess.py:93} INFO - 26/07/21 14:04:11 INFO ResourceUtils: ==============================================================
[2026-07-21T14:04:11.480+0000] {subprocess.py:93} INFO - 26/07/21 14:04:11 INFO ResourceUtils: No custom resources configured for spark.driver.
[2026-07-21T14:04:11.481+0000] {subprocess.py:93} INFO - 26/07/21 14:04:11 INFO ResourceUtils: ==============================================================
[2026-07-21T14:04:11.483+0000] {subprocess.py:93} INFO - 26/07/21 14:04:11 INFO SparkContext: Submitted application: SDP-Gold
[2026-07-21T14:04:11.524+0000] {subprocess.py:93} INFO - 26/07/21 14:04:11 INFO ResourceProfile: Default ResourceProfile created, executor resources: Map(cores -> name: cores, amount: 1, script: , vendor: , memory -> name: memory, amount: 512, script: , vendor: , offHeap -> name: offHeap, amount: 0, script: , vendor: ), task resources: Map(cpus -> name: cpus, amount: 1.0)
[2026-07-21T14:04:11.541+0000] {subprocess.py:93} INFO - 26/07/21 14:04:11 INFO ResourceProfile: Limiting resource is cpus at 1 tasks per executor
[2026-07-21T14:04:11.543+0000] {subprocess.py:93} INFO - 26/07/21 14:04:11 INFO ResourceProfileManager: Added ResourceProfile id: 0
[2026-07-21T14:04:11.616+0000] {subprocess.py:93} INFO - 26/07/21 14:04:11 INFO SecurityManager: Changing view acls to: spark
[2026-07-21T14:04:11.618+0000] {subprocess.py:93} INFO - 26/07/21 14:04:11 INFO SecurityManager: Changing modify acls to: spark
[2026-07-21T14:04:11.619+0000] {subprocess.py:93} INFO - 26/07/21 14:04:11 INFO SecurityManager: Changing view acls groups to:
[2026-07-21T14:04:11.621+0000] {subprocess.py:93} INFO - 26/07/21 14:04:11 INFO SecurityManager: Changing modify acls groups to:
[2026-07-21T14:04:11.622+0000] {subprocess.py:93} INFO - 26/07/21 14:04:11 INFO SecurityManager: SecurityManager: authentication disabled; ui acls disabled; users with view permissions: spark; groups with view permissions: EMPTY; users with modify permissions: spark; groups with modify permissions: EMPTY
[2026-07-21T14:04:11.963+0000] {subprocess.py:93} INFO - 26/07/21 14:04:11 INFO Utils: Successfully started service 'sparkDriver' on port 38175.
[2026-07-21T14:04:12.004+0000] {subprocess.py:93} INFO - 26/07/21 14:04:12 INFO SparkEnv: Registering MapOutputTracker
[2026-07-21T14:04:12.042+0000] {subprocess.py:93} INFO - 26/07/21 14:04:12 INFO SparkEnv: Registering BlockManagerMaster
[2026-07-21T14:04:12.063+0000] {subprocess.py:93} INFO - 26/07/21 14:04:12 INFO BlockManagerMasterEndpoint: Using org.apache.spark.storage.DefaultTopologyMapper for getting topology information
[2026-07-21T14:04:12.064+0000] {subprocess.py:93} INFO - 26/07/21 14:04:12 INFO BlockManagerMasterEndpoint: BlockManagerMasterEndpoint up
[2026-07-21T14:04:12.070+0000] {subprocess.py:93} INFO - 26/07/21 14:04:12 INFO SparkEnv: Registering BlockManagerMasterHeartbeat
[2026-07-21T14:04:12.097+0000] {subprocess.py:93} INFO - 26/07/21 14:04:12 INFO DiskBlockManager: Created local directory at /tmp/blockmgr-64ecf27a-5f2b-4769-a7f9-1b96ee4c4edb
[2026-07-21T14:04:12.112+0000] {subprocess.py:93} INFO - 26/07/21 14:04:12 INFO MemoryStore: MemoryStore started with capacity 434.4 MiB
[2026-07-21T14:04:12.130+0000] {subprocess.py:93} INFO - 26/07/21 14:04:12 INFO SparkEnv: Registering OutputCommitCoordinator
[2026-07-21T14:04:12.279+0000] {subprocess.py:93} INFO - 26/07/21 14:04:12 INFO JettyUtils: Start Jetty 0.0.0.0:4040 for SparkUI
[2026-07-21T14:04:12.341+0000] {subprocess.py:93} INFO - 26/07/21 14:04:12 INFO Utils: Successfully started service 'SparkUI' on port 4040.
[2026-07-21T14:04:12.379+0000] {subprocess.py:93} INFO - 26/07/21 14:04:12 INFO SparkContext: Added JAR file:///opt/jars/delta-spark_2.12-3.2.0.jar at spark://6158d2b31d45:38175/jars/delta-spark_2.12-3.2.0.jar with timestamp 1784642651420
[2026-07-21T14:04:12.381+0000] {subprocess.py:93} INFO - 26/07/21 14:04:12 INFO SparkContext: Added JAR file:///opt/jars/delta-storage-3.2.0.jar at spark://6158d2b31d45:38175/jars/delta-storage-3.2.0.jar with timestamp 1784642651420
[2026-07-21T14:04:12.382+0000] {subprocess.py:93} INFO - 26/07/21 14:04:12 INFO SparkContext: Added JAR file:///opt/jars/spark-sql-kafka-0-10_2.12-3.5.1.jar at spark://6158d2b31d45:38175/jars/spark-sql-kafka-0-10_2.12-3.5.1.jar with timestamp 1784642651420
[2026-07-21T14:04:12.384+0000] {subprocess.py:93} INFO - 26/07/21 14:04:12 INFO SparkContext: Added JAR file:///opt/jars/kafka-clients-3.4.1.jar at spark://6158d2b31d45:38175/jars/kafka-clients-3.4.1.jar with timestamp 1784642651420
[2026-07-21T14:04:12.385+0000] {subprocess.py:93} INFO - 26/07/21 14:04:12 INFO SparkContext: Added JAR file:///opt/jars/spark-token-provider-kafka-0-10_2.12-3.5.1.jar at spark://6158d2b31d45:38175/jars/spark-token-provider-kafka-0-10_2.12-3.5.1.jar with timestamp 1784642651420
[2026-07-21T14:04:12.386+0000] {subprocess.py:93} INFO - 26/07/21 14:04:12 INFO SparkContext: Added JAR file:///opt/jars/commons-pool2-2.11.1.jar at spark://6158d2b31d45:38175/jars/commons-pool2-2.11.1.jar with timestamp 1784642651420
[2026-07-21T14:04:12.466+0000] {subprocess.py:93} INFO - 26/07/21 14:04:12 INFO StandaloneAppClient$ClientEndpoint: Connecting to master spark://sdp-spark-master:7077...
[2026-07-21T14:04:12.518+0000] {subprocess.py:93} INFO - 26/07/21 14:04:12 INFO TransportClientFactory: Successfully created connection to sdp-spark-master/172.18.0.4:7077 after 29 ms (0 ms spent in bootstraps)
[2026-07-21T14:04:12.598+0000] {subprocess.py:93} INFO - 26/07/21 14:04:12 INFO StandaloneSchedulerBackend: Connected to Spark cluster with app ID app-20260721140412-0151
[2026-07-21T14:04:12.604+0000] {subprocess.py:93} INFO - 26/07/21 14:04:12 INFO StandaloneAppClient$ClientEndpoint: Executor added: app-20260721140412-0151/0 on worker-20260716063602-172.18.0.5-44367 (172.18.0.5:44367) with 1 core(s)
[2026-07-21T14:04:12.608+0000] {subprocess.py:93} INFO - 26/07/21 14:04:12 INFO StandaloneSchedulerBackend: Granted executor ID app-20260721140412-0151/0 on hostPort 172.18.0.5:44367 with 1 core(s), 512.0 MiB RAM
[2026-07-21T14:04:12.610+0000] {subprocess.py:93} INFO - 26/07/21 14:04:12 INFO StandaloneAppClient$ClientEndpoint: Executor added: app-20260721140412-0151/1 on worker-20260716063602-172.18.0.5-44367 (172.18.0.5:44367) with 1 core(s)
[2026-07-21T14:04:12.612+0000] {subprocess.py:93} INFO - 26/07/21 14:04:12 INFO StandaloneSchedulerBackend: Granted executor ID app-20260721140412-0151/1 on hostPort 172.18.0.5:44367 with 1 core(s), 512.0 MiB RAM
[2026-07-21T14:04:12.613+0000] {subprocess.py:93} INFO - 26/07/21 14:04:12 INFO StandaloneAppClient$ClientEndpoint: Executor added: app-20260721140412-0151/2 on worker-20260716063602-172.18.0.6-33249 (172.18.0.6:33249) with 1 core(s)
[2026-07-21T14:04:12.614+0000] {subprocess.py:93} INFO - 26/07/21 14:04:12 INFO StandaloneSchedulerBackend: Granted executor ID app-20260721140412-0151/2 on hostPort 172.18.0.6:33249 with 1 core(s), 512.0 MiB RAM
[2026-07-21T14:04:12.622+0000] {subprocess.py:93} INFO - 26/07/21 14:04:12 INFO Utils: Successfully started service 'org.apache.spark.network.netty.NettyBlockTransferService' on port 46645.
[2026-07-21T14:04:12.624+0000] {subprocess.py:93} INFO - 26/07/21 14:04:12 INFO NettyBlockTransferService: Server created on 6158d2b31d45:46645
[2026-07-21T14:04:12.625+0000] {subprocess.py:93} INFO - 26/07/21 14:04:12 INFO BlockManager: Using org.apache.spark.storage.RandomBlockReplicationPolicy for block replication policy
[2026-07-21T14:04:12.638+0000] {subprocess.py:93} INFO - 26/07/21 14:04:12 INFO BlockManagerMaster: Registering BlockManager BlockManagerId(driver, 6158d2b31d45, 46645, None)
[2026-07-21T14:04:12.646+0000] {subprocess.py:93} INFO - 26/07/21 14:04:12 INFO BlockManagerMasterEndpoint: Registering block manager 6158d2b31d45:46645 with 434.4 MiB RAM, BlockManagerId(driver, 6158d2b31d45, 46645, None)
[2026-07-21T14:04:12.654+0000] {subprocess.py:93} INFO - 26/07/21 14:04:12 INFO BlockManagerMaster: Registered BlockManager BlockManagerId(driver, 6158d2b31d45, 46645, None)
[2026-07-21T14:04:12.663+0000] {subprocess.py:93} INFO - 26/07/21 14:04:12 INFO BlockManager: Initialized BlockManager: BlockManagerId(driver, 6158d2b31d45, 46645, None)
[2026-07-21T14:04:12.693+0000] {subprocess.py:93} INFO - 26/07/21 14:04:12 INFO StandaloneAppClient$ClientEndpoint: Executor updated: app-20260721140412-0151/0 is now RUNNING
[2026-07-21T14:04:12.696+0000] {subprocess.py:93} INFO - 26/07/21 14:04:12 INFO StandaloneAppClient$ClientEndpoint: Executor updated: app-20260721140412-0151/1 is now RUNNING
[2026-07-21T14:04:12.702+0000] {subprocess.py:93} INFO - 26/07/21 14:04:12 INFO StandaloneAppClient$ClientEndpoint: Executor updated: app-20260721140412-0151/2 is now RUNNING
[2026-07-21T14:04:13.087+0000] {subprocess.py:93} INFO - 26/07/21 14:04:13 INFO StandaloneSchedulerBackend: SchedulerBackend is ready for scheduling beginning after reached minRegisteredResourcesRatio: 0.0
[2026-07-21T14:04:43.331+0000] {subprocess.py:93} INFO - 26/07/21 14:04:43 WARN SparkStringUtils: Truncated the string representation of a plan since it was too large. This behavior can be adjusted by setting 'spark.sql.debug.maxToStringFields'.
[2026-07-21T14:05:23.818+0000] {subprocess.py:93} INFO - Gold table written: /opt/data/gold/daily_sales  (4 rows)
[2026-07-21T14:05:44.560+0000] {subprocess.py:93} INFO - Gold table written: /opt/data/gold/product_performance  (10 rows)
[2026-07-21T14:06:16.035+0000] {subprocess.py:93} INFO - Gold table written: /opt/data/gold/customer_orders  (5 rows)
[2026-07-21T14:06:16.037+0000] {subprocess.py:93} INFO - 
[2026-07-21T14:06:16.038+0000] {subprocess.py:93} INFO - Gold pipeline complete.
[2026-07-21T14:06:16.778+0000] {subprocess.py:97} INFO - Command exited with return code 0
[2026-07-21T14:06:16.782+0000] {taskinstance.py:441} INFO - ::group::Post task execution logs
[2026-07-21T14:06:16.830+0000] {taskinstance.py:1205} INFO - Marking task as SUCCESS. dag_id=e-commerce_kafka_streaming_pipeline_v1, task_id=run_gold, execution_date=20260721T130000, start_date=20260721T140407, end_date=20260721T140616
[2026-07-21T14:06:16.879+0000] {local_task_job_runner.py:240} INFO - Task exited with return code 0
[2026-07-21T14:06:16.904+0000] {taskinstance.py:3482} INFO - 1 downstream tasks scheduled from follow-on schedule check
[2026-07-21T14:06:16.907+0000] {local_task_job_runner.py:222} INFO - ::endgroup::
