[2026-06-08T08:43:23.473+0000] {local_task_job_runner.py:120} INFO - ::group::Pre task execution logs
[2026-06-08T08:43:23.521+0000] {taskinstance.py:2073} INFO - Dependencies all met for dep_context=non-requeueable deps ti=<TaskInstance: e-commerce_kafka_streaming_pipeline_v8.run_bronze scheduled__2026-06-08T07:00:00+00:00 [queued]>
[2026-06-08T08:43:23.533+0000] {taskinstance.py:2073} INFO - Dependencies all met for dep_context=requeueable deps ti=<TaskInstance: e-commerce_kafka_streaming_pipeline_v8.run_bronze scheduled__2026-06-08T07:00:00+00:00 [queued]>
[2026-06-08T08:43:23.534+0000] {taskinstance.py:2303} INFO - Starting attempt 1 of 2
[2026-06-08T08:43:23.554+0000] {taskinstance.py:2327} INFO - Executing <Task(BashOperator): run_bronze> on 2026-06-08 07:00:00+00:00
[2026-06-08T08:43:23.566+0000] {standard_task_runner.py:90} INFO - Running: ['***', 'tasks', 'run', 'e-commerce_kafka_streaming_pipeline_v8', 'run_bronze', 'scheduled__2026-06-08T07:00:00+00:00', '--job-id', '7', '--raw', '--subdir', 'DAGS_FOLDER/sdp_pipeline_dag.py', '--cfg-path', '/tmp/tmprsfgc5qd']
[2026-06-08T08:43:23.569+0000] {logging_mixin.py:188} WARNING - /home/***/.local/lib/python3.12/site-packages/***/task/task_runner/standard_task_runner.py:61 DeprecationWarning: This process (pid=549) is multi-threaded, use of fork() may lead to deadlocks in the child.
[2026-06-08T08:43:23.570+0000] {standard_task_runner.py:91} INFO - Job 7: Subtask run_bronze
[2026-06-08T08:43:23.570+0000] {standard_task_runner.py:63} INFO - Started process 550 to run task
[2026-06-08T08:43:23.657+0000] {task_command.py:426} INFO - Running <TaskInstance: e-commerce_kafka_streaming_pipeline_v8.run_bronze scheduled__2026-06-08T07:00:00+00:00 [running]> on host ae98d7ab7c5e
[2026-06-08T08:43:23.781+0000] {taskinstance.py:2644} INFO - Exporting env vars: AIRFLOW_CTX_DAG_OWNER='dev' AIRFLOW_CTX_DAG_ID='e-commerce_kafka_streaming_pipeline_v8' AIRFLOW_CTX_TASK_ID='run_bronze' AIRFLOW_CTX_EXECUTION_DATE='2026-06-08T07:00:00+00:00' AIRFLOW_CTX_TRY_NUMBER='1' AIRFLOW_CTX_DAG_RUN_ID='scheduled__2026-06-08T07:00:00+00:00'
[2026-06-08T08:43:23.782+0000] {taskinstance.py:430} INFO - ::endgroup::
[2026-06-08T08:43:23.803+0000] {subprocess.py:63} INFO - Tmp dir root location: /tmp
[2026-06-08T08:43:23.805+0000] {subprocess.py:75} INFO - Running command: ['/usr/bin/bash', '-c', 'timeout 90s docker run --rm --network streaming_kafka_project_sdp-net --volume $(pwd)/pipelines:/opt/pipelines --volume $(pwd)/data:/opt/data --volume $(pwd)/checkpoints:/opt/checkpoints --volume $(pwd)/jars:/opt/jars apache/spark:3.5.1 /opt/spark/bin/spark-submit --master spark://sdp-spark-master:7077 --executor-cores 1 --executor-memory 512m --total-executor-cores 3 --jars /opt/jars/delta-spark_2.12-3.2.0.jar,/opt/jars/delta-storage-3.2.0.jar,/opt/jars/spark-sql-kafka-0-10_2.12-3.5.1.jar,/opt/jars/kafka-clients-3.4.1.jar,/opt/jars/spark-token-provider-kafka-0-10_2.12-3.5.1.jar,/opt/jars/commons-pool2-2.11.1.jar --conf spark.sql.extensions=io.delta.sql.DeltaSparkSessionExtension --conf spark.sql.catalog.spark_catalog=org.apache.spark.sql.delta.catalog.DeltaCatalog  /opt/pipelines/bronze_runner.py || true']
[2026-06-08T08:43:23.818+0000] {subprocess.py:86} INFO - Output:
[2026-06-08T08:43:23.856+0000] {subprocess.py:93} INFO - docker: Cannot connect to the Docker daemon at unix:///var/run/docker.sock. Is the docker daemon running?.
[2026-06-08T08:43:23.858+0000] {subprocess.py:93} INFO - See 'docker run --help'.
[2026-06-08T08:43:23.861+0000] {subprocess.py:97} INFO - Command exited with return code 0
[2026-06-08T08:43:23.862+0000] {taskinstance.py:441} INFO - ::group::Post task execution logs
[2026-06-08T08:43:23.898+0000] {taskinstance.py:1205} INFO - Marking task as SUCCESS. dag_id=e-commerce_kafka_streaming_pipeline_v8, task_id=run_bronze, execution_date=20260608T070000, start_date=20260608T084323, end_date=20260608T084323
[2026-06-08T08:43:23.946+0000] {local_task_job_runner.py:240} INFO - Task exited with return code 0
[2026-06-08T08:43:23.982+0000] {taskinstance.py:3482} INFO - 1 downstream tasks scheduled from follow-on schedule check
[2026-06-08T08:43:23.986+0000] {local_task_job_runner.py:222} INFO - ::endgroup::
[2026-06-08T08:58:35.279+0000] {local_task_job_runner.py:120} INFO - ::group::Pre task execution logs
[2026-06-08T08:58:35.343+0000] {taskinstance.py:2073} INFO - Dependencies all met for dep_context=non-requeueable deps ti=<TaskInstance: e-commerce_kafka_streaming_pipeline_v8.run_bronze scheduled__2026-06-08T07:00:00+00:00 [queued]>
[2026-06-08T08:58:35.358+0000] {taskinstance.py:2073} INFO - Dependencies all met for dep_context=requeueable deps ti=<TaskInstance: e-commerce_kafka_streaming_pipeline_v8.run_bronze scheduled__2026-06-08T07:00:00+00:00 [queued]>
[2026-06-08T08:58:35.359+0000] {taskinstance.py:2303} INFO - Starting attempt 1 of 2
[2026-06-08T08:58:35.380+0000] {taskinstance.py:2327} INFO - Executing <Task(BashOperator): run_bronze> on 2026-06-08 07:00:00+00:00
[2026-06-08T08:58:35.391+0000] {standard_task_runner.py:90} INFO - Running: ['***', 'tasks', 'run', 'e-commerce_kafka_streaming_pipeline_v8', 'run_bronze', 'scheduled__2026-06-08T07:00:00+00:00', '--job-id', '15', '--raw', '--subdir', 'DAGS_FOLDER/sdp_pipeline_dag.py', '--cfg-path', '/tmp/tmpvafa5ezp']
[2026-06-08T08:58:35.395+0000] {standard_task_runner.py:91} INFO - Job 15: Subtask run_bronze
[2026-06-08T08:58:35.397+0000] {logging_mixin.py:188} WARNING - /home/***/.local/lib/python3.12/site-packages/***/task/task_runner/standard_task_runner.py:61 DeprecationWarning: This process (pid=754) is multi-threaded, use of fork() may lead to deadlocks in the child.
[2026-06-08T08:58:35.398+0000] {standard_task_runner.py:63} INFO - Started process 755 to run task
[2026-06-08T08:58:35.502+0000] {task_command.py:426} INFO - Running <TaskInstance: e-commerce_kafka_streaming_pipeline_v8.run_bronze scheduled__2026-06-08T07:00:00+00:00 [running]> on host ae98d7ab7c5e
[2026-06-08T08:58:35.826+0000] {taskinstance.py:2644} INFO - Exporting env vars: AIRFLOW_CTX_DAG_OWNER='dev' AIRFLOW_CTX_DAG_ID='e-commerce_kafka_streaming_pipeline_v8' AIRFLOW_CTX_TASK_ID='run_bronze' AIRFLOW_CTX_EXECUTION_DATE='2026-06-08T07:00:00+00:00' AIRFLOW_CTX_TRY_NUMBER='1' AIRFLOW_CTX_DAG_RUN_ID='scheduled__2026-06-08T07:00:00+00:00'
[2026-06-08T08:58:35.833+0000] {taskinstance.py:430} INFO - ::endgroup::
[2026-06-08T08:58:35.927+0000] {subprocess.py:63} INFO - Tmp dir root location: /tmp
[2026-06-08T08:58:35.929+0000] {subprocess.py:75} INFO - Running command: ['/usr/bin/bash', '-c', 'timeout 90s docker run --rm --network streaming_kafka_project_sdp-net --volume /d/Streaming_kafka_project/pipelines:/opt/pipelines --volume /d/Streaming_kafka_project/data:/opt/data --volume /d/Streaming_kafka_project/checkpoints:/opt/checkpoints --volume /d/Streaming_kafka_project/jars:/opt/jars apache/spark:3.5.1 /opt/spark/bin/spark-submit --master spark://sdp-spark-master:7077 --executor-cores 1 --executor-memory 512m --total-executor-cores 3 --jars /opt/jars/delta-spark_2.12-3.2.0.jar,/opt/jars/delta-storage-3.2.0.jar,/opt/jars/spark-sql-kafka-0-10_2.12-3.5.1.jar,/opt/jars/kafka-clients-3.4.1.jar,/opt/jars/spark-token-provider-kafka-0-10_2.12-3.5.1.jar,/opt/jars/commons-pool2-2.11.1.jar --conf spark.sql.extensions=io.delta.sql.DeltaSparkSessionExtension --conf spark.sql.catalog.spark_catalog=org.apache.spark.sql.delta.catalog.DeltaCatalog  /opt/pipelines/bronze_runner.py || true']
[2026-06-08T08:58:35.949+0000] {subprocess.py:86} INFO - Output:
[2026-06-08T08:58:35.997+0000] {subprocess.py:93} INFO - docker: Cannot connect to the Docker daemon at unix:///var/run/docker.sock. Is the docker daemon running?.
[2026-06-08T08:58:35.998+0000] {subprocess.py:93} INFO - See 'docker run --help'.
[2026-06-08T08:58:36.000+0000] {subprocess.py:97} INFO - Command exited with return code 0
[2026-06-08T08:58:36.002+0000] {taskinstance.py:441} INFO - ::group::Post task execution logs
[2026-06-08T08:58:36.049+0000] {taskinstance.py:1205} INFO - Marking task as SUCCESS. dag_id=e-commerce_kafka_streaming_pipeline_v8, task_id=run_bronze, execution_date=20260608T070000, start_date=20260608T085835, end_date=20260608T085836
[2026-06-08T08:58:36.110+0000] {local_task_job_runner.py:240} INFO - Task exited with return code 0
[2026-06-08T08:58:36.188+0000] {taskinstance.py:3482} INFO - 0 downstream tasks scheduled from follow-on schedule check
[2026-06-08T08:58:36.191+0000] {local_task_job_runner.py:222} INFO - ::endgroup::
