[2026-07-17T08:27:20.717+0000] {local_task_job_runner.py:120} INFO - ::group::Pre task execution logs
[2026-07-17T08:27:20.752+0000] {taskinstance.py:2073} INFO - Dependencies all met for dep_context=non-requeueable deps ti=<TaskInstance: e-commerce_kafka_streaming_pipeline_v1.run_bronze scheduled__2026-07-17T06:00:00+00:00 [queued]>
[2026-07-17T08:27:20.761+0000] {taskinstance.py:2073} INFO - Dependencies all met for dep_context=requeueable deps ti=<TaskInstance: e-commerce_kafka_streaming_pipeline_v1.run_bronze scheduled__2026-07-17T06:00:00+00:00 [queued]>
[2026-07-17T08:27:20.763+0000] {taskinstance.py:2303} INFO - Starting attempt 1 of 2
[2026-07-17T08:27:20.782+0000] {taskinstance.py:2327} INFO - Executing <Task(BashOperator): run_bronze> on 2026-07-17 06:00:00+00:00
[2026-07-17T08:27:20.794+0000] {standard_task_runner.py:90} INFO - Running: ['***', 'tasks', 'run', 'e-commerce_kafka_streaming_pipeline_v1', 'run_bronze', 'scheduled__2026-07-17T06:00:00+00:00', '--job-id', '117', '--raw', '--subdir', 'DAGS_FOLDER/sdp_pipeline_dag.py', '--cfg-path', '/tmp/tmpzlnnixs1']
[2026-07-17T08:27:20.800+0000] {standard_task_runner.py:91} INFO - Job 117: Subtask run_bronze
[2026-07-17T08:27:20.810+0000] {logging_mixin.py:188} WARNING - /home/***/.local/lib/python3.12/site-packages/***/task/task_runner/standard_task_runner.py:61 DeprecationWarning: This process (pid=3523) is multi-threaded, use of fork() may lead to deadlocks in the child.
[2026-07-17T08:27:20.812+0000] {standard_task_runner.py:63} INFO - Started process 3527 to run task
[2026-07-17T08:27:20.893+0000] {task_command.py:426} INFO - Running <TaskInstance: e-commerce_kafka_streaming_pipeline_v1.run_bronze scheduled__2026-07-17T06:00:00+00:00 [running]> on host da27550080bf
[2026-07-17T08:27:20.987+0000] {taskinstance.py:2644} INFO - Exporting env vars: AIRFLOW_CTX_DAG_OWNER='dev' AIRFLOW_CTX_DAG_ID='e-commerce_kafka_streaming_pipeline_v1' AIRFLOW_CTX_TASK_ID='run_bronze' AIRFLOW_CTX_EXECUTION_DATE='2026-07-17T06:00:00+00:00' AIRFLOW_CTX_TRY_NUMBER='1' AIRFLOW_CTX_DAG_RUN_ID='scheduled__2026-07-17T06:00:00+00:00'
[2026-07-17T08:27:20.989+0000] {taskinstance.py:430} INFO - ::endgroup::
[2026-07-17T08:27:21.005+0000] {subprocess.py:63} INFO - Tmp dir root location: /tmp
[2026-07-17T08:27:21.007+0000] {subprocess.py:75} INFO - Running command: ['/usr/bin/bash', '-c', 'timeout 150s docker run --rm --network streaming_kafka_project_sdp-net --volume /d/Streaming_kafka_project/pipelines:/opt/pipelines --volume /d/Streaming_kafka_project/data:/opt/data --volume /d/Streaming_kafka_project/checkpoints:/opt/checkpoints --volume /d/Streaming_kafka_project/jars:/opt/jars apache/spark:3.5.1 /opt/spark/bin/spark-submit --master spark://sdp-spark-master:7077 --executor-cores 1 --executor-memory 512m --total-executor-cores 3 --jars /opt/jars/delta-spark_2.12-3.2.0.jar,/opt/jars/delta-storage-3.2.0.jar,/opt/jars/spark-sql-kafka-0-10_2.12-3.5.1.jar,/opt/jars/kafka-clients-3.4.1.jar,/opt/jars/spark-token-provider-kafka-0-10_2.12-3.5.1.jar,/opt/jars/commons-pool2-2.11.1.jar --conf spark.sql.extensions=io.delta.sql.DeltaSparkSessionExtension --conf spark.sql.catalog.spark_catalog=org.apache.spark.sql.delta.catalog.DeltaCatalog  /opt/pipelines/bronze_runner.py']
[2026-07-17T08:27:21.017+0000] {subprocess.py:86} INFO - Output:
[2026-07-17T08:27:24.137+0000] {subprocess.py:93} INFO - 26/07/17 08:27:24 WARN NativeCodeLoader: Unable to load native-hadoop library for your platform... using builtin-java classes where applicable
[2026-07-17T08:27:25.020+0000] {subprocess.py:93} INFO - 26/07/17 08:27:25 INFO SparkContext: Running Spark version 3.5.1
[2026-07-17T08:27:25.021+0000] {subprocess.py:93} INFO - 26/07/17 08:27:25 INFO SparkContext: OS info Linux, 6.18.33.2-microsoft-standard-WSL2, amd64
[2026-07-17T08:27:25.022+0000] {subprocess.py:93} INFO - 26/07/17 08:27:25 INFO SparkContext: Java version 11.0.22
[2026-07-17T08:27:25.058+0000] {subprocess.py:93} INFO - 26/07/17 08:27:25 INFO ResourceUtils: ==============================================================
[2026-07-17T08:27:25.059+0000] {subprocess.py:93} INFO - 26/07/17 08:27:25 INFO ResourceUtils: No custom resources configured for spark.driver.
[2026-07-17T08:27:25.060+0000] {subprocess.py:93} INFO - 26/07/17 08:27:25 INFO ResourceUtils: ==============================================================
[2026-07-17T08:27:25.062+0000] {subprocess.py:93} INFO - 26/07/17 08:27:25 INFO SparkContext: Submitted application: SDP-Bronze
[2026-07-17T08:27:25.089+0000] {subprocess.py:93} INFO - 26/07/17 08:27:25 INFO ResourceProfile: Default ResourceProfile created, executor resources: Map(cores -> name: cores, amount: 1, script: , vendor: , memory -> name: memory, amount: 512, script: , vendor: , offHeap -> name: offHeap, amount: 0, script: , vendor: ), task resources: Map(cpus -> name: cpus, amount: 1.0)
[2026-07-17T08:27:25.109+0000] {subprocess.py:93} INFO - 26/07/17 08:27:25 INFO ResourceProfile: Limiting resource is cpus at 1 tasks per executor
[2026-07-17T08:27:25.112+0000] {subprocess.py:93} INFO - 26/07/17 08:27:25 INFO ResourceProfileManager: Added ResourceProfile id: 0
[2026-07-17T08:27:25.184+0000] {subprocess.py:93} INFO - 26/07/17 08:27:25 INFO SecurityManager: Changing view acls to: spark
[2026-07-17T08:27:25.188+0000] {subprocess.py:93} INFO - 26/07/17 08:27:25 INFO SecurityManager: Changing modify acls to: spark
[2026-07-17T08:27:25.189+0000] {subprocess.py:93} INFO - 26/07/17 08:27:25 INFO SecurityManager: Changing view acls groups to:
[2026-07-17T08:27:25.190+0000] {subprocess.py:93} INFO - 26/07/17 08:27:25 INFO SecurityManager: Changing modify acls groups to:
[2026-07-17T08:27:25.192+0000] {subprocess.py:93} INFO - 26/07/17 08:27:25 INFO SecurityManager: SecurityManager: authentication disabled; ui acls disabled; users with view permissions: spark; groups with view permissions: EMPTY; users with modify permissions: spark; groups with modify permissions: EMPTY
[2026-07-17T08:27:25.578+0000] {subprocess.py:93} INFO - 26/07/17 08:27:25 INFO Utils: Successfully started service 'sparkDriver' on port 44217.
[2026-07-17T08:27:25.644+0000] {subprocess.py:93} INFO - 26/07/17 08:27:25 INFO SparkEnv: Registering MapOutputTracker
[2026-07-17T08:27:25.716+0000] {subprocess.py:93} INFO - 26/07/17 08:27:25 INFO SparkEnv: Registering BlockManagerMaster
[2026-07-17T08:27:25.742+0000] {subprocess.py:93} INFO - 26/07/17 08:27:25 INFO BlockManagerMasterEndpoint: Using org.apache.spark.storage.DefaultTopologyMapper for getting topology information
[2026-07-17T08:27:25.746+0000] {subprocess.py:93} INFO - 26/07/17 08:27:25 INFO BlockManagerMasterEndpoint: BlockManagerMasterEndpoint up
[2026-07-17T08:27:25.754+0000] {subprocess.py:93} INFO - 26/07/17 08:27:25 INFO SparkEnv: Registering BlockManagerMasterHeartbeat
[2026-07-17T08:27:25.791+0000] {subprocess.py:93} INFO - 26/07/17 08:27:25 INFO DiskBlockManager: Created local directory at /tmp/blockmgr-20ababc5-e3cd-4434-8462-f15c4f08f09b
[2026-07-17T08:27:25.817+0000] {subprocess.py:93} INFO - 26/07/17 08:27:25 INFO MemoryStore: MemoryStore started with capacity 434.4 MiB
[2026-07-17T08:27:25.919+0000] {subprocess.py:93} INFO - 26/07/17 08:27:25 INFO SparkEnv: Registering OutputCommitCoordinator
[2026-07-17T08:27:26.418+0000] {subprocess.py:93} INFO - 26/07/17 08:27:26 INFO JettyUtils: Start Jetty 0.0.0.0:4040 for SparkUI
[2026-07-17T08:27:26.526+0000] {subprocess.py:93} INFO - 26/07/17 08:27:26 INFO Utils: Successfully started service 'SparkUI' on port 4040.
[2026-07-17T08:27:26.597+0000] {subprocess.py:93} INFO - 26/07/17 08:27:26 INFO SparkContext: Added JAR file:///opt/jars/delta-spark_2.12-3.2.0.jar at spark://d9d7f0cabe65:44217/jars/delta-spark_2.12-3.2.0.jar with timestamp 1784276845007
[2026-07-17T08:27:26.601+0000] {subprocess.py:93} INFO - 26/07/17 08:27:26 INFO SparkContext: Added JAR file:///opt/jars/delta-storage-3.2.0.jar at spark://d9d7f0cabe65:44217/jars/delta-storage-3.2.0.jar with timestamp 1784276845007
[2026-07-17T08:27:26.602+0000] {subprocess.py:93} INFO - 26/07/17 08:27:26 INFO SparkContext: Added JAR file:///opt/jars/spark-sql-kafka-0-10_2.12-3.5.1.jar at spark://d9d7f0cabe65:44217/jars/spark-sql-kafka-0-10_2.12-3.5.1.jar with timestamp 1784276845007
[2026-07-17T08:27:26.604+0000] {subprocess.py:93} INFO - 26/07/17 08:27:26 INFO SparkContext: Added JAR file:///opt/jars/kafka-clients-3.4.1.jar at spark://d9d7f0cabe65:44217/jars/kafka-clients-3.4.1.jar with timestamp 1784276845007
[2026-07-17T08:27:26.606+0000] {subprocess.py:93} INFO - 26/07/17 08:27:26 INFO SparkContext: Added JAR file:///opt/jars/spark-token-provider-kafka-0-10_2.12-3.5.1.jar at spark://d9d7f0cabe65:44217/jars/spark-token-provider-kafka-0-10_2.12-3.5.1.jar with timestamp 1784276845007
[2026-07-17T08:27:26.609+0000] {subprocess.py:93} INFO - 26/07/17 08:27:26 INFO SparkContext: Added JAR file:///opt/jars/commons-pool2-2.11.1.jar at spark://d9d7f0cabe65:44217/jars/commons-pool2-2.11.1.jar with timestamp 1784276845007
[2026-07-17T08:27:26.718+0000] {subprocess.py:93} INFO - 26/07/17 08:27:26 INFO StandaloneAppClient$ClientEndpoint: Connecting to master spark://sdp-spark-master:7077...
[2026-07-17T08:27:26.783+0000] {subprocess.py:93} INFO - 26/07/17 08:27:26 INFO TransportClientFactory: Successfully created connection to sdp-spark-master/172.18.0.4:7077 after 28 ms (0 ms spent in bootstraps)
[2026-07-17T08:27:26.903+0000] {subprocess.py:93} INFO - 26/07/17 08:27:26 INFO StandaloneSchedulerBackend: Connected to Spark cluster with app ID app-20260717082726-0055
[2026-07-17T08:27:26.910+0000] {subprocess.py:93} INFO - 26/07/17 08:27:26 INFO StandaloneAppClient$ClientEndpoint: Executor added: app-20260717082726-0055/0 on worker-20260716063602-172.18.0.6-33249 (172.18.0.6:33249) with 1 core(s)
[2026-07-17T08:27:26.914+0000] {subprocess.py:93} INFO - 26/07/17 08:27:26 INFO StandaloneSchedulerBackend: Granted executor ID app-20260717082726-0055/0 on hostPort 172.18.0.6:33249 with 1 core(s), 512.0 MiB RAM
[2026-07-17T08:27:26.917+0000] {subprocess.py:93} INFO - 26/07/17 08:27:26 INFO StandaloneAppClient$ClientEndpoint: Executor added: app-20260717082726-0055/1 on worker-20260716063602-172.18.0.6-33249 (172.18.0.6:33249) with 1 core(s)
[2026-07-17T08:27:26.919+0000] {subprocess.py:93} INFO - 26/07/17 08:27:26 INFO StandaloneSchedulerBackend: Granted executor ID app-20260717082726-0055/1 on hostPort 172.18.0.6:33249 with 1 core(s), 512.0 MiB RAM
[2026-07-17T08:27:26.920+0000] {subprocess.py:93} INFO - 26/07/17 08:27:26 INFO StandaloneAppClient$ClientEndpoint: Executor added: app-20260717082726-0055/2 on worker-20260716063602-172.18.0.5-44367 (172.18.0.5:44367) with 1 core(s)
[2026-07-17T08:27:26.921+0000] {subprocess.py:93} INFO - 26/07/17 08:27:26 INFO StandaloneSchedulerBackend: Granted executor ID app-20260717082726-0055/2 on hostPort 172.18.0.5:44367 with 1 core(s), 512.0 MiB RAM
[2026-07-17T08:27:26.921+0000] {subprocess.py:93} INFO - 26/07/17 08:27:26 INFO Utils: Successfully started service 'org.apache.spark.network.netty.NettyBlockTransferService' on port 33851.
[2026-07-17T08:27:26.923+0000] {subprocess.py:93} INFO - 26/07/17 08:27:26 INFO NettyBlockTransferService: Server created on d9d7f0cabe65:33851
[2026-07-17T08:27:26.924+0000] {subprocess.py:93} INFO - 26/07/17 08:27:26 INFO BlockManager: Using org.apache.spark.storage.RandomBlockReplicationPolicy for block replication policy
[2026-07-17T08:27:26.931+0000] {subprocess.py:93} INFO - 26/07/17 08:27:26 INFO BlockManagerMaster: Registering BlockManager BlockManagerId(driver, d9d7f0cabe65, 33851, None)
[2026-07-17T08:27:26.936+0000] {subprocess.py:93} INFO - 26/07/17 08:27:26 INFO BlockManagerMasterEndpoint: Registering block manager d9d7f0cabe65:33851 with 434.4 MiB RAM, BlockManagerId(driver, d9d7f0cabe65, 33851, None)
[2026-07-17T08:27:26.939+0000] {subprocess.py:93} INFO - 26/07/17 08:27:26 INFO BlockManagerMaster: Registered BlockManager BlockManagerId(driver, d9d7f0cabe65, 33851, None)
[2026-07-17T08:27:26.942+0000] {subprocess.py:93} INFO - 26/07/17 08:27:26 INFO BlockManager: Initialized BlockManager: BlockManagerId(driver, d9d7f0cabe65, 33851, None)
[2026-07-17T08:27:27.168+0000] {subprocess.py:93} INFO - 26/07/17 08:27:27 INFO StandaloneAppClient$ClientEndpoint: Executor updated: app-20260717082726-0055/1 is now RUNNING
[2026-07-17T08:27:27.180+0000] {subprocess.py:93} INFO - 26/07/17 08:27:27 INFO StandaloneAppClient$ClientEndpoint: Executor updated: app-20260717082726-0055/2 is now RUNNING
[2026-07-17T08:27:27.186+0000] {subprocess.py:93} INFO - 26/07/17 08:27:27 INFO StandaloneAppClient$ClientEndpoint: Executor updated: app-20260717082726-0055/0 is now RUNNING
[2026-07-17T08:27:27.457+0000] {subprocess.py:93} INFO - 26/07/17 08:27:27 INFO StandaloneSchedulerBackend: SchedulerBackend is ready for scheduling beginning after reached minRegisteredResourcesRatio: 0.0
[2026-07-17T08:27:27.933+0000] {subprocess.py:93} INFO - 26/07/17 08:27:27 INFO StandaloneAppClient$ClientEndpoint: Executor updated: app-20260717082726-0055/2 is now LOST (worker lost: Not receiving heartbeat for 60 seconds)
[2026-07-17T08:27:27.937+0000] {subprocess.py:93} INFO - 26/07/17 08:27:27 INFO StandaloneSchedulerBackend: Executor app-20260717082726-0055/2 removed: worker lost: Not receiving heartbeat for 60 seconds
[2026-07-17T08:27:27.990+0000] {subprocess.py:93} INFO - 26/07/17 08:27:27 INFO BlockManagerMaster: Removal of executor 2 requested
[2026-07-17T08:27:28.017+0000] {subprocess.py:93} INFO - 26/07/17 08:27:28 INFO StandaloneSchedulerBackend$StandaloneDriverEndpoint: Asked to remove non-existent executor 2
[2026-07-17T08:27:28.026+0000] {subprocess.py:93} INFO - 26/07/17 08:27:28 INFO StandaloneAppClient$ClientEndpoint: Master removed worker worker-20260716063602-172.18.0.5-44367: Not receiving heartbeat for 60 seconds
[2026-07-17T08:27:28.027+0000] {subprocess.py:93} INFO - 26/07/17 08:27:28 INFO StandaloneSchedulerBackend: Worker worker-20260716063602-172.18.0.5-44367 removed: Not receiving heartbeat for 60 seconds
[2026-07-17T08:27:28.033+0000] {subprocess.py:93} INFO - 26/07/17 08:27:28 INFO StandaloneAppClient$ClientEndpoint: Executor added: app-20260717082726-0055/3 on worker-20260716063602-172.18.0.6-33249 (172.18.0.6:33249) with 1 core(s)
[2026-07-17T08:27:28.035+0000] {subprocess.py:93} INFO - 26/07/17 08:27:28 INFO TaskSchedulerImpl: Handle removed worker worker-20260716063602-172.18.0.5-44367: Not receiving heartbeat for 60 seconds
[2026-07-17T08:27:28.036+0000] {subprocess.py:93} INFO - 26/07/17 08:27:28 INFO StandaloneSchedulerBackend: Granted executor ID app-20260717082726-0055/3 on hostPort 172.18.0.6:33249 with 1 core(s), 512.0 MiB RAM
[2026-07-17T08:27:28.038+0000] {subprocess.py:93} INFO - 26/07/17 08:27:28 INFO BlockManagerMasterEndpoint: Trying to remove executor 2 from BlockManagerMaster.
[2026-07-17T08:27:28.056+0000] {subprocess.py:93} INFO - 26/07/17 08:27:28 INFO DAGScheduler: Shuffle files lost for worker worker-20260716063602-172.18.0.5-44367 on host 172.18.0.5
[2026-07-17T08:27:28.321+0000] {subprocess.py:93} INFO - 26/07/17 08:27:28 INFO StandaloneAppClient$ClientEndpoint: Executor updated: app-20260717082726-0055/3 is now RUNNING
[2026-07-17T08:27:28.491+0000] {subprocess.py:93} INFO - Starting stream: orders -> /opt/data/bronze/orders
[2026-07-17T08:28:12.170+0000] {subprocess.py:93} INFO - 26/07/17 08:28:12 WARN ResolveWriteToStream: spark.sql.adaptive.enabled is not supported in streaming DataFrames/Datasets and will be disabled.
[2026-07-17T08:28:12.357+0000] {subprocess.py:93} INFO - Starting stream: customers -> /opt/data/bronze/customers
[2026-07-17T08:28:15.029+0000] {subprocess.py:93} INFO - 26/07/17 08:28:15 WARN AdminClientConfig: These configurations '[key.deserializer, value.deserializer, enable.auto.commit, max.poll.records, auto.offset.reset]' were supplied but are not used yet.
[2026-07-17T08:28:15.975+0000] {subprocess.py:93} INFO - 26/07/17 08:28:15 WARN ResolveWriteToStream: spark.sql.adaptive.enabled is not supported in streaming DataFrames/Datasets and will be disabled.
[2026-07-17T08:28:16.115+0000] {subprocess.py:93} INFO - Starting stream: products -> /opt/data/bronze/products
[2026-07-17T08:28:17.999+0000] {subprocess.py:93} INFO - 26/07/17 08:28:17 WARN AdminClientConfig: These configurations '[key.deserializer, value.deserializer, enable.auto.commit, max.poll.records, auto.offset.reset]' were supplied but are not used yet.
[2026-07-17T08:28:19.281+0000] {subprocess.py:93} INFO - 26/07/17 08:28:19 WARN ResolveWriteToStream: spark.sql.adaptive.enabled is not supported in streaming DataFrames/Datasets and will be disabled.
[2026-07-17T08:28:21.693+0000] {subprocess.py:93} INFO - 26/07/17 08:28:21 WARN AdminClientConfig: These configurations '[key.deserializer, value.deserializer, enable.auto.commit, max.poll.records, auto.offset.reset]' were supplied but are not used yet.
[2026-07-17T08:29:51.907+0000] {subprocess.py:97} INFO - Command exited with return code 124
[2026-07-17T08:29:51.910+0000] {taskinstance.py:441} INFO - ::group::Post task execution logs
[2026-07-17T08:29:51.932+0000] {taskinstance.py:2890} ERROR - Task failed with exception
Traceback (most recent call last):
  File "/home/airflow/.local/lib/python3.12/site-packages/airflow/models/taskinstance.py", line 465, in _execute_task
    result = _execute_callable(context=context, **execute_callable_kwargs)
             ^^^^^^^^^^^^^^^^^^^^^^^^^^^^^^^^^^^^^^^^^^^^^^^^^^^^^^^^^^^^^
  File "/home/airflow/.local/lib/python3.12/site-packages/airflow/models/taskinstance.py", line 432, in _execute_callable
    return execute_callable(context=context, **execute_callable_kwargs)
           ^^^^^^^^^^^^^^^^^^^^^^^^^^^^^^^^^^^^^^^^^^^^^^^^^^^^^^^^^^^^
  File "/home/airflow/.local/lib/python3.12/site-packages/airflow/models/baseoperator.py", line 400, in wrapper
    return func(self, *args, **kwargs)
           ^^^^^^^^^^^^^^^^^^^^^^^^^^^
  File "/home/airflow/.local/lib/python3.12/site-packages/airflow/operators/bash.py", line 243, in execute
    raise AirflowException(
airflow.exceptions.AirflowException: Bash command failed. The command returned a non-zero exit code 124.
[2026-07-17T08:29:51.959+0000] {taskinstance.py:1205} INFO - Marking task as UP_FOR_RETRY. dag_id=e-commerce_kafka_streaming_pipeline_v1, task_id=run_bronze, execution_date=20260717T060000, start_date=20260717T082720, end_date=20260717T082951
[2026-07-17T08:29:51.986+0000] {standard_task_runner.py:110} ERROR - Failed to execute job 117 for task run_bronze (Bash command failed. The command returned a non-zero exit code 124.; 3527)
[2026-07-17T08:29:52.030+0000] {local_task_job_runner.py:240} INFO - Task exited with return code 1
[2026-07-17T08:29:52.059+0000] {taskinstance.py:3482} INFO - 0 downstream tasks scheduled from follow-on schedule check
[2026-07-17T08:29:52.063+0000] {local_task_job_runner.py:222} INFO - ::endgroup::
