[2026-07-15T15:16:43.977+0000] {local_task_job_runner.py:120} INFO - ::group::Pre task execution logs
[2026-07-15T15:16:44.013+0000] {taskinstance.py:2073} INFO - Dependencies all met for dep_context=non-requeueable deps ti=<TaskInstance: e-commerce_kafka_streaming_pipeline_v1.run_silver scheduled__2026-07-15T14:00:00+00:00 [queued]>
[2026-07-15T15:16:44.023+0000] {taskinstance.py:2073} INFO - Dependencies all met for dep_context=requeueable deps ti=<TaskInstance: e-commerce_kafka_streaming_pipeline_v1.run_silver scheduled__2026-07-15T14:00:00+00:00 [queued]>
[2026-07-15T15:16:44.024+0000] {taskinstance.py:2303} INFO - Starting attempt 1 of 2
[2026-07-15T15:16:44.040+0000] {taskinstance.py:2327} INFO - Executing <Task(BashOperator): run_silver> on 2026-07-15 14:00:00+00:00
[2026-07-15T15:16:44.048+0000] {standard_task_runner.py:90} INFO - Running: ['***', 'tasks', 'run', 'e-commerce_kafka_streaming_pipeline_v1', 'run_silver', 'scheduled__2026-07-15T14:00:00+00:00', '--job-id', '21', '--raw', '--subdir', 'DAGS_FOLDER/sdp_pipeline_dag.py', '--cfg-path', '/tmp/tmp0nrdepf5']
[2026-07-15T15:16:44.051+0000] {logging_mixin.py:188} WARNING - /home/***/.local/lib/python3.12/site-packages/***/task/task_runner/standard_task_runner.py:61 DeprecationWarning: This process (pid=1229) is multi-threaded, use of fork() may lead to deadlocks in the child.
[2026-07-15T15:16:44.052+0000] {standard_task_runner.py:91} INFO - Job 21: Subtask run_silver
[2026-07-15T15:16:44.052+0000] {standard_task_runner.py:63} INFO - Started process 1230 to run task
[2026-07-15T15:16:44.114+0000] {task_command.py:426} INFO - Running <TaskInstance: e-commerce_kafka_streaming_pipeline_v1.run_silver scheduled__2026-07-15T14:00:00+00:00 [running]> on host 1491dce99886
[2026-07-15T15:16:44.192+0000] {taskinstance.py:2644} INFO - Exporting env vars: AIRFLOW_CTX_DAG_OWNER='dev' AIRFLOW_CTX_DAG_ID='e-commerce_kafka_streaming_pipeline_v1' AIRFLOW_CTX_TASK_ID='run_silver' AIRFLOW_CTX_EXECUTION_DATE='2026-07-15T14:00:00+00:00' AIRFLOW_CTX_TRY_NUMBER='1' AIRFLOW_CTX_DAG_RUN_ID='scheduled__2026-07-15T14:00:00+00:00'
[2026-07-15T15:16:44.193+0000] {taskinstance.py:430} INFO - ::endgroup::
[2026-07-15T15:16:44.208+0000] {subprocess.py:63} INFO - Tmp dir root location: /tmp
[2026-07-15T15:16:44.210+0000] {subprocess.py:75} INFO - Running command: ['/usr/bin/bash', '-c', 'timeout 150s docker run --rm --network streaming_kafka_project_sdp-net --volume /d/Streaming_kafka_project/pipelines:/opt/pipelines --volume /d/Streaming_kafka_project/data:/opt/data --volume /d/Streaming_kafka_project/checkpoints:/opt/checkpoints --volume /d/Streaming_kafka_project/jars:/opt/jars apache/spark:3.5.1 /opt/spark/bin/spark-submit --master spark://sdp-spark-master:7077 --executor-cores 1 --executor-memory 512m --total-executor-cores 3 --jars /opt/jars/delta-spark_2.12-3.2.0.jar,/opt/jars/delta-storage-3.2.0.jar,/opt/jars/spark-sql-kafka-0-10_2.12-3.5.1.jar,/opt/jars/kafka-clients-3.4.1.jar,/opt/jars/spark-token-provider-kafka-0-10_2.12-3.5.1.jar,/opt/jars/commons-pool2-2.11.1.jar --conf spark.sql.extensions=io.delta.sql.DeltaSparkSessionExtension --conf spark.sql.catalog.spark_catalog=org.apache.spark.sql.delta.catalog.DeltaCatalog  /opt/pipelines/silver_runner.py']
[2026-07-15T15:16:44.220+0000] {subprocess.py:86} INFO - Output:
[2026-07-15T15:16:46.864+0000] {subprocess.py:93} INFO - 26/07/15 15:16:46 WARN NativeCodeLoader: Unable to load native-hadoop library for your platform... using builtin-java classes where applicable
[2026-07-15T15:16:47.825+0000] {subprocess.py:93} INFO - 26/07/15 15:16:47 INFO SparkContext: Running Spark version 3.5.1
[2026-07-15T15:16:47.826+0000] {subprocess.py:93} INFO - 26/07/15 15:16:47 INFO SparkContext: OS info Linux, 6.18.33.2-microsoft-standard-WSL2, amd64
[2026-07-15T15:16:47.827+0000] {subprocess.py:93} INFO - 26/07/15 15:16:47 INFO SparkContext: Java version 11.0.22
[2026-07-15T15:16:47.857+0000] {subprocess.py:93} INFO - 26/07/15 15:16:47 INFO ResourceUtils: ==============================================================
[2026-07-15T15:16:47.858+0000] {subprocess.py:93} INFO - 26/07/15 15:16:47 INFO ResourceUtils: No custom resources configured for spark.driver.
[2026-07-15T15:16:47.859+0000] {subprocess.py:93} INFO - 26/07/15 15:16:47 INFO ResourceUtils: ==============================================================
[2026-07-15T15:16:47.860+0000] {subprocess.py:93} INFO - 26/07/15 15:16:47 INFO SparkContext: Submitted application: SDP-Silver
[2026-07-15T15:16:47.888+0000] {subprocess.py:93} INFO - 26/07/15 15:16:47 INFO ResourceProfile: Default ResourceProfile created, executor resources: Map(cores -> name: cores, amount: 1, script: , vendor: , memory -> name: memory, amount: 512, script: , vendor: , offHeap -> name: offHeap, amount: 0, script: , vendor: ), task resources: Map(cpus -> name: cpus, amount: 1.0)
[2026-07-15T15:16:47.904+0000] {subprocess.py:93} INFO - 26/07/15 15:16:47 INFO ResourceProfile: Limiting resource is cpus at 1 tasks per executor
[2026-07-15T15:16:47.908+0000] {subprocess.py:93} INFO - 26/07/15 15:16:47 INFO ResourceProfileManager: Added ResourceProfile id: 0
[2026-07-15T15:16:47.986+0000] {subprocess.py:93} INFO - 26/07/15 15:16:47 INFO SecurityManager: Changing view acls to: spark
[2026-07-15T15:16:47.987+0000] {subprocess.py:93} INFO - 26/07/15 15:16:47 INFO SecurityManager: Changing modify acls to: spark
[2026-07-15T15:16:47.988+0000] {subprocess.py:93} INFO - 26/07/15 15:16:47 INFO SecurityManager: Changing view acls groups to:
[2026-07-15T15:16:47.989+0000] {subprocess.py:93} INFO - 26/07/15 15:16:47 INFO SecurityManager: Changing modify acls groups to:
[2026-07-15T15:16:47.990+0000] {subprocess.py:93} INFO - 26/07/15 15:16:47 INFO SecurityManager: SecurityManager: authentication disabled; ui acls disabled; users with view permissions: spark; groups with view permissions: EMPTY; users with modify permissions: spark; groups with modify permissions: EMPTY
[2026-07-15T15:16:48.285+0000] {subprocess.py:93} INFO - 26/07/15 15:16:48 INFO Utils: Successfully started service 'sparkDriver' on port 42143.
[2026-07-15T15:16:48.344+0000] {subprocess.py:93} INFO - 26/07/15 15:16:48 INFO SparkEnv: Registering MapOutputTracker
[2026-07-15T15:16:48.391+0000] {subprocess.py:93} INFO - 26/07/15 15:16:48 INFO SparkEnv: Registering BlockManagerMaster
[2026-07-15T15:16:48.410+0000] {subprocess.py:93} INFO - 26/07/15 15:16:48 INFO BlockManagerMasterEndpoint: Using org.apache.spark.storage.DefaultTopologyMapper for getting topology information
[2026-07-15T15:16:48.411+0000] {subprocess.py:93} INFO - 26/07/15 15:16:48 INFO BlockManagerMasterEndpoint: BlockManagerMasterEndpoint up
[2026-07-15T15:16:48.416+0000] {subprocess.py:93} INFO - 26/07/15 15:16:48 INFO SparkEnv: Registering BlockManagerMasterHeartbeat
[2026-07-15T15:16:48.442+0000] {subprocess.py:93} INFO - 26/07/15 15:16:48 INFO DiskBlockManager: Created local directory at /tmp/blockmgr-ed2a90ee-24de-4716-8085-242bdd6ad467
[2026-07-15T15:16:48.459+0000] {subprocess.py:93} INFO - 26/07/15 15:16:48 INFO MemoryStore: MemoryStore started with capacity 434.4 MiB
[2026-07-15T15:16:48.482+0000] {subprocess.py:93} INFO - 26/07/15 15:16:48 INFO SparkEnv: Registering OutputCommitCoordinator
[2026-07-15T15:16:48.679+0000] {subprocess.py:93} INFO - 26/07/15 15:16:48 INFO JettyUtils: Start Jetty 0.0.0.0:4040 for SparkUI
[2026-07-15T15:16:48.765+0000] {subprocess.py:93} INFO - 26/07/15 15:16:48 INFO Utils: Successfully started service 'SparkUI' on port 4040.
[2026-07-15T15:16:48.820+0000] {subprocess.py:93} INFO - 26/07/15 15:16:48 INFO SparkContext: Added JAR file:///opt/jars/delta-spark_2.12-3.2.0.jar at spark://c39542fde3a8:42143/jars/delta-spark_2.12-3.2.0.jar with timestamp 1784128607816
[2026-07-15T15:16:48.821+0000] {subprocess.py:93} INFO - 26/07/15 15:16:48 INFO SparkContext: Added JAR file:///opt/jars/delta-storage-3.2.0.jar at spark://c39542fde3a8:42143/jars/delta-storage-3.2.0.jar with timestamp 1784128607816
[2026-07-15T15:16:48.823+0000] {subprocess.py:93} INFO - 26/07/15 15:16:48 INFO SparkContext: Added JAR file:///opt/jars/spark-sql-kafka-0-10_2.12-3.5.1.jar at spark://c39542fde3a8:42143/jars/spark-sql-kafka-0-10_2.12-3.5.1.jar with timestamp 1784128607816
[2026-07-15T15:16:48.824+0000] {subprocess.py:93} INFO - 26/07/15 15:16:48 INFO SparkContext: Added JAR file:///opt/jars/kafka-clients-3.4.1.jar at spark://c39542fde3a8:42143/jars/kafka-clients-3.4.1.jar with timestamp 1784128607816
[2026-07-15T15:16:48.826+0000] {subprocess.py:93} INFO - 26/07/15 15:16:48 INFO SparkContext: Added JAR file:///opt/jars/spark-token-provider-kafka-0-10_2.12-3.5.1.jar at spark://c39542fde3a8:42143/jars/spark-token-provider-kafka-0-10_2.12-3.5.1.jar with timestamp 1784128607816
[2026-07-15T15:16:48.827+0000] {subprocess.py:93} INFO - 26/07/15 15:16:48 INFO SparkContext: Added JAR file:///opt/jars/commons-pool2-2.11.1.jar at spark://c39542fde3a8:42143/jars/commons-pool2-2.11.1.jar with timestamp 1784128607816
[2026-07-15T15:16:48.939+0000] {subprocess.py:93} INFO - 26/07/15 15:16:48 INFO StandaloneAppClient$ClientEndpoint: Connecting to master spark://sdp-spark-master:7077...
[2026-07-15T15:16:49.023+0000] {subprocess.py:93} INFO - 26/07/15 15:16:49 INFO TransportClientFactory: Successfully created connection to sdp-spark-master/172.18.0.3:7077 after 45 ms (0 ms spent in bootstraps)
[2026-07-15T15:16:49.157+0000] {subprocess.py:93} INFO - 26/07/15 15:16:49 INFO StandaloneSchedulerBackend: Connected to Spark cluster with app ID app-20260715151649-0007
[2026-07-15T15:16:49.165+0000] {subprocess.py:93} INFO - 26/07/15 15:16:49 INFO StandaloneAppClient$ClientEndpoint: Executor added: app-20260715151649-0007/0 on worker-20260715140648-172.18.0.6-34411 (172.18.0.6:34411) with 1 core(s)
[2026-07-15T15:16:49.168+0000] {subprocess.py:93} INFO - 26/07/15 15:16:49 INFO StandaloneSchedulerBackend: Granted executor ID app-20260715151649-0007/0 on hostPort 172.18.0.6:34411 with 1 core(s), 512.0 MiB RAM
[2026-07-15T15:16:49.172+0000] {subprocess.py:93} INFO - 26/07/15 15:16:49 INFO StandaloneAppClient$ClientEndpoint: Executor added: app-20260715151649-0007/1 on worker-20260715140648-172.18.0.6-34411 (172.18.0.6:34411) with 1 core(s)
[2026-07-15T15:16:49.174+0000] {subprocess.py:93} INFO - 26/07/15 15:16:49 INFO StandaloneSchedulerBackend: Granted executor ID app-20260715151649-0007/1 on hostPort 172.18.0.6:34411 with 1 core(s), 512.0 MiB RAM
[2026-07-15T15:16:49.178+0000] {subprocess.py:93} INFO - 26/07/15 15:16:49 INFO StandaloneAppClient$ClientEndpoint: Executor added: app-20260715151649-0007/2 on worker-20260715140648-172.18.0.5-43879 (172.18.0.5:43879) with 1 core(s)
[2026-07-15T15:16:49.182+0000] {subprocess.py:93} INFO - 26/07/15 15:16:49 INFO StandaloneSchedulerBackend: Granted executor ID app-20260715151649-0007/2 on hostPort 172.18.0.5:43879 with 1 core(s), 512.0 MiB RAM
[2026-07-15T15:16:49.194+0000] {subprocess.py:93} INFO - 26/07/15 15:16:49 INFO Utils: Successfully started service 'org.apache.spark.network.netty.NettyBlockTransferService' on port 43365.
[2026-07-15T15:16:49.196+0000] {subprocess.py:93} INFO - 26/07/15 15:16:49 INFO NettyBlockTransferService: Server created on c39542fde3a8:43365
[2026-07-15T15:16:49.204+0000] {subprocess.py:93} INFO - 26/07/15 15:16:49 INFO BlockManager: Using org.apache.spark.storage.RandomBlockReplicationPolicy for block replication policy
[2026-07-15T15:16:49.209+0000] {subprocess.py:93} INFO - 26/07/15 15:16:49 INFO BlockManagerMaster: Registering BlockManager BlockManagerId(driver, c39542fde3a8, 43365, None)
[2026-07-15T15:16:49.216+0000] {subprocess.py:93} INFO - 26/07/15 15:16:49 INFO BlockManagerMasterEndpoint: Registering block manager c39542fde3a8:43365 with 434.4 MiB RAM, BlockManagerId(driver, c39542fde3a8, 43365, None)
[2026-07-15T15:16:49.220+0000] {subprocess.py:93} INFO - 26/07/15 15:16:49 INFO BlockManagerMaster: Registered BlockManager BlockManagerId(driver, c39542fde3a8, 43365, None)
[2026-07-15T15:16:49.223+0000] {subprocess.py:93} INFO - 26/07/15 15:16:49 INFO BlockManager: Initialized BlockManager: BlockManagerId(driver, c39542fde3a8, 43365, None)
[2026-07-15T15:16:49.324+0000] {subprocess.py:93} INFO - 26/07/15 15:16:49 INFO StandaloneAppClient$ClientEndpoint: Executor updated: app-20260715151649-0007/1 is now RUNNING
[2026-07-15T15:16:49.332+0000] {subprocess.py:93} INFO - 26/07/15 15:16:49 INFO StandaloneAppClient$ClientEndpoint: Executor updated: app-20260715151649-0007/0 is now RUNNING
[2026-07-15T15:16:49.342+0000] {subprocess.py:93} INFO - 26/07/15 15:16:49 INFO StandaloneAppClient$ClientEndpoint: Executor updated: app-20260715151649-0007/2 is now RUNNING
[2026-07-15T15:16:49.725+0000] {subprocess.py:93} INFO - 26/07/15 15:16:49 INFO StandaloneSchedulerBackend: SchedulerBackend is ready for scheduling beginning after reached minRegisteredResourcesRatio: 0.0
[2026-07-15T15:16:50.349+0000] {subprocess.py:93} INFO - Starting silver stream: orders --->>  /opt/data/silver/orders
[2026-07-15T15:17:09.152+0000] {subprocess.py:93} INFO - 26/07/15 15:17:09 WARN ResolveWriteToStream: spark.sql.adaptive.enabled is not supported in streaming DataFrames/Datasets and will be disabled.
[2026-07-15T15:17:09.394+0000] {subprocess.py:93} INFO - Silver stream started: /opt/data/bronze/orders --->> /opt/data/silver/orders
[2026-07-15T15:17:09.403+0000] {subprocess.py:93} INFO - Starting silver stream: customers --->>  /opt/data/silver/customers
[2026-07-15T15:17:11.791+0000] {subprocess.py:93} INFO - 26/07/15 15:17:11 WARN ResolveWriteToStream: spark.sql.adaptive.enabled is not supported in streaming DataFrames/Datasets and will be disabled.
[2026-07-15T15:17:12.033+0000] {subprocess.py:93} INFO - Silver stream started: /opt/data/bronze/customers --->> /opt/data/silver/customers
[2026-07-15T15:17:12.062+0000] {subprocess.py:93} INFO - Starting silver stream: products --->>  /opt/data/silver/products
[2026-07-15T15:17:14.320+0000] {subprocess.py:93} INFO - 26/07/15 15:17:14 WARN ResolveWriteToStream: spark.sql.adaptive.enabled is not supported in streaming DataFrames/Datasets and will be disabled.
[2026-07-15T15:17:14.502+0000] {subprocess.py:93} INFO - Silver stream started: /opt/data/bronze/products --->> /opt/data/silver/products
[2026-07-15T15:17:16.016+0000] {subprocess.py:93} INFO - 26/07/15 15:17:16 WARN SparkStringUtils: Truncated the string representation of a plan since it was too large. This behavior can be adjusted by setting 'spark.sql.debug.maxToStringFields'.
[2026-07-15T15:18:48.209+0000] {subprocess.py:97} INFO - Command exited with return code 0
[2026-07-15T15:18:48.212+0000] {taskinstance.py:441} INFO - ::group::Post task execution logs
[2026-07-15T15:18:48.260+0000] {taskinstance.py:1205} INFO - Marking task as SUCCESS. dag_id=e-commerce_kafka_streaming_pipeline_v1, task_id=run_silver, execution_date=20260715T140000, start_date=20260715T151644, end_date=20260715T151848
[2026-07-15T15:18:48.316+0000] {local_task_job_runner.py:240} INFO - Task exited with return code 0
[2026-07-15T15:18:48.351+0000] {taskinstance.py:3482} INFO - 1 downstream tasks scheduled from follow-on schedule check
[2026-07-15T15:18:48.355+0000] {local_task_job_runner.py:222} INFO - ::endgroup::
