[2026-07-17T10:50:12.883+0000] {local_task_job_runner.py:120} INFO - ::group::Pre task execution logs
[2026-07-17T10:50:12.949+0000] {taskinstance.py:2073} INFO - Dependencies all met for dep_context=non-requeueable deps ti=<TaskInstance: e-commerce_kafka_streaming_pipeline_v1.run_gold scheduled__2026-07-17T08:00:00+00:00 [queued]>
[2026-07-17T10:50:12.971+0000] {taskinstance.py:2073} INFO - Dependencies all met for dep_context=requeueable deps ti=<TaskInstance: e-commerce_kafka_streaming_pipeline_v1.run_gold scheduled__2026-07-17T08:00:00+00:00 [queued]>
[2026-07-17T10:50:12.973+0000] {taskinstance.py:2303} INFO - Starting attempt 1 of 2
[2026-07-17T10:50:13.007+0000] {taskinstance.py:2327} INFO - Executing <Task(BashOperator): run_gold> on 2026-07-17 08:00:00+00:00
[2026-07-17T10:50:13.023+0000] {standard_task_runner.py:90} INFO - Running: ['***', 'tasks', 'run', 'e-commerce_kafka_streaming_pipeline_v1', 'run_gold', 'scheduled__2026-07-17T08:00:00+00:00', '--job-id', '139', '--raw', '--subdir', 'DAGS_FOLDER/sdp_pipeline_dag.py', '--cfg-path', '/tmp/tmp4y3o0q28']
[2026-07-17T10:50:13.028+0000] {standard_task_runner.py:91} INFO - Job 139: Subtask run_gold
[2026-07-17T10:50:13.035+0000] {logging_mixin.py:188} WARNING - /home/***/.local/lib/python3.12/site-packages/***/task/task_runner/standard_task_runner.py:61 DeprecationWarning: This process (pid=3956) is multi-threaded, use of fork() may lead to deadlocks in the child.
[2026-07-17T10:50:13.037+0000] {standard_task_runner.py:63} INFO - Started process 3957 to run task
[2026-07-17T10:50:13.109+0000] {task_command.py:426} INFO - Running <TaskInstance: e-commerce_kafka_streaming_pipeline_v1.run_gold scheduled__2026-07-17T08:00:00+00:00 [running]> on host da27550080bf
[2026-07-17T10:50:13.211+0000] {taskinstance.py:2644} INFO - Exporting env vars: AIRFLOW_CTX_DAG_OWNER='dev' AIRFLOW_CTX_DAG_ID='e-commerce_kafka_streaming_pipeline_v1' AIRFLOW_CTX_TASK_ID='run_gold' AIRFLOW_CTX_EXECUTION_DATE='2026-07-17T08:00:00+00:00' AIRFLOW_CTX_TRY_NUMBER='1' AIRFLOW_CTX_DAG_RUN_ID='scheduled__2026-07-17T08:00:00+00:00'
[2026-07-17T10:50:13.213+0000] {taskinstance.py:430} INFO - ::endgroup::
[2026-07-17T10:50:13.234+0000] {subprocess.py:63} INFO - Tmp dir root location: /tmp
[2026-07-17T10:50:13.236+0000] {subprocess.py:75} INFO - Running command: ['/usr/bin/bash', '-c', 'docker run --rm --network streaming_kafka_project_sdp-net --volume /d/Streaming_kafka_project/pipelines:/opt/pipelines --volume /d/Streaming_kafka_project/data:/opt/data --volume /d/Streaming_kafka_project/checkpoints:/opt/checkpoints --volume /d/Streaming_kafka_project/jars:/opt/jars apache/spark:3.5.1 /opt/spark/bin/spark-submit --master spark://sdp-spark-master:7077 --executor-cores 1 --executor-memory 512m --total-executor-cores 3 --jars /opt/jars/delta-spark_2.12-3.2.0.jar,/opt/jars/delta-storage-3.2.0.jar,/opt/jars/spark-sql-kafka-0-10_2.12-3.5.1.jar,/opt/jars/kafka-clients-3.4.1.jar,/opt/jars/spark-token-provider-kafka-0-10_2.12-3.5.1.jar,/opt/jars/commons-pool2-2.11.1.jar --conf spark.sql.extensions=io.delta.sql.DeltaSparkSessionExtension --conf spark.sql.catalog.spark_catalog=org.apache.spark.sql.delta.catalog.DeltaCatalog  /opt/pipelines/gold_runner.py']
[2026-07-17T10:50:13.248+0000] {subprocess.py:86} INFO - Output:
[2026-07-17T10:50:16.143+0000] {subprocess.py:93} INFO - 26/07/17 10:50:16 WARN NativeCodeLoader: Unable to load native-hadoop library for your platform... using builtin-java classes where applicable
[2026-07-17T10:50:17.522+0000] {subprocess.py:93} INFO - 26/07/17 10:50:17 INFO SparkContext: Running Spark version 3.5.1
[2026-07-17T10:50:17.524+0000] {subprocess.py:93} INFO - 26/07/17 10:50:17 INFO SparkContext: OS info Linux, 6.18.33.2-microsoft-standard-WSL2, amd64
[2026-07-17T10:50:17.526+0000] {subprocess.py:93} INFO - 26/07/17 10:50:17 INFO SparkContext: Java version 11.0.22
[2026-07-17T10:50:17.617+0000] {subprocess.py:93} INFO - 26/07/17 10:50:17 INFO ResourceUtils: ==============================================================
[2026-07-17T10:50:17.620+0000] {subprocess.py:93} INFO - 26/07/17 10:50:17 INFO ResourceUtils: No custom resources configured for spark.driver.
[2026-07-17T10:50:17.622+0000] {subprocess.py:93} INFO - 26/07/17 10:50:17 INFO ResourceUtils: ==============================================================
[2026-07-17T10:50:17.623+0000] {subprocess.py:93} INFO - 26/07/17 10:50:17 INFO SparkContext: Submitted application: SDP-Gold
[2026-07-17T10:50:17.688+0000] {subprocess.py:93} INFO - 26/07/17 10:50:17 INFO ResourceProfile: Default ResourceProfile created, executor resources: Map(cores -> name: cores, amount: 1, script: , vendor: , memory -> name: memory, amount: 512, script: , vendor: , offHeap -> name: offHeap, amount: 0, script: , vendor: ), task resources: Map(cpus -> name: cpus, amount: 1.0)
[2026-07-17T10:50:17.730+0000] {subprocess.py:93} INFO - 26/07/17 10:50:17 INFO ResourceProfile: Limiting resource is cpus at 1 tasks per executor
[2026-07-17T10:50:17.734+0000] {subprocess.py:93} INFO - 26/07/17 10:50:17 INFO ResourceProfileManager: Added ResourceProfile id: 0
[2026-07-17T10:50:17.890+0000] {subprocess.py:93} INFO - 26/07/17 10:50:17 INFO SecurityManager: Changing view acls to: spark
[2026-07-17T10:50:17.894+0000] {subprocess.py:93} INFO - 26/07/17 10:50:17 INFO SecurityManager: Changing modify acls to: spark
[2026-07-17T10:50:17.898+0000] {subprocess.py:93} INFO - 26/07/17 10:50:17 INFO SecurityManager: Changing view acls groups to:
[2026-07-17T10:50:17.901+0000] {subprocess.py:93} INFO - 26/07/17 10:50:17 INFO SecurityManager: Changing modify acls groups to:
[2026-07-17T10:50:17.904+0000] {subprocess.py:93} INFO - 26/07/17 10:50:17 INFO SecurityManager: SecurityManager: authentication disabled; ui acls disabled; users with view permissions: spark; groups with view permissions: EMPTY; users with modify permissions: spark; groups with modify permissions: EMPTY
[2026-07-17T10:50:18.280+0000] {subprocess.py:93} INFO - 26/07/17 10:50:18 INFO Utils: Successfully started service 'sparkDriver' on port 39697.
[2026-07-17T10:50:18.323+0000] {subprocess.py:93} INFO - 26/07/17 10:50:18 INFO SparkEnv: Registering MapOutputTracker
[2026-07-17T10:50:18.379+0000] {subprocess.py:93} INFO - 26/07/17 10:50:18 INFO SparkEnv: Registering BlockManagerMaster
[2026-07-17T10:50:18.401+0000] {subprocess.py:93} INFO - 26/07/17 10:50:18 INFO BlockManagerMasterEndpoint: Using org.apache.spark.storage.DefaultTopologyMapper for getting topology information
[2026-07-17T10:50:18.403+0000] {subprocess.py:93} INFO - 26/07/17 10:50:18 INFO BlockManagerMasterEndpoint: BlockManagerMasterEndpoint up
[2026-07-17T10:50:18.409+0000] {subprocess.py:93} INFO - 26/07/17 10:50:18 INFO SparkEnv: Registering BlockManagerMasterHeartbeat
[2026-07-17T10:50:18.444+0000] {subprocess.py:93} INFO - 26/07/17 10:50:18 INFO DiskBlockManager: Created local directory at /tmp/blockmgr-ff94f746-a407-48b4-9587-544bf6beedae
[2026-07-17T10:50:18.462+0000] {subprocess.py:93} INFO - 26/07/17 10:50:18 INFO MemoryStore: MemoryStore started with capacity 434.4 MiB
[2026-07-17T10:50:18.485+0000] {subprocess.py:93} INFO - 26/07/17 10:50:18 INFO SparkEnv: Registering OutputCommitCoordinator
[2026-07-17T10:50:18.671+0000] {subprocess.py:93} INFO - 26/07/17 10:50:18 INFO JettyUtils: Start Jetty 0.0.0.0:4040 for SparkUI
[2026-07-17T10:50:18.781+0000] {subprocess.py:93} INFO - 26/07/17 10:50:18 INFO Utils: Successfully started service 'SparkUI' on port 4040.
[2026-07-17T10:50:18.848+0000] {subprocess.py:93} INFO - 26/07/17 10:50:18 INFO SparkContext: Added JAR file:///opt/jars/delta-spark_2.12-3.2.0.jar at spark://54a636b0a41b:39697/jars/delta-spark_2.12-3.2.0.jar with timestamp 1784285417499
[2026-07-17T10:50:18.850+0000] {subprocess.py:93} INFO - 26/07/17 10:50:18 INFO SparkContext: Added JAR file:///opt/jars/delta-storage-3.2.0.jar at spark://54a636b0a41b:39697/jars/delta-storage-3.2.0.jar with timestamp 1784285417499
[2026-07-17T10:50:18.851+0000] {subprocess.py:93} INFO - 26/07/17 10:50:18 INFO SparkContext: Added JAR file:///opt/jars/spark-sql-kafka-0-10_2.12-3.5.1.jar at spark://54a636b0a41b:39697/jars/spark-sql-kafka-0-10_2.12-3.5.1.jar with timestamp 1784285417499
[2026-07-17T10:50:18.852+0000] {subprocess.py:93} INFO - 26/07/17 10:50:18 INFO SparkContext: Added JAR file:///opt/jars/kafka-clients-3.4.1.jar at spark://54a636b0a41b:39697/jars/kafka-clients-3.4.1.jar with timestamp 1784285417499
[2026-07-17T10:50:18.853+0000] {subprocess.py:93} INFO - 26/07/17 10:50:18 INFO SparkContext: Added JAR file:///opt/jars/spark-token-provider-kafka-0-10_2.12-3.5.1.jar at spark://54a636b0a41b:39697/jars/spark-token-provider-kafka-0-10_2.12-3.5.1.jar with timestamp 1784285417499
[2026-07-17T10:50:18.855+0000] {subprocess.py:93} INFO - 26/07/17 10:50:18 INFO SparkContext: Added JAR file:///opt/jars/commons-pool2-2.11.1.jar at spark://54a636b0a41b:39697/jars/commons-pool2-2.11.1.jar with timestamp 1784285417499
[2026-07-17T10:50:18.980+0000] {subprocess.py:93} INFO - 26/07/17 10:50:18 INFO StandaloneAppClient$ClientEndpoint: Connecting to master spark://sdp-spark-master:7077...
[2026-07-17T10:50:19.093+0000] {subprocess.py:93} INFO - 26/07/17 10:50:19 INFO TransportClientFactory: Successfully created connection to sdp-spark-master/172.18.0.4:7077 after 70 ms (0 ms spent in bootstraps)
[2026-07-17T10:50:19.205+0000] {subprocess.py:93} INFO - 26/07/17 10:50:19 INFO StandaloneSchedulerBackend: Connected to Spark cluster with app ID app-20260717105019-0066
[2026-07-17T10:50:19.208+0000] {subprocess.py:93} INFO - 26/07/17 10:50:19 INFO StandaloneAppClient$ClientEndpoint: Executor added: app-20260717105019-0066/0 on worker-20260716063602-172.18.0.6-33249 (172.18.0.6:33249) with 1 core(s)
[2026-07-17T10:50:19.213+0000] {subprocess.py:93} INFO - 26/07/17 10:50:19 INFO StandaloneSchedulerBackend: Granted executor ID app-20260717105019-0066/0 on hostPort 172.18.0.6:33249 with 1 core(s), 512.0 MiB RAM
[2026-07-17T10:50:19.215+0000] {subprocess.py:93} INFO - 26/07/17 10:50:19 INFO StandaloneAppClient$ClientEndpoint: Executor added: app-20260717105019-0066/1 on worker-20260716063602-172.18.0.6-33249 (172.18.0.6:33249) with 1 core(s)
[2026-07-17T10:50:19.217+0000] {subprocess.py:93} INFO - 26/07/17 10:50:19 INFO StandaloneSchedulerBackend: Granted executor ID app-20260717105019-0066/1 on hostPort 172.18.0.6:33249 with 1 core(s), 512.0 MiB RAM
[2026-07-17T10:50:19.218+0000] {subprocess.py:93} INFO - 26/07/17 10:50:19 INFO StandaloneAppClient$ClientEndpoint: Executor added: app-20260717105019-0066/2 on worker-20260716063602-172.18.0.5-44367 (172.18.0.5:44367) with 1 core(s)
[2026-07-17T10:50:19.220+0000] {subprocess.py:93} INFO - 26/07/17 10:50:19 INFO StandaloneSchedulerBackend: Granted executor ID app-20260717105019-0066/2 on hostPort 172.18.0.5:44367 with 1 core(s), 512.0 MiB RAM
[2026-07-17T10:50:19.229+0000] {subprocess.py:93} INFO - 26/07/17 10:50:19 INFO Utils: Successfully started service 'org.apache.spark.network.netty.NettyBlockTransferService' on port 37655.
[2026-07-17T10:50:19.231+0000] {subprocess.py:93} INFO - 26/07/17 10:50:19 INFO NettyBlockTransferService: Server created on 54a636b0a41b:37655
[2026-07-17T10:50:19.235+0000] {subprocess.py:93} INFO - 26/07/17 10:50:19 INFO BlockManager: Using org.apache.spark.storage.RandomBlockReplicationPolicy for block replication policy
[2026-07-17T10:50:19.253+0000] {subprocess.py:93} INFO - 26/07/17 10:50:19 INFO BlockManagerMaster: Registering BlockManager BlockManagerId(driver, 54a636b0a41b, 37655, None)
[2026-07-17T10:50:19.260+0000] {subprocess.py:93} INFO - 26/07/17 10:50:19 INFO BlockManagerMasterEndpoint: Registering block manager 54a636b0a41b:37655 with 434.4 MiB RAM, BlockManagerId(driver, 54a636b0a41b, 37655, None)
[2026-07-17T10:50:19.281+0000] {subprocess.py:93} INFO - 26/07/17 10:50:19 INFO BlockManagerMaster: Registered BlockManager BlockManagerId(driver, 54a636b0a41b, 37655, None)
[2026-07-17T10:50:19.290+0000] {subprocess.py:93} INFO - 26/07/17 10:50:19 INFO BlockManager: Initialized BlockManager: BlockManagerId(driver, 54a636b0a41b, 37655, None)
[2026-07-17T10:50:19.316+0000] {subprocess.py:93} INFO - 26/07/17 10:50:19 INFO StandaloneAppClient$ClientEndpoint: Executor updated: app-20260717105019-0066/0 is now RUNNING
[2026-07-17T10:50:19.318+0000] {subprocess.py:93} INFO - 26/07/17 10:50:19 INFO StandaloneAppClient$ClientEndpoint: Executor updated: app-20260717105019-0066/1 is now RUNNING
[2026-07-17T10:50:19.336+0000] {subprocess.py:93} INFO - 26/07/17 10:50:19 INFO StandaloneAppClient$ClientEndpoint: Executor updated: app-20260717105019-0066/2 is now RUNNING
[2026-07-17T10:50:19.889+0000] {subprocess.py:93} INFO - 26/07/17 10:50:19 INFO StandaloneSchedulerBackend: SchedulerBackend is ready for scheduling beginning after reached minRegisteredResourcesRatio: 0.0
[2026-07-17T10:50:53.666+0000] {subprocess.py:93} INFO - 26/07/17 10:50:53 WARN SparkStringUtils: Truncated the string representation of a plan since it was too large. This behavior can be adjusted by setting 'spark.sql.debug.maxToStringFields'.
[2026-07-17T10:51:52.086+0000] {subprocess.py:93} INFO - Gold table written: /opt/data/gold/daily_sales  (4 rows)
[2026-07-17T10:52:06.637+0000] {subprocess.py:93} INFO - Gold table written: /opt/data/gold/product_performance  (10 rows)
[2026-07-17T10:52:24.016+0000] {subprocess.py:93} INFO - Gold table written: /opt/data/gold/customer_orders  (5 rows)
[2026-07-17T10:52:24.019+0000] {subprocess.py:93} INFO - 
[2026-07-17T10:52:24.022+0000] {subprocess.py:93} INFO - Gold pipeline complete.
[2026-07-17T10:52:24.849+0000] {subprocess.py:97} INFO - Command exited with return code 0
[2026-07-17T10:52:24.853+0000] {taskinstance.py:441} INFO - ::group::Post task execution logs
[2026-07-17T10:52:24.896+0000] {taskinstance.py:1205} INFO - Marking task as SUCCESS. dag_id=e-commerce_kafka_streaming_pipeline_v1, task_id=run_gold, execution_date=20260717T080000, start_date=20260717T105012, end_date=20260717T105224
[2026-07-17T10:52:24.932+0000] {local_task_job_runner.py:240} INFO - Task exited with return code 0
[2026-07-17T10:52:24.962+0000] {taskinstance.py:3482} INFO - 1 downstream tasks scheduled from follow-on schedule check
[2026-07-17T10:52:24.966+0000] {local_task_job_runner.py:222} INFO - ::endgroup::
