[2026-07-15T12:58:24.091+0000] {local_task_job_runner.py:120} INFO - ::group::Pre task execution logs
[2026-07-15T12:58:24.150+0000] {taskinstance.py:2073} INFO - Dependencies all met for dep_context=non-requeueable deps ti=<TaskInstance: e-commerce_kafka_streaming_pipeline_v1.run_silver scheduled__2026-07-15T10:00:00+00:00 [queued]>
[2026-07-15T12:58:24.167+0000] {taskinstance.py:2073} INFO - Dependencies all met for dep_context=requeueable deps ti=<TaskInstance: e-commerce_kafka_streaming_pipeline_v1.run_silver scheduled__2026-07-15T10:00:00+00:00 [queued]>
[2026-07-15T12:58:24.172+0000] {taskinstance.py:2303} INFO - Starting attempt 1 of 2
[2026-07-15T12:58:24.193+0000] {taskinstance.py:2327} INFO - Executing <Task(BashOperator): run_silver> on 2026-07-15 10:00:00+00:00
[2026-07-15T12:58:24.207+0000] {standard_task_runner.py:90} INFO - Running: ['***', 'tasks', 'run', 'e-commerce_kafka_streaming_pipeline_v1', 'run_silver', 'scheduled__2026-07-15T10:00:00+00:00', '--job-id', '56', '--raw', '--subdir', 'DAGS_FOLDER/sdp_pipeline_dag.py', '--cfg-path', '/tmp/tmps842p302']
[2026-07-15T12:58:24.212+0000] {standard_task_runner.py:91} INFO - Job 56: Subtask run_silver
[2026-07-15T12:58:24.213+0000] {logging_mixin.py:188} WARNING - /home/***/.local/lib/python3.12/site-packages/***/task/task_runner/standard_task_runner.py:61 DeprecationWarning: This process (pid=1905) is multi-threaded, use of fork() may lead to deadlocks in the child.
[2026-07-15T12:58:24.215+0000] {standard_task_runner.py:63} INFO - Started process 1906 to run task
[2026-07-15T12:58:24.300+0000] {task_command.py:426} INFO - Running <TaskInstance: e-commerce_kafka_streaming_pipeline_v1.run_silver scheduled__2026-07-15T10:00:00+00:00 [running]> on host 6d7ac32de880
[2026-07-15T12:58:24.416+0000] {taskinstance.py:2644} INFO - Exporting env vars: AIRFLOW_CTX_DAG_OWNER='dev' AIRFLOW_CTX_DAG_ID='e-commerce_kafka_streaming_pipeline_v1' AIRFLOW_CTX_TASK_ID='run_silver' AIRFLOW_CTX_EXECUTION_DATE='2026-07-15T10:00:00+00:00' AIRFLOW_CTX_TRY_NUMBER='1' AIRFLOW_CTX_DAG_RUN_ID='scheduled__2026-07-15T10:00:00+00:00'
[2026-07-15T12:58:24.420+0000] {taskinstance.py:430} INFO - ::endgroup::
[2026-07-15T12:58:24.445+0000] {subprocess.py:63} INFO - Tmp dir root location: /tmp
[2026-07-15T12:58:24.449+0000] {subprocess.py:75} INFO - Running command: ['/usr/bin/bash', '-c', 'timeout 150s docker run --rm --network streaming_kafka_project_sdp-net --volume /d/Streaming_kafka_project/pipelines:/opt/pipelines --volume /d/Streaming_kafka_project/data:/opt/data --volume /d/Streaming_kafka_project/checkpoints:/opt/checkpoints --volume /d/Streaming_kafka_project/jars:/opt/jars apache/spark:3.5.1 /opt/spark/bin/spark-submit --master spark://sdp-spark-master:7077 --executor-cores 1 --executor-memory 512m --total-executor-cores 3 --jars /opt/jars/delta-spark_2.12-3.2.0.jar,/opt/jars/delta-storage-3.2.0.jar,/opt/jars/spark-sql-kafka-0-10_2.12-3.5.1.jar,/opt/jars/kafka-clients-3.4.1.jar,/opt/jars/spark-token-provider-kafka-0-10_2.12-3.5.1.jar,/opt/jars/commons-pool2-2.11.1.jar --conf spark.sql.extensions=io.delta.sql.DeltaSparkSessionExtension --conf spark.sql.catalog.spark_catalog=org.apache.spark.sql.delta.catalog.DeltaCatalog  /opt/pipelines/silver_runner.py']
[2026-07-15T12:58:24.469+0000] {subprocess.py:86} INFO - Output:
[2026-07-15T12:58:27.407+0000] {subprocess.py:93} INFO - 26/07/15 12:58:27 WARN NativeCodeLoader: Unable to load native-hadoop library for your platform... using builtin-java classes where applicable
[2026-07-15T12:58:28.642+0000] {subprocess.py:93} INFO - 26/07/15 12:58:28 INFO SparkContext: Running Spark version 3.5.1
[2026-07-15T12:58:28.643+0000] {subprocess.py:93} INFO - 26/07/15 12:58:28 INFO SparkContext: OS info Linux, 6.18.33.2-microsoft-standard-WSL2, amd64
[2026-07-15T12:58:28.645+0000] {subprocess.py:93} INFO - 26/07/15 12:58:28 INFO SparkContext: Java version 11.0.22
[2026-07-15T12:58:28.684+0000] {subprocess.py:93} INFO - 26/07/15 12:58:28 INFO ResourceUtils: ==============================================================
[2026-07-15T12:58:28.688+0000] {subprocess.py:93} INFO - 26/07/15 12:58:28 INFO ResourceUtils: No custom resources configured for spark.driver.
[2026-07-15T12:58:28.689+0000] {subprocess.py:93} INFO - 26/07/15 12:58:28 INFO ResourceUtils: ==============================================================
[2026-07-15T12:58:28.691+0000] {subprocess.py:93} INFO - 26/07/15 12:58:28 INFO SparkContext: Submitted application: SDP-Silver
[2026-07-15T12:58:28.722+0000] {subprocess.py:93} INFO - 26/07/15 12:58:28 INFO ResourceProfile: Default ResourceProfile created, executor resources: Map(cores -> name: cores, amount: 1, script: , vendor: , memory -> name: memory, amount: 512, script: , vendor: , offHeap -> name: offHeap, amount: 0, script: , vendor: ), task resources: Map(cpus -> name: cpus, amount: 1.0)
[2026-07-15T12:58:28.744+0000] {subprocess.py:93} INFO - 26/07/15 12:58:28 INFO ResourceProfile: Limiting resource is cpus at 1 tasks per executor
[2026-07-15T12:58:28.747+0000] {subprocess.py:93} INFO - 26/07/15 12:58:28 INFO ResourceProfileManager: Added ResourceProfile id: 0
[2026-07-15T12:58:28.813+0000] {subprocess.py:93} INFO - 26/07/15 12:58:28 INFO SecurityManager: Changing view acls to: spark
[2026-07-15T12:58:28.815+0000] {subprocess.py:93} INFO - 26/07/15 12:58:28 INFO SecurityManager: Changing modify acls to: spark
[2026-07-15T12:58:28.817+0000] {subprocess.py:93} INFO - 26/07/15 12:58:28 INFO SecurityManager: Changing view acls groups to:
[2026-07-15T12:58:28.819+0000] {subprocess.py:93} INFO - 26/07/15 12:58:28 INFO SecurityManager: Changing modify acls groups to:
[2026-07-15T12:58:28.820+0000] {subprocess.py:93} INFO - 26/07/15 12:58:28 INFO SecurityManager: SecurityManager: authentication disabled; ui acls disabled; users with view permissions: spark; groups with view permissions: EMPTY; users with modify permissions: spark; groups with modify permissions: EMPTY
[2026-07-15T12:58:29.232+0000] {subprocess.py:93} INFO - 26/07/15 12:58:29 INFO Utils: Successfully started service 'sparkDriver' on port 35271.
[2026-07-15T12:58:29.280+0000] {subprocess.py:93} INFO - 26/07/15 12:58:29 INFO SparkEnv: Registering MapOutputTracker
[2026-07-15T12:58:29.335+0000] {subprocess.py:93} INFO - 26/07/15 12:58:29 INFO SparkEnv: Registering BlockManagerMaster
[2026-07-15T12:58:29.362+0000] {subprocess.py:93} INFO - 26/07/15 12:58:29 INFO BlockManagerMasterEndpoint: Using org.apache.spark.storage.DefaultTopologyMapper for getting topology information
[2026-07-15T12:58:29.365+0000] {subprocess.py:93} INFO - 26/07/15 12:58:29 INFO BlockManagerMasterEndpoint: BlockManagerMasterEndpoint up
[2026-07-15T12:58:29.371+0000] {subprocess.py:93} INFO - 26/07/15 12:58:29 INFO SparkEnv: Registering BlockManagerMasterHeartbeat
[2026-07-15T12:58:29.412+0000] {subprocess.py:93} INFO - 26/07/15 12:58:29 INFO DiskBlockManager: Created local directory at /tmp/blockmgr-5ec3cd11-a2f5-47b5-a76a-6213d57a24d3
[2026-07-15T12:58:29.433+0000] {subprocess.py:93} INFO - 26/07/15 12:58:29 INFO MemoryStore: MemoryStore started with capacity 434.4 MiB
[2026-07-15T12:58:29.463+0000] {subprocess.py:93} INFO - 26/07/15 12:58:29 INFO SparkEnv: Registering OutputCommitCoordinator
[2026-07-15T12:58:29.688+0000] {subprocess.py:93} INFO - 26/07/15 12:58:29 INFO JettyUtils: Start Jetty 0.0.0.0:4040 for SparkUI
[2026-07-15T12:58:29.772+0000] {subprocess.py:93} INFO - 26/07/15 12:58:29 INFO Utils: Successfully started service 'SparkUI' on port 4040.
[2026-07-15T12:58:29.819+0000] {subprocess.py:93} INFO - 26/07/15 12:58:29 INFO SparkContext: Added JAR file:///opt/jars/delta-spark_2.12-3.2.0.jar at spark://80d044e6ecb6:35271/jars/delta-spark_2.12-3.2.0.jar with timestamp 1784120308627
[2026-07-15T12:58:29.821+0000] {subprocess.py:93} INFO - 26/07/15 12:58:29 INFO SparkContext: Added JAR file:///opt/jars/delta-storage-3.2.0.jar at spark://80d044e6ecb6:35271/jars/delta-storage-3.2.0.jar with timestamp 1784120308627
[2026-07-15T12:58:29.823+0000] {subprocess.py:93} INFO - 26/07/15 12:58:29 INFO SparkContext: Added JAR file:///opt/jars/spark-sql-kafka-0-10_2.12-3.5.1.jar at spark://80d044e6ecb6:35271/jars/spark-sql-kafka-0-10_2.12-3.5.1.jar with timestamp 1784120308627
[2026-07-15T12:58:29.826+0000] {subprocess.py:93} INFO - 26/07/15 12:58:29 INFO SparkContext: Added JAR file:///opt/jars/kafka-clients-3.4.1.jar at spark://80d044e6ecb6:35271/jars/kafka-clients-3.4.1.jar with timestamp 1784120308627
[2026-07-15T12:58:29.828+0000] {subprocess.py:93} INFO - 26/07/15 12:58:29 INFO SparkContext: Added JAR file:///opt/jars/spark-token-provider-kafka-0-10_2.12-3.5.1.jar at spark://80d044e6ecb6:35271/jars/spark-token-provider-kafka-0-10_2.12-3.5.1.jar with timestamp 1784120308627
[2026-07-15T12:58:29.830+0000] {subprocess.py:93} INFO - 26/07/15 12:58:29 INFO SparkContext: Added JAR file:///opt/jars/commons-pool2-2.11.1.jar at spark://80d044e6ecb6:35271/jars/commons-pool2-2.11.1.jar with timestamp 1784120308627
[2026-07-15T12:58:29.943+0000] {subprocess.py:93} INFO - 26/07/15 12:58:29 INFO StandaloneAppClient$ClientEndpoint: Connecting to master spark://sdp-spark-master:7077...
[2026-07-15T12:58:30.031+0000] {subprocess.py:93} INFO - 26/07/15 12:58:30 INFO TransportClientFactory: Successfully created connection to sdp-spark-master/172.18.0.2:7077 after 52 ms (0 ms spent in bootstraps)
[2026-07-15T12:58:30.171+0000] {subprocess.py:93} INFO - 26/07/15 12:58:30 INFO StandaloneSchedulerBackend: Connected to Spark cluster with app ID app-20260715125830-0006
[2026-07-15T12:58:30.178+0000] {subprocess.py:93} INFO - 26/07/15 12:58:30 INFO StandaloneAppClient$ClientEndpoint: Executor added: app-20260715125830-0006/0 on worker-20260715120445-172.18.0.5-42817 (172.18.0.5:42817) with 1 core(s)
[2026-07-15T12:58:30.184+0000] {subprocess.py:93} INFO - 26/07/15 12:58:30 INFO StandaloneSchedulerBackend: Granted executor ID app-20260715125830-0006/0 on hostPort 172.18.0.5:42817 with 1 core(s), 512.0 MiB RAM
[2026-07-15T12:58:30.186+0000] {subprocess.py:93} INFO - 26/07/15 12:58:30 INFO StandaloneAppClient$ClientEndpoint: Executor added: app-20260715125830-0006/1 on worker-20260715120445-172.18.0.5-42817 (172.18.0.5:42817) with 1 core(s)
[2026-07-15T12:58:30.187+0000] {subprocess.py:93} INFO - 26/07/15 12:58:30 INFO StandaloneSchedulerBackend: Granted executor ID app-20260715125830-0006/1 on hostPort 172.18.0.5:42817 with 1 core(s), 512.0 MiB RAM
[2026-07-15T12:58:30.189+0000] {subprocess.py:93} INFO - 26/07/15 12:58:30 INFO StandaloneAppClient$ClientEndpoint: Executor added: app-20260715125830-0006/2 on worker-20260715120445-172.18.0.6-36249 (172.18.0.6:36249) with 1 core(s)
[2026-07-15T12:58:30.190+0000] {subprocess.py:93} INFO - 26/07/15 12:58:30 INFO StandaloneSchedulerBackend: Granted executor ID app-20260715125830-0006/2 on hostPort 172.18.0.6:36249 with 1 core(s), 512.0 MiB RAM
[2026-07-15T12:58:30.200+0000] {subprocess.py:93} INFO - 26/07/15 12:58:30 INFO Utils: Successfully started service 'org.apache.spark.network.netty.NettyBlockTransferService' on port 41357.
[2026-07-15T12:58:30.206+0000] {subprocess.py:93} INFO - 26/07/15 12:58:30 INFO NettyBlockTransferService: Server created on 80d044e6ecb6:41357
[2026-07-15T12:58:30.212+0000] {subprocess.py:93} INFO - 26/07/15 12:58:30 INFO BlockManager: Using org.apache.spark.storage.RandomBlockReplicationPolicy for block replication policy
[2026-07-15T12:58:30.224+0000] {subprocess.py:93} INFO - 26/07/15 12:58:30 INFO BlockManagerMaster: Registering BlockManager BlockManagerId(driver, 80d044e6ecb6, 41357, None)
[2026-07-15T12:58:30.235+0000] {subprocess.py:93} INFO - 26/07/15 12:58:30 INFO BlockManagerMasterEndpoint: Registering block manager 80d044e6ecb6:41357 with 434.4 MiB RAM, BlockManagerId(driver, 80d044e6ecb6, 41357, None)
[2026-07-15T12:58:30.255+0000] {subprocess.py:93} INFO - 26/07/15 12:58:30 INFO BlockManagerMaster: Registered BlockManager BlockManagerId(driver, 80d044e6ecb6, 41357, None)
[2026-07-15T12:58:30.260+0000] {subprocess.py:93} INFO - 26/07/15 12:58:30 INFO BlockManager: Initialized BlockManager: BlockManagerId(driver, 80d044e6ecb6, 41357, None)
[2026-07-15T12:58:30.283+0000] {subprocess.py:93} INFO - 26/07/15 12:58:30 INFO StandaloneAppClient$ClientEndpoint: Executor updated: app-20260715125830-0006/2 is now RUNNING
[2026-07-15T12:58:30.291+0000] {subprocess.py:93} INFO - 26/07/15 12:58:30 INFO StandaloneAppClient$ClientEndpoint: Executor updated: app-20260715125830-0006/1 is now RUNNING
[2026-07-15T12:58:30.293+0000] {subprocess.py:93} INFO - 26/07/15 12:58:30 INFO StandaloneAppClient$ClientEndpoint: Executor updated: app-20260715125830-0006/0 is now RUNNING
[2026-07-15T12:58:30.833+0000] {subprocess.py:93} INFO - 26/07/15 12:58:30 INFO StandaloneSchedulerBackend: SchedulerBackend is ready for scheduling beginning after reached minRegisteredResourcesRatio: 0.0
[2026-07-15T12:58:31.491+0000] {subprocess.py:93} INFO - Starting silver stream: orders --->>  /opt/data/silver/orders
[2026-07-15T12:58:39.448+0000] {local_task_job_runner.py:310} WARNING - State of this instance has been externally set to restarting. Terminating instance.
[2026-07-15T12:58:39.452+0000] {local_task_job_runner.py:222} INFO - ::endgroup::
[2026-07-15T12:58:39.462+0000] {process_utils.py:132} INFO - Sending 15 to group 1906. PIDs of all processes in the group: [1907, 1908, 1906]
[2026-07-15T12:58:39.464+0000] {process_utils.py:87} INFO - Sending the signal 15 to group 1906
[2026-07-15T12:58:39.466+0000] {taskinstance.py:2607} ERROR - Received SIGTERM. Terminating subprocesses.
[2026-07-15T12:58:39.468+0000] {subprocess.py:104} INFO - Sending SIGTERM signal to process group
[2026-07-15T12:58:39.474+0000] {taskinstance.py:441} INFO - ::group::Post task execution logs
[2026-07-15T12:58:39.507+0000] {taskinstance.py:2890} ERROR - Task failed with exception
Traceback (most recent call last):
  File "/home/airflow/.local/lib/python3.12/site-packages/airflow/models/taskinstance.py", line 465, in _execute_task
    result = _execute_callable(context=context, **execute_callable_kwargs)
             ^^^^^^^^^^^^^^^^^^^^^^^^^^^^^^^^^^^^^^^^^^^^^^^^^^^^^^^^^^^^^
  File "/home/airflow/.local/lib/python3.12/site-packages/airflow/models/taskinstance.py", line 432, in _execute_callable
    return execute_callable(context=context, **execute_callable_kwargs)
           ^^^^^^^^^^^^^^^^^^^^^^^^^^^^^^^^^^^^^^^^^^^^^^^^^^^^^^^^^^^^
  File "/home/airflow/.local/lib/python3.12/site-packages/airflow/models/baseoperator.py", line 400, in wrapper
    return func(self, *args, **kwargs)
           ^^^^^^^^^^^^^^^^^^^^^^^^^^^
  File "/home/airflow/.local/lib/python3.12/site-packages/airflow/operators/bash.py", line 234, in execute
    result = self.subprocess_hook.run_command(
             ^^^^^^^^^^^^^^^^^^^^^^^^^^^^^^^^^
  File "/home/airflow/.local/lib/python3.12/site-packages/airflow/hooks/subprocess.py", line 91, in run_command
    for raw_line in iter(self.sub_process.stdout.readline, b""):
  File "/home/airflow/.local/lib/python3.12/site-packages/airflow/models/taskinstance.py", line 2609, in signal_handler
    raise AirflowTaskTerminated("Task received SIGTERM signal")
airflow.exceptions.AirflowTaskTerminated: Task received SIGTERM signal
[2026-07-15T12:58:39.532+0000] {taskinstance.py:1205} INFO - Marking task as UP_FOR_RETRY. dag_id=e-commerce_kafka_streaming_pipeline_v1, task_id=run_silver, execution_date=20260715T100000, start_date=20260715T125824, end_date=20260715T125839
[2026-07-15T12:58:39.819+0000] {process_utils.py:80} INFO - Process psutil.Process(pid=1906, status='terminated', exitcode=2, started='12:58:23') (1906) terminated with exit code 2
[2026-07-15T12:58:40.862+0000] {process_utils.py:80} INFO - Process psutil.Process(pid=1907, status='terminated', started='12:58:23') (1907) terminated with exit code None
[2026-07-15T12:58:40.864+0000] {process_utils.py:80} INFO - Process psutil.Process(pid=1908, status='terminated', started='12:58:23') (1908) terminated with exit code None
