[2026-07-21T12:04:05.981+0000] {local_task_job_runner.py:120} INFO - ::group::Pre task execution logs
[2026-07-21T12:04:06.021+0000] {taskinstance.py:2073} INFO - Dependencies all met for dep_context=non-requeueable deps ti=<TaskInstance: e-commerce_kafka_streaming_pipeline_v1.run_gold scheduled__2026-07-21T11:00:00+00:00 [queued]>
[2026-07-21T12:04:06.034+0000] {taskinstance.py:2073} INFO - Dependencies all met for dep_context=requeueable deps ti=<TaskInstance: e-commerce_kafka_streaming_pipeline_v1.run_gold scheduled__2026-07-21T11:00:00+00:00 [queued]>
[2026-07-21T12:04:06.035+0000] {taskinstance.py:2303} INFO - Starting attempt 1 of 2
[2026-07-21T12:04:06.049+0000] {taskinstance.py:2327} INFO - Executing <Task(BashOperator): run_gold> on 2026-07-21 11:00:00+00:00
[2026-07-21T12:04:06.058+0000] {standard_task_runner.py:90} INFO - Running: ['***', 'tasks', 'run', 'e-commerce_kafka_streaming_pipeline_v1', 'run_gold', 'scheduled__2026-07-21T11:00:00+00:00', '--job-id', '311', '--raw', '--subdir', 'DAGS_FOLDER/sdp_pipeline_dag.py', '--cfg-path', '/tmp/tmpxx6y_cxs']
[2026-07-21T12:04:06.061+0000] {standard_task_runner.py:91} INFO - Job 311: Subtask run_gold
[2026-07-21T12:04:06.063+0000] {logging_mixin.py:188} WARNING - /home/***/.local/lib/python3.12/site-packages/***/task/task_runner/standard_task_runner.py:61 DeprecationWarning: This process (pid=15973) is multi-threaded, use of fork() may lead to deadlocks in the child.
[2026-07-21T12:04:06.064+0000] {standard_task_runner.py:63} INFO - Started process 15974 to run task
[2026-07-21T12:04:06.134+0000] {task_command.py:426} INFO - Running <TaskInstance: e-commerce_kafka_streaming_pipeline_v1.run_gold scheduled__2026-07-21T11:00:00+00:00 [running]> on host da27550080bf
[2026-07-21T12:04:06.264+0000] {taskinstance.py:2644} INFO - Exporting env vars: AIRFLOW_CTX_DAG_OWNER='dev' AIRFLOW_CTX_DAG_ID='e-commerce_kafka_streaming_pipeline_v1' AIRFLOW_CTX_TASK_ID='run_gold' AIRFLOW_CTX_EXECUTION_DATE='2026-07-21T11:00:00+00:00' AIRFLOW_CTX_TRY_NUMBER='1' AIRFLOW_CTX_DAG_RUN_ID='scheduled__2026-07-21T11:00:00+00:00'
[2026-07-21T12:04:06.266+0000] {taskinstance.py:430} INFO - ::endgroup::
[2026-07-21T12:04:06.283+0000] {subprocess.py:63} INFO - Tmp dir root location: /tmp
[2026-07-21T12:04:06.285+0000] {subprocess.py:75} INFO - Running command: ['/usr/bin/bash', '-c', 'docker run --rm --network streaming_kafka_project_sdp-net --volume /d/Streaming_kafka_project/pipelines:/opt/pipelines --volume /d/Streaming_kafka_project/data:/opt/data --volume /d/Streaming_kafka_project/checkpoints:/opt/checkpoints --volume /d/Streaming_kafka_project/jars:/opt/jars apache/spark:3.5.1 /opt/spark/bin/spark-submit --master spark://sdp-spark-master:7077 --executor-cores 1 --executor-memory 512m --total-executor-cores 3 --jars /opt/jars/delta-spark_2.12-3.2.0.jar,/opt/jars/delta-storage-3.2.0.jar,/opt/jars/spark-sql-kafka-0-10_2.12-3.5.1.jar,/opt/jars/kafka-clients-3.4.1.jar,/opt/jars/spark-token-provider-kafka-0-10_2.12-3.5.1.jar,/opt/jars/commons-pool2-2.11.1.jar --conf spark.sql.extensions=io.delta.sql.DeltaSparkSessionExtension --conf spark.sql.catalog.spark_catalog=org.apache.spark.sql.delta.catalog.DeltaCatalog  /opt/pipelines/gold_runner.py']
[2026-07-21T12:04:06.295+0000] {subprocess.py:86} INFO - Output:
[2026-07-21T12:04:08.845+0000] {subprocess.py:93} INFO - 26/07/21 12:04:08 WARN NativeCodeLoader: Unable to load native-hadoop library for your platform... using builtin-java classes where applicable
[2026-07-21T12:04:09.724+0000] {subprocess.py:93} INFO - 26/07/21 12:04:09 INFO SparkContext: Running Spark version 3.5.1
[2026-07-21T12:04:09.725+0000] {subprocess.py:93} INFO - 26/07/21 12:04:09 INFO SparkContext: OS info Linux, 6.18.33.2-microsoft-standard-WSL2, amd64
[2026-07-21T12:04:09.726+0000] {subprocess.py:93} INFO - 26/07/21 12:04:09 INFO SparkContext: Java version 11.0.22
[2026-07-21T12:04:09.762+0000] {subprocess.py:93} INFO - 26/07/21 12:04:09 INFO ResourceUtils: ==============================================================
[2026-07-21T12:04:09.764+0000] {subprocess.py:93} INFO - 26/07/21 12:04:09 INFO ResourceUtils: No custom resources configured for spark.driver.
[2026-07-21T12:04:09.765+0000] {subprocess.py:93} INFO - 26/07/21 12:04:09 INFO ResourceUtils: ==============================================================
[2026-07-21T12:04:09.766+0000] {subprocess.py:93} INFO - 26/07/21 12:04:09 INFO SparkContext: Submitted application: SDP-Gold
[2026-07-21T12:04:09.790+0000] {subprocess.py:93} INFO - 26/07/21 12:04:09 INFO ResourceProfile: Default ResourceProfile created, executor resources: Map(cores -> name: cores, amount: 1, script: , vendor: , memory -> name: memory, amount: 512, script: , vendor: , offHeap -> name: offHeap, amount: 0, script: , vendor: ), task resources: Map(cpus -> name: cpus, amount: 1.0)
[2026-07-21T12:04:09.806+0000] {subprocess.py:93} INFO - 26/07/21 12:04:09 INFO ResourceProfile: Limiting resource is cpus at 1 tasks per executor
[2026-07-21T12:04:09.809+0000] {subprocess.py:93} INFO - 26/07/21 12:04:09 INFO ResourceProfileManager: Added ResourceProfile id: 0
[2026-07-21T12:04:09.873+0000] {subprocess.py:93} INFO - 26/07/21 12:04:09 INFO SecurityManager: Changing view acls to: spark
[2026-07-21T12:04:09.875+0000] {subprocess.py:93} INFO - 26/07/21 12:04:09 INFO SecurityManager: Changing modify acls to: spark
[2026-07-21T12:04:09.876+0000] {subprocess.py:93} INFO - 26/07/21 12:04:09 INFO SecurityManager: Changing view acls groups to:
[2026-07-21T12:04:09.877+0000] {subprocess.py:93} INFO - 26/07/21 12:04:09 INFO SecurityManager: Changing modify acls groups to:
[2026-07-21T12:04:09.878+0000] {subprocess.py:93} INFO - 26/07/21 12:04:09 INFO SecurityManager: SecurityManager: authentication disabled; ui acls disabled; users with view permissions: spark; groups with view permissions: EMPTY; users with modify permissions: spark; groups with modify permissions: EMPTY
[2026-07-21T12:04:10.162+0000] {subprocess.py:93} INFO - 26/07/21 12:04:10 INFO Utils: Successfully started service 'sparkDriver' on port 37535.
[2026-07-21T12:04:10.193+0000] {subprocess.py:93} INFO - 26/07/21 12:04:10 INFO SparkEnv: Registering MapOutputTracker
[2026-07-21T12:04:10.227+0000] {subprocess.py:93} INFO - 26/07/21 12:04:10 INFO SparkEnv: Registering BlockManagerMaster
[2026-07-21T12:04:10.246+0000] {subprocess.py:93} INFO - 26/07/21 12:04:10 INFO BlockManagerMasterEndpoint: Using org.apache.spark.storage.DefaultTopologyMapper for getting topology information
[2026-07-21T12:04:10.247+0000] {subprocess.py:93} INFO - 26/07/21 12:04:10 INFO BlockManagerMasterEndpoint: BlockManagerMasterEndpoint up
[2026-07-21T12:04:10.252+0000] {subprocess.py:93} INFO - 26/07/21 12:04:10 INFO SparkEnv: Registering BlockManagerMasterHeartbeat
[2026-07-21T12:04:10.277+0000] {subprocess.py:93} INFO - 26/07/21 12:04:10 INFO DiskBlockManager: Created local directory at /tmp/blockmgr-3126e81e-7ee6-44fc-92cc-755ebce95cfc
[2026-07-21T12:04:10.292+0000] {subprocess.py:93} INFO - 26/07/21 12:04:10 INFO MemoryStore: MemoryStore started with capacity 434.4 MiB
[2026-07-21T12:04:10.310+0000] {subprocess.py:93} INFO - 26/07/21 12:04:10 INFO SparkEnv: Registering OutputCommitCoordinator
[2026-07-21T12:04:10.466+0000] {subprocess.py:93} INFO - 26/07/21 12:04:10 INFO JettyUtils: Start Jetty 0.0.0.0:4040 for SparkUI
[2026-07-21T12:04:10.537+0000] {subprocess.py:93} INFO - 26/07/21 12:04:10 INFO Utils: Successfully started service 'SparkUI' on port 4040.
[2026-07-21T12:04:10.579+0000] {subprocess.py:93} INFO - 26/07/21 12:04:10 INFO SparkContext: Added JAR file:///opt/jars/delta-spark_2.12-3.2.0.jar at spark://115d16ddcbb4:37535/jars/delta-spark_2.12-3.2.0.jar with timestamp 1784635449712
[2026-07-21T12:04:10.581+0000] {subprocess.py:93} INFO - 26/07/21 12:04:10 INFO SparkContext: Added JAR file:///opt/jars/delta-storage-3.2.0.jar at spark://115d16ddcbb4:37535/jars/delta-storage-3.2.0.jar with timestamp 1784635449712
[2026-07-21T12:04:10.582+0000] {subprocess.py:93} INFO - 26/07/21 12:04:10 INFO SparkContext: Added JAR file:///opt/jars/spark-sql-kafka-0-10_2.12-3.5.1.jar at spark://115d16ddcbb4:37535/jars/spark-sql-kafka-0-10_2.12-3.5.1.jar with timestamp 1784635449712
[2026-07-21T12:04:10.583+0000] {subprocess.py:93} INFO - 26/07/21 12:04:10 INFO SparkContext: Added JAR file:///opt/jars/kafka-clients-3.4.1.jar at spark://115d16ddcbb4:37535/jars/kafka-clients-3.4.1.jar with timestamp 1784635449712
[2026-07-21T12:04:10.584+0000] {subprocess.py:93} INFO - 26/07/21 12:04:10 INFO SparkContext: Added JAR file:///opt/jars/spark-token-provider-kafka-0-10_2.12-3.5.1.jar at spark://115d16ddcbb4:37535/jars/spark-token-provider-kafka-0-10_2.12-3.5.1.jar with timestamp 1784635449712
[2026-07-21T12:04:10.585+0000] {subprocess.py:93} INFO - 26/07/21 12:04:10 INFO SparkContext: Added JAR file:///opt/jars/commons-pool2-2.11.1.jar at spark://115d16ddcbb4:37535/jars/commons-pool2-2.11.1.jar with timestamp 1784635449712
[2026-07-21T12:04:10.668+0000] {subprocess.py:93} INFO - 26/07/21 12:04:10 INFO StandaloneAppClient$ClientEndpoint: Connecting to master spark://sdp-spark-master:7077...
[2026-07-21T12:04:10.715+0000] {subprocess.py:93} INFO - 26/07/21 12:04:10 INFO TransportClientFactory: Successfully created connection to sdp-spark-master/172.18.0.4:7077 after 26 ms (0 ms spent in bootstraps)
[2026-07-21T12:04:10.800+0000] {subprocess.py:93} INFO - 26/07/21 12:04:10 INFO StandaloneSchedulerBackend: Connected to Spark cluster with app ID app-20260721120410-0145
[2026-07-21T12:04:10.805+0000] {subprocess.py:93} INFO - 26/07/21 12:04:10 INFO StandaloneAppClient$ClientEndpoint: Executor added: app-20260721120410-0145/0 on worker-20260716063602-172.18.0.5-44367 (172.18.0.5:44367) with 1 core(s)
[2026-07-21T12:04:10.809+0000] {subprocess.py:93} INFO - 26/07/21 12:04:10 INFO StandaloneSchedulerBackend: Granted executor ID app-20260721120410-0145/0 on hostPort 172.18.0.5:44367 with 1 core(s), 512.0 MiB RAM
[2026-07-21T12:04:10.811+0000] {subprocess.py:93} INFO - 26/07/21 12:04:10 INFO StandaloneAppClient$ClientEndpoint: Executor added: app-20260721120410-0145/1 on worker-20260716063602-172.18.0.5-44367 (172.18.0.5:44367) with 1 core(s)
[2026-07-21T12:04:10.812+0000] {subprocess.py:93} INFO - 26/07/21 12:04:10 INFO StandaloneSchedulerBackend: Granted executor ID app-20260721120410-0145/1 on hostPort 172.18.0.5:44367 with 1 core(s), 512.0 MiB RAM
[2026-07-21T12:04:10.813+0000] {subprocess.py:93} INFO - 26/07/21 12:04:10 INFO StandaloneAppClient$ClientEndpoint: Executor added: app-20260721120410-0145/2 on worker-20260716063602-172.18.0.6-33249 (172.18.0.6:33249) with 1 core(s)
[2026-07-21T12:04:10.814+0000] {subprocess.py:93} INFO - 26/07/21 12:04:10 INFO StandaloneSchedulerBackend: Granted executor ID app-20260721120410-0145/2 on hostPort 172.18.0.6:33249 with 1 core(s), 512.0 MiB RAM
[2026-07-21T12:04:10.816+0000] {subprocess.py:93} INFO - 26/07/21 12:04:10 INFO Utils: Successfully started service 'org.apache.spark.network.netty.NettyBlockTransferService' on port 34573.
[2026-07-21T12:04:10.817+0000] {subprocess.py:93} INFO - 26/07/21 12:04:10 INFO NettyBlockTransferService: Server created on 115d16ddcbb4:34573
[2026-07-21T12:04:10.818+0000] {subprocess.py:93} INFO - 26/07/21 12:04:10 INFO BlockManager: Using org.apache.spark.storage.RandomBlockReplicationPolicy for block replication policy
[2026-07-21T12:04:10.826+0000] {subprocess.py:93} INFO - 26/07/21 12:04:10 INFO BlockManagerMaster: Registering BlockManager BlockManagerId(driver, 115d16ddcbb4, 34573, None)
[2026-07-21T12:04:10.834+0000] {subprocess.py:93} INFO - 26/07/21 12:04:10 INFO BlockManagerMasterEndpoint: Registering block manager 115d16ddcbb4:34573 with 434.4 MiB RAM, BlockManagerId(driver, 115d16ddcbb4, 34573, None)
[2026-07-21T12:04:10.840+0000] {subprocess.py:93} INFO - 26/07/21 12:04:10 INFO BlockManagerMaster: Registered BlockManager BlockManagerId(driver, 115d16ddcbb4, 34573, None)
[2026-07-21T12:04:10.847+0000] {subprocess.py:93} INFO - 26/07/21 12:04:10 INFO BlockManager: Initialized BlockManager: BlockManagerId(driver, 115d16ddcbb4, 34573, None)
[2026-07-21T12:04:10.874+0000] {subprocess.py:93} INFO - 26/07/21 12:04:10 INFO StandaloneAppClient$ClientEndpoint: Executor updated: app-20260721120410-0145/1 is now RUNNING
[2026-07-21T12:04:10.880+0000] {subprocess.py:93} INFO - 26/07/21 12:04:10 INFO StandaloneAppClient$ClientEndpoint: Executor updated: app-20260721120410-0145/0 is now RUNNING
[2026-07-21T12:04:10.882+0000] {subprocess.py:93} INFO - 26/07/21 12:04:10 INFO StandaloneAppClient$ClientEndpoint: Executor updated: app-20260721120410-0145/2 is now RUNNING
[2026-07-21T12:04:11.249+0000] {subprocess.py:93} INFO - 26/07/21 12:04:11 INFO StandaloneSchedulerBackend: SchedulerBackend is ready for scheduling beginning after reached minRegisteredResourcesRatio: 0.0
[2026-07-21T12:04:38.303+0000] {subprocess.py:93} INFO - 26/07/21 12:04:38 WARN SparkStringUtils: Truncated the string representation of a plan since it was too large. This behavior can be adjusted by setting 'spark.sql.debug.maxToStringFields'.
[2026-07-21T12:05:21.325+0000] {subprocess.py:93} INFO - Gold table written: /opt/data/gold/daily_sales  (4 rows)
[2026-07-21T12:05:39.320+0000] {subprocess.py:93} INFO - Gold table written: /opt/data/gold/product_performance  (10 rows)
[2026-07-21T12:06:01.772+0000] {subprocess.py:93} INFO - Gold table written: /opt/data/gold/customer_orders  (5 rows)
[2026-07-21T12:06:01.774+0000] {subprocess.py:93} INFO - 
[2026-07-21T12:06:01.775+0000] {subprocess.py:93} INFO - Gold pipeline complete.
[2026-07-21T12:06:01.879+0000] {subprocess.py:93} INFO - 26/07/21 12:06:01 WARN Dispatcher: Message RemoteProcessDisconnected(172.18.0.6:37564) dropped. Could not find BlockManagerEndpoint1.
[2026-07-21T12:06:02.472+0000] {subprocess.py:97} INFO - Command exited with return code 0
[2026-07-21T12:06:02.474+0000] {taskinstance.py:441} INFO - ::group::Post task execution logs
[2026-07-21T12:06:02.527+0000] {taskinstance.py:1205} INFO - Marking task as SUCCESS. dag_id=e-commerce_kafka_streaming_pipeline_v1, task_id=run_gold, execution_date=20260721T110000, start_date=20260721T120406, end_date=20260721T120602
[2026-07-21T12:06:02.598+0000] {local_task_job_runner.py:240} INFO - Task exited with return code 0
[2026-07-21T12:06:02.645+0000] {taskinstance.py:3482} INFO - 1 downstream tasks scheduled from follow-on schedule check
[2026-07-21T12:06:02.654+0000] {local_task_job_runner.py:222} INFO - ::endgroup::
