[2026-06-08T13:31:29.572+0000] {local_task_job_runner.py:120} INFO - ::group::Pre task execution logs
[2026-06-08T13:31:29.619+0000] {taskinstance.py:2073} INFO - Dependencies all met for dep_context=non-requeueable deps ti=<TaskInstance: e-commerce_kafka_streaming_pipeline_v10.run_bronze scheduled__2026-06-08T12:00:00+00:00 [queued]>
[2026-06-08T13:31:29.635+0000] {taskinstance.py:2073} INFO - Dependencies all met for dep_context=requeueable deps ti=<TaskInstance: e-commerce_kafka_streaming_pipeline_v10.run_bronze scheduled__2026-06-08T12:00:00+00:00 [queued]>
[2026-06-08T13:31:29.636+0000] {taskinstance.py:2303} INFO - Starting attempt 2 of 2
[2026-06-08T13:31:29.657+0000] {taskinstance.py:2327} INFO - Executing <Task(BashOperator): run_bronze> on 2026-06-08 12:00:00+00:00
[2026-06-08T13:31:29.670+0000] {standard_task_runner.py:90} INFO - Running: ['***', 'tasks', 'run', 'e-commerce_kafka_streaming_pipeline_v10', 'run_bronze', 'scheduled__2026-06-08T12:00:00+00:00', '--job-id', '44', '--raw', '--subdir', 'DAGS_FOLDER/sdp_pipeline_dag.py', '--cfg-path', '/tmp/tmpfky3k6g1']
[2026-06-08T13:31:29.675+0000] {standard_task_runner.py:91} INFO - Job 44: Subtask run_bronze
[2026-06-08T13:31:29.677+0000] {logging_mixin.py:188} WARNING - /home/***/.local/lib/python3.12/site-packages/***/task/task_runner/standard_task_runner.py:61 DeprecationWarning: This process (pid=325) is multi-threaded, use of fork() may lead to deadlocks in the child.
[2026-06-08T13:31:29.679+0000] {standard_task_runner.py:63} INFO - Started process 326 to run task
[2026-06-08T13:31:29.767+0000] {task_command.py:426} INFO - Running <TaskInstance: e-commerce_kafka_streaming_pipeline_v10.run_bronze scheduled__2026-06-08T12:00:00+00:00 [running]> on host 19d9c0c71dcc
[2026-06-08T13:31:29.897+0000] {taskinstance.py:2644} INFO - Exporting env vars: AIRFLOW_CTX_DAG_OWNER='dev' AIRFLOW_CTX_DAG_ID='e-commerce_kafka_streaming_pipeline_v10' AIRFLOW_CTX_TASK_ID='run_bronze' AIRFLOW_CTX_EXECUTION_DATE='2026-06-08T12:00:00+00:00' AIRFLOW_CTX_TRY_NUMBER='2' AIRFLOW_CTX_DAG_RUN_ID='scheduled__2026-06-08T12:00:00+00:00'
[2026-06-08T13:31:29.898+0000] {taskinstance.py:430} INFO - ::endgroup::
[2026-06-08T13:31:29.924+0000] {subprocess.py:63} INFO - Tmp dir root location: /tmp
[2026-06-08T13:31:29.926+0000] {subprocess.py:75} INFO - Running command: ['/usr/bin/bash', '-c', 'timeout 90s docker run --rm --network streaming_kafka_project_sdp-net --volume /d/Streaming_kafka_project/pipelines:/opt/pipelines --volume /d/Streaming_kafka_project/data:/opt/data --volume /d/Streaming_kafka_project/checkpoints:/opt/checkpoints --volume /d/Streaming_kafka_project/jars:/opt/jars apache/spark:3.5.1 /opt/spark/bin/spark-submit --master spark://sdp-spark-master:7077 --executor-cores 1 --executor-memory 512m --total-executor-cores 3 --jars /opt/jars/delta-spark_2.12-3.2.0.jar,/opt/jars/delta-storage-3.2.0.jar,/opt/jars/spark-sql-kafka-0-10_2.12-3.5.1.jar,/opt/jars/kafka-clients-3.4.1.jar,/opt/jars/spark-token-provider-kafka-0-10_2.12-3.5.1.jar,/opt/jars/commons-pool2-2.11.1.jar --conf spark.sql.extensions=io.delta.sql.DeltaSparkSessionExtension --conf spark.sql.catalog.spark_catalog=org.apache.spark.sql.delta.catalog.DeltaCatalog  /opt/pipelines/bronze_runner.py']
[2026-06-08T13:31:29.941+0000] {subprocess.py:86} INFO - Output:
[2026-06-08T13:31:35.084+0000] {subprocess.py:93} INFO - 26/06/08 13:31:35 WARN NativeCodeLoader: Unable to load native-hadoop library for your platform... using builtin-java classes where applicable
[2026-06-08T13:31:36.515+0000] {subprocess.py:93} INFO - 26/06/08 13:31:36 INFO SparkContext: Running Spark version 3.5.1
[2026-06-08T13:31:36.517+0000] {subprocess.py:93} INFO - 26/06/08 13:31:36 INFO SparkContext: OS info Linux, 6.6.114.1-microsoft-standard-WSL2, amd64
[2026-06-08T13:31:36.520+0000] {subprocess.py:93} INFO - 26/06/08 13:31:36 INFO SparkContext: Java version 11.0.22
[2026-06-08T13:31:36.592+0000] {subprocess.py:93} INFO - 26/06/08 13:31:36 INFO ResourceUtils: ==============================================================
[2026-06-08T13:31:36.594+0000] {subprocess.py:93} INFO - 26/06/08 13:31:36 INFO ResourceUtils: No custom resources configured for spark.driver.
[2026-06-08T13:31:36.598+0000] {subprocess.py:93} INFO - 26/06/08 13:31:36 INFO ResourceUtils: ==============================================================
[2026-06-08T13:31:36.599+0000] {subprocess.py:93} INFO - 26/06/08 13:31:36 INFO SparkContext: Submitted application: SDP-Bronze
[2026-06-08T13:31:36.653+0000] {subprocess.py:93} INFO - 26/06/08 13:31:36 INFO ResourceProfile: Default ResourceProfile created, executor resources: Map(cores -> name: cores, amount: 1, script: , vendor: , memory -> name: memory, amount: 512, script: , vendor: , offHeap -> name: offHeap, amount: 0, script: , vendor: ), task resources: Map(cpus -> name: cpus, amount: 1.0)
[2026-06-08T13:31:36.683+0000] {subprocess.py:93} INFO - 26/06/08 13:31:36 INFO ResourceProfile: Limiting resource is cpus at 1 tasks per executor
[2026-06-08T13:31:36.688+0000] {subprocess.py:93} INFO - 26/06/08 13:31:36 INFO ResourceProfileManager: Added ResourceProfile id: 0
[2026-06-08T13:31:36.809+0000] {subprocess.py:93} INFO - 26/06/08 13:31:36 INFO SecurityManager: Changing view acls to: spark
[2026-06-08T13:31:36.814+0000] {subprocess.py:93} INFO - 26/06/08 13:31:36 INFO SecurityManager: Changing modify acls to: spark
[2026-06-08T13:31:36.815+0000] {subprocess.py:93} INFO - 26/06/08 13:31:36 INFO SecurityManager: Changing view acls groups to:
[2026-06-08T13:31:36.816+0000] {subprocess.py:93} INFO - 26/06/08 13:31:36 INFO SecurityManager: Changing modify acls groups to:
[2026-06-08T13:31:36.818+0000] {subprocess.py:93} INFO - 26/06/08 13:31:36 INFO SecurityManager: SecurityManager: authentication disabled; ui acls disabled; users with view permissions: spark; groups with view permissions: EMPTY; users with modify permissions: spark; groups with modify permissions: EMPTY
[2026-06-08T13:31:37.227+0000] {subprocess.py:93} INFO - 26/06/08 13:31:37 INFO Utils: Successfully started service 'sparkDriver' on port 35551.
[2026-06-08T13:31:37.274+0000] {subprocess.py:93} INFO - 26/06/08 13:31:37 INFO SparkEnv: Registering MapOutputTracker
[2026-06-08T13:31:37.329+0000] {subprocess.py:93} INFO - 26/06/08 13:31:37 INFO SparkEnv: Registering BlockManagerMaster
[2026-06-08T13:31:37.370+0000] {subprocess.py:93} INFO - 26/06/08 13:31:37 INFO BlockManagerMasterEndpoint: Using org.apache.spark.storage.DefaultTopologyMapper for getting topology information
[2026-06-08T13:31:37.376+0000] {subprocess.py:93} INFO - 26/06/08 13:31:37 INFO BlockManagerMasterEndpoint: BlockManagerMasterEndpoint up
[2026-06-08T13:31:37.380+0000] {subprocess.py:93} INFO - 26/06/08 13:31:37 INFO SparkEnv: Registering BlockManagerMasterHeartbeat
[2026-06-08T13:31:37.416+0000] {subprocess.py:93} INFO - 26/06/08 13:31:37 INFO DiskBlockManager: Created local directory at /tmp/blockmgr-9928d1e1-5a90-47e5-a24d-f90a117af1f2
[2026-06-08T13:31:37.443+0000] {subprocess.py:93} INFO - 26/06/08 13:31:37 INFO MemoryStore: MemoryStore started with capacity 434.4 MiB
[2026-06-08T13:31:37.475+0000] {subprocess.py:93} INFO - 26/06/08 13:31:37 INFO SparkEnv: Registering OutputCommitCoordinator
[2026-06-08T13:31:37.748+0000] {subprocess.py:93} INFO - 26/06/08 13:31:37 INFO JettyUtils: Start Jetty 0.0.0.0:4040 for SparkUI
[2026-06-08T13:31:37.860+0000] {subprocess.py:93} INFO - 26/06/08 13:31:37 INFO Utils: Successfully started service 'SparkUI' on port 4040.
[2026-06-08T13:31:37.933+0000] {subprocess.py:93} INFO - 26/06/08 13:31:37 INFO SparkContext: Added JAR file:///opt/jars/delta-spark_2.12-3.2.0.jar at spark://a626db656fdf:35551/jars/delta-spark_2.12-3.2.0.jar with timestamp 1780925496495
[2026-06-08T13:31:37.936+0000] {subprocess.py:93} INFO - 26/06/08 13:31:37 INFO SparkContext: Added JAR file:///opt/jars/delta-storage-3.2.0.jar at spark://a626db656fdf:35551/jars/delta-storage-3.2.0.jar with timestamp 1780925496495
[2026-06-08T13:31:37.938+0000] {subprocess.py:93} INFO - 26/06/08 13:31:37 INFO SparkContext: Added JAR file:///opt/jars/spark-sql-kafka-0-10_2.12-3.5.1.jar at spark://a626db656fdf:35551/jars/spark-sql-kafka-0-10_2.12-3.5.1.jar with timestamp 1780925496495
[2026-06-08T13:31:37.940+0000] {subprocess.py:93} INFO - 26/06/08 13:31:37 INFO SparkContext: Added JAR file:///opt/jars/kafka-clients-3.4.1.jar at spark://a626db656fdf:35551/jars/kafka-clients-3.4.1.jar with timestamp 1780925496495
[2026-06-08T13:31:37.942+0000] {subprocess.py:93} INFO - 26/06/08 13:31:37 INFO SparkContext: Added JAR file:///opt/jars/spark-token-provider-kafka-0-10_2.12-3.5.1.jar at spark://a626db656fdf:35551/jars/spark-token-provider-kafka-0-10_2.12-3.5.1.jar with timestamp 1780925496495
[2026-06-08T13:31:37.945+0000] {subprocess.py:93} INFO - 26/06/08 13:31:37 INFO SparkContext: Added JAR file:///opt/jars/commons-pool2-2.11.1.jar at spark://a626db656fdf:35551/jars/commons-pool2-2.11.1.jar with timestamp 1780925496495
[2026-06-08T13:31:38.097+0000] {subprocess.py:93} INFO - 26/06/08 13:31:38 INFO StandaloneAppClient$ClientEndpoint: Connecting to master spark://sdp-spark-master:7077...
[2026-06-08T13:31:38.179+0000] {subprocess.py:93} INFO - 26/06/08 13:31:38 INFO TransportClientFactory: Successfully created connection to sdp-spark-master/172.18.0.4:7077 after 50 ms (0 ms spent in bootstraps)
[2026-06-08T13:31:38.325+0000] {subprocess.py:93} INFO - 26/06/08 13:31:38 INFO StandaloneSchedulerBackend: Connected to Spark cluster with app ID app-20260608133138-0003
[2026-06-08T13:31:38.336+0000] {subprocess.py:93} INFO - 26/06/08 13:31:38 INFO StandaloneAppClient$ClientEndpoint: Executor added: app-20260608133138-0003/0 on worker-20260608131402-172.18.0.6-44005 (172.18.0.6:44005) with 1 core(s)
[2026-06-08T13:31:38.352+0000] {subprocess.py:93} INFO - 26/06/08 13:31:38 INFO StandaloneSchedulerBackend: Granted executor ID app-20260608133138-0003/0 on hostPort 172.18.0.6:44005 with 1 core(s), 512.0 MiB RAM
[2026-06-08T13:31:38.356+0000] {subprocess.py:93} INFO - 26/06/08 13:31:38 INFO StandaloneAppClient$ClientEndpoint: Executor added: app-20260608133138-0003/1 on worker-20260608131402-172.18.0.6-44005 (172.18.0.6:44005) with 1 core(s)
[2026-06-08T13:31:38.357+0000] {subprocess.py:93} INFO - 26/06/08 13:31:38 INFO StandaloneSchedulerBackend: Granted executor ID app-20260608133138-0003/1 on hostPort 172.18.0.6:44005 with 1 core(s), 512.0 MiB RAM
[2026-06-08T13:31:38.364+0000] {subprocess.py:93} INFO - 26/06/08 13:31:38 INFO StandaloneAppClient$ClientEndpoint: Executor added: app-20260608133138-0003/2 on worker-20260608131402-172.18.0.5-38399 (172.18.0.5:38399) with 1 core(s)
[2026-06-08T13:31:38.365+0000] {subprocess.py:93} INFO - 26/06/08 13:31:38 INFO StandaloneSchedulerBackend: Granted executor ID app-20260608133138-0003/2 on hostPort 172.18.0.5:38399 with 1 core(s), 512.0 MiB RAM
[2026-06-08T13:31:38.439+0000] {subprocess.py:93} INFO - 26/06/08 13:31:38 INFO Utils: Successfully started service 'org.apache.spark.network.netty.NettyBlockTransferService' on port 35407.
[2026-06-08T13:31:38.446+0000] {subprocess.py:93} INFO - 26/06/08 13:31:38 INFO NettyBlockTransferService: Server created on a626db656fdf:35407
[2026-06-08T13:31:38.447+0000] {subprocess.py:93} INFO - 26/06/08 13:31:38 INFO BlockManager: Using org.apache.spark.storage.RandomBlockReplicationPolicy for block replication policy
[2026-06-08T13:31:38.660+0000] {subprocess.py:93} INFO - 26/06/08 13:31:38 INFO StandaloneAppClient$ClientEndpoint: Executor updated: app-20260608133138-0003/0 is now RUNNING
[2026-06-08T13:31:38.662+0000] {subprocess.py:93} INFO - 26/06/08 13:31:38 INFO StandaloneAppClient$ClientEndpoint: Executor updated: app-20260608133138-0003/2 is now RUNNING
[2026-06-08T13:31:38.673+0000] {subprocess.py:93} INFO - 26/06/08 13:31:38 INFO BlockManagerMaster: Registering BlockManager BlockManagerId(driver, a626db656fdf, 35407, None)
[2026-06-08T13:31:38.690+0000] {subprocess.py:93} INFO - 26/06/08 13:31:38 INFO StandaloneAppClient$ClientEndpoint: Executor updated: app-20260608133138-0003/1 is now RUNNING
[2026-06-08T13:31:38.706+0000] {subprocess.py:93} INFO - 26/06/08 13:31:38 INFO BlockManagerMasterEndpoint: Registering block manager a626db656fdf:35407 with 434.4 MiB RAM, BlockManagerId(driver, a626db656fdf, 35407, None)
[2026-06-08T13:31:38.724+0000] {subprocess.py:93} INFO - 26/06/08 13:31:38 INFO BlockManagerMaster: Registered BlockManager BlockManagerId(driver, a626db656fdf, 35407, None)
[2026-06-08T13:31:38.728+0000] {subprocess.py:93} INFO - 26/06/08 13:31:38 INFO BlockManager: Initialized BlockManager: BlockManagerId(driver, a626db656fdf, 35407, None)
[2026-06-08T13:31:39.706+0000] {subprocess.py:93} INFO - 26/06/08 13:31:39 INFO StandaloneSchedulerBackend: SchedulerBackend is ready for scheduling beginning after reached minRegisteredResourcesRatio: 0.0
[2026-06-08T13:31:40.992+0000] {subprocess.py:93} INFO - Starting stream: orders -> /opt/data/bronze/orders
[2026-06-08T13:32:13.849+0000] {subprocess.py:93} INFO - 26/06/08 13:32:13 WARN ResolveWriteToStream: spark.sql.adaptive.enabled is not supported in streaming DataFrames/Datasets and will be disabled.
[2026-06-08T13:32:14.527+0000] {subprocess.py:93} INFO - Starting stream: customers -> /opt/data/bronze/customers
[2026-06-08T13:32:20.302+0000] {subprocess.py:93} INFO - 26/06/08 13:32:20 WARN SparkStringUtils: Truncated the string representation of a plan since it was too large. This behavior can be adjusted by setting 'spark.sql.debug.maxToStringFields'.
[2026-06-08T13:32:22.081+0000] {subprocess.py:93} INFO - 26/06/08 13:32:22 WARN ResolveWriteToStream: spark.sql.adaptive.enabled is not supported in streaming DataFrames/Datasets and will be disabled.
[2026-06-08T13:32:22.354+0000] {subprocess.py:93} INFO - Starting stream: products -> /opt/data/bronze/products
[2026-06-08T13:32:23.908+0000] {subprocess.py:93} INFO - 26/06/08 13:32:23 WARN ResolveWriteToStream: spark.sql.adaptive.enabled is not supported in streaming DataFrames/Datasets and will be disabled.
[2026-06-08T13:33:00.537+0000] {subprocess.py:93} INFO - 26/06/08 13:33:00 WARN Dispatcher: Message RequestMessage(172.18.0.6:59722, NettyRpcEndpointRef(spark://CoarseGrainedScheduler@a626db656fdf:35551), StatusUpdate(0,63,FINISHED,org.apache.spark.util.SerializableBuffer@6add0e99,1,Map())) dropped due to sparkEnv is stopped. Could not find CoarseGrainedScheduler.
[2026-06-08T13:33:01.926+0000] {subprocess.py:97} INFO - Command exited with return code 124
[2026-06-08T13:33:01.933+0000] {taskinstance.py:441} INFO - ::group::Post task execution logs
[2026-06-08T13:33:01.981+0000] {taskinstance.py:2890} ERROR - Task failed with exception
Traceback (most recent call last):
  File "/home/airflow/.local/lib/python3.12/site-packages/airflow/models/taskinstance.py", line 465, in _execute_task
    result = _execute_callable(context=context, **execute_callable_kwargs)
             ^^^^^^^^^^^^^^^^^^^^^^^^^^^^^^^^^^^^^^^^^^^^^^^^^^^^^^^^^^^^^
  File "/home/airflow/.local/lib/python3.12/site-packages/airflow/models/taskinstance.py", line 432, in _execute_callable
    return execute_callable(context=context, **execute_callable_kwargs)
           ^^^^^^^^^^^^^^^^^^^^^^^^^^^^^^^^^^^^^^^^^^^^^^^^^^^^^^^^^^^^
  File "/home/airflow/.local/lib/python3.12/site-packages/airflow/models/baseoperator.py", line 400, in wrapper
    return func(self, *args, **kwargs)
           ^^^^^^^^^^^^^^^^^^^^^^^^^^^
  File "/home/airflow/.local/lib/python3.12/site-packages/airflow/operators/bash.py", line 243, in execute
    raise AirflowException(
airflow.exceptions.AirflowException: Bash command failed. The command returned a non-zero exit code 124.
[2026-06-08T13:33:01.992+0000] {taskinstance.py:1205} INFO - Marking task as FAILED. dag_id=e-commerce_kafka_streaming_pipeline_v10, task_id=run_bronze, execution_date=20260608T120000, start_date=20260608T133129, end_date=20260608T133301
[2026-06-08T13:33:02.031+0000] {standard_task_runner.py:110} ERROR - Failed to execute job 44 for task run_bronze (Bash command failed. The command returned a non-zero exit code 124.; 326)
[2026-06-08T13:33:02.077+0000] {local_task_job_runner.py:240} INFO - Task exited with return code 1
[2026-06-08T13:33:02.152+0000] {taskinstance.py:3482} INFO - 0 downstream tasks scheduled from follow-on schedule check
[2026-06-08T13:33:02.166+0000] {local_task_job_runner.py:222} INFO - ::endgroup::
[2026-06-08T13:38:55.455+0000] {local_task_job_runner.py:120} INFO - ::group::Pre task execution logs
[2026-06-08T13:38:55.518+0000] {taskinstance.py:2073} INFO - Dependencies all met for dep_context=non-requeueable deps ti=<TaskInstance: e-commerce_kafka_streaming_pipeline_v10.run_bronze scheduled__2026-06-08T12:00:00+00:00 [queued]>
[2026-06-08T13:38:55.537+0000] {taskinstance.py:2073} INFO - Dependencies all met for dep_context=requeueable deps ti=<TaskInstance: e-commerce_kafka_streaming_pipeline_v10.run_bronze scheduled__2026-06-08T12:00:00+00:00 [queued]>
[2026-06-08T13:38:55.538+0000] {taskinstance.py:2303} INFO - Starting attempt 2 of 2
[2026-06-08T13:38:55.565+0000] {taskinstance.py:2327} INFO - Executing <Task(BashOperator): run_bronze> on 2026-06-08 12:00:00+00:00
[2026-06-08T13:38:55.579+0000] {standard_task_runner.py:90} INFO - Running: ['***', 'tasks', 'run', 'e-commerce_kafka_streaming_pipeline_v10', 'run_bronze', 'scheduled__2026-06-08T12:00:00+00:00', '--job-id', '50', '--raw', '--subdir', 'DAGS_FOLDER/sdp_pipeline_dag.py', '--cfg-path', '/tmp/tmpjsts1wc6']
[2026-06-08T13:38:55.585+0000] {standard_task_runner.py:91} INFO - Job 50: Subtask run_bronze
[2026-06-08T13:38:55.586+0000] {logging_mixin.py:188} WARNING - /home/***/.local/lib/python3.12/site-packages/***/task/task_runner/standard_task_runner.py:61 DeprecationWarning: This process (pid=477) is multi-threaded, use of fork() may lead to deadlocks in the child.
[2026-06-08T13:38:55.588+0000] {standard_task_runner.py:63} INFO - Started process 478 to run task
[2026-06-08T13:38:55.689+0000] {task_command.py:426} INFO - Running <TaskInstance: e-commerce_kafka_streaming_pipeline_v10.run_bronze scheduled__2026-06-08T12:00:00+00:00 [running]> on host 19d9c0c71dcc
[2026-06-08T13:38:55.840+0000] {taskinstance.py:2644} INFO - Exporting env vars: AIRFLOW_CTX_DAG_OWNER='dev' AIRFLOW_CTX_DAG_ID='e-commerce_kafka_streaming_pipeline_v10' AIRFLOW_CTX_TASK_ID='run_bronze' AIRFLOW_CTX_EXECUTION_DATE='2026-06-08T12:00:00+00:00' AIRFLOW_CTX_TRY_NUMBER='2' AIRFLOW_CTX_DAG_RUN_ID='scheduled__2026-06-08T12:00:00+00:00'
[2026-06-08T13:38:55.841+0000] {taskinstance.py:430} INFO - ::endgroup::
[2026-06-08T13:38:55.873+0000] {subprocess.py:63} INFO - Tmp dir root location: /tmp
[2026-06-08T13:38:55.877+0000] {subprocess.py:75} INFO - Running command: ['/usr/bin/bash', '-c', 'timeout 90s docker run --rm --network streaming_kafka_project_sdp-net --volume /d/Streaming_kafka_project/pipelines:/opt/pipelines --volume /d/Streaming_kafka_project/data:/opt/data --volume /d/Streaming_kafka_project/checkpoints:/opt/checkpoints --volume /d/Streaming_kafka_project/jars:/opt/jars apache/spark:3.5.1 /opt/spark/bin/spark-submit --master spark://sdp-spark-master:7077 --executor-cores 1 --executor-memory 512m --total-executor-cores 3 --jars /opt/jars/delta-spark_2.12-3.2.0.jar,/opt/jars/delta-storage-3.2.0.jar,/opt/jars/spark-sql-kafka-0-10_2.12-3.5.1.jar,/opt/jars/kafka-clients-3.4.1.jar,/opt/jars/spark-token-provider-kafka-0-10_2.12-3.5.1.jar,/opt/jars/commons-pool2-2.11.1.jar --conf spark.sql.extensions=io.delta.sql.DeltaSparkSessionExtension --conf spark.sql.catalog.spark_catalog=org.apache.spark.sql.delta.catalog.DeltaCatalog  /opt/pipelines/bronze_runner.py']
[2026-06-08T13:38:55.894+0000] {subprocess.py:86} INFO - Output:
[2026-06-08T13:39:04.926+0000] {subprocess.py:93} INFO - 26/06/08 13:39:04 WARN NativeCodeLoader: Unable to load native-hadoop library for your platform... using builtin-java classes where applicable
[2026-06-08T13:39:06.341+0000] {subprocess.py:93} INFO - 26/06/08 13:39:06 INFO SparkContext: Running Spark version 3.5.1
[2026-06-08T13:39:06.342+0000] {subprocess.py:93} INFO - 26/06/08 13:39:06 INFO SparkContext: OS info Linux, 6.6.114.1-microsoft-standard-WSL2, amd64
[2026-06-08T13:39:06.344+0000] {subprocess.py:93} INFO - 26/06/08 13:39:06 INFO SparkContext: Java version 11.0.22
[2026-06-08T13:39:06.406+0000] {subprocess.py:93} INFO - 26/06/08 13:39:06 INFO ResourceUtils: ==============================================================
[2026-06-08T13:39:06.408+0000] {subprocess.py:93} INFO - 26/06/08 13:39:06 INFO ResourceUtils: No custom resources configured for spark.driver.
[2026-06-08T13:39:06.410+0000] {subprocess.py:93} INFO - 26/06/08 13:39:06 INFO ResourceUtils: ==============================================================
[2026-06-08T13:39:06.411+0000] {subprocess.py:93} INFO - 26/06/08 13:39:06 INFO SparkContext: Submitted application: SDP-Bronze
[2026-06-08T13:39:06.462+0000] {subprocess.py:93} INFO - 26/06/08 13:39:06 INFO ResourceProfile: Default ResourceProfile created, executor resources: Map(cores -> name: cores, amount: 1, script: , vendor: , memory -> name: memory, amount: 512, script: , vendor: , offHeap -> name: offHeap, amount: 0, script: , vendor: ), task resources: Map(cpus -> name: cpus, amount: 1.0)
[2026-06-08T13:39:06.499+0000] {subprocess.py:93} INFO - 26/06/08 13:39:06 INFO ResourceProfile: Limiting resource is cpus at 1 tasks per executor
[2026-06-08T13:39:06.508+0000] {subprocess.py:93} INFO - 26/06/08 13:39:06 INFO ResourceProfileManager: Added ResourceProfile id: 0
[2026-06-08T13:39:06.618+0000] {subprocess.py:93} INFO - 26/06/08 13:39:06 INFO SecurityManager: Changing view acls to: spark
[2026-06-08T13:39:06.621+0000] {subprocess.py:93} INFO - 26/06/08 13:39:06 INFO SecurityManager: Changing modify acls to: spark
[2026-06-08T13:39:06.624+0000] {subprocess.py:93} INFO - 26/06/08 13:39:06 INFO SecurityManager: Changing view acls groups to:
[2026-06-08T13:39:06.626+0000] {subprocess.py:93} INFO - 26/06/08 13:39:06 INFO SecurityManager: Changing modify acls groups to:
[2026-06-08T13:39:06.627+0000] {subprocess.py:93} INFO - 26/06/08 13:39:06 INFO SecurityManager: SecurityManager: authentication disabled; ui acls disabled; users with view permissions: spark; groups with view permissions: EMPTY; users with modify permissions: spark; groups with modify permissions: EMPTY
[2026-06-08T13:39:07.030+0000] {subprocess.py:93} INFO - 26/06/08 13:39:07 INFO Utils: Successfully started service 'sparkDriver' on port 36391.
[2026-06-08T13:39:07.081+0000] {subprocess.py:93} INFO - 26/06/08 13:39:07 INFO SparkEnv: Registering MapOutputTracker
[2026-06-08T13:39:07.158+0000] {subprocess.py:93} INFO - 26/06/08 13:39:07 INFO SparkEnv: Registering BlockManagerMaster
[2026-06-08T13:39:07.222+0000] {subprocess.py:93} INFO - 26/06/08 13:39:07 INFO BlockManagerMasterEndpoint: Using org.apache.spark.storage.DefaultTopologyMapper for getting topology information
[2026-06-08T13:39:07.223+0000] {subprocess.py:93} INFO - 26/06/08 13:39:07 INFO BlockManagerMasterEndpoint: BlockManagerMasterEndpoint up
[2026-06-08T13:39:07.231+0000] {subprocess.py:93} INFO - 26/06/08 13:39:07 INFO SparkEnv: Registering BlockManagerMasterHeartbeat
[2026-06-08T13:39:07.278+0000] {subprocess.py:93} INFO - 26/06/08 13:39:07 INFO DiskBlockManager: Created local directory at /tmp/blockmgr-d9c8d7bc-f3bd-4639-8f80-93fdc610558e
[2026-06-08T13:39:07.305+0000] {subprocess.py:93} INFO - 26/06/08 13:39:07 INFO MemoryStore: MemoryStore started with capacity 434.4 MiB
[2026-06-08T13:39:07.337+0000] {subprocess.py:93} INFO - 26/06/08 13:39:07 INFO SparkEnv: Registering OutputCommitCoordinator
[2026-06-08T13:39:07.645+0000] {subprocess.py:93} INFO - 26/06/08 13:39:07 INFO JettyUtils: Start Jetty 0.0.0.0:4040 for SparkUI
[2026-06-08T13:39:07.767+0000] {subprocess.py:93} INFO - 26/06/08 13:39:07 INFO Utils: Successfully started service 'SparkUI' on port 4040.
[2026-06-08T13:39:07.832+0000] {subprocess.py:93} INFO - 26/06/08 13:39:07 INFO SparkContext: Added JAR file:///opt/jars/delta-spark_2.12-3.2.0.jar at spark://0aefe34c0941:36391/jars/delta-spark_2.12-3.2.0.jar with timestamp 1780925946314
[2026-06-08T13:39:07.836+0000] {subprocess.py:93} INFO - 26/06/08 13:39:07 INFO SparkContext: Added JAR file:///opt/jars/delta-storage-3.2.0.jar at spark://0aefe34c0941:36391/jars/delta-storage-3.2.0.jar with timestamp 1780925946314
[2026-06-08T13:39:07.838+0000] {subprocess.py:93} INFO - 26/06/08 13:39:07 INFO SparkContext: Added JAR file:///opt/jars/spark-sql-kafka-0-10_2.12-3.5.1.jar at spark://0aefe34c0941:36391/jars/spark-sql-kafka-0-10_2.12-3.5.1.jar with timestamp 1780925946314
[2026-06-08T13:39:07.839+0000] {subprocess.py:93} INFO - 26/06/08 13:39:07 INFO SparkContext: Added JAR file:///opt/jars/kafka-clients-3.4.1.jar at spark://0aefe34c0941:36391/jars/kafka-clients-3.4.1.jar with timestamp 1780925946314
[2026-06-08T13:39:07.841+0000] {subprocess.py:93} INFO - 26/06/08 13:39:07 INFO SparkContext: Added JAR file:///opt/jars/spark-token-provider-kafka-0-10_2.12-3.5.1.jar at spark://0aefe34c0941:36391/jars/spark-token-provider-kafka-0-10_2.12-3.5.1.jar with timestamp 1780925946314
[2026-06-08T13:39:07.843+0000] {subprocess.py:93} INFO - 26/06/08 13:39:07 INFO SparkContext: Added JAR file:///opt/jars/commons-pool2-2.11.1.jar at spark://0aefe34c0941:36391/jars/commons-pool2-2.11.1.jar with timestamp 1780925946314
[2026-06-08T13:39:07.995+0000] {subprocess.py:93} INFO - 26/06/08 13:39:07 INFO StandaloneAppClient$ClientEndpoint: Connecting to master spark://sdp-spark-master:7077...
[2026-06-08T13:39:08.078+0000] {subprocess.py:93} INFO - 26/06/08 13:39:08 INFO TransportClientFactory: Successfully created connection to sdp-spark-master/172.18.0.4:7077 after 49 ms (0 ms spent in bootstraps)
[2026-06-08T13:39:08.214+0000] {subprocess.py:93} INFO - 26/06/08 13:39:08 INFO StandaloneSchedulerBackend: Connected to Spark cluster with app ID app-20260608133908-0007
[2026-06-08T13:39:08.224+0000] {subprocess.py:93} INFO - 26/06/08 13:39:08 INFO StandaloneAppClient$ClientEndpoint: Executor added: app-20260608133908-0007/0 on worker-20260608131402-172.18.0.6-44005 (172.18.0.6:44005) with 1 core(s)
[2026-06-08T13:39:08.243+0000] {subprocess.py:93} INFO - 26/06/08 13:39:08 INFO StandaloneSchedulerBackend: Granted executor ID app-20260608133908-0007/0 on hostPort 172.18.0.6:44005 with 1 core(s), 512.0 MiB RAM
[2026-06-08T13:39:08.245+0000] {subprocess.py:93} INFO - 26/06/08 13:39:08 INFO StandaloneAppClient$ClientEndpoint: Executor added: app-20260608133908-0007/1 on worker-20260608131402-172.18.0.6-44005 (172.18.0.6:44005) with 1 core(s)
[2026-06-08T13:39:08.248+0000] {subprocess.py:93} INFO - 26/06/08 13:39:08 INFO StandaloneSchedulerBackend: Granted executor ID app-20260608133908-0007/1 on hostPort 172.18.0.6:44005 with 1 core(s), 512.0 MiB RAM
[2026-06-08T13:39:08.253+0000] {subprocess.py:93} INFO - 26/06/08 13:39:08 INFO StandaloneAppClient$ClientEndpoint: Executor added: app-20260608133908-0007/2 on worker-20260608131402-172.18.0.5-38399 (172.18.0.5:38399) with 1 core(s)
[2026-06-08T13:39:08.261+0000] {subprocess.py:93} INFO - 26/06/08 13:39:08 INFO StandaloneSchedulerBackend: Granted executor ID app-20260608133908-0007/2 on hostPort 172.18.0.5:38399 with 1 core(s), 512.0 MiB RAM
[2026-06-08T13:39:08.270+0000] {subprocess.py:93} INFO - 26/06/08 13:39:08 INFO Utils: Successfully started service 'org.apache.spark.network.netty.NettyBlockTransferService' on port 35767.
[2026-06-08T13:39:08.274+0000] {subprocess.py:93} INFO - 26/06/08 13:39:08 INFO NettyBlockTransferService: Server created on 0aefe34c0941:35767
[2026-06-08T13:39:08.289+0000] {subprocess.py:93} INFO - 26/06/08 13:39:08 INFO BlockManager: Using org.apache.spark.storage.RandomBlockReplicationPolicy for block replication policy
[2026-06-08T13:39:08.345+0000] {subprocess.py:93} INFO - 26/06/08 13:39:08 INFO BlockManagerMaster: Registering BlockManager BlockManagerId(driver, 0aefe34c0941, 35767, None)
[2026-06-08T13:39:08.369+0000] {subprocess.py:93} INFO - 26/06/08 13:39:08 INFO BlockManagerMasterEndpoint: Registering block manager 0aefe34c0941:35767 with 434.4 MiB RAM, BlockManagerId(driver, 0aefe34c0941, 35767, None)
[2026-06-08T13:39:08.390+0000] {subprocess.py:93} INFO - 26/06/08 13:39:08 INFO BlockManagerMaster: Registered BlockManager BlockManagerId(driver, 0aefe34c0941, 35767, None)
[2026-06-08T13:39:08.393+0000] {subprocess.py:93} INFO - 26/06/08 13:39:08 INFO StandaloneAppClient$ClientEndpoint: Executor updated: app-20260608133908-0007/2 is now RUNNING
[2026-06-08T13:39:08.400+0000] {subprocess.py:93} INFO - 26/06/08 13:39:08 INFO BlockManager: Initialized BlockManager: BlockManagerId(driver, 0aefe34c0941, 35767, None)
[2026-06-08T13:39:08.558+0000] {subprocess.py:93} INFO - 26/06/08 13:39:08 INFO StandaloneAppClient$ClientEndpoint: Executor updated: app-20260608133908-0007/0 is now RUNNING
[2026-06-08T13:39:08.614+0000] {subprocess.py:93} INFO - 26/06/08 13:39:08 INFO StandaloneAppClient$ClientEndpoint: Executor updated: app-20260608133908-0007/1 is now RUNNING
[2026-06-08T13:39:09.299+0000] {subprocess.py:93} INFO - 26/06/08 13:39:09 INFO StandaloneSchedulerBackend: SchedulerBackend is ready for scheduling beginning after reached minRegisteredResourcesRatio: 0.0
[2026-06-08T13:39:10.186+0000] {subprocess.py:93} INFO - Starting stream: orders -> /opt/data/bronze/orders
[2026-06-08T13:39:45.341+0000] {subprocess.py:93} INFO - 26/06/08 13:39:45 WARN ResolveWriteToStream: spark.sql.adaptive.enabled is not supported in streaming DataFrames/Datasets and will be disabled.
[2026-06-08T13:39:46.020+0000] {subprocess.py:93} INFO - Starting stream: customers -> /opt/data/bronze/customers
[2026-06-08T13:39:50.248+0000] {subprocess.py:93} INFO - 26/06/08 13:39:50 WARN ResolveWriteToStream: spark.sql.adaptive.enabled is not supported in streaming DataFrames/Datasets and will be disabled.
[2026-06-08T13:39:50.423+0000] {subprocess.py:93} INFO - Starting stream: products -> /opt/data/bronze/products
[2026-06-08T13:40:00.940+0000] {subprocess.py:93} INFO - 26/06/08 13:40:00 WARN SparkStringUtils: Truncated the string representation of a plan since it was too large. This behavior can be adjusted by setting 'spark.sql.debug.maxToStringFields'.
[2026-06-08T13:40:14.616+0000] {subprocess.py:93} INFO - 26/06/08 13:40:14 WARN ResolveWriteToStream: spark.sql.adaptive.enabled is not supported in streaming DataFrames/Datasets and will be disabled.
[2026-06-08T13:40:29.069+0000] {subprocess.py:97} INFO - Command exited with return code 124
[2026-06-08T13:40:29.077+0000] {taskinstance.py:441} INFO - ::group::Post task execution logs
[2026-06-08T13:40:29.169+0000] {taskinstance.py:2890} ERROR - Task failed with exception
Traceback (most recent call last):
  File "/home/airflow/.local/lib/python3.12/site-packages/airflow/models/taskinstance.py", line 465, in _execute_task
    result = _execute_callable(context=context, **execute_callable_kwargs)
             ^^^^^^^^^^^^^^^^^^^^^^^^^^^^^^^^^^^^^^^^^^^^^^^^^^^^^^^^^^^^^
  File "/home/airflow/.local/lib/python3.12/site-packages/airflow/models/taskinstance.py", line 432, in _execute_callable
    return execute_callable(context=context, **execute_callable_kwargs)
           ^^^^^^^^^^^^^^^^^^^^^^^^^^^^^^^^^^^^^^^^^^^^^^^^^^^^^^^^^^^^
  File "/home/airflow/.local/lib/python3.12/site-packages/airflow/models/baseoperator.py", line 400, in wrapper
    return func(self, *args, **kwargs)
           ^^^^^^^^^^^^^^^^^^^^^^^^^^^
  File "/home/airflow/.local/lib/python3.12/site-packages/airflow/operators/bash.py", line 243, in execute
    raise AirflowException(
airflow.exceptions.AirflowException: Bash command failed. The command returned a non-zero exit code 124.
[2026-06-08T13:40:29.193+0000] {taskinstance.py:1205} INFO - Marking task as FAILED. dag_id=e-commerce_kafka_streaming_pipeline_v10, task_id=run_bronze, execution_date=20260608T120000, start_date=20260608T133855, end_date=20260608T134029
[2026-06-08T13:40:29.264+0000] {standard_task_runner.py:110} ERROR - Failed to execute job 50 for task run_bronze (Bash command failed. The command returned a non-zero exit code 124.; 478)
[2026-06-08T13:40:29.296+0000] {local_task_job_runner.py:240} INFO - Task exited with return code 1
[2026-06-08T13:40:29.429+0000] {taskinstance.py:3482} INFO - 0 downstream tasks scheduled from follow-on schedule check
[2026-06-08T13:40:29.451+0000] {local_task_job_runner.py:222} INFO - ::endgroup::
[2026-06-08T13:45:54.241+0000] {local_task_job_runner.py:120} INFO - ::group::Pre task execution logs
[2026-06-08T13:45:54.311+0000] {taskinstance.py:2073} INFO - Dependencies all met for dep_context=non-requeueable deps ti=<TaskInstance: e-commerce_kafka_streaming_pipeline_v10.run_bronze scheduled__2026-06-08T12:00:00+00:00 [queued]>
[2026-06-08T13:45:54.329+0000] {taskinstance.py:2073} INFO - Dependencies all met for dep_context=requeueable deps ti=<TaskInstance: e-commerce_kafka_streaming_pipeline_v10.run_bronze scheduled__2026-06-08T12:00:00+00:00 [queued]>
[2026-06-08T13:45:54.332+0000] {taskinstance.py:2303} INFO - Starting attempt 2 of 2
[2026-06-08T13:45:54.360+0000] {taskinstance.py:2327} INFO - Executing <Task(BashOperator): run_bronze> on 2026-06-08 12:00:00+00:00
[2026-06-08T13:45:54.377+0000] {standard_task_runner.py:90} INFO - Running: ['***', 'tasks', 'run', 'e-commerce_kafka_streaming_pipeline_v10', 'run_bronze', 'scheduled__2026-06-08T12:00:00+00:00', '--job-id', '56', '--raw', '--subdir', 'DAGS_FOLDER/sdp_pipeline_dag.py', '--cfg-path', '/tmp/tmp7_ksohsk']
[2026-06-08T13:45:54.384+0000] {logging_mixin.py:188} WARNING - /home/***/.local/lib/python3.12/site-packages/***/task/task_runner/standard_task_runner.py:61 DeprecationWarning: This process (pid=619) is multi-threaded, use of fork() may lead to deadlocks in the child.
[2026-06-08T13:45:54.385+0000] {standard_task_runner.py:91} INFO - Job 56: Subtask run_bronze
[2026-06-08T13:45:54.385+0000] {standard_task_runner.py:63} INFO - Started process 620 to run task
[2026-06-08T13:45:54.534+0000] {task_command.py:426} INFO - Running <TaskInstance: e-commerce_kafka_streaming_pipeline_v10.run_bronze scheduled__2026-06-08T12:00:00+00:00 [running]> on host 19d9c0c71dcc
[2026-06-08T13:45:54.706+0000] {taskinstance.py:2644} INFO - Exporting env vars: AIRFLOW_CTX_DAG_OWNER='dev' AIRFLOW_CTX_DAG_ID='e-commerce_kafka_streaming_pipeline_v10' AIRFLOW_CTX_TASK_ID='run_bronze' AIRFLOW_CTX_EXECUTION_DATE='2026-06-08T12:00:00+00:00' AIRFLOW_CTX_TRY_NUMBER='2' AIRFLOW_CTX_DAG_RUN_ID='scheduled__2026-06-08T12:00:00+00:00'
[2026-06-08T13:45:54.707+0000] {taskinstance.py:430} INFO - ::endgroup::
[2026-06-08T13:45:54.739+0000] {subprocess.py:63} INFO - Tmp dir root location: /tmp
[2026-06-08T13:45:54.746+0000] {subprocess.py:75} INFO - Running command: ['/usr/bin/bash', '-c', 'timeout 120s docker run --rm --network streaming_kafka_project_sdp-net --volume /d/Streaming_kafka_project/pipelines:/opt/pipelines --volume /d/Streaming_kafka_project/data:/opt/data --volume /d/Streaming_kafka_project/checkpoints:/opt/checkpoints --volume /d/Streaming_kafka_project/jars:/opt/jars apache/spark:3.5.1 /opt/spark/bin/spark-submit --master spark://sdp-spark-master:7077 --executor-cores 1 --executor-memory 512m --total-executor-cores 3 --jars /opt/jars/delta-spark_2.12-3.2.0.jar,/opt/jars/delta-storage-3.2.0.jar,/opt/jars/spark-sql-kafka-0-10_2.12-3.5.1.jar,/opt/jars/kafka-clients-3.4.1.jar,/opt/jars/spark-token-provider-kafka-0-10_2.12-3.5.1.jar,/opt/jars/commons-pool2-2.11.1.jar --conf spark.sql.extensions=io.delta.sql.DeltaSparkSessionExtension --conf spark.sql.catalog.spark_catalog=org.apache.spark.sql.delta.catalog.DeltaCatalog  /opt/pipelines/bronze_runner.py']
[2026-06-08T13:45:54.763+0000] {subprocess.py:86} INFO - Output:
[2026-06-08T13:45:59.970+0000] {subprocess.py:93} INFO - 26/06/08 13:45:59 WARN NativeCodeLoader: Unable to load native-hadoop library for your platform... using builtin-java classes where applicable
[2026-06-08T13:46:01.265+0000] {subprocess.py:93} INFO - 26/06/08 13:46:01 INFO SparkContext: Running Spark version 3.5.1
[2026-06-08T13:46:01.267+0000] {subprocess.py:93} INFO - 26/06/08 13:46:01 INFO SparkContext: OS info Linux, 6.6.114.1-microsoft-standard-WSL2, amd64
[2026-06-08T13:46:01.269+0000] {subprocess.py:93} INFO - 26/06/08 13:46:01 INFO SparkContext: Java version 11.0.22
[2026-06-08T13:46:01.334+0000] {subprocess.py:93} INFO - 26/06/08 13:46:01 INFO ResourceUtils: ==============================================================
[2026-06-08T13:46:01.336+0000] {subprocess.py:93} INFO - 26/06/08 13:46:01 INFO ResourceUtils: No custom resources configured for spark.driver.
[2026-06-08T13:46:01.339+0000] {subprocess.py:93} INFO - 26/06/08 13:46:01 INFO ResourceUtils: ==============================================================
[2026-06-08T13:46:01.341+0000] {subprocess.py:93} INFO - 26/06/08 13:46:01 INFO SparkContext: Submitted application: SDP-Bronze
[2026-06-08T13:46:01.386+0000] {subprocess.py:93} INFO - 26/06/08 13:46:01 INFO ResourceProfile: Default ResourceProfile created, executor resources: Map(cores -> name: cores, amount: 1, script: , vendor: , memory -> name: memory, amount: 512, script: , vendor: , offHeap -> name: offHeap, amount: 0, script: , vendor: ), task resources: Map(cpus -> name: cpus, amount: 1.0)
[2026-06-08T13:46:01.416+0000] {subprocess.py:93} INFO - 26/06/08 13:46:01 INFO ResourceProfile: Limiting resource is cpus at 1 tasks per executor
[2026-06-08T13:46:01.423+0000] {subprocess.py:93} INFO - 26/06/08 13:46:01 INFO ResourceProfileManager: Added ResourceProfile id: 0
[2026-06-08T13:46:01.534+0000] {subprocess.py:93} INFO - 26/06/08 13:46:01 INFO SecurityManager: Changing view acls to: spark
[2026-06-08T13:46:01.536+0000] {subprocess.py:93} INFO - 26/06/08 13:46:01 INFO SecurityManager: Changing modify acls to: spark
[2026-06-08T13:46:01.538+0000] {subprocess.py:93} INFO - 26/06/08 13:46:01 INFO SecurityManager: Changing view acls groups to:
[2026-06-08T13:46:01.539+0000] {subprocess.py:93} INFO - 26/06/08 13:46:01 INFO SecurityManager: Changing modify acls groups to:
[2026-06-08T13:46:01.541+0000] {subprocess.py:93} INFO - 26/06/08 13:46:01 INFO SecurityManager: SecurityManager: authentication disabled; ui acls disabled; users with view permissions: spark; groups with view permissions: EMPTY; users with modify permissions: spark; groups with modify permissions: EMPTY
[2026-06-08T13:46:01.905+0000] {subprocess.py:93} INFO - 26/06/08 13:46:01 INFO Utils: Successfully started service 'sparkDriver' on port 37581.
[2026-06-08T13:46:01.958+0000] {subprocess.py:93} INFO - 26/06/08 13:46:01 INFO SparkEnv: Registering MapOutputTracker
[2026-06-08T13:46:02.031+0000] {subprocess.py:93} INFO - 26/06/08 13:46:02 INFO SparkEnv: Registering BlockManagerMaster
[2026-06-08T13:46:02.088+0000] {subprocess.py:93} INFO - 26/06/08 13:46:02 INFO BlockManagerMasterEndpoint: Using org.apache.spark.storage.DefaultTopologyMapper for getting topology information
[2026-06-08T13:46:02.090+0000] {subprocess.py:93} INFO - 26/06/08 13:46:02 INFO BlockManagerMasterEndpoint: BlockManagerMasterEndpoint up
[2026-06-08T13:46:02.101+0000] {subprocess.py:93} INFO - 26/06/08 13:46:02 INFO SparkEnv: Registering BlockManagerMasterHeartbeat
[2026-06-08T13:46:02.149+0000] {subprocess.py:93} INFO - 26/06/08 13:46:02 INFO DiskBlockManager: Created local directory at /tmp/blockmgr-7aeecea4-dd89-48f6-85bb-a46bebb5d835
[2026-06-08T13:46:02.179+0000] {subprocess.py:93} INFO - 26/06/08 13:46:02 INFO MemoryStore: MemoryStore started with capacity 434.4 MiB
[2026-06-08T13:46:02.211+0000] {subprocess.py:93} INFO - 26/06/08 13:46:02 INFO SparkEnv: Registering OutputCommitCoordinator
[2026-06-08T13:46:02.469+0000] {subprocess.py:93} INFO - 26/06/08 13:46:02 INFO JettyUtils: Start Jetty 0.0.0.0:4040 for SparkUI
[2026-06-08T13:46:02.605+0000] {subprocess.py:93} INFO - 26/06/08 13:46:02 INFO Utils: Successfully started service 'SparkUI' on port 4040.
[2026-06-08T13:46:02.731+0000] {subprocess.py:93} INFO - 26/06/08 13:46:02 INFO SparkContext: Added JAR file:///opt/jars/delta-spark_2.12-3.2.0.jar at spark://43e783b03db1:37581/jars/delta-spark_2.12-3.2.0.jar with timestamp 1780926361245
[2026-06-08T13:46:02.735+0000] {subprocess.py:93} INFO - 26/06/08 13:46:02 INFO SparkContext: Added JAR file:///opt/jars/delta-storage-3.2.0.jar at spark://43e783b03db1:37581/jars/delta-storage-3.2.0.jar with timestamp 1780926361245
[2026-06-08T13:46:02.737+0000] {subprocess.py:93} INFO - 26/06/08 13:46:02 INFO SparkContext: Added JAR file:///opt/jars/spark-sql-kafka-0-10_2.12-3.5.1.jar at spark://43e783b03db1:37581/jars/spark-sql-kafka-0-10_2.12-3.5.1.jar with timestamp 1780926361245
[2026-06-08T13:46:02.739+0000] {subprocess.py:93} INFO - 26/06/08 13:46:02 INFO SparkContext: Added JAR file:///opt/jars/kafka-clients-3.4.1.jar at spark://43e783b03db1:37581/jars/kafka-clients-3.4.1.jar with timestamp 1780926361245
[2026-06-08T13:46:02.742+0000] {subprocess.py:93} INFO - 26/06/08 13:46:02 INFO SparkContext: Added JAR file:///opt/jars/spark-token-provider-kafka-0-10_2.12-3.5.1.jar at spark://43e783b03db1:37581/jars/spark-token-provider-kafka-0-10_2.12-3.5.1.jar with timestamp 1780926361245
[2026-06-08T13:46:02.746+0000] {subprocess.py:93} INFO - 26/06/08 13:46:02 INFO SparkContext: Added JAR file:///opt/jars/commons-pool2-2.11.1.jar at spark://43e783b03db1:37581/jars/commons-pool2-2.11.1.jar with timestamp 1780926361245
[2026-06-08T13:46:03.022+0000] {subprocess.py:93} INFO - 26/06/08 13:46:03 INFO StandaloneAppClient$ClientEndpoint: Connecting to master spark://sdp-spark-master:7077...
[2026-06-08T13:46:03.118+0000] {subprocess.py:93} INFO - 26/06/08 13:46:03 INFO TransportClientFactory: Successfully created connection to sdp-spark-master/172.18.0.4:7077 after 55 ms (0 ms spent in bootstraps)
[2026-06-08T13:46:03.271+0000] {subprocess.py:93} INFO - 26/06/08 13:46:03 INFO StandaloneSchedulerBackend: Connected to Spark cluster with app ID app-20260608134603-0011
[2026-06-08T13:46:03.292+0000] {subprocess.py:93} INFO - 26/06/08 13:46:03 INFO StandaloneAppClient$ClientEndpoint: Executor added: app-20260608134603-0011/0 on worker-20260608131402-172.18.0.6-44005 (172.18.0.6:44005) with 1 core(s)
[2026-06-08T13:46:03.316+0000] {subprocess.py:93} INFO - 26/06/08 13:46:03 INFO StandaloneSchedulerBackend: Granted executor ID app-20260608134603-0011/0 on hostPort 172.18.0.6:44005 with 1 core(s), 512.0 MiB RAM
[2026-06-08T13:46:03.323+0000] {subprocess.py:93} INFO - 26/06/08 13:46:03 INFO StandaloneAppClient$ClientEndpoint: Executor added: app-20260608134603-0011/1 on worker-20260608131402-172.18.0.6-44005 (172.18.0.6:44005) with 1 core(s)
[2026-06-08T13:46:03.348+0000] {subprocess.py:93} INFO - 26/06/08 13:46:03 INFO StandaloneSchedulerBackend: Granted executor ID app-20260608134603-0011/1 on hostPort 172.18.0.6:44005 with 1 core(s), 512.0 MiB RAM
[2026-06-08T13:46:03.350+0000] {subprocess.py:93} INFO - 26/06/08 13:46:03 INFO StandaloneAppClient$ClientEndpoint: Executor added: app-20260608134603-0011/2 on worker-20260608131402-172.18.0.5-38399 (172.18.0.5:38399) with 1 core(s)
[2026-06-08T13:46:03.356+0000] {subprocess.py:93} INFO - 26/06/08 13:46:03 INFO StandaloneSchedulerBackend: Granted executor ID app-20260608134603-0011/2 on hostPort 172.18.0.5:38399 with 1 core(s), 512.0 MiB RAM
[2026-06-08T13:46:03.357+0000] {subprocess.py:93} INFO - 26/06/08 13:46:03 INFO Utils: Successfully started service 'org.apache.spark.network.netty.NettyBlockTransferService' on port 36287.
[2026-06-08T13:46:03.361+0000] {subprocess.py:93} INFO - 26/06/08 13:46:03 INFO NettyBlockTransferService: Server created on 43e783b03db1:36287
[2026-06-08T13:46:03.365+0000] {subprocess.py:93} INFO - 26/06/08 13:46:03 INFO BlockManager: Using org.apache.spark.storage.RandomBlockReplicationPolicy for block replication policy
[2026-06-08T13:46:03.391+0000] {subprocess.py:93} INFO - 26/06/08 13:46:03 INFO BlockManagerMaster: Registering BlockManager BlockManagerId(driver, 43e783b03db1, 36287, None)
[2026-06-08T13:46:03.411+0000] {subprocess.py:93} INFO - 26/06/08 13:46:03 INFO BlockManagerMasterEndpoint: Registering block manager 43e783b03db1:36287 with 434.4 MiB RAM, BlockManagerId(driver, 43e783b03db1, 36287, None)
[2026-06-08T13:46:03.433+0000] {subprocess.py:93} INFO - 26/06/08 13:46:03 INFO BlockManagerMaster: Registered BlockManager BlockManagerId(driver, 43e783b03db1, 36287, None)
[2026-06-08T13:46:03.446+0000] {subprocess.py:93} INFO - 26/06/08 13:46:03 INFO BlockManager: Initialized BlockManager: BlockManagerId(driver, 43e783b03db1, 36287, None)
[2026-06-08T13:46:03.484+0000] {subprocess.py:93} INFO - 26/06/08 13:46:03 INFO StandaloneAppClient$ClientEndpoint: Executor updated: app-20260608134603-0011/2 is now RUNNING
[2026-06-08T13:46:03.706+0000] {subprocess.py:93} INFO - 26/06/08 13:46:03 INFO StandaloneAppClient$ClientEndpoint: Executor updated: app-20260608134603-0011/0 is now RUNNING
[2026-06-08T13:46:03.816+0000] {subprocess.py:93} INFO - 26/06/08 13:46:03 INFO StandaloneAppClient$ClientEndpoint: Executor updated: app-20260608134603-0011/1 is now RUNNING
[2026-06-08T13:46:04.648+0000] {subprocess.py:93} INFO - 26/06/08 13:46:04 INFO StandaloneSchedulerBackend: SchedulerBackend is ready for scheduling beginning after reached minRegisteredResourcesRatio: 0.0
[2026-06-08T13:46:05.700+0000] {subprocess.py:93} INFO - Starting stream: orders -> /opt/data/bronze/orders
[2026-06-08T13:46:31.409+0000] {subprocess.py:93} INFO - 26/06/08 13:46:31 WARN ResolveWriteToStream: spark.sql.adaptive.enabled is not supported in streaming DataFrames/Datasets and will be disabled.
[2026-06-08T13:46:31.732+0000] {subprocess.py:93} INFO - Starting stream: customers -> /opt/data/bronze/customers
[2026-06-08T13:46:38.008+0000] {subprocess.py:93} INFO - 26/06/08 13:46:38 WARN SparkStringUtils: Truncated the string representation of a plan since it was too large. This behavior can be adjusted by setting 'spark.sql.debug.maxToStringFields'.
[2026-06-08T13:46:39.077+0000] {subprocess.py:93} INFO - 26/06/08 13:46:39 WARN ResolveWriteToStream: spark.sql.adaptive.enabled is not supported in streaming DataFrames/Datasets and will be disabled.
[2026-06-08T13:46:39.188+0000] {subprocess.py:93} INFO - Starting stream: products -> /opt/data/bronze/products
[2026-06-08T13:46:46.688+0000] {subprocess.py:93} INFO - 26/06/08 13:46:46 WARN ResolveWriteToStream: spark.sql.adaptive.enabled is not supported in streaming DataFrames/Datasets and will be disabled.
[2026-06-08T13:47:52.478+0000] {subprocess.py:93} INFO - 26/06/08 13:47:52 WARN AdminClientConfig: These configurations '[key.deserializer, value.deserializer, enable.auto.commit, max.poll.records, auto.offset.reset]' were supplied but are not used yet.
[2026-06-08T13:47:52.494+0000] {subprocess.py:93} INFO - 26/06/08 13:47:52 WARN AdminClientConfig: These configurations '[key.deserializer, value.deserializer, enable.auto.commit, max.poll.records, auto.offset.reset]' were supplied but are not used yet.
[2026-06-08T13:47:53.849+0000] {subprocess.py:93} INFO - 26/06/08 13:47:53 WARN AdminClientConfig: These configurations '[key.deserializer, value.deserializer, enable.auto.commit, max.poll.records, auto.offset.reset]' were supplied but are not used yet.
[2026-06-08T13:47:57.032+0000] {subprocess.py:97} INFO - Command exited with return code 124
[2026-06-08T13:47:57.033+0000] {taskinstance.py:441} INFO - ::group::Post task execution logs
[2026-06-08T13:47:57.124+0000] {taskinstance.py:2890} ERROR - Task failed with exception
Traceback (most recent call last):
  File "/home/airflow/.local/lib/python3.12/site-packages/airflow/models/taskinstance.py", line 465, in _execute_task
    result = _execute_callable(context=context, **execute_callable_kwargs)
             ^^^^^^^^^^^^^^^^^^^^^^^^^^^^^^^^^^^^^^^^^^^^^^^^^^^^^^^^^^^^^
  File "/home/airflow/.local/lib/python3.12/site-packages/airflow/models/taskinstance.py", line 432, in _execute_callable
    return execute_callable(context=context, **execute_callable_kwargs)
           ^^^^^^^^^^^^^^^^^^^^^^^^^^^^^^^^^^^^^^^^^^^^^^^^^^^^^^^^^^^^
  File "/home/airflow/.local/lib/python3.12/site-packages/airflow/models/baseoperator.py", line 400, in wrapper
    return func(self, *args, **kwargs)
           ^^^^^^^^^^^^^^^^^^^^^^^^^^^
  File "/home/airflow/.local/lib/python3.12/site-packages/airflow/operators/bash.py", line 243, in execute
    raise AirflowException(
airflow.exceptions.AirflowException: Bash command failed. The command returned a non-zero exit code 124.
[2026-06-08T13:47:57.222+0000] {taskinstance.py:1205} INFO - Marking task as FAILED. dag_id=e-commerce_kafka_streaming_pipeline_v10, task_id=run_bronze, execution_date=20260608T120000, start_date=20260608T134554, end_date=20260608T134757
[2026-06-08T13:47:57.447+0000] {standard_task_runner.py:110} ERROR - Failed to execute job 56 for task run_bronze (Bash command failed. The command returned a non-zero exit code 124.; 620)
[2026-06-08T13:47:57.580+0000] {local_task_job_runner.py:240} INFO - Task exited with return code 1
[2026-06-08T13:47:57.718+0000] {taskinstance.py:3482} INFO - 0 downstream tasks scheduled from follow-on schedule check
[2026-06-08T13:47:57.749+0000] {local_task_job_runner.py:222} INFO - ::endgroup::
