[2026-06-10T01:53:03.655+0000] {local_task_job_runner.py:120} INFO - ::group::Pre task execution logs
[2026-06-10T01:53:04.103+0000] {taskinstance.py:2073} INFO - Dependencies all met for dep_context=non-requeueable deps ti=<TaskInstance: e-commerce_kafka_streaming_pipeline_v10.run_bronze scheduled__2026-06-09T16:00:00+00:00 [queued]>
[2026-06-10T01:53:04.199+0000] {taskinstance.py:2073} INFO - Dependencies all met for dep_context=requeueable deps ti=<TaskInstance: e-commerce_kafka_streaming_pipeline_v10.run_bronze scheduled__2026-06-09T16:00:00+00:00 [queued]>
[2026-06-10T01:53:04.229+0000] {taskinstance.py:2303} INFO - Starting attempt 2 of 2
[2026-06-10T01:53:04.438+0000] {taskinstance.py:2327} INFO - Executing <Task(BashOperator): run_bronze> on 2026-06-09 16:00:00+00:00
[2026-06-10T01:53:04.548+0000] {standard_task_runner.py:90} INFO - Running: ['***', 'tasks', 'run', 'e-commerce_kafka_streaming_pipeline_v10', 'run_bronze', 'scheduled__2026-06-09T16:00:00+00:00', '--job-id', '122', '--raw', '--subdir', 'DAGS_FOLDER/sdp_pipeline_dag.py', '--cfg-path', '/tmp/tmpbih4r8nt']
[2026-06-10T01:53:04.579+0000] {standard_task_runner.py:91} INFO - Job 122: Subtask run_bronze
[2026-06-10T01:53:04.600+0000] {logging_mixin.py:188} WARNING - /home/***/.local/lib/python3.12/site-packages/***/task/task_runner/standard_task_runner.py:61 DeprecationWarning: This process (pid=5847) is multi-threaded, use of fork() may lead to deadlocks in the child.
[2026-06-10T01:53:04.625+0000] {standard_task_runner.py:63} INFO - Started process 5859 to run task
[2026-06-10T01:53:05.177+0000] {task_command.py:426} INFO - Running <TaskInstance: e-commerce_kafka_streaming_pipeline_v10.run_bronze scheduled__2026-06-09T16:00:00+00:00 [running]> on host 19d9c0c71dcc
[2026-06-10T01:53:06.233+0000] {taskinstance.py:2644} INFO - Exporting env vars: AIRFLOW_CTX_DAG_OWNER='dev' AIRFLOW_CTX_DAG_ID='e-commerce_kafka_streaming_pipeline_v10' AIRFLOW_CTX_TASK_ID='run_bronze' AIRFLOW_CTX_EXECUTION_DATE='2026-06-09T16:00:00+00:00' AIRFLOW_CTX_TRY_NUMBER='2' AIRFLOW_CTX_DAG_RUN_ID='scheduled__2026-06-09T16:00:00+00:00'
[2026-06-10T01:53:06.241+0000] {taskinstance.py:430} INFO - ::endgroup::
[2026-06-10T01:53:06.386+0000] {subprocess.py:63} INFO - Tmp dir root location: /tmp
[2026-06-10T01:53:06.401+0000] {subprocess.py:75} INFO - Running command: ['/usr/bin/bash', '-c', 'timeout 120s docker run --rm --network streaming_kafka_project_sdp-net --volume /d/Streaming_kafka_project/pipelines:/opt/pipelines --volume /d/Streaming_kafka_project/data:/opt/data --volume /d/Streaming_kafka_project/checkpoints:/opt/checkpoints --volume /d/Streaming_kafka_project/jars:/opt/jars apache/spark:3.5.1 /opt/spark/bin/spark-submit --master spark://sdp-spark-master:7077 --executor-cores 1 --executor-memory 512m --total-executor-cores 3 --jars /opt/jars/delta-spark_2.12-3.2.0.jar,/opt/jars/delta-storage-3.2.0.jar,/opt/jars/spark-sql-kafka-0-10_2.12-3.5.1.jar,/opt/jars/kafka-clients-3.4.1.jar,/opt/jars/spark-token-provider-kafka-0-10_2.12-3.5.1.jar,/opt/jars/commons-pool2-2.11.1.jar --conf spark.sql.extensions=io.delta.sql.DeltaSparkSessionExtension --conf spark.sql.catalog.spark_catalog=org.apache.spark.sql.delta.catalog.DeltaCatalog  /opt/pipelines/bronze_runner.py']
[2026-06-10T01:53:06.496+0000] {subprocess.py:86} INFO - Output:
[2026-06-10T01:53:30.737+0000] {subprocess.py:93} INFO - 26/06/10 01:53:30 WARN NativeCodeLoader: Unable to load native-hadoop library for your platform... using builtin-java classes where applicable
[2026-06-10T01:53:36.369+0000] {subprocess.py:93} INFO - 26/06/10 01:53:36 INFO SparkContext: Running Spark version 3.5.1
[2026-06-10T01:53:36.385+0000] {subprocess.py:93} INFO - 26/06/10 01:53:36 INFO SparkContext: OS info Linux, 6.6.114.1-microsoft-standard-WSL2, amd64
[2026-06-10T01:53:36.418+0000] {subprocess.py:93} INFO - 26/06/10 01:53:36 INFO SparkContext: Java version 11.0.22
[2026-06-10T01:53:36.855+0000] {subprocess.py:93} INFO - 26/06/10 01:53:36 INFO ResourceUtils: ==============================================================
[2026-06-10T01:53:36.865+0000] {subprocess.py:93} INFO - 26/06/10 01:53:36 INFO ResourceUtils: No custom resources configured for spark.driver.
[2026-06-10T01:53:36.871+0000] {subprocess.py:93} INFO - 26/06/10 01:53:36 INFO ResourceUtils: ==============================================================
[2026-06-10T01:53:36.890+0000] {subprocess.py:93} INFO - 26/06/10 01:53:36 INFO SparkContext: Submitted application: SDP-Bronze
[2026-06-10T01:53:37.253+0000] {subprocess.py:93} INFO - 26/06/10 01:53:37 INFO ResourceProfile: Default ResourceProfile created, executor resources: Map(cores -> name: cores, amount: 1, script: , vendor: , memory -> name: memory, amount: 512, script: , vendor: , offHeap -> name: offHeap, amount: 0, script: , vendor: ), task resources: Map(cpus -> name: cpus, amount: 1.0)
[2026-06-10T01:53:37.455+0000] {subprocess.py:93} INFO - 26/06/10 01:53:37 INFO ResourceProfile: Limiting resource is cpus at 1 tasks per executor
[2026-06-10T01:53:37.478+0000] {subprocess.py:93} INFO - 26/06/10 01:53:37 INFO ResourceProfileManager: Added ResourceProfile id: 0
[2026-06-10T01:53:37.881+0000] {subprocess.py:93} INFO - 26/06/10 01:53:37 INFO SecurityManager: Changing view acls to: spark
[2026-06-10T01:53:37.896+0000] {subprocess.py:93} INFO - 26/06/10 01:53:37 INFO SecurityManager: Changing modify acls to: spark
[2026-06-10T01:53:37.898+0000] {subprocess.py:93} INFO - 26/06/10 01:53:37 INFO SecurityManager: Changing view acls groups to:
[2026-06-10T01:53:37.915+0000] {subprocess.py:93} INFO - 26/06/10 01:53:37 INFO SecurityManager: Changing modify acls groups to:
[2026-06-10T01:53:37.916+0000] {subprocess.py:93} INFO - 26/06/10 01:53:37 INFO SecurityManager: SecurityManager: authentication disabled; ui acls disabled; users with view permissions: spark; groups with view permissions: EMPTY; users with modify permissions: spark; groups with modify permissions: EMPTY
[2026-06-10T01:53:40.382+0000] {subprocess.py:93} INFO - 26/06/10 01:53:40 INFO Utils: Successfully started service 'sparkDriver' on port 34279.
[2026-06-10T01:53:40.598+0000] {subprocess.py:93} INFO - 26/06/10 01:53:40 INFO SparkEnv: Registering MapOutputTracker
[2026-06-10T01:53:40.777+0000] {subprocess.py:93} INFO - 26/06/10 01:53:40 INFO SparkEnv: Registering BlockManagerMaster
[2026-06-10T01:53:41.020+0000] {subprocess.py:93} INFO - 26/06/10 01:53:41 INFO BlockManagerMasterEndpoint: Using org.apache.spark.storage.DefaultTopologyMapper for getting topology information
[2026-06-10T01:53:41.029+0000] {subprocess.py:93} INFO - 26/06/10 01:53:41 INFO BlockManagerMasterEndpoint: BlockManagerMasterEndpoint up
[2026-06-10T01:53:41.062+0000] {subprocess.py:93} INFO - 26/06/10 01:53:41 INFO SparkEnv: Registering BlockManagerMasterHeartbeat
[2026-06-10T01:53:41.208+0000] {subprocess.py:93} INFO - 26/06/10 01:53:41 INFO DiskBlockManager: Created local directory at /tmp/blockmgr-c5bd7dfe-fd32-46fc-8168-402573df1928
[2026-06-10T01:53:41.330+0000] {subprocess.py:93} INFO - 26/06/10 01:53:41 INFO MemoryStore: MemoryStore started with capacity 434.4 MiB
[2026-06-10T01:53:41.546+0000] {subprocess.py:93} INFO - 26/06/10 01:53:41 INFO SparkEnv: Registering OutputCommitCoordinator
[2026-06-10T01:53:43.054+0000] {subprocess.py:93} INFO - 26/06/10 01:53:43 INFO JettyUtils: Start Jetty 0.0.0.0:4040 for SparkUI
[2026-06-10T01:53:43.812+0000] {subprocess.py:93} INFO - 26/06/10 01:53:43 INFO Utils: Successfully started service 'SparkUI' on port 4040.
[2026-06-10T01:53:44.097+0000] {subprocess.py:93} INFO - 26/06/10 01:53:44 INFO SparkContext: Added JAR file:///opt/jars/delta-spark_2.12-3.2.0.jar at spark://739e2ddbec7e:34279/jars/delta-spark_2.12-3.2.0.jar with timestamp 1781056416310
[2026-06-10T01:53:44.099+0000] {subprocess.py:93} INFO - 26/06/10 01:53:44 INFO SparkContext: Added JAR file:///opt/jars/delta-storage-3.2.0.jar at spark://739e2ddbec7e:34279/jars/delta-storage-3.2.0.jar with timestamp 1781056416310
[2026-06-10T01:53:44.113+0000] {subprocess.py:93} INFO - 26/06/10 01:53:44 INFO SparkContext: Added JAR file:///opt/jars/spark-sql-kafka-0-10_2.12-3.5.1.jar at spark://739e2ddbec7e:34279/jars/spark-sql-kafka-0-10_2.12-3.5.1.jar with timestamp 1781056416310
[2026-06-10T01:53:44.114+0000] {subprocess.py:93} INFO - 26/06/10 01:53:44 INFO SparkContext: Added JAR file:///opt/jars/kafka-clients-3.4.1.jar at spark://739e2ddbec7e:34279/jars/kafka-clients-3.4.1.jar with timestamp 1781056416310
[2026-06-10T01:53:44.134+0000] {subprocess.py:93} INFO - 26/06/10 01:53:44 INFO SparkContext: Added JAR file:///opt/jars/spark-token-provider-kafka-0-10_2.12-3.5.1.jar at spark://739e2ddbec7e:34279/jars/spark-token-provider-kafka-0-10_2.12-3.5.1.jar with timestamp 1781056416310
[2026-06-10T01:53:44.135+0000] {subprocess.py:93} INFO - 26/06/10 01:53:44 INFO SparkContext: Added JAR file:///opt/jars/commons-pool2-2.11.1.jar at spark://739e2ddbec7e:34279/jars/commons-pool2-2.11.1.jar with timestamp 1781056416310
[2026-06-10T01:53:45.218+0000] {subprocess.py:93} INFO - 26/06/10 01:53:45 INFO StandaloneAppClient$ClientEndpoint: Connecting to master spark://sdp-spark-master:7077...
[2026-06-10T01:53:45.664+0000] {subprocess.py:93} INFO - 26/06/10 01:53:45 INFO TransportClientFactory: Successfully created connection to sdp-spark-master/172.18.0.4:7077 after 218 ms (0 ms spent in bootstraps)
[2026-06-10T01:53:47.125+0000] {subprocess.py:93} INFO - 26/06/10 01:53:47 INFO StandaloneSchedulerBackend: Connected to Spark cluster with app ID app-20260610015346-0055
[2026-06-10T01:53:47.234+0000] {subprocess.py:93} INFO - 26/06/10 01:53:47 INFO Utils: Successfully started service 'org.apache.spark.network.netty.NettyBlockTransferService' on port 33365.
[2026-06-10T01:53:47.235+0000] {subprocess.py:93} INFO - 26/06/10 01:53:47 INFO NettyBlockTransferService: Server created on 739e2ddbec7e:33365
[2026-06-10T01:53:47.265+0000] {subprocess.py:93} INFO - 26/06/10 01:53:47 INFO BlockManager: Using org.apache.spark.storage.RandomBlockReplicationPolicy for block replication policy
[2026-06-10T01:53:47.354+0000] {subprocess.py:93} INFO - 26/06/10 01:53:47 INFO BlockManagerMaster: Registering BlockManager BlockManagerId(driver, 739e2ddbec7e, 33365, None)
[2026-06-10T01:53:47.390+0000] {subprocess.py:93} INFO - 26/06/10 01:53:47 INFO BlockManagerMasterEndpoint: Registering block manager 739e2ddbec7e:33365 with 434.4 MiB RAM, BlockManagerId(driver, 739e2ddbec7e, 33365, None)
[2026-06-10T01:53:47.434+0000] {subprocess.py:93} INFO - 26/06/10 01:53:47 INFO BlockManagerMaster: Registered BlockManager BlockManagerId(driver, 739e2ddbec7e, 33365, None)
[2026-06-10T01:53:47.474+0000] {subprocess.py:93} INFO - 26/06/10 01:53:47 INFO BlockManager: Initialized BlockManager: BlockManagerId(driver, 739e2ddbec7e, 33365, None)
[2026-06-10T01:53:50.483+0000] {subprocess.py:93} INFO - 26/06/10 01:53:50 INFO StandaloneSchedulerBackend: SchedulerBackend is ready for scheduling beginning after reached minRegisteredResourcesRatio: 0.0
[2026-06-10T01:53:53.728+0000] {subprocess.py:93} INFO - Starting stream: orders -> /opt/data/bronze/orders
[2026-06-10T01:55:14.558+0000] {subprocess.py:97} INFO - Command exited with return code 124
[2026-06-10T01:55:14.603+0000] {taskinstance.py:441} INFO - ::group::Post task execution logs
[2026-06-10T01:55:14.898+0000] {taskinstance.py:2890} ERROR - Task failed with exception
Traceback (most recent call last):
  File "/home/airflow/.local/lib/python3.12/site-packages/airflow/models/taskinstance.py", line 465, in _execute_task
    result = _execute_callable(context=context, **execute_callable_kwargs)
             ^^^^^^^^^^^^^^^^^^^^^^^^^^^^^^^^^^^^^^^^^^^^^^^^^^^^^^^^^^^^^
  File "/home/airflow/.local/lib/python3.12/site-packages/airflow/models/taskinstance.py", line 432, in _execute_callable
    return execute_callable(context=context, **execute_callable_kwargs)
           ^^^^^^^^^^^^^^^^^^^^^^^^^^^^^^^^^^^^^^^^^^^^^^^^^^^^^^^^^^^^
  File "/home/airflow/.local/lib/python3.12/site-packages/airflow/models/baseoperator.py", line 400, in wrapper
    return func(self, *args, **kwargs)
           ^^^^^^^^^^^^^^^^^^^^^^^^^^^
  File "/home/airflow/.local/lib/python3.12/site-packages/airflow/operators/bash.py", line 243, in execute
    raise AirflowException(
airflow.exceptions.AirflowException: Bash command failed. The command returned a non-zero exit code 124.
[2026-06-10T01:55:14.954+0000] {taskinstance.py:1205} INFO - Marking task as FAILED. dag_id=e-commerce_kafka_streaming_pipeline_v10, task_id=run_bronze, execution_date=20260609T160000, start_date=20260610T015304, end_date=20260610T015514
[2026-06-10T01:55:15.168+0000] {standard_task_runner.py:110} ERROR - Failed to execute job 122 for task run_bronze (Bash command failed. The command returned a non-zero exit code 124.; 5859)
[2026-06-10T01:55:15.239+0000] {local_task_job_runner.py:240} INFO - Task exited with return code 1
[2026-06-10T01:55:15.417+0000] {taskinstance.py:3482} INFO - 0 downstream tasks scheduled from follow-on schedule check
[2026-06-10T01:55:15.467+0000] {local_task_job_runner.py:222} INFO - ::endgroup::
