[2026-07-17T05:46:52.783+0000] {local_task_job_runner.py:120} INFO - ::group::Pre task execution logs
[2026-07-17T05:46:52.823+0000] {taskinstance.py:2073} INFO - Dependencies all met for dep_context=non-requeueable deps ti=<TaskInstance: e-commerce_kafka_streaming_pipeline_v1.run_silver manual__2026-07-17T05:44:47.925482+00:00 [queued]>
[2026-07-17T05:46:52.832+0000] {taskinstance.py:2073} INFO - Dependencies all met for dep_context=requeueable deps ti=<TaskInstance: e-commerce_kafka_streaming_pipeline_v1.run_silver manual__2026-07-17T05:44:47.925482+00:00 [queued]>
[2026-07-17T05:46:52.833+0000] {taskinstance.py:2303} INFO - Starting attempt 1 of 2
[2026-07-17T05:46:52.852+0000] {taskinstance.py:2327} INFO - Executing <Task(BashOperator): run_silver> on 2026-07-17 05:44:47.925482+00:00
[2026-07-17T05:46:52.861+0000] {standard_task_runner.py:90} INFO - Running: ['***', 'tasks', 'run', 'e-commerce_kafka_streaming_pipeline_v1', 'run_silver', 'manual__2026-07-17T05:44:47.925482+00:00', '--job-id', '90', '--raw', '--subdir', 'DAGS_FOLDER/sdp_pipeline_dag.py', '--cfg-path', '/tmp/tmpxwu1_bfj']
[2026-07-17T05:46:52.865+0000] {standard_task_runner.py:91} INFO - Job 90: Subtask run_silver
[2026-07-17T05:46:52.883+0000] {logging_mixin.py:188} WARNING - /home/***/.local/lib/python3.12/site-packages/***/task/task_runner/standard_task_runner.py:61 DeprecationWarning: This process (pid=2914) is multi-threaded, use of fork() may lead to deadlocks in the child.
[2026-07-17T05:46:52.885+0000] {standard_task_runner.py:63} INFO - Started process 2915 to run task
[2026-07-17T05:46:52.928+0000] {task_command.py:426} INFO - Running <TaskInstance: e-commerce_kafka_streaming_pipeline_v1.run_silver manual__2026-07-17T05:44:47.925482+00:00 [running]> on host da27550080bf
[2026-07-17T05:46:53.016+0000] {taskinstance.py:2644} INFO - Exporting env vars: AIRFLOW_CTX_DAG_OWNER='dev' AIRFLOW_CTX_DAG_ID='e-commerce_kafka_streaming_pipeline_v1' AIRFLOW_CTX_TASK_ID='run_silver' AIRFLOW_CTX_EXECUTION_DATE='2026-07-17T05:44:47.925482+00:00' AIRFLOW_CTX_TRY_NUMBER='1' AIRFLOW_CTX_DAG_RUN_ID='manual__2026-07-17T05:44:47.925482+00:00'
[2026-07-17T05:46:53.017+0000] {taskinstance.py:430} INFO - ::endgroup::
[2026-07-17T05:46:53.031+0000] {subprocess.py:63} INFO - Tmp dir root location: /tmp
[2026-07-17T05:46:53.034+0000] {subprocess.py:75} INFO - Running command: ['/usr/bin/bash', '-c', 'timeout 150s docker run --rm --network streaming_kafka_project_sdp-net --volume /d/Streaming_kafka_project/pipelines:/opt/pipelines --volume /d/Streaming_kafka_project/data:/opt/data --volume /d/Streaming_kafka_project/checkpoints:/opt/checkpoints --volume /d/Streaming_kafka_project/jars:/opt/jars apache/spark:3.5.1 /opt/spark/bin/spark-submit --master spark://sdp-spark-master:7077 --executor-cores 1 --executor-memory 512m --total-executor-cores 3 --jars /opt/jars/delta-spark_2.12-3.2.0.jar,/opt/jars/delta-storage-3.2.0.jar,/opt/jars/spark-sql-kafka-0-10_2.12-3.5.1.jar,/opt/jars/kafka-clients-3.4.1.jar,/opt/jars/spark-token-provider-kafka-0-10_2.12-3.5.1.jar,/opt/jars/commons-pool2-2.11.1.jar --conf spark.sql.extensions=io.delta.sql.DeltaSparkSessionExtension --conf spark.sql.catalog.spark_catalog=org.apache.spark.sql.delta.catalog.DeltaCatalog  /opt/pipelines/silver_runner.py']
[2026-07-17T05:46:53.045+0000] {subprocess.py:86} INFO - Output:
[2026-07-17T05:46:54.926+0000] {subprocess.py:93} INFO - 26/07/17 05:46:54 WARN NativeCodeLoader: Unable to load native-hadoop library for your platform... using builtin-java classes where applicable
[2026-07-17T05:46:55.593+0000] {subprocess.py:93} INFO - 26/07/17 05:46:55 INFO SparkContext: Running Spark version 3.5.1
[2026-07-17T05:46:55.594+0000] {subprocess.py:93} INFO - 26/07/17 05:46:55 INFO SparkContext: OS info Linux, 6.18.33.2-microsoft-standard-WSL2, amd64
[2026-07-17T05:46:55.595+0000] {subprocess.py:93} INFO - 26/07/17 05:46:55 INFO SparkContext: Java version 11.0.22
[2026-07-17T05:46:55.624+0000] {subprocess.py:93} INFO - 26/07/17 05:46:55 INFO ResourceUtils: ==============================================================
[2026-07-17T05:46:55.626+0000] {subprocess.py:93} INFO - 26/07/17 05:46:55 INFO ResourceUtils: No custom resources configured for spark.driver.
[2026-07-17T05:46:55.627+0000] {subprocess.py:93} INFO - 26/07/17 05:46:55 INFO ResourceUtils: ==============================================================
[2026-07-17T05:46:55.628+0000] {subprocess.py:93} INFO - 26/07/17 05:46:55 INFO SparkContext: Submitted application: SDP-Silver
[2026-07-17T05:46:55.656+0000] {subprocess.py:93} INFO - 26/07/17 05:46:55 INFO ResourceProfile: Default ResourceProfile created, executor resources: Map(cores -> name: cores, amount: 1, script: , vendor: , memory -> name: memory, amount: 512, script: , vendor: , offHeap -> name: offHeap, amount: 0, script: , vendor: ), task resources: Map(cpus -> name: cpus, amount: 1.0)
[2026-07-17T05:46:55.674+0000] {subprocess.py:93} INFO - 26/07/17 05:46:55 INFO ResourceProfile: Limiting resource is cpus at 1 tasks per executor
[2026-07-17T05:46:55.676+0000] {subprocess.py:93} INFO - 26/07/17 05:46:55 INFO ResourceProfileManager: Added ResourceProfile id: 0
[2026-07-17T05:46:55.748+0000] {subprocess.py:93} INFO - 26/07/17 05:46:55 INFO SecurityManager: Changing view acls to: spark
[2026-07-17T05:46:55.750+0000] {subprocess.py:93} INFO - 26/07/17 05:46:55 INFO SecurityManager: Changing modify acls to: spark
[2026-07-17T05:46:55.750+0000] {subprocess.py:93} INFO - 26/07/17 05:46:55 INFO SecurityManager: Changing view acls groups to:
[2026-07-17T05:46:55.751+0000] {subprocess.py:93} INFO - 26/07/17 05:46:55 INFO SecurityManager: Changing modify acls groups to:
[2026-07-17T05:46:55.752+0000] {subprocess.py:93} INFO - 26/07/17 05:46:55 INFO SecurityManager: SecurityManager: authentication disabled; ui acls disabled; users with view permissions: spark; groups with view permissions: EMPTY; users with modify permissions: spark; groups with modify permissions: EMPTY
[2026-07-17T05:46:55.982+0000] {subprocess.py:93} INFO - 26/07/17 05:46:55 INFO Utils: Successfully started service 'sparkDriver' on port 46201.
[2026-07-17T05:46:56.011+0000] {subprocess.py:93} INFO - 26/07/17 05:46:56 INFO SparkEnv: Registering MapOutputTracker
[2026-07-17T05:46:56.056+0000] {subprocess.py:93} INFO - 26/07/17 05:46:56 INFO SparkEnv: Registering BlockManagerMaster
[2026-07-17T05:46:56.074+0000] {subprocess.py:93} INFO - 26/07/17 05:46:56 INFO BlockManagerMasterEndpoint: Using org.apache.spark.storage.DefaultTopologyMapper for getting topology information
[2026-07-17T05:46:56.076+0000] {subprocess.py:93} INFO - 26/07/17 05:46:56 INFO BlockManagerMasterEndpoint: BlockManagerMasterEndpoint up
[2026-07-17T05:46:56.080+0000] {subprocess.py:93} INFO - 26/07/17 05:46:56 INFO SparkEnv: Registering BlockManagerMasterHeartbeat
[2026-07-17T05:46:56.097+0000] {subprocess.py:93} INFO - 26/07/17 05:46:56 INFO DiskBlockManager: Created local directory at /tmp/blockmgr-8a8cadac-f5ad-4264-81fc-47dc5e2aef51
[2026-07-17T05:46:56.107+0000] {subprocess.py:93} INFO - 26/07/17 05:46:56 INFO MemoryStore: MemoryStore started with capacity 434.4 MiB
[2026-07-17T05:46:56.122+0000] {subprocess.py:93} INFO - 26/07/17 05:46:56 INFO SparkEnv: Registering OutputCommitCoordinator
[2026-07-17T05:46:56.242+0000] {subprocess.py:93} INFO - 26/07/17 05:46:56 INFO JettyUtils: Start Jetty 0.0.0.0:4040 for SparkUI
[2026-07-17T05:46:56.295+0000] {subprocess.py:93} INFO - 26/07/17 05:46:56 INFO Utils: Successfully started service 'SparkUI' on port 4040.
[2026-07-17T05:46:56.338+0000] {subprocess.py:93} INFO - 26/07/17 05:46:56 INFO SparkContext: Added JAR file:///opt/jars/delta-spark_2.12-3.2.0.jar at spark://6e24d76c9d6c:46201/jars/delta-spark_2.12-3.2.0.jar with timestamp 1784267215584
[2026-07-17T05:46:56.339+0000] {subprocess.py:93} INFO - 26/07/17 05:46:56 INFO SparkContext: Added JAR file:///opt/jars/delta-storage-3.2.0.jar at spark://6e24d76c9d6c:46201/jars/delta-storage-3.2.0.jar with timestamp 1784267215584
[2026-07-17T05:46:56.340+0000] {subprocess.py:93} INFO - 26/07/17 05:46:56 INFO SparkContext: Added JAR file:///opt/jars/spark-sql-kafka-0-10_2.12-3.5.1.jar at spark://6e24d76c9d6c:46201/jars/spark-sql-kafka-0-10_2.12-3.5.1.jar with timestamp 1784267215584
[2026-07-17T05:46:56.341+0000] {subprocess.py:93} INFO - 26/07/17 05:46:56 INFO SparkContext: Added JAR file:///opt/jars/kafka-clients-3.4.1.jar at spark://6e24d76c9d6c:46201/jars/kafka-clients-3.4.1.jar with timestamp 1784267215584
[2026-07-17T05:46:56.342+0000] {subprocess.py:93} INFO - 26/07/17 05:46:56 INFO SparkContext: Added JAR file:///opt/jars/spark-token-provider-kafka-0-10_2.12-3.5.1.jar at spark://6e24d76c9d6c:46201/jars/spark-token-provider-kafka-0-10_2.12-3.5.1.jar with timestamp 1784267215584
[2026-07-17T05:46:56.343+0000] {subprocess.py:93} INFO - 26/07/17 05:46:56 INFO SparkContext: Added JAR file:///opt/jars/commons-pool2-2.11.1.jar at spark://6e24d76c9d6c:46201/jars/commons-pool2-2.11.1.jar with timestamp 1784267215584
[2026-07-17T05:46:56.408+0000] {subprocess.py:93} INFO - 26/07/17 05:46:56 INFO StandaloneAppClient$ClientEndpoint: Connecting to master spark://sdp-spark-master:7077...
[2026-07-17T05:46:56.448+0000] {subprocess.py:93} INFO - 26/07/17 05:46:56 INFO TransportClientFactory: Successfully created connection to sdp-spark-master/172.18.0.4:7077 after 23 ms (0 ms spent in bootstraps)
[2026-07-17T05:46:56.528+0000] {subprocess.py:93} INFO - 26/07/17 05:46:56 INFO StandaloneSchedulerBackend: Connected to Spark cluster with app ID app-20260717054656-0040
[2026-07-17T05:46:56.530+0000] {subprocess.py:93} INFO - 26/07/17 05:46:56 INFO StandaloneAppClient$ClientEndpoint: Executor added: app-20260717054656-0040/0 on worker-20260716063602-172.18.0.6-33249 (172.18.0.6:33249) with 1 core(s)
[2026-07-17T05:46:56.533+0000] {subprocess.py:93} INFO - 26/07/17 05:46:56 INFO StandaloneSchedulerBackend: Granted executor ID app-20260717054656-0040/0 on hostPort 172.18.0.6:33249 with 1 core(s), 512.0 MiB RAM
[2026-07-17T05:46:56.535+0000] {subprocess.py:93} INFO - 26/07/17 05:46:56 INFO StandaloneAppClient$ClientEndpoint: Executor added: app-20260717054656-0040/1 on worker-20260716063602-172.18.0.6-33249 (172.18.0.6:33249) with 1 core(s)
[2026-07-17T05:46:56.535+0000] {subprocess.py:93} INFO - 26/07/17 05:46:56 INFO StandaloneSchedulerBackend: Granted executor ID app-20260717054656-0040/1 on hostPort 172.18.0.6:33249 with 1 core(s), 512.0 MiB RAM
[2026-07-17T05:46:56.536+0000] {subprocess.py:93} INFO - 26/07/17 05:46:56 INFO StandaloneAppClient$ClientEndpoint: Executor added: app-20260717054656-0040/2 on worker-20260716063602-172.18.0.5-44367 (172.18.0.5:44367) with 1 core(s)
[2026-07-17T05:46:56.537+0000] {subprocess.py:93} INFO - 26/07/17 05:46:56 INFO StandaloneSchedulerBackend: Granted executor ID app-20260717054656-0040/2 on hostPort 172.18.0.5:44367 with 1 core(s), 512.0 MiB RAM
[2026-07-17T05:46:56.545+0000] {subprocess.py:93} INFO - 26/07/17 05:46:56 INFO Utils: Successfully started service 'org.apache.spark.network.netty.NettyBlockTransferService' on port 46293.
[2026-07-17T05:46:56.546+0000] {subprocess.py:93} INFO - 26/07/17 05:46:56 INFO NettyBlockTransferService: Server created on 6e24d76c9d6c:46293
[2026-07-17T05:46:56.548+0000] {subprocess.py:93} INFO - 26/07/17 05:46:56 INFO BlockManager: Using org.apache.spark.storage.RandomBlockReplicationPolicy for block replication policy
[2026-07-17T05:46:56.554+0000] {subprocess.py:93} INFO - 26/07/17 05:46:56 INFO BlockManagerMaster: Registering BlockManager BlockManagerId(driver, 6e24d76c9d6c, 46293, None)
[2026-07-17T05:46:56.558+0000] {subprocess.py:93} INFO - 26/07/17 05:46:56 INFO BlockManagerMasterEndpoint: Registering block manager 6e24d76c9d6c:46293 with 434.4 MiB RAM, BlockManagerId(driver, 6e24d76c9d6c, 46293, None)
[2026-07-17T05:46:56.562+0000] {subprocess.py:93} INFO - 26/07/17 05:46:56 INFO BlockManagerMaster: Registered BlockManager BlockManagerId(driver, 6e24d76c9d6c, 46293, None)
[2026-07-17T05:46:56.564+0000] {subprocess.py:93} INFO - 26/07/17 05:46:56 INFO BlockManager: Initialized BlockManager: BlockManagerId(driver, 6e24d76c9d6c, 46293, None)
[2026-07-17T05:46:56.616+0000] {subprocess.py:93} INFO - 26/07/17 05:46:56 INFO StandaloneAppClient$ClientEndpoint: Executor updated: app-20260717054656-0040/1 is now RUNNING
[2026-07-17T05:46:56.620+0000] {subprocess.py:93} INFO - 26/07/17 05:46:56 INFO StandaloneAppClient$ClientEndpoint: Executor updated: app-20260717054656-0040/0 is now RUNNING
[2026-07-17T05:46:56.646+0000] {subprocess.py:93} INFO - 26/07/17 05:46:56 INFO StandaloneAppClient$ClientEndpoint: Executor updated: app-20260717054656-0040/2 is now RUNNING
[2026-07-17T05:46:56.972+0000] {subprocess.py:93} INFO - 26/07/17 05:46:56 INFO StandaloneSchedulerBackend: SchedulerBackend is ready for scheduling beginning after reached minRegisteredResourcesRatio: 0.0
[2026-07-17T05:46:57.427+0000] {subprocess.py:93} INFO - Starting silver stream: orders --->>  /opt/data/silver/orders
[2026-07-17T05:47:11.130+0000] {subprocess.py:93} INFO - 26/07/17 05:47:11 WARN ResolveWriteToStream: spark.sql.adaptive.enabled is not supported in streaming DataFrames/Datasets and will be disabled.
[2026-07-17T05:47:11.269+0000] {subprocess.py:93} INFO - Silver stream started: /opt/data/bronze/orders --->> /opt/data/silver/orders
[2026-07-17T05:47:11.274+0000] {subprocess.py:93} INFO - Starting silver stream: customers --->>  /opt/data/silver/customers
[2026-07-17T05:47:14.303+0000] {subprocess.py:93} INFO - 26/07/17 05:47:14 WARN ResolveWriteToStream: spark.sql.adaptive.enabled is not supported in streaming DataFrames/Datasets and will be disabled.
[2026-07-17T05:47:14.344+0000] {subprocess.py:93} INFO - Silver stream started: /opt/data/bronze/customers --->> /opt/data/silver/customers
[2026-07-17T05:47:14.350+0000] {subprocess.py:93} INFO - Starting silver stream: products --->>  /opt/data/silver/products
[2026-07-17T05:47:16.259+0000] {subprocess.py:93} INFO - 26/07/17 05:47:16 WARN ResolveWriteToStream: spark.sql.adaptive.enabled is not supported in streaming DataFrames/Datasets and will be disabled.
[2026-07-17T05:47:16.339+0000] {subprocess.py:93} INFO - Silver stream started: /opt/data/bronze/products --->> /opt/data/silver/products
[2026-07-17T05:47:17.566+0000] {subprocess.py:93} INFO - 26/07/17 05:47:17 WARN SparkStringUtils: Truncated the string representation of a plan since it was too large. This behavior can be adjusted by setting 'spark.sql.debug.maxToStringFields'.
[2026-07-17T05:48:49.045+0000] {subprocess.py:97} INFO - Command exited with return code 0
[2026-07-17T05:48:49.049+0000] {taskinstance.py:441} INFO - ::group::Post task execution logs
[2026-07-17T05:48:49.089+0000] {taskinstance.py:1205} INFO - Marking task as SUCCESS. dag_id=e-commerce_kafka_streaming_pipeline_v1, task_id=run_silver, execution_date=20260717T054447, start_date=20260717T054652, end_date=20260717T054849
[2026-07-17T05:48:49.142+0000] {local_task_job_runner.py:240} INFO - Task exited with return code 0
[2026-07-17T05:48:49.183+0000] {taskinstance.py:3482} INFO - 1 downstream tasks scheduled from follow-on schedule check
[2026-07-17T05:48:49.186+0000] {local_task_job_runner.py:222} INFO - ::endgroup::
