[2026-07-15T14:12:54.598+0000] {local_task_job_runner.py:120} INFO - ::group::Pre task execution logs
[2026-07-15T14:12:54.623+0000] {taskinstance.py:2073} INFO - Dependencies all met for dep_context=non-requeueable deps ti=<TaskInstance: e-commerce_kafka_streaming_pipeline_v1.run_bronze scheduled__2026-07-15T13:00:00+00:00 [queued]>
[2026-07-15T14:12:54.631+0000] {taskinstance.py:2073} INFO - Dependencies all met for dep_context=requeueable deps ti=<TaskInstance: e-commerce_kafka_streaming_pipeline_v1.run_bronze scheduled__2026-07-15T13:00:00+00:00 [queued]>
[2026-07-15T14:12:54.632+0000] {taskinstance.py:2303} INFO - Starting attempt 2 of 2
[2026-07-15T14:12:54.648+0000] {taskinstance.py:2327} INFO - Executing <Task(BashOperator): run_bronze> on 2026-07-15 13:00:00+00:00
[2026-07-15T14:12:54.659+0000] {standard_task_runner.py:90} INFO - Running: ['***', 'tasks', 'run', 'e-commerce_kafka_streaming_pipeline_v1', 'run_bronze', 'scheduled__2026-07-15T13:00:00+00:00', '--job-id', '7', '--raw', '--subdir', 'DAGS_FOLDER/sdp_pipeline_dag.py', '--cfg-path', '/tmp/tmp18gyokt5']
[2026-07-15T14:12:54.661+0000] {logging_mixin.py:188} WARNING - /home/***/.local/lib/python3.12/site-packages/***/task/task_runner/standard_task_runner.py:61 DeprecationWarning: This process (pid=411) is multi-threaded, use of fork() may lead to deadlocks in the child.
[2026-07-15T14:12:54.662+0000] {standard_task_runner.py:91} INFO - Job 7: Subtask run_bronze
[2026-07-15T14:12:54.662+0000] {standard_task_runner.py:63} INFO - Started process 412 to run task
[2026-07-15T14:12:54.720+0000] {task_command.py:426} INFO - Running <TaskInstance: e-commerce_kafka_streaming_pipeline_v1.run_bronze scheduled__2026-07-15T13:00:00+00:00 [running]> on host 1491dce99886
[2026-07-15T14:12:54.820+0000] {taskinstance.py:2644} INFO - Exporting env vars: AIRFLOW_CTX_DAG_OWNER='dev' AIRFLOW_CTX_DAG_ID='e-commerce_kafka_streaming_pipeline_v1' AIRFLOW_CTX_TASK_ID='run_bronze' AIRFLOW_CTX_EXECUTION_DATE='2026-07-15T13:00:00+00:00' AIRFLOW_CTX_TRY_NUMBER='2' AIRFLOW_CTX_DAG_RUN_ID='scheduled__2026-07-15T13:00:00+00:00'
[2026-07-15T14:12:54.823+0000] {taskinstance.py:430} INFO - ::endgroup::
[2026-07-15T14:12:54.840+0000] {subprocess.py:63} INFO - Tmp dir root location: /tmp
[2026-07-15T14:12:54.843+0000] {subprocess.py:75} INFO - Running command: ['/usr/bin/bash', '-c', 'timeout 150s docker run --rm --network streaming_kafka_project_sdp-net --volume /d/Streaming_kafka_project/pipelines:/opt/pipelines --volume /d/Streaming_kafka_project/data:/opt/data --volume /d/Streaming_kafka_project/checkpoints:/opt/checkpoints --volume /d/Streaming_kafka_project/jars:/opt/jars apache/spark:3.5.1 /opt/spark/bin/spark-submit --master spark://sdp-spark-master:7077 --executor-cores 1 --executor-memory 512m --total-executor-cores 3 --jars /opt/jars/delta-spark_2.12-3.2.0.jar,/opt/jars/delta-storage-3.2.0.jar,/opt/jars/spark-sql-kafka-0-10_2.12-3.5.1.jar,/opt/jars/kafka-clients-3.4.1.jar,/opt/jars/spark-token-provider-kafka-0-10_2.12-3.5.1.jar,/opt/jars/commons-pool2-2.11.1.jar --conf spark.sql.extensions=io.delta.sql.DeltaSparkSessionExtension --conf spark.sql.catalog.spark_catalog=org.apache.spark.sql.delta.catalog.DeltaCatalog  /opt/pipelines/bronze_runner.py']
[2026-07-15T14:12:54.854+0000] {subprocess.py:86} INFO - Output:
[2026-07-15T14:12:56.583+0000] {subprocess.py:93} INFO - 26/07/15 14:12:56 WARN NativeCodeLoader: Unable to load native-hadoop library for your platform... using builtin-java classes where applicable
[2026-07-15T14:12:57.454+0000] {subprocess.py:93} INFO - 26/07/15 14:12:57 INFO SparkContext: Running Spark version 3.5.1
[2026-07-15T14:12:57.455+0000] {subprocess.py:93} INFO - 26/07/15 14:12:57 INFO SparkContext: OS info Linux, 6.18.33.2-microsoft-standard-WSL2, amd64
[2026-07-15T14:12:57.456+0000] {subprocess.py:93} INFO - 26/07/15 14:12:57 INFO SparkContext: Java version 11.0.22
[2026-07-15T14:12:57.477+0000] {subprocess.py:93} INFO - 26/07/15 14:12:57 INFO ResourceUtils: ==============================================================
[2026-07-15T14:12:57.478+0000] {subprocess.py:93} INFO - 26/07/15 14:12:57 INFO ResourceUtils: No custom resources configured for spark.driver.
[2026-07-15T14:12:57.479+0000] {subprocess.py:93} INFO - 26/07/15 14:12:57 INFO ResourceUtils: ==============================================================
[2026-07-15T14:12:57.480+0000] {subprocess.py:93} INFO - 26/07/15 14:12:57 INFO SparkContext: Submitted application: SDP-Bronze
[2026-07-15T14:12:57.498+0000] {subprocess.py:93} INFO - 26/07/15 14:12:57 INFO ResourceProfile: Default ResourceProfile created, executor resources: Map(cores -> name: cores, amount: 1, script: , vendor: , memory -> name: memory, amount: 512, script: , vendor: , offHeap -> name: offHeap, amount: 0, script: , vendor: ), task resources: Map(cpus -> name: cpus, amount: 1.0)
[2026-07-15T14:12:57.506+0000] {subprocess.py:93} INFO - 26/07/15 14:12:57 INFO ResourceProfile: Limiting resource is cpus at 1 tasks per executor
[2026-07-15T14:12:57.508+0000] {subprocess.py:93} INFO - 26/07/15 14:12:57 INFO ResourceProfileManager: Added ResourceProfile id: 0
[2026-07-15T14:12:57.566+0000] {subprocess.py:93} INFO - 26/07/15 14:12:57 INFO SecurityManager: Changing view acls to: spark
[2026-07-15T14:12:57.567+0000] {subprocess.py:93} INFO - 26/07/15 14:12:57 INFO SecurityManager: Changing modify acls to: spark
[2026-07-15T14:12:57.568+0000] {subprocess.py:93} INFO - 26/07/15 14:12:57 INFO SecurityManager: Changing view acls groups to:
[2026-07-15T14:12:57.569+0000] {subprocess.py:93} INFO - 26/07/15 14:12:57 INFO SecurityManager: Changing modify acls groups to:
[2026-07-15T14:12:57.570+0000] {subprocess.py:93} INFO - 26/07/15 14:12:57 INFO SecurityManager: SecurityManager: authentication disabled; ui acls disabled; users with view permissions: spark; groups with view permissions: EMPTY; users with modify permissions: spark; groups with modify permissions: EMPTY
[2026-07-15T14:12:57.805+0000] {subprocess.py:93} INFO - 26/07/15 14:12:57 INFO Utils: Successfully started service 'sparkDriver' on port 33157.
[2026-07-15T14:12:57.833+0000] {subprocess.py:93} INFO - 26/07/15 14:12:57 INFO SparkEnv: Registering MapOutputTracker
[2026-07-15T14:12:57.883+0000] {subprocess.py:93} INFO - 26/07/15 14:12:57 INFO SparkEnv: Registering BlockManagerMaster
[2026-07-15T14:12:57.907+0000] {subprocess.py:93} INFO - 26/07/15 14:12:57 INFO BlockManagerMasterEndpoint: Using org.apache.spark.storage.DefaultTopologyMapper for getting topology information
[2026-07-15T14:12:57.909+0000] {subprocess.py:93} INFO - 26/07/15 14:12:57 INFO BlockManagerMasterEndpoint: BlockManagerMasterEndpoint up
[2026-07-15T14:12:57.919+0000] {subprocess.py:93} INFO - 26/07/15 14:12:57 INFO SparkEnv: Registering BlockManagerMasterHeartbeat
[2026-07-15T14:12:57.948+0000] {subprocess.py:93} INFO - 26/07/15 14:12:57 INFO DiskBlockManager: Created local directory at /tmp/blockmgr-ba345592-b560-4ead-aed8-fff548fa90dc
[2026-07-15T14:12:57.964+0000] {subprocess.py:93} INFO - 26/07/15 14:12:57 INFO MemoryStore: MemoryStore started with capacity 434.4 MiB
[2026-07-15T14:12:57.991+0000] {subprocess.py:93} INFO - 26/07/15 14:12:57 INFO SparkEnv: Registering OutputCommitCoordinator
[2026-07-15T14:12:58.127+0000] {subprocess.py:93} INFO - 26/07/15 14:12:58 INFO JettyUtils: Start Jetty 0.0.0.0:4040 for SparkUI
[2026-07-15T14:12:58.178+0000] {subprocess.py:93} INFO - 26/07/15 14:12:58 INFO Utils: Successfully started service 'SparkUI' on port 4040.
[2026-07-15T14:12:58.210+0000] {subprocess.py:93} INFO - 26/07/15 14:12:58 INFO SparkContext: Added JAR file:///opt/jars/delta-spark_2.12-3.2.0.jar at spark://b3f1477262b3:33157/jars/delta-spark_2.12-3.2.0.jar with timestamp 1784124777445
[2026-07-15T14:12:58.211+0000] {subprocess.py:93} INFO - 26/07/15 14:12:58 INFO SparkContext: Added JAR file:///opt/jars/delta-storage-3.2.0.jar at spark://b3f1477262b3:33157/jars/delta-storage-3.2.0.jar with timestamp 1784124777445
[2026-07-15T14:12:58.212+0000] {subprocess.py:93} INFO - 26/07/15 14:12:58 INFO SparkContext: Added JAR file:///opt/jars/spark-sql-kafka-0-10_2.12-3.5.1.jar at spark://b3f1477262b3:33157/jars/spark-sql-kafka-0-10_2.12-3.5.1.jar with timestamp 1784124777445
[2026-07-15T14:12:58.213+0000] {subprocess.py:93} INFO - 26/07/15 14:12:58 INFO SparkContext: Added JAR file:///opt/jars/kafka-clients-3.4.1.jar at spark://b3f1477262b3:33157/jars/kafka-clients-3.4.1.jar with timestamp 1784124777445
[2026-07-15T14:12:58.214+0000] {subprocess.py:93} INFO - 26/07/15 14:12:58 INFO SparkContext: Added JAR file:///opt/jars/spark-token-provider-kafka-0-10_2.12-3.5.1.jar at spark://b3f1477262b3:33157/jars/spark-token-provider-kafka-0-10_2.12-3.5.1.jar with timestamp 1784124777445
[2026-07-15T14:12:58.215+0000] {subprocess.py:93} INFO - 26/07/15 14:12:58 INFO SparkContext: Added JAR file:///opt/jars/commons-pool2-2.11.1.jar at spark://b3f1477262b3:33157/jars/commons-pool2-2.11.1.jar with timestamp 1784124777445
[2026-07-15T14:12:58.311+0000] {subprocess.py:93} INFO - 26/07/15 14:12:58 INFO StandaloneAppClient$ClientEndpoint: Connecting to master spark://sdp-spark-master:7077...
[2026-07-15T14:12:58.368+0000] {subprocess.py:93} INFO - 26/07/15 14:12:58 INFO TransportClientFactory: Successfully created connection to sdp-spark-master/172.18.0.3:7077 after 31 ms (0 ms spent in bootstraps)
[2026-07-15T14:12:58.480+0000] {subprocess.py:93} INFO - 26/07/15 14:12:58 INFO StandaloneSchedulerBackend: Connected to Spark cluster with app ID app-20260715141258-0002
[2026-07-15T14:12:58.484+0000] {subprocess.py:93} INFO - 26/07/15 14:12:58 INFO StandaloneAppClient$ClientEndpoint: Executor added: app-20260715141258-0002/0 on worker-20260715140648-172.18.0.5-43879 (172.18.0.5:43879) with 1 core(s)
[2026-07-15T14:12:58.485+0000] {subprocess.py:93} INFO - 26/07/15 14:12:58 INFO StandaloneSchedulerBackend: Granted executor ID app-20260715141258-0002/0 on hostPort 172.18.0.5:43879 with 1 core(s), 512.0 MiB RAM
[2026-07-15T14:12:58.488+0000] {subprocess.py:93} INFO - 26/07/15 14:12:58 INFO StandaloneAppClient$ClientEndpoint: Executor added: app-20260715141258-0002/1 on worker-20260715140648-172.18.0.5-43879 (172.18.0.5:43879) with 1 core(s)
[2026-07-15T14:12:58.493+0000] {subprocess.py:93} INFO - 26/07/15 14:12:58 INFO StandaloneSchedulerBackend: Granted executor ID app-20260715141258-0002/1 on hostPort 172.18.0.5:43879 with 1 core(s), 512.0 MiB RAM
[2026-07-15T14:12:58.494+0000] {subprocess.py:93} INFO - 26/07/15 14:12:58 INFO StandaloneAppClient$ClientEndpoint: Executor added: app-20260715141258-0002/2 on worker-20260715140648-172.18.0.6-34411 (172.18.0.6:34411) with 1 core(s)
[2026-07-15T14:12:58.495+0000] {subprocess.py:93} INFO - 26/07/15 14:12:58 INFO StandaloneSchedulerBackend: Granted executor ID app-20260715141258-0002/2 on hostPort 172.18.0.6:34411 with 1 core(s), 512.0 MiB RAM
[2026-07-15T14:12:58.501+0000] {subprocess.py:93} INFO - 26/07/15 14:12:58 INFO Utils: Successfully started service 'org.apache.spark.network.netty.NettyBlockTransferService' on port 41645.
[2026-07-15T14:12:58.502+0000] {subprocess.py:93} INFO - 26/07/15 14:12:58 INFO NettyBlockTransferService: Server created on b3f1477262b3:41645
[2026-07-15T14:12:58.504+0000] {subprocess.py:93} INFO - 26/07/15 14:12:58 INFO BlockManager: Using org.apache.spark.storage.RandomBlockReplicationPolicy for block replication policy
[2026-07-15T14:12:58.521+0000] {subprocess.py:93} INFO - 26/07/15 14:12:58 INFO BlockManagerMaster: Registering BlockManager BlockManagerId(driver, b3f1477262b3, 41645, None)
[2026-07-15T14:12:58.525+0000] {subprocess.py:93} INFO - 26/07/15 14:12:58 INFO BlockManagerMasterEndpoint: Registering block manager b3f1477262b3:41645 with 434.4 MiB RAM, BlockManagerId(driver, b3f1477262b3, 41645, None)
[2026-07-15T14:12:58.546+0000] {subprocess.py:93} INFO - 26/07/15 14:12:58 INFO BlockManagerMaster: Registered BlockManager BlockManagerId(driver, b3f1477262b3, 41645, None)
[2026-07-15T14:12:58.550+0000] {subprocess.py:93} INFO - 26/07/15 14:12:58 INFO BlockManager: Initialized BlockManager: BlockManagerId(driver, b3f1477262b3, 41645, None)
[2026-07-15T14:12:58.560+0000] {subprocess.py:93} INFO - 26/07/15 14:12:58 INFO StandaloneAppClient$ClientEndpoint: Executor updated: app-20260715141258-0002/2 is now RUNNING
[2026-07-15T14:12:58.573+0000] {subprocess.py:93} INFO - 26/07/15 14:12:58 INFO StandaloneAppClient$ClientEndpoint: Executor updated: app-20260715141258-0002/1 is now RUNNING
[2026-07-15T14:12:58.575+0000] {subprocess.py:93} INFO - 26/07/15 14:12:58 INFO StandaloneAppClient$ClientEndpoint: Executor updated: app-20260715141258-0002/0 is now RUNNING
[2026-07-15T14:12:58.971+0000] {subprocess.py:93} INFO - 26/07/15 14:12:58 INFO StandaloneSchedulerBackend: SchedulerBackend is ready for scheduling beginning after reached minRegisteredResourcesRatio: 0.0
[2026-07-15T14:12:59.352+0000] {subprocess.py:93} INFO - Starting stream: orders -> /opt/data/bronze/orders
[2026-07-15T14:13:09.892+0000] {subprocess.py:93} INFO - 26/07/15 14:13:09 WARN ResolveWriteToStream: spark.sql.adaptive.enabled is not supported in streaming DataFrames/Datasets and will be disabled.
[2026-07-15T14:13:10.084+0000] {subprocess.py:93} INFO - Starting stream: customers -> /opt/data/bronze/customers
[2026-07-15T14:13:10.676+0000] {subprocess.py:93} INFO - 26/07/15 14:13:10 WARN AdminClientConfig: These configurations '[key.deserializer, value.deserializer, enable.auto.commit, max.poll.records, auto.offset.reset]' were supplied but are not used yet.
[2026-07-15T14:13:12.285+0000] {subprocess.py:93} INFO - 26/07/15 14:13:12 WARN ResolveWriteToStream: spark.sql.adaptive.enabled is not supported in streaming DataFrames/Datasets and will be disabled.
[2026-07-15T14:13:12.342+0000] {subprocess.py:93} INFO - Starting stream: products -> /opt/data/bronze/products
[2026-07-15T14:13:12.498+0000] {subprocess.py:93} INFO - 26/07/15 14:13:12 WARN AdminClientConfig: These configurations '[key.deserializer, value.deserializer, enable.auto.commit, max.poll.records, auto.offset.reset]' were supplied but are not used yet.
[2026-07-15T14:13:12.891+0000] {subprocess.py:93} INFO - 26/07/15 14:13:12 WARN ResolveWriteToStream: spark.sql.adaptive.enabled is not supported in streaming DataFrames/Datasets and will be disabled.
[2026-07-15T14:13:13.091+0000] {subprocess.py:93} INFO - 26/07/15 14:13:13 WARN AdminClientConfig: These configurations '[key.deserializer, value.deserializer, enable.auto.commit, max.poll.records, auto.offset.reset]' were supplied but are not used yet.
[2026-07-15T14:14:45.406+0000] {subprocess.py:97} INFO - Command exited with return code 0
[2026-07-15T14:14:45.408+0000] {taskinstance.py:441} INFO - ::group::Post task execution logs
[2026-07-15T14:14:45.438+0000] {taskinstance.py:1205} INFO - Marking task as SUCCESS. dag_id=e-commerce_kafka_streaming_pipeline_v1, task_id=run_bronze, execution_date=20260715T130000, start_date=20260715T141254, end_date=20260715T141445
[2026-07-15T14:14:45.469+0000] {local_task_job_runner.py:240} INFO - Task exited with return code 0
[2026-07-15T14:14:45.493+0000] {taskinstance.py:3482} INFO - 0 downstream tasks scheduled from follow-on schedule check
[2026-07-15T14:14:45.497+0000] {local_task_job_runner.py:222} INFO - ::endgroup::
