[2026-07-16T14:18:32.450+0000] {local_task_job_runner.py:120} INFO - ::group::Pre task execution logs
[2026-07-16T14:18:32.488+0000] {taskinstance.py:2073} INFO - Dependencies all met for dep_context=non-requeueable deps ti=<TaskInstance: e-commerce_kafka_streaming_pipeline_v1.run_gold scheduled__2026-07-16T13:00:00+00:00 [queued]>
[2026-07-16T14:18:32.498+0000] {taskinstance.py:2073} INFO - Dependencies all met for dep_context=requeueable deps ti=<TaskInstance: e-commerce_kafka_streaming_pipeline_v1.run_gold scheduled__2026-07-16T13:00:00+00:00 [queued]>
[2026-07-16T14:18:32.499+0000] {taskinstance.py:2303} INFO - Starting attempt 1 of 2
[2026-07-16T14:18:32.513+0000] {taskinstance.py:2327} INFO - Executing <Task(BashOperator): run_gold> on 2026-07-16 13:00:00+00:00
[2026-07-16T14:18:32.522+0000] {standard_task_runner.py:90} INFO - Running: ['***', 'tasks', 'run', 'e-commerce_kafka_streaming_pipeline_v1', 'run_gold', 'scheduled__2026-07-16T13:00:00+00:00', '--job-id', '73', '--raw', '--subdir', 'DAGS_FOLDER/sdp_pipeline_dag.py', '--cfg-path', '/tmp/tmp17ufs_6s']
[2026-07-16T14:18:32.525+0000] {standard_task_runner.py:91} INFO - Job 73: Subtask run_gold
[2026-07-16T14:18:32.538+0000] {logging_mixin.py:188} WARNING - /home/***/.local/lib/python3.12/site-packages/***/task/task_runner/standard_task_runner.py:61 DeprecationWarning: This process (pid=2504) is multi-threaded, use of fork() may lead to deadlocks in the child.
[2026-07-16T14:18:32.539+0000] {standard_task_runner.py:63} INFO - Started process 2505 to run task
[2026-07-16T14:18:32.580+0000] {task_command.py:426} INFO - Running <TaskInstance: e-commerce_kafka_streaming_pipeline_v1.run_gold scheduled__2026-07-16T13:00:00+00:00 [running]> on host da27550080bf
[2026-07-16T14:18:32.659+0000] {taskinstance.py:2644} INFO - Exporting env vars: AIRFLOW_CTX_DAG_OWNER='dev' AIRFLOW_CTX_DAG_ID='e-commerce_kafka_streaming_pipeline_v1' AIRFLOW_CTX_TASK_ID='run_gold' AIRFLOW_CTX_EXECUTION_DATE='2026-07-16T13:00:00+00:00' AIRFLOW_CTX_TRY_NUMBER='1' AIRFLOW_CTX_DAG_RUN_ID='scheduled__2026-07-16T13:00:00+00:00'
[2026-07-16T14:18:32.661+0000] {taskinstance.py:430} INFO - ::endgroup::
[2026-07-16T14:18:32.674+0000] {subprocess.py:63} INFO - Tmp dir root location: /tmp
[2026-07-16T14:18:32.677+0000] {subprocess.py:75} INFO - Running command: ['/usr/bin/bash', '-c', 'docker run --rm --network streaming_kafka_project_sdp-net --volume /d/Streaming_kafka_project/pipelines:/opt/pipelines --volume /d/Streaming_kafka_project/data:/opt/data --volume /d/Streaming_kafka_project/checkpoints:/opt/checkpoints --volume /d/Streaming_kafka_project/jars:/opt/jars apache/spark:3.5.1 /opt/spark/bin/spark-submit --master spark://sdp-spark-master:7077 --executor-cores 1 --executor-memory 512m --total-executor-cores 3 --jars /opt/jars/delta-spark_2.12-3.2.0.jar,/opt/jars/delta-storage-3.2.0.jar,/opt/jars/spark-sql-kafka-0-10_2.12-3.5.1.jar,/opt/jars/kafka-clients-3.4.1.jar,/opt/jars/spark-token-provider-kafka-0-10_2.12-3.5.1.jar,/opt/jars/commons-pool2-2.11.1.jar --conf spark.sql.extensions=io.delta.sql.DeltaSparkSessionExtension --conf spark.sql.catalog.spark_catalog=org.apache.spark.sql.delta.catalog.DeltaCatalog  /opt/pipelines/gold_runner.py']
[2026-07-16T14:18:32.686+0000] {subprocess.py:86} INFO - Output:
[2026-07-16T14:18:34.683+0000] {subprocess.py:93} INFO - 26/07/16 14:18:34 WARN NativeCodeLoader: Unable to load native-hadoop library for your platform... using builtin-java classes where applicable
[2026-07-16T14:18:35.312+0000] {subprocess.py:93} INFO - 26/07/16 14:18:35 INFO SparkContext: Running Spark version 3.5.1
[2026-07-16T14:18:35.313+0000] {subprocess.py:93} INFO - 26/07/16 14:18:35 INFO SparkContext: OS info Linux, 6.18.33.2-microsoft-standard-WSL2, amd64
[2026-07-16T14:18:35.314+0000] {subprocess.py:93} INFO - 26/07/16 14:18:35 INFO SparkContext: Java version 11.0.22
[2026-07-16T14:18:35.337+0000] {subprocess.py:93} INFO - 26/07/16 14:18:35 INFO ResourceUtils: ==============================================================
[2026-07-16T14:18:35.338+0000] {subprocess.py:93} INFO - 26/07/16 14:18:35 INFO ResourceUtils: No custom resources configured for spark.driver.
[2026-07-16T14:18:35.339+0000] {subprocess.py:93} INFO - 26/07/16 14:18:35 INFO ResourceUtils: ==============================================================
[2026-07-16T14:18:35.340+0000] {subprocess.py:93} INFO - 26/07/16 14:18:35 INFO SparkContext: Submitted application: SDP-Gold
[2026-07-16T14:18:35.358+0000] {subprocess.py:93} INFO - 26/07/16 14:18:35 INFO ResourceProfile: Default ResourceProfile created, executor resources: Map(cores -> name: cores, amount: 1, script: , vendor: , memory -> name: memory, amount: 512, script: , vendor: , offHeap -> name: offHeap, amount: 0, script: , vendor: ), task resources: Map(cpus -> name: cpus, amount: 1.0)
[2026-07-16T14:18:35.371+0000] {subprocess.py:93} INFO - 26/07/16 14:18:35 INFO ResourceProfile: Limiting resource is cpus at 1 tasks per executor
[2026-07-16T14:18:35.372+0000] {subprocess.py:93} INFO - 26/07/16 14:18:35 INFO ResourceProfileManager: Added ResourceProfile id: 0
[2026-07-16T14:18:35.424+0000] {subprocess.py:93} INFO - 26/07/16 14:18:35 INFO SecurityManager: Changing view acls to: spark
[2026-07-16T14:18:35.425+0000] {subprocess.py:93} INFO - 26/07/16 14:18:35 INFO SecurityManager: Changing modify acls to: spark
[2026-07-16T14:18:35.426+0000] {subprocess.py:93} INFO - 26/07/16 14:18:35 INFO SecurityManager: Changing view acls groups to:
[2026-07-16T14:18:35.427+0000] {subprocess.py:93} INFO - 26/07/16 14:18:35 INFO SecurityManager: Changing modify acls groups to:
[2026-07-16T14:18:35.428+0000] {subprocess.py:93} INFO - 26/07/16 14:18:35 INFO SecurityManager: SecurityManager: authentication disabled; ui acls disabled; users with view permissions: spark; groups with view permissions: EMPTY; users with modify permissions: spark; groups with modify permissions: EMPTY
[2026-07-16T14:18:35.625+0000] {subprocess.py:93} INFO - 26/07/16 14:18:35 INFO Utils: Successfully started service 'sparkDriver' on port 42043.
[2026-07-16T14:18:35.656+0000] {subprocess.py:93} INFO - 26/07/16 14:18:35 INFO SparkEnv: Registering MapOutputTracker
[2026-07-16T14:18:35.709+0000] {subprocess.py:93} INFO - 26/07/16 14:18:35 INFO SparkEnv: Registering BlockManagerMaster
[2026-07-16T14:18:35.736+0000] {subprocess.py:93} INFO - 26/07/16 14:18:35 INFO BlockManagerMasterEndpoint: Using org.apache.spark.storage.DefaultTopologyMapper for getting topology information
[2026-07-16T14:18:35.740+0000] {subprocess.py:93} INFO - 26/07/16 14:18:35 INFO BlockManagerMasterEndpoint: BlockManagerMasterEndpoint up
[2026-07-16T14:18:35.744+0000] {subprocess.py:93} INFO - 26/07/16 14:18:35 INFO SparkEnv: Registering BlockManagerMasterHeartbeat
[2026-07-16T14:18:35.773+0000] {subprocess.py:93} INFO - 26/07/16 14:18:35 INFO DiskBlockManager: Created local directory at /tmp/blockmgr-38704676-766b-425b-9a07-d8718d7102f7
[2026-07-16T14:18:35.793+0000] {subprocess.py:93} INFO - 26/07/16 14:18:35 INFO MemoryStore: MemoryStore started with capacity 434.4 MiB
[2026-07-16T14:18:35.822+0000] {subprocess.py:93} INFO - 26/07/16 14:18:35 INFO SparkEnv: Registering OutputCommitCoordinator
[2026-07-16T14:18:35.987+0000] {subprocess.py:93} INFO - 26/07/16 14:18:35 INFO JettyUtils: Start Jetty 0.0.0.0:4040 for SparkUI
[2026-07-16T14:18:36.044+0000] {subprocess.py:93} INFO - 26/07/16 14:18:36 INFO Utils: Successfully started service 'SparkUI' on port 4040.
[2026-07-16T14:18:36.089+0000] {subprocess.py:93} INFO - 26/07/16 14:18:36 INFO SparkContext: Added JAR file:///opt/jars/delta-spark_2.12-3.2.0.jar at spark://50b234b23044:42043/jars/delta-spark_2.12-3.2.0.jar with timestamp 1784211515303
[2026-07-16T14:18:36.090+0000] {subprocess.py:93} INFO - 26/07/16 14:18:36 INFO SparkContext: Added JAR file:///opt/jars/delta-storage-3.2.0.jar at spark://50b234b23044:42043/jars/delta-storage-3.2.0.jar with timestamp 1784211515303
[2026-07-16T14:18:36.091+0000] {subprocess.py:93} INFO - 26/07/16 14:18:36 INFO SparkContext: Added JAR file:///opt/jars/spark-sql-kafka-0-10_2.12-3.5.1.jar at spark://50b234b23044:42043/jars/spark-sql-kafka-0-10_2.12-3.5.1.jar with timestamp 1784211515303
[2026-07-16T14:18:36.091+0000] {subprocess.py:93} INFO - 26/07/16 14:18:36 INFO SparkContext: Added JAR file:///opt/jars/kafka-clients-3.4.1.jar at spark://50b234b23044:42043/jars/kafka-clients-3.4.1.jar with timestamp 1784211515303
[2026-07-16T14:18:36.092+0000] {subprocess.py:93} INFO - 26/07/16 14:18:36 INFO SparkContext: Added JAR file:///opt/jars/spark-token-provider-kafka-0-10_2.12-3.5.1.jar at spark://50b234b23044:42043/jars/spark-token-provider-kafka-0-10_2.12-3.5.1.jar with timestamp 1784211515303
[2026-07-16T14:18:36.093+0000] {subprocess.py:93} INFO - 26/07/16 14:18:36 INFO SparkContext: Added JAR file:///opt/jars/commons-pool2-2.11.1.jar at spark://50b234b23044:42043/jars/commons-pool2-2.11.1.jar with timestamp 1784211515303
[2026-07-16T14:18:36.155+0000] {subprocess.py:93} INFO - 26/07/16 14:18:36 INFO StandaloneAppClient$ClientEndpoint: Connecting to master spark://sdp-spark-master:7077...
[2026-07-16T14:18:36.195+0000] {subprocess.py:93} INFO - 26/07/16 14:18:36 INFO TransportClientFactory: Successfully created connection to sdp-spark-master/172.18.0.4:7077 after 22 ms (0 ms spent in bootstraps)
[2026-07-16T14:18:36.269+0000] {subprocess.py:93} INFO - 26/07/16 14:18:36 INFO StandaloneSchedulerBackend: Connected to Spark cluster with app ID app-20260716141836-0030
[2026-07-16T14:18:36.275+0000] {subprocess.py:93} INFO - 26/07/16 14:18:36 INFO StandaloneAppClient$ClientEndpoint: Executor added: app-20260716141836-0030/0 on worker-20260716063602-172.18.0.5-44367 (172.18.0.5:44367) with 1 core(s)
[2026-07-16T14:18:36.282+0000] {subprocess.py:93} INFO - 26/07/16 14:18:36 INFO StandaloneSchedulerBackend: Granted executor ID app-20260716141836-0030/0 on hostPort 172.18.0.5:44367 with 1 core(s), 512.0 MiB RAM
[2026-07-16T14:18:36.284+0000] {subprocess.py:93} INFO - 26/07/16 14:18:36 INFO StandaloneAppClient$ClientEndpoint: Executor added: app-20260716141836-0030/1 on worker-20260716063602-172.18.0.5-44367 (172.18.0.5:44367) with 1 core(s)
[2026-07-16T14:18:36.285+0000] {subprocess.py:93} INFO - 26/07/16 14:18:36 INFO StandaloneSchedulerBackend: Granted executor ID app-20260716141836-0030/1 on hostPort 172.18.0.5:44367 with 1 core(s), 512.0 MiB RAM
[2026-07-16T14:18:36.286+0000] {subprocess.py:93} INFO - 26/07/16 14:18:36 INFO StandaloneAppClient$ClientEndpoint: Executor added: app-20260716141836-0030/2 on worker-20260716063602-172.18.0.6-33249 (172.18.0.6:33249) with 1 core(s)
[2026-07-16T14:18:36.287+0000] {subprocess.py:93} INFO - 26/07/16 14:18:36 INFO StandaloneSchedulerBackend: Granted executor ID app-20260716141836-0030/2 on hostPort 172.18.0.6:33249 with 1 core(s), 512.0 MiB RAM
[2026-07-16T14:18:36.294+0000] {subprocess.py:93} INFO - 26/07/16 14:18:36 INFO Utils: Successfully started service 'org.apache.spark.network.netty.NettyBlockTransferService' on port 33619.
[2026-07-16T14:18:36.296+0000] {subprocess.py:93} INFO - 26/07/16 14:18:36 INFO NettyBlockTransferService: Server created on 50b234b23044:33619
[2026-07-16T14:18:36.297+0000] {subprocess.py:93} INFO - 26/07/16 14:18:36 INFO BlockManager: Using org.apache.spark.storage.RandomBlockReplicationPolicy for block replication policy
[2026-07-16T14:18:36.306+0000] {subprocess.py:93} INFO - 26/07/16 14:18:36 INFO BlockManagerMaster: Registering BlockManager BlockManagerId(driver, 50b234b23044, 33619, None)
[2026-07-16T14:18:36.317+0000] {subprocess.py:93} INFO - 26/07/16 14:18:36 INFO BlockManagerMasterEndpoint: Registering block manager 50b234b23044:33619 with 434.4 MiB RAM, BlockManagerId(driver, 50b234b23044, 33619, None)
[2026-07-16T14:18:36.319+0000] {subprocess.py:93} INFO - 26/07/16 14:18:36 INFO BlockManagerMaster: Registered BlockManager BlockManagerId(driver, 50b234b23044, 33619, None)
[2026-07-16T14:18:36.321+0000] {subprocess.py:93} INFO - 26/07/16 14:18:36 INFO BlockManager: Initialized BlockManager: BlockManagerId(driver, 50b234b23044, 33619, None)
[2026-07-16T14:18:36.357+0000] {subprocess.py:93} INFO - 26/07/16 14:18:36 INFO StandaloneAppClient$ClientEndpoint: Executor updated: app-20260716141836-0030/0 is now RUNNING
[2026-07-16T14:18:36.359+0000] {subprocess.py:93} INFO - 26/07/16 14:18:36 INFO StandaloneAppClient$ClientEndpoint: Executor updated: app-20260716141836-0030/1 is now RUNNING
[2026-07-16T14:18:36.388+0000] {subprocess.py:93} INFO - 26/07/16 14:18:36 INFO StandaloneAppClient$ClientEndpoint: Executor updated: app-20260716141836-0030/2 is now RUNNING
[2026-07-16T14:18:36.721+0000] {subprocess.py:93} INFO - 26/07/16 14:18:36 INFO StandaloneSchedulerBackend: SchedulerBackend is ready for scheduling beginning after reached minRegisteredResourcesRatio: 0.0
[2026-07-16T14:18:51.498+0000] {subprocess.py:93} INFO - 26/07/16 14:18:51 WARN SparkStringUtils: Truncated the string representation of a plan since it was too large. This behavior can be adjusted by setting 'spark.sql.debug.maxToStringFields'.
[2026-07-16T14:19:26.306+0000] {subprocess.py:93} INFO - Gold table written: /opt/data/gold/daily_sales  (4 rows)
[2026-07-16T14:19:36.441+0000] {subprocess.py:93} INFO - Gold table written: /opt/data/gold/product_performance  (10 rows)
[2026-07-16T14:19:48.203+0000] {subprocess.py:93} INFO - Gold table written: /opt/data/gold/customer_orders  (5 rows)
[2026-07-16T14:19:48.205+0000] {subprocess.py:93} INFO - 
[2026-07-16T14:19:48.206+0000] {subprocess.py:93} INFO - Gold pipeline complete.
[2026-07-16T14:19:48.732+0000] {subprocess.py:97} INFO - Command exited with return code 0
[2026-07-16T14:19:48.734+0000] {taskinstance.py:441} INFO - ::group::Post task execution logs
[2026-07-16T14:19:48.766+0000] {taskinstance.py:1205} INFO - Marking task as SUCCESS. dag_id=e-commerce_kafka_streaming_pipeline_v1, task_id=run_gold, execution_date=20260716T130000, start_date=20260716T141832, end_date=20260716T141948
[2026-07-16T14:19:48.800+0000] {local_task_job_runner.py:240} INFO - Task exited with return code 0
[2026-07-16T14:19:48.819+0000] {taskinstance.py:3482} INFO - 1 downstream tasks scheduled from follow-on schedule check
[2026-07-16T14:19:48.822+0000] {local_task_job_runner.py:222} INFO - ::endgroup::
