[2026-06-10T04:50:44.121+0000] {local_task_job_runner.py:120} INFO - ::group::Pre task execution logs
[2026-06-10T04:50:44.193+0000] {taskinstance.py:2073} INFO - Dependencies all met for dep_context=non-requeueable deps ti=<TaskInstance: e-commerce_kafka_streaming_pipeline_v10.run_bronze scheduled__2026-06-10T03:00:00+00:00 [queued]>
[2026-06-10T04:50:44.215+0000] {taskinstance.py:2073} INFO - Dependencies all met for dep_context=requeueable deps ti=<TaskInstance: e-commerce_kafka_streaming_pipeline_v10.run_bronze scheduled__2026-06-10T03:00:00+00:00 [queued]>
[2026-06-10T04:50:44.216+0000] {taskinstance.py:2303} INFO - Starting attempt 1 of 2
[2026-06-10T04:50:44.248+0000] {taskinstance.py:2327} INFO - Executing <Task(BashOperator): run_bronze> on 2026-06-10 03:00:00+00:00
[2026-06-10T04:50:44.264+0000] {standard_task_runner.py:90} INFO - Running: ['***', 'tasks', 'run', 'e-commerce_kafka_streaming_pipeline_v10', 'run_bronze', 'scheduled__2026-06-10T03:00:00+00:00', '--job-id', '130', '--raw', '--subdir', 'DAGS_FOLDER/sdp_pipeline_dag.py', '--cfg-path', '/tmp/tmprpke8fts']
[2026-06-10T04:50:44.271+0000] {standard_task_runner.py:91} INFO - Job 130: Subtask run_bronze
[2026-06-10T04:50:44.270+0000] {logging_mixin.py:188} WARNING - /home/***/.local/lib/python3.12/site-packages/***/task/task_runner/standard_task_runner.py:61 DeprecationWarning: This process (pid=6734) is multi-threaded, use of fork() may lead to deadlocks in the child.
[2026-06-10T04:50:44.273+0000] {standard_task_runner.py:63} INFO - Started process 6735 to run task
[2026-06-10T04:50:44.442+0000] {task_command.py:426} INFO - Running <TaskInstance: e-commerce_kafka_streaming_pipeline_v10.run_bronze scheduled__2026-06-10T03:00:00+00:00 [running]> on host 19d9c0c71dcc
[2026-06-10T04:50:44.953+0000] {taskinstance.py:2644} INFO - Exporting env vars: AIRFLOW_CTX_DAG_OWNER='dev' AIRFLOW_CTX_DAG_ID='e-commerce_kafka_streaming_pipeline_v10' AIRFLOW_CTX_TASK_ID='run_bronze' AIRFLOW_CTX_EXECUTION_DATE='2026-06-10T03:00:00+00:00' AIRFLOW_CTX_TRY_NUMBER='1' AIRFLOW_CTX_DAG_RUN_ID='scheduled__2026-06-10T03:00:00+00:00'
[2026-06-10T04:50:44.962+0000] {taskinstance.py:430} INFO - ::endgroup::
[2026-06-10T04:50:45.057+0000] {subprocess.py:63} INFO - Tmp dir root location: /tmp
[2026-06-10T04:50:45.061+0000] {subprocess.py:75} INFO - Running command: ['/usr/bin/bash', '-c', 'timeout 120s docker run --rm --network streaming_kafka_project_sdp-net --volume /d/Streaming_kafka_project/pipelines:/opt/pipelines --volume /d/Streaming_kafka_project/data:/opt/data --volume /d/Streaming_kafka_project/checkpoints:/opt/checkpoints --volume /d/Streaming_kafka_project/jars:/opt/jars apache/spark:3.5.1 /opt/spark/bin/spark-submit --master spark://sdp-spark-master:7077 --executor-cores 1 --executor-memory 512m --total-executor-cores 3 --jars /opt/jars/delta-spark_2.12-3.2.0.jar,/opt/jars/delta-storage-3.2.0.jar,/opt/jars/spark-sql-kafka-0-10_2.12-3.5.1.jar,/opt/jars/kafka-clients-3.4.1.jar,/opt/jars/spark-token-provider-kafka-0-10_2.12-3.5.1.jar,/opt/jars/commons-pool2-2.11.1.jar --conf spark.sql.extensions=io.delta.sql.DeltaSparkSessionExtension --conf spark.sql.catalog.spark_catalog=org.apache.spark.sql.delta.catalog.DeltaCatalog  /opt/pipelines/bronze_runner.py']
[2026-06-10T04:50:45.094+0000] {subprocess.py:86} INFO - Output:
[2026-06-10T04:50:51.430+0000] {subprocess.py:93} INFO - 26/06/10 04:50:51 WARN NativeCodeLoader: Unable to load native-hadoop library for your platform... using builtin-java classes where applicable
[2026-06-10T04:50:52.853+0000] {subprocess.py:93} INFO - 26/06/10 04:50:52 INFO SparkContext: Running Spark version 3.5.1
[2026-06-10T04:50:52.855+0000] {subprocess.py:93} INFO - 26/06/10 04:50:52 INFO SparkContext: OS info Linux, 6.6.114.1-microsoft-standard-WSL2, amd64
[2026-06-10T04:50:52.857+0000] {subprocess.py:93} INFO - 26/06/10 04:50:52 INFO SparkContext: Java version 11.0.22
[2026-06-10T04:50:52.934+0000] {subprocess.py:93} INFO - 26/06/10 04:50:52 INFO ResourceUtils: ==============================================================
[2026-06-10T04:50:52.936+0000] {subprocess.py:93} INFO - 26/06/10 04:50:52 INFO ResourceUtils: No custom resources configured for spark.driver.
[2026-06-10T04:50:52.937+0000] {subprocess.py:93} INFO - 26/06/10 04:50:52 INFO ResourceUtils: ==============================================================
[2026-06-10T04:50:52.938+0000] {subprocess.py:93} INFO - 26/06/10 04:50:52 INFO SparkContext: Submitted application: SDP-Bronze
[2026-06-10T04:50:52.977+0000] {subprocess.py:93} INFO - 26/06/10 04:50:52 INFO ResourceProfile: Default ResourceProfile created, executor resources: Map(cores -> name: cores, amount: 1, script: , vendor: , memory -> name: memory, amount: 512, script: , vendor: , offHeap -> name: offHeap, amount: 0, script: , vendor: ), task resources: Map(cpus -> name: cpus, amount: 1.0)
[2026-06-10T04:50:52.997+0000] {subprocess.py:93} INFO - 26/06/10 04:50:52 INFO ResourceProfile: Limiting resource is cpus at 1 tasks per executor
[2026-06-10T04:50:53.002+0000] {subprocess.py:93} INFO - 26/06/10 04:50:53 INFO ResourceProfileManager: Added ResourceProfile id: 0
[2026-06-10T04:50:53.076+0000] {subprocess.py:93} INFO - 26/06/10 04:50:53 INFO SecurityManager: Changing view acls to: spark
[2026-06-10T04:50:53.078+0000] {subprocess.py:93} INFO - 26/06/10 04:50:53 INFO SecurityManager: Changing modify acls to: spark
[2026-06-10T04:50:53.080+0000] {subprocess.py:93} INFO - 26/06/10 04:50:53 INFO SecurityManager: Changing view acls groups to:
[2026-06-10T04:50:53.082+0000] {subprocess.py:93} INFO - 26/06/10 04:50:53 INFO SecurityManager: Changing modify acls groups to:
[2026-06-10T04:50:53.083+0000] {subprocess.py:93} INFO - 26/06/10 04:50:53 INFO SecurityManager: SecurityManager: authentication disabled; ui acls disabled; users with view permissions: spark; groups with view permissions: EMPTY; users with modify permissions: spark; groups with modify permissions: EMPTY
[2026-06-10T04:50:53.483+0000] {subprocess.py:93} INFO - 26/06/10 04:50:53 INFO Utils: Successfully started service 'sparkDriver' on port 46855.
[2026-06-10T04:50:53.540+0000] {subprocess.py:93} INFO - 26/06/10 04:50:53 INFO SparkEnv: Registering MapOutputTracker
[2026-06-10T04:50:53.610+0000] {subprocess.py:93} INFO - 26/06/10 04:50:53 INFO SparkEnv: Registering BlockManagerMaster
[2026-06-10T04:50:53.689+0000] {subprocess.py:93} INFO - 26/06/10 04:50:53 INFO BlockManagerMasterEndpoint: Using org.apache.spark.storage.DefaultTopologyMapper for getting topology information
[2026-06-10T04:50:53.690+0000] {subprocess.py:93} INFO - 26/06/10 04:50:53 INFO BlockManagerMasterEndpoint: BlockManagerMasterEndpoint up
[2026-06-10T04:50:53.697+0000] {subprocess.py:93} INFO - 26/06/10 04:50:53 INFO SparkEnv: Registering BlockManagerMasterHeartbeat
[2026-06-10T04:50:53.755+0000] {subprocess.py:93} INFO - 26/06/10 04:50:53 INFO DiskBlockManager: Created local directory at /tmp/blockmgr-5374eec4-4fcf-4d30-bc7e-8595e9abbc59
[2026-06-10T04:50:53.790+0000] {subprocess.py:93} INFO - 26/06/10 04:50:53 INFO MemoryStore: MemoryStore started with capacity 434.4 MiB
[2026-06-10T04:50:53.827+0000] {subprocess.py:93} INFO - 26/06/10 04:50:53 INFO SparkEnv: Registering OutputCommitCoordinator
[2026-06-10T04:50:54.204+0000] {subprocess.py:93} INFO - 26/06/10 04:50:54 INFO JettyUtils: Start Jetty 0.0.0.0:4040 for SparkUI
[2026-06-10T04:50:54.337+0000] {subprocess.py:93} INFO - 26/06/10 04:50:54 INFO Utils: Successfully started service 'SparkUI' on port 4040.
[2026-06-10T04:50:54.432+0000] {subprocess.py:93} INFO - 26/06/10 04:50:54 INFO SparkContext: Added JAR file:///opt/jars/delta-spark_2.12-3.2.0.jar at spark://5c79c3bb9b9d:46855/jars/delta-spark_2.12-3.2.0.jar with timestamp 1781067052834
[2026-06-10T04:50:54.440+0000] {subprocess.py:93} INFO - 26/06/10 04:50:54 INFO SparkContext: Added JAR file:///opt/jars/delta-storage-3.2.0.jar at spark://5c79c3bb9b9d:46855/jars/delta-storage-3.2.0.jar with timestamp 1781067052834
[2026-06-10T04:50:54.452+0000] {subprocess.py:93} INFO - 26/06/10 04:50:54 INFO SparkContext: Added JAR file:///opt/jars/spark-sql-kafka-0-10_2.12-3.5.1.jar at spark://5c79c3bb9b9d:46855/jars/spark-sql-kafka-0-10_2.12-3.5.1.jar with timestamp 1781067052834
[2026-06-10T04:50:54.455+0000] {subprocess.py:93} INFO - 26/06/10 04:50:54 INFO SparkContext: Added JAR file:///opt/jars/kafka-clients-3.4.1.jar at spark://5c79c3bb9b9d:46855/jars/kafka-clients-3.4.1.jar with timestamp 1781067052834
[2026-06-10T04:50:54.460+0000] {subprocess.py:93} INFO - 26/06/10 04:50:54 INFO SparkContext: Added JAR file:///opt/jars/spark-token-provider-kafka-0-10_2.12-3.5.1.jar at spark://5c79c3bb9b9d:46855/jars/spark-token-provider-kafka-0-10_2.12-3.5.1.jar with timestamp 1781067052834
[2026-06-10T04:50:54.461+0000] {subprocess.py:93} INFO - 26/06/10 04:50:54 INFO SparkContext: Added JAR file:///opt/jars/commons-pool2-2.11.1.jar at spark://5c79c3bb9b9d:46855/jars/commons-pool2-2.11.1.jar with timestamp 1781067052834
[2026-06-10T04:50:54.775+0000] {subprocess.py:93} INFO - 26/06/10 04:50:54 INFO StandaloneAppClient$ClientEndpoint: Connecting to master spark://sdp-spark-master:7077...
[2026-06-10T04:50:54.904+0000] {subprocess.py:93} INFO - 26/06/10 04:50:54 INFO TransportClientFactory: Successfully created connection to sdp-spark-master/172.18.0.4:7077 after 80 ms (0 ms spent in bootstraps)
[2026-06-10T04:50:55.148+0000] {subprocess.py:93} INFO - 26/06/10 04:50:55 INFO StandaloneSchedulerBackend: Connected to Spark cluster with app ID app-20260610045055-0060
[2026-06-10T04:50:55.167+0000] {subprocess.py:93} INFO - 26/06/10 04:50:55 INFO StandaloneAppClient$ClientEndpoint: Executor added: app-20260610045055-0060/0 on worker-20260608131402-172.18.0.6-44005 (172.18.0.6:44005) with 1 core(s)
[2026-06-10T04:50:55.184+0000] {subprocess.py:93} INFO - 26/06/10 04:50:55 INFO StandaloneSchedulerBackend: Granted executor ID app-20260610045055-0060/0 on hostPort 172.18.0.6:44005 with 1 core(s), 512.0 MiB RAM
[2026-06-10T04:50:55.192+0000] {subprocess.py:93} INFO - 26/06/10 04:50:55 INFO StandaloneAppClient$ClientEndpoint: Executor added: app-20260610045055-0060/1 on worker-20260608131402-172.18.0.6-44005 (172.18.0.6:44005) with 1 core(s)
[2026-06-10T04:50:55.193+0000] {subprocess.py:93} INFO - 26/06/10 04:50:55 INFO StandaloneSchedulerBackend: Granted executor ID app-20260610045055-0060/1 on hostPort 172.18.0.6:44005 with 1 core(s), 512.0 MiB RAM
[2026-06-10T04:50:55.194+0000] {subprocess.py:93} INFO - 26/06/10 04:50:55 INFO StandaloneAppClient$ClientEndpoint: Executor added: app-20260610045055-0060/2 on worker-20260608131402-172.18.0.5-38399 (172.18.0.5:38399) with 1 core(s)
[2026-06-10T04:50:55.196+0000] {subprocess.py:93} INFO - 26/06/10 04:50:55 INFO StandaloneSchedulerBackend: Granted executor ID app-20260610045055-0060/2 on hostPort 172.18.0.5:38399 with 1 core(s), 512.0 MiB RAM
[2026-06-10T04:50:55.245+0000] {subprocess.py:93} INFO - 26/06/10 04:50:55 INFO Utils: Successfully started service 'org.apache.spark.network.netty.NettyBlockTransferService' on port 35811.
[2026-06-10T04:50:55.246+0000] {subprocess.py:93} INFO - 26/06/10 04:50:55 INFO NettyBlockTransferService: Server created on 5c79c3bb9b9d:35811
[2026-06-10T04:50:55.265+0000] {subprocess.py:93} INFO - 26/06/10 04:50:55 INFO BlockManager: Using org.apache.spark.storage.RandomBlockReplicationPolicy for block replication policy
[2026-06-10T04:50:55.333+0000] {subprocess.py:93} INFO - 26/06/10 04:50:55 INFO StandaloneAppClient$ClientEndpoint: Executor updated: app-20260610045055-0060/2 is now RUNNING
[2026-06-10T04:50:55.341+0000] {subprocess.py:93} INFO - 26/06/10 04:50:55 INFO StandaloneAppClient$ClientEndpoint: Executor updated: app-20260610045055-0060/1 is now RUNNING
[2026-06-10T04:50:55.343+0000] {subprocess.py:93} INFO - 26/06/10 04:50:55 INFO BlockManagerMaster: Registering BlockManager BlockManagerId(driver, 5c79c3bb9b9d, 35811, None)
[2026-06-10T04:50:55.368+0000] {subprocess.py:93} INFO - 26/06/10 04:50:55 INFO StandaloneAppClient$ClientEndpoint: Executor updated: app-20260610045055-0060/0 is now RUNNING
[2026-06-10T04:50:55.390+0000] {subprocess.py:93} INFO - 26/06/10 04:50:55 INFO BlockManagerMasterEndpoint: Registering block manager 5c79c3bb9b9d:35811 with 434.4 MiB RAM, BlockManagerId(driver, 5c79c3bb9b9d, 35811, None)
[2026-06-10T04:50:55.404+0000] {subprocess.py:93} INFO - 26/06/10 04:50:55 INFO BlockManagerMaster: Registered BlockManager BlockManagerId(driver, 5c79c3bb9b9d, 35811, None)
[2026-06-10T04:50:55.409+0000] {subprocess.py:93} INFO - 26/06/10 04:50:55 INFO BlockManager: Initialized BlockManager: BlockManagerId(driver, 5c79c3bb9b9d, 35811, None)
[2026-06-10T04:50:56.732+0000] {subprocess.py:93} INFO - 26/06/10 04:50:56 INFO StandaloneSchedulerBackend: SchedulerBackend is ready for scheduling beginning after reached minRegisteredResourcesRatio: 0.0
[2026-06-10T04:50:58.634+0000] {subprocess.py:93} INFO - Starting stream: orders -> /opt/data/bronze/orders
[2026-06-10T04:51:45.844+0000] {subprocess.py:93} INFO - 26/06/10 04:51:45 WARN ResolveWriteToStream: spark.sql.adaptive.enabled is not supported in streaming DataFrames/Datasets and will be disabled.
[2026-06-10T04:51:46.101+0000] {subprocess.py:93} INFO - Starting stream: customers -> /opt/data/bronze/customers
[2026-06-10T04:51:48.907+0000] {subprocess.py:93} INFO - 26/06/10 04:51:48 WARN ResolveWriteToStream: spark.sql.adaptive.enabled is not supported in streaming DataFrames/Datasets and will be disabled.
[2026-06-10T04:51:48.973+0000] {subprocess.py:93} INFO - Starting stream: products -> /opt/data/bronze/products
[2026-06-10T04:51:49.330+0000] {subprocess.py:93} INFO - 26/06/10 04:51:49 WARN AdminClientConfig: These configurations '[key.deserializer, value.deserializer, enable.auto.commit, max.poll.records, auto.offset.reset]' were supplied but are not used yet.
[2026-06-10T04:51:51.529+0000] {subprocess.py:93} INFO - 26/06/10 04:51:51 WARN ResolveWriteToStream: spark.sql.adaptive.enabled is not supported in streaming DataFrames/Datasets and will be disabled.
[2026-06-10T04:51:51.670+0000] {subprocess.py:93} INFO - 26/06/10 04:51:51 WARN AdminClientConfig: These configurations '[key.deserializer, value.deserializer, enable.auto.commit, max.poll.records, auto.offset.reset]' were supplied but are not used yet.
[2026-06-10T04:51:53.728+0000] {subprocess.py:93} INFO - 26/06/10 04:51:53 WARN AdminClientConfig: These configurations '[key.deserializer, value.deserializer, enable.auto.commit, max.poll.records, auto.offset.reset]' were supplied but are not used yet.
[2026-06-10T04:52:46.437+0000] {subprocess.py:97} INFO - Command exited with return code 124
[2026-06-10T04:52:46.440+0000] {taskinstance.py:441} INFO - ::group::Post task execution logs
[2026-06-10T04:52:46.470+0000] {taskinstance.py:2890} ERROR - Task failed with exception
Traceback (most recent call last):
  File "/home/airflow/.local/lib/python3.12/site-packages/airflow/models/taskinstance.py", line 465, in _execute_task
    result = _execute_callable(context=context, **execute_callable_kwargs)
             ^^^^^^^^^^^^^^^^^^^^^^^^^^^^^^^^^^^^^^^^^^^^^^^^^^^^^^^^^^^^^
  File "/home/airflow/.local/lib/python3.12/site-packages/airflow/models/taskinstance.py", line 432, in _execute_callable
    return execute_callable(context=context, **execute_callable_kwargs)
           ^^^^^^^^^^^^^^^^^^^^^^^^^^^^^^^^^^^^^^^^^^^^^^^^^^^^^^^^^^^^
  File "/home/airflow/.local/lib/python3.12/site-packages/airflow/models/baseoperator.py", line 400, in wrapper
    return func(self, *args, **kwargs)
           ^^^^^^^^^^^^^^^^^^^^^^^^^^^
  File "/home/airflow/.local/lib/python3.12/site-packages/airflow/operators/bash.py", line 243, in execute
    raise AirflowException(
airflow.exceptions.AirflowException: Bash command failed. The command returned a non-zero exit code 124.
[2026-06-10T04:52:46.484+0000] {taskinstance.py:1205} INFO - Marking task as UP_FOR_RETRY. dag_id=e-commerce_kafka_streaming_pipeline_v10, task_id=run_bronze, execution_date=20260610T030000, start_date=20260610T045044, end_date=20260610T045246
[2026-06-10T04:52:46.530+0000] {standard_task_runner.py:110} ERROR - Failed to execute job 130 for task run_bronze (Bash command failed. The command returned a non-zero exit code 124.; 6735)
[2026-06-10T04:52:46.590+0000] {local_task_job_runner.py:240} INFO - Task exited with return code 1
[2026-06-10T04:52:46.667+0000] {taskinstance.py:3482} INFO - 0 downstream tasks scheduled from follow-on schedule check
[2026-06-10T04:52:46.670+0000] {local_task_job_runner.py:222} INFO - ::endgroup::
