[2026-07-16T13:02:47.345+0000] {local_task_job_runner.py:120} INFO - ::group::Pre task execution logs
[2026-07-16T13:02:47.402+0000] {taskinstance.py:2073} INFO - Dependencies all met for dep_context=non-requeueable deps ti=<TaskInstance: e-commerce_kafka_streaming_pipeline_v1.run_gold scheduled__2026-07-16T11:00:00+00:00 [queued]>
[2026-07-16T13:02:47.422+0000] {taskinstance.py:2073} INFO - Dependencies all met for dep_context=requeueable deps ti=<TaskInstance: e-commerce_kafka_streaming_pipeline_v1.run_gold scheduled__2026-07-16T11:00:00+00:00 [queued]>
[2026-07-16T13:02:47.423+0000] {taskinstance.py:2303} INFO - Starting attempt 1 of 2
[2026-07-16T13:02:47.447+0000] {taskinstance.py:2327} INFO - Executing <Task(BashOperator): run_gold> on 2026-07-16 11:00:00+00:00
[2026-07-16T13:02:47.459+0000] {standard_task_runner.py:90} INFO - Running: ['***', 'tasks', 'run', 'e-commerce_kafka_streaming_pipeline_v1', 'run_gold', 'scheduled__2026-07-16T11:00:00+00:00', '--job-id', '58', '--raw', '--subdir', 'DAGS_FOLDER/sdp_pipeline_dag.py', '--cfg-path', '/tmp/tmpwxg5zatv']
[2026-07-16T13:02:47.462+0000] {logging_mixin.py:188} WARNING - /home/***/.local/lib/python3.12/site-packages/***/task/task_runner/standard_task_runner.py:61 DeprecationWarning: This process (pid=1984) is multi-threaded, use of fork() may lead to deadlocks in the child.
[2026-07-16T13:02:47.463+0000] {standard_task_runner.py:91} INFO - Job 58: Subtask run_gold
[2026-07-16T13:02:47.464+0000] {standard_task_runner.py:63} INFO - Started process 1985 to run task
[2026-07-16T13:02:47.565+0000] {task_command.py:426} INFO - Running <TaskInstance: e-commerce_kafka_streaming_pipeline_v1.run_gold scheduled__2026-07-16T11:00:00+00:00 [running]> on host da27550080bf
[2026-07-16T13:02:47.734+0000] {taskinstance.py:2644} INFO - Exporting env vars: AIRFLOW_CTX_DAG_OWNER='dev' AIRFLOW_CTX_DAG_ID='e-commerce_kafka_streaming_pipeline_v1' AIRFLOW_CTX_TASK_ID='run_gold' AIRFLOW_CTX_EXECUTION_DATE='2026-07-16T11:00:00+00:00' AIRFLOW_CTX_TRY_NUMBER='1' AIRFLOW_CTX_DAG_RUN_ID='scheduled__2026-07-16T11:00:00+00:00'
[2026-07-16T13:02:47.736+0000] {taskinstance.py:430} INFO - ::endgroup::
[2026-07-16T13:02:47.770+0000] {subprocess.py:63} INFO - Tmp dir root location: /tmp
[2026-07-16T13:02:47.773+0000] {subprocess.py:75} INFO - Running command: ['/usr/bin/bash', '-c', 'docker run --rm --network streaming_kafka_project_sdp-net --volume /d/Streaming_kafka_project/pipelines:/opt/pipelines --volume /d/Streaming_kafka_project/data:/opt/data --volume /d/Streaming_kafka_project/checkpoints:/opt/checkpoints --volume /d/Streaming_kafka_project/jars:/opt/jars apache/spark:3.5.1 /opt/spark/bin/spark-submit --master spark://sdp-spark-master:7077 --executor-cores 1 --executor-memory 512m --total-executor-cores 3 --jars /opt/jars/delta-spark_2.12-3.2.0.jar,/opt/jars/delta-storage-3.2.0.jar,/opt/jars/spark-sql-kafka-0-10_2.12-3.5.1.jar,/opt/jars/kafka-clients-3.4.1.jar,/opt/jars/spark-token-provider-kafka-0-10_2.12-3.5.1.jar,/opt/jars/commons-pool2-2.11.1.jar --conf spark.sql.extensions=io.delta.sql.DeltaSparkSessionExtension --conf spark.sql.catalog.spark_catalog=org.apache.spark.sql.delta.catalog.DeltaCatalog  /opt/pipelines/gold_runner.py']
[2026-07-16T13:02:47.789+0000] {subprocess.py:86} INFO - Output:
[2026-07-16T13:02:51.729+0000] {subprocess.py:93} INFO - 26/07/16 13:02:51 WARN NativeCodeLoader: Unable to load native-hadoop library for your platform... using builtin-java classes where applicable
[2026-07-16T13:02:53.442+0000] {subprocess.py:93} INFO - 26/07/16 13:02:53 INFO SparkContext: Running Spark version 3.5.1
[2026-07-16T13:02:53.444+0000] {subprocess.py:93} INFO - 26/07/16 13:02:53 INFO SparkContext: OS info Linux, 6.18.33.2-microsoft-standard-WSL2, amd64
[2026-07-16T13:02:53.446+0000] {subprocess.py:93} INFO - 26/07/16 13:02:53 INFO SparkContext: Java version 11.0.22
[2026-07-16T13:02:53.518+0000] {subprocess.py:93} INFO - 26/07/16 13:02:53 INFO ResourceUtils: ==============================================================
[2026-07-16T13:02:53.521+0000] {subprocess.py:93} INFO - 26/07/16 13:02:53 INFO ResourceUtils: No custom resources configured for spark.driver.
[2026-07-16T13:02:53.524+0000] {subprocess.py:93} INFO - 26/07/16 13:02:53 INFO ResourceUtils: ==============================================================
[2026-07-16T13:02:53.528+0000] {subprocess.py:93} INFO - 26/07/16 13:02:53 INFO SparkContext: Submitted application: SDP-Gold
[2026-07-16T13:02:53.569+0000] {subprocess.py:93} INFO - 26/07/16 13:02:53 INFO ResourceProfile: Default ResourceProfile created, executor resources: Map(cores -> name: cores, amount: 1, script: , vendor: , memory -> name: memory, amount: 512, script: , vendor: , offHeap -> name: offHeap, amount: 0, script: , vendor: ), task resources: Map(cpus -> name: cpus, amount: 1.0)
[2026-07-16T13:02:53.598+0000] {subprocess.py:93} INFO - 26/07/16 13:02:53 INFO ResourceProfile: Limiting resource is cpus at 1 tasks per executor
[2026-07-16T13:02:53.602+0000] {subprocess.py:93} INFO - 26/07/16 13:02:53 INFO ResourceProfileManager: Added ResourceProfile id: 0
[2026-07-16T13:02:53.715+0000] {subprocess.py:93} INFO - 26/07/16 13:02:53 INFO SecurityManager: Changing view acls to: spark
[2026-07-16T13:02:53.717+0000] {subprocess.py:93} INFO - 26/07/16 13:02:53 INFO SecurityManager: Changing modify acls to: spark
[2026-07-16T13:02:53.719+0000] {subprocess.py:93} INFO - 26/07/16 13:02:53 INFO SecurityManager: Changing view acls groups to:
[2026-07-16T13:02:53.721+0000] {subprocess.py:93} INFO - 26/07/16 13:02:53 INFO SecurityManager: Changing modify acls groups to:
[2026-07-16T13:02:53.722+0000] {subprocess.py:93} INFO - 26/07/16 13:02:53 INFO SecurityManager: SecurityManager: authentication disabled; ui acls disabled; users with view permissions: spark; groups with view permissions: EMPTY; users with modify permissions: spark; groups with modify permissions: EMPTY
[2026-07-16T13:02:54.241+0000] {subprocess.py:93} INFO - 26/07/16 13:02:54 INFO Utils: Successfully started service 'sparkDriver' on port 39307.
[2026-07-16T13:02:54.344+0000] {subprocess.py:93} INFO - 26/07/16 13:02:54 INFO SparkEnv: Registering MapOutputTracker
[2026-07-16T13:02:54.420+0000] {subprocess.py:93} INFO - 26/07/16 13:02:54 INFO SparkEnv: Registering BlockManagerMaster
[2026-07-16T13:02:54.461+0000] {subprocess.py:93} INFO - 26/07/16 13:02:54 INFO BlockManagerMasterEndpoint: Using org.apache.spark.storage.DefaultTopologyMapper for getting topology information
[2026-07-16T13:02:54.464+0000] {subprocess.py:93} INFO - 26/07/16 13:02:54 INFO BlockManagerMasterEndpoint: BlockManagerMasterEndpoint up
[2026-07-16T13:02:54.471+0000] {subprocess.py:93} INFO - 26/07/16 13:02:54 INFO SparkEnv: Registering BlockManagerMasterHeartbeat
[2026-07-16T13:02:54.504+0000] {subprocess.py:93} INFO - 26/07/16 13:02:54 INFO DiskBlockManager: Created local directory at /tmp/blockmgr-dfd5ae13-a63b-4e1b-aa2c-d454463c858e
[2026-07-16T13:02:54.526+0000] {subprocess.py:93} INFO - 26/07/16 13:02:54 INFO MemoryStore: MemoryStore started with capacity 434.4 MiB
[2026-07-16T13:02:54.554+0000] {subprocess.py:93} INFO - 26/07/16 13:02:54 INFO SparkEnv: Registering OutputCommitCoordinator
[2026-07-16T13:02:54.759+0000] {subprocess.py:93} INFO - 26/07/16 13:02:54 INFO JettyUtils: Start Jetty 0.0.0.0:4040 for SparkUI
[2026-07-16T13:02:54.872+0000] {subprocess.py:93} INFO - 26/07/16 13:02:54 INFO Utils: Successfully started service 'SparkUI' on port 4040.
[2026-07-16T13:02:54.928+0000] {subprocess.py:93} INFO - 26/07/16 13:02:54 INFO SparkContext: Added JAR file:///opt/jars/delta-spark_2.12-3.2.0.jar at spark://b281f30fd628:39307/jars/delta-spark_2.12-3.2.0.jar with timestamp 1784206973419
[2026-07-16T13:02:54.929+0000] {subprocess.py:93} INFO - 26/07/16 13:02:54 INFO SparkContext: Added JAR file:///opt/jars/delta-storage-3.2.0.jar at spark://b281f30fd628:39307/jars/delta-storage-3.2.0.jar with timestamp 1784206973419
[2026-07-16T13:02:54.931+0000] {subprocess.py:93} INFO - 26/07/16 13:02:54 INFO SparkContext: Added JAR file:///opt/jars/spark-sql-kafka-0-10_2.12-3.5.1.jar at spark://b281f30fd628:39307/jars/spark-sql-kafka-0-10_2.12-3.5.1.jar with timestamp 1784206973419
[2026-07-16T13:02:54.933+0000] {subprocess.py:93} INFO - 26/07/16 13:02:54 INFO SparkContext: Added JAR file:///opt/jars/kafka-clients-3.4.1.jar at spark://b281f30fd628:39307/jars/kafka-clients-3.4.1.jar with timestamp 1784206973419
[2026-07-16T13:02:54.934+0000] {subprocess.py:93} INFO - 26/07/16 13:02:54 INFO SparkContext: Added JAR file:///opt/jars/spark-token-provider-kafka-0-10_2.12-3.5.1.jar at spark://b281f30fd628:39307/jars/spark-token-provider-kafka-0-10_2.12-3.5.1.jar with timestamp 1784206973419
[2026-07-16T13:02:54.935+0000] {subprocess.py:93} INFO - 26/07/16 13:02:54 INFO SparkContext: Added JAR file:///opt/jars/commons-pool2-2.11.1.jar at spark://b281f30fd628:39307/jars/commons-pool2-2.11.1.jar with timestamp 1784206973419
[2026-07-16T13:02:55.066+0000] {subprocess.py:93} INFO - 26/07/16 13:02:55 INFO StandaloneAppClient$ClientEndpoint: Connecting to master spark://sdp-spark-master:7077...
[2026-07-16T13:02:55.180+0000] {subprocess.py:93} INFO - 26/07/16 13:02:55 INFO TransportClientFactory: Successfully created connection to sdp-spark-master/172.18.0.4:7077 after 76 ms (0 ms spent in bootstraps)
[2026-07-16T13:02:55.349+0000] {subprocess.py:93} INFO - 26/07/16 13:02:55 INFO StandaloneSchedulerBackend: Connected to Spark cluster with app ID app-20260716130255-0025
[2026-07-16T13:02:55.356+0000] {subprocess.py:93} INFO - 26/07/16 13:02:55 INFO StandaloneAppClient$ClientEndpoint: Executor added: app-20260716130255-0025/0 on worker-20260716063602-172.18.0.5-44367 (172.18.0.5:44367) with 1 core(s)
[2026-07-16T13:02:55.364+0000] {subprocess.py:93} INFO - 26/07/16 13:02:55 INFO StandaloneSchedulerBackend: Granted executor ID app-20260716130255-0025/0 on hostPort 172.18.0.5:44367 with 1 core(s), 512.0 MiB RAM
[2026-07-16T13:02:55.368+0000] {subprocess.py:93} INFO - 26/07/16 13:02:55 INFO StandaloneAppClient$ClientEndpoint: Executor added: app-20260716130255-0025/1 on worker-20260716063602-172.18.0.5-44367 (172.18.0.5:44367) with 1 core(s)
[2026-07-16T13:02:55.369+0000] {subprocess.py:93} INFO - 26/07/16 13:02:55 INFO StandaloneSchedulerBackend: Granted executor ID app-20260716130255-0025/1 on hostPort 172.18.0.5:44367 with 1 core(s), 512.0 MiB RAM
[2026-07-16T13:02:55.371+0000] {subprocess.py:93} INFO - 26/07/16 13:02:55 INFO StandaloneAppClient$ClientEndpoint: Executor added: app-20260716130255-0025/2 on worker-20260716063602-172.18.0.6-33249 (172.18.0.6:33249) with 1 core(s)
[2026-07-16T13:02:55.372+0000] {subprocess.py:93} INFO - 26/07/16 13:02:55 INFO StandaloneSchedulerBackend: Granted executor ID app-20260716130255-0025/2 on hostPort 172.18.0.6:33249 with 1 core(s), 512.0 MiB RAM
[2026-07-16T13:02:55.384+0000] {subprocess.py:93} INFO - 26/07/16 13:02:55 INFO Utils: Successfully started service 'org.apache.spark.network.netty.NettyBlockTransferService' on port 38445.
[2026-07-16T13:02:55.386+0000] {subprocess.py:93} INFO - 26/07/16 13:02:55 INFO NettyBlockTransferService: Server created on b281f30fd628:38445
[2026-07-16T13:02:55.395+0000] {subprocess.py:93} INFO - 26/07/16 13:02:55 INFO BlockManager: Using org.apache.spark.storage.RandomBlockReplicationPolicy for block replication policy
[2026-07-16T13:02:55.407+0000] {subprocess.py:93} INFO - 26/07/16 13:02:55 INFO BlockManagerMaster: Registering BlockManager BlockManagerId(driver, b281f30fd628, 38445, None)
[2026-07-16T13:02:55.431+0000] {subprocess.py:93} INFO - 26/07/16 13:02:55 INFO BlockManagerMasterEndpoint: Registering block manager b281f30fd628:38445 with 434.4 MiB RAM, BlockManagerId(driver, b281f30fd628, 38445, None)
[2026-07-16T13:02:55.442+0000] {subprocess.py:93} INFO - 26/07/16 13:02:55 INFO BlockManagerMaster: Registered BlockManager BlockManagerId(driver, b281f30fd628, 38445, None)
[2026-07-16T13:02:55.447+0000] {subprocess.py:93} INFO - 26/07/16 13:02:55 INFO BlockManager: Initialized BlockManager: BlockManagerId(driver, b281f30fd628, 38445, None)
[2026-07-16T13:02:55.489+0000] {subprocess.py:93} INFO - 26/07/16 13:02:55 INFO StandaloneAppClient$ClientEndpoint: Executor updated: app-20260716130255-0025/1 is now RUNNING
[2026-07-16T13:02:55.492+0000] {subprocess.py:93} INFO - 26/07/16 13:02:55 INFO StandaloneAppClient$ClientEndpoint: Executor updated: app-20260716130255-0025/0 is now RUNNING
[2026-07-16T13:02:55.495+0000] {subprocess.py:93} INFO - 26/07/16 13:02:55 INFO StandaloneAppClient$ClientEndpoint: Executor updated: app-20260716130255-0025/2 is now RUNNING
[2026-07-16T13:02:56.095+0000] {subprocess.py:93} INFO - 26/07/16 13:02:56 INFO StandaloneSchedulerBackend: SchedulerBackend is ready for scheduling beginning after reached minRegisteredResourcesRatio: 0.0
[2026-07-16T13:03:20.712+0000] {subprocess.py:93} INFO - 26/07/16 13:03:20 WARN SparkStringUtils: Truncated the string representation of a plan since it was too large. This behavior can be adjusted by setting 'spark.sql.debug.maxToStringFields'.
[2026-07-16T13:04:15.837+0000] {subprocess.py:93} INFO - Gold table written: /opt/data/gold/daily_sales  (4 rows)
[2026-07-16T13:04:41.261+0000] {subprocess.py:93} INFO - Gold table written: /opt/data/gold/product_performance  (10 rows)
[2026-07-16T13:05:15.793+0000] {subprocess.py:93} INFO - Gold table written: /opt/data/gold/customer_orders  (5 rows)
[2026-07-16T13:05:15.800+0000] {subprocess.py:93} INFO - 
[2026-07-16T13:05:15.811+0000] {subprocess.py:93} INFO - Gold pipeline complete.
[2026-07-16T13:05:17.595+0000] {subprocess.py:97} INFO - Command exited with return code 0
[2026-07-16T13:05:17.618+0000] {taskinstance.py:441} INFO - ::group::Post task execution logs
[2026-07-16T13:05:17.735+0000] {taskinstance.py:1205} INFO - Marking task as SUCCESS. dag_id=e-commerce_kafka_streaming_pipeline_v1, task_id=run_gold, execution_date=20260716T110000, start_date=20260716T130247, end_date=20260716T130517
[2026-07-16T13:05:17.849+0000] {local_task_job_runner.py:240} INFO - Task exited with return code 0
[2026-07-16T13:05:18.036+0000] {taskinstance.py:3482} INFO - 1 downstream tasks scheduled from follow-on schedule check
[2026-07-16T13:05:18.049+0000] {local_task_job_runner.py:222} INFO - ::endgroup::
