[2026-07-22T12:00:22.406+0000] {local_task_job_runner.py:120} INFO - ::group::Pre task execution logs
[2026-07-22T12:00:22.509+0000] {taskinstance.py:2073} INFO - Dependencies all met for dep_context=non-requeueable deps ti=<TaskInstance: e-commerce_kafka_streaming_pipeline_v1.run_bronze scheduled__2026-07-22T10:00:00+00:00 [queued]>
[2026-07-22T12:00:22.527+0000] {taskinstance.py:2073} INFO - Dependencies all met for dep_context=requeueable deps ti=<TaskInstance: e-commerce_kafka_streaming_pipeline_v1.run_bronze scheduled__2026-07-22T10:00:00+00:00 [queued]>
[2026-07-22T12:00:22.529+0000] {taskinstance.py:2303} INFO - Starting attempt 1 of 2
[2026-07-22T12:00:22.634+0000] {taskinstance.py:2327} INFO - Executing <Task(BashOperator): run_bronze> on 2026-07-22 10:00:00+00:00
[2026-07-22T12:00:22.651+0000] {standard_task_runner.py:90} INFO - Running: ['***', 'tasks', 'run', 'e-commerce_kafka_streaming_pipeline_v1', 'run_bronze', 'scheduled__2026-07-22T10:00:00+00:00', '--job-id', '366', '--raw', '--subdir', 'DAGS_FOLDER/sdp_pipeline_dag.py', '--cfg-path', '/tmp/tmpas91opam']
[2026-07-22T12:00:22.685+0000] {standard_task_runner.py:91} INFO - Job 366: Subtask run_bronze
[2026-07-22T12:00:22.707+0000] {logging_mixin.py:188} WARNING - /home/***/.local/lib/python3.12/site-packages/***/task/task_runner/standard_task_runner.py:61 DeprecationWarning: This process (pid=18693) is multi-threaded, use of fork() may lead to deadlocks in the child.
[2026-07-22T12:00:22.792+0000] {standard_task_runner.py:63} INFO - Started process 18696 to run task
[2026-07-22T12:00:22.879+0000] {task_command.py:426} INFO - Running <TaskInstance: e-commerce_kafka_streaming_pipeline_v1.run_bronze scheduled__2026-07-22T10:00:00+00:00 [running]> on host da27550080bf
[2026-07-22T12:00:23.114+0000] {taskinstance.py:2644} INFO - Exporting env vars: AIRFLOW_CTX_DAG_OWNER='dev' AIRFLOW_CTX_DAG_ID='e-commerce_kafka_streaming_pipeline_v1' AIRFLOW_CTX_TASK_ID='run_bronze' AIRFLOW_CTX_EXECUTION_DATE='2026-07-22T10:00:00+00:00' AIRFLOW_CTX_TRY_NUMBER='1' AIRFLOW_CTX_DAG_RUN_ID='scheduled__2026-07-22T10:00:00+00:00'
[2026-07-22T12:00:23.121+0000] {taskinstance.py:430} INFO - ::endgroup::
[2026-07-22T12:00:23.168+0000] {subprocess.py:63} INFO - Tmp dir root location: /tmp
[2026-07-22T12:00:23.172+0000] {subprocess.py:75} INFO - Running command: ['/usr/bin/bash', '-c', 'timeout 150s docker run --rm --network streaming_kafka_project_sdp-net --volume /d/Streaming_kafka_project/pipelines:/opt/pipelines --volume /d/Streaming_kafka_project/data:/opt/data --volume /d/Streaming_kafka_project/checkpoints:/opt/checkpoints --volume /d/Streaming_kafka_project/jars:/opt/jars apache/spark:3.5.1 /opt/spark/bin/spark-submit --master spark://sdp-spark-master:7077 --executor-cores 1 --executor-memory 512m --total-executor-cores 3 --jars /opt/jars/delta-spark_2.12-3.2.0.jar,/opt/jars/delta-storage-3.2.0.jar,/opt/jars/spark-sql-kafka-0-10_2.12-3.5.1.jar,/opt/jars/kafka-clients-3.4.1.jar,/opt/jars/spark-token-provider-kafka-0-10_2.12-3.5.1.jar,/opt/jars/commons-pool2-2.11.1.jar --conf spark.sql.extensions=io.delta.sql.DeltaSparkSessionExtension --conf spark.sql.catalog.spark_catalog=org.apache.spark.sql.delta.catalog.DeltaCatalog  /opt/pipelines/bronze_runner.py']
[2026-07-22T12:00:23.205+0000] {subprocess.py:86} INFO - Output:
[2026-07-22T12:00:28.135+0000] {subprocess.py:93} INFO - 26/07/22 12:00:28 WARN NativeCodeLoader: Unable to load native-hadoop library for your platform... using builtin-java classes where applicable
[2026-07-22T12:00:29.715+0000] {subprocess.py:93} INFO - 26/07/22 12:00:29 INFO SparkContext: Running Spark version 3.5.1
[2026-07-22T12:00:29.716+0000] {subprocess.py:93} INFO - 26/07/22 12:00:29 INFO SparkContext: OS info Linux, 6.18.33.2-microsoft-standard-WSL2, amd64
[2026-07-22T12:00:29.717+0000] {subprocess.py:93} INFO - 26/07/22 12:00:29 INFO SparkContext: Java version 11.0.22
[2026-07-22T12:00:29.788+0000] {subprocess.py:93} INFO - 26/07/22 12:00:29 INFO ResourceUtils: ==============================================================
[2026-07-22T12:00:29.797+0000] {subprocess.py:93} INFO - 26/07/22 12:00:29 INFO ResourceUtils: No custom resources configured for spark.driver.
[2026-07-22T12:00:29.800+0000] {subprocess.py:93} INFO - 26/07/22 12:00:29 INFO ResourceUtils: ==============================================================
[2026-07-22T12:00:29.802+0000] {subprocess.py:93} INFO - 26/07/22 12:00:29 INFO SparkContext: Submitted application: SDP-Bronze
[2026-07-22T12:00:29.846+0000] {subprocess.py:93} INFO - 26/07/22 12:00:29 INFO ResourceProfile: Default ResourceProfile created, executor resources: Map(cores -> name: cores, amount: 1, script: , vendor: , memory -> name: memory, amount: 512, script: , vendor: , offHeap -> name: offHeap, amount: 0, script: , vendor: ), task resources: Map(cpus -> name: cpus, amount: 1.0)
[2026-07-22T12:00:29.891+0000] {subprocess.py:93} INFO - 26/07/22 12:00:29 INFO ResourceProfile: Limiting resource is cpus at 1 tasks per executor
[2026-07-22T12:00:29.893+0000] {subprocess.py:93} INFO - 26/07/22 12:00:29 INFO ResourceProfileManager: Added ResourceProfile id: 0
[2026-07-22T12:00:30.052+0000] {subprocess.py:93} INFO - 26/07/22 12:00:30 INFO SecurityManager: Changing view acls to: spark
[2026-07-22T12:00:30.054+0000] {subprocess.py:93} INFO - 26/07/22 12:00:30 INFO SecurityManager: Changing modify acls to: spark
[2026-07-22T12:00:30.056+0000] {subprocess.py:93} INFO - 26/07/22 12:00:30 INFO SecurityManager: Changing view acls groups to:
[2026-07-22T12:00:30.058+0000] {subprocess.py:93} INFO - 26/07/22 12:00:30 INFO SecurityManager: Changing modify acls groups to:
[2026-07-22T12:00:30.064+0000] {subprocess.py:93} INFO - 26/07/22 12:00:30 INFO SecurityManager: SecurityManager: authentication disabled; ui acls disabled; users with view permissions: spark; groups with view permissions: EMPTY; users with modify permissions: spark; groups with modify permissions: EMPTY
[2026-07-22T12:00:30.925+0000] {subprocess.py:93} INFO - 26/07/22 12:00:30 INFO Utils: Successfully started service 'sparkDriver' on port 43613.
[2026-07-22T12:00:31.026+0000] {subprocess.py:93} INFO - 26/07/22 12:00:31 INFO SparkEnv: Registering MapOutputTracker
[2026-07-22T12:00:31.128+0000] {subprocess.py:93} INFO - 26/07/22 12:00:31 INFO SparkEnv: Registering BlockManagerMaster
[2026-07-22T12:00:31.160+0000] {subprocess.py:93} INFO - 26/07/22 12:00:31 INFO BlockManagerMasterEndpoint: Using org.apache.spark.storage.DefaultTopologyMapper for getting topology information
[2026-07-22T12:00:31.164+0000] {subprocess.py:93} INFO - 26/07/22 12:00:31 INFO BlockManagerMasterEndpoint: BlockManagerMasterEndpoint up
[2026-07-22T12:00:31.169+0000] {subprocess.py:93} INFO - 26/07/22 12:00:31 INFO SparkEnv: Registering BlockManagerMasterHeartbeat
[2026-07-22T12:00:31.214+0000] {subprocess.py:93} INFO - 26/07/22 12:00:31 INFO DiskBlockManager: Created local directory at /tmp/blockmgr-60ed594e-7a4a-4765-aa89-e2f865737131
[2026-07-22T12:00:31.238+0000] {subprocess.py:93} INFO - 26/07/22 12:00:31 INFO MemoryStore: MemoryStore started with capacity 434.4 MiB
[2026-07-22T12:00:31.270+0000] {subprocess.py:93} INFO - 26/07/22 12:00:31 INFO SparkEnv: Registering OutputCommitCoordinator
[2026-07-22T12:00:31.643+0000] {subprocess.py:93} INFO - 26/07/22 12:00:31 INFO JettyUtils: Start Jetty 0.0.0.0:4040 for SparkUI
[2026-07-22T12:00:31.794+0000] {subprocess.py:93} INFO - 26/07/22 12:00:31 INFO Utils: Successfully started service 'SparkUI' on port 4040.
[2026-07-22T12:00:31.878+0000] {subprocess.py:93} INFO - 26/07/22 12:00:31 INFO SparkContext: Added JAR file:///opt/jars/delta-spark_2.12-3.2.0.jar at spark://8aa8a036eea9:43613/jars/delta-spark_2.12-3.2.0.jar with timestamp 1784721629698
[2026-07-22T12:00:31.880+0000] {subprocess.py:93} INFO - 26/07/22 12:00:31 INFO SparkContext: Added JAR file:///opt/jars/delta-storage-3.2.0.jar at spark://8aa8a036eea9:43613/jars/delta-storage-3.2.0.jar with timestamp 1784721629698
[2026-07-22T12:00:31.882+0000] {subprocess.py:93} INFO - 26/07/22 12:00:31 INFO SparkContext: Added JAR file:///opt/jars/spark-sql-kafka-0-10_2.12-3.5.1.jar at spark://8aa8a036eea9:43613/jars/spark-sql-kafka-0-10_2.12-3.5.1.jar with timestamp 1784721629698
[2026-07-22T12:00:31.886+0000] {subprocess.py:93} INFO - 26/07/22 12:00:31 INFO SparkContext: Added JAR file:///opt/jars/kafka-clients-3.4.1.jar at spark://8aa8a036eea9:43613/jars/kafka-clients-3.4.1.jar with timestamp 1784721629698
[2026-07-22T12:00:31.887+0000] {subprocess.py:93} INFO - 26/07/22 12:00:31 INFO SparkContext: Added JAR file:///opt/jars/spark-token-provider-kafka-0-10_2.12-3.5.1.jar at spark://8aa8a036eea9:43613/jars/spark-token-provider-kafka-0-10_2.12-3.5.1.jar with timestamp 1784721629698
[2026-07-22T12:00:31.888+0000] {subprocess.py:93} INFO - 26/07/22 12:00:31 INFO SparkContext: Added JAR file:///opt/jars/commons-pool2-2.11.1.jar at spark://8aa8a036eea9:43613/jars/commons-pool2-2.11.1.jar with timestamp 1784721629698
[2026-07-22T12:00:32.070+0000] {subprocess.py:93} INFO - 26/07/22 12:00:32 INFO StandaloneAppClient$ClientEndpoint: Connecting to master spark://sdp-spark-master:7077...
[2026-07-22T12:00:32.202+0000] {subprocess.py:93} INFO - 26/07/22 12:00:32 INFO TransportClientFactory: Successfully created connection to sdp-spark-master/172.18.0.4:7077 after 80 ms (0 ms spent in bootstraps)
[2026-07-22T12:00:32.495+0000] {subprocess.py:93} INFO - 26/07/22 12:00:32 INFO StandaloneSchedulerBackend: Connected to Spark cluster with app ID app-20260722120032-0171
[2026-07-22T12:00:32.526+0000] {subprocess.py:93} INFO - 26/07/22 12:00:32 INFO StandaloneAppClient$ClientEndpoint: Executor added: app-20260722120032-0171/0 on worker-20260716063602-172.18.0.5-44367 (172.18.0.5:44367) with 1 core(s)
[2026-07-22T12:00:32.534+0000] {subprocess.py:93} INFO - 26/07/22 12:00:32 INFO StandaloneSchedulerBackend: Granted executor ID app-20260722120032-0171/0 on hostPort 172.18.0.5:44367 with 1 core(s), 512.0 MiB RAM
[2026-07-22T12:00:32.536+0000] {subprocess.py:93} INFO - 26/07/22 12:00:32 INFO StandaloneAppClient$ClientEndpoint: Executor added: app-20260722120032-0171/1 on worker-20260716063602-172.18.0.6-33249 (172.18.0.6:33249) with 1 core(s)
[2026-07-22T12:00:32.537+0000] {subprocess.py:93} INFO - 26/07/22 12:00:32 INFO StandaloneSchedulerBackend: Granted executor ID app-20260722120032-0171/1 on hostPort 172.18.0.6:33249 with 1 core(s), 512.0 MiB RAM
[2026-07-22T12:00:32.538+0000] {subprocess.py:93} INFO - 26/07/22 12:00:32 INFO Utils: Successfully started service 'org.apache.spark.network.netty.NettyBlockTransferService' on port 41827.
[2026-07-22T12:00:32.539+0000] {subprocess.py:93} INFO - 26/07/22 12:00:32 INFO NettyBlockTransferService: Server created on 8aa8a036eea9:41827
[2026-07-22T12:00:32.543+0000] {subprocess.py:93} INFO - 26/07/22 12:00:32 INFO BlockManager: Using org.apache.spark.storage.RandomBlockReplicationPolicy for block replication policy
[2026-07-22T12:00:32.555+0000] {subprocess.py:93} INFO - 26/07/22 12:00:32 INFO BlockManagerMaster: Registering BlockManager BlockManagerId(driver, 8aa8a036eea9, 41827, None)
[2026-07-22T12:00:32.564+0000] {subprocess.py:93} INFO - 26/07/22 12:00:32 INFO BlockManagerMasterEndpoint: Registering block manager 8aa8a036eea9:41827 with 434.4 MiB RAM, BlockManagerId(driver, 8aa8a036eea9, 41827, None)
[2026-07-22T12:00:32.569+0000] {subprocess.py:93} INFO - 26/07/22 12:00:32 INFO BlockManagerMaster: Registered BlockManager BlockManagerId(driver, 8aa8a036eea9, 41827, None)
[2026-07-22T12:00:32.573+0000] {subprocess.py:93} INFO - 26/07/22 12:00:32 INFO BlockManager: Initialized BlockManager: BlockManagerId(driver, 8aa8a036eea9, 41827, None)
[2026-07-22T12:00:32.890+0000] {subprocess.py:93} INFO - 26/07/22 12:00:32 INFO StandaloneAppClient$ClientEndpoint: Executor updated: app-20260722120032-0171/1 is now RUNNING
[2026-07-22T12:00:33.566+0000] {subprocess.py:93} INFO - 26/07/22 12:00:33 INFO StandaloneAppClient$ClientEndpoint: Executor updated: app-20260722120032-0171/0 is now RUNNING
[2026-07-22T12:00:33.640+0000] {subprocess.py:93} INFO - 26/07/22 12:00:33 INFO StandaloneSchedulerBackend: SchedulerBackend is ready for scheduling beginning after reached minRegisteredResourcesRatio: 0.0
[2026-07-22T12:00:34.333+0000] {subprocess.py:93} INFO - Starting stream: orders -> /opt/data/bronze/orders
[2026-07-22T12:01:57.778+0000] {job.py:218} ERROR - Job heartbeat got an exception
Traceback (most recent call last):
  File "/home/airflow/.local/lib/python3.12/site-packages/sqlalchemy/engine/base.py", line 3371, in _wrap_pool_connect
    return fn()
           ^^^^
  File "/home/airflow/.local/lib/python3.12/site-packages/sqlalchemy/pool/base.py", line 327, in connect
    return _ConnectionFairy._checkout(self)
           ^^^^^^^^^^^^^^^^^^^^^^^^^^^^^^^^
  File "/home/airflow/.local/lib/python3.12/site-packages/sqlalchemy/pool/base.py", line 894, in _checkout
    fairy = _ConnectionRecord.checkout(pool)
            ^^^^^^^^^^^^^^^^^^^^^^^^^^^^^^^^
  File "/home/airflow/.local/lib/python3.12/site-packages/sqlalchemy/pool/base.py", line 493, in checkout
    rec = pool._do_get()
          ^^^^^^^^^^^^^^
  File "/home/airflow/.local/lib/python3.12/site-packages/sqlalchemy/pool/impl.py", line 256, in _do_get
    return self._create_connection()
           ^^^^^^^^^^^^^^^^^^^^^^^^^
  File "/home/airflow/.local/lib/python3.12/site-packages/sqlalchemy/pool/base.py", line 273, in _create_connection
    return _ConnectionRecord(self)
           ^^^^^^^^^^^^^^^^^^^^^^^
  File "/home/airflow/.local/lib/python3.12/site-packages/sqlalchemy/pool/base.py", line 388, in __init__
    self.__connect()
  File "/home/airflow/.local/lib/python3.12/site-packages/sqlalchemy/pool/base.py", line 690, in __connect
    with util.safe_reraise():
  File "/home/airflow/.local/lib/python3.12/site-packages/sqlalchemy/util/langhelpers.py", line 70, in __exit__
    compat.raise_(
  File "/home/airflow/.local/lib/python3.12/site-packages/sqlalchemy/util/compat.py", line 211, in raise_
    raise exception
  File "/home/airflow/.local/lib/python3.12/site-packages/sqlalchemy/pool/base.py", line 686, in __connect
    self.dbapi_connection = connection = pool._invoke_creator(self)
                                         ^^^^^^^^^^^^^^^^^^^^^^^^^^
  File "/home/airflow/.local/lib/python3.12/site-packages/sqlalchemy/engine/create.py", line 574, in connect
    return dialect.connect(*cargs, **cparams)
           ^^^^^^^^^^^^^^^^^^^^^^^^^^^^^^^^^^
  File "/home/airflow/.local/lib/python3.12/site-packages/sqlalchemy/engine/default.py", line 598, in connect
    return self.dbapi.connect(*cargs, **cparams)
           ^^^^^^^^^^^^^^^^^^^^^^^^^^^^^^^^^^^^^
  File "/home/airflow/.local/lib/python3.12/site-packages/psycopg2/__init__.py", line 122, in connect
    conn = _connect(dsn, connection_factory=connection_factory, **kwasync)
           ^^^^^^^^^^^^^^^^^^^^^^^^^^^^^^^^^^^^^^^^^^^^^^^^^^^^^^^^^^^^^^^
psycopg2.OperationalError: could not translate host name "postgres" to address: Temporary failure in name resolution


The above exception was the direct cause of the following exception:

Traceback (most recent call last):
  File "/home/airflow/.local/lib/python3.12/site-packages/airflow/jobs/job.py", line 192, in heartbeat
    self._merge_from(Job._fetch_from_db(self, session))
                     ^^^^^^^^^^^^^^^^^^^^^^^^^^^^^^^^^
  File "/home/airflow/.local/lib/python3.12/site-packages/airflow/api_internal/internal_api_call.py", line 115, in wrapper
    return func(*args, **kwargs)
           ^^^^^^^^^^^^^^^^^^^^^
  File "/home/airflow/.local/lib/python3.12/site-packages/airflow/utils/session.py", line 76, in wrapper
    return func(*args, **kwargs)
           ^^^^^^^^^^^^^^^^^^^^^
  File "/home/airflow/.local/lib/python3.12/site-packages/airflow/utils/retries.py", line 89, in wrapped_function
    for attempt in run_with_db_retries(max_retries=retries, logger=logger, **retry_kwargs):
  File "/home/airflow/.local/lib/python3.12/site-packages/tenacity/__init__.py", line 347, in __iter__
    do = self.iter(retry_state=retry_state)
         ^^^^^^^^^^^^^^^^^^^^^^^^^^^^^^^^^^
  File "/home/airflow/.local/lib/python3.12/site-packages/tenacity/__init__.py", line 325, in iter
    raise retry_exc.reraise()
          ^^^^^^^^^^^^^^^^^^^
  File "/home/airflow/.local/lib/python3.12/site-packages/tenacity/__init__.py", line 158, in reraise
    raise self.last_attempt.result()
          ^^^^^^^^^^^^^^^^^^^^^^^^^^
  File "/usr/local/lib/python3.12/concurrent/futures/_base.py", line 449, in result
    return self.__get_result()
           ^^^^^^^^^^^^^^^^^^^
  File "/usr/local/lib/python3.12/concurrent/futures/_base.py", line 401, in __get_result
    raise self._exception
  File "/home/airflow/.local/lib/python3.12/site-packages/airflow/utils/retries.py", line 98, in wrapped_function
    return func(*args, **kwargs)
           ^^^^^^^^^^^^^^^^^^^^^
  File "/home/airflow/.local/lib/python3.12/site-packages/airflow/jobs/job.py", line 316, in _fetch_from_db
    session.merge(job)
  File "/home/airflow/.local/lib/python3.12/site-packages/sqlalchemy/orm/session.py", line 3056, in merge
    return self._merge(
           ^^^^^^^^^^^^
  File "/home/airflow/.local/lib/python3.12/site-packages/sqlalchemy/orm/session.py", line 3136, in _merge
    merged = self.get(
             ^^^^^^^^^
  File "/home/airflow/.local/lib/python3.12/site-packages/sqlalchemy/orm/session.py", line 2853, in get
    return self._get_impl(
           ^^^^^^^^^^^^^^^
  File "/home/airflow/.local/lib/python3.12/site-packages/sqlalchemy/orm/session.py", line 2975, in _get_impl
    return db_load_fn(
           ^^^^^^^^^^^
  File "/home/airflow/.local/lib/python3.12/site-packages/sqlalchemy/orm/loading.py", line 530, in load_on_pk_identity
    session.execute(
  File "/home/airflow/.local/lib/python3.12/site-packages/sqlalchemy/orm/session.py", line 1716, in execute
    conn = self._connection_for_bind(bind)
           ^^^^^^^^^^^^^^^^^^^^^^^^^^^^^^^
  File "/home/airflow/.local/lib/python3.12/site-packages/sqlalchemy/orm/session.py", line 1555, in _connection_for_bind
    return self._transaction._connection_for_bind(
           ^^^^^^^^^^^^^^^^^^^^^^^^^^^^^^^^^^^^^^^
  File "/home/airflow/.local/lib/python3.12/site-packages/sqlalchemy/orm/session.py", line 750, in _connection_for_bind
    conn = bind.connect()
           ^^^^^^^^^^^^^^
  File "/home/airflow/.local/lib/python3.12/site-packages/sqlalchemy/future/engine.py", line 412, in connect
    return super(Engine, self).connect()
           ^^^^^^^^^^^^^^^^^^^^^^^^^^^^^
  File "/home/airflow/.local/lib/python3.12/site-packages/sqlalchemy/engine/base.py", line 3325, in connect
    return self._connection_cls(self, close_with_result=close_with_result)
           ^^^^^^^^^^^^^^^^^^^^^^^^^^^^^^^^^^^^^^^^^^^^^^^^^^^^^^^^^^^^^^^
  File "/home/airflow/.local/lib/python3.12/site-packages/sqlalchemy/engine/base.py", line 96, in __init__
    else engine.raw_connection()
         ^^^^^^^^^^^^^^^^^^^^^^^
  File "/home/airflow/.local/lib/python3.12/site-packages/sqlalchemy/engine/base.py", line 3404, in raw_connection
    return self._wrap_pool_connect(self.pool.connect, _connection)
           ^^^^^^^^^^^^^^^^^^^^^^^^^^^^^^^^^^^^^^^^^^^^^^^^^^^^^^^
  File "/home/airflow/.local/lib/python3.12/site-packages/sqlalchemy/engine/base.py", line 3374, in _wrap_pool_connect
    Connection._handle_dbapi_exception_noconnection(
  File "/home/airflow/.local/lib/python3.12/site-packages/sqlalchemy/engine/base.py", line 2208, in _handle_dbapi_exception_noconnection
    util.raise_(
  File "/home/airflow/.local/lib/python3.12/site-packages/sqlalchemy/util/compat.py", line 211, in raise_
    raise exception
  File "/home/airflow/.local/lib/python3.12/site-packages/sqlalchemy/engine/base.py", line 3371, in _wrap_pool_connect
    return fn()
           ^^^^
  File "/home/airflow/.local/lib/python3.12/site-packages/sqlalchemy/pool/base.py", line 327, in connect
    return _ConnectionFairy._checkout(self)
           ^^^^^^^^^^^^^^^^^^^^^^^^^^^^^^^^
  File "/home/airflow/.local/lib/python3.12/site-packages/sqlalchemy/pool/base.py", line 894, in _checkout
    fairy = _ConnectionRecord.checkout(pool)
            ^^^^^^^^^^^^^^^^^^^^^^^^^^^^^^^^
  File "/home/airflow/.local/lib/python3.12/site-packages/sqlalchemy/pool/base.py", line 493, in checkout
    rec = pool._do_get()
          ^^^^^^^^^^^^^^
  File "/home/airflow/.local/lib/python3.12/site-packages/sqlalchemy/pool/impl.py", line 256, in _do_get
    return self._create_connection()
           ^^^^^^^^^^^^^^^^^^^^^^^^^
  File "/home/airflow/.local/lib/python3.12/site-packages/sqlalchemy/pool/base.py", line 273, in _create_connection
    return _ConnectionRecord(self)
           ^^^^^^^^^^^^^^^^^^^^^^^
  File "/home/airflow/.local/lib/python3.12/site-packages/sqlalchemy/pool/base.py", line 388, in __init__
    self.__connect()
  File "/home/airflow/.local/lib/python3.12/site-packages/sqlalchemy/pool/base.py", line 690, in __connect
    with util.safe_reraise():
  File "/home/airflow/.local/lib/python3.12/site-packages/sqlalchemy/util/langhelpers.py", line 70, in __exit__
    compat.raise_(
  File "/home/airflow/.local/lib/python3.12/site-packages/sqlalchemy/util/compat.py", line 211, in raise_
    raise exception
  File "/home/airflow/.local/lib/python3.12/site-packages/sqlalchemy/pool/base.py", line 686, in __connect
    self.dbapi_connection = connection = pool._invoke_creator(self)
                                         ^^^^^^^^^^^^^^^^^^^^^^^^^^
  File "/home/airflow/.local/lib/python3.12/site-packages/sqlalchemy/engine/create.py", line 574, in connect
    return dialect.connect(*cargs, **cparams)
           ^^^^^^^^^^^^^^^^^^^^^^^^^^^^^^^^^^
  File "/home/airflow/.local/lib/python3.12/site-packages/sqlalchemy/engine/default.py", line 598, in connect
    return self.dbapi.connect(*cargs, **cparams)
           ^^^^^^^^^^^^^^^^^^^^^^^^^^^^^^^^^^^^^
  File "/home/airflow/.local/lib/python3.12/site-packages/psycopg2/__init__.py", line 122, in connect
    conn = _connect(dsn, connection_factory=connection_factory, **kwasync)
           ^^^^^^^^^^^^^^^^^^^^^^^^^^^^^^^^^^^^^^^^^^^^^^^^^^^^^^^^^^^^^^^
sqlalchemy.exc.OperationalError: (psycopg2.OperationalError) could not translate host name "postgres" to address: Temporary failure in name resolution

(Background on this error at: https://sqlalche.me/e/14/e3q8)
[2026-07-22T12:01:58.229+0000] {job.py:226} ERROR - Job heartbeat failed with error. Scheduler is in unhealthy state
[2026-07-22T12:02:55.023+0000] {job.py:226} ERROR - Job heartbeat failed with error. Scheduler is in unhealthy state
[2026-07-22T12:03:53.926+0000] {job.py:226} ERROR - Job heartbeat failed with error. Scheduler is in unhealthy state
[2026-07-22T12:04:59.582+0000] {job.py:226} ERROR - Job heartbeat failed with error. Scheduler is in unhealthy state
[2026-07-22T14:37:26.063+0000] {local_task_job_runner.py:214} ERROR - Heartbeat time limit exceeded!
[2026-07-22T14:37:38.060+0000] {local_task_job_runner.py:222} INFO - ::endgroup::
[2026-07-22T14:37:44.667+0000] {process_utils.py:132} INFO - Sending 15 to group 18696. PIDs of all processes in the group: [18720, 18721, 18696]
[2026-07-22T14:37:44.931+0000] {process_utils.py:87} INFO - Sending the signal 15 to group 18696
[2026-07-22T14:37:45.735+0000] {taskinstance.py:2607} ERROR - Received SIGTERM. Terminating subprocesses.
[2026-07-22T14:37:46.466+0000] {subprocess.py:104} INFO - Sending SIGTERM signal to process group
[2026-07-22T14:37:47.612+0000] {taskinstance.py:441} INFO - ::group::Post task execution logs
[2026-07-22T14:37:51.398+0000] {process_utils.py:80} INFO - Process psutil.Process(pid=18721, status='terminated', started='12:00:22') (18721) terminated with exit code None
[2026-07-22T14:37:51.674+0000] {taskinstance.py:2890} ERROR - Task failed with exception
Traceback (most recent call last):
  File "/home/airflow/.local/lib/python3.12/site-packages/airflow/models/taskinstance.py", line 465, in _execute_task
    result = _execute_callable(context=context, **execute_callable_kwargs)
             ^^^^^^^^^^^^^^^^^^^^^^^^^^^^^^^^^^^^^^^^^^^^^^^^^^^^^^^^^^^^^
  File "/home/airflow/.local/lib/python3.12/site-packages/airflow/models/taskinstance.py", line 432, in _execute_callable
    return execute_callable(context=context, **execute_callable_kwargs)
           ^^^^^^^^^^^^^^^^^^^^^^^^^^^^^^^^^^^^^^^^^^^^^^^^^^^^^^^^^^^^
  File "/home/airflow/.local/lib/python3.12/site-packages/airflow/models/baseoperator.py", line 400, in wrapper
    return func(self, *args, **kwargs)
           ^^^^^^^^^^^^^^^^^^^^^^^^^^^
  File "/home/airflow/.local/lib/python3.12/site-packages/airflow/operators/bash.py", line 234, in execute
    result = self.subprocess_hook.run_command(
             ^^^^^^^^^^^^^^^^^^^^^^^^^^^^^^^^^
  File "/home/airflow/.local/lib/python3.12/site-packages/airflow/hooks/subprocess.py", line 91, in run_command
    for raw_line in iter(self.sub_process.stdout.readline, b""):
  File "/home/airflow/.local/lib/python3.12/site-packages/airflow/models/taskinstance.py", line 2609, in signal_handler
    raise AirflowTaskTerminated("Task received SIGTERM signal")
airflow.exceptions.AirflowTaskTerminated: Task received SIGTERM signal
[2026-07-22T14:37:52.319+0000] {taskinstance.py:1205} INFO - Marking task as UP_FOR_RETRY. dag_id=e-commerce_kafka_streaming_pipeline_v1, task_id=run_bronze, execution_date=20260722T100000, start_date=20260722T120022, end_date=20260722T143752
[2026-07-22T14:37:53.002+0000] {process_utils.py:80} INFO - Process psutil.Process(pid=18720, status='terminated', started='12:00:22') (18720) terminated with exit code None
[2026-07-22T14:37:53.050+0000] {process_utils.py:80} INFO - Process psutil.Process(pid=18696, status='terminated', exitcode=2, started='12:00:21') (18696) terminated with exit code 2
