[2026-07-16T08:41:28.346+0000] {local_task_job_runner.py:120} INFO - ::group::Pre task execution logs
[2026-07-16T08:41:28.404+0000] {taskinstance.py:2073} INFO - Dependencies all met for dep_context=non-requeueable deps ti=<TaskInstance: e-commerce_kafka_streaming_pipeline_v1.produce_messages scheduled__2026-07-16T07:00:00+00:00 [queued]>
[2026-07-16T08:41:28.416+0000] {taskinstance.py:2073} INFO - Dependencies all met for dep_context=requeueable deps ti=<TaskInstance: e-commerce_kafka_streaming_pipeline_v1.produce_messages scheduled__2026-07-16T07:00:00+00:00 [queued]>
[2026-07-16T08:41:28.418+0000] {taskinstance.py:2303} INFO - Starting attempt 2 of 3
[2026-07-16T08:41:28.435+0000] {taskinstance.py:2327} INFO - Executing <Task(BashOperator): produce_messages> on 2026-07-16 07:00:00+00:00
[2026-07-16T08:41:28.446+0000] {standard_task_runner.py:90} INFO - Running: ['***', 'tasks', 'run', 'e-commerce_kafka_streaming_pipeline_v1', 'produce_messages', 'scheduled__2026-07-16T07:00:00+00:00', '--job-id', '12', '--raw', '--subdir', 'DAGS_FOLDER/sdp_pipeline_dag.py', '--cfg-path', '/tmp/tmpqa7q_6iw']
[2026-07-16T08:41:28.450+0000] {logging_mixin.py:188} WARNING - /home/***/.local/lib/python3.12/site-packages/***/task/task_runner/standard_task_runner.py:61 DeprecationWarning: This process (pid=452) is multi-threaded, use of fork() may lead to deadlocks in the child.
[2026-07-16T08:41:28.451+0000] {standard_task_runner.py:91} INFO - Job 12: Subtask produce_messages
[2026-07-16T08:41:28.452+0000] {standard_task_runner.py:63} INFO - Started process 453 to run task
[2026-07-16T08:41:28.546+0000] {task_command.py:426} INFO - Running <TaskInstance: e-commerce_kafka_streaming_pipeline_v1.produce_messages scheduled__2026-07-16T07:00:00+00:00 [running]> on host da27550080bf
[2026-07-16T08:41:28.676+0000] {taskinstance.py:2644} INFO - Exporting env vars: AIRFLOW_CTX_DAG_OWNER='dev' AIRFLOW_CTX_DAG_ID='e-commerce_kafka_streaming_pipeline_v1' AIRFLOW_CTX_TASK_ID='produce_messages' AIRFLOW_CTX_EXECUTION_DATE='2026-07-16T07:00:00+00:00' AIRFLOW_CTX_TRY_NUMBER='2' AIRFLOW_CTX_DAG_RUN_ID='scheduled__2026-07-16T07:00:00+00:00'
[2026-07-16T08:41:28.678+0000] {taskinstance.py:430} INFO - ::endgroup::
[2026-07-16T08:41:28.702+0000] {subprocess.py:63} INFO - Tmp dir root location: /tmp
[2026-07-16T08:41:28.705+0000] {subprocess.py:75} INFO - Running command: ['/usr/bin/bash', '-c', 'python3 /opt/pipelines/api_to_kafka.py']
[2026-07-16T08:41:28.723+0000] {subprocess.py:86} INFO - Output:
[2026-07-16T08:41:33.544+0000] {subprocess.py:93} INFO - Published 7 records to topic 'orders'
[2026-07-16T08:41:33.546+0000] {subprocess.py:93} INFO - Published 10 records to topic 'customers'
[2026-07-16T08:41:33.547+0000] {subprocess.py:93} INFO - Published 20 records to topic 'products'
[2026-07-16T08:41:33.743+0000] {subprocess.py:97} INFO - Command exited with return code 0
[2026-07-16T08:41:33.749+0000] {taskinstance.py:441} INFO - ::group::Post task execution logs
[2026-07-16T08:41:33.796+0000] {taskinstance.py:1205} INFO - Marking task as SUCCESS. dag_id=e-commerce_kafka_streaming_pipeline_v1, task_id=produce_messages, execution_date=20260716T070000, start_date=20260716T084128, end_date=20260716T084133
[2026-07-16T08:41:33.881+0000] {local_task_job_runner.py:240} INFO - Task exited with return code 0
[2026-07-16T08:41:33.935+0000] {taskinstance.py:3482} INFO - 1 downstream tasks scheduled from follow-on schedule check
[2026-07-16T08:41:33.940+0000] {local_task_job_runner.py:222} INFO - ::endgroup::
